[INFO] Auditing path $.affinity
[INFO] Auditing path $.annotations
[INFO] Auditing path $.command
[INFO] Auditing path $.containerSecurityContext
[INFO] Auditing path $.deploymentAnnotations
[INFO] Auditing path $.deploymentLabels
[INFO] Auditing path $.env
[INFO] Auditing path $.extraArgs[*]
[INFO] Auditing path $.extraArgs
[INFO] Auditing path $.extraManifests
[INFO] Auditing path $.global.imagePullSecrets
[INFO] Auditing path $.global
[INFO] Auditing path $.hostAliases
[INFO] Auditing path $.image.pullPolicy
[INFO] Auditing path $.image.repository
[INFO] Auditing path $.image.tag
[INFO] Auditing path $.image
[INFO] Auditing path $.imagePullSecrets
[INFO] Auditing path $.kafkaBrokerVersion
[INFO] Auditing path $.kafkaLabels
[INFO] Auditing path $.kafkaServer[*]
[INFO] Auditing path $.kafkaServer
[INFO] Auditing path $.liveness.enabled
[INFO] Auditing path $.liveness.probe
[INFO] Auditing path $.liveness.probe.httpGet
[INFO] Auditing path $.liveness.probe.httpGet.path
[INFO] Auditing path $.liveness.probe.httpGet.port
[INFO] Auditing path $.liveness
[INFO] Auditing path $.nodeSelector
[INFO] Auditing path $.podLabels
[INFO] Auditing path $.prometheus.serviceMonitor
[INFO] Auditing path $.prometheus.serviceMonitor.additionalLabels
[INFO] Auditing path $.prometheus.serviceMonitor.apiVersion
[INFO] Auditing path $.prometheus.serviceMonitor.enabled
[INFO] Auditing path $.prometheus.serviceMonitor.interval
[INFO] Auditing path $.prometheus.serviceMonitor.metricRelabelings
[INFO] Auditing path $.prometheus.serviceMonitor.namespace
[INFO] Auditing path $.prometheus.serviceMonitor.relabelings
[INFO] Auditing path $.prometheus.serviceMonitor.scrapeTimeout
[INFO] Auditing path $.prometheus.serviceMonitor.targetLabels
[INFO] Auditing path $.prometheus.serviceMonitor.targetLabels[*]
[INFO] Auditing path $.prometheus
[INFO] Auditing path $.rbac.create
[INFO] Auditing path $.rbac
[INFO] Auditing path $.readiness.enabled
[INFO] Auditing path $.readiness.probe
[INFO] Auditing path $.readiness.probe.httpGet
[INFO] Auditing path $.readiness.probe.httpGet.path
[INFO] Auditing path $.readiness.probe.httpGet.port
[INFO] Auditing path $.readiness
[INFO] Auditing path $.replicaCount
[INFO] Auditing path $.resources
[INFO] Auditing path $.sarama.logEnabled
[INFO] Auditing path $.sarama
[INFO] Auditing path $.sasl.awsiam
[INFO] Auditing path $.sasl.awsiam.awsRegion
[INFO] Auditing path $.sasl.awsiam.enabled
[INFO] Auditing path $.sasl.awsiam.mechanism
[INFO] Auditing path $.sasl.enabled
[INFO] Auditing path $.sasl.handshake
[INFO] Auditing path $.sasl.kerberos
[INFO] Auditing path $.sasl.kerberos.enabled
[INFO] Auditing path $.sasl.kerberos.kerberosAuthType
[INFO] Auditing path $.sasl.kerberos.mountPath
[INFO] Auditing path $.sasl.kerberos.realm
[INFO] Auditing path $.sasl.kerberos.secretName
[INFO] Auditing path $.sasl.kerberos.serviceName
[INFO] Auditing path $.sasl.scram
[INFO] Auditing path $.sasl.scram.enabled
[INFO] Auditing path $.sasl.scram.mechanism
[INFO] Auditing path $.sasl.scram.password
[INFO] Auditing path $.sasl.scram.secretName
[INFO] Auditing path $.sasl.scram.username
[INFO] Auditing path $.sasl
[INFO] Auditing path $.securityContext
[INFO] Auditing path $.server.tls
[INFO] Auditing path $.server.tls.caFile
[INFO] Auditing path $.server.tls.certFile
[INFO] Auditing path $.server.tls.enabled
[INFO] Auditing path $.server.tls.keyFile
[INFO] Auditing path $.server.tls.mountPath
[INFO] Auditing path $.server.tls.mutualAuthEnabled
[INFO] Auditing path $.server.tls.secretName
[INFO] Auditing path $.server
[INFO] Auditing path $.service.annotations
[INFO] Auditing path $.service.labels
[INFO] Auditing path $.service.loadBalancerIP
[INFO] Auditing path $.service.nodePort
[INFO] Auditing path $.service.port
[INFO] Auditing path $.service.type
[INFO] Auditing path $.service
[INFO] Auditing path $.serviceAccount.annotations
[INFO] Auditing path $.serviceAccount.create
[INFO] Auditing path $.serviceAccount.name
[INFO] Auditing path $.serviceAccount
[INFO] Auditing path $.startup.enabled
[INFO] Auditing path $.startup.probe
[INFO] Auditing path $.startup.probe.httpGet
[INFO] Auditing path $.startup.probe.httpGet.path
[INFO] Auditing path $.startup.probe.httpGet.port
[INFO] Auditing path $.startup
[INFO] Auditing path $.tls.caFile
[INFO] Auditing path $.tls.certFile
[INFO] Auditing path $.tls.enabled
[INFO] Auditing path $.tls.insecureSkipVerify
[INFO] Auditing path $.tls.keyFile
[INFO] Auditing path $.tls.mountPath
[INFO] Auditing path $.tls.secretName
[INFO] Auditing path $.tls.serverName
[INFO] Auditing path $.tls
[INFO] Auditing path $.tolerations
[INFO] Auditing path $.verbosity
