[INFO] Auditing path $.affinity
[INFO] Auditing path $.annotations["prometheus.io/path"]
[INFO] Auditing path $.annotations["prometheus.io/port"]
[INFO] Auditing path $.annotations["prometheus.io/scrape"]
[INFO] Auditing path $.annotations
[INFO] Auditing path $.cloudsqlproxy.credentials
[INFO] Auditing path $.cloudsqlproxy.credentialsSecret
[INFO] Auditing path $.cloudsqlproxy.enabled
[INFO] Auditing path $.cloudsqlproxy.extraArgs
[INFO] Auditing path $.cloudsqlproxy.image
[INFO] Auditing path $.cloudsqlproxy.image.PullPolicy
[INFO] Auditing path $.cloudsqlproxy.image.pullPolicy
[INFO] Auditing path $.cloudsqlproxy.image.repo
[INFO] Auditing path $.cloudsqlproxy.image.tag
[INFO] Auditing path $.cloudsqlproxy.instanceConnectionName
[INFO] Auditing path $.cloudsqlproxy.port
[INFO] Auditing path $.cloudsqlproxy.privateIp
[INFO] Auditing path $.cloudsqlproxy.workloadIdentity
[INFO] Auditing path $.cloudsqlproxy.workloadIdentity.enabled
[INFO] Auditing path $.cloudsqlproxy.workloadIdentity.serviceAccountEmail
[INFO] Auditing path $.cloudsqlproxy
[INFO] Auditing path $.collectors[*]
[INFO] Auditing path $.collectors
[INFO] Auditing path $.config.extraArgs
[INFO] Auditing path $.config.extraArgs[*]
[INFO] Auditing path $.config.logFormat
[INFO] Auditing path $.config.logLevel
[INFO] Auditing path $.config
[INFO] Auditing path $.extraEnvs[*]
[INFO] Auditing path $.extraEnvs[*].name
[INFO] Auditing path $.extraEnvs[*].value
[INFO] Auditing path $.extraEnvs[*].valueFrom
[INFO] Auditing path $.extraEnvs
[INFO] Auditing path $.extraManifests[*]
[INFO] Auditing path $.extraManifests[*].apiVersion
[INFO] Auditing path $.extraManifests[*].kind
[INFO] Auditing path $.extraManifests[*].metadata
[INFO] Auditing path $.extraManifests
[INFO] Auditing path $.extraVolumeMounts[*]
[INFO] Auditing path $.extraVolumeMounts
[INFO] Auditing path $.extraVolumes[*]
[INFO] Auditing path $.extraVolumes
[INFO] Auditing path $.fullnameOverride
[INFO] Auditing path $.hostUsers
[INFO] Auditing path $.image.pullPolicy
[INFO] Auditing path $.image.registry
[INFO] Auditing path $.image.repository
[INFO] Auditing path $.image.tag
[INFO] Auditing path $.image
[INFO] Auditing path $.imagePullSecrets[*]
[INFO] Auditing path $.imagePullSecrets
[INFO] Auditing path $.mysql.additionalConfig
[INFO] Auditing path $.mysql.additionalConfig[*]
[INFO] Auditing path $.mysql.db
[INFO] Auditing path $.mysql.existingConfigSecret
[INFO] Auditing path $.mysql.existingConfigSecret.key
[INFO] Auditing path $.mysql.existingConfigSecret.name
[INFO] Auditing path $.mysql.existingPasswordSecret
[INFO] Auditing path $.mysql.existingPasswordSecret.key
[INFO] Auditing path $.mysql.existingPasswordSecret.name
[INFO] Auditing path $.mysql.host
[INFO] Auditing path $.mysql.pass
[INFO] Auditing path $.mysql.port
[INFO] Auditing path $.mysql.protocol
[INFO] Auditing path $.mysql.user
[INFO] Auditing path $.mysql
[INFO] Auditing path $.namespaceOverride
[INFO] Auditing path $.nodeSelector
[INFO] Auditing path $.podLabels
[INFO] Auditing path $.podSecurityContext
[INFO] Auditing path $.priorityClassName
[INFO] Auditing path $.prometheusRule.additionalLabels
[INFO] Auditing path $.prometheusRule.enabled
[INFO] Auditing path $.prometheusRule.namespace
[INFO] Auditing path $.prometheusRule.rules
[INFO] Auditing path $.prometheusRule.rules[*]
[INFO] Auditing path $.prometheusRule
[INFO] Auditing path $.replicaCount
[INFO] Auditing path $.resources.limits
[INFO] Auditing path $.resources.limits.cpu
[INFO] Auditing path $.resources.limits.memory
[INFO] Auditing path $.resources
[INFO] Auditing path $.securityContext
[INFO] Auditing path $.service.annotations
[INFO] Auditing path $.service.externalPort
[INFO] Auditing path $.service.internalPort
[INFO] Auditing path $.service.labels
[INFO] Auditing path $.service.name
[INFO] Auditing path $.service.type
[INFO] Auditing path $.service
[INFO] Auditing path $.serviceAccount.annotations
[INFO] Auditing path $.serviceAccount.create
[INFO] Auditing path $.serviceAccount.name
[INFO] Auditing path $.serviceAccount
[INFO] Auditing path $.serviceMonitor.additionalLabels
[INFO] Auditing path $.serviceMonitor.apiVersion
[INFO] Auditing path $.serviceMonitor.enabled
[INFO] Auditing path $.serviceMonitor.interval
[INFO] Auditing path $.serviceMonitor.jobLabel
[INFO] Auditing path $.serviceMonitor.metricRelabelings
[INFO] Auditing path $.serviceMonitor.multipleTarget
[INFO] Auditing path $.serviceMonitor.multipleTarget.enabled
[INFO] Auditing path $.serviceMonitor.multipleTarget.sharedSecret
[INFO] Auditing path $.serviceMonitor.multipleTarget.sharedSecret.enabled
[INFO] Auditing path $.serviceMonitor.multipleTarget.sharedSecret.name
[INFO] Auditing path $.serviceMonitor.multipleTarget.targets
[INFO] Auditing path $.serviceMonitor.multipleTarget.targets[*]
[INFO] Auditing path $.serviceMonitor.multipleTarget.targets[*].endpoint
[INFO] Auditing path $.serviceMonitor.multipleTarget.targets[*].name
[INFO] Auditing path $.serviceMonitor.multipleTarget.targets[*].password
[INFO] Auditing path $.serviceMonitor.multipleTarget.targets[*].port
[INFO] Auditing path $.serviceMonitor.multipleTarget.targets[*].user
[INFO] Auditing path $.serviceMonitor.namespace
[INFO] Auditing path $.serviceMonitor.namespaceSelector
[INFO] Auditing path $.serviceMonitor.podTargetLabels
[INFO] Auditing path $.serviceMonitor.podTargetLabels[*]
[INFO] Auditing path $.serviceMonitor.relabelings
[INFO] Auditing path $.serviceMonitor.scrapeTimeout
[INFO] Auditing path $.serviceMonitor.targetLabels
[INFO] Auditing path $.serviceMonitor.targetLabels[*]
[INFO] Auditing path $.serviceMonitor
[INFO] Auditing path $.tolerations
