[INFO] Auditing path $.affinity
[INFO] Auditing path $.apiVersions
[INFO] Auditing path $.args
[INFO] Auditing path $.auth.existingSecret
[INFO] Auditing path $.auth.existingSecretKey
[INFO] Auditing path $.auth.password
[INFO] Auditing path $.auth.username
[INFO] Auditing path $.auth
[INFO] Auditing path $.automountServiceAccountToken
[INFO] Auditing path $.autoscaling.vpa
[INFO] Auditing path $.autoscaling.vpa.annotations
[INFO] Auditing path $.autoscaling.vpa.controlledResources
[INFO] Auditing path $.autoscaling.vpa.enabled
[INFO] Auditing path $.autoscaling.vpa.maxAllowed
[INFO] Auditing path $.autoscaling.vpa.minAllowed
[INFO] Auditing path $.autoscaling.vpa.updatePolicy
[INFO] Auditing path $.autoscaling.vpa.updatePolicy.updateMode
[INFO] Auditing path $.autoscaling
[INFO] Auditing path $.clusterDomain
[INFO] Auditing path $.clusterName
[INFO] Auditing path $.command
[INFO] Auditing path $.commonAnnotations
[INFO] Auditing path $.commonLabels
[INFO] Auditing path $.configdFiles[*]
[INFO] Auditing path $.configdFiles
[INFO] Auditing path $.configuration
[INFO] Auditing path $.containerPorts.http
[INFO] Auditing path $.containerPorts.https
[INFO] Auditing path $.containerPorts.interserver
[INFO] Auditing path $.containerPorts.metrics
[INFO] Auditing path $.containerPorts.mysql
[INFO] Auditing path $.containerPorts.postgresql
[INFO] Auditing path $.containerPorts.tcp
[INFO] Auditing path $.containerPorts.tcpSecure
[INFO] Auditing path $.containerPorts
[INFO] Auditing path $.containerSecurityContext.allowPrivilegeEscalation
[INFO] Auditing path $.containerSecurityContext.capabilities
[INFO] Auditing path $.containerSecurityContext.capabilities.drop
[INFO] Auditing path $.containerSecurityContext.enabled
[INFO] Auditing path $.containerSecurityContext.privileged
[INFO] Auditing path $.containerSecurityContext.readOnlyRootFilesystem
[INFO] Auditing path $.containerSecurityContext.runAsGroup
[INFO] Auditing path $.containerSecurityContext.runAsNonRoot
[INFO] Auditing path $.containerSecurityContext.runAsUser
[INFO] Auditing path $.containerSecurityContext.seLinuxOptions
[INFO] Auditing path $.containerSecurityContext.seccompProfile
[INFO] Auditing path $.containerSecurityContext.seccompProfile.type
[INFO] Auditing path $.containerSecurityContext
[INFO] Auditing path $.customLivenessProbe
[INFO] Auditing path $.customReadinessProbe
[INFO] Auditing path $.customStartupProbe
[INFO] Auditing path $.defaultInitContainers.volumePermissions
[INFO] Auditing path $.defaultInitContainers.volumePermissions.containerSecurityContext
[INFO] Auditing path $.defaultInitContainers.volumePermissions.containerSecurityContext.allowPrivilegeEscalation
[INFO] Auditing path $.defaultInitContainers.volumePermissions.containerSecurityContext.capabilities
[INFO] Auditing path $.defaultInitContainers.volumePermissions.containerSecurityContext.capabilities.add
[INFO] Auditing path $.defaultInitContainers.volumePermissions.containerSecurityContext.capabilities.drop
[INFO] Auditing path $.defaultInitContainers.volumePermissions.containerSecurityContext.enabled
[INFO] Auditing path $.defaultInitContainers.volumePermissions.containerSecurityContext.privileged
[INFO] Auditing path $.defaultInitContainers.volumePermissions.containerSecurityContext.runAsUser
[INFO] Auditing path $.defaultInitContainers.volumePermissions.containerSecurityContext.seLinuxOptions
[INFO] Auditing path $.defaultInitContainers.volumePermissions.containerSecurityContext.seccompProfile
[INFO] Auditing path $.defaultInitContainers.volumePermissions.containerSecurityContext.seccompProfile.type
[INFO] Auditing path $.defaultInitContainers.volumePermissions.enabled
[INFO] Auditing path $.defaultInitContainers.volumePermissions.image
[INFO] Auditing path $.defaultInitContainers.volumePermissions.image.digest
[INFO] Auditing path $.defaultInitContainers.volumePermissions.image.pullPolicy
[INFO] Auditing path $.defaultInitContainers.volumePermissions.image.pullSecrets
[INFO] Auditing path $.defaultInitContainers.volumePermissions.image.registry
[INFO] Auditing path $.defaultInitContainers.volumePermissions.image.repository
[INFO] Auditing path $.defaultInitContainers.volumePermissions.image.tag
[INFO] Auditing path $.defaultInitContainers.volumePermissions.resources
[INFO] Auditing path $.defaultInitContainers.volumePermissions.resourcesPreset
[INFO] Auditing path $.defaultInitContainers
[INFO] Auditing path $.diagnosticMode.args
[INFO] Auditing path $.diagnosticMode.command
[INFO] Auditing path $.diagnosticMode.enabled
[INFO] Auditing path $.diagnosticMode
[INFO] Auditing path $.distributeReplicasByZone
[INFO] Auditing path $.existingConfigdConfigmap
[INFO] Auditing path $.existingConfigmap
[INFO] Auditing path $.existingUsersdConfigmap
[INFO] Auditing path $.existingUsersdSecret
[INFO] Auditing path $.exposeMysql
[INFO] Auditing path $.exposePostgresql
[INFO] Auditing path $.externalZookeeper.port
[INFO] Auditing path $.externalZookeeper.servers
[INFO] Auditing path $.externalZookeeper
[INFO] Auditing path $.extraDeploy[*]
[INFO] Auditing path $.extraDeploy
[INFO] Auditing path $.extraEnvVars
[INFO] Auditing path $.extraEnvVarsCM
[INFO] Auditing path $.extraEnvVarsSecret
[INFO] Auditing path $.extraVolumeClaimTemplates
[INFO] Auditing path $.extraVolumeMounts
[INFO] Auditing path $.extraVolumes
[INFO] Auditing path $.fullnameOverride
[INFO] Auditing path $.global.compatibility
[INFO] Auditing path $.global.compatibility.openshift
[INFO] Auditing path $.global.compatibility.openshift.adaptSecurityContext
[INFO] Auditing path $.global.defaultStorageClass
[INFO] Auditing path $.global.imagePullSecrets
[INFO] Auditing path $.global.imageRegistry
[INFO] Auditing path $.global.security
[INFO] Auditing path $.global.security.allowInsecureImages
[INFO] Auditing path $.global
[INFO] Auditing path $.hostAliases
[INFO] Auditing path $.image.debug
[INFO] Auditing path $.image.digest
[INFO] Auditing path $.image.pullPolicy
[INFO] Auditing path $.image.pullSecrets
[INFO] Auditing path $.image.registry
[INFO] Auditing path $.image.repository
[INFO] Auditing path $.image.tag
[INFO] Auditing path $.image
[INFO] Auditing path $.ingress.annotations
[INFO] Auditing path $.ingress.apiVersion
[INFO] Auditing path $.ingress.enabled
[INFO] Auditing path $.ingress.extraHosts
[INFO] Auditing path $.ingress.extraHosts[*].name
[INFO] Auditing path $.ingress.extraHosts[*].path
[INFO] Auditing path $.ingress.extraHosts[*].pathType
[INFO] Auditing path $.ingress.extraPaths
[INFO] Auditing path $.ingress.extraRules
[INFO] Auditing path $.ingress.extraTls
[INFO] Auditing path $.ingress.hostname
[INFO] Auditing path $.ingress.ingressClassName
[INFO] Auditing path $.ingress.path
[INFO] Auditing path $.ingress.pathType
[INFO] Auditing path $.ingress.secrets
[INFO] Auditing path $.ingress.secrets[*].certificate
[INFO] Auditing path $.ingress.secrets[*].key
[INFO] Auditing path $.ingress.secrets[*].name
[INFO] Auditing path $.ingress.selfSigned
[INFO] Auditing path $.ingress.tls
[INFO] Auditing path $.ingress
[INFO] Auditing path $.initContainers
[INFO] Auditing path $.initdbScripts
[INFO] Auditing path $.initdbScriptsSecret
[INFO] Auditing path $.keeper.affinity
[INFO] Auditing path $.keeper.args
[INFO] Auditing path $.keeper.automountServiceAccountToken
[INFO] Auditing path $.keeper.autoscaling
[INFO] Auditing path $.keeper.autoscaling.vpa
[INFO] Auditing path $.keeper.autoscaling.vpa.annotations
[INFO] Auditing path $.keeper.autoscaling.vpa.controlledResources
[INFO] Auditing path $.keeper.autoscaling.vpa.enabled
[INFO] Auditing path $.keeper.autoscaling.vpa.maxAllowed
[INFO] Auditing path $.keeper.autoscaling.vpa.minAllowed
[INFO] Auditing path $.keeper.autoscaling.vpa.updatePolicy
[INFO] Auditing path $.keeper.autoscaling.vpa.updatePolicy.updateMode
[INFO] Auditing path $.keeper.command
[INFO] Auditing path $.keeper.configdFiles
[INFO] Auditing path $.keeper.configdFiles[*]
[INFO] Auditing path $.keeper.configuration
[INFO] Auditing path $.keeper.containerPorts
[INFO] Auditing path $.keeper.containerPorts.raft
[INFO] Auditing path $.keeper.containerPorts.tcp
[INFO] Auditing path $.keeper.containerPorts.tcpSecure
[INFO] Auditing path $.keeper.containerSecurityContext
[INFO] Auditing path $.keeper.containerSecurityContext.allowPrivilegeEscalation
[INFO] Auditing path $.keeper.containerSecurityContext.capabilities
[INFO] Auditing path $.keeper.containerSecurityContext.capabilities.drop
[INFO] Auditing path $.keeper.containerSecurityContext.enabled
[INFO] Auditing path $.keeper.containerSecurityContext.privileged
[INFO] Auditing path $.keeper.containerSecurityContext.readOnlyRootFilesystem
[INFO] Auditing path $.keeper.containerSecurityContext.runAsGroup
[INFO] Auditing path $.keeper.containerSecurityContext.runAsNonRoot
[INFO] Auditing path $.keeper.containerSecurityContext.runAsUser
[INFO] Auditing path $.keeper.containerSecurityContext.seLinuxOptions
[INFO] Auditing path $.keeper.containerSecurityContext.seccompProfile
[INFO] Auditing path $.keeper.containerSecurityContext.seccompProfile.type
[INFO] Auditing path $.keeper.customLivenessProbe
[INFO] Auditing path $.keeper.customReadinessProbe
[INFO] Auditing path $.keeper.customStartupProbe
[INFO] Auditing path $.keeper.enabled
[INFO] Auditing path $.keeper.existingConfigdConfigmap
[INFO] Auditing path $.keeper.existingConfigmap
[INFO] Auditing path $.keeper.existingUsersdConfigmap
[INFO] Auditing path $.keeper.existingUsersdSecret
[INFO] Auditing path $.keeper.extraContainerPorts
[INFO] Auditing path $.keeper.extraEnvVars
[INFO] Auditing path $.keeper.extraEnvVarsCM
[INFO] Auditing path $.keeper.extraEnvVarsSecret
[INFO] Auditing path $.keeper.extraVolumeMounts
[INFO] Auditing path $.keeper.extraVolumes
[INFO] Auditing path $.keeper.hostAliases
[INFO] Auditing path $.keeper.image
[INFO] Auditing path $.keeper.image.debug
[INFO] Auditing path $.keeper.image.digest
[INFO] Auditing path $.keeper.image.pullPolicy
[INFO] Auditing path $.keeper.image.pullSecrets
[INFO] Auditing path $.keeper.image.registry
[INFO] Auditing path $.keeper.image.repository
[INFO] Auditing path $.keeper.image.tag
[INFO] Auditing path $.keeper.initContainers
[INFO] Auditing path $.keeper.lifecycleHooks
[INFO] Auditing path $.keeper.livenessProbe
[INFO] Auditing path $.keeper.livenessProbe.enabled
[INFO] Auditing path $.keeper.livenessProbe.failureThreshold
[INFO] Auditing path $.keeper.livenessProbe.initialDelaySeconds
[INFO] Auditing path $.keeper.livenessProbe.periodSeconds
[INFO] Auditing path $.keeper.livenessProbe.successThreshold
[INFO] Auditing path $.keeper.livenessProbe.timeoutSeconds
[INFO] Auditing path $.keeper.networkPolicy
[INFO] Auditing path $.keeper.networkPolicy.addExternalClientAccess
[INFO] Auditing path $.keeper.networkPolicy.allowExternal
[INFO] Auditing path $.keeper.networkPolicy.allowExternalEgress
[INFO] Auditing path $.keeper.networkPolicy.enabled
[INFO] Auditing path $.keeper.networkPolicy.extraEgress
[INFO] Auditing path $.keeper.networkPolicy.extraIngress
[INFO] Auditing path $.keeper.networkPolicy.ingressNSMatchLabels
[INFO] Auditing path $.keeper.networkPolicy.ingressNSMatchLabels[*]
[INFO] Auditing path $.keeper.networkPolicy.ingressNSPodMatchLabels
[INFO] Auditing path $.keeper.networkPolicy.ingressNSPodMatchLabels[*]
[INFO] Auditing path $.keeper.nodeAffinityPreset
[INFO] Auditing path $.keeper.nodeAffinityPreset.key
[INFO] Auditing path $.keeper.nodeAffinityPreset.type
[INFO] Auditing path $.keeper.nodeAffinityPreset.values
[INFO] Auditing path $.keeper.nodeSelector
[INFO] Auditing path $.keeper.pdb
[INFO] Auditing path $.keeper.pdb.create
[INFO] Auditing path $.keeper.pdb.maxUnavailable
[INFO] Auditing path $.keeper.pdb.minAvailable
[INFO] Auditing path $.keeper.persistence
[INFO] Auditing path $.keeper.persistence.accessModes
[INFO] Auditing path $.keeper.persistence.annotations
[INFO] Auditing path $.keeper.persistence.dataSource
[INFO] Auditing path $.keeper.persistence.enabled
[INFO] Auditing path $.keeper.persistence.existingClaim
[INFO] Auditing path $.keeper.persistence.labels
[INFO] Auditing path $.keeper.persistence.mountPath
[INFO] Auditing path $.keeper.persistence.selector
[INFO] Auditing path $.keeper.persistence.size
[INFO] Auditing path $.keeper.persistence.storageClass
[INFO] Auditing path $.keeper.persistentVolumeClaimRetentionPolicy
[INFO] Auditing path $.keeper.persistentVolumeClaimRetentionPolicy.enabled
[INFO] Auditing path $.keeper.persistentVolumeClaimRetentionPolicy.whenDeleted
[INFO] Auditing path $.keeper.persistentVolumeClaimRetentionPolicy.whenScaled
[INFO] Auditing path $.keeper.podAffinityPreset
[INFO] Auditing path $.keeper.podAnnotations
[INFO] Auditing path $.keeper.podAntiAffinityPreset
[INFO] Auditing path $.keeper.podLabels
[INFO] Auditing path $.keeper.podManagementPolicy
[INFO] Auditing path $.keeper.podSecurityContext
[INFO] Auditing path $.keeper.podSecurityContext.enabled
[INFO] Auditing path $.keeper.podSecurityContext.fsGroup
[INFO] Auditing path $.keeper.podSecurityContext.fsGroupChangePolicy
[INFO] Auditing path $.keeper.podSecurityContext.supplementalGroups
[INFO] Auditing path $.keeper.podSecurityContext.sysctls
[INFO] Auditing path $.keeper.priorityClassName
[INFO] Auditing path $.keeper.readinessProbe
[INFO] Auditing path $.keeper.readinessProbe.enabled
[INFO] Auditing path $.keeper.readinessProbe.failureThreshold
[INFO] Auditing path $.keeper.readinessProbe.initialDelaySeconds
[INFO] Auditing path $.keeper.readinessProbe.periodSeconds
[INFO] Auditing path $.keeper.readinessProbe.successThreshold
[INFO] Auditing path $.keeper.readinessProbe.timeoutSeconds
[INFO] Auditing path $.keeper.replicaCount
[INFO] Auditing path $.keeper.resources
[INFO] Auditing path $.keeper.resourcesPreset
[INFO] Auditing path $.keeper.schedulerName
[INFO] Auditing path $.keeper.service
[INFO] Auditing path $.keeper.service.annotations
[INFO] Auditing path $.keeper.service.clusterIP
[INFO] Auditing path $.keeper.service.externalTrafficPolicy
[INFO] Auditing path $.keeper.service.extraPorts
[INFO] Auditing path $.keeper.service.headless
[INFO] Auditing path $.keeper.service.headless.annotations
[INFO] Auditing path $.keeper.service.headless.extraPorts
[INFO] Auditing path $.keeper.service.loadBalancerIP
[INFO] Auditing path $.keeper.service.loadBalancerSourceRanges
[INFO] Auditing path $.keeper.service.nodePorts
[INFO] Auditing path $.keeper.service.nodePorts.raft
[INFO] Auditing path $.keeper.service.nodePorts.tcp
[INFO] Auditing path $.keeper.service.nodePorts.tcpSecure
[INFO] Auditing path $.keeper.service.ports
[INFO] Auditing path $.keeper.service.ports.raft
[INFO] Auditing path $.keeper.service.ports.tcp
[INFO] Auditing path $.keeper.service.ports.tcpSecure
[INFO] Auditing path $.keeper.service.sessionAffinity
[INFO] Auditing path $.keeper.service.sessionAffinityConfig
[INFO] Auditing path $.keeper.service.type
[INFO] Auditing path $.keeper.sidecars
[INFO] Auditing path $.keeper.startupProbe
[INFO] Auditing path $.keeper.startupProbe.enabled
[INFO] Auditing path $.keeper.startupProbe.failureThreshold
[INFO] Auditing path $.keeper.startupProbe.initialDelaySeconds
[INFO] Auditing path $.keeper.startupProbe.periodSeconds
[INFO] Auditing path $.keeper.startupProbe.successThreshold
[INFO] Auditing path $.keeper.startupProbe.timeoutSeconds
[INFO] Auditing path $.keeper.terminationGracePeriodSeconds
[INFO] Auditing path $.keeper.tolerations
[INFO] Auditing path $.keeper.topologySpreadConstraints
[INFO] Auditing path $.keeper.updateStrategy
[INFO] Auditing path $.keeper.updateStrategy.rollingUpdate
[INFO] Auditing path $.keeper.updateStrategy.type
[INFO] Auditing path $.keeper.usersdFiles
[INFO] Auditing path $.keeper.usersdFiles[*]
[INFO] Auditing path $.keeper
[INFO] Auditing path $.kubeVersion
[INFO] Auditing path $.lifecycleHooks
[INFO] Auditing path $.livenessProbe.enabled
[INFO] Auditing path $.livenessProbe.failureThreshold
[INFO] Auditing path $.livenessProbe.initialDelaySeconds
[INFO] Auditing path $.livenessProbe.periodSeconds
[INFO] Auditing path $.livenessProbe.successThreshold
[INFO] Auditing path $.livenessProbe.timeoutSeconds
[INFO] Auditing path $.livenessProbe
[INFO] Auditing path $.logLevel
[INFO] Auditing path $.metrics.enabled
[INFO] Auditing path $.metrics.podAnnotations
[INFO] Auditing path $.metrics.prometheusRule
[INFO] Auditing path $.metrics.prometheusRule.additionalLabels
[INFO] Auditing path $.metrics.prometheusRule.enabled
[INFO] Auditing path $.metrics.prometheusRule.namespace
[INFO] Auditing path $.metrics.prometheusRule.rules
[INFO] Auditing path $.metrics.serviceMonitor
[INFO] Auditing path $.metrics.serviceMonitor.annotations
[INFO] Auditing path $.metrics.serviceMonitor.enabled
[INFO] Auditing path $.metrics.serviceMonitor.honorLabels
[INFO] Auditing path $.metrics.serviceMonitor.interval
[INFO] Auditing path $.metrics.serviceMonitor.jobLabel
[INFO] Auditing path $.metrics.serviceMonitor.labels
[INFO] Auditing path $.metrics.serviceMonitor.metricRelabelings
[INFO] Auditing path $.metrics.serviceMonitor.namespace
[INFO] Auditing path $.metrics.serviceMonitor.relabelings
[INFO] Auditing path $.metrics.serviceMonitor.scrapeTimeout
[INFO] Auditing path $.metrics.serviceMonitor.selector
[INFO] Auditing path $.metrics
[INFO] Auditing path $.nameOverride
[INFO] Auditing path $.namespaceOverride
[INFO] Auditing path $.networkPolicy.addExternalClientAccess
[INFO] Auditing path $.networkPolicy.allowExternal
[INFO] Auditing path $.networkPolicy.allowExternalEgress
[INFO] Auditing path $.networkPolicy.enabled
[INFO] Auditing path $.networkPolicy.extraEgress
[INFO] Auditing path $.networkPolicy.extraIngress
[INFO] Auditing path $.networkPolicy.ingressNSMatchLabels
[INFO] Auditing path $.networkPolicy.ingressNSMatchLabels[*]
[INFO] Auditing path $.networkPolicy.ingressNSPodMatchLabels
[INFO] Auditing path $.networkPolicy.ingressNSPodMatchLabels[*]
[INFO] Auditing path $.networkPolicy
[INFO] Auditing path $.nodeAffinityPreset.key
[INFO] Auditing path $.nodeAffinityPreset.type
[INFO] Auditing path $.nodeAffinityPreset.values
[INFO] Auditing path $.nodeAffinityPreset
[INFO] Auditing path $.nodeSelector
[INFO] Auditing path $.pdb.create
[INFO] Auditing path $.pdb.maxUnavailable
[INFO] Auditing path $.pdb.minAvailable
[INFO] Auditing path $.pdb
[INFO] Auditing path $.persistence.accessModes
[INFO] Auditing path $.persistence.accessModes[*]
[INFO] Auditing path $.persistence.annotations
[INFO] Auditing path $.persistence.dataSource
[INFO] Auditing path $.persistence.enabled
[INFO] Auditing path $.persistence.existingClaim
[INFO] Auditing path $.persistence.labels
[INFO] Auditing path $.persistence.mountPath
[INFO] Auditing path $.persistence.selector
[INFO] Auditing path $.persistence.size
[INFO] Auditing path $.persistence.storageClass
[INFO] Auditing path $.persistence.volumeName
[INFO] Auditing path $.persistence
[INFO] Auditing path $.persistentVolumeClaimRetentionPolicy.enabled
[INFO] Auditing path $.persistentVolumeClaimRetentionPolicy.whenDeleted
[INFO] Auditing path $.persistentVolumeClaimRetentionPolicy.whenScaled
[INFO] Auditing path $.persistentVolumeClaimRetentionPolicy
[INFO] Auditing path $.podAffinityPreset
[INFO] Auditing path $.podAnnotations
[INFO] Auditing path $.podAntiAffinityPreset
[INFO] Auditing path $.podLabels
[INFO] Auditing path $.podManagementPolicy
[INFO] Auditing path $.podSecurityContext.enabled
[INFO] Auditing path $.podSecurityContext.fsGroup
[INFO] Auditing path $.podSecurityContext.fsGroupChangePolicy
[INFO] Auditing path $.podSecurityContext.supplementalGroups
[INFO] Auditing path $.podSecurityContext.sysctls
[INFO] Auditing path $.podSecurityContext
[INFO] Auditing path $.priorityClassName
[INFO] Auditing path $.readinessProbe.enabled
[INFO] Auditing path $.readinessProbe.failureThreshold
[INFO] Auditing path $.readinessProbe.initialDelaySeconds
[INFO] Auditing path $.readinessProbe.periodSeconds
[INFO] Auditing path $.readinessProbe.successThreshold
[INFO] Auditing path $.readinessProbe.timeoutSeconds
[INFO] Auditing path $.readinessProbe
[INFO] Auditing path $.replicaCount
[INFO] Auditing path $.resources
[INFO] Auditing path $.resourcesPreset
[INFO] Auditing path $.sampling.enabled
[INFO] Auditing path $.sampling
[INFO] Auditing path $.schedulerName
[INFO] Auditing path $.service.annotations
[INFO] Auditing path $.service.clusterIP
[INFO] Auditing path $.service.externalTrafficPolicy
[INFO] Auditing path $.service.extraPorts
[INFO] Auditing path $.service.headless
[INFO] Auditing path $.service.headless.annotations
[INFO] Auditing path $.service.headless.extraPorts
[INFO] Auditing path $.service.loadBalancerAnnotations
[INFO] Auditing path $.service.loadBalancerIP
[INFO] Auditing path $.service.loadBalancerIPs
[INFO] Auditing path $.service.loadBalancerSourceRanges
[INFO] Auditing path $.service.nodePorts
[INFO] Auditing path $.service.nodePorts.http
[INFO] Auditing path $.service.nodePorts.https
[INFO] Auditing path $.service.nodePorts.interserver
[INFO] Auditing path $.service.nodePorts.metrics
[INFO] Auditing path $.service.nodePorts.mysql
[INFO] Auditing path $.service.nodePorts.postgresql
[INFO] Auditing path $.service.nodePorts.tcp
[INFO] Auditing path $.service.nodePorts.tcpSecure
[INFO] Auditing path $.service.perReplicaAccess
[INFO] Auditing path $.service.ports
[INFO] Auditing path $.service.ports.http
[INFO] Auditing path $.service.ports.https
[INFO] Auditing path $.service.ports.interserver
[INFO] Auditing path $.service.ports.metrics
[INFO] Auditing path $.service.ports.mysql
[INFO] Auditing path $.service.ports.postgresql
[INFO] Auditing path $.service.ports.tcp
[INFO] Auditing path $.service.ports.tcpSecure
[INFO] Auditing path $.service.sessionAffinity
[INFO] Auditing path $.service.sessionAffinityConfig
[INFO] Auditing path $.service.type
[INFO] Auditing path $.service
[INFO] Auditing path $.serviceAccount.annotations
[INFO] Auditing path $.serviceAccount.automountServiceAccountToken
[INFO] Auditing path $.serviceAccount.create
[INFO] Auditing path $.serviceAccount.name
[INFO] Auditing path $.serviceAccount
[INFO] Auditing path $.shards
[INFO] Auditing path $.sidecars
[INFO] Auditing path $.startdbScripts
[INFO] Auditing path $.startdbScriptsSecret
[INFO] Auditing path $.startupProbe.enabled
[INFO] Auditing path $.startupProbe.failureThreshold
[INFO] Auditing path $.startupProbe.initialDelaySeconds
[INFO] Auditing path $.startupProbe.periodSeconds
[INFO] Auditing path $.startupProbe.successThreshold
[INFO] Auditing path $.startupProbe.timeoutSeconds
[INFO] Auditing path $.startupProbe
[INFO] Auditing path $.terminationGracePeriodSeconds
[INFO] Auditing path $.tls.autoGenerated
[INFO] Auditing path $.tls.autoGenerated.certManager
[INFO] Auditing path $.tls.autoGenerated.certManager.duration
[INFO] Auditing path $.tls.autoGenerated.certManager.existingIssuer
[INFO] Auditing path $.tls.autoGenerated.certManager.existingIssuerKind
[INFO] Auditing path $.tls.autoGenerated.certManager.keyAlgorithm
[INFO] Auditing path $.tls.autoGenerated.certManager.keySize
[INFO] Auditing path $.tls.autoGenerated.certManager.renewBefore
[INFO] Auditing path $.tls.autoGenerated.enabled
[INFO] Auditing path $.tls.autoGenerated.engine
[INFO] Auditing path $.tls.ca
[INFO] Auditing path $.tls.enabled
[INFO] Auditing path $.tls.existingCASecret
[INFO] Auditing path $.tls.keeper
[INFO] Auditing path $.tls.keeper.cert
[INFO] Auditing path $.tls.keeper.existingSecret
[INFO] Auditing path $.tls.keeper.key
[INFO] Auditing path $.tls.server
[INFO] Auditing path $.tls.server.cert
[INFO] Auditing path $.tls.server.existingSecret
[INFO] Auditing path $.tls.server.key
[INFO] Auditing path $.tls
[INFO] Auditing path $.tolerations
[INFO] Auditing path $.topologySpreadConstraints
[INFO] Auditing path $.updateStrategy.rollingUpdate
[INFO] Auditing path $.updateStrategy.type
[INFO] Auditing path $.updateStrategy
[INFO] Auditing path $.usePasswordFiles
[INFO] Auditing path $.usersdFiles[*]
[INFO] Auditing path $.usersdFiles
