[INFO] Auditing path $.affinity
[INFO] Auditing path $.annotations
[INFO] Auditing path $.config.metrics
[INFO] Auditing path $.config.metrics.accstatz
[INFO] Auditing path $.config.metrics.connz
[INFO] Auditing path $.config.metrics.connz_detailed
[INFO] Auditing path $.config.metrics.gatewayz
[INFO] Auditing path $.config.metrics.healthz
[INFO] Auditing path $.config.metrics.jsz
[INFO] Auditing path $.config.metrics.leafz
[INFO] Auditing path $.config.metrics.routez
[INFO] Auditing path $.config.metrics.subz
[INFO] Auditing path $.config.metrics.varz
[INFO] Auditing path $.config.nats
[INFO] Auditing path $.config.nats.namespace
[INFO] Auditing path $.config.nats.port
[INFO] Auditing path $.config.nats.service
[INFO] Auditing path $.config
[INFO] Auditing path $.extraContainers
[INFO] Auditing path $.extraVolumes
[INFO] Auditing path $.image.imagePullSecrets
[INFO] Auditing path $.image.pullPolicy
[INFO] Auditing path $.image.repository
[INFO] Auditing path $.image.tag
[INFO] Auditing path $.image
[INFO] Auditing path $.livenessProbe.periodSeconds
[INFO] Auditing path $.livenessProbe.timeoutSeconds
[INFO] Auditing path $.livenessProbe
[INFO] Auditing path $.nodeSelector
[INFO] Auditing path $.readinessProbe.periodSeconds
[INFO] Auditing path $.readinessProbe.timeoutSeconds
[INFO] Auditing path $.readinessProbe
[INFO] Auditing path $.replicaCount
[INFO] Auditing path $.resources
[INFO] Auditing path $.service.annotations
[INFO] Auditing path $.service.labels
[INFO] Auditing path $.service.port
[INFO] Auditing path $.service.targetPort
[INFO] Auditing path $.service.type
[INFO] Auditing path $.service
[INFO] Auditing path $.serviceMonitor.additionalLabels
[INFO] Auditing path $.serviceMonitor.enabled
[INFO] Auditing path $.serviceMonitor.interval
[INFO] Auditing path $.serviceMonitor.namespace
[INFO] Auditing path $.serviceMonitor.scrapeTimeout
[INFO] Auditing path $.serviceMonitor.targetLabels
[INFO] Auditing path $.serviceMonitor.targetLabels[*]
[INFO] Auditing path $.serviceMonitor
[INFO] Auditing path $.tolerations
