[INFO] Auditing path $.affinity
[INFO] Auditing path $.config
[INFO] Auditing path $.configmaps[*].mountPath
[INFO] Auditing path $.configmaps[*].name
[INFO] Auditing path $.configmaps
[INFO] Auditing path $.containerSecurityContext
[INFO] Auditing path $.daemonsetAnnotations
[INFO] Auditing path $.dnsConfig
[INFO] Auditing path $.env[*]
[INFO] Auditing path $.env
[INFO] Auditing path $.extraArgs
[INFO] Auditing path $.extraHostVolumeMounts[*].hostPath
[INFO] Auditing path $.extraHostVolumeMounts[*].mountPath
[INFO] Auditing path $.extraHostVolumeMounts[*].name
[INFO] Auditing path $.extraHostVolumeMounts[*].readOnly
[INFO] Auditing path $.extraHostVolumeMounts
[INFO] Auditing path $.extraInitContainers
[INFO] Auditing path $.fullnameOverride
[INFO] Auditing path $.global.imagePullSecrets
[INFO] Auditing path $.global.imageRegistry
[INFO] Auditing path $.global
[INFO] Auditing path $.hostNetwork
[INFO] Auditing path $.hostPID
[INFO] Auditing path $.image.digest
[INFO] Auditing path $.image.pullPolicy
[INFO] Auditing path $.image.registry
[INFO] Auditing path $.image.repository
[INFO] Auditing path $.image.tag
[INFO] Auditing path $.image
[INFO] Auditing path $.imagePullSecrets
[INFO] Auditing path $.livenessProbe.failureThreshold
[INFO] Auditing path $.livenessProbe.httpGet
[INFO] Auditing path $.livenessProbe.httpGet.httpHeaders
[INFO] Auditing path $.livenessProbe.httpGet.httpHeaders[*].name
[INFO] Auditing path $.livenessProbe.httpGet.httpHeaders[*].value
[INFO] Auditing path $.livenessProbe.httpGet.path
[INFO] Auditing path $.livenessProbe.httpGet.scheme
[INFO] Auditing path $.livenessProbe.initialDelaySeconds
[INFO] Auditing path $.livenessProbe.periodSeconds
[INFO] Auditing path $.livenessProbe.successThreshold
[INFO] Auditing path $.livenessProbe.timeoutSeconds
[INFO] Auditing path $.livenessProbe
[INFO] Auditing path $.nameOverride
[INFO] Auditing path $.namespaceOverride
[INFO] Auditing path $.nodeSelector["kubernetes.io/os"]
[INFO] Auditing path $.nodeSelector
[INFO] Auditing path $.podAnnotations["cluster-autoscaler.kubernetes.io/safe-to-evict"]
[INFO] Auditing path $.podAnnotations
[INFO] Auditing path $.podLabels
[INFO] Auditing path $.priorityClassName
[INFO] Auditing path $.prometheus.monitor
[INFO] Auditing path $.prometheus.monitor.additionalLabels
[INFO] Auditing path $.prometheus.monitor.apiVersion
[INFO] Auditing path $.prometheus.monitor.attachMetadata
[INFO] Auditing path $.prometheus.monitor.attachMetadata.node
[INFO] Auditing path $.prometheus.monitor.basicAuth
[INFO] Auditing path $.prometheus.monitor.bearerTokenFile
[INFO] Auditing path $.prometheus.monitor.enabled
[INFO] Auditing path $.prometheus.monitor.interval
[INFO] Auditing path $.prometheus.monitor.jobLabel
[INFO] Auditing path $.prometheus.monitor.labelLimit
[INFO] Auditing path $.prometheus.monitor.labelNameLengthLimit
[INFO] Auditing path $.prometheus.monitor.labelValueLengthLimit
[INFO] Auditing path $.prometheus.monitor.metricRelabelings
[INFO] Auditing path $.prometheus.monitor.namespace
[INFO] Auditing path $.prometheus.monitor.podTargetLabels
[INFO] Auditing path $.prometheus.monitor.proxyUrl
[INFO] Auditing path $.prometheus.monitor.relabelings
[INFO] Auditing path $.prometheus.monitor.sampleLimit
[INFO] Auditing path $.prometheus.monitor.scheme
[INFO] Auditing path $.prometheus.monitor.scrapeTimeout
[INFO] Auditing path $.prometheus.monitor.selectorOverride
[INFO] Auditing path $.prometheus.monitor.targetLimit
[INFO] Auditing path $.prometheus.monitor.tlsConfig
[INFO] Auditing path $.prometheus.podMonitor
[INFO] Auditing path $.prometheus.podMonitor.additionalLabels
[INFO] Auditing path $.prometheus.podMonitor.apiVersion
[INFO] Auditing path $.prometheus.podMonitor.attachMetadata
[INFO] Auditing path $.prometheus.podMonitor.attachMetadata.node
[INFO] Auditing path $.prometheus.podMonitor.authorization
[INFO] Auditing path $.prometheus.podMonitor.basicAuth
[INFO] Auditing path $.prometheus.podMonitor.bearerTokenSecret
[INFO] Auditing path $.prometheus.podMonitor.enableHttp2
[INFO] Auditing path $.prometheus.podMonitor.enabled
[INFO] Auditing path $.prometheus.podMonitor.filterRunning
[INFO] Auditing path $.prometheus.podMonitor.followRedirects
[INFO] Auditing path $.prometheus.podMonitor.honorLabels
[INFO] Auditing path $.prometheus.podMonitor.honorTimestamps
[INFO] Auditing path $.prometheus.podMonitor.interval
[INFO] Auditing path $.prometheus.podMonitor.jobLabel
[INFO] Auditing path $.prometheus.podMonitor.labelLimit
[INFO] Auditing path $.prometheus.podMonitor.labelNameLengthLimit
[INFO] Auditing path $.prometheus.podMonitor.labelValueLengthLimit
[INFO] Auditing path $.prometheus.podMonitor.metricRelabelings
[INFO] Auditing path $.prometheus.podMonitor.namespace
[INFO] Auditing path $.prometheus.podMonitor.oauth2
[INFO] Auditing path $.prometheus.podMonitor.params
[INFO] Auditing path $.prometheus.podMonitor.path
[INFO] Auditing path $.prometheus.podMonitor.podTargetLabels
[INFO] Auditing path $.prometheus.podMonitor.proxyUrl
[INFO] Auditing path $.prometheus.podMonitor.relabelings
[INFO] Auditing path $.prometheus.podMonitor.sampleLimit
[INFO] Auditing path $.prometheus.podMonitor.scheme
[INFO] Auditing path $.prometheus.podMonitor.scrapeTimeout
[INFO] Auditing path $.prometheus.podMonitor.selectorOverride
[INFO] Auditing path $.prometheus.podMonitor.targetLimit
[INFO] Auditing path $.prometheus.podMonitor.tlsConfig
[INFO] Auditing path $.prometheus
[INFO] Auditing path $.rbac.create
[INFO] Auditing path $.rbac
[INFO] Auditing path $.readinessProbe.failureThreshold
[INFO] Auditing path $.readinessProbe.httpGet
[INFO] Auditing path $.readinessProbe.httpGet.httpHeaders
[INFO] Auditing path $.readinessProbe.httpGet.httpHeaders[*].name
[INFO] Auditing path $.readinessProbe.httpGet.httpHeaders[*].value
[INFO] Auditing path $.readinessProbe.httpGet.path
[INFO] Auditing path $.readinessProbe.httpGet.scheme
[INFO] Auditing path $.readinessProbe.initialDelaySeconds
[INFO] Auditing path $.readinessProbe.periodSeconds
[INFO] Auditing path $.readinessProbe.successThreshold
[INFO] Auditing path $.readinessProbe.timeoutSeconds
[INFO] Auditing path $.readinessProbe
[INFO] Auditing path $.releaseLabel
[INFO] Auditing path $.resources
[INFO] Auditing path $.secrets[*].mountPath
[INFO] Auditing path $.secrets[*].name
[INFO] Auditing path $.secrets
[INFO] Auditing path $.securityContext.windowsOptions
[INFO] Auditing path $.securityContext.windowsOptions.hostProcess
[INFO] Auditing path $.securityContext.windowsOptions.runAsUserName
[INFO] Auditing path $.securityContext
[INFO] Auditing path $.service.annotations
[INFO] Auditing path $.service.nodePort
[INFO] Auditing path $.service.port
[INFO] Auditing path $.service.portName
[INFO] Auditing path $.service.type
[INFO] Auditing path $.service
[INFO] Auditing path $.serviceAccount.annotations
[INFO] Auditing path $.serviceAccount.automountServiceAccountToken
[INFO] Auditing path $.serviceAccount.create
[INFO] Auditing path $.serviceAccount.imagePullSecrets
[INFO] Auditing path $.serviceAccount.name
[INFO] Auditing path $.serviceAccount
[INFO] Auditing path $.sidecarHostVolumeMounts[*].hostPath
[INFO] Auditing path $.sidecarHostVolumeMounts[*].name
[INFO] Auditing path $.sidecarHostVolumeMounts
[INFO] Auditing path $.sidecarVolumeMount[*].mountPath
[INFO] Auditing path $.sidecarVolumeMount[*].name
[INFO] Auditing path $.sidecarVolumeMount
[INFO] Auditing path $.sidecars.Values.sidecarHostVolumeMounts
[INFO] Auditing path $.sidecars.Values.sidecarHostVolumeMounts[*].mountPath
[INFO] Auditing path $.sidecars.Values.sidecarHostVolumeMounts[*].name
[INFO] Auditing path $.sidecars.Values.sidecarHostVolumeMounts[*].readOnly
[INFO] Auditing path $.sidecars.Values.sidecarVolumeMount
[INFO] Auditing path $.sidecars.Values.sidecarVolumeMount[*].mountPath
[INFO] Auditing path $.sidecars.Values.sidecarVolumeMount[*].name
[INFO] Auditing path $.sidecars.Values.sidecarVolumeMount[*].readOnly
[INFO] Auditing path $.sidecars
[INFO] Auditing path $.tolerations[*].effect
[INFO] Auditing path $.tolerations[*].operator
[INFO] Auditing path $.tolerations
[INFO] Auditing path $.updateStrategy.rollingUpdate
[INFO] Auditing path $.updateStrategy.rollingUpdate.maxUnavailable
[INFO] Auditing path $.updateStrategy.type
[INFO] Auditing path $.updateStrategy
