[INFO] Auditing path $.clusterDomain
[INFO] Auditing path $.commonAnnotations
[INFO] Auditing path $.commonLabels
[INFO] Auditing path $.diagnosticMode.args
[INFO] Auditing path $.diagnosticMode.command
[INFO] Auditing path $.diagnosticMode.enabled
[INFO] Auditing path $.diagnosticMode
[INFO] Auditing path $.externalDatabase.database
[INFO] Auditing path $.externalDatabase.existingSecret
[INFO] Auditing path $.externalDatabase.existingSecretPasswordKey
[INFO] Auditing path $.externalDatabase.host
[INFO] Auditing path $.externalDatabase.password
[INFO] Auditing path $.externalDatabase.port
[INFO] Auditing path $.externalDatabase.sslmode
[INFO] Auditing path $.externalDatabase.user
[INFO] Auditing path $.externalDatabase
[INFO] Auditing path $.extraDeploy[*]
[INFO] Auditing path $.extraDeploy
[INFO] Auditing path $.fullnameOverride
[INFO] Auditing path $.global.compatibility
[INFO] Auditing path $.global.compatibility.openshift
[INFO] Auditing path $.global.compatibility.openshift.adaptSecurityContext
[INFO] Auditing path $.global.defaultStorageClass
[INFO] Auditing path $.global.imagePullSecrets
[INFO] Auditing path $.global.imageRegistry
[INFO] Auditing path $.global.security
[INFO] Auditing path $.global.security.allowInsecureImages
[INFO] Auditing path $.global.storageClass
[INFO] Auditing path $.global
[INFO] Auditing path $.image.digest
[INFO] Auditing path $.image.pullPolicy
[INFO] Auditing path $.image.pullSecrets
[INFO] Auditing path $.image.registry
[INFO] Auditing path $.image.repository
[INFO] Auditing path $.image.tag
[INFO] Auditing path $.image
[INFO] Auditing path $.ingress.annotations
[INFO] Auditing path $.ingress.apiVersion
[INFO] Auditing path $.ingress.enabled
[INFO] Auditing path $.ingress.extraHosts
[INFO] Auditing path $.ingress.extraHosts[*].name
[INFO] Auditing path $.ingress.extraHosts[*].path
[INFO] Auditing path $.ingress.extraHosts[*].pathType
[INFO] Auditing path $.ingress.extraPaths
[INFO] Auditing path $.ingress.extraRules
[INFO] Auditing path $.ingress.extraTls
[INFO] Auditing path $.ingress.hostname
[INFO] Auditing path $.ingress.ingressClassName
[INFO] Auditing path $.ingress.path
[INFO] Auditing path $.ingress.pathType
[INFO] Auditing path $.ingress.secrets
[INFO] Auditing path $.ingress.secrets[*].certificate
[INFO] Auditing path $.ingress.secrets[*].key
[INFO] Auditing path $.ingress.secrets[*].name
[INFO] Auditing path $.ingress.selfSigned
[INFO] Auditing path $.ingress.tls
[INFO] Auditing path $.ingress
[INFO] Auditing path $.kubeVersion
[INFO] Auditing path $.nameOverride
[INFO] Auditing path $.postgresql.architecture
[INFO] Auditing path $.postgresql.auth
[INFO] Auditing path $.postgresql.auth.database
[INFO] Auditing path $.postgresql.auth.enablePostgresUser
[INFO] Auditing path $.postgresql.auth.existingSecret
[INFO] Auditing path $.postgresql.auth.password
[INFO] Auditing path $.postgresql.auth.username
[INFO] Auditing path $.postgresql.containerPorts.postgresql
[INFO] Auditing path $.postgresql.enabled
[INFO] Auditing path $.postgresql.image
[INFO] Auditing path $.postgresql.image.pullPolicy
[INFO] Auditing path $.postgresql.primary
[INFO] Auditing path $.postgresql.primary.resources
[INFO] Auditing path $.postgresql.primary.resourcesPreset
[INFO] Auditing path $.postgresql
[INFO] Auditing path $.secrets.conjurAccount
[INFO] Auditing path $.secrets.conjurAuthnApiKey
[INFO] Auditing path $.secrets.conjurAuthnLogin
[INFO] Auditing path $.secrets.conjurAuthnTokenFile
[INFO] Auditing path $.secrets.conjurCACert
[INFO] Auditing path $.secrets.hostKey
[INFO] Auditing path $.secrets.hostKeyPub
[INFO] Auditing path $.secrets.localAuth
[INFO] Auditing path $.secrets.localAuth.enabled
[INFO] Auditing path $.secrets.localUsers
[INFO] Auditing path $.secrets.sessionSigningKey
[INFO] Auditing path $.secrets.teamAuthorizedKeys
[INFO] Auditing path $.secrets.workerAdditionalCerts
[INFO] Auditing path $.secrets.workerKey
[INFO] Auditing path $.secrets.workerKeyPub
[INFO] Auditing path $.secrets
[INFO] Auditing path $.service.web
[INFO] Auditing path $.service.web.annotations
[INFO] Auditing path $.service.web.clusterIP
[INFO] Auditing path $.service.web.externalTrafficPolicy
[INFO] Auditing path $.service.web.extraPorts
[INFO] Auditing path $.service.web.loadBalancerIP
[INFO] Auditing path $.service.web.loadBalancerSourceRanges
[INFO] Auditing path $.service.web.nodePorts
[INFO] Auditing path $.service.web.nodePorts.http
[INFO] Auditing path $.service.web.nodePorts.https
[INFO] Auditing path $.service.web.ports
[INFO] Auditing path $.service.web.ports.http
[INFO] Auditing path $.service.web.ports.https
[INFO] Auditing path $.service.web.sessionAffinity
[INFO] Auditing path $.service.web.sessionAffinityConfig
[INFO] Auditing path $.service.web.type
[INFO] Auditing path $.service.workerGateway
[INFO] Auditing path $.service.workerGateway.annotations
[INFO] Auditing path $.service.workerGateway.clusterIP
[INFO] Auditing path $.service.workerGateway.externalTrafficPolicy
[INFO] Auditing path $.service.workerGateway.extraPorts
[INFO] Auditing path $.service.workerGateway.loadBalancerIP
[INFO] Auditing path $.service.workerGateway.loadBalancerSourceRanges
[INFO] Auditing path $.service.workerGateway.nodePorts
[INFO] Auditing path $.service.workerGateway.nodePorts.tsa
[INFO] Auditing path $.service.workerGateway.ports
[INFO] Auditing path $.service.workerGateway.ports.tsa
[INFO] Auditing path $.service.workerGateway.sessionAffinity
[INFO] Auditing path $.service.workerGateway.sessionAffinityConfig
[INFO] Auditing path $.service.workerGateway.type
[INFO] Auditing path $.service
[INFO] Auditing path $.volumePermissions.containerSecurityContext
[INFO] Auditing path $.volumePermissions.containerSecurityContext.enabled
[INFO] Auditing path $.volumePermissions.containerSecurityContext.runAsUser
[INFO] Auditing path $.volumePermissions.containerSecurityContext.seLinuxOptions
[INFO] Auditing path $.volumePermissions.containerSecurityContext.seccompProfile
[INFO] Auditing path $.volumePermissions.containerSecurityContext.seccompProfile.type
[INFO] Auditing path $.volumePermissions.enabled
[INFO] Auditing path $.volumePermissions.image
[INFO] Auditing path $.volumePermissions.image.digest
[INFO] Auditing path $.volumePermissions.image.pullPolicy
[INFO] Auditing path $.volumePermissions.image.pullSecrets
[INFO] Auditing path $.volumePermissions.image.registry
[INFO] Auditing path $.volumePermissions.image.repository
[INFO] Auditing path $.volumePermissions.image.tag
[INFO] Auditing path $.volumePermissions.resources
[INFO] Auditing path $.volumePermissions.resourcesPreset
[INFO] Auditing path $.volumePermissions
[INFO] Auditing path $.web.affinity
[INFO] Auditing path $.web.allowExternalEgress
[INFO] Auditing path $.web.args
[INFO] Auditing path $.web.auth
[INFO] Auditing path $.web.auth.cookieSecure
[INFO] Auditing path $.web.auth.duration
[INFO] Auditing path $.web.auth.mainTeam
[INFO] Auditing path $.web.auth.mainTeam.config
[INFO] Auditing path $.web.auth.mainTeam.localUser
[INFO] Auditing path $.web.auth.passwordConnector
[INFO] Auditing path $.web.automountServiceAccountToken
[INFO] Auditing path $.web.baseResourceTypeDefaults
[INFO] Auditing path $.web.baseUrl
[INFO] Auditing path $.web.bindIp
[INFO] Auditing path $.web.clusterName
[INFO] Auditing path $.web.command
[INFO] Auditing path $.web.configRBAC
[INFO] Auditing path $.web.conjur
[INFO] Auditing path $.web.conjur.applianceUrl
[INFO] Auditing path $.web.conjur.enabled
[INFO] Auditing path $.web.conjur.pipelineSecretTemplate
[INFO] Auditing path $.web.conjur.secretTemplate
[INFO] Auditing path $.web.conjur.teamSecretTemplate
[INFO] Auditing path $.web.containerPorts
[INFO] Auditing path $.web.containerPorts.http
[INFO] Auditing path $.web.containerPorts.https
[INFO] Auditing path $.web.containerPorts.pprof
[INFO] Auditing path $.web.containerPorts.tsa
[INFO] Auditing path $.web.containerSecurityContext
[INFO] Auditing path $.web.containerSecurityContext.allowPrivilegeEscalation
[INFO] Auditing path $.web.containerSecurityContext.capabilities
[INFO] Auditing path $.web.containerSecurityContext.capabilities.drop
[INFO] Auditing path $.web.containerSecurityContext.enabled
[INFO] Auditing path $.web.containerSecurityContext.privileged
[INFO] Auditing path $.web.containerSecurityContext.readOnlyRootFilesystem
[INFO] Auditing path $.web.containerSecurityContext.runAsGroup
[INFO] Auditing path $.web.containerSecurityContext.runAsNonRoot
[INFO] Auditing path $.web.containerSecurityContext.runAsUser
[INFO] Auditing path $.web.containerSecurityContext.seLinuxOptions
[INFO] Auditing path $.web.containerSecurityContext.seccompProfile
[INFO] Auditing path $.web.containerSecurityContext.seccompProfile.type
[INFO] Auditing path $.web.customLivenessProbe
[INFO] Auditing path $.web.customReadinessProbe
[INFO] Auditing path $.web.customStartupProbe
[INFO] Auditing path $.web.enableAcrossStep
[INFO] Auditing path $.web.enableCacheStreamedVolumes
[INFO] Auditing path $.web.enablePipelineInstances
[INFO] Auditing path $.web.enabled
[INFO] Auditing path $.web.existingConfigmap
[INFO] Auditing path $.web.existingSecret
[INFO] Auditing path $.web.externalUrl
[INFO] Auditing path $.web.extraEnvVars
[INFO] Auditing path $.web.extraEnvVarsCM
[INFO] Auditing path $.web.extraEnvVarsSecret
[INFO] Auditing path $.web.extraVolumeMounts
[INFO] Auditing path $.web.extraVolumes
[INFO] Auditing path $.web.hostAliases
[INFO] Auditing path $.web.initContainers
[INFO] Auditing path $.web.lifecycleHooks
[INFO] Auditing path $.web.livenessProbe
[INFO] Auditing path $.web.livenessProbe.enabled
[INFO] Auditing path $.web.livenessProbe.failureThreshold
[INFO] Auditing path $.web.livenessProbe.initialDelaySeconds
[INFO] Auditing path $.web.livenessProbe.periodSeconds
[INFO] Auditing path $.web.livenessProbe.successThreshold
[INFO] Auditing path $.web.livenessProbe.timeoutSeconds
[INFO] Auditing path $.web.logLevel
[INFO] Auditing path $.web.networkPolicy
[INFO] Auditing path $.web.networkPolicy.allowExternal
[INFO] Auditing path $.web.networkPolicy.allowExternalEgress
[INFO] Auditing path $.web.networkPolicy.enabled
[INFO] Auditing path $.web.networkPolicy.extraEgress
[INFO] Auditing path $.web.networkPolicy.extraIngress
[INFO] Auditing path $.web.networkPolicy.ingressNSMatchLabels
[INFO] Auditing path $.web.networkPolicy.ingressNSMatchLabels[*]
[INFO] Auditing path $.web.networkPolicy.ingressNSPodMatchLabels
[INFO] Auditing path $.web.networkPolicy.ingressNSPodMatchLabels[*]
[INFO] Auditing path $.web.networkPolicy.kubeAPIServerPorts
[INFO] Auditing path $.web.networkPolicy.kubeAPIServerPorts[*]
[INFO] Auditing path $.web.nodeAffinityPreset
[INFO] Auditing path $.web.nodeAffinityPreset.key
[INFO] Auditing path $.web.nodeAffinityPreset.type
[INFO] Auditing path $.web.nodeAffinityPreset.values
[INFO] Auditing path $.web.nodeSelector
[INFO] Auditing path $.web.pdb
[INFO] Auditing path $.web.pdb.create
[INFO] Auditing path $.web.pdb.maxUnavailable
[INFO] Auditing path $.web.pdb.minAvailable
[INFO] Auditing path $.web.peerAddress
[INFO] Auditing path $.web.podAffinityPreset
[INFO] Auditing path $.web.podAnnotations
[INFO] Auditing path $.web.podAntiAffinityPreset
[INFO] Auditing path $.web.podLabels
[INFO] Auditing path $.web.podSecurityContext
[INFO] Auditing path $.web.podSecurityContext.enabled
[INFO] Auditing path $.web.podSecurityContext.fsGroup
[INFO] Auditing path $.web.podSecurityContext.fsGroupChangePolicy
[INFO] Auditing path $.web.podSecurityContext.supplementalGroups
[INFO] Auditing path $.web.podSecurityContext.sysctls
[INFO] Auditing path $.web.priorityClassName
[INFO] Auditing path $.web.psp
[INFO] Auditing path $.web.psp.create
[INFO] Auditing path $.web.rbac
[INFO] Auditing path $.web.rbac.create
[INFO] Auditing path $.web.rbac.rules
[INFO] Auditing path $.web.readinessProbe
[INFO] Auditing path $.web.readinessProbe.enabled
[INFO] Auditing path $.web.readinessProbe.failureThreshold
[INFO] Auditing path $.web.readinessProbe.initialDelaySeconds
[INFO] Auditing path $.web.readinessProbe.periodSeconds
[INFO] Auditing path $.web.readinessProbe.successThreshold
[INFO] Auditing path $.web.readinessProbe.timeoutSeconds
[INFO] Auditing path $.web.replicaCount
[INFO] Auditing path $.web.resources
[INFO] Auditing path $.web.resourcesPreset
[INFO] Auditing path $.web.schedulerName
[INFO] Auditing path $.web.serviceAccount
[INFO] Auditing path $.web.serviceAccount.annotations
[INFO] Auditing path $.web.serviceAccount.automountServiceAccountToken
[INFO] Auditing path $.web.serviceAccount.create
[INFO] Auditing path $.web.serviceAccount.name
[INFO] Auditing path $.web.sidecars
[INFO] Auditing path $.web.startupProbe
[INFO] Auditing path $.web.startupProbe.enabled
[INFO] Auditing path $.web.startupProbe.failureThreshold
[INFO] Auditing path $.web.startupProbe.initialDelaySeconds
[INFO] Auditing path $.web.startupProbe.periodSeconds
[INFO] Auditing path $.web.startupProbe.successThreshold
[INFO] Auditing path $.web.startupProbe.timeoutSeconds
[INFO] Auditing path $.web.terminationGracePeriodSeconds
[INFO] Auditing path $.web.tls
[INFO] Auditing path $.web.tls.enabled
[INFO] Auditing path $.web.tolerations
[INFO] Auditing path $.web.topologySpreadConstraints
[INFO] Auditing path $.web.tsa
[INFO] Auditing path $.web.tsa.bindIp
[INFO] Auditing path $.web.tsa.debugBindIp
[INFO] Auditing path $.web.tsa.gardenRequestTimeout
[INFO] Auditing path $.web.tsa.heartbeatInterval
[INFO] Auditing path $.web.tsa.logLevel
[INFO] Auditing path $.web.updateStrategy
[INFO] Auditing path $.web.updateStrategy.rollingUpdate
[INFO] Auditing path $.web.updateStrategy.type
[INFO] Auditing path $.web
[INFO] Auditing path $.worker.affinity
[INFO] Auditing path $.worker.allowExternalEgress
[INFO] Auditing path $.worker.args
[INFO] Auditing path $.worker.automountServiceAccountToken
[INFO] Auditing path $.worker.autoscaling
[INFO] Auditing path $.worker.autoscaling.builtInMetrics
[INFO] Auditing path $.worker.autoscaling.customMetrics
[INFO] Auditing path $.worker.autoscaling.enabled
[INFO] Auditing path $.worker.autoscaling.maxReplicas
[INFO] Auditing path $.worker.autoscaling.minReplicas
[INFO] Auditing path $.worker.baggageclaim
[INFO] Auditing path $.worker.baggageclaim.bindIp
[INFO] Auditing path $.worker.baggageclaim.btrfsBin
[INFO] Auditing path $.worker.baggageclaim.debugBindIp
[INFO] Auditing path $.worker.baggageclaim.disableUserNamespaces
[INFO] Auditing path $.worker.baggageclaim.driver
[INFO] Auditing path $.worker.baggageclaim.logLevel
[INFO] Auditing path $.worker.baggageclaim.mkfsBin
[INFO] Auditing path $.worker.baggageclaim.overlaysDir
[INFO] Auditing path $.worker.baggageclaim.volumes
[INFO] Auditing path $.worker.bindIp
[INFO] Auditing path $.worker.command
[INFO] Auditing path $.worker.containerPorts
[INFO] Auditing path $.worker.containerPorts.baggageclaim
[INFO] Auditing path $.worker.containerPorts.garden
[INFO] Auditing path $.worker.containerPorts.health
[INFO] Auditing path $.worker.containerPorts.pprof
[INFO] Auditing path $.worker.containerSecurityContext
[INFO] Auditing path $.worker.containerSecurityContext.allowPrivilegeEscalation
[INFO] Auditing path $.worker.containerSecurityContext.capabilities
[INFO] Auditing path $.worker.containerSecurityContext.capabilities.drop
[INFO] Auditing path $.worker.containerSecurityContext.enabled
[INFO] Auditing path $.worker.containerSecurityContext.privileged
[INFO] Auditing path $.worker.containerSecurityContext.readOnlyRootFilesystem
[INFO] Auditing path $.worker.containerSecurityContext.runAsGroup
[INFO] Auditing path $.worker.containerSecurityContext.runAsNonRoot
[INFO] Auditing path $.worker.containerSecurityContext.runAsUser
[INFO] Auditing path $.worker.containerSecurityContext.seLinuxOptions
[INFO] Auditing path $.worker.containerSecurityContext.seccompProfile
[INFO] Auditing path $.worker.containerSecurityContext.seccompProfile.type
[INFO] Auditing path $.worker.customLivenessProbe
[INFO] Auditing path $.worker.customReadinessProbe
[INFO] Auditing path $.worker.customStartupProbe
[INFO] Auditing path $.worker.enabled
[INFO] Auditing path $.worker.existingSecret
[INFO] Auditing path $.worker.extraEnvVars
[INFO] Auditing path $.worker.extraEnvVarsCM
[INFO] Auditing path $.worker.extraEnvVarsSecret
[INFO] Auditing path $.worker.extraVolumeMounts
[INFO] Auditing path $.worker.extraVolumes
[INFO] Auditing path $.worker.hostAliases
[INFO] Auditing path $.worker.initContainers
[INFO] Auditing path $.worker.lifecycleHooks
[INFO] Auditing path $.worker.livenessProbe
[INFO] Auditing path $.worker.livenessProbe.enabled
[INFO] Auditing path $.worker.livenessProbe.failureThreshold
[INFO] Auditing path $.worker.livenessProbe.initialDelaySeconds
[INFO] Auditing path $.worker.livenessProbe.periodSeconds
[INFO] Auditing path $.worker.livenessProbe.successThreshold
[INFO] Auditing path $.worker.livenessProbe.timeoutSeconds
[INFO] Auditing path $.worker.logLevel
[INFO] Auditing path $.worker.mode
[INFO] Auditing path $.worker.networkPolicy
[INFO] Auditing path $.worker.networkPolicy.allowExternal
[INFO] Auditing path $.worker.networkPolicy.allowExternalEgress
[INFO] Auditing path $.worker.networkPolicy.enabled
[INFO] Auditing path $.worker.networkPolicy.extraEgress
[INFO] Auditing path $.worker.networkPolicy.extraIngress
[INFO] Auditing path $.worker.networkPolicy.ingressNSMatchLabels
[INFO] Auditing path $.worker.networkPolicy.ingressNSMatchLabels[*]
[INFO] Auditing path $.worker.networkPolicy.ingressNSPodMatchLabels
[INFO] Auditing path $.worker.networkPolicy.ingressNSPodMatchLabels[*]
[INFO] Auditing path $.worker.networkPolicy.kubeAPIServerPorts
[INFO] Auditing path $.worker.networkPolicy.kubeAPIServerPorts[*]
[INFO] Auditing path $.worker.nodeAffinityPreset
[INFO] Auditing path $.worker.nodeAffinityPreset.key
[INFO] Auditing path $.worker.nodeAffinityPreset.type
[INFO] Auditing path $.worker.nodeAffinityPreset.values
[INFO] Auditing path $.worker.nodeSelector
[INFO] Auditing path $.worker.pdb
[INFO] Auditing path $.worker.pdb.create
[INFO] Auditing path $.worker.pdb.maxUnavailable
[INFO] Auditing path $.worker.pdb.minAvailable
[INFO] Auditing path $.worker.persistence
[INFO] Auditing path $.worker.persistence.accessModes
[INFO] Auditing path $.worker.persistence.annotations
[INFO] Auditing path $.worker.persistence.enabled
[INFO] Auditing path $.worker.persistence.existingClaim
[INFO] Auditing path $.worker.persistence.selector
[INFO] Auditing path $.worker.persistence.size
[INFO] Auditing path $.worker.persistence.storageClass
[INFO] Auditing path $.worker.podAffinityPreset
[INFO] Auditing path $.worker.podAnnotations
[INFO] Auditing path $.worker.podAntiAffinityPreset
[INFO] Auditing path $.worker.podLabels
[INFO] Auditing path $.worker.podManagementPolicy
[INFO] Auditing path $.worker.podSecurityContext
[INFO] Auditing path $.worker.podSecurityContext.enabled
[INFO] Auditing path $.worker.podSecurityContext.fsGroup
[INFO] Auditing path $.worker.podSecurityContext.fsGroupChangePolicy
[INFO] Auditing path $.worker.podSecurityContext.supplementalGroups
[INFO] Auditing path $.worker.podSecurityContext.sysctls
[INFO] Auditing path $.worker.priorityClassName
[INFO] Auditing path $.worker.psp
[INFO] Auditing path $.worker.psp.create
[INFO] Auditing path $.worker.rbac
[INFO] Auditing path $.worker.rbac.create
[INFO] Auditing path $.worker.rbac.rules
[INFO] Auditing path $.worker.readinessProbe
[INFO] Auditing path $.worker.readinessProbe.enabled
[INFO] Auditing path $.worker.readinessProbe.failureThreshold
[INFO] Auditing path $.worker.readinessProbe.initialDelaySeconds
[INFO] Auditing path $.worker.readinessProbe.periodSeconds
[INFO] Auditing path $.worker.readinessProbe.successThreshold
[INFO] Auditing path $.worker.readinessProbe.timeoutSeconds
[INFO] Auditing path $.worker.replicaCount
[INFO] Auditing path $.worker.resources
[INFO] Auditing path $.worker.resourcesPreset
[INFO] Auditing path $.worker.runtime
[INFO] Auditing path $.worker.schedulerName
[INFO] Auditing path $.worker.serviceAccount
[INFO] Auditing path $.worker.serviceAccount.annotations
[INFO] Auditing path $.worker.serviceAccount.automountServiceAccountToken
[INFO] Auditing path $.worker.serviceAccount.create
[INFO] Auditing path $.worker.serviceAccount.name
[INFO] Auditing path $.worker.sidecars
[INFO] Auditing path $.worker.startupProbe
[INFO] Auditing path $.worker.startupProbe.enabled
[INFO] Auditing path $.worker.startupProbe.failureThreshold
[INFO] Auditing path $.worker.startupProbe.initialDelaySeconds
[INFO] Auditing path $.worker.startupProbe.periodSeconds
[INFO] Auditing path $.worker.startupProbe.successThreshold
[INFO] Auditing path $.worker.startupProbe.timeoutSeconds
[INFO] Auditing path $.worker.terminationGracePeriodSeconds
[INFO] Auditing path $.worker.tolerations
[INFO] Auditing path $.worker.topologySpreadConstraints
[INFO] Auditing path $.worker.tsa
[INFO] Auditing path $.worker.tsa.hosts
[INFO] Auditing path $.worker.updateStrategy
[INFO] Auditing path $.worker.updateStrategy.rollingUpdate
[INFO] Auditing path $.worker.updateStrategy.type
[INFO] Auditing path $.worker
