[INFO] Auditing path $.apiVersions
[INFO] Auditing path $.clusterDomain
[INFO] Auditing path $.commonAnnotations
[INFO] Auditing path $.commonLabels
[INFO] Auditing path $.defaultInitContainers.volumePermissions
[INFO] Auditing path $.defaultInitContainers.volumePermissions.containerSecurityContext
[INFO] Auditing path $.defaultInitContainers.volumePermissions.containerSecurityContext.enabled
[INFO] Auditing path $.defaultInitContainers.volumePermissions.containerSecurityContext.runAsUser
[INFO] Auditing path $.defaultInitContainers.volumePermissions.containerSecurityContext.seLinuxOptions
[INFO] Auditing path $.defaultInitContainers.volumePermissions.enabled
[INFO] Auditing path $.defaultInitContainers.volumePermissions.image
[INFO] Auditing path $.defaultInitContainers.volumePermissions.image.digest
[INFO] Auditing path $.defaultInitContainers.volumePermissions.image.pullPolicy
[INFO] Auditing path $.defaultInitContainers.volumePermissions.image.pullSecrets
[INFO] Auditing path $.defaultInitContainers.volumePermissions.image.registry
[INFO] Auditing path $.defaultInitContainers.volumePermissions.image.repository
[INFO] Auditing path $.defaultInitContainers.volumePermissions.image.tag
[INFO] Auditing path $.defaultInitContainers.volumePermissions.resources
[INFO] Auditing path $.defaultInitContainers.volumePermissions.resourcesPreset
[INFO] Auditing path $.defaultInitContainers
[INFO] Auditing path $.envflagEnable
[INFO] Auditing path $.envflagPrefix
[INFO] Auditing path $.extraDeploy[*]
[INFO] Auditing path $.extraDeploy
[INFO] Auditing path $.fullnameOverride
[INFO] Auditing path $.global.compatibility
[INFO] Auditing path $.global.compatibility.openshift
[INFO] Auditing path $.global.compatibility.openshift.adaptSecurityContext
[INFO] Auditing path $.global.defaultStorageClass
[INFO] Auditing path $.global.imagePullSecrets
[INFO] Auditing path $.global.imageRegistry
[INFO] Auditing path $.global.security
[INFO] Auditing path $.global.security.allowInsecureImages
[INFO] Auditing path $.global
[INFO] Auditing path $.kubeVersion
[INFO] Auditing path $.loggerFormat
[INFO] Auditing path $.nameOverride
[INFO] Auditing path $.namespaceOverride
[INFO] Auditing path $.vmagent.affinity
[INFO] Auditing path $.vmagent.allowedMetricsEndpoints
[INFO] Auditing path $.vmagent.annotations
[INFO] Auditing path $.vmagent.args
[INFO] Auditing path $.vmagent.automountServiceAccountToken
[INFO] Auditing path $.vmagent.autoscaling
[INFO] Auditing path $.vmagent.autoscaling.hpa
[INFO] Auditing path $.vmagent.autoscaling.hpa.enabled
[INFO] Auditing path $.vmagent.autoscaling.hpa.maxReplicas
[INFO] Auditing path $.vmagent.autoscaling.hpa.minReplicas
[INFO] Auditing path $.vmagent.autoscaling.hpa.targetCPU
[INFO] Auditing path $.vmagent.autoscaling.hpa.targetMemory
[INFO] Auditing path $.vmagent.autoscaling.vpa
[INFO] Auditing path $.vmagent.autoscaling.vpa.annotations
[INFO] Auditing path $.vmagent.autoscaling.vpa.controlledResources
[INFO] Auditing path $.vmagent.autoscaling.vpa.enabled
[INFO] Auditing path $.vmagent.autoscaling.vpa.maxAllowed
[INFO] Auditing path $.vmagent.autoscaling.vpa.minAllowed
[INFO] Auditing path $.vmagent.autoscaling.vpa.updatePolicy
[INFO] Auditing path $.vmagent.autoscaling.vpa.updatePolicy.updateMode
[INFO] Auditing path $.vmagent.command
[INFO] Auditing path $.vmagent.containerPorts
[INFO] Auditing path $.vmagent.containerPorts.graphite
[INFO] Auditing path $.vmagent.containerPorts.http
[INFO] Auditing path $.vmagent.containerPorts.influxdb
[INFO] Auditing path $.vmagent.containerPorts.opentsdb
[INFO] Auditing path $.vmagent.containerSecurityContext
[INFO] Auditing path $.vmagent.containerSecurityContext.allowPrivilegeEscalation
[INFO] Auditing path $.vmagent.containerSecurityContext.capabilities
[INFO] Auditing path $.vmagent.containerSecurityContext.capabilities.drop
[INFO] Auditing path $.vmagent.containerSecurityContext.enabled
[INFO] Auditing path $.vmagent.containerSecurityContext.privileged
[INFO] Auditing path $.vmagent.containerSecurityContext.readOnlyRootFilesystem
[INFO] Auditing path $.vmagent.containerSecurityContext.runAsGroup
[INFO] Auditing path $.vmagent.containerSecurityContext.runAsNonRoot
[INFO] Auditing path $.vmagent.containerSecurityContext.runAsUser
[INFO] Auditing path $.vmagent.containerSecurityContext.seLinuxOptions
[INFO] Auditing path $.vmagent.containerSecurityContext.seccompProfile
[INFO] Auditing path $.vmagent.containerSecurityContext.seccompProfile.type
[INFO] Auditing path $.vmagent.customLivenessProbe
[INFO] Auditing path $.vmagent.customReadinessProbe
[INFO] Auditing path $.vmagent.customStartupProbe
[INFO] Auditing path $.vmagent.enableListeners
[INFO] Auditing path $.vmagent.enableListeners.graphite
[INFO] Auditing path $.vmagent.enableListeners.influxdb
[INFO] Auditing path $.vmagent.enableListeners.opentsdb
[INFO] Auditing path $.vmagent.enabled
[INFO] Auditing path $.vmagent.existingScrapeConfigMap
[INFO] Auditing path $.vmagent.extraArgs
[INFO] Auditing path $.vmagent.extraEnvVars
[INFO] Auditing path $.vmagent.extraEnvVarsCM
[INFO] Auditing path $.vmagent.extraEnvVarsSecret
[INFO] Auditing path $.vmagent.extraVolumeMounts
[INFO] Auditing path $.vmagent.extraVolumes
[INFO] Auditing path $.vmagent.hostAliases
[INFO] Auditing path $.vmagent.image
[INFO] Auditing path $.vmagent.image.digest
[INFO] Auditing path $.vmagent.image.pullPolicy
[INFO] Auditing path $.vmagent.image.pullSecrets
[INFO] Auditing path $.vmagent.image.registry
[INFO] Auditing path $.vmagent.image.repository
[INFO] Auditing path $.vmagent.image.tag
[INFO] Auditing path $.vmagent.initContainers
[INFO] Auditing path $.vmagent.kind
[INFO] Auditing path $.vmagent.lifecycleHooks
[INFO] Auditing path $.vmagent.livenessProbe
[INFO] Auditing path $.vmagent.livenessProbe.enabled
[INFO] Auditing path $.vmagent.livenessProbe.failureThreshold
[INFO] Auditing path $.vmagent.livenessProbe.initialDelaySeconds
[INFO] Auditing path $.vmagent.livenessProbe.periodSeconds
[INFO] Auditing path $.vmagent.livenessProbe.successThreshold
[INFO] Auditing path $.vmagent.livenessProbe.timeoutSeconds
[INFO] Auditing path $.vmagent.metrics
[INFO] Auditing path $.vmagent.metrics.annotations
[INFO] Auditing path $.vmagent.metrics.enabled
[INFO] Auditing path $.vmagent.metrics.serviceMonitor
[INFO] Auditing path $.vmagent.metrics.serviceMonitor.annotations
[INFO] Auditing path $.vmagent.metrics.serviceMonitor.enabled
[INFO] Auditing path $.vmagent.metrics.serviceMonitor.honorLabels
[INFO] Auditing path $.vmagent.metrics.serviceMonitor.interval
[INFO] Auditing path $.vmagent.metrics.serviceMonitor.jobLabel
[INFO] Auditing path $.vmagent.metrics.serviceMonitor.labels
[INFO] Auditing path $.vmagent.metrics.serviceMonitor.metricRelabelings
[INFO] Auditing path $.vmagent.metrics.serviceMonitor.namespace
[INFO] Auditing path $.vmagent.metrics.serviceMonitor.relabelings
[INFO] Auditing path $.vmagent.metrics.serviceMonitor.scrapeTimeout
[INFO] Auditing path $.vmagent.metrics.serviceMonitor.selector
[INFO] Auditing path $.vmagent.namespaced
[INFO] Auditing path $.vmagent.networkPolicy
[INFO] Auditing path $.vmagent.networkPolicy.allowExternal
[INFO] Auditing path $.vmagent.networkPolicy.allowExternalEgress
[INFO] Auditing path $.vmagent.networkPolicy.enabled
[INFO] Auditing path $.vmagent.networkPolicy.extraEgress
[INFO] Auditing path $.vmagent.networkPolicy.extraIngress
[INFO] Auditing path $.vmagent.networkPolicy.ingressNSMatchLabels
[INFO] Auditing path $.vmagent.networkPolicy.ingressNSMatchLabels[*]
[INFO] Auditing path $.vmagent.networkPolicy.ingressNSPodMatchLabels
[INFO] Auditing path $.vmagent.networkPolicy.ingressNSPodMatchLabels[*]
[INFO] Auditing path $.vmagent.nodeAffinityPreset
[INFO] Auditing path $.vmagent.nodeAffinityPreset.key
[INFO] Auditing path $.vmagent.nodeAffinityPreset.type
[INFO] Auditing path $.vmagent.nodeAffinityPreset.values
[INFO] Auditing path $.vmagent.nodeSelector
[INFO] Auditing path $.vmagent.pdb
[INFO] Auditing path $.vmagent.pdb.create
[INFO] Auditing path $.vmagent.pdb.maxUnavailable
[INFO] Auditing path $.vmagent.pdb.minAvailable
[INFO] Auditing path $.vmagent.podAffinityPreset
[INFO] Auditing path $.vmagent.podAnnotations
[INFO] Auditing path $.vmagent.podAntiAffinityPreset
[INFO] Auditing path $.vmagent.podLabels
[INFO] Auditing path $.vmagent.podSecurityContext
[INFO] Auditing path $.vmagent.podSecurityContext.enabled
[INFO] Auditing path $.vmagent.podSecurityContext.fsGroup
[INFO] Auditing path $.vmagent.podSecurityContext.fsGroupChangePolicy
[INFO] Auditing path $.vmagent.podSecurityContext.supplementalGroups
[INFO] Auditing path $.vmagent.podSecurityContext.sysctls
[INFO] Auditing path $.vmagent.priorityClassName
[INFO] Auditing path $.vmagent.rbac
[INFO] Auditing path $.vmagent.rbac.create
[INFO] Auditing path $.vmagent.rbac.rules
[INFO] Auditing path $.vmagent.readinessProbe
[INFO] Auditing path $.vmagent.readinessProbe.enabled
[INFO] Auditing path $.vmagent.readinessProbe.failureThreshold
[INFO] Auditing path $.vmagent.readinessProbe.initialDelaySeconds
[INFO] Auditing path $.vmagent.readinessProbe.periodSeconds
[INFO] Auditing path $.vmagent.readinessProbe.successThreshold
[INFO] Auditing path $.vmagent.readinessProbe.timeoutSeconds
[INFO] Auditing path $.vmagent.replicaCount
[INFO] Auditing path $.vmagent.resources
[INFO] Auditing path $.vmagent.resourcesPreset
[INFO] Auditing path $.vmagent.schedulerName
[INFO] Auditing path $.vmagent.scrapeConfigOverrides
[INFO] Auditing path $.vmagent.service
[INFO] Auditing path $.vmagent.service.annotations
[INFO] Auditing path $.vmagent.service.clusterIP
[INFO] Auditing path $.vmagent.service.externalTrafficPolicy
[INFO] Auditing path $.vmagent.service.extraPorts
[INFO] Auditing path $.vmagent.service.loadBalancerIP
[INFO] Auditing path $.vmagent.service.loadBalancerSourceRanges
[INFO] Auditing path $.vmagent.service.nodePorts
[INFO] Auditing path $.vmagent.service.nodePorts.graphite
[INFO] Auditing path $.vmagent.service.nodePorts.http
[INFO] Auditing path $.vmagent.service.nodePorts.influxdb
[INFO] Auditing path $.vmagent.service.nodePorts.opentsdb
[INFO] Auditing path $.vmagent.service.ports
[INFO] Auditing path $.vmagent.service.ports.graphite
[INFO] Auditing path $.vmagent.service.ports.http
[INFO] Auditing path $.vmagent.service.ports.influxdb
[INFO] Auditing path $.vmagent.service.ports.opentsdb
[INFO] Auditing path $.vmagent.service.sessionAffinity
[INFO] Auditing path $.vmagent.service.sessionAffinityConfig
[INFO] Auditing path $.vmagent.service.type
[INFO] Auditing path $.vmagent.serviceAccount
[INFO] Auditing path $.vmagent.serviceAccount.annotations
[INFO] Auditing path $.vmagent.serviceAccount.automountServiceAccountToken
[INFO] Auditing path $.vmagent.serviceAccount.create
[INFO] Auditing path $.vmagent.serviceAccount.name
[INFO] Auditing path $.vmagent.sidecars
[INFO] Auditing path $.vmagent.startupProbe
[INFO] Auditing path $.vmagent.startupProbe.enabled
[INFO] Auditing path $.vmagent.startupProbe.failureThreshold
[INFO] Auditing path $.vmagent.startupProbe.initialDelaySeconds
[INFO] Auditing path $.vmagent.startupProbe.periodSeconds
[INFO] Auditing path $.vmagent.startupProbe.successThreshold
[INFO] Auditing path $.vmagent.startupProbe.timeoutSeconds
[INFO] Auditing path $.vmagent.terminationGracePeriodSeconds
[INFO] Auditing path $.vmagent.tolerations
[INFO] Auditing path $.vmagent.topologySpreadConstraints
[INFO] Auditing path $.vmagent.updateStrategy
[INFO] Auditing path $.vmagent.updateStrategy.type
[INFO] Auditing path $.vmagent
[INFO] Auditing path $.vmalert.affinity
[INFO] Auditing path $.vmalert.args
[INFO] Auditing path $.vmalert.automountServiceAccountToken
[INFO] Auditing path $.vmalert.autoscaling
[INFO] Auditing path $.vmalert.autoscaling.hpa
[INFO] Auditing path $.vmalert.autoscaling.hpa.enabled
[INFO] Auditing path $.vmalert.autoscaling.hpa.maxReplicas
[INFO] Auditing path $.vmalert.autoscaling.hpa.minReplicas
[INFO] Auditing path $.vmalert.autoscaling.hpa.targetCPU
[INFO] Auditing path $.vmalert.autoscaling.hpa.targetMemory
[INFO] Auditing path $.vmalert.autoscaling.vpa
[INFO] Auditing path $.vmalert.autoscaling.vpa.annotations
[INFO] Auditing path $.vmalert.autoscaling.vpa.controlledResources
[INFO] Auditing path $.vmalert.autoscaling.vpa.enabled
[INFO] Auditing path $.vmalert.autoscaling.vpa.maxAllowed
[INFO] Auditing path $.vmalert.autoscaling.vpa.minAllowed
[INFO] Auditing path $.vmalert.autoscaling.vpa.updatePolicy
[INFO] Auditing path $.vmalert.autoscaling.vpa.updatePolicy.updateMode
[INFO] Auditing path $.vmalert.command
[INFO] Auditing path $.vmalert.containerPorts
[INFO] Auditing path $.vmalert.containerPorts.http
[INFO] Auditing path $.vmalert.containerSecurityContext
[INFO] Auditing path $.vmalert.containerSecurityContext.allowPrivilegeEscalation
[INFO] Auditing path $.vmalert.containerSecurityContext.capabilities
[INFO] Auditing path $.vmalert.containerSecurityContext.capabilities.drop
[INFO] Auditing path $.vmalert.containerSecurityContext.enabled
[INFO] Auditing path $.vmalert.containerSecurityContext.privileged
[INFO] Auditing path $.vmalert.containerSecurityContext.readOnlyRootFilesystem
[INFO] Auditing path $.vmalert.containerSecurityContext.runAsGroup
[INFO] Auditing path $.vmalert.containerSecurityContext.runAsNonRoot
[INFO] Auditing path $.vmalert.containerSecurityContext.runAsUser
[INFO] Auditing path $.vmalert.containerSecurityContext.seLinuxOptions
[INFO] Auditing path $.vmalert.containerSecurityContext.seccompProfile
[INFO] Auditing path $.vmalert.containerSecurityContext.seccompProfile.type
[INFO] Auditing path $.vmalert.customLivenessProbe
[INFO] Auditing path $.vmalert.customReadinessProbe
[INFO] Auditing path $.vmalert.customStartupProbe
[INFO] Auditing path $.vmalert.datasourceUrl
[INFO] Auditing path $.vmalert.deploymentAnnotations
[INFO] Auditing path $.vmalert.enabled
[INFO] Auditing path $.vmalert.existingRulesConfigMap
[INFO] Auditing path $.vmalert.extraArgs
[INFO] Auditing path $.vmalert.extraEnvVars
[INFO] Auditing path $.vmalert.extraEnvVarsCM
[INFO] Auditing path $.vmalert.extraEnvVarsSecret
[INFO] Auditing path $.vmalert.extraVolumeMounts
[INFO] Auditing path $.vmalert.extraVolumes
[INFO] Auditing path $.vmalert.hostAliases
[INFO] Auditing path $.vmalert.image
[INFO] Auditing path $.vmalert.image.digest
[INFO] Auditing path $.vmalert.image.pullPolicy
[INFO] Auditing path $.vmalert.image.pullSecrets
[INFO] Auditing path $.vmalert.image.registry
[INFO] Auditing path $.vmalert.image.repository
[INFO] Auditing path $.vmalert.image.tag
[INFO] Auditing path $.vmalert.initContainers
[INFO] Auditing path $.vmalert.lifecycleHooks
[INFO] Auditing path $.vmalert.livenessProbe
[INFO] Auditing path $.vmalert.livenessProbe.enabled
[INFO] Auditing path $.vmalert.livenessProbe.failureThreshold
[INFO] Auditing path $.vmalert.livenessProbe.initialDelaySeconds
[INFO] Auditing path $.vmalert.livenessProbe.periodSeconds
[INFO] Auditing path $.vmalert.livenessProbe.successThreshold
[INFO] Auditing path $.vmalert.livenessProbe.timeoutSeconds
[INFO] Auditing path $.vmalert.metrics
[INFO] Auditing path $.vmalert.metrics.annotations
[INFO] Auditing path $.vmalert.metrics.enabled
[INFO] Auditing path $.vmalert.metrics.serviceMonitor
[INFO] Auditing path $.vmalert.metrics.serviceMonitor.annotations
[INFO] Auditing path $.vmalert.metrics.serviceMonitor.enabled
[INFO] Auditing path $.vmalert.metrics.serviceMonitor.honorLabels
[INFO] Auditing path $.vmalert.metrics.serviceMonitor.interval
[INFO] Auditing path $.vmalert.metrics.serviceMonitor.jobLabel
[INFO] Auditing path $.vmalert.metrics.serviceMonitor.labels
[INFO] Auditing path $.vmalert.metrics.serviceMonitor.metricRelabelings
[INFO] Auditing path $.vmalert.metrics.serviceMonitor.namespace
[INFO] Auditing path $.vmalert.metrics.serviceMonitor.relabelings
[INFO] Auditing path $.vmalert.metrics.serviceMonitor.scrapeTimeout
[INFO] Auditing path $.vmalert.metrics.serviceMonitor.selector
[INFO] Auditing path $.vmalert.networkPolicy
[INFO] Auditing path $.vmalert.networkPolicy.allowExternal
[INFO] Auditing path $.vmalert.networkPolicy.allowExternalEgress
[INFO] Auditing path $.vmalert.networkPolicy.enabled
[INFO] Auditing path $.vmalert.networkPolicy.extraEgress
[INFO] Auditing path $.vmalert.networkPolicy.extraIngress
[INFO] Auditing path $.vmalert.networkPolicy.ingressNSMatchLabels
[INFO] Auditing path $.vmalert.networkPolicy.ingressNSMatchLabels[*]
[INFO] Auditing path $.vmalert.networkPolicy.ingressNSPodMatchLabels
[INFO] Auditing path $.vmalert.networkPolicy.ingressNSPodMatchLabels[*]
[INFO] Auditing path $.vmalert.nodeAffinityPreset
[INFO] Auditing path $.vmalert.nodeAffinityPreset.key
[INFO] Auditing path $.vmalert.nodeAffinityPreset.type
[INFO] Auditing path $.vmalert.nodeAffinityPreset.values
[INFO] Auditing path $.vmalert.nodeSelector
[INFO] Auditing path $.vmalert.notifierUrl
[INFO] Auditing path $.vmalert.pdb
[INFO] Auditing path $.vmalert.pdb.create
[INFO] Auditing path $.vmalert.pdb.maxUnavailable
[INFO] Auditing path $.vmalert.pdb.minAvailable
[INFO] Auditing path $.vmalert.podAffinityPreset
[INFO] Auditing path $.vmalert.podAnnotations
[INFO] Auditing path $.vmalert.podAntiAffinityPreset
[INFO] Auditing path $.vmalert.podLabels
[INFO] Auditing path $.vmalert.podSecurityContext
[INFO] Auditing path $.vmalert.podSecurityContext.enabled
[INFO] Auditing path $.vmalert.podSecurityContext.fsGroup
[INFO] Auditing path $.vmalert.podSecurityContext.fsGroupChangePolicy
[INFO] Auditing path $.vmalert.podSecurityContext.supplementalGroups
[INFO] Auditing path $.vmalert.podSecurityContext.sysctls
[INFO] Auditing path $.vmalert.priorityClassName
[INFO] Auditing path $.vmalert.readinessProbe
[INFO] Auditing path $.vmalert.readinessProbe.enabled
[INFO] Auditing path $.vmalert.readinessProbe.failureThreshold
[INFO] Auditing path $.vmalert.readinessProbe.initialDelaySeconds
[INFO] Auditing path $.vmalert.readinessProbe.periodSeconds
[INFO] Auditing path $.vmalert.readinessProbe.successThreshold
[INFO] Auditing path $.vmalert.readinessProbe.timeoutSeconds
[INFO] Auditing path $.vmalert.replicaCount
[INFO] Auditing path $.vmalert.resources
[INFO] Auditing path $.vmalert.resourcesPreset
[INFO] Auditing path $.vmalert.rulesConfigOverrides
[INFO] Auditing path $.vmalert.schedulerName
[INFO] Auditing path $.vmalert.service
[INFO] Auditing path $.vmalert.service.annotations
[INFO] Auditing path $.vmalert.service.clusterIP
[INFO] Auditing path $.vmalert.service.externalTrafficPolicy
[INFO] Auditing path $.vmalert.service.extraPorts
[INFO] Auditing path $.vmalert.service.loadBalancerIP
[INFO] Auditing path $.vmalert.service.loadBalancerSourceRanges
[INFO] Auditing path $.vmalert.service.nodePorts
[INFO] Auditing path $.vmalert.service.nodePorts.http
[INFO] Auditing path $.vmalert.service.ports
[INFO] Auditing path $.vmalert.service.ports.http
[INFO] Auditing path $.vmalert.service.sessionAffinity
[INFO] Auditing path $.vmalert.service.sessionAffinityConfig
[INFO] Auditing path $.vmalert.service.type
[INFO] Auditing path $.vmalert.serviceAccount
[INFO] Auditing path $.vmalert.serviceAccount.annotations
[INFO] Auditing path $.vmalert.serviceAccount.automountServiceAccountToken
[INFO] Auditing path $.vmalert.serviceAccount.create
[INFO] Auditing path $.vmalert.serviceAccount.name
[INFO] Auditing path $.vmalert.sidecars
[INFO] Auditing path $.vmalert.startupProbe
[INFO] Auditing path $.vmalert.startupProbe.enabled
[INFO] Auditing path $.vmalert.startupProbe.failureThreshold
[INFO] Auditing path $.vmalert.startupProbe.initialDelaySeconds
[INFO] Auditing path $.vmalert.startupProbe.periodSeconds
[INFO] Auditing path $.vmalert.startupProbe.successThreshold
[INFO] Auditing path $.vmalert.startupProbe.timeoutSeconds
[INFO] Auditing path $.vmalert.terminationGracePeriodSeconds
[INFO] Auditing path $.vmalert.tolerations
[INFO] Auditing path $.vmalert.topologySpreadConstraints
[INFO] Auditing path $.vmalert.updateStrategy
[INFO] Auditing path $.vmalert.updateStrategy.type
[INFO] Auditing path $.vmalert
[INFO] Auditing path $.vmauth.affinity
[INFO] Auditing path $.vmauth.annotations
[INFO] Auditing path $.vmauth.args
[INFO] Auditing path $.vmauth.automountServiceAccountToken
[INFO] Auditing path $.vmauth.autoscaling
[INFO] Auditing path $.vmauth.autoscaling.hpa
[INFO] Auditing path $.vmauth.autoscaling.hpa.enabled
[INFO] Auditing path $.vmauth.autoscaling.hpa.maxReplicas
[INFO] Auditing path $.vmauth.autoscaling.hpa.minReplicas
[INFO] Auditing path $.vmauth.autoscaling.hpa.targetCPU
[INFO] Auditing path $.vmauth.autoscaling.hpa.targetMemory
[INFO] Auditing path $.vmauth.autoscaling.vpa
[INFO] Auditing path $.vmauth.autoscaling.vpa.annotations
[INFO] Auditing path $.vmauth.autoscaling.vpa.controlledResources
[INFO] Auditing path $.vmauth.autoscaling.vpa.enabled
[INFO] Auditing path $.vmauth.autoscaling.vpa.maxAllowed
[INFO] Auditing path $.vmauth.autoscaling.vpa.minAllowed
[INFO] Auditing path $.vmauth.autoscaling.vpa.updatePolicy
[INFO] Auditing path $.vmauth.autoscaling.vpa.updatePolicy.updateMode
[INFO] Auditing path $.vmauth.command
[INFO] Auditing path $.vmauth.configOverrides
[INFO] Auditing path $.vmauth.containerPorts
[INFO] Auditing path $.vmauth.containerPorts.http
[INFO] Auditing path $.vmauth.containerSecurityContext
[INFO] Auditing path $.vmauth.containerSecurityContext.allowPrivilegeEscalation
[INFO] Auditing path $.vmauth.containerSecurityContext.capabilities
[INFO] Auditing path $.vmauth.containerSecurityContext.capabilities.drop
[INFO] Auditing path $.vmauth.containerSecurityContext.enabled
[INFO] Auditing path $.vmauth.containerSecurityContext.privileged
[INFO] Auditing path $.vmauth.containerSecurityContext.readOnlyRootFilesystem
[INFO] Auditing path $.vmauth.containerSecurityContext.runAsGroup
[INFO] Auditing path $.vmauth.containerSecurityContext.runAsNonRoot
[INFO] Auditing path $.vmauth.containerSecurityContext.runAsUser
[INFO] Auditing path $.vmauth.containerSecurityContext.seLinuxOptions
[INFO] Auditing path $.vmauth.containerSecurityContext.seccompProfile
[INFO] Auditing path $.vmauth.containerSecurityContext.seccompProfile.type
[INFO] Auditing path $.vmauth.customLivenessProbe
[INFO] Auditing path $.vmauth.customReadinessProbe
[INFO] Auditing path $.vmauth.customStartupProbe
[INFO] Auditing path $.vmauth.enabled
[INFO] Auditing path $.vmauth.existingSecret
[INFO] Auditing path $.vmauth.extraArgs
[INFO] Auditing path $.vmauth.extraEnvVars
[INFO] Auditing path $.vmauth.extraEnvVarsCM
[INFO] Auditing path $.vmauth.extraEnvVarsSecret
[INFO] Auditing path $.vmauth.extraVolumeMounts
[INFO] Auditing path $.vmauth.extraVolumes
[INFO] Auditing path $.vmauth.hostAliases
[INFO] Auditing path $.vmauth.image
[INFO] Auditing path $.vmauth.image.digest
[INFO] Auditing path $.vmauth.image.pullPolicy
[INFO] Auditing path $.vmauth.image.pullSecrets
[INFO] Auditing path $.vmauth.image.registry
[INFO] Auditing path $.vmauth.image.repository
[INFO] Auditing path $.vmauth.image.tag
[INFO] Auditing path $.vmauth.ingress
[INFO] Auditing path $.vmauth.ingress.annotations
[INFO] Auditing path $.vmauth.ingress.apiVersion
[INFO] Auditing path $.vmauth.ingress.enabled
[INFO] Auditing path $.vmauth.ingress.extraHosts
[INFO] Auditing path $.vmauth.ingress.extraHosts[*].name
[INFO] Auditing path $.vmauth.ingress.extraHosts[*].path
[INFO] Auditing path $.vmauth.ingress.extraHosts[*].pathType
[INFO] Auditing path $.vmauth.ingress.extraPaths
[INFO] Auditing path $.vmauth.ingress.extraRules
[INFO] Auditing path $.vmauth.ingress.extraTls
[INFO] Auditing path $.vmauth.ingress.hostname
[INFO] Auditing path $.vmauth.ingress.ingressClassName
[INFO] Auditing path $.vmauth.ingress.path
[INFO] Auditing path $.vmauth.ingress.pathType
[INFO] Auditing path $.vmauth.ingress.secrets
[INFO] Auditing path $.vmauth.ingress.secrets[*].certificate
[INFO] Auditing path $.vmauth.ingress.secrets[*].key
[INFO] Auditing path $.vmauth.ingress.secrets[*].name
[INFO] Auditing path $.vmauth.ingress.selfSigned
[INFO] Auditing path $.vmauth.ingress.tls
[INFO] Auditing path $.vmauth.initContainers
[INFO] Auditing path $.vmauth.kind
[INFO] Auditing path $.vmauth.lifecycleHooks
[INFO] Auditing path $.vmauth.livenessProbe
[INFO] Auditing path $.vmauth.livenessProbe.enabled
[INFO] Auditing path $.vmauth.livenessProbe.failureThreshold
[INFO] Auditing path $.vmauth.livenessProbe.initialDelaySeconds
[INFO] Auditing path $.vmauth.livenessProbe.periodSeconds
[INFO] Auditing path $.vmauth.livenessProbe.successThreshold
[INFO] Auditing path $.vmauth.livenessProbe.timeoutSeconds
[INFO] Auditing path $.vmauth.metrics
[INFO] Auditing path $.vmauth.metrics.annotations
[INFO] Auditing path $.vmauth.metrics.enabled
[INFO] Auditing path $.vmauth.metrics.serviceMonitor
[INFO] Auditing path $.vmauth.metrics.serviceMonitor.annotations
[INFO] Auditing path $.vmauth.metrics.serviceMonitor.enabled
[INFO] Auditing path $.vmauth.metrics.serviceMonitor.honorLabels
[INFO] Auditing path $.vmauth.metrics.serviceMonitor.interval
[INFO] Auditing path $.vmauth.metrics.serviceMonitor.jobLabel
[INFO] Auditing path $.vmauth.metrics.serviceMonitor.labels
[INFO] Auditing path $.vmauth.metrics.serviceMonitor.metricRelabelings
[INFO] Auditing path $.vmauth.metrics.serviceMonitor.namespace
[INFO] Auditing path $.vmauth.metrics.serviceMonitor.relabelings
[INFO] Auditing path $.vmauth.metrics.serviceMonitor.scrapeTimeout
[INFO] Auditing path $.vmauth.metrics.serviceMonitor.selector
[INFO] Auditing path $.vmauth.networkPolicy
[INFO] Auditing path $.vmauth.networkPolicy.allowExternal
[INFO] Auditing path $.vmauth.networkPolicy.allowExternalEgress
[INFO] Auditing path $.vmauth.networkPolicy.enabled
[INFO] Auditing path $.vmauth.networkPolicy.extraEgress
[INFO] Auditing path $.vmauth.networkPolicy.extraIngress
[INFO] Auditing path $.vmauth.networkPolicy.ingressNSMatchLabels
[INFO] Auditing path $.vmauth.networkPolicy.ingressNSMatchLabels[*]
[INFO] Auditing path $.vmauth.networkPolicy.ingressNSPodMatchLabels
[INFO] Auditing path $.vmauth.networkPolicy.ingressNSPodMatchLabels[*]
[INFO] Auditing path $.vmauth.nodeAffinityPreset
[INFO] Auditing path $.vmauth.nodeAffinityPreset.key
[INFO] Auditing path $.vmauth.nodeAffinityPreset.type
[INFO] Auditing path $.vmauth.nodeAffinityPreset.values
[INFO] Auditing path $.vmauth.nodeSelector
[INFO] Auditing path $.vmauth.pdb
[INFO] Auditing path $.vmauth.pdb.create
[INFO] Auditing path $.vmauth.pdb.maxUnavailable
[INFO] Auditing path $.vmauth.pdb.minAvailable
[INFO] Auditing path $.vmauth.podAffinityPreset
[INFO] Auditing path $.vmauth.podAnnotations
[INFO] Auditing path $.vmauth.podAntiAffinityPreset
[INFO] Auditing path $.vmauth.podLabels
[INFO] Auditing path $.vmauth.podSecurityContext
[INFO] Auditing path $.vmauth.podSecurityContext.enabled
[INFO] Auditing path $.vmauth.podSecurityContext.fsGroup
[INFO] Auditing path $.vmauth.podSecurityContext.fsGroupChangePolicy
[INFO] Auditing path $.vmauth.podSecurityContext.supplementalGroups
[INFO] Auditing path $.vmauth.podSecurityContext.sysctls
[INFO] Auditing path $.vmauth.priorityClassName
[INFO] Auditing path $.vmauth.readinessProbe
[INFO] Auditing path $.vmauth.readinessProbe.enabled
[INFO] Auditing path $.vmauth.readinessProbe.failureThreshold
[INFO] Auditing path $.vmauth.readinessProbe.initialDelaySeconds
[INFO] Auditing path $.vmauth.readinessProbe.periodSeconds
[INFO] Auditing path $.vmauth.readinessProbe.successThreshold
[INFO] Auditing path $.vmauth.readinessProbe.timeoutSeconds
[INFO] Auditing path $.vmauth.replicaCount
[INFO] Auditing path $.vmauth.resources
[INFO] Auditing path $.vmauth.resourcesPreset
[INFO] Auditing path $.vmauth.schedulerName
[INFO] Auditing path $.vmauth.service
[INFO] Auditing path $.vmauth.service.annotations
[INFO] Auditing path $.vmauth.service.clusterIP
[INFO] Auditing path $.vmauth.service.externalTrafficPolicy
[INFO] Auditing path $.vmauth.service.extraPorts
[INFO] Auditing path $.vmauth.service.loadBalancerIP
[INFO] Auditing path $.vmauth.service.loadBalancerSourceRanges
[INFO] Auditing path $.vmauth.service.nodePorts
[INFO] Auditing path $.vmauth.service.nodePorts.http
[INFO] Auditing path $.vmauth.service.ports
[INFO] Auditing path $.vmauth.service.ports.http
[INFO] Auditing path $.vmauth.service.sessionAffinity
[INFO] Auditing path $.vmauth.service.sessionAffinityConfig
[INFO] Auditing path $.vmauth.service.type
[INFO] Auditing path $.vmauth.serviceAccount
[INFO] Auditing path $.vmauth.serviceAccount.annotations
[INFO] Auditing path $.vmauth.serviceAccount.automountServiceAccountToken
[INFO] Auditing path $.vmauth.serviceAccount.create
[INFO] Auditing path $.vmauth.serviceAccount.name
[INFO] Auditing path $.vmauth.sidecars
[INFO] Auditing path $.vmauth.startupProbe
[INFO] Auditing path $.vmauth.startupProbe.enabled
[INFO] Auditing path $.vmauth.startupProbe.failureThreshold
[INFO] Auditing path $.vmauth.startupProbe.initialDelaySeconds
[INFO] Auditing path $.vmauth.startupProbe.periodSeconds
[INFO] Auditing path $.vmauth.startupProbe.successThreshold
[INFO] Auditing path $.vmauth.startupProbe.timeoutSeconds
[INFO] Auditing path $.vmauth.terminationGracePeriodSeconds
[INFO] Auditing path $.vmauth.tolerations
[INFO] Auditing path $.vmauth.topologySpreadConstraints
[INFO] Auditing path $.vmauth.updateStrategy
[INFO] Auditing path $.vmauth.updateStrategy.type
[INFO] Auditing path $.vmauth
[INFO] Auditing path $.vminsert.affinity
[INFO] Auditing path $.vminsert.args
[INFO] Auditing path $.vminsert.automountServiceAccountToken
[INFO] Auditing path $.vminsert.autoscaling
[INFO] Auditing path $.vminsert.autoscaling.hpa
[INFO] Auditing path $.vminsert.autoscaling.hpa.enabled
[INFO] Auditing path $.vminsert.autoscaling.hpa.maxReplicas
[INFO] Auditing path $.vminsert.autoscaling.hpa.minReplicas
[INFO] Auditing path $.vminsert.autoscaling.hpa.targetCPU
[INFO] Auditing path $.vminsert.autoscaling.hpa.targetMemory
[INFO] Auditing path $.vminsert.autoscaling.vpa
[INFO] Auditing path $.vminsert.autoscaling.vpa.annotations
[INFO] Auditing path $.vminsert.autoscaling.vpa.controlledResources
[INFO] Auditing path $.vminsert.autoscaling.vpa.enabled
[INFO] Auditing path $.vminsert.autoscaling.vpa.maxAllowed
[INFO] Auditing path $.vminsert.autoscaling.vpa.minAllowed
[INFO] Auditing path $.vminsert.autoscaling.vpa.updatePolicy
[INFO] Auditing path $.vminsert.autoscaling.vpa.updatePolicy.updateMode
[INFO] Auditing path $.vminsert.command
[INFO] Auditing path $.vminsert.containerPorts
[INFO] Auditing path $.vminsert.containerPorts.http
[INFO] Auditing path $.vminsert.containerSecurityContext
[INFO] Auditing path $.vminsert.containerSecurityContext.allowPrivilegeEscalation
[INFO] Auditing path $.vminsert.containerSecurityContext.capabilities
[INFO] Auditing path $.vminsert.containerSecurityContext.capabilities.drop
[INFO] Auditing path $.vminsert.containerSecurityContext.enabled
[INFO] Auditing path $.vminsert.containerSecurityContext.privileged
[INFO] Auditing path $.vminsert.containerSecurityContext.readOnlyRootFilesystem
[INFO] Auditing path $.vminsert.containerSecurityContext.runAsGroup
[INFO] Auditing path $.vminsert.containerSecurityContext.runAsNonRoot
[INFO] Auditing path $.vminsert.containerSecurityContext.runAsUser
[INFO] Auditing path $.vminsert.containerSecurityContext.seLinuxOptions
[INFO] Auditing path $.vminsert.containerSecurityContext.seccompProfile
[INFO] Auditing path $.vminsert.containerSecurityContext.seccompProfile.type
[INFO] Auditing path $.vminsert.customLivenessProbe
[INFO] Auditing path $.vminsert.customReadinessProbe
[INFO] Auditing path $.vminsert.customStartupProbe
[INFO] Auditing path $.vminsert.deploymentAnnotations
[INFO] Auditing path $.vminsert.extraArgs
[INFO] Auditing path $.vminsert.extraEnvVars
[INFO] Auditing path $.vminsert.extraEnvVarsCM
[INFO] Auditing path $.vminsert.extraEnvVarsSecret
[INFO] Auditing path $.vminsert.extraVolumeMounts
[INFO] Auditing path $.vminsert.extraVolumes
[INFO] Auditing path $.vminsert.hostAliases
[INFO] Auditing path $.vminsert.image
[INFO] Auditing path $.vminsert.image.digest
[INFO] Auditing path $.vminsert.image.pullPolicy
[INFO] Auditing path $.vminsert.image.pullSecrets
[INFO] Auditing path $.vminsert.image.registry
[INFO] Auditing path $.vminsert.image.repository
[INFO] Auditing path $.vminsert.image.tag
[INFO] Auditing path $.vminsert.ingress
[INFO] Auditing path $.vminsert.ingress.annotations
[INFO] Auditing path $.vminsert.ingress.apiVersion
[INFO] Auditing path $.vminsert.ingress.enabled
[INFO] Auditing path $.vminsert.ingress.extraHosts
[INFO] Auditing path $.vminsert.ingress.extraHosts[*].name
[INFO] Auditing path $.vminsert.ingress.extraHosts[*].path
[INFO] Auditing path $.vminsert.ingress.extraHosts[*].pathType
[INFO] Auditing path $.vminsert.ingress.extraPaths
[INFO] Auditing path $.vminsert.ingress.extraRules
[INFO] Auditing path $.vminsert.ingress.extraTls
[INFO] Auditing path $.vminsert.ingress.hostname
[INFO] Auditing path $.vminsert.ingress.ingressClassName
[INFO] Auditing path $.vminsert.ingress.path
[INFO] Auditing path $.vminsert.ingress.pathType
[INFO] Auditing path $.vminsert.ingress.secrets
[INFO] Auditing path $.vminsert.ingress.secrets[*].certificate
[INFO] Auditing path $.vminsert.ingress.secrets[*].key
[INFO] Auditing path $.vminsert.ingress.secrets[*].name
[INFO] Auditing path $.vminsert.ingress.selfSigned
[INFO] Auditing path $.vminsert.ingress.tls
[INFO] Auditing path $.vminsert.initContainers
[INFO] Auditing path $.vminsert.lifecycleHooks
[INFO] Auditing path $.vminsert.livenessProbe
[INFO] Auditing path $.vminsert.livenessProbe.enabled
[INFO] Auditing path $.vminsert.livenessProbe.failureThreshold
[INFO] Auditing path $.vminsert.livenessProbe.initialDelaySeconds
[INFO] Auditing path $.vminsert.livenessProbe.periodSeconds
[INFO] Auditing path $.vminsert.livenessProbe.successThreshold
[INFO] Auditing path $.vminsert.livenessProbe.timeoutSeconds
[INFO] Auditing path $.vminsert.metrics
[INFO] Auditing path $.vminsert.metrics.annotations
[INFO] Auditing path $.vminsert.metrics.enabled
[INFO] Auditing path $.vminsert.metrics.serviceMonitor
[INFO] Auditing path $.vminsert.metrics.serviceMonitor.annotations
[INFO] Auditing path $.vminsert.metrics.serviceMonitor.enabled
[INFO] Auditing path $.vminsert.metrics.serviceMonitor.honorLabels
[INFO] Auditing path $.vminsert.metrics.serviceMonitor.interval
[INFO] Auditing path $.vminsert.metrics.serviceMonitor.jobLabel
[INFO] Auditing path $.vminsert.metrics.serviceMonitor.labels
[INFO] Auditing path $.vminsert.metrics.serviceMonitor.metricRelabelings
[INFO] Auditing path $.vminsert.metrics.serviceMonitor.namespace
[INFO] Auditing path $.vminsert.metrics.serviceMonitor.relabelings
[INFO] Auditing path $.vminsert.metrics.serviceMonitor.scrapeTimeout
[INFO] Auditing path $.vminsert.metrics.serviceMonitor.selector
[INFO] Auditing path $.vminsert.networkPolicy
[INFO] Auditing path $.vminsert.networkPolicy.allowExternal
[INFO] Auditing path $.vminsert.networkPolicy.allowExternalEgress
[INFO] Auditing path $.vminsert.networkPolicy.enabled
[INFO] Auditing path $.vminsert.networkPolicy.extraEgress
[INFO] Auditing path $.vminsert.networkPolicy.extraIngress
[INFO] Auditing path $.vminsert.networkPolicy.ingressNSMatchLabels
[INFO] Auditing path $.vminsert.networkPolicy.ingressNSMatchLabels[*]
[INFO] Auditing path $.vminsert.networkPolicy.ingressNSPodMatchLabels
[INFO] Auditing path $.vminsert.networkPolicy.ingressNSPodMatchLabels[*]
[INFO] Auditing path $.vminsert.nodeAffinityPreset
[INFO] Auditing path $.vminsert.nodeAffinityPreset.key
[INFO] Auditing path $.vminsert.nodeAffinityPreset.type
[INFO] Auditing path $.vminsert.nodeAffinityPreset.values
[INFO] Auditing path $.vminsert.nodeSelector
[INFO] Auditing path $.vminsert.pdb
[INFO] Auditing path $.vminsert.pdb.create
[INFO] Auditing path $.vminsert.pdb.maxUnavailable
[INFO] Auditing path $.vminsert.pdb.minAvailable
[INFO] Auditing path $.vminsert.podAffinityPreset
[INFO] Auditing path $.vminsert.podAnnotations
[INFO] Auditing path $.vminsert.podAntiAffinityPreset
[INFO] Auditing path $.vminsert.podLabels
[INFO] Auditing path $.vminsert.podSecurityContext
[INFO] Auditing path $.vminsert.podSecurityContext.enabled
[INFO] Auditing path $.vminsert.podSecurityContext.fsGroup
[INFO] Auditing path $.vminsert.podSecurityContext.fsGroupChangePolicy
[INFO] Auditing path $.vminsert.podSecurityContext.supplementalGroups
[INFO] Auditing path $.vminsert.podSecurityContext.sysctls
[INFO] Auditing path $.vminsert.priorityClassName
[INFO] Auditing path $.vminsert.readinessProbe
[INFO] Auditing path $.vminsert.readinessProbe.enabled
[INFO] Auditing path $.vminsert.readinessProbe.failureThreshold
[INFO] Auditing path $.vminsert.readinessProbe.initialDelaySeconds
[INFO] Auditing path $.vminsert.readinessProbe.periodSeconds
[INFO] Auditing path $.vminsert.readinessProbe.successThreshold
[INFO] Auditing path $.vminsert.readinessProbe.timeoutSeconds
[INFO] Auditing path $.vminsert.replicaCount
[INFO] Auditing path $.vminsert.resources
[INFO] Auditing path $.vminsert.resourcesPreset
[INFO] Auditing path $.vminsert.schedulerName
[INFO] Auditing path $.vminsert.service
[INFO] Auditing path $.vminsert.service.annotations
[INFO] Auditing path $.vminsert.service.clusterIP
[INFO] Auditing path $.vminsert.service.externalTrafficPolicy
[INFO] Auditing path $.vminsert.service.extraPorts
[INFO] Auditing path $.vminsert.service.loadBalancerIP
[INFO] Auditing path $.vminsert.service.loadBalancerSourceRanges
[INFO] Auditing path $.vminsert.service.nodePorts
[INFO] Auditing path $.vminsert.service.nodePorts.http
[INFO] Auditing path $.vminsert.service.ports
[INFO] Auditing path $.vminsert.service.ports.http
[INFO] Auditing path $.vminsert.service.sessionAffinity
[INFO] Auditing path $.vminsert.service.sessionAffinityConfig
[INFO] Auditing path $.vminsert.service.type
[INFO] Auditing path $.vminsert.serviceAccount
[INFO] Auditing path $.vminsert.serviceAccount.annotations
[INFO] Auditing path $.vminsert.serviceAccount.automountServiceAccountToken
[INFO] Auditing path $.vminsert.serviceAccount.create
[INFO] Auditing path $.vminsert.serviceAccount.name
[INFO] Auditing path $.vminsert.sidecars
[INFO] Auditing path $.vminsert.startupProbe
[INFO] Auditing path $.vminsert.startupProbe.enabled
[INFO] Auditing path $.vminsert.startupProbe.failureThreshold
[INFO] Auditing path $.vminsert.startupProbe.initialDelaySeconds
[INFO] Auditing path $.vminsert.startupProbe.periodSeconds
[INFO] Auditing path $.vminsert.startupProbe.successThreshold
[INFO] Auditing path $.vminsert.startupProbe.timeoutSeconds
[INFO] Auditing path $.vminsert.terminationGracePeriodSeconds
[INFO] Auditing path $.vminsert.tolerations
[INFO] Auditing path $.vminsert.topologySpreadConstraints
[INFO] Auditing path $.vminsert.updateStrategy
[INFO] Auditing path $.vminsert.updateStrategy.type
[INFO] Auditing path $.vminsert
[INFO] Auditing path $.vmselect.affinity
[INFO] Auditing path $.vmselect.annotations
[INFO] Auditing path $.vmselect.args
[INFO] Auditing path $.vmselect.automountServiceAccountToken
[INFO] Auditing path $.vmselect.autoscaling
[INFO] Auditing path $.vmselect.autoscaling.hpa
[INFO] Auditing path $.vmselect.autoscaling.hpa.enabled
[INFO] Auditing path $.vmselect.autoscaling.hpa.maxReplicas
[INFO] Auditing path $.vmselect.autoscaling.hpa.minReplicas
[INFO] Auditing path $.vmselect.autoscaling.hpa.targetCPU
[INFO] Auditing path $.vmselect.autoscaling.hpa.targetMemory
[INFO] Auditing path $.vmselect.autoscaling.vpa
[INFO] Auditing path $.vmselect.autoscaling.vpa.annotations
[INFO] Auditing path $.vmselect.autoscaling.vpa.controlledResources
[INFO] Auditing path $.vmselect.autoscaling.vpa.enabled
[INFO] Auditing path $.vmselect.autoscaling.vpa.maxAllowed
[INFO] Auditing path $.vmselect.autoscaling.vpa.minAllowed
[INFO] Auditing path $.vmselect.autoscaling.vpa.updatePolicy
[INFO] Auditing path $.vmselect.autoscaling.vpa.updatePolicy.updateMode
[INFO] Auditing path $.vmselect.command
[INFO] Auditing path $.vmselect.containerPorts
[INFO] Auditing path $.vmselect.containerPorts.http
[INFO] Auditing path $.vmselect.containerSecurityContext
[INFO] Auditing path $.vmselect.containerSecurityContext.allowPrivilegeEscalation
[INFO] Auditing path $.vmselect.containerSecurityContext.capabilities
[INFO] Auditing path $.vmselect.containerSecurityContext.capabilities.drop
[INFO] Auditing path $.vmselect.containerSecurityContext.enabled
[INFO] Auditing path $.vmselect.containerSecurityContext.privileged
[INFO] Auditing path $.vmselect.containerSecurityContext.readOnlyRootFilesystem
[INFO] Auditing path $.vmselect.containerSecurityContext.runAsGroup
[INFO] Auditing path $.vmselect.containerSecurityContext.runAsNonRoot
[INFO] Auditing path $.vmselect.containerSecurityContext.runAsUser
[INFO] Auditing path $.vmselect.containerSecurityContext.seLinuxOptions
[INFO] Auditing path $.vmselect.containerSecurityContext.seccompProfile
[INFO] Auditing path $.vmselect.containerSecurityContext.seccompProfile.type
[INFO] Auditing path $.vmselect.customLivenessProbe
[INFO] Auditing path $.vmselect.customReadinessProbe
[INFO] Auditing path $.vmselect.customStartupProbe
[INFO] Auditing path $.vmselect.extraArgs
[INFO] Auditing path $.vmselect.extraEnvVars
[INFO] Auditing path $.vmselect.extraEnvVarsCM
[INFO] Auditing path $.vmselect.extraEnvVarsSecret
[INFO] Auditing path $.vmselect.extraVolumeMounts
[INFO] Auditing path $.vmselect.extraVolumes
[INFO] Auditing path $.vmselect.hostAliases
[INFO] Auditing path $.vmselect.image
[INFO] Auditing path $.vmselect.image.digest
[INFO] Auditing path $.vmselect.image.pullPolicy
[INFO] Auditing path $.vmselect.image.pullSecrets
[INFO] Auditing path $.vmselect.image.registry
[INFO] Auditing path $.vmselect.image.repository
[INFO] Auditing path $.vmselect.image.tag
[INFO] Auditing path $.vmselect.ingress
[INFO] Auditing path $.vmselect.ingress.annotations
[INFO] Auditing path $.vmselect.ingress.apiVersion
[INFO] Auditing path $.vmselect.ingress.enabled
[INFO] Auditing path $.vmselect.ingress.extraHosts
[INFO] Auditing path $.vmselect.ingress.extraHosts[*].name
[INFO] Auditing path $.vmselect.ingress.extraHosts[*].path
[INFO] Auditing path $.vmselect.ingress.extraHosts[*].pathType
[INFO] Auditing path $.vmselect.ingress.extraPaths
[INFO] Auditing path $.vmselect.ingress.extraRules
[INFO] Auditing path $.vmselect.ingress.extraTls
[INFO] Auditing path $.vmselect.ingress.hostname
[INFO] Auditing path $.vmselect.ingress.ingressClassName
[INFO] Auditing path $.vmselect.ingress.path
[INFO] Auditing path $.vmselect.ingress.pathType
[INFO] Auditing path $.vmselect.ingress.secrets
[INFO] Auditing path $.vmselect.ingress.secrets[*].certificate
[INFO] Auditing path $.vmselect.ingress.secrets[*].key
[INFO] Auditing path $.vmselect.ingress.secrets[*].name
[INFO] Auditing path $.vmselect.ingress.selfSigned
[INFO] Auditing path $.vmselect.ingress.tls
[INFO] Auditing path $.vmselect.initContainers
[INFO] Auditing path $.vmselect.kind
[INFO] Auditing path $.vmselect.lifecycleHooks
[INFO] Auditing path $.vmselect.livenessProbe
[INFO] Auditing path $.vmselect.livenessProbe.enabled
[INFO] Auditing path $.vmselect.livenessProbe.failureThreshold
[INFO] Auditing path $.vmselect.livenessProbe.initialDelaySeconds
[INFO] Auditing path $.vmselect.livenessProbe.periodSeconds
[INFO] Auditing path $.vmselect.livenessProbe.successThreshold
[INFO] Auditing path $.vmselect.livenessProbe.timeoutSeconds
[INFO] Auditing path $.vmselect.metrics
[INFO] Auditing path $.vmselect.metrics.annotations
[INFO] Auditing path $.vmselect.metrics.enabled
[INFO] Auditing path $.vmselect.metrics.serviceMonitor
[INFO] Auditing path $.vmselect.metrics.serviceMonitor.annotations
[INFO] Auditing path $.vmselect.metrics.serviceMonitor.enabled
[INFO] Auditing path $.vmselect.metrics.serviceMonitor.honorLabels
[INFO] Auditing path $.vmselect.metrics.serviceMonitor.interval
[INFO] Auditing path $.vmselect.metrics.serviceMonitor.jobLabel
[INFO] Auditing path $.vmselect.metrics.serviceMonitor.labels
[INFO] Auditing path $.vmselect.metrics.serviceMonitor.metricRelabelings
[INFO] Auditing path $.vmselect.metrics.serviceMonitor.namespace
[INFO] Auditing path $.vmselect.metrics.serviceMonitor.relabelings
[INFO] Auditing path $.vmselect.metrics.serviceMonitor.scrapeTimeout
[INFO] Auditing path $.vmselect.metrics.serviceMonitor.selector
[INFO] Auditing path $.vmselect.networkPolicy
[INFO] Auditing path $.vmselect.networkPolicy.allowExternal
[INFO] Auditing path $.vmselect.networkPolicy.allowExternalEgress
[INFO] Auditing path $.vmselect.networkPolicy.enabled
[INFO] Auditing path $.vmselect.networkPolicy.extraEgress
[INFO] Auditing path $.vmselect.networkPolicy.extraIngress
[INFO] Auditing path $.vmselect.networkPolicy.ingressNSMatchLabels
[INFO] Auditing path $.vmselect.networkPolicy.ingressNSMatchLabels[*]
[INFO] Auditing path $.vmselect.networkPolicy.ingressNSPodMatchLabels
[INFO] Auditing path $.vmselect.networkPolicy.ingressNSPodMatchLabels[*]
[INFO] Auditing path $.vmselect.nodeAffinityPreset
[INFO] Auditing path $.vmselect.nodeAffinityPreset.key
[INFO] Auditing path $.vmselect.nodeAffinityPreset.type
[INFO] Auditing path $.vmselect.nodeAffinityPreset.values
[INFO] Auditing path $.vmselect.nodeSelector
[INFO] Auditing path $.vmselect.pdb
[INFO] Auditing path $.vmselect.pdb.create
[INFO] Auditing path $.vmselect.pdb.maxUnavailable
[INFO] Auditing path $.vmselect.pdb.minAvailable
[INFO] Auditing path $.vmselect.podAffinityPreset
[INFO] Auditing path $.vmselect.podAnnotations
[INFO] Auditing path $.vmselect.podAntiAffinityPreset
[INFO] Auditing path $.vmselect.podLabels
[INFO] Auditing path $.vmselect.podManagementPolicy
[INFO] Auditing path $.vmselect.podSecurityContext
[INFO] Auditing path $.vmselect.podSecurityContext.enabled
[INFO] Auditing path $.vmselect.podSecurityContext.fsGroup
[INFO] Auditing path $.vmselect.podSecurityContext.fsGroupChangePolicy
[INFO] Auditing path $.vmselect.podSecurityContext.supplementalGroups
[INFO] Auditing path $.vmselect.podSecurityContext.sysctls
[INFO] Auditing path $.vmselect.priorityClassName
[INFO] Auditing path $.vmselect.readinessProbe
[INFO] Auditing path $.vmselect.readinessProbe.enabled
[INFO] Auditing path $.vmselect.readinessProbe.failureThreshold
[INFO] Auditing path $.vmselect.readinessProbe.initialDelaySeconds
[INFO] Auditing path $.vmselect.readinessProbe.periodSeconds
[INFO] Auditing path $.vmselect.readinessProbe.successThreshold
[INFO] Auditing path $.vmselect.readinessProbe.timeoutSeconds
[INFO] Auditing path $.vmselect.replicaCount
[INFO] Auditing path $.vmselect.resources
[INFO] Auditing path $.vmselect.resourcesPreset
[INFO] Auditing path $.vmselect.schedulerName
[INFO] Auditing path $.vmselect.service
[INFO] Auditing path $.vmselect.service.annotations
[INFO] Auditing path $.vmselect.service.clusterIP
[INFO] Auditing path $.vmselect.service.externalTrafficPolicy
[INFO] Auditing path $.vmselect.service.extraPorts
[INFO] Auditing path $.vmselect.service.headless
[INFO] Auditing path $.vmselect.service.headless.annotations
[INFO] Auditing path $.vmselect.service.loadBalancerIP
[INFO] Auditing path $.vmselect.service.loadBalancerSourceRanges
[INFO] Auditing path $.vmselect.service.nodePorts
[INFO] Auditing path $.vmselect.service.nodePorts.http
[INFO] Auditing path $.vmselect.service.ports
[INFO] Auditing path $.vmselect.service.ports.http
[INFO] Auditing path $.vmselect.service.sessionAffinity
[INFO] Auditing path $.vmselect.service.sessionAffinityConfig
[INFO] Auditing path $.vmselect.service.type
[INFO] Auditing path $.vmselect.serviceAccount
[INFO] Auditing path $.vmselect.serviceAccount.annotations
[INFO] Auditing path $.vmselect.serviceAccount.automountServiceAccountToken
[INFO] Auditing path $.vmselect.serviceAccount.create
[INFO] Auditing path $.vmselect.serviceAccount.name
[INFO] Auditing path $.vmselect.sidecars
[INFO] Auditing path $.vmselect.startupProbe
[INFO] Auditing path $.vmselect.startupProbe.enabled
[INFO] Auditing path $.vmselect.startupProbe.failureThreshold
[INFO] Auditing path $.vmselect.startupProbe.initialDelaySeconds
[INFO] Auditing path $.vmselect.startupProbe.periodSeconds
[INFO] Auditing path $.vmselect.startupProbe.successThreshold
[INFO] Auditing path $.vmselect.startupProbe.timeoutSeconds
[INFO] Auditing path $.vmselect.terminationGracePeriodSeconds
[INFO] Auditing path $.vmselect.tolerations
[INFO] Auditing path $.vmselect.topologySpreadConstraints
[INFO] Auditing path $.vmselect.updateStrategy
[INFO] Auditing path $.vmselect.updateStrategy.type
[INFO] Auditing path $.vmselect
[INFO] Auditing path $.vmstorage.affinity
[INFO] Auditing path $.vmstorage.args
[INFO] Auditing path $.vmstorage.automountServiceAccountToken
[INFO] Auditing path $.vmstorage.autoscaling
[INFO] Auditing path $.vmstorage.autoscaling.hpa
[INFO] Auditing path $.vmstorage.autoscaling.hpa.enabled
[INFO] Auditing path $.vmstorage.autoscaling.hpa.maxReplicas
[INFO] Auditing path $.vmstorage.autoscaling.hpa.minReplicas
[INFO] Auditing path $.vmstorage.autoscaling.hpa.targetCPU
[INFO] Auditing path $.vmstorage.autoscaling.hpa.targetMemory
[INFO] Auditing path $.vmstorage.autoscaling.vpa
[INFO] Auditing path $.vmstorage.autoscaling.vpa.annotations
[INFO] Auditing path $.vmstorage.autoscaling.vpa.controlledResources
[INFO] Auditing path $.vmstorage.autoscaling.vpa.enabled
[INFO] Auditing path $.vmstorage.autoscaling.vpa.maxAllowed
[INFO] Auditing path $.vmstorage.autoscaling.vpa.minAllowed
[INFO] Auditing path $.vmstorage.autoscaling.vpa.updatePolicy
[INFO] Auditing path $.vmstorage.autoscaling.vpa.updatePolicy.updateMode
[INFO] Auditing path $.vmstorage.command
[INFO] Auditing path $.vmstorage.containerPorts
[INFO] Auditing path $.vmstorage.containerPorts.http
[INFO] Auditing path $.vmstorage.containerPorts.vminsert
[INFO] Auditing path $.vmstorage.containerPorts.vmselect
[INFO] Auditing path $.vmstorage.containerSecurityContext
[INFO] Auditing path $.vmstorage.containerSecurityContext.allowPrivilegeEscalation
[INFO] Auditing path $.vmstorage.containerSecurityContext.capabilities
[INFO] Auditing path $.vmstorage.containerSecurityContext.capabilities.drop
[INFO] Auditing path $.vmstorage.containerSecurityContext.enabled
[INFO] Auditing path $.vmstorage.containerSecurityContext.privileged
[INFO] Auditing path $.vmstorage.containerSecurityContext.readOnlyRootFilesystem
[INFO] Auditing path $.vmstorage.containerSecurityContext.runAsGroup
[INFO] Auditing path $.vmstorage.containerSecurityContext.runAsNonRoot
[INFO] Auditing path $.vmstorage.containerSecurityContext.runAsUser
[INFO] Auditing path $.vmstorage.containerSecurityContext.seLinuxOptions
[INFO] Auditing path $.vmstorage.containerSecurityContext.seccompProfile
[INFO] Auditing path $.vmstorage.containerSecurityContext.seccompProfile.type
[INFO] Auditing path $.vmstorage.customLivenessProbe
[INFO] Auditing path $.vmstorage.customReadinessProbe
[INFO] Auditing path $.vmstorage.customStartupProbe
[INFO] Auditing path $.vmstorage.extraArgs
[INFO] Auditing path $.vmstorage.extraEnvVars
[INFO] Auditing path $.vmstorage.extraEnvVarsCM
[INFO] Auditing path $.vmstorage.extraEnvVarsSecret
[INFO] Auditing path $.vmstorage.extraVolumeMounts
[INFO] Auditing path $.vmstorage.extraVolumes
[INFO] Auditing path $.vmstorage.hostAliases
[INFO] Auditing path $.vmstorage.image
[INFO] Auditing path $.vmstorage.image.digest
[INFO] Auditing path $.vmstorage.image.pullPolicy
[INFO] Auditing path $.vmstorage.image.pullSecrets
[INFO] Auditing path $.vmstorage.image.registry
[INFO] Auditing path $.vmstorage.image.repository
[INFO] Auditing path $.vmstorage.image.tag
[INFO] Auditing path $.vmstorage.initContainers
[INFO] Auditing path $.vmstorage.lifecycleHooks
[INFO] Auditing path $.vmstorage.livenessProbe
[INFO] Auditing path $.vmstorage.livenessProbe.enabled
[INFO] Auditing path $.vmstorage.livenessProbe.failureThreshold
[INFO] Auditing path $.vmstorage.livenessProbe.initialDelaySeconds
[INFO] Auditing path $.vmstorage.livenessProbe.periodSeconds
[INFO] Auditing path $.vmstorage.livenessProbe.successThreshold
[INFO] Auditing path $.vmstorage.livenessProbe.timeoutSeconds
[INFO] Auditing path $.vmstorage.metrics
[INFO] Auditing path $.vmstorage.metrics.annotations
[INFO] Auditing path $.vmstorage.metrics.enabled
[INFO] Auditing path $.vmstorage.metrics.serviceMonitor
[INFO] Auditing path $.vmstorage.metrics.serviceMonitor.annotations
[INFO] Auditing path $.vmstorage.metrics.serviceMonitor.enabled
[INFO] Auditing path $.vmstorage.metrics.serviceMonitor.honorLabels
[INFO] Auditing path $.vmstorage.metrics.serviceMonitor.interval
[INFO] Auditing path $.vmstorage.metrics.serviceMonitor.jobLabel
[INFO] Auditing path $.vmstorage.metrics.serviceMonitor.labels
[INFO] Auditing path $.vmstorage.metrics.serviceMonitor.metricRelabelings
[INFO] Auditing path $.vmstorage.metrics.serviceMonitor.namespace
[INFO] Auditing path $.vmstorage.metrics.serviceMonitor.relabelings
[INFO] Auditing path $.vmstorage.metrics.serviceMonitor.scrapeTimeout
[INFO] Auditing path $.vmstorage.metrics.serviceMonitor.selector
[INFO] Auditing path $.vmstorage.networkPolicy
[INFO] Auditing path $.vmstorage.networkPolicy.allowExternal
[INFO] Auditing path $.vmstorage.networkPolicy.allowExternalEgress
[INFO] Auditing path $.vmstorage.networkPolicy.enabled
[INFO] Auditing path $.vmstorage.networkPolicy.extraEgress
[INFO] Auditing path $.vmstorage.networkPolicy.extraIngress
[INFO] Auditing path $.vmstorage.networkPolicy.ingressNSMatchLabels
[INFO] Auditing path $.vmstorage.networkPolicy.ingressNSMatchLabels[*]
[INFO] Auditing path $.vmstorage.networkPolicy.ingressNSPodMatchLabels
[INFO] Auditing path $.vmstorage.networkPolicy.ingressNSPodMatchLabels[*]
[INFO] Auditing path $.vmstorage.nodeAffinityPreset
[INFO] Auditing path $.vmstorage.nodeAffinityPreset.key
[INFO] Auditing path $.vmstorage.nodeAffinityPreset.type
[INFO] Auditing path $.vmstorage.nodeAffinityPreset.values
[INFO] Auditing path $.vmstorage.nodeSelector
[INFO] Auditing path $.vmstorage.pdb
[INFO] Auditing path $.vmstorage.pdb.create
[INFO] Auditing path $.vmstorage.pdb.maxUnavailable
[INFO] Auditing path $.vmstorage.pdb.minAvailable
[INFO] Auditing path $.vmstorage.persistence
[INFO] Auditing path $.vmstorage.persistence.accessModes
[INFO] Auditing path $.vmstorage.persistence.accessModes[*]
[INFO] Auditing path $.vmstorage.persistence.annotations
[INFO] Auditing path $.vmstorage.persistence.dataSource
[INFO] Auditing path $.vmstorage.persistence.enabled
[INFO] Auditing path $.vmstorage.persistence.existingClaim
[INFO] Auditing path $.vmstorage.persistence.extraVolumeClaimTemplates
[INFO] Auditing path $.vmstorage.persistence.mountPath
[INFO] Auditing path $.vmstorage.persistence.selector
[INFO] Auditing path $.vmstorage.persistence.size
[INFO] Auditing path $.vmstorage.persistence.storageClass
[INFO] Auditing path $.vmstorage.podAffinityPreset
[INFO] Auditing path $.vmstorage.podAnnotations
[INFO] Auditing path $.vmstorage.podAntiAffinityPreset
[INFO] Auditing path $.vmstorage.podLabels
[INFO] Auditing path $.vmstorage.podManagementPolicy
[INFO] Auditing path $.vmstorage.podSecurityContext
[INFO] Auditing path $.vmstorage.podSecurityContext.enabled
[INFO] Auditing path $.vmstorage.podSecurityContext.fsGroup
[INFO] Auditing path $.vmstorage.podSecurityContext.fsGroupChangePolicy
[INFO] Auditing path $.vmstorage.podSecurityContext.supplementalGroups
[INFO] Auditing path $.vmstorage.podSecurityContext.sysctls
[INFO] Auditing path $.vmstorage.priorityClassName
[INFO] Auditing path $.vmstorage.readinessProbe
[INFO] Auditing path $.vmstorage.readinessProbe.enabled
[INFO] Auditing path $.vmstorage.readinessProbe.failureThreshold
[INFO] Auditing path $.vmstorage.readinessProbe.initialDelaySeconds
[INFO] Auditing path $.vmstorage.readinessProbe.periodSeconds
[INFO] Auditing path $.vmstorage.readinessProbe.successThreshold
[INFO] Auditing path $.vmstorage.readinessProbe.timeoutSeconds
[INFO] Auditing path $.vmstorage.replicaCount
[INFO] Auditing path $.vmstorage.resources
[INFO] Auditing path $.vmstorage.resourcesPreset
[INFO] Auditing path $.vmstorage.retentionPeriod
[INFO] Auditing path $.vmstorage.schedulerName
[INFO] Auditing path $.vmstorage.service
[INFO] Auditing path $.vmstorage.service.annotations
[INFO] Auditing path $.vmstorage.service.clusterIP
[INFO] Auditing path $.vmstorage.service.externalTrafficPolicy
[INFO] Auditing path $.vmstorage.service.extraPorts
[INFO] Auditing path $.vmstorage.service.headless
[INFO] Auditing path $.vmstorage.service.headless.annotations
[INFO] Auditing path $.vmstorage.service.loadBalancerIP
[INFO] Auditing path $.vmstorage.service.loadBalancerSourceRanges
[INFO] Auditing path $.vmstorage.service.nodePorts
[INFO] Auditing path $.vmstorage.service.nodePorts.http
[INFO] Auditing path $.vmstorage.service.ports
[INFO] Auditing path $.vmstorage.service.ports.http
[INFO] Auditing path $.vmstorage.service.sessionAffinity
[INFO] Auditing path $.vmstorage.service.sessionAffinityConfig
[INFO] Auditing path $.vmstorage.service.type
[INFO] Auditing path $.vmstorage.serviceAccount
[INFO] Auditing path $.vmstorage.serviceAccount.annotations
[INFO] Auditing path $.vmstorage.serviceAccount.automountServiceAccountToken
[INFO] Auditing path $.vmstorage.serviceAccount.create
[INFO] Auditing path $.vmstorage.serviceAccount.name
[INFO] Auditing path $.vmstorage.sidecars
[INFO] Auditing path $.vmstorage.startupProbe
[INFO] Auditing path $.vmstorage.startupProbe.enabled
[INFO] Auditing path $.vmstorage.startupProbe.failureThreshold
[INFO] Auditing path $.vmstorage.startupProbe.initialDelaySeconds
[INFO] Auditing path $.vmstorage.startupProbe.periodSeconds
[INFO] Auditing path $.vmstorage.startupProbe.successThreshold
[INFO] Auditing path $.vmstorage.startupProbe.timeoutSeconds
[INFO] Auditing path $.vmstorage.statefulsetAnnotations
[INFO] Auditing path $.vmstorage.terminationGracePeriodSeconds
[INFO] Auditing path $.vmstorage.tolerations
[INFO] Auditing path $.vmstorage.topologySpreadConstraints
[INFO] Auditing path $.vmstorage.updateStrategy
[INFO] Auditing path $.vmstorage.updateStrategy.type
[INFO] Auditing path $.vmstorage
