[INFO] Auditing path $.global.imagePullSecrets
[INFO] Auditing path $.global.imageRegistry
[INFO] Auditing path $.upgradeJob.affinity
[INFO] Auditing path $.upgradeJob.annotations
[INFO] Auditing path $.upgradeJob.automountServiceAccountToken
[INFO] Auditing path $.upgradeJob.containerSecurityContext
[INFO] Auditing path $.upgradeJob.enabled
[INFO] Auditing path $.upgradeJob.env
[INFO] Auditing path $.upgradeJob.env[*]
[INFO] Auditing path $.upgradeJob.extraVolumeMounts
[INFO] Auditing path $.upgradeJob.extraVolumes
[INFO] Auditing path $.upgradeJob.forceConflicts
[INFO] Auditing path $.upgradeJob.image.busybox.pullPolicy
[INFO] Auditing path $.upgradeJob.image.busybox.registry
[INFO] Auditing path $.upgradeJob.image.busybox.repository
[INFO] Auditing path $.upgradeJob.image.busybox.sha
[INFO] Auditing path $.upgradeJob.image.busybox.tag
[INFO] Auditing path $.upgradeJob.image.kubectl.pullPolicy
[INFO] Auditing path $.upgradeJob.image.kubectl.registry
[INFO] Auditing path $.upgradeJob.image.kubectl.repository
[INFO] Auditing path $.upgradeJob.image.kubectl.sha
[INFO] Auditing path $.upgradeJob.image.kubectl.tag
[INFO] Auditing path $.upgradeJob.image.sha
[INFO] Auditing path $.upgradeJob.labels
[INFO] Auditing path $.upgradeJob.nodeSelector
[INFO] Auditing path $.upgradeJob.podAnnotations
[INFO] Auditing path $.upgradeJob.podLabels
[INFO] Auditing path $.upgradeJob.podSecurityContext
[INFO] Auditing path $.upgradeJob.resources
[INFO] Auditing path $.upgradeJob.serviceAccount.annotations
[INFO] Auditing path $.upgradeJob.serviceAccount.automountServiceAccountToken
[INFO] Auditing path $.upgradeJob.serviceAccount.create
[INFO] Auditing path $.upgradeJob.serviceAccount.labels
[INFO] Auditing path $.upgradeJob.tolerations
[INFO] Auditing path $.upgradeJob.topologySpreadConstraints
[INFO] Auditing path $.upgradeJob
