[INFO] Auditing path $.advancedConfiguration
[INFO] Auditing path $.advancedConfigurationExistingSecret
[INFO] Auditing path $.affinity
[INFO] Auditing path $.args
[INFO] Auditing path $.auth.enableLoopbackUser
[INFO] Auditing path $.auth.erlangCookie
[INFO] Auditing path $.auth.existingErlangSecret
[INFO] Auditing path $.auth.existingPasswordSecret
[INFO] Auditing path $.auth.existingSecretErlangKey
[INFO] Auditing path $.auth.existingSecretPasswordKey
[INFO] Auditing path $.auth.password
[INFO] Auditing path $.auth.securePassword
[INFO] Auditing path $.auth.tls
[INFO] Auditing path $.auth.tls.autoGenerated
[INFO] Auditing path $.auth.tls.caCertificate
[INFO] Auditing path $.auth.tls.enabled
[INFO] Auditing path $.auth.tls.existingSecret
[INFO] Auditing path $.auth.tls.existingSecretFullChain
[INFO] Auditing path $.auth.tls.failIfNoPeerCert
[INFO] Auditing path $.auth.tls.overrideCaCertificate
[INFO] Auditing path $.auth.tls.serverCertificate
[INFO] Auditing path $.auth.tls.serverKey
[INFO] Auditing path $.auth.tls.sslOptionsPassword
[INFO] Auditing path $.auth.tls.sslOptionsPassword.enabled
[INFO] Auditing path $.auth.tls.sslOptionsPassword.existingSecret
[INFO] Auditing path $.auth.tls.sslOptionsPassword.key
[INFO] Auditing path $.auth.tls.sslOptionsPassword.password
[INFO] Auditing path $.auth.tls.sslOptionsVerify
[INFO] Auditing path $.auth.updatePassword
[INFO] Auditing path $.auth.username
[INFO] Auditing path $.auth
[INFO] Auditing path $.automountServiceAccountToken
[INFO] Auditing path $.clusterDomain
[INFO] Auditing path $.clustering.addressType
[INFO] Auditing path $.clustering.enabled
[INFO] Auditing path $.clustering.forceBoot
[INFO] Auditing path $.clustering.name
[INFO] Auditing path $.clustering.partitionHandling
[INFO] Auditing path $.clustering.rebalance
[INFO] Auditing path $.clustering
[INFO] Auditing path $.command
[INFO] Auditing path $.commonAnnotations
[INFO] Auditing path $.commonLabels
[INFO] Auditing path $.communityPlugins
[INFO] Auditing path $.configuration
[INFO] Auditing path $.configurationExistingSecret
[INFO] Auditing path $.containerPorts.amqp
[INFO] Auditing path $.containerPorts.amqpTls
[INFO] Auditing path $.containerPorts.dist
[INFO] Auditing path $.containerPorts.epmd
[INFO] Auditing path $.containerPorts.manager
[INFO] Auditing path $.containerPorts.metrics
[INFO] Auditing path $.containerPorts
[INFO] Auditing path $.containerSecurityContext.allowPrivilegeEscalation
[INFO] Auditing path $.containerSecurityContext.capabilities
[INFO] Auditing path $.containerSecurityContext.capabilities.drop
[INFO] Auditing path $.containerSecurityContext.enabled
[INFO] Auditing path $.containerSecurityContext.readOnlyRootFilesystem
[INFO] Auditing path $.containerSecurityContext.runAsGroup
[INFO] Auditing path $.containerSecurityContext.runAsNonRoot
[INFO] Auditing path $.containerSecurityContext.runAsUser
[INFO] Auditing path $.containerSecurityContext.seLinuxOptions
[INFO] Auditing path $.containerSecurityContext.seccompProfile
[INFO] Auditing path $.containerSecurityContext.seccompProfile.type
[INFO] Auditing path $.containerSecurityContext
[INFO] Auditing path $.customLivenessProbe
[INFO] Auditing path $.customReadinessProbe
[INFO] Auditing path $.customStartupProbe
[INFO] Auditing path $.diagnosticMode.args
[INFO] Auditing path $.diagnosticMode.command
[INFO] Auditing path $.diagnosticMode.enabled
[INFO] Auditing path $.diagnosticMode
[INFO] Auditing path $.dnsConfig
[INFO] Auditing path $.dnsPolicy
[INFO] Auditing path $.enableServiceLinks
[INFO] Auditing path $.extraConfiguration
[INFO] Auditing path $.extraConfigurationExistingSecret
[INFO] Auditing path $.extraContainerPorts
[INFO] Auditing path $.extraDeploy[*]
[INFO] Auditing path $.extraDeploy
[INFO] Auditing path $.extraEnvVars
[INFO] Auditing path $.extraEnvVarsCM
[INFO] Auditing path $.extraEnvVarsSecret
[INFO] Auditing path $.extraPlugins
[INFO] Auditing path $.extraSecrets[*]
[INFO] Auditing path $.extraSecrets
[INFO] Auditing path $.extraSecretsPrependReleaseName
[INFO] Auditing path $.extraVolumeMounts
[INFO] Auditing path $.extraVolumes
[INFO] Auditing path $.featureFlags
[INFO] Auditing path $.fullnameOverride
[INFO] Auditing path $.global.compatibility
[INFO] Auditing path $.global.compatibility.openshift
[INFO] Auditing path $.global.compatibility.openshift.adaptSecurityContext
[INFO] Auditing path $.global.defaultStorageClass
[INFO] Auditing path $.global.imagePullSecrets
[INFO] Auditing path $.global.imageRegistry
[INFO] Auditing path $.global.security
[INFO] Auditing path $.global.security.allowInsecureImages
[INFO] Auditing path $.global.storageClass
[INFO] Auditing path $.global
[INFO] Auditing path $.hostAliases
[INFO] Auditing path $.hostPorts.amqp
[INFO] Auditing path $.hostPorts.amqpTls
[INFO] Auditing path $.hostPorts.manager
[INFO] Auditing path $.hostPorts.metrics
[INFO] Auditing path $.hostPorts
[INFO] Auditing path $.image.debug
[INFO] Auditing path $.image.digest
[INFO] Auditing path $.image.pullPolicy
[INFO] Auditing path $.image.pullSecrets
[INFO] Auditing path $.image.registry
[INFO] Auditing path $.image.repository
[INFO] Auditing path $.image.tag
[INFO] Auditing path $.image
[INFO] Auditing path $.ingress.annotations
[INFO] Auditing path $.ingress.enabled
[INFO] Auditing path $.ingress.existingSecret
[INFO] Auditing path $.ingress.extraHosts
[INFO] Auditing path $.ingress.extraHosts[*].name
[INFO] Auditing path $.ingress.extraHosts[*].path
[INFO] Auditing path $.ingress.extraHosts[*].pathType
[INFO] Auditing path $.ingress.extraPaths
[INFO] Auditing path $.ingress.extraRules
[INFO] Auditing path $.ingress.extraTls
[INFO] Auditing path $.ingress.hostname
[INFO] Auditing path $.ingress.ingressClassName
[INFO] Auditing path $.ingress.path
[INFO] Auditing path $.ingress.pathType
[INFO] Auditing path $.ingress.secrets
[INFO] Auditing path $.ingress.secrets[*].Values.commonAnnotations
[INFO] Auditing path $.ingress.secrets[*].certificate
[INFO] Auditing path $.ingress.secrets[*].key
[INFO] Auditing path $.ingress.secrets[*].name
[INFO] Auditing path $.ingress.selfSigned
[INFO] Auditing path $.ingress.tls
[INFO] Auditing path $.ingress
[INFO] Auditing path $.initContainers
[INFO] Auditing path $.initScripts
[INFO] Auditing path $.initScriptsCM
[INFO] Auditing path $.initScriptsSecret
[INFO] Auditing path $.kubeVersion
[INFO] Auditing path $.ldap.authorisationEnabled
[INFO] Auditing path $.ldap.basedn
[INFO] Auditing path $.ldap.binddn
[INFO] Auditing path $.ldap.bindpw
[INFO] Auditing path $.ldap.enabled
[INFO] Auditing path $.ldap.port
[INFO] Auditing path $.ldap.servers
[INFO] Auditing path $.ldap.tls
[INFO] Auditing path $.ldap.tls.CAFilename
[INFO] Auditing path $.ldap.tls.certFilename
[INFO] Auditing path $.ldap.tls.certKeyFilename
[INFO] Auditing path $.ldap.tls.certificatesMountPath
[INFO] Auditing path $.ldap.tls.certificatesSecret
[INFO] Auditing path $.ldap.tls.enabled
[INFO] Auditing path $.ldap.tls.skipVerify
[INFO] Auditing path $.ldap.tls.startTls
[INFO] Auditing path $.ldap.tls.verify
[INFO] Auditing path $.ldap.uidField
[INFO] Auditing path $.ldap.uri
[INFO] Auditing path $.ldap.userDnPattern
[INFO] Auditing path $.ldap.user_dn_pattern
[INFO] Auditing path $.ldap
[INFO] Auditing path $.lifecycleHooks
[INFO] Auditing path $.livenessProbe.enabled
[INFO] Auditing path $.livenessProbe.failureThreshold
[INFO] Auditing path $.livenessProbe.initialDelaySeconds
[INFO] Auditing path $.livenessProbe.periodSeconds
[INFO] Auditing path $.livenessProbe.successThreshold
[INFO] Auditing path $.livenessProbe.timeoutSeconds
[INFO] Auditing path $.livenessProbe
[INFO] Auditing path $.loadDefinition.enabled
[INFO] Auditing path $.loadDefinition.existingSecret
[INFO] Auditing path $.loadDefinition.file
[INFO] Auditing path $.loadDefinition
[INFO] Auditing path $.logs
[INFO] Auditing path $.maxAvailableSchedulers
[INFO] Auditing path $.memoryHighWatermark.enabled
[INFO] Auditing path $.memoryHighWatermark.type
[INFO] Auditing path $.memoryHighWatermark.value
[INFO] Auditing path $.memoryHighWatermark
[INFO] Auditing path $.metrics.enabled
[INFO] Auditing path $.metrics.plugins
[INFO] Auditing path $.metrics.podAnnotations
[INFO] Auditing path $.metrics.podAnnotations["prometheus.io/port"]
[INFO] Auditing path $.metrics.podAnnotations["prometheus.io/scrape"]
[INFO] Auditing path $.metrics.prometheusRule
[INFO] Auditing path $.metrics.prometheusRule.additionalLabels
[INFO] Auditing path $.metrics.prometheusRule.enabled
[INFO] Auditing path $.metrics.prometheusRule.namespace
[INFO] Auditing path $.metrics.prometheusRule.rules
[INFO] Auditing path $.metrics.serviceMonitor
[INFO] Auditing path $.metrics.serviceMonitor.annotations
[INFO] Auditing path $.metrics.serviceMonitor.default
[INFO] Auditing path $.metrics.serviceMonitor.default.enabled
[INFO] Auditing path $.metrics.serviceMonitor.default.honorLabels
[INFO] Auditing path $.metrics.serviceMonitor.default.interval
[INFO] Auditing path $.metrics.serviceMonitor.default.metricRelabelings
[INFO] Auditing path $.metrics.serviceMonitor.default.relabelings
[INFO] Auditing path $.metrics.serviceMonitor.default.scrapeTimeout
[INFO] Auditing path $.metrics.serviceMonitor.detailed
[INFO] Auditing path $.metrics.serviceMonitor.detailed.enabled
[INFO] Auditing path $.metrics.serviceMonitor.detailed.family
[INFO] Auditing path $.metrics.serviceMonitor.detailed.family[*]
[INFO] Auditing path $.metrics.serviceMonitor.detailed.honorLabels
[INFO] Auditing path $.metrics.serviceMonitor.detailed.interval
[INFO] Auditing path $.metrics.serviceMonitor.detailed.metricRelabelings
[INFO] Auditing path $.metrics.serviceMonitor.detailed.relabelings
[INFO] Auditing path $.metrics.serviceMonitor.detailed.scrapeTimeout
[INFO] Auditing path $.metrics.serviceMonitor.detailed.vhost
[INFO] Auditing path $.metrics.serviceMonitor.detailed.vhost[*]
[INFO] Auditing path $.metrics.serviceMonitor.enabled
[INFO] Auditing path $.metrics.serviceMonitor.honorLabels
[INFO] Auditing path $.metrics.serviceMonitor.interval
[INFO] Auditing path $.metrics.serviceMonitor.jobLabel
[INFO] Auditing path $.metrics.serviceMonitor.labels
[INFO] Auditing path $.metrics.serviceMonitor.metricRelabelings
[INFO] Auditing path $.metrics.serviceMonitor.namespace
[INFO] Auditing path $.metrics.serviceMonitor.params
[INFO] Auditing path $.metrics.serviceMonitor.path
[INFO] Auditing path $.metrics.serviceMonitor.perObject
[INFO] Auditing path $.metrics.serviceMonitor.perObject.enabled
[INFO] Auditing path $.metrics.serviceMonitor.perObject.honorLabels
[INFO] Auditing path $.metrics.serviceMonitor.perObject.interval
[INFO] Auditing path $.metrics.serviceMonitor.perObject.metricRelabelings
[INFO] Auditing path $.metrics.serviceMonitor.perObject.relabelings
[INFO] Auditing path $.metrics.serviceMonitor.perObject.scrapeTimeout
[INFO] Auditing path $.metrics.serviceMonitor.podTargetLabels
[INFO] Auditing path $.metrics.serviceMonitor.relabelings
[INFO] Auditing path $.metrics.serviceMonitor.scrapeTimeout
[INFO] Auditing path $.metrics.serviceMonitor.selector
[INFO] Auditing path $.metrics.serviceMonitor.targetLabels
[INFO] Auditing path $.metrics
[INFO] Auditing path $.nameOverride
[INFO] Auditing path $.namespaceOverride
[INFO] Auditing path $.networkPolicy.addExternalClientAccess
[INFO] Auditing path $.networkPolicy.allowExternal
[INFO] Auditing path $.networkPolicy.allowExternalEgress
[INFO] Auditing path $.networkPolicy.enabled
[INFO] Auditing path $.networkPolicy.extraEgress
[INFO] Auditing path $.networkPolicy.extraIngress
[INFO] Auditing path $.networkPolicy.ingressNSMatchLabels
[INFO] Auditing path $.networkPolicy.ingressNSPodMatchLabels
[INFO] Auditing path $.networkPolicy.ingressPodMatchLabels
[INFO] Auditing path $.networkPolicy.kubeAPIServerPorts
[INFO] Auditing path $.networkPolicy
[INFO] Auditing path $.nodeAffinityPreset.key
[INFO] Auditing path $.nodeAffinityPreset.type
[INFO] Auditing path $.nodeAffinityPreset.values
[INFO] Auditing path $.nodeAffinityPreset
[INFO] Auditing path $.nodeSelector
[INFO] Auditing path $.onlineSchedulers
[INFO] Auditing path $.pdb.create
[INFO] Auditing path $.pdb.maxUnavailable
[INFO] Auditing path $.pdb.minAvailable
[INFO] Auditing path $.pdb
[INFO] Auditing path $.persistence.accessModes
[INFO] Auditing path $.persistence.annotations
[INFO] Auditing path $.persistence.enabled
[INFO] Auditing path $.persistence.existingClaim
[INFO] Auditing path $.persistence.labels
[INFO] Auditing path $.persistence.mountPath
[INFO] Auditing path $.persistence.selector
[INFO] Auditing path $.persistence.size
[INFO] Auditing path $.persistence.storageClass
[INFO] Auditing path $.persistence.subPath
[INFO] Auditing path $.persistence
[INFO] Auditing path $.persistentVolumeClaimRetentionPolicy.enabled
[INFO] Auditing path $.persistentVolumeClaimRetentionPolicy.whenDeleted
[INFO] Auditing path $.persistentVolumeClaimRetentionPolicy.whenScaled
[INFO] Auditing path $.persistentVolumeClaimRetentionPolicy
[INFO] Auditing path $.plugins
[INFO] Auditing path $.podAffinityPreset
[INFO] Auditing path $.podAnnotations
[INFO] Auditing path $.podAntiAffinityPreset
[INFO] Auditing path $.podLabels
[INFO] Auditing path $.podManagementPolicy
[INFO] Auditing path $.podSecurityContext.enabled
[INFO] Auditing path $.podSecurityContext.fsGroup
[INFO] Auditing path $.podSecurityContext.fsGroupChangePolicy
[INFO] Auditing path $.podSecurityContext.supplementalGroups
[INFO] Auditing path $.podSecurityContext.sysctls
[INFO] Auditing path $.podSecurityContext
[INFO] Auditing path $.priorityClassName
[INFO] Auditing path $.queue_leader_locator
[INFO] Auditing path $.queue_master_locator
[INFO] Auditing path $.rbac.create
[INFO] Auditing path $.rbac.rules
[INFO] Auditing path $.rbac
[INFO] Auditing path $.readinessProbe.enabled
[INFO] Auditing path $.readinessProbe.failureThreshold
[INFO] Auditing path $.readinessProbe.initialDelaySeconds
[INFO] Auditing path $.readinessProbe.periodSeconds
[INFO] Auditing path $.readinessProbe.successThreshold
[INFO] Auditing path $.readinessProbe.timeoutSeconds
[INFO] Auditing path $.readinessProbe
[INFO] Auditing path $.replicaCount
[INFO] Auditing path $.resources
[INFO] Auditing path $.resourcesPreset
[INFO] Auditing path $.schedulerName
[INFO] Auditing path $.service.allocateLoadBalancerNodePorts
[INFO] Auditing path $.service.annotations
[INFO] Auditing path $.service.annotationsHeadless
[INFO] Auditing path $.service.clusterIP
[INFO] Auditing path $.service.distPortEnabled
[INFO] Auditing path $.service.epmdPortEnabled
[INFO] Auditing path $.service.externalIPs
[INFO] Auditing path $.service.externalTrafficPolicy
[INFO] Auditing path $.service.extraPorts
[INFO] Auditing path $.service.extraPortsHeadless
[INFO] Auditing path $.service.headless
[INFO] Auditing path $.service.headless.annotations
[INFO] Auditing path $.service.labels
[INFO] Auditing path $.service.loadBalancerClass
[INFO] Auditing path $.service.loadBalancerIP
[INFO] Auditing path $.service.loadBalancerSourceRanges
[INFO] Auditing path $.service.managerPortEnabled
[INFO] Auditing path $.service.nodePorts
[INFO] Auditing path $.service.nodePorts.amqp
[INFO] Auditing path $.service.nodePorts.amqpTls
[INFO] Auditing path $.service.nodePorts.dist
[INFO] Auditing path $.service.nodePorts.epmd
[INFO] Auditing path $.service.nodePorts.manager
[INFO] Auditing path $.service.nodePorts.metrics
[INFO] Auditing path $.service.portEnabled
[INFO] Auditing path $.service.portNames
[INFO] Auditing path $.service.portNames.amqp
[INFO] Auditing path $.service.portNames.amqpTls
[INFO] Auditing path $.service.portNames.dist
[INFO] Auditing path $.service.portNames.epmd
[INFO] Auditing path $.service.portNames.manager
[INFO] Auditing path $.service.portNames.metrics
[INFO] Auditing path $.service.ports
[INFO] Auditing path $.service.ports.amqp
[INFO] Auditing path $.service.ports.amqpTls
[INFO] Auditing path $.service.ports.dist
[INFO] Auditing path $.service.ports.epmd
[INFO] Auditing path $.service.ports.manager
[INFO] Auditing path $.service.ports.metrics
[INFO] Auditing path $.service.sessionAffinity
[INFO] Auditing path $.service.sessionAffinityConfig
[INFO] Auditing path $.service.trafficDistribution
[INFO] Auditing path $.service.type
[INFO] Auditing path $.service
[INFO] Auditing path $.serviceAccount.annotations
[INFO] Auditing path $.serviceAccount.automountServiceAccountToken
[INFO] Auditing path $.serviceAccount.create
[INFO] Auditing path $.serviceAccount.name
[INFO] Auditing path $.serviceAccount
[INFO] Auditing path $.serviceBindings.enabled
[INFO] Auditing path $.serviceBindings
[INFO] Auditing path $.servicenameOverride
[INFO] Auditing path $.sidecars
[INFO] Auditing path $.startupProbe.enabled
[INFO] Auditing path $.startupProbe.failureThreshold
[INFO] Auditing path $.startupProbe.initialDelaySeconds
[INFO] Auditing path $.startupProbe.periodSeconds
[INFO] Auditing path $.startupProbe.successThreshold
[INFO] Auditing path $.startupProbe.timeoutSeconds
[INFO] Auditing path $.startupProbe
[INFO] Auditing path $.statefulsetAnnotations
[INFO] Auditing path $.statefulsetLabels
[INFO] Auditing path $.tcpListenOptions.backlog
[INFO] Auditing path $.tcpListenOptions.enabled
[INFO] Auditing path $.tcpListenOptions.keepalive
[INFO] Auditing path $.tcpListenOptions.linger
[INFO] Auditing path $.tcpListenOptions.linger.lingerOn
[INFO] Auditing path $.tcpListenOptions.linger.timeout
[INFO] Auditing path $.tcpListenOptions.nodelay
[INFO] Auditing path $.tcpListenOptions
[INFO] Auditing path $.terminationGracePeriodSeconds
[INFO] Auditing path $.tolerations
[INFO] Auditing path $.topologySpreadConstraints
[INFO] Auditing path $.ulimitNofiles
[INFO] Auditing path $.updateStrategy.type
[INFO] Auditing path $.updateStrategy
[INFO] Auditing path $.usePasswordFiles
[INFO] Auditing path $.volumePermissions.containerSecurityContext
[INFO] Auditing path $.volumePermissions.containerSecurityContext.runAsUser
[INFO] Auditing path $.volumePermissions.containerSecurityContext.seLinuxOptions
[INFO] Auditing path $.volumePermissions.enabled
[INFO] Auditing path $.volumePermissions.image
[INFO] Auditing path $.volumePermissions.image.digest
[INFO] Auditing path $.volumePermissions.image.pullPolicy
[INFO] Auditing path $.volumePermissions.image.pullSecrets
[INFO] Auditing path $.volumePermissions.image.registry
[INFO] Auditing path $.volumePermissions.image.repository
[INFO] Auditing path $.volumePermissions.image.tag
[INFO] Auditing path $.volumePermissions.resources
[INFO] Auditing path $.volumePermissions.resourcesPreset
[INFO] Auditing path $.volumePermissions
