Traceback (most recent call last):
  File "/Users/emmadoyle/projects/personal/hypothesis-helm/.venv/bin/hypothesis-helm-benchmark", line 6, in <module>
    sys.exit(main())
             ~~~~^^
  File "/Users/emmadoyle/projects/personal/hypothesis-helm/pkg/hypothesis_helm/benchmarking/cli.py", line 42, in main
    return int(entry())
               ~~~~~^^
  File "/Users/emmadoyle/projects/personal/hypothesis-helm/pkg/hypothesis_helm/benchmarking/benchmark_discovery.py", line 169, in run
    chart = Chart.load(chart_path)
  File "/Users/emmadoyle/projects/personal/hypothesis-helm/pkg/hypothesis_helm/charts/runner.py", line 80, in load
    metadata = yamlio.load((path / "Chart.yaml").read_text())
                           ~~~~~~~~~~~~~~~~~~~~~~~~~~~~~~~^^
  File "/Users/emmadoyle/.pyenv/versions/3.13.12/lib/python3.13/pathlib/_local.py", line 546, in read_text
    return PathBase.read_text(self, encoding, errors, newline)
           ~~~~~~~~~~~~~~~~~~^^^^^^^^^^^^^^^^^^^^^^^^^^^^^^^^^
  File "/Users/emmadoyle/.pyenv/versions/3.13.12/lib/python3.13/pathlib/_abc.py", line 632, in read_text
    with self.open(mode='r', encoding=encoding, errors=errors, newline=newline) as f:
         ~~~~~~~~~^^^^^^^^^^^^^^^^^^^^^^^^^^^^^^^^^^^^^^^^^^^^^^^^^^^^^^^^^^^^^
  File "/Users/emmadoyle/.pyenv/versions/3.13.12/lib/python3.13/pathlib/_local.py", line 537, in open
    return io.open(self, mode, buffering, encoding, errors, newline)
           ~~~~~~~^^^^^^^^^^^^^^^^^^^^^^^^^^^^^^^^^^^^^^^^^^^^^^^^^^
FileNotFoundError: [Errno 2] No such file or directory: '/Users/emmadoyle/projects/personal/hypothesis-helm/.cache/benchmark-refresh-1789304252/outputs/discovery/chart/Chart.yaml'
