constraints: fresh reference and paired failure expansion
  constraints: 100/512 reference renders
  constraints: 200/512 reference renders
  constraints: 300/512 reference renders
  constraints: 400/512 reference renders
  constraints: 500/512 reference renders
  complete; 0 added renders
control-flow: fresh reference and paired failure expansion
  control-flow: 100/1024 reference renders
  control-flow: 200/1024 reference renders
  control-flow: 300/1024 reference renders
  control-flow: 400/1024 reference renders
  control-flow: 500/1024 reference renders
  control-flow: 600/1024 reference renders
  control-flow: 700/1024 reference renders
  control-flow: 800/1024 reference renders
  control-flow: 900/1024 reference renders
  control-flow: 1000/1024 reference renders
  complete; 0 added renders
dependencies: fresh reference and paired failure expansion
  dependencies: 100/1024 reference renders
  dependencies: 200/1024 reference renders
  dependencies: 300/1024 reference renders
  dependencies: 400/1024 reference renders
  dependencies: 500/1024 reference renders
  dependencies: 600/1024 reference renders
  dependencies: 700/1024 reference renders
  dependencies: 800/1024 reference renders
  dependencies: 900/1024 reference renders
  dependencies: 1000/1024 reference renders
  complete; 9 added renders
interactions: fresh reference and paired failure expansion
  interactions: 100/1024 reference renders
  interactions: 200/1024 reference renders
  interactions: 300/1024 reference renders
  interactions: 400/1024 reference renders
  interactions: 500/1024 reference renders
  interactions: 600/1024 reference renders
  interactions: 700/1024 reference renders
  interactions: 800/1024 reference renders
  interactions: 900/1024 reference renders
  interactions: 1000/1024 reference renders
  complete; 9 added renders
equivalence: fresh reference and paired failure expansion
  equivalence: 100/1024 reference renders
  equivalence: 200/1024 reference renders
  equivalence: 300/1024 reference renders
  equivalence: 400/1024 reference renders
  equivalence: 500/1024 reference renders
  equivalence: 600/1024 reference renders
  equivalence: 700/1024 reference renders
  equivalence: 800/1024 reference renders
  equivalence: 900/1024 reference renders
  equivalence: 1000/1024 reference renders
  complete; 9 added renders
boundaries: fresh reference and paired failure expansion
  boundaries: 100/1536 reference renders
  boundaries: 200/1536 reference renders
  boundaries: 300/1536 reference renders
  boundaries: 400/1536 reference renders
  boundaries: 500/1536 reference renders
  boundaries: 600/1536 reference renders
  boundaries: 700/1536 reference renders
  boundaries: 800/1536 reference renders
  boundaries: 900/1536 reference renders
  boundaries: 1000/1536 reference renders
  boundaries: 1100/1536 reference renders
  boundaries: 1200/1536 reference renders
  boundaries: 1300/1536 reference renders
  boundaries: 1400/1536 reference renders
  boundaries: 1500/1536 reference renders
  complete; 0 added renders
