{
  "chart": "/Users/emmadoyle/projects/personal/hypothesis-helm/examples/workload",
  "references": [
    {
      "path": [
        "replicas"
      ],
      "file": "templates/resource.yaml",
      "line": 6,
      "fallback": false
    },
    {
      "path": [
        "image"
      ],
      "file": "templates/resource.yaml",
      "line": 17,
      "fallback": false
    },
    {
      "path": [
        "image",
        "repository"
      ],
      "file": "templates/resource.yaml",
      "line": 18,
      "fallback": false
    },
    {
      "path": [
        "image",
        "tag"
      ],
      "file": "templates/resource.yaml",
      "line": 18,
      "fallback": false
    }
  ],
  "findings": [],
  "unresolved": [],
  "input_inventory": {
    "fields": [
      {
        "path": [
          "image"
        ],
        "in_values": true,
        "in_schema": true,
        "references": [
          {
            "path": [
              "image"
            ],
            "file": "templates/resource.yaml",
            "line": 17,
            "fallback": false
          }
        ]
      },
      {
        "path": [
          "image",
          "repository"
        ],
        "in_values": true,
        "in_schema": true,
        "references": [
          {
            "path": [
              "image",
              "repository"
            ],
            "file": "templates/resource.yaml",
            "line": 18,
            "fallback": false
          }
        ]
      },
      {
        "path": [
          "image",
          "tag"
        ],
        "in_values": true,
        "in_schema": true,
        "references": [
          {
            "path": [
              "image",
              "tag"
            ],
            "file": "templates/resource.yaml",
            "line": 18,
            "fallback": false
          }
        ]
      },
      {
        "path": [
          "replicas"
        ],
        "in_values": true,
        "in_schema": true,
        "references": [
          {
            "path": [
              "replicas"
            ],
            "file": "templates/resource.yaml",
            "line": 6,
            "fallback": false
          }
        ]
      }
    ],
    "known_fields": [
      [
        "image",
        "repository"
      ],
      [
        "image",
        "tag"
      ],
      [
        "replicas"
      ]
    ],
    "lower_bound_fields": 3,
    "bound_scope": "identified leaf-most named template selectors after literal dead-branch elimination",
    "inventory_complete": false,
    "output_influence_proven": false,
    "missing_values": [],
    "undocumented_template_fields": [],
    "template_only_fields": [],
    "schema_fields_without_values": [],
    "unreferenced_values": [],
    "unreferenced_usage": "possibly unused; not proven",
    "dynamic_regions": [],
    "unresolved": []
  },
  "topological_graph": {
    "json": ".cache/benchmark-refresh-1789265418/smoke/graph.json",
    "dot": ".cache/benchmark-refresh-1789265418/smoke/graph.dot",
    "sha256": "c89cbd4c6a2e9f8200e79e7c90bb17ca2535cd6a797f51f0488accc1b4a6ad0a",
    "baseline": {
      "status": "rendered",
      "resources": 1
    }
  }
}
