constraints / default: 512 valid inputs, 540s ceiling
  passed: 512/512 checks, 8/8 outcomes; 22.23s execution
constraints / exact-equivalence: 512 valid inputs, 540s ceiling
  passed: 512/512 checks, 8/8 outcomes; 22.52s execution
constraints / random: 512 valid inputs, 540s ceiling
  passed: 33/33 checks, 8/8 outcomes; 1.56s execution
constraints / topology: 512 valid inputs, 540s ceiling
  passed: 512/512 checks, 8/8 outcomes; 22.28s execution
constraints / combined: 512 valid inputs, 540s ceiling
  passed: 512/512 checks, 8/8 outcomes; 22.26s execution
control-flow / default: 1024 valid inputs, 540s ceiling
  passed: 1024/1024 checks, 16/16 outcomes; 45.97s execution
control-flow / exact-equivalence: 1024 valid inputs, 540s ceiling
  passed: 1024/1024 checks, 16/16 outcomes; 47.42s execution
control-flow / random: 1024 valid inputs, 540s ceiling
  passed: 65/65 checks, 16/16 outcomes; 2.92s execution
control-flow / topology: 1024 valid inputs, 540s ceiling
  passed: 1024/1024 checks, 16/16 outcomes; 45.54s execution
control-flow / combined: 1024 valid inputs, 540s ceiling
  passed: 1024/1024 checks, 16/16 outcomes; 46.15s execution
dependencies / default: 1024 valid inputs, 540s ceiling
  passed: 1024/1024 checks, 8/8 outcomes; 46.17s execution
dependencies / exact-equivalence: 1024 valid inputs, 540s ceiling
  passed: 1024/1024 checks, 8/8 outcomes; 2.76s execution
dependencies / random: 1024 valid inputs, 540s ceiling
  passed: 65/65 checks, 8/8 outcomes; 3.13s execution
dependencies / topology: 1024 valid inputs, 540s ceiling
  passed: 65/65 checks, 8/8 outcomes; 2.96s execution
dependencies / combined: 1024 valid inputs, 540s ceiling
  passed: 9/9 checks, 8/8 outcomes; 0.41s execution
interactions / default: 1024 valid inputs, 540s ceiling
  passed: 1024/1024 checks, 8/8 outcomes; 45.33s execution
interactions / exact-equivalence: 1024 valid inputs, 540s ceiling
  passed: 1024/1024 checks, 8/8 outcomes; 2.50s execution
interactions / random: 1024 valid inputs, 540s ceiling
  passed: 65/65 checks, 6/8 outcomes; 2.72s execution
interactions / topology: 1024 valid inputs, 540s ceiling
  passed: 65/65 checks, 8/8 outcomes; 2.82s execution
interactions / combined: 1024 valid inputs, 540s ceiling
  passed: 21/21 checks, 8/8 outcomes; 1.05s execution
equivalence / default: 1024 valid inputs, 540s ceiling
  passed: 1024/1024 checks, 4/4 outcomes; 46.26s execution
equivalence / exact-equivalence: 1024 valid inputs, 540s ceiling
  passed: 1024/1024 checks, 4/4 outcomes; 1.85s execution
equivalence / random: 1024 valid inputs, 540s ceiling
  passed: 65/65 checks, 4/4 outcomes; 2.88s execution
equivalence / topology: 1024 valid inputs, 540s ceiling
  passed: 65/65 checks, 4/4 outcomes; 3.12s execution
equivalence / combined: 1024 valid inputs, 540s ceiling
  passed: 5/5 checks, 4/4 outcomes; 0.19s execution
boundaries / default: 1536 valid inputs, 540s ceiling
  passed: 1536/1536 checks, 12/12 outcomes; 68.72s execution
boundaries / exact-equivalence: 1536 valid inputs, 540s ceiling
  passed: 1536/1536 checks, 12/12 outcomes; 66.62s execution
boundaries / random: 1536 valid inputs, 540s ceiling
  passed: 97/97 checks, 12/12 outcomes; 4.15s execution
boundaries / topology: 1536 valid inputs, 540s ceiling
  passed: 1536/1536 checks, 12/12 outcomes; 69.04s execution
boundaries / combined: 1536 valid inputs, 540s ceiling
  passed: 1536/1536 checks, 12/12 outcomes; 67.85s execution
