constraints: render full population with 5% seeded errors
  constraints: 100/512 reference renders
  constraints: 200/512 reference renders
  constraints: 300/512 reference renders
  constraints: 400/512 reference renders
  constraints: 500/512 reference renders
  complete in 23.1s: {'before': {'retained': 512, 'errors_detected': 25, 'errors_missed': 0, 'error_recall': 1.0, 'output_coverage': 1.0}, 'random': {'retained': 33, 'errors_detected': 2, 'errors_missed': 23, 'error_recall': 0.08, 'output_coverage': 0.625}, 'topology': {'retained': 512, 'errors_detected': 25, 'errors_missed': 0, 'error_recall': 1.0, 'output_coverage': 1.0}, 'combined': {'retained': 512, 'errors_detected': 25, 'errors_missed': 0, 'error_recall': 1.0, 'output_coverage': 1.0}}
control-flow: render full population with 5% seeded errors
  control-flow: 100/1024 reference renders
  control-flow: 200/1024 reference renders
  control-flow: 300/1024 reference renders
  control-flow: 400/1024 reference renders
  control-flow: 500/1024 reference renders
  control-flow: 600/1024 reference renders
  control-flow: 700/1024 reference renders
  control-flow: 800/1024 reference renders
  control-flow: 900/1024 reference renders
  control-flow: 1000/1024 reference renders
  complete in 48.1s: {'before': {'retained': 1024, 'errors_detected': 51, 'errors_missed': 0, 'error_recall': 1.0, 'output_coverage': 1.0}, 'random': {'retained': 65, 'errors_detected': 5, 'errors_missed': 46, 'error_recall': 0.09803921568627451, 'output_coverage': 0.6666666666666666}, 'topology': {'retained': 1024, 'errors_detected': 51, 'errors_missed': 0, 'error_recall': 1.0, 'output_coverage': 1.0}, 'combined': {'retained': 1024, 'errors_detected': 51, 'errors_missed': 0, 'error_recall': 1.0, 'output_coverage': 1.0}}
dependencies: render full population with 5% seeded errors
  dependencies: 100/1024 reference renders
  dependencies: 200/1024 reference renders
  dependencies: 300/1024 reference renders
  dependencies: 400/1024 reference renders
  dependencies: 500/1024 reference renders
  dependencies: 600/1024 reference renders
  dependencies: 700/1024 reference renders
  dependencies: 800/1024 reference renders
  dependencies: 900/1024 reference renders
  dependencies: 1000/1024 reference renders
  complete in 49.1s: {'before': {'retained': 1024, 'errors_detected': 51, 'errors_missed': 0, 'error_recall': 1.0, 'output_coverage': 1.0}, 'random': {'retained': 65, 'errors_detected': 5, 'errors_missed': 46, 'error_recall': 0.09803921568627451, 'output_coverage': 0.75}, 'topology': {'retained': 227, 'errors_detected': 47, 'errors_missed': 4, 'error_recall': 0.9215686274509803, 'output_coverage': 1.0}, 'combined': {'retained': 216, 'errors_detected': 47, 'errors_missed': 4, 'error_recall': 0.9215686274509803, 'output_coverage': 1.0}}
interactions: render full population with 5% seeded errors
  interactions: 100/1024 reference renders
  interactions: 200/1024 reference renders
  interactions: 300/1024 reference renders
  interactions: 400/1024 reference renders
  interactions: 500/1024 reference renders
  interactions: 600/1024 reference renders
  interactions: 700/1024 reference renders
  interactions: 800/1024 reference renders
  interactions: 900/1024 reference renders
  interactions: 1000/1024 reference renders
  complete in 47.6s: {'before': {'retained': 1024, 'errors_detected': 51, 'errors_missed': 0, 'error_recall': 1.0, 'output_coverage': 1.0}, 'random': {'retained': 65, 'errors_detected': 5, 'errors_missed': 46, 'error_recall': 0.09803921568627451, 'output_coverage': 0.7857142857142857}, 'topology': {'retained': 227, 'errors_detected': 47, 'errors_missed': 4, 'error_recall': 0.9215686274509803, 'output_coverage': 1.0}, 'combined': {'retained': 217, 'errors_detected': 47, 'errors_missed': 4, 'error_recall': 0.9215686274509803, 'output_coverage': 1.0}}
equivalence: render full population with 5% seeded errors
  equivalence: 100/1024 reference renders
  equivalence: 200/1024 reference renders
  equivalence: 300/1024 reference renders
  equivalence: 400/1024 reference renders
  equivalence: 500/1024 reference renders
  equivalence: 600/1024 reference renders
  equivalence: 700/1024 reference renders
  equivalence: 800/1024 reference renders
  equivalence: 900/1024 reference renders
  equivalence: 1000/1024 reference renders
  complete in 48.4s: {'before': {'retained': 1024, 'errors_detected': 51, 'errors_missed': 0, 'error_recall': 1.0, 'output_coverage': 1.0}, 'random': {'retained': 65, 'errors_detected': 5, 'errors_missed': 46, 'error_recall': 0.09803921568627451, 'output_coverage': 1.0}, 'topology': {'retained': 227, 'errors_detected': 47, 'errors_missed': 4, 'error_recall': 0.9215686274509803, 'output_coverage': 1.0}, 'combined': {'retained': 216, 'errors_detected': 47, 'errors_missed': 4, 'error_recall': 0.9215686274509803, 'output_coverage': 1.0}}
boundaries: render full population with 5% seeded errors
  boundaries: 100/1536 reference renders
  boundaries: 200/1536 reference renders
  boundaries: 300/1536 reference renders
  boundaries: 400/1536 reference renders
  boundaries: 500/1536 reference renders
  boundaries: 600/1536 reference renders
  boundaries: 700/1536 reference renders
  boundaries: 800/1536 reference renders
  boundaries: 900/1536 reference renders
  boundaries: 1000/1536 reference renders
  boundaries: 1100/1536 reference renders
  boundaries: 1200/1536 reference renders
  boundaries: 1300/1536 reference renders
  boundaries: 1400/1536 reference renders
  boundaries: 1500/1536 reference renders
  complete in 71.6s: {'before': {'retained': 1536, 'errors_detected': 76, 'errors_missed': 0, 'error_recall': 1.0, 'output_coverage': 1.0}, 'random': {'retained': 97, 'errors_detected': 2, 'errors_missed': 74, 'error_recall': 0.02631578947368421, 'output_coverage': 0.5833333333333334}, 'topology': {'retained': 1536, 'errors_detected': 76, 'errors_missed': 0, 'error_recall': 1.0, 'output_coverage': 1.0}, 'combined': {'retained': 1536, 'errors_detected': 76, 'errors_missed': 0, 'error_recall': 1.0, 'output_coverage': 1.0}}
