progressive trajectory: checkpoints every 50 inputs, ceiling 540s, pruning=False, shard=None
  time-limit: 11831 completed; 11832 Helm invocations; 236 completed checkpoints
progressive trajectory: checkpoints every 50 inputs, ceiling 540s, pruning=True, shard=None
  time-limit: 169070 completed; 256 Helm invocations; 3381 completed checkpoints
strong: 50 global permutations, 1 local replicas, pruning=True, repeat=1, shard=None
  passed: 50/50 completed; 7 Helm invocations, 43 proved equivalent; 1.36s
strong: 50 global permutations, 2 local replicas, pruning=True, repeat=1, shard=None
  passed: 50/50 completed; 8 Helm invocations, 42 proved equivalent; 0.84s
weak: 100 global permutations, 2 local replicas, pruning=True, repeat=1, shard=None
  passed: 100/100 completed; 14 Helm invocations, 86 proved equivalent; 1.02s
strong: 50 global permutations, 3 local replicas, pruning=True, repeat=1, shard=None
  passed: 50/50 completed; 8 Helm invocations, 42 proved equivalent; 0.82s
weak: 150 global permutations, 3 local replicas, pruning=True, repeat=1, shard=None
  passed: 150/150 completed; 21 Helm invocations, 129 proved equivalent; 1.06s
strong: 50 global permutations, 4 local replicas, pruning=True, repeat=1, shard=None
  passed: 50/50 completed; 10 Helm invocations, 40 proved equivalent; 0.78s
weak: 200 global permutations, 4 local replicas, pruning=True, repeat=1, shard=None
  passed: 200/200 completed; 28 Helm invocations, 172 proved equivalent; 1.13s
strong: 100 global permutations, 1 local replicas, pruning=True, repeat=1, shard=None
  passed: 100/100 completed; 13 Helm invocations, 87 proved equivalent; 1.37s
weak: 200 global permutations, 2 local replicas, pruning=True, repeat=1, shard=None
  passed: 200/200 completed; 26 Helm invocations, 174 proved equivalent; 1.45s
strong: 100 global permutations, 3 local replicas, pruning=True, repeat=1, shard=None
  passed: 100/100 completed; 15 Helm invocations, 85 proved equivalent; 0.95s
weak: 300 global permutations, 3 local replicas, pruning=True, repeat=1, shard=None
  passed: 300/300 completed; 39 Helm invocations, 261 proved equivalent; 1.56s
strong: 100 global permutations, 4 local replicas, pruning=True, repeat=1, shard=None
  passed: 100/100 completed; 16 Helm invocations, 84 proved equivalent; 0.97s
weak: 400 global permutations, 4 local replicas, pruning=True, repeat=1, shard=None
  passed: 400/400 completed; 52 Helm invocations, 348 proved equivalent; 1.58s
strong: 150 global permutations, 1 local replicas, pruning=True, repeat=1, shard=None
  passed: 150/150 completed; 19 Helm invocations, 131 proved equivalent; 1.73s
strong: 150 global permutations, 2 local replicas, pruning=True, repeat=1, shard=None
  passed: 150/150 completed; 20 Helm invocations, 130 proved equivalent; 1.22s
weak: 300 global permutations, 2 local replicas, pruning=True, repeat=1, shard=None
  passed: 300/300 completed; 39 Helm invocations, 261 proved equivalent; 1.87s
weak: 450 global permutations, 3 local replicas, pruning=True, repeat=1, shard=None
  passed: 450/450 completed; 59 Helm invocations, 391 proved equivalent; 2.08s
strong: 150 global permutations, 4 local replicas, pruning=True, repeat=1, shard=None
  passed: 150/150 completed; 21 Helm invocations, 129 proved equivalent; 0.93s
weak: 600 global permutations, 4 local replicas, pruning=True, repeat=1, shard=None
  passed: 600/600 completed; 78 Helm invocations, 522 proved equivalent; 2.06s
strong: 200 global permutations, 1 local replicas, pruning=True, repeat=1, shard=None
  passed: 200/200 completed; 25 Helm invocations, 175 proved equivalent; 2.16s
weak: 400 global permutations, 2 local replicas, pruning=True, repeat=1, shard=None
  passed: 400/400 completed; 50 Helm invocations, 350 proved equivalent; 2.32s
strong: 200 global permutations, 3 local replicas, pruning=True, repeat=1, shard=None
  passed: 200/200 completed; 27 Helm invocations, 173 proved equivalent; 1.19s
weak: 600 global permutations, 3 local replicas, pruning=True, repeat=1, shard=None
  passed: 600/600 completed; 75 Helm invocations, 525 proved equivalent; 2.37s
weak: 800 global permutations, 4 local replicas, pruning=True, repeat=1, shard=None
  passed: 800/800 completed; 100 Helm invocations, 700 proved equivalent; 2.51s
strong: 250 global permutations, 1 local replicas, pruning=True, repeat=1, shard=None
  passed: 250/250 completed; 32 Helm invocations, 218 proved equivalent; 2.67s
strong: 250 global permutations, 2 local replicas, pruning=True, repeat=1, shard=None
  passed: 250/250 completed; 33 Helm invocations, 217 proved equivalent; 1.73s
weak: 500 global permutations, 2 local replicas, pruning=True, repeat=1, shard=None
  passed: 500/500 completed; 64 Helm invocations, 436 proved equivalent; 2.78s
strong: 250 global permutations, 3 local replicas, pruning=True, repeat=1, shard=None
  passed: 250/250 completed; 34 Helm invocations, 216 proved equivalent; 1.38s
weak: 750 global permutations, 3 local replicas, pruning=True, repeat=1, shard=None
  passed: 750/750 completed; 96 Helm invocations, 654 proved equivalent; 2.95s
strong: 250 global permutations, 4 local replicas, pruning=True, repeat=1, shard=None
  passed: 250/250 completed; 35 Helm invocations, 215 proved equivalent; 1.32s
weak: 1000 global permutations, 4 local replicas, pruning=True, repeat=1, shard=None
  passed: 1000/1000 completed; 128 Helm invocations, 872 proved equivalent; 3.06s
strong: 300 global permutations, 1 local replicas, pruning=True, repeat=1, shard=None
  passed: 300/300 completed; 38 Helm invocations, 262 proved equivalent; 3.13s
weak: 600 global permutations, 2 local replicas, pruning=True, repeat=1, shard=None
  passed: 600/600 completed; 76 Helm invocations, 524 proved equivalent; 3.25s
weak: 900 global permutations, 3 local replicas, pruning=True, repeat=1, shard=None
  passed: 900/900 completed; 114 Helm invocations, 786 proved equivalent; 3.58s
strong: 300 global permutations, 4 local replicas, pruning=True, repeat=1, shard=None
  passed: 300/300 completed; 41 Helm invocations, 259 proved equivalent; 1.46s
weak: 1200 global permutations, 4 local replicas, pruning=True, repeat=1, shard=None
  passed: 1200/1200 completed; 152 Helm invocations, 1048 proved equivalent; 3.65s
strong: 350 global permutations, 1 local replicas, pruning=True, repeat=1, shard=None
  passed: 350/350 completed; 44 Helm invocations, 306 proved equivalent; 3.55s
strong: 350 global permutations, 2 local replicas, pruning=True, repeat=1, shard=None
  passed: 350/350 completed; 45 Helm invocations, 305 proved equivalent; 2.14s
weak: 700 global permutations, 2 local replicas, pruning=True, repeat=1, shard=None
  passed: 700/700 completed; 89 Helm invocations, 611 proved equivalent; 4.14s
strong: 350 global permutations, 3 local replicas, pruning=True, repeat=1, shard=None
  passed: 350/350 completed; 46 Helm invocations, 304 proved equivalent; 1.85s
weak: 1050 global permutations, 3 local replicas, pruning=True, repeat=1, shard=None
  passed: 1050/1050 completed; 134 Helm invocations, 916 proved equivalent; 3.94s
strong: 350 global permutations, 4 local replicas, pruning=True, repeat=1, shard=None
  passed: 350/350 completed; 47 Helm invocations, 303 proved equivalent; 1.43s
weak: 1400 global permutations, 4 local replicas, pruning=True, repeat=1, shard=None
  passed: 1400/1400 completed; 178 Helm invocations, 1222 proved equivalent; 4.05s
strong: 400 global permutations, 1 local replicas, pruning=True, repeat=1, shard=None
  passed: 400/400 completed; 50 Helm invocations, 350 proved equivalent; 3.91s
weak: 800 global permutations, 2 local replicas, pruning=True, repeat=1, shard=None
  passed: 800/800 completed; 100 Helm invocations, 700 proved equivalent; 4.15s
strong: 400 global permutations, 3 local replicas, pruning=True, repeat=1, shard=None
  passed: 400/400 completed; 52 Helm invocations, 348 proved equivalent; 1.84s
weak: 1200 global permutations, 3 local replicas, pruning=True, repeat=1, shard=None
  passed: 1200/1200 completed; 150 Helm invocations, 1050 proved equivalent; 4.34s
weak: 1600 global permutations, 4 local replicas, pruning=True, repeat=1, shard=None
  passed: 1600/1600 completed; 200 Helm invocations, 1400 proved equivalent; 4.48s
strong: 450 global permutations, 1 local replicas, pruning=True, repeat=1, shard=None
  passed: 450/450 completed; 57 Helm invocations, 393 proved equivalent; 4.46s
strong: 450 global permutations, 2 local replicas, pruning=True, repeat=1, shard=None
  passed: 450/450 completed; 58 Helm invocations, 392 proved equivalent; 2.72s
weak: 900 global permutations, 2 local replicas, pruning=True, repeat=1, shard=None
  passed: 900/900 completed; 114 Helm invocations, 786 proved equivalent; 4.99s
weak: 1350 global permutations, 3 local replicas, pruning=True, repeat=1, shard=None
  passed: 1350/1350 completed; 171 Helm invocations, 1179 proved equivalent; 5.07s
strong: 450 global permutations, 4 local replicas, pruning=True, repeat=1, shard=None
  passed: 450/450 completed; 59 Helm invocations, 391 proved equivalent; 1.94s
weak: 1800 global permutations, 4 local replicas, pruning=True, repeat=1, shard=None
  passed: 1800/1800 completed; 228 Helm invocations, 1572 proved equivalent; 5.19s
strong: 500 global permutations, 1 local replicas, pruning=True, repeat=1, shard=None
  passed: 500/500 completed; 63 Helm invocations, 437 proved equivalent; 4.90s
weak: 1000 global permutations, 2 local replicas, pruning=True, repeat=1, shard=None
  passed: 1000/1000 completed; 126 Helm invocations, 874 proved equivalent; 5.17s
strong: 500 global permutations, 3 local replicas, pruning=True, repeat=1, shard=None
  passed: 500/500 completed; 65 Helm invocations, 435 proved equivalent; 2.34s
weak: 1500 global permutations, 3 local replicas, pruning=True, repeat=1, shard=None
  passed: 1500/1500 completed; 189 Helm invocations, 1311 proved equivalent; 6.24s
strong: 500 global permutations, 4 local replicas, pruning=True, repeat=1, shard=None
  passed: 500/500 completed; 66 Helm invocations, 434 proved equivalent; 1.91s
weak: 2000 global permutations, 4 local replicas, pruning=True, repeat=1, shard=None
  passed: 2000/2000 completed; 252 Helm invocations, 1748 proved equivalent; 5.66s

Fontconfig error: No writable cache directories
	/opt/homebrew/var/cache/fontconfig
	/Users/emmadoyle/.cache/fontconfig
	/Users/emmadoyle/.fontconfig
Matplotlib is building the font cache; this may take a moment.
