[INFO] Chart 1/1: .
[INFO] Finite filtering unavailable: permutations need closed objects at (); set additionalProperties: false; prioritizing known inputs before robustness sampling
[INFO] Coalescing path $.clusterDomain
[INFO] Coalescing path $.commonAnnotations
[INFO] Coalescing path $.commonLabels
[INFO] Coalescing path $.executor
[INFO] Coalescing path $.existingConfigmap
[INFO] Coalescing path $.extraDeploy
[INFO] Coalescing path $.extraEnvVars
[INFO] Coalescing path $.extraEnvVarsCM
[INFO] Coalescing path $.extraEnvVarsCMs
[INFO] Coalescing path $.extraEnvVarsSecret
[INFO] Coalescing path $.extraEnvVarsSecrets
[INFO] Coalescing path $.extraVolumeMounts
[INFO] Coalescing path $.extraVolumes
[INFO] Coalescing path $.global
[INFO] Coalescing path $.image
[INFO] Coalescing path $.initContainers
[INFO] Coalescing path $.localSettings
[INFO] Coalescing path $.overrideConfiguration
[INFO] Coalescing path $.sidecars
[INFO] Coalescing path $.usePasswordFiles
[INFO] Coalescing path $.auth.existingSecret
[INFO] Coalescing path $.auth.fernetKey
[INFO] Coalescing path $.auth.jwtSecretKey
[INFO] Coalescing path $.auth.secretKey
[INFO] Coalescing path $.auth.username
[INFO] Coalescing path $.dagProcessor.affinity
[INFO] Coalescing path $.dagProcessor.automountServiceAccountToken
[INFO] Coalescing path $.dagProcessor.containerSecurityContext
[INFO] Coalescing path $.dagProcessor.customLivenessProbe
[INFO] Coalescing path $.dagProcessor.customReadinessProbe
[INFO] Coalescing path $.dagProcessor.customStartupProbe
[INFO] Coalescing path $.dagProcessor.enabled
[INFO] Coalescing path $.dagProcessor.ephemeral
[INFO] Coalescing path $.dagProcessor.extraEnvVars
[INFO] Coalescing path $.dagProcessor.extraEnvVarsCM
[INFO] Coalescing path $.dagProcessor.extraEnvVarsCMs
[INFO] Coalescing path $.dagProcessor.extraEnvVarsSecret
[INFO] Coalescing path $.dagProcessor.extraVolumeMounts
[INFO] Coalescing path $.dagProcessor.extraVolumes
[INFO] Coalescing path $.dagProcessor.hostAliases
[INFO] Coalescing path $.dagProcessor.initContainers
[INFO] Coalescing path $.dagProcessor.lifecycleHooks
[INFO] Coalescing path $.dagProcessor.nodeSelector
[INFO] Coalescing path $.dagProcessor.podAffinityPreset
[INFO] Coalescing path $.dagProcessor.podAnnotations
[INFO] Coalescing path $.dagProcessor.podAntiAffinityPreset
[INFO] Coalescing path $.dagProcessor.podLabels
[INFO] Coalescing path $.dagProcessor.podSecurityContext
[INFO] Coalescing path $.dagProcessor.priorityClassName
[INFO] Coalescing path $.dagProcessor.replicaCount
[INFO] Coalescing path $.dagProcessor.resources
[INFO] Coalescing path $.dagProcessor.schedulerName
[INFO] Coalescing path $.dagProcessor.sidecars
[INFO] Coalescing path $.dagProcessor.terminationGracePeriodSeconds
[INFO] Coalescing path $.dagProcessor.tolerations
[INFO] Coalescing path $.dagProcessor.topologyKey
[INFO] Coalescing path $.dagProcessor.topologySpreadConstraints
[INFO] Coalescing path $.dagProcessor.updateStrategy
[INFO] Coalescing path $.dags.enabled
[INFO] Coalescing path $.dags.existingSshKeySecret
[INFO] Coalescing path $.dags.sshKey
[INFO] Coalescing path $.diagnosticMode.args
[INFO] Coalescing path $.diagnosticMode.command
[INFO] Coalescing path $.diagnosticMode.enabled
[INFO] Coalescing path $.externalDatabase.existingSecret
[INFO] Coalescing path $.externalDatabase.password
[INFO] Coalescing path $.externalDatabase.sqlConnection
[INFO] Coalescing path $.externalRedis.existingSecret
[INFO] Coalescing path $.externalRedis.password
[INFO] Coalescing path $.extraDeploy[*]
[INFO] Coalescing path $.extraEnvVarsCMs[*]
[INFO] Coalescing path $.extraEnvVarsSecrets[*]
[INFO] Coalescing path $.image.debug
[INFO] Coalescing path $.image.pullPolicy
[INFO] Coalescing path $.ingress.annotations
[INFO] Coalescing path $.ingress.enabled
[INFO] Coalescing path $.ingress.extraHosts
[INFO] Coalescing path $.ingress.extraPaths
[INFO] Coalescing path $.ingress.extraRules
[INFO] Coalescing path $.ingress.extraTls
[INFO] Coalescing path $.ingress.hostname
[INFO] Coalescing path $.ingress.ingressClassName
[INFO] Coalescing path $.ingress.path
[INFO] Coalescing path $.ingress.pathType
[INFO] Coalescing path $.ingress.secrets
[INFO] Coalescing path $.ingress.selfSigned
[INFO] Coalescing path $.ingress.tls
[INFO] Coalescing path $.ldap.bindpw
[INFO] Coalescing path $.ldap.enabled
[INFO] Coalescing path $.ldap.existingSecret
[INFO] Coalescing path $.metrics.affinity
[INFO] Coalescing path $.metrics.automountServiceAccountToken
[INFO] Coalescing path $.metrics.configuration
[INFO] Coalescing path $.metrics.containerSecurityContext
[INFO] Coalescing path $.metrics.customLivenessProbe
[INFO] Coalescing path $.metrics.customReadinessProbe
[INFO] Coalescing path $.metrics.customStartupProbe
[INFO] Coalescing path $.metrics.enabled
[INFO] Coalescing path $.metrics.ephemeral
[INFO] Coalescing path $.metrics.existingConfigmap
[INFO] Coalescing path $.metrics.extraVolumeMounts
[INFO] Coalescing path $.metrics.extraVolumes
[INFO] Coalescing path $.metrics.hostAliases
[INFO] Coalescing path $.metrics.image
[INFO] Coalescing path $.metrics.lifecycleHooks
[INFO] Coalescing path $.metrics.nodeSelector
[INFO] Coalescing path $.metrics.podAffinityPreset
[INFO] Coalescing path $.metrics.podAnnotations
[INFO] Coalescing path $.metrics.podAntiAffinityPreset
[INFO] Coalescing path $.metrics.podLabels
[INFO] Coalescing path $.metrics.podSecurityContext
[INFO] Coalescing path $.metrics.priorityClassName
[INFO] Coalescing path $.metrics.resources
[INFO] Coalescing path $.metrics.schedulerName
[INFO] Coalescing path $.metrics.terminationGracePeriodSeconds
[INFO] Coalescing path $.metrics.tolerations
[INFO] Coalescing path $.metrics.topologyKey
[INFO] Coalescing path $.metrics.topologySpreadConstraints
[INFO] Coalescing path $.plugins.enabled
[INFO] Coalescing path $.plugins.existingSshKeySecret
[INFO] Coalescing path $.plugins.sshKey
[INFO] Coalescing path $.postgresql.enabled
[INFO] Coalescing path $.rbac.create
[INFO] Coalescing path $.rbac.rules
[INFO] Coalescing path $.redis.enabled
[INFO] Coalescing path $.redis.existingSecret
[INFO] Coalescing path $.scheduler.affinity
[INFO] Coalescing path $.scheduler.automountServiceAccountToken
[INFO] Coalescing path $.scheduler.containerSecurityContext
[INFO] Coalescing path $.scheduler.customLivenessProbe
[INFO] Coalescing path $.scheduler.customReadinessProbe
[INFO] Coalescing path $.scheduler.customStartupProbe
[INFO] Coalescing path $.scheduler.ephemeral
[INFO] Coalescing path $.scheduler.extraEnvVars
[INFO] Coalescing path $.scheduler.extraEnvVarsCM
[INFO] Coalescing path $.scheduler.extraEnvVarsCMs
[INFO] Coalescing path $.scheduler.extraEnvVarsSecret
[INFO] Coalescing path $.scheduler.extraEnvVarsSecrets
[INFO] Coalescing path $.scheduler.extraVolumeMounts
[INFO] Coalescing path $.scheduler.extraVolumes
[INFO] Coalescing path $.scheduler.hostAliases
[INFO] Coalescing path $.scheduler.initContainers
[INFO] Coalescing path $.scheduler.lifecycleHooks
[INFO] Coalescing path $.scheduler.nodeSelector
[INFO] Coalescing path $.scheduler.podAffinityPreset
[INFO] Coalescing path $.scheduler.podAnnotations
[INFO] Coalescing path $.scheduler.podAntiAffinityPreset
[INFO] Coalescing path $.scheduler.podLabels
[INFO] Coalescing path $.scheduler.podSecurityContext
[INFO] Coalescing path $.scheduler.priorityClassName
[INFO] Coalescing path $.scheduler.replicaCount
[INFO] Coalescing path $.scheduler.resources
[INFO] Coalescing path $.scheduler.schedulerName
[INFO] Coalescing path $.scheduler.sidecars
[INFO] Coalescing path $.scheduler.terminationGracePeriodSeconds
[INFO] Coalescing path $.scheduler.tolerations
[INFO] Coalescing path $.scheduler.topologyKey
[INFO] Coalescing path $.scheduler.topologySpreadConstraints
[INFO] Coalescing path $.scheduler.updateStrategy
[INFO] Coalescing path $.service.annotations
[INFO] Coalescing path $.service.clusterIP
[INFO] Coalescing path $.service.externalTrafficPolicy
[INFO] Coalescing path $.service.extraPorts
[INFO] Coalescing path $.service.loadBalancerIP
[INFO] Coalescing path $.service.loadBalancerSourceRanges
[INFO] Coalescing path $.service.sessionAffinity
[INFO] Coalescing path $.service.sessionAffinityConfig
[INFO] Coalescing path $.service.type
[INFO] Coalescing path $.serviceAccount.annotations
[INFO] Coalescing path $.serviceAccount.automountServiceAccountToken
[INFO] Coalescing path $.serviceAccount.create
[INFO] Coalescing path $.setupDBJob.affinity
[INFO] Coalescing path $.setupDBJob.annotations
[INFO] Coalescing path $.setupDBJob.args
[INFO] Coalescing path $.setupDBJob.automountServiceAccountToken
[INFO] Coalescing path $.setupDBJob.backoffLimit
[INFO] Coalescing path $.setupDBJob.command
[INFO] Coalescing path $.setupDBJob.containerSecurityContext
[INFO] Coalescing path $.setupDBJob.enabled
[INFO] Coalescing path $.setupDBJob.ephemeral
[INFO] Coalescing path $.setupDBJob.extraEnvVars
[INFO] Coalescing path $.setupDBJob.extraEnvVarsCM
[INFO] Coalescing path $.setupDBJob.extraEnvVarsSecret
[INFO] Coalescing path $.setupDBJob.extraVolumeMounts
[INFO] Coalescing path $.setupDBJob.extraVolumes
[INFO] Coalescing path $.setupDBJob.hostAliases
[INFO] Coalescing path $.setupDBJob.initContainers
[INFO] Coalescing path $.setupDBJob.nodeSelector
[INFO] Coalescing path $.setupDBJob.podAffinityPreset
[INFO] Coalescing path $.setupDBJob.podAnnotations
[INFO] Coalescing path $.setupDBJob.podAntiAffinityPreset
[INFO] Coalescing path $.setupDBJob.podLabels
[INFO] Coalescing path $.setupDBJob.podSecurityContext
[INFO] Coalescing path $.setupDBJob.priorityClassName
[INFO] Coalescing path $.setupDBJob.resources
[INFO] Coalescing path $.setupDBJob.schedulerName
[INFO] Coalescing path $.setupDBJob.terminationGracePeriodSeconds
[INFO] Coalescing path $.setupDBJob.tolerations
[INFO] Coalescing path $.setupDBJob.topologyKey
[INFO] Coalescing path $.setupDBJob.topologySpreadConstraints
[INFO] Coalescing path $.triggerer.affinity
[INFO] Coalescing path $.triggerer.automountServiceAccountToken
[INFO] Coalescing path $.triggerer.containerSecurityContext
[INFO] Coalescing path $.triggerer.customLivenessProbe
[INFO] Coalescing path $.triggerer.customReadinessProbe
[INFO] Coalescing path $.triggerer.customStartupProbe
[INFO] Coalescing path $.triggerer.enabled
[INFO] Coalescing path $.triggerer.ephemeral
[INFO] Coalescing path $.triggerer.extraEnvVars
[INFO] Coalescing path $.triggerer.extraEnvVarsCM
[INFO] Coalescing path $.triggerer.extraEnvVarsCMs
[INFO] Coalescing path $.triggerer.extraEnvVarsSecret
[INFO] Coalescing path $.triggerer.extraVolumeMounts
[INFO] Coalescing path $.triggerer.extraVolumes
[INFO] Coalescing path $.triggerer.hostAliases
[INFO] Coalescing path $.triggerer.initContainers
[INFO] Coalescing path $.triggerer.lifecycleHooks
[INFO] Coalescing path $.triggerer.nodeSelector
[INFO] Coalescing path $.triggerer.podAffinityPreset
[INFO] Coalescing path $.triggerer.podAnnotations
[INFO] Coalescing path $.triggerer.podAntiAffinityPreset
[INFO] Coalescing path $.triggerer.podLabels
[INFO] Coalescing path $.triggerer.podManagementPolicy
[INFO] Coalescing path $.triggerer.podSecurityContext
[INFO] Coalescing path $.triggerer.priorityClassName
[INFO] Coalescing path $.triggerer.replicaCount
[INFO] Coalescing path $.triggerer.resources
[INFO] Coalescing path $.triggerer.schedulerName
[INFO] Coalescing path $.triggerer.sidecars
[INFO] Coalescing path $.triggerer.terminationGracePeriodSeconds
[INFO] Coalescing path $.triggerer.tolerations
[INFO] Coalescing path $.triggerer.topologyKey
[INFO] Coalescing path $.triggerer.topologySpreadConstraints
[INFO] Coalescing path $.triggerer.updateStrategy
[INFO] Coalescing path $.web.affinity
[INFO] Coalescing path $.web.automountServiceAccountToken
[INFO] Coalescing path $.web.configuration
[INFO] Coalescing path $.web.containerSecurityContext
[INFO] Coalescing path $.web.customLivenessProbe
[INFO] Coalescing path $.web.customReadinessProbe
[INFO] Coalescing path $.web.customStartupProbe
[INFO] Coalescing path $.web.ephemeral
[INFO] Coalescing path $.web.existingConfigmap
[INFO] Coalescing path $.web.extraEnvVars
[INFO] Coalescing path $.web.extraEnvVarsCM
[INFO] Coalescing path $.web.extraEnvVarsCMs
[INFO] Coalescing path $.web.extraEnvVarsSecret
[INFO] Coalescing path $.web.extraEnvVarsSecrets
[INFO] Coalescing path $.web.extraVolumeMounts
[INFO] Coalescing path $.web.extraVolumes
[INFO] Coalescing path $.web.hostAliases
[INFO] Coalescing path $.web.initContainers
[INFO] Coalescing path $.web.lifecycleHooks
[INFO] Coalescing path $.web.nodeSelector
[INFO] Coalescing path $.web.podAffinityPreset
[INFO] Coalescing path $.web.podAnnotations
[INFO] Coalescing path $.web.podAntiAffinityPreset
[INFO] Coalescing path $.web.podLabels
[INFO] Coalescing path $.web.podSecurityContext
[INFO] Coalescing path $.web.priorityClassName
[INFO] Coalescing path $.web.replicaCount
[INFO] Coalescing path $.web.resources
[INFO] Coalescing path $.web.schedulerName
[INFO] Coalescing path $.web.sidecars
[INFO] Coalescing path $.web.terminationGracePeriodSeconds
[INFO] Coalescing path $.web.tolerations
[INFO] Coalescing path $.web.topologyKey
[INFO] Coalescing path $.web.topologySpreadConstraints
[INFO] Coalescing path $.web.updateStrategy
[INFO] Coalescing path $.worker.affinity
[INFO] Coalescing path $.worker.automountServiceAccountToken
[INFO] Coalescing path $.worker.containerSecurityContext
[INFO] Coalescing path $.worker.customLivenessProbe
[INFO] Coalescing path $.worker.customReadinessProbe
[INFO] Coalescing path $.worker.customStartupProbe
[INFO] Coalescing path $.worker.ephemeral
[INFO] Coalescing path $.worker.extraEnvVars
[INFO] Coalescing path $.worker.extraEnvVarsCM
[INFO] Coalescing path $.worker.extraEnvVarsCMs
[INFO] Coalescing path $.worker.extraEnvVarsSecret
[INFO] Coalescing path $.worker.extraEnvVarsSecrets
[INFO] Coalescing path $.worker.extraVolumeClaimTemplates
[INFO] Coalescing path $.worker.extraVolumeMounts
[INFO] Coalescing path $.worker.extraVolumes
[INFO] Coalescing path $.worker.hostAliases
[INFO] Coalescing path $.worker.initContainers
[INFO] Coalescing path $.worker.lifecycleHooks
[INFO] Coalescing path $.worker.nodeSelector
[INFO] Coalescing path $.worker.podAffinityPreset
[INFO] Coalescing path $.worker.podAnnotations
[INFO] Coalescing path $.worker.podAntiAffinityPreset
[INFO] Coalescing path $.worker.podLabels
[INFO] Coalescing path $.worker.podManagementPolicy
[INFO] Coalescing path $.worker.podSecurityContext
[INFO] Coalescing path $.worker.podTemplate
[INFO] Coalescing path $.worker.priorityClassName
[INFO] Coalescing path $.worker.replicaCount
[INFO] Coalescing path $.worker.resources
[INFO] Coalescing path $.worker.schedulerName
[INFO] Coalescing path $.worker.sidecars
[INFO] Coalescing path $.worker.terminationGracePeriodSeconds
[INFO] Coalescing path $.worker.tolerations
[INFO] Coalescing path $.worker.topologyKey
[INFO] Coalescing path $.worker.topologySpreadConstraints
[INFO] Coalescing path $.worker.updateStrategy
[INFO] Coalescing path $.dagProcessor.containerSecurityContext.enabled
[INFO] Coalescing path $.dagProcessor.ephemeral.accessModes
[INFO] Coalescing path $.dagProcessor.ephemeral.annotations
[INFO] Coalescing path $.dagProcessor.ephemeral.enabled
[INFO] Coalescing path $.dagProcessor.ephemeral.size
[INFO] Coalescing path $.dagProcessor.extraEnvVarsCMs[*]
[INFO] Coalescing path $.dagProcessor.networkPolicy.allowExternal
[INFO] Coalescing path $.dagProcessor.networkPolicy.allowExternalEgress
[INFO] Coalescing path $.dagProcessor.networkPolicy.enabled
[INFO] Coalescing path $.dagProcessor.networkPolicy.extraEgress
[INFO] Coalescing path $.dagProcessor.networkPolicy.extraIngress
[INFO] Coalescing path $.dagProcessor.networkPolicy.ingressNSMatchLabels
[INFO] Coalescing path $.dagProcessor.networkPolicy.ingressNSPodMatchLabels
[INFO] Coalescing path $.dagProcessor.nodeAffinityPreset.key
[INFO] Coalescing path $.dagProcessor.nodeAffinityPreset.type
[INFO] Coalescing path $.dagProcessor.nodeAffinityPreset.values
[INFO] Coalescing path $.dagProcessor.pdb.create
[INFO] Coalescing path $.dagProcessor.pdb.maxUnavailable
[INFO] Coalescing path $.dagProcessor.pdb.minAvailable
[INFO] Coalescing path $.dagProcessor.podSecurityContext.enabled
[INFO] Coalescing path $.ldap.tls.certificatesMountPath
[INFO] Coalescing path $.ldap.tls.certificatesSecret
[INFO] Coalescing path $.ldap.tls.enabled
[INFO] Coalescing path $.metrics.containerPorts.ingest
[INFO] Coalescing path $.metrics.containerPorts.metrics
[INFO] Coalescing path $.metrics.containerSecurityContext.enabled
[INFO] Coalescing path $.metrics.ephemeral.accessModes
[INFO] Coalescing path $.metrics.ephemeral.annotations
[INFO] Coalescing path $.metrics.ephemeral.enabled
[INFO] Coalescing path $.metrics.ephemeral.size
[INFO] Coalescing path $.metrics.image.pullPolicy
[INFO] Coalescing path $.metrics.networkPolicy.allowExternal
[INFO] Coalescing path $.metrics.networkPolicy.allowExternalEgress
[INFO] Coalescing path $.metrics.networkPolicy.enabled
[INFO] Coalescing path $.metrics.networkPolicy.extraIngress
[INFO] Coalescing path $.metrics.networkPolicy.ingressNSMatchLabels
[INFO] Coalescing path $.metrics.networkPolicy.ingressNSPodMatchLabels
[INFO] Coalescing path $.metrics.nodeAffinityPreset.key
[INFO] Coalescing path $.metrics.nodeAffinityPreset.type
[INFO] Coalescing path $.metrics.nodeAffinityPreset.values
[INFO] Coalescing path $.metrics.podSecurityContext.enabled
[INFO] Coalescing path $.metrics.service.annotations
[INFO] Coalescing path $.metrics.service.clusterIP
[INFO] Coalescing path $.metrics.service.sessionAffinity
[INFO] Coalescing path $.metrics.serviceMonitor.enabled
[INFO] Coalescing path $.metrics.serviceMonitor.honorLabels
[INFO] Coalescing path $.metrics.serviceMonitor.interval
[INFO] Coalescing path $.metrics.serviceMonitor.jobLabel
[INFO] Coalescing path $.metrics.serviceMonitor.labels
[INFO] Coalescing path $.metrics.serviceMonitor.metricRelabelings
[INFO] Coalescing path $.metrics.serviceMonitor.namespace
[INFO] Coalescing path $.metrics.serviceMonitor.relabelings
[INFO] Coalescing path $.metrics.serviceMonitor.scrapeTimeout
[INFO] Coalescing path $.metrics.serviceMonitor.selector
[INFO] Coalescing path $.scheduler.containerSecurityContext.enabled
[INFO] Coalescing path $.scheduler.ephemeral.accessModes
[INFO] Coalescing path $.scheduler.ephemeral.annotations
[INFO] Coalescing path $.scheduler.ephemeral.enabled
[INFO] Coalescing path $.scheduler.ephemeral.size
[INFO] Coalescing path $.scheduler.extraEnvVarsCMs[*]
[INFO] Coalescing path $.scheduler.extraEnvVarsSecrets[*]
[INFO] Coalescing path $.scheduler.networkPolicy.allowExternal
[INFO] Coalescing path $.scheduler.networkPolicy.allowExternalEgress
[INFO] Coalescing path $.scheduler.networkPolicy.enabled
[INFO] Coalescing path $.scheduler.networkPolicy.extraEgress
[INFO] Coalescing path $.scheduler.networkPolicy.extraIngress
[INFO] Coalescing path $.scheduler.networkPolicy.ingressNSMatchLabels
[INFO] Coalescing path $.scheduler.networkPolicy.ingressNSPodMatchLabels
[INFO] Coalescing path $.scheduler.nodeAffinityPreset.key
[INFO] Coalescing path $.scheduler.nodeAffinityPreset.type
[INFO] Coalescing path $.scheduler.nodeAffinityPreset.values
[INFO] Coalescing path $.scheduler.pdb.create
[INFO] Coalescing path $.scheduler.pdb.maxUnavailable
[INFO] Coalescing path $.scheduler.pdb.minAvailable
[INFO] Coalescing path $.scheduler.podSecurityContext.enabled
[INFO] Coalescing path $.service.nodePorts.http
[INFO] Coalescing path $.service.ports.http
[INFO] Coalescing path $.setupDBJob.containerSecurityContext.enabled
[INFO] Coalescing path $.setupDBJob.ephemeral.accessModes
[INFO] Coalescing path $.setupDBJob.ephemeral.annotations
[INFO] Coalescing path $.setupDBJob.ephemeral.enabled
[INFO] Coalescing path $.setupDBJob.ephemeral.size
[INFO] Coalescing path $.setupDBJob.nodeAffinityPreset.key
[INFO] Coalescing path $.setupDBJob.nodeAffinityPreset.type
[INFO] Coalescing path $.setupDBJob.nodeAffinityPreset.values
[INFO] Coalescing path $.setupDBJob.podSecurityContext.enabled
[INFO] Coalescing path $.triggerer.containerPorts.logs
[INFO] Coalescing path $.triggerer.containerSecurityContext.enabled
[INFO] Coalescing path $.triggerer.ephemeral.accessModes
[INFO] Coalescing path $.triggerer.ephemeral.annotations
[INFO] Coalescing path $.triggerer.ephemeral.enabled
[INFO] Coalescing path $.triggerer.ephemeral.size
[INFO] Coalescing path $.triggerer.extraEnvVarsCMs[*]
[INFO] Coalescing path $.triggerer.networkPolicy.allowExternal
[INFO] Coalescing path $.triggerer.networkPolicy.allowExternalEgress
[INFO] Coalescing path $.triggerer.networkPolicy.enabled
[INFO] Coalescing path $.triggerer.networkPolicy.extraEgress
[INFO] Coalescing path $.triggerer.networkPolicy.extraIngress
[INFO] Coalescing path $.triggerer.networkPolicy.ingressNSMatchLabels
[INFO] Coalescing path $.triggerer.networkPolicy.ingressNSPodMatchLabels
[INFO] Coalescing path $.triggerer.nodeAffinityPreset.key
[INFO] Coalescing path $.triggerer.nodeAffinityPreset.type
[INFO] Coalescing path $.triggerer.nodeAffinityPreset.values
[INFO] Coalescing path $.triggerer.pdb.create
[INFO] Coalescing path $.triggerer.pdb.maxUnavailable
[INFO] Coalescing path $.triggerer.pdb.minAvailable
[INFO] Coalescing path $.triggerer.persistence.enabled
[INFO] Coalescing path $.triggerer.persistence.existingClaim
[INFO] Coalescing path $.triggerer.podSecurityContext.enabled
[INFO] Coalescing path $.triggerer.service.annotations
[INFO] Coalescing path $.triggerer.service.clusterIP
[INFO] Coalescing path $.triggerer.service.externalTrafficPolicy
[INFO] Coalescing path $.triggerer.service.extraPorts
[INFO] Coalescing path $.triggerer.service.loadBalancerIP
[INFO] Coalescing path $.triggerer.service.loadBalancerSourceRanges
[INFO] Coalescing path $.triggerer.service.sessionAffinity
[INFO] Coalescing path $.triggerer.service.sessionAffinityConfig
[INFO] Coalescing path $.triggerer.service.type
[INFO] Coalescing path $.web.containerPorts.http
[INFO] Coalescing path $.web.containerSecurityContext.enabled
[INFO] Coalescing path $.web.ephemeral.accessModes
[INFO] Coalescing path $.web.ephemeral.annotations
[INFO] Coalescing path $.web.ephemeral.enabled
[INFO] Coalescing path $.web.ephemeral.size
[INFO] Coalescing path $.web.extraEnvVarsCMs[*]
[INFO] Coalescing path $.web.extraEnvVarsSecrets[*]
[INFO] Coalescing path $.web.networkPolicy.allowExternal
[INFO] Coalescing path $.web.networkPolicy.allowExternalEgress
[INFO] Coalescing path $.web.networkPolicy.enabled
[INFO] Coalescing path $.web.networkPolicy.extraEgress
[INFO] Coalescing path $.web.networkPolicy.extraIngress
[INFO] Coalescing path $.web.networkPolicy.ingressNSMatchLabels
[INFO] Coalescing path $.web.networkPolicy.ingressNSPodMatchLabels
[INFO] Coalescing path $.web.nodeAffinityPreset.key
[INFO] Coalescing path $.web.nodeAffinityPreset.type
[INFO] Coalescing path $.web.nodeAffinityPreset.values
[INFO] Coalescing path $.web.pdb.create
[INFO] Coalescing path $.web.pdb.maxUnavailable
[INFO] Coalescing path $.web.pdb.minAvailable
[INFO] Coalescing path $.web.podSecurityContext.enabled
[INFO] Coalescing path $.web.tls.enabled
[INFO] Coalescing path $.worker.autoscaling.enabled
[INFO] Coalescing path $.worker.autoscaling.maxReplicas
[INFO] Coalescing path $.worker.autoscaling.minReplicas
[INFO] Coalescing path $.worker.autoscaling.targetCPU
[INFO] Coalescing path $.worker.autoscaling.targetMemory
[INFO] Coalescing path $.worker.containerPorts.http
[INFO] Coalescing path $.worker.containerSecurityContext.enabled
[INFO] Coalescing path $.worker.ephemeral.accessModes
[INFO] Coalescing path $.worker.ephemeral.annotations
[INFO] Coalescing path $.worker.ephemeral.enabled
[INFO] Coalescing path $.worker.ephemeral.size
[INFO] Coalescing path $.worker.extraEnvVarsCMs[*]
[INFO] Coalescing path $.worker.extraEnvVarsSecrets[*]
[INFO] Coalescing path $.worker.networkPolicy.allowExternal
[INFO] Coalescing path $.worker.networkPolicy.allowExternalEgress
[INFO] Coalescing path $.worker.networkPolicy.enabled
[INFO] Coalescing path $.worker.networkPolicy.extraEgress
[INFO] Coalescing path $.worker.networkPolicy.extraIngress
[INFO] Coalescing path $.worker.networkPolicy.ingressNSMatchLabels
[INFO] Coalescing path $.worker.networkPolicy.ingressNSPodMatchLabels
[INFO] Coalescing path $.worker.nodeAffinityPreset.key
[INFO] Coalescing path $.worker.nodeAffinityPreset.type
[INFO] Coalescing path $.worker.nodeAffinityPreset.values
[INFO] Coalescing path $.worker.pdb.create
[INFO] Coalescing path $.worker.pdb.maxUnavailable
[INFO] Coalescing path $.worker.pdb.minAvailable
[INFO] Coalescing path $.worker.podSecurityContext.enabled
[INFO] Coalescing path $.dagProcessor.autoscaling.hpa.enabled
[INFO] Coalescing path $.dagProcessor.autoscaling.hpa.maxReplicas
[INFO] Coalescing path $.dagProcessor.autoscaling.hpa.minReplicas
[INFO] Coalescing path $.dagProcessor.autoscaling.hpa.targetCPU
[INFO] Coalescing path $.dagProcessor.autoscaling.hpa.targetMemory
[INFO] Coalescing path $.dagProcessor.autoscaling.vpa.annotations
[INFO] Coalescing path $.dagProcessor.autoscaling.vpa.controlledResources
[INFO] Coalescing path $.dagProcessor.autoscaling.vpa.enabled
[INFO] Coalescing path $.dagProcessor.autoscaling.vpa.maxAllowed
[INFO] Coalescing path $.dagProcessor.autoscaling.vpa.minAllowed
[INFO] Coalescing path $.dagProcessor.autoscaling.vpa.updatePolicy
[INFO] Coalescing path $.dagProcessor.ephemeral.accessModes[*]
[INFO] Coalescing path $.dagProcessor.networkPolicy.ingressNSMatchLabels[*]
[INFO] Coalescing path $.dagProcessor.networkPolicy.ingressNSPodMatchLabels[*]
[INFO] Coalescing path $.ingress.extraHosts[*].name
[INFO] Coalescing path $.ingress.extraHosts[*].path
[INFO] Coalescing path $.ingress.extraHosts[*].pathType
[INFO] Coalescing path $.ingress.secrets[*].certificate
[INFO] Coalescing path $.ingress.secrets[*].key
[INFO] Coalescing path $.ingress.secrets[*].name
[INFO] Coalescing path $.metrics.ephemeral.accessModes[*]
[INFO] Coalescing path $.metrics.networkPolicy.ingressNSMatchLabels[*]
[INFO] Coalescing path $.metrics.networkPolicy.ingressNSPodMatchLabels[*]
[INFO] Coalescing path $.metrics.service.ports.ingest
[INFO] Coalescing path $.metrics.service.ports.metrics
[INFO] Coalescing path $.scheduler.autoscaling.hpa.enabled
[INFO] Coalescing path $.scheduler.autoscaling.hpa.maxReplicas
[INFO] Coalescing path $.scheduler.autoscaling.hpa.minReplicas
[INFO] Coalescing path $.scheduler.autoscaling.hpa.targetCPU
[INFO] Coalescing path $.scheduler.autoscaling.hpa.targetMemory
[INFO] Coalescing path $.scheduler.autoscaling.vpa.annotations
[INFO] Coalescing path $.scheduler.autoscaling.vpa.controlledResources
[INFO] Coalescing path $.scheduler.autoscaling.vpa.enabled
[INFO] Coalescing path $.scheduler.autoscaling.vpa.maxAllowed
[INFO] Coalescing path $.scheduler.autoscaling.vpa.minAllowed
[INFO] Coalescing path $.scheduler.autoscaling.vpa.updatePolicy
[INFO] Coalescing path $.scheduler.ephemeral.accessModes[*]
[INFO] Coalescing path $.scheduler.networkPolicy.ingressNSMatchLabels[*]
[INFO] Coalescing path $.scheduler.networkPolicy.ingressNSPodMatchLabels[*]
[INFO] Coalescing path $.setupDBJob.ephemeral.accessModes[*]
[INFO] Coalescing path $.triggerer.autoscaling.hpa.enabled
[INFO] Coalescing path $.triggerer.autoscaling.hpa.maxReplicas
[INFO] Coalescing path $.triggerer.autoscaling.hpa.minReplicas
[INFO] Coalescing path $.triggerer.autoscaling.hpa.targetCPU
[INFO] Coalescing path $.triggerer.autoscaling.hpa.targetMemory
[INFO] Coalescing path $.triggerer.autoscaling.vpa.annotations
[INFO] Coalescing path $.triggerer.autoscaling.vpa.controlledResources
[INFO] Coalescing path $.triggerer.autoscaling.vpa.enabled
[INFO] Coalescing path $.triggerer.autoscaling.vpa.maxAllowed
[INFO] Coalescing path $.triggerer.autoscaling.vpa.minAllowed
[INFO] Coalescing path $.triggerer.autoscaling.vpa.updatePolicy
[INFO] Coalescing path $.triggerer.ephemeral.accessModes[*]
[INFO] Coalescing path $.triggerer.networkPolicy.ingressNSMatchLabels[*]
[INFO] Coalescing path $.triggerer.networkPolicy.ingressNSPodMatchLabels[*]
[INFO] Coalescing path $.triggerer.service.nodePorts.logs
[INFO] Coalescing path $.triggerer.service.ports.logs
[INFO] Coalescing path $.web.autoscaling.hpa.enabled
[INFO] Coalescing path $.web.autoscaling.hpa.maxReplicas
[INFO] Coalescing path $.web.autoscaling.hpa.minReplicas
[INFO] Coalescing path $.web.autoscaling.hpa.targetCPU
[INFO] Coalescing path $.web.autoscaling.hpa.targetMemory
[INFO] Coalescing path $.web.autoscaling.vpa.annotations
[INFO] Coalescing path $.web.autoscaling.vpa.controlledResources
[INFO] Coalescing path $.web.autoscaling.vpa.enabled
[INFO] Coalescing path $.web.autoscaling.vpa.maxAllowed
[INFO] Coalescing path $.web.autoscaling.vpa.minAllowed
[INFO] Coalescing path $.web.autoscaling.vpa.updatePolicy
[INFO] Coalescing path $.web.ephemeral.accessModes[*]
[INFO] Coalescing path $.web.networkPolicy.ingressNSMatchLabels[*]
[INFO] Coalescing path $.web.networkPolicy.ingressNSPodMatchLabels[*]
[INFO] Coalescing path $.web.tls.autoGenerated.enabled
[INFO] Coalescing path $.web.tls.autoGenerated.engine
[INFO] Coalescing path $.worker.autoscaling.hpa.enabled
[INFO] Coalescing path $.worker.autoscaling.hpa.maxReplicas
[INFO] Coalescing path $.worker.autoscaling.hpa.minReplicas
[INFO] Coalescing path $.worker.autoscaling.hpa.targetCPU
[INFO] Coalescing path $.worker.autoscaling.hpa.targetMemory
[INFO] Coalescing path $.worker.autoscaling.vpa.annotations
[INFO] Coalescing path $.worker.autoscaling.vpa.controlledResources
[INFO] Coalescing path $.worker.autoscaling.vpa.enabled
[INFO] Coalescing path $.worker.autoscaling.vpa.maxAllowed
[INFO] Coalescing path $.worker.autoscaling.vpa.minAllowed
[INFO] Coalescing path $.worker.autoscaling.vpa.updatePolicy
[INFO] Coalescing path $.worker.ephemeral.accessModes[*]
[INFO] Coalescing path $.worker.networkPolicy.ingressNSMatchLabels[*]
[INFO] Coalescing path $.worker.networkPolicy.ingressNSPodMatchLabels[*]
[INFO] Coalescing path $.dagProcessor.autoscaling.vpa.updatePolicy.updateMode
[INFO] Coalescing path $.scheduler.autoscaling.vpa.updatePolicy.updateMode
[INFO] Coalescing path $.triggerer.autoscaling.vpa.updatePolicy.updateMode
[INFO] Coalescing path $.web.autoscaling.vpa.updatePolicy.updateMode
[INFO] Coalescing path $.web.tls.autoGenerated.certManager.duration
[INFO] Coalescing path $.web.tls.autoGenerated.certManager.existingIssuer
[INFO] Coalescing path $.web.tls.autoGenerated.certManager.existingIssuerKind
[INFO] Coalescing path $.web.tls.autoGenerated.certManager.keyAlgorithm
[INFO] Coalescing path $.web.tls.autoGenerated.certManager.keySize
[INFO] Coalescing path $.web.tls.autoGenerated.certManager.renewBefore
[INFO] Coalescing path $.worker.autoscaling.vpa.updatePolicy.updateMode
[INFO] Testing known inputs first; arbitrary extra-key cases are deferred
[INFO] Render hashes (run-local): 21 observed, 21 unique, 0 duplicate bundles; 0 successful validations reused
[INFO] Testing deferred arbitrary-key and original-schema robustness cases
