[INFO] Chart 1/1: .
[INFO] Finite filtering unavailable: permutations need closed objects at (); set additionalProperties: false; prioritizing known inputs before robustness sampling
[INFO] Coalescing path $.affinity
[INFO] Coalescing path $.args
[INFO] Coalescing path $.automountServiceAccountToken
[INFO] Coalescing path $.bindURLs
[INFO] Coalescing path $.clusterDomain
[INFO] Coalescing path $.command
[INFO] Coalescing path $.commonAnnotations
[INFO] Coalescing path $.commonLabels
[INFO] Coalescing path $.containerSecurityContext
[INFO] Coalescing path $.customLivenessProbe
[INFO] Coalescing path $.customReadinessProbe
[INFO] Coalescing path $.customStartupProbe
[INFO] Coalescing path $.extraContainerPorts
[INFO] Coalescing path $.extraDeploy
[INFO] Coalescing path $.extraEnvVars
[INFO] Coalescing path $.extraEnvVarsCM
[INFO] Coalescing path $.extraEnvVarsSecret
[INFO] Coalescing path $.extraVolumeMounts
[INFO] Coalescing path $.extraVolumes
[INFO] Coalescing path $.hostAliases
[INFO] Coalescing path $.image
[INFO] Coalescing path $.initContainers
[INFO] Coalescing path $.lifecycleHooks
[INFO] Coalescing path $.nodeSelector
[INFO] Coalescing path $.podAffinityPreset
[INFO] Coalescing path $.podAnnotations
[INFO] Coalescing path $.podAntiAffinityPreset
[INFO] Coalescing path $.podLabels
[INFO] Coalescing path $.podSecurityContext
[INFO] Coalescing path $.priorityClassName
[INFO] Coalescing path $.replicaCount
[INFO] Coalescing path $.resources
[INFO] Coalescing path $.schedulerName
[INFO] Coalescing path $.sidecars
[INFO] Coalescing path $.tolerations
[INFO] Coalescing path $.topologySpreadConstraints
[INFO] Coalescing path $.updateStrategy
[INFO] Coalescing path $.appFromExistingPVC.enabled
[INFO] Coalescing path $.appFromExistingPVC.existingClaim
[INFO] Coalescing path $.appFromExternalRepo.enabled
[INFO] Coalescing path $.autoscaling.enabled
[INFO] Coalescing path $.autoscaling.maxReplicas
[INFO] Coalescing path $.autoscaling.minReplicas
[INFO] Coalescing path $.autoscaling.targetCPU
[INFO] Coalescing path $.autoscaling.targetMemory
[INFO] Coalescing path $.containerPorts.http
[INFO] Coalescing path $.containerSecurityContext.enabled
[INFO] Coalescing path $.extraContainerPorts[*]
[INFO] Coalescing path $.extraDeploy[*]
[INFO] Coalescing path $.healthIngress.annotations
[INFO] Coalescing path $.healthIngress.certManager
[INFO] Coalescing path $.healthIngress.enabled
[INFO] Coalescing path $.healthIngress.extraHosts
[INFO] Coalescing path $.healthIngress.extraPaths
[INFO] Coalescing path $.healthIngress.extraRules
[INFO] Coalescing path $.healthIngress.extraTls
[INFO] Coalescing path $.healthIngress.hostname
[INFO] Coalescing path $.healthIngress.hosts
[INFO] Coalescing path $.healthIngress.ingressClassName
[INFO] Coalescing path $.healthIngress.path
[INFO] Coalescing path $.healthIngress.pathType
[INFO] Coalescing path $.healthIngress.secrets
[INFO] Coalescing path $.healthIngress.tls
[INFO] Coalescing path $.image.debug
[INFO] Coalescing path $.image.pullPolicy
[INFO] Coalescing path $.ingress.annotations
[INFO] Coalescing path $.ingress.certManager
[INFO] Coalescing path $.ingress.enabled
[INFO] Coalescing path $.ingress.extraHosts
[INFO] Coalescing path $.ingress.extraPaths
[INFO] Coalescing path $.ingress.extraRules
[INFO] Coalescing path $.ingress.extraTls
[INFO] Coalescing path $.ingress.hostname
[INFO] Coalescing path $.ingress.hosts
[INFO] Coalescing path $.ingress.ingressClassName
[INFO] Coalescing path $.ingress.path
[INFO] Coalescing path $.ingress.pathType
[INFO] Coalescing path $.ingress.secrets
[INFO] Coalescing path $.ingress.selfSigned
[INFO] Coalescing path $.ingress.tls
[INFO] Coalescing path $.networkPolicy.allowExternal
[INFO] Coalescing path $.networkPolicy.allowExternalEgress
[INFO] Coalescing path $.networkPolicy.enabled
[INFO] Coalescing path $.networkPolicy.extraIngress
[INFO] Coalescing path $.networkPolicy.ingressNSMatchLabels
[INFO] Coalescing path $.networkPolicy.ingressNSPodMatchLabels
[INFO] Coalescing path $.nodeAffinityPreset.key
[INFO] Coalescing path $.nodeAffinityPreset.type
[INFO] Coalescing path $.nodeAffinityPreset.values
[INFO] Coalescing path $.pdb.create
[INFO] Coalescing path $.pdb.maxUnavailable
[INFO] Coalescing path $.pdb.minAvailable
[INFO] Coalescing path $.podSecurityContext.enabled
[INFO] Coalescing path $.service.annotations
[INFO] Coalescing path $.service.clusterIP
[INFO] Coalescing path $.service.externalTrafficPolicy
[INFO] Coalescing path $.service.extraPorts
[INFO] Coalescing path $.service.loadBalancerIP
[INFO] Coalescing path $.service.loadBalancerSourceRanges
[INFO] Coalescing path $.service.sessionAffinity
[INFO] Coalescing path $.service.sessionAffinityConfig
[INFO] Coalescing path $.service.type
[INFO] Coalescing path $.serviceAccount.annotations
[INFO] Coalescing path $.serviceAccount.automountServiceAccountToken
[INFO] Coalescing path $.serviceAccount.create
[INFO] Coalescing path $.serviceAccount.extraLabels
[INFO] Coalescing path $.appFromExternalRepo.clone.depth
[INFO] Coalescing path $.appFromExternalRepo.clone.extraVolumeMounts
[INFO] Coalescing path $.appFromExternalRepo.clone.image
[INFO] Coalescing path $.appFromExternalRepo.clone.repository
[INFO] Coalescing path $.appFromExternalRepo.clone.revision
[INFO] Coalescing path $.appFromExternalRepo.publish.extraFlags
[INFO] Coalescing path $.appFromExternalRepo.publish.image
[INFO] Coalescing path $.appFromExternalRepo.publish.subFolder
[INFO] Coalescing path $.networkPolicy.ingressNSMatchLabels[*]
[INFO] Coalescing path $.networkPolicy.ingressNSPodMatchLabels[*]
[INFO] Coalescing path $.service.nodePorts.http
[INFO] Coalescing path $.service.ports.http
[INFO] Coalescing path $.appFromExternalRepo.clone.image.pullPolicy
[INFO] Coalescing path $.appFromExternalRepo.publish.image.pullPolicy
[INFO] Coalescing path $.healthIngress.extraHosts[*].name
[INFO] Coalescing path $.healthIngress.secrets[*].certificate
[INFO] Coalescing path $.healthIngress.secrets[*].key
[INFO] Coalescing path $.healthIngress.secrets[*].name
[INFO] Coalescing path $.ingress.extraHosts[*].name
[INFO] Coalescing path $.ingress.extraHosts[*].path
[INFO] Coalescing path $.ingress.extraHosts[*].pathType
[INFO] Coalescing path $.ingress.secrets[*].certificate
[INFO] Coalescing path $.ingress.secrets[*].key
[INFO] Coalescing path $.ingress.secrets[*].name
[INFO] Coalescing path $.ingress.secrets[*].Values.commonAnnotations
[INFO] Coalescing path $.healthIngress.extraHosts[*].Values.healthIngress.extraPaths
[INFO] Coalescing path $.healthIngress.extraHosts[*].Values.healthIngress.path
[INFO] Coalescing path $.healthIngress.extraHosts[*].Values.healthIngress.pathType
[INFO] Testing known inputs first; arbitrary extra-key cases are deferred
[INFO] Render hashes (run-local): 54 observed, 7 unique, 47 duplicate bundles; 47 successful validations reused
[INFO] Testing deferred arbitrary-key and original-schema robustness cases
