[INFO] Auditing path $.adminPassword
[INFO] Auditing path $.apiVersions
[INFO] Auditing path $.cache.enabled
[INFO] Auditing path $.cache.expireHours
[INFO] Auditing path $.cache
[INFO] Auditing path $.certificateVolume.resources
[INFO] Auditing path $.certificateVolume.resourcesPreset
[INFO] Auditing path $.certificateVolume
[INFO] Auditing path $.clusterDomain
[INFO] Auditing path $.commonAnnotations
[INFO] Auditing path $.commonLabels
[INFO] Auditing path $.core.affinity
[INFO] Auditing path $.core.args
[INFO] Auditing path $.core.artifactPullAsyncFlushDuration
[INFO] Auditing path $.core.automountServiceAccountToken
[INFO] Auditing path $.core.command
[INFO] Auditing path $.core.configOverwriteJson
[INFO] Auditing path $.core.configOverwriteJsonSecret
[INFO] Auditing path $.core.containerPorts
[INFO] Auditing path $.core.containerPorts.http
[INFO] Auditing path $.core.containerPorts.https
[INFO] Auditing path $.core.containerPorts.metrics
[INFO] Auditing path $.core.containerSecurityContext
[INFO] Auditing path $.core.containerSecurityContext.allowPrivilegeEscalation
[INFO] Auditing path $.core.containerSecurityContext.capabilities
[INFO] Auditing path $.core.containerSecurityContext.capabilities.drop
[INFO] Auditing path $.core.containerSecurityContext.enabled
[INFO] Auditing path $.core.containerSecurityContext.privileged
[INFO] Auditing path $.core.containerSecurityContext.readOnlyRootFilesystem
[INFO] Auditing path $.core.containerSecurityContext.runAsGroup
[INFO] Auditing path $.core.containerSecurityContext.runAsNonRoot
[INFO] Auditing path $.core.containerSecurityContext.runAsUser
[INFO] Auditing path $.core.containerSecurityContext.seLinuxOptions
[INFO] Auditing path $.core.containerSecurityContext.seccompProfile
[INFO] Auditing path $.core.containerSecurityContext.seccompProfile.type
[INFO] Auditing path $.core.csrfKey
[INFO] Auditing path $.core.customLivenessProbe
[INFO] Auditing path $.core.customReadinessProbe
[INFO] Auditing path $.core.customStartupProbe
[INFO] Auditing path $.core.existingEnvVarsSecret
[INFO] Auditing path $.core.existingSecret
[INFO] Auditing path $.core.extraEnvVars
[INFO] Auditing path $.core.extraEnvVarsCM
[INFO] Auditing path $.core.extraEnvVarsSecret
[INFO] Auditing path $.core.extraVolumeMounts
[INFO] Auditing path $.core.extraVolumes
[INFO] Auditing path $.core.gdpr
[INFO] Auditing path $.core.gdpr.auditLogsCompliant
[INFO] Auditing path $.core.gdpr.deleteUser
[INFO] Auditing path $.core.hostAliases
[INFO] Auditing path $.core.image
[INFO] Auditing path $.core.image.debug
[INFO] Auditing path $.core.image.digest
[INFO] Auditing path $.core.image.pullPolicy
[INFO] Auditing path $.core.image.pullSecrets
[INFO] Auditing path $.core.image.registry
[INFO] Auditing path $.core.image.repository
[INFO] Auditing path $.core.image.tag
[INFO] Auditing path $.core.initContainers
[INFO] Auditing path $.core.lifecycleHooks
[INFO] Auditing path $.core.livenessProbe
[INFO] Auditing path $.core.livenessProbe.enabled
[INFO] Auditing path $.core.livenessProbe.failureThreshold
[INFO] Auditing path $.core.livenessProbe.initialDelaySeconds
[INFO] Auditing path $.core.livenessProbe.periodSeconds
[INFO] Auditing path $.core.livenessProbe.successThreshold
[INFO] Auditing path $.core.livenessProbe.timeoutSeconds
[INFO] Auditing path $.core.networkPolicy
[INFO] Auditing path $.core.networkPolicy.allowExternal
[INFO] Auditing path $.core.networkPolicy.allowExternalEgress
[INFO] Auditing path $.core.networkPolicy.enabled
[INFO] Auditing path $.core.networkPolicy.extraEgress
[INFO] Auditing path $.core.networkPolicy.extraIngress
[INFO] Auditing path $.core.networkPolicy.ingressNSMatchLabels
[INFO] Auditing path $.core.networkPolicy.ingressNSMatchLabels[*]
[INFO] Auditing path $.core.networkPolicy.ingressNSPodMatchLabels
[INFO] Auditing path $.core.networkPolicy.ingressNSPodMatchLabels[*]
[INFO] Auditing path $.core.nodeAffinityPreset
[INFO] Auditing path $.core.nodeAffinityPreset.key
[INFO] Auditing path $.core.nodeAffinityPreset.type
[INFO] Auditing path $.core.nodeAffinityPreset.values
[INFO] Auditing path $.core.nodeSelector
[INFO] Auditing path $.core.pdb
[INFO] Auditing path $.core.pdb.create
[INFO] Auditing path $.core.pdb.maxUnavailable
[INFO] Auditing path $.core.pdb.minAvailable
[INFO] Auditing path $.core.podAffinityPreset
[INFO] Auditing path $.core.podAnnotations
[INFO] Auditing path $.core.podAntiAffinityPreset
[INFO] Auditing path $.core.podLabels
[INFO] Auditing path $.core.podSecurityContext
[INFO] Auditing path $.core.podSecurityContext.enabled
[INFO] Auditing path $.core.podSecurityContext.fsGroup
[INFO] Auditing path $.core.podSecurityContext.fsGroupChangePolicy
[INFO] Auditing path $.core.podSecurityContext.supplementalGroups
[INFO] Auditing path $.core.podSecurityContext.sysctls
[INFO] Auditing path $.core.priorityClassName
[INFO] Auditing path $.core.quotaUpdateProvider
[INFO] Auditing path $.core.readinessProbe
[INFO] Auditing path $.core.readinessProbe.enabled
[INFO] Auditing path $.core.readinessProbe.failureThreshold
[INFO] Auditing path $.core.readinessProbe.initialDelaySeconds
[INFO] Auditing path $.core.readinessProbe.periodSeconds
[INFO] Auditing path $.core.readinessProbe.successThreshold
[INFO] Auditing path $.core.readinessProbe.timeoutSeconds
[INFO] Auditing path $.core.replicaCount
[INFO] Auditing path $.core.resources
[INFO] Auditing path $.core.resourcesPreset
[INFO] Auditing path $.core.schedulerName
[INFO] Auditing path $.core.secret
[INFO] Auditing path $.core.secretKey
[INFO] Auditing path $.core.secretName
[INFO] Auditing path $.core.service
[INFO] Auditing path $.core.service.ports
[INFO] Auditing path $.core.service.ports.http
[INFO] Auditing path $.core.service.ports.https
[INFO] Auditing path $.core.service.ports.metrics
[INFO] Auditing path $.core.serviceAccount
[INFO] Auditing path $.core.serviceAccount.annotations
[INFO] Auditing path $.core.serviceAccount.automountServiceAccountToken
[INFO] Auditing path $.core.serviceAccount.create
[INFO] Auditing path $.core.serviceAccount.name
[INFO] Auditing path $.core.sessionLifetime
[INFO] Auditing path $.core.sidecars
[INFO] Auditing path $.core.startupProbe
[INFO] Auditing path $.core.startupProbe.enabled
[INFO] Auditing path $.core.startupProbe.failureThreshold
[INFO] Auditing path $.core.startupProbe.initialDelaySeconds
[INFO] Auditing path $.core.startupProbe.periodSeconds
[INFO] Auditing path $.core.startupProbe.successThreshold
[INFO] Auditing path $.core.startupProbe.timeoutSeconds
[INFO] Auditing path $.core.tls
[INFO] Auditing path $.core.tls.existingSecret
[INFO] Auditing path $.core.tokenCert
[INFO] Auditing path $.core.tokenKey
[INFO] Auditing path $.core.tolerations
[INFO] Auditing path $.core.topologySpreadConstraints
[INFO] Auditing path $.core.uaaSecret
[INFO] Auditing path $.core.updateStrategy
[INFO] Auditing path $.core.updateStrategy.type
[INFO] Auditing path $.core
[INFO] Auditing path $.database.maxIdleConns
[INFO] Auditing path $.database.maxOpenConns
[INFO] Auditing path $.database
[INFO] Auditing path $.diagnosticMode.args
[INFO] Auditing path $.diagnosticMode.command
[INFO] Auditing path $.diagnosticMode.enabled
[INFO] Auditing path $.diagnosticMode
[INFO] Auditing path $.existingSecret
[INFO] Auditing path $.existingSecretAdminPasswordKey
[INFO] Auditing path $.exporter.affinity
[INFO] Auditing path $.exporter.args
[INFO] Auditing path $.exporter.automountServiceAccountToken
[INFO] Auditing path $.exporter.cacheCleanInterval
[INFO] Auditing path $.exporter.cacheDuration
[INFO] Auditing path $.exporter.command
[INFO] Auditing path $.exporter.containerPorts
[INFO] Auditing path $.exporter.containerPorts.metrics
[INFO] Auditing path $.exporter.containerSecurityContext
[INFO] Auditing path $.exporter.containerSecurityContext.allowPrivilegeEscalation
[INFO] Auditing path $.exporter.containerSecurityContext.capabilities
[INFO] Auditing path $.exporter.containerSecurityContext.capabilities.drop
[INFO] Auditing path $.exporter.containerSecurityContext.enabled
[INFO] Auditing path $.exporter.containerSecurityContext.privileged
[INFO] Auditing path $.exporter.containerSecurityContext.readOnlyRootFilesystem
[INFO] Auditing path $.exporter.containerSecurityContext.runAsGroup
[INFO] Auditing path $.exporter.containerSecurityContext.runAsNonRoot
[INFO] Auditing path $.exporter.containerSecurityContext.runAsUser
[INFO] Auditing path $.exporter.containerSecurityContext.seLinuxOptions
[INFO] Auditing path $.exporter.containerSecurityContext.seccompProfile
[INFO] Auditing path $.exporter.containerSecurityContext.seccompProfile.type
[INFO] Auditing path $.exporter.customLivenessProbe
[INFO] Auditing path $.exporter.customReadinessProbe
[INFO] Auditing path $.exporter.customStartupProbe
[INFO] Auditing path $.exporter.extraEnvVars
[INFO] Auditing path $.exporter.extraEnvVarsCM
[INFO] Auditing path $.exporter.extraEnvVarsSecret
[INFO] Auditing path $.exporter.extraVolumeMounts
[INFO] Auditing path $.exporter.extraVolumes
[INFO] Auditing path $.exporter.hostAliases
[INFO] Auditing path $.exporter.image
[INFO] Auditing path $.exporter.image.debug
[INFO] Auditing path $.exporter.image.digest
[INFO] Auditing path $.exporter.image.pullPolicy
[INFO] Auditing path $.exporter.image.pullSecrets
[INFO] Auditing path $.exporter.image.registry
[INFO] Auditing path $.exporter.image.repository
[INFO] Auditing path $.exporter.image.tag
[INFO] Auditing path $.exporter.initContainers
[INFO] Auditing path $.exporter.lifecycleHooks
[INFO] Auditing path $.exporter.livenessProbe
[INFO] Auditing path $.exporter.livenessProbe.enabled
[INFO] Auditing path $.exporter.livenessProbe.failureThreshold
[INFO] Auditing path $.exporter.livenessProbe.initialDelaySeconds
[INFO] Auditing path $.exporter.livenessProbe.periodSeconds
[INFO] Auditing path $.exporter.livenessProbe.successThreshold
[INFO] Auditing path $.exporter.livenessProbe.timeoutSeconds
[INFO] Auditing path $.exporter.networkPolicy
[INFO] Auditing path $.exporter.networkPolicy.allowExternal
[INFO] Auditing path $.exporter.networkPolicy.allowExternalEgress
[INFO] Auditing path $.exporter.networkPolicy.enabled
[INFO] Auditing path $.exporter.networkPolicy.extraEgress
[INFO] Auditing path $.exporter.networkPolicy.extraIngress
[INFO] Auditing path $.exporter.networkPolicy.ingressNSMatchLabels
[INFO] Auditing path $.exporter.networkPolicy.ingressNSMatchLabels[*]
[INFO] Auditing path $.exporter.networkPolicy.ingressNSPodMatchLabels
[INFO] Auditing path $.exporter.networkPolicy.ingressNSPodMatchLabels[*]
[INFO] Auditing path $.exporter.nodeAffinityPreset
[INFO] Auditing path $.exporter.nodeAffinityPreset.key
[INFO] Auditing path $.exporter.nodeAffinityPreset.type
[INFO] Auditing path $.exporter.nodeAffinityPreset.values
[INFO] Auditing path $.exporter.nodeSelector
[INFO] Auditing path $.exporter.pdb
[INFO] Auditing path $.exporter.pdb.create
[INFO] Auditing path $.exporter.pdb.maxUnavailable
[INFO] Auditing path $.exporter.pdb.minAvailable
[INFO] Auditing path $.exporter.podAffinityPreset
[INFO] Auditing path $.exporter.podAnnotations
[INFO] Auditing path $.exporter.podAntiAffinityPreset
[INFO] Auditing path $.exporter.podLabels
[INFO] Auditing path $.exporter.podSecurityContext
[INFO] Auditing path $.exporter.podSecurityContext.enabled
[INFO] Auditing path $.exporter.podSecurityContext.fsGroup
[INFO] Auditing path $.exporter.podSecurityContext.fsGroupChangePolicy
[INFO] Auditing path $.exporter.podSecurityContext.supplementalGroups
[INFO] Auditing path $.exporter.podSecurityContext.sysctls
[INFO] Auditing path $.exporter.priorityClassName
[INFO] Auditing path $.exporter.readinessProbe
[INFO] Auditing path $.exporter.readinessProbe.enabled
[INFO] Auditing path $.exporter.readinessProbe.failureThreshold
[INFO] Auditing path $.exporter.readinessProbe.initialDelaySeconds
[INFO] Auditing path $.exporter.readinessProbe.periodSeconds
[INFO] Auditing path $.exporter.readinessProbe.successThreshold
[INFO] Auditing path $.exporter.readinessProbe.timeoutSeconds
[INFO] Auditing path $.exporter.replicaCount
[INFO] Auditing path $.exporter.resources
[INFO] Auditing path $.exporter.resourcesPreset
[INFO] Auditing path $.exporter.schedulerName
[INFO] Auditing path $.exporter.service
[INFO] Auditing path $.exporter.service.ports
[INFO] Auditing path $.exporter.service.ports.metrics
[INFO] Auditing path $.exporter.serviceAccount
[INFO] Auditing path $.exporter.serviceAccount.annotations
[INFO] Auditing path $.exporter.serviceAccount.automountServiceAccountToken
[INFO] Auditing path $.exporter.serviceAccount.create
[INFO] Auditing path $.exporter.serviceAccount.name
[INFO] Auditing path $.exporter.sidecars
[INFO] Auditing path $.exporter.startupProbe
[INFO] Auditing path $.exporter.startupProbe.enabled
[INFO] Auditing path $.exporter.startupProbe.failureThreshold
[INFO] Auditing path $.exporter.startupProbe.initialDelaySeconds
[INFO] Auditing path $.exporter.startupProbe.periodSeconds
[INFO] Auditing path $.exporter.startupProbe.successThreshold
[INFO] Auditing path $.exporter.startupProbe.timeoutSeconds
[INFO] Auditing path $.exporter.tolerations
[INFO] Auditing path $.exporter.topologySpreadConstraints
[INFO] Auditing path $.exporter.updateStrategy
[INFO] Auditing path $.exporter.updateStrategy.type
[INFO] Auditing path $.exporter
[INFO] Auditing path $.exposureType
[INFO] Auditing path $.externalDatabase.coreDatabase
[INFO] Auditing path $.externalDatabase.existingSecret
[INFO] Auditing path $.externalDatabase.existingSecretPasswordKey
[INFO] Auditing path $.externalDatabase.host
[INFO] Auditing path $.externalDatabase.password
[INFO] Auditing path $.externalDatabase.port
[INFO] Auditing path $.externalDatabase.sslmode
[INFO] Auditing path $.externalDatabase.user
[INFO] Auditing path $.externalDatabase
[INFO] Auditing path $.externalRedis.core
[INFO] Auditing path $.externalRedis.core.existingSecret
[INFO] Auditing path $.externalRedis.core.host
[INFO] Auditing path $.externalRedis.core.index
[INFO] Auditing path $.externalRedis.core.password
[INFO] Auditing path $.externalRedis.core.port
[INFO] Auditing path $.externalRedis.core.sentinel
[INFO] Auditing path $.externalRedis.core.sentinel.enabled
[INFO] Auditing path $.externalRedis.core.sentinel.hosts
[INFO] Auditing path $.externalRedis.core.sentinel.masterSet
[INFO] Auditing path $.externalRedis.core.tls
[INFO] Auditing path $.externalRedis.core.tls.certCAFilename
[INFO] Auditing path $.externalRedis.core.tls.enabled
[INFO] Auditing path $.externalRedis.core.tls.existingSecret
[INFO] Auditing path $.externalRedis.core.username
[INFO] Auditing path $.externalRedis.coreDatabaseIndex
[INFO] Auditing path $.externalRedis.existingSecret
[INFO] Auditing path $.externalRedis.host
[INFO] Auditing path $.externalRedis.instancePerComponent
[INFO] Auditing path $.externalRedis.jobservice
[INFO] Auditing path $.externalRedis.jobservice.existingSecret
[INFO] Auditing path $.externalRedis.jobservice.host
[INFO] Auditing path $.externalRedis.jobservice.index
[INFO] Auditing path $.externalRedis.jobservice.password
[INFO] Auditing path $.externalRedis.jobservice.port
[INFO] Auditing path $.externalRedis.jobservice.sentinel
[INFO] Auditing path $.externalRedis.jobservice.sentinel.enabled
[INFO] Auditing path $.externalRedis.jobservice.sentinel.hosts
[INFO] Auditing path $.externalRedis.jobservice.sentinel.masterSet
[INFO] Auditing path $.externalRedis.jobservice.tls
[INFO] Auditing path $.externalRedis.jobservice.tls.certCAFilename
[INFO] Auditing path $.externalRedis.jobservice.tls.enabled
[INFO] Auditing path $.externalRedis.jobservice.tls.existingSecret
[INFO] Auditing path $.externalRedis.jobservice.username
[INFO] Auditing path $.externalRedis.jobserviceDatabaseIndex
[INFO] Auditing path $.externalRedis.password
[INFO] Auditing path $.externalRedis.port
[INFO] Auditing path $.externalRedis.registry
[INFO] Auditing path $.externalRedis.registry.Values.externalRedis
[INFO] Auditing path $.externalRedis.registry.existingSecret
[INFO] Auditing path $.externalRedis.registry.host
[INFO] Auditing path $.externalRedis.registry.index
[INFO] Auditing path $.externalRedis.registry.password
[INFO] Auditing path $.externalRedis.registry.port
[INFO] Auditing path $.externalRedis.registry.sentinel
[INFO] Auditing path $.externalRedis.registry.sentinel.enabled
[INFO] Auditing path $.externalRedis.registry.sentinel.hosts
[INFO] Auditing path $.externalRedis.registry.sentinel.masterSet
[INFO] Auditing path $.externalRedis.registry.tls
[INFO] Auditing path $.externalRedis.registry.tls.certCAFilename
[INFO] Auditing path $.externalRedis.registry.tls.enabled
[INFO] Auditing path $.externalRedis.registry.tls.existingSecret
[INFO] Auditing path $.externalRedis.registry.username
[INFO] Auditing path $.externalRedis.registryDatabaseIndex
[INFO] Auditing path $.externalRedis.sentinel
[INFO] Auditing path $.externalRedis.sentinel.enabled
[INFO] Auditing path $.externalRedis.sentinel.hosts
[INFO] Auditing path $.externalRedis.sentinel.masterSet
[INFO] Auditing path $.externalRedis.tls
[INFO] Auditing path $.externalRedis.tls.certCAFilename
[INFO] Auditing path $.externalRedis.tls.enabled
[INFO] Auditing path $.externalRedis.tls.existingSecret
[INFO] Auditing path $.externalRedis.trivy
[INFO] Auditing path $.externalRedis.trivy.existingSecret
[INFO] Auditing path $.externalRedis.trivy.host
[INFO] Auditing path $.externalRedis.trivy.index
[INFO] Auditing path $.externalRedis.trivy.password
[INFO] Auditing path $.externalRedis.trivy.port
[INFO] Auditing path $.externalRedis.trivy.sentinel
[INFO] Auditing path $.externalRedis.trivy.sentinel.enabled
[INFO] Auditing path $.externalRedis.trivy.sentinel.hosts
[INFO] Auditing path $.externalRedis.trivy.sentinel.masterSet
[INFO] Auditing path $.externalRedis.trivy.tls
[INFO] Auditing path $.externalRedis.trivy.tls.certCAFilename
[INFO] Auditing path $.externalRedis.trivy.tls.enabled
[INFO] Auditing path $.externalRedis.trivy.tls.existingSecret
[INFO] Auditing path $.externalRedis.trivy.username
[INFO] Auditing path $.externalRedis.trivyAdapterDatabaseIndex
[INFO] Auditing path $.externalRedis.username
[INFO] Auditing path $.externalRedis
[INFO] Auditing path $.externalURL
[INFO] Auditing path $.extraDeploy[*]
[INFO] Auditing path $.extraDeploy
[INFO] Auditing path $.extraVolumes
[INFO] Auditing path $.fullnameOverride
[INFO] Auditing path $.global.compatibility
[INFO] Auditing path $.global.compatibility.openshift
[INFO] Auditing path $.global.compatibility.openshift.adaptSecurityContext
[INFO] Auditing path $.global.defaultStorageClass
[INFO] Auditing path $.global.imagePullSecrets
[INFO] Auditing path $.global.imageRegistry
[INFO] Auditing path $.global.security
[INFO] Auditing path $.global.security.allowInsecureImages
[INFO] Auditing path $.global
[INFO] Auditing path $.ingress.core
[INFO] Auditing path $.ingress.core.annotations
[INFO] Auditing path $.ingress.core.annotations["ingress.kubernetes.io/proxy-body-size"]
[INFO] Auditing path $.ingress.core.annotations["ingress.kubernetes.io/ssl-redirect"]
[INFO] Auditing path $.ingress.core.annotations["nginx.ingress.kubernetes.io/proxy-body-size"]
[INFO] Auditing path $.ingress.core.annotations["nginx.ingress.kubernetes.io/ssl-redirect"]
[INFO] Auditing path $.ingress.core.apiVersion
[INFO] Auditing path $.ingress.core.controller
[INFO] Auditing path $.ingress.core.extraHosts
[INFO] Auditing path $.ingress.core.extraHosts[*].name
[INFO] Auditing path $.ingress.core.extraHosts[*].path
[INFO] Auditing path $.ingress.core.extraHosts[*].pathType
[INFO] Auditing path $.ingress.core.extraPaths
[INFO] Auditing path $.ingress.core.extraRules
[INFO] Auditing path $.ingress.core.extraTls
[INFO] Auditing path $.ingress.core.hostname
[INFO] Auditing path $.ingress.core.ingressClassName
[INFO] Auditing path $.ingress.core.pathType
[INFO] Auditing path $.ingress.core.secrets
[INFO] Auditing path $.ingress.core.secrets[*].certificate
[INFO] Auditing path $.ingress.core.secrets[*].key
[INFO] Auditing path $.ingress.core.secrets[*].name
[INFO] Auditing path $.ingress.core.selfSigned
[INFO] Auditing path $.ingress.core.tls
[INFO] Auditing path $.ingress
[INFO] Auditing path $.internalTLS.caBundleSecret
[INFO] Auditing path $.internalTLS.enabled
[INFO] Auditing path $.internalTLS
[INFO] Auditing path $.ipFamily.ipv4
[INFO] Auditing path $.ipFamily.ipv4.enabled
[INFO] Auditing path $.ipFamily.ipv6
[INFO] Auditing path $.ipFamily.ipv6.enabled
[INFO] Auditing path $.ipFamily
[INFO] Auditing path $.jobservice.affinity
[INFO] Auditing path $.jobservice.args
[INFO] Auditing path $.jobservice.automountServiceAccountToken
[INFO] Auditing path $.jobservice.command
[INFO] Auditing path $.jobservice.containerPorts
[INFO] Auditing path $.jobservice.containerPorts.http
[INFO] Auditing path $.jobservice.containerPorts.https
[INFO] Auditing path $.jobservice.containerPorts.metrics
[INFO] Auditing path $.jobservice.containerSecurityContext
[INFO] Auditing path $.jobservice.containerSecurityContext.allowPrivilegeEscalation
[INFO] Auditing path $.jobservice.containerSecurityContext.capabilities
[INFO] Auditing path $.jobservice.containerSecurityContext.capabilities.drop
[INFO] Auditing path $.jobservice.containerSecurityContext.enabled
[INFO] Auditing path $.jobservice.containerSecurityContext.privileged
[INFO] Auditing path $.jobservice.containerSecurityContext.readOnlyRootFilesystem
[INFO] Auditing path $.jobservice.containerSecurityContext.runAsGroup
[INFO] Auditing path $.jobservice.containerSecurityContext.runAsNonRoot
[INFO] Auditing path $.jobservice.containerSecurityContext.runAsUser
[INFO] Auditing path $.jobservice.containerSecurityContext.seLinuxOptions
[INFO] Auditing path $.jobservice.containerSecurityContext.seccompProfile
[INFO] Auditing path $.jobservice.containerSecurityContext.seccompProfile.type
[INFO] Auditing path $.jobservice.customLivenessProbe
[INFO] Auditing path $.jobservice.customReadinessProbe
[INFO] Auditing path $.jobservice.customStartupProbe
[INFO] Auditing path $.jobservice.existingEnvVarsSecret
[INFO] Auditing path $.jobservice.existingSecret
[INFO] Auditing path $.jobservice.extraEnvVars
[INFO] Auditing path $.jobservice.extraEnvVarsCM
[INFO] Auditing path $.jobservice.extraEnvVarsSecret
[INFO] Auditing path $.jobservice.extraVolumeMounts
[INFO] Auditing path $.jobservice.extraVolumes
[INFO] Auditing path $.jobservice.hostAliases
[INFO] Auditing path $.jobservice.image
[INFO] Auditing path $.jobservice.image.debug
[INFO] Auditing path $.jobservice.image.digest
[INFO] Auditing path $.jobservice.image.pullPolicy
[INFO] Auditing path $.jobservice.image.pullSecrets
[INFO] Auditing path $.jobservice.image.registry
[INFO] Auditing path $.jobservice.image.repository
[INFO] Auditing path $.jobservice.image.tag
[INFO] Auditing path $.jobservice.initContainers
[INFO] Auditing path $.jobservice.jobLogger
[INFO] Auditing path $.jobservice.lifecycleHooks
[INFO] Auditing path $.jobservice.livenessProbe
[INFO] Auditing path $.jobservice.livenessProbe.enabled
[INFO] Auditing path $.jobservice.livenessProbe.failureThreshold
[INFO] Auditing path $.jobservice.livenessProbe.initialDelaySeconds
[INFO] Auditing path $.jobservice.livenessProbe.periodSeconds
[INFO] Auditing path $.jobservice.livenessProbe.successThreshold
[INFO] Auditing path $.jobservice.livenessProbe.timeoutSeconds
[INFO] Auditing path $.jobservice.maxJobWorkers
[INFO] Auditing path $.jobservice.networkPolicy
[INFO] Auditing path $.jobservice.networkPolicy.allowExternal
[INFO] Auditing path $.jobservice.networkPolicy.allowExternalEgress
[INFO] Auditing path $.jobservice.networkPolicy.enabled
[INFO] Auditing path $.jobservice.networkPolicy.extraEgress
[INFO] Auditing path $.jobservice.networkPolicy.extraIngress
[INFO] Auditing path $.jobservice.networkPolicy.ingressNSMatchLabels
[INFO] Auditing path $.jobservice.networkPolicy.ingressNSMatchLabels[*]
[INFO] Auditing path $.jobservice.networkPolicy.ingressNSPodMatchLabels
[INFO] Auditing path $.jobservice.networkPolicy.ingressNSPodMatchLabels[*]
[INFO] Auditing path $.jobservice.nodeAffinityPreset
[INFO] Auditing path $.jobservice.nodeAffinityPreset.key
[INFO] Auditing path $.jobservice.nodeAffinityPreset.type
[INFO] Auditing path $.jobservice.nodeAffinityPreset.values
[INFO] Auditing path $.jobservice.nodeSelector
[INFO] Auditing path $.jobservice.notification
[INFO] Auditing path $.jobservice.notification.webhookJobHttpClientTimeout
[INFO] Auditing path $.jobservice.notification.webhookJobMaxRetry
[INFO] Auditing path $.jobservice.pdb
[INFO] Auditing path $.jobservice.pdb.create
[INFO] Auditing path $.jobservice.pdb.maxUnavailable
[INFO] Auditing path $.jobservice.pdb.minAvailable
[INFO] Auditing path $.jobservice.podAffinityPreset
[INFO] Auditing path $.jobservice.podAnnotations
[INFO] Auditing path $.jobservice.podAntiAffinityPreset
[INFO] Auditing path $.jobservice.podLabels
[INFO] Auditing path $.jobservice.podSecurityContext
[INFO] Auditing path $.jobservice.podSecurityContext.enabled
[INFO] Auditing path $.jobservice.podSecurityContext.fsGroup
[INFO] Auditing path $.jobservice.podSecurityContext.fsGroupChangePolicy
[INFO] Auditing path $.jobservice.podSecurityContext.supplementalGroups
[INFO] Auditing path $.jobservice.podSecurityContext.sysctls
[INFO] Auditing path $.jobservice.priorityClassName
[INFO] Auditing path $.jobservice.readinessProbe
[INFO] Auditing path $.jobservice.readinessProbe.enabled
[INFO] Auditing path $.jobservice.readinessProbe.failureThreshold
[INFO] Auditing path $.jobservice.readinessProbe.initialDelaySeconds
[INFO] Auditing path $.jobservice.readinessProbe.periodSeconds
[INFO] Auditing path $.jobservice.readinessProbe.successThreshold
[INFO] Auditing path $.jobservice.readinessProbe.timeoutSeconds
[INFO] Auditing path $.jobservice.reaper
[INFO] Auditing path $.jobservice.reaper.maxDanglingHours
[INFO] Auditing path $.jobservice.reaper.maxUpdateHours
[INFO] Auditing path $.jobservice.redisNamespace
[INFO] Auditing path $.jobservice.replicaCount
[INFO] Auditing path $.jobservice.resources
[INFO] Auditing path $.jobservice.resourcesPreset
[INFO] Auditing path $.jobservice.schedulerName
[INFO] Auditing path $.jobservice.secret
[INFO] Auditing path $.jobservice.service
[INFO] Auditing path $.jobservice.service.ports
[INFO] Auditing path $.jobservice.service.ports.http
[INFO] Auditing path $.jobservice.service.ports.https
[INFO] Auditing path $.jobservice.service.ports.metrics
[INFO] Auditing path $.jobservice.serviceAccount
[INFO] Auditing path $.jobservice.serviceAccount.annotations
[INFO] Auditing path $.jobservice.serviceAccount.automountServiceAccountToken
[INFO] Auditing path $.jobservice.serviceAccount.create
[INFO] Auditing path $.jobservice.serviceAccount.name
[INFO] Auditing path $.jobservice.sidecars
[INFO] Auditing path $.jobservice.startupProbe
[INFO] Auditing path $.jobservice.startupProbe.enabled
[INFO] Auditing path $.jobservice.startupProbe.failureThreshold
[INFO] Auditing path $.jobservice.startupProbe.initialDelaySeconds
[INFO] Auditing path $.jobservice.startupProbe.periodSeconds
[INFO] Auditing path $.jobservice.startupProbe.successThreshold
[INFO] Auditing path $.jobservice.startupProbe.timeoutSeconds
[INFO] Auditing path $.jobservice.tls
[INFO] Auditing path $.jobservice.tls.existingSecret
[INFO] Auditing path $.jobservice.tolerations
[INFO] Auditing path $.jobservice.topologySpreadConstraints
[INFO] Auditing path $.jobservice.updateStrategy
[INFO] Auditing path $.jobservice.updateStrategy.type
[INFO] Auditing path $.jobservice
[INFO] Auditing path $.kubeVersion
[INFO] Auditing path $.logLevel
[INFO] Auditing path $.metrics.enabled
[INFO] Auditing path $.metrics.path
[INFO] Auditing path $.metrics.serviceMonitor
[INFO] Auditing path $.metrics.serviceMonitor.enabled
[INFO] Auditing path $.metrics.serviceMonitor.honorLabels
[INFO] Auditing path $.metrics.serviceMonitor.interval
[INFO] Auditing path $.metrics.serviceMonitor.jobLabel
[INFO] Auditing path $.metrics.serviceMonitor.labels
[INFO] Auditing path $.metrics.serviceMonitor.metricRelabelings
[INFO] Auditing path $.metrics.serviceMonitor.namespace
[INFO] Auditing path $.metrics.serviceMonitor.relabelings
[INFO] Auditing path $.metrics.serviceMonitor.scrapeTimeout
[INFO] Auditing path $.metrics.serviceMonitor.selector
[INFO] Auditing path $.metrics
[INFO] Auditing path $.migration.annotations
[INFO] Auditing path $.migration.annotations["helm.sh/hook"]
[INFO] Auditing path $.migration.annotations["helm.sh/hook-delete-policy"]
[INFO] Auditing path $.migration.args
[INFO] Auditing path $.migration.automountServiceAccountToken
[INFO] Auditing path $.migration.command
[INFO] Auditing path $.migration.containerSecurityContext
[INFO] Auditing path $.migration.containerSecurityContext.allowPrivilegeEscalation
[INFO] Auditing path $.migration.containerSecurityContext.capabilities
[INFO] Auditing path $.migration.containerSecurityContext.capabilities.drop
[INFO] Auditing path $.migration.containerSecurityContext.enabled
[INFO] Auditing path $.migration.containerSecurityContext.privileged
[INFO] Auditing path $.migration.containerSecurityContext.readOnlyRootFilesystem
[INFO] Auditing path $.migration.containerSecurityContext.runAsGroup
[INFO] Auditing path $.migration.containerSecurityContext.runAsNonRoot
[INFO] Auditing path $.migration.containerSecurityContext.runAsUser
[INFO] Auditing path $.migration.containerSecurityContext.seLinuxOptions
[INFO] Auditing path $.migration.containerSecurityContext.seccompProfile
[INFO] Auditing path $.migration.containerSecurityContext.seccompProfile.type
[INFO] Auditing path $.migration.enabled
[INFO] Auditing path $.migration.extraEnvVars
[INFO] Auditing path $.migration.extraEnvVarsCM
[INFO] Auditing path $.migration.extraEnvVarsSecret
[INFO] Auditing path $.migration.extraVolumeMounts
[INFO] Auditing path $.migration.extraVolumes
[INFO] Auditing path $.migration.hostAliases
[INFO] Auditing path $.migration.networkPolicy
[INFO] Auditing path $.migration.networkPolicy.allowExternal
[INFO] Auditing path $.migration.networkPolicy.allowExternalEgress
[INFO] Auditing path $.migration.networkPolicy.enabled
[INFO] Auditing path $.migration.networkPolicy.extraEgress
[INFO] Auditing path $.migration.networkPolicy.extraIngress
[INFO] Auditing path $.migration.podAnnotations
[INFO] Auditing path $.migration.podLabels
[INFO] Auditing path $.migration.podSecurityContext
[INFO] Auditing path $.migration.podSecurityContext.enabled
[INFO] Auditing path $.migration.podSecurityContext.fsGroup
[INFO] Auditing path $.migration.podSecurityContext.fsGroupChangePolicy
[INFO] Auditing path $.migration.podSecurityContext.supplementalGroups
[INFO] Auditing path $.migration.podSecurityContext.sysctls
[INFO] Auditing path $.migration.resources
[INFO] Auditing path $.migration.resourcesPreset
[INFO] Auditing path $.migration
[INFO] Auditing path $.nameOverride
[INFO] Auditing path $.nginx.affinity
[INFO] Auditing path $.nginx.args
[INFO] Auditing path $.nginx.automountServiceAccountToken
[INFO] Auditing path $.nginx.behindReverseProxy
[INFO] Auditing path $.nginx.command
[INFO] Auditing path $.nginx.containerPorts
[INFO] Auditing path $.nginx.containerPorts.http
[INFO] Auditing path $.nginx.containerPorts.https
[INFO] Auditing path $.nginx.containerSecurityContext
[INFO] Auditing path $.nginx.containerSecurityContext.allowPrivilegeEscalation
[INFO] Auditing path $.nginx.containerSecurityContext.capabilities
[INFO] Auditing path $.nginx.containerSecurityContext.capabilities.drop
[INFO] Auditing path $.nginx.containerSecurityContext.enabled
[INFO] Auditing path $.nginx.containerSecurityContext.privileged
[INFO] Auditing path $.nginx.containerSecurityContext.readOnlyRootFilesystem
[INFO] Auditing path $.nginx.containerSecurityContext.runAsGroup
[INFO] Auditing path $.nginx.containerSecurityContext.runAsNonRoot
[INFO] Auditing path $.nginx.containerSecurityContext.runAsUser
[INFO] Auditing path $.nginx.containerSecurityContext.seLinuxOptions
[INFO] Auditing path $.nginx.containerSecurityContext.seccompProfile
[INFO] Auditing path $.nginx.containerSecurityContext.seccompProfile.type
[INFO] Auditing path $.nginx.customLivenessProbe
[INFO] Auditing path $.nginx.customReadinessProbe
[INFO] Auditing path $.nginx.customStartupProbe
[INFO] Auditing path $.nginx.extraEnvVars
[INFO] Auditing path $.nginx.extraEnvVarsCM
[INFO] Auditing path $.nginx.extraEnvVarsSecret
[INFO] Auditing path $.nginx.extraVolumeMounts
[INFO] Auditing path $.nginx.extraVolumes
[INFO] Auditing path $.nginx.hostAliases
[INFO] Auditing path $.nginx.image
[INFO] Auditing path $.nginx.image.debug
[INFO] Auditing path $.nginx.image.digest
[INFO] Auditing path $.nginx.image.pullPolicy
[INFO] Auditing path $.nginx.image.pullSecrets
[INFO] Auditing path $.nginx.image.registry
[INFO] Auditing path $.nginx.image.repository
[INFO] Auditing path $.nginx.image.tag
[INFO] Auditing path $.nginx.initContainers
[INFO] Auditing path $.nginx.lifecycleHooks
[INFO] Auditing path $.nginx.livenessProbe
[INFO] Auditing path $.nginx.livenessProbe.enabled
[INFO] Auditing path $.nginx.livenessProbe.failureThreshold
[INFO] Auditing path $.nginx.livenessProbe.initialDelaySeconds
[INFO] Auditing path $.nginx.livenessProbe.periodSeconds
[INFO] Auditing path $.nginx.livenessProbe.successThreshold
[INFO] Auditing path $.nginx.livenessProbe.timeoutSeconds
[INFO] Auditing path $.nginx.networkPolicy
[INFO] Auditing path $.nginx.networkPolicy.allowExternal
[INFO] Auditing path $.nginx.networkPolicy.allowExternalEgress
[INFO] Auditing path $.nginx.networkPolicy.enabled
[INFO] Auditing path $.nginx.networkPolicy.extraEgress
[INFO] Auditing path $.nginx.networkPolicy.extraIngress
[INFO] Auditing path $.nginx.networkPolicy.ingressNSMatchLabels
[INFO] Auditing path $.nginx.networkPolicy.ingressNSMatchLabels[*]
[INFO] Auditing path $.nginx.networkPolicy.ingressNSPodMatchLabels
[INFO] Auditing path $.nginx.networkPolicy.ingressNSPodMatchLabels[*]
[INFO] Auditing path $.nginx.nodeAffinityPreset
[INFO] Auditing path $.nginx.nodeAffinityPreset.key
[INFO] Auditing path $.nginx.nodeAffinityPreset.type
[INFO] Auditing path $.nginx.nodeAffinityPreset.values
[INFO] Auditing path $.nginx.nodeSelector
[INFO] Auditing path $.nginx.pdb
[INFO] Auditing path $.nginx.pdb.create
[INFO] Auditing path $.nginx.pdb.maxUnavailable
[INFO] Auditing path $.nginx.pdb.minAvailable
[INFO] Auditing path $.nginx.podAffinityPreset
[INFO] Auditing path $.nginx.podAnnotations
[INFO] Auditing path $.nginx.podAntiAffinityPreset
[INFO] Auditing path $.nginx.podLabels
[INFO] Auditing path $.nginx.podSecurityContext
[INFO] Auditing path $.nginx.podSecurityContext.enabled
[INFO] Auditing path $.nginx.podSecurityContext.fsGroup
[INFO] Auditing path $.nginx.podSecurityContext.fsGroupChangePolicy
[INFO] Auditing path $.nginx.podSecurityContext.supplementalGroups
[INFO] Auditing path $.nginx.podSecurityContext.sysctls
[INFO] Auditing path $.nginx.priorityClassName
[INFO] Auditing path $.nginx.readinessProbe
[INFO] Auditing path $.nginx.readinessProbe.enabled
[INFO] Auditing path $.nginx.readinessProbe.failureThreshold
[INFO] Auditing path $.nginx.readinessProbe.initialDelaySeconds
[INFO] Auditing path $.nginx.readinessProbe.periodSeconds
[INFO] Auditing path $.nginx.readinessProbe.successThreshold
[INFO] Auditing path $.nginx.readinessProbe.timeoutSeconds
[INFO] Auditing path $.nginx.replicaCount
[INFO] Auditing path $.nginx.resources
[INFO] Auditing path $.nginx.resourcesPreset
[INFO] Auditing path $.nginx.schedulerName
[INFO] Auditing path $.nginx.serviceAccount
[INFO] Auditing path $.nginx.serviceAccount.annotations
[INFO] Auditing path $.nginx.serviceAccount.automountServiceAccountToken
[INFO] Auditing path $.nginx.serviceAccount.create
[INFO] Auditing path $.nginx.serviceAccount.name
[INFO] Auditing path $.nginx.sidecars
[INFO] Auditing path $.nginx.startupProbe
[INFO] Auditing path $.nginx.startupProbe.enabled
[INFO] Auditing path $.nginx.startupProbe.failureThreshold
[INFO] Auditing path $.nginx.startupProbe.initialDelaySeconds
[INFO] Auditing path $.nginx.startupProbe.periodSeconds
[INFO] Auditing path $.nginx.startupProbe.successThreshold
[INFO] Auditing path $.nginx.startupProbe.timeoutSeconds
[INFO] Auditing path $.nginx.tls
[INFO] Auditing path $.nginx.tls.commonName
[INFO] Auditing path $.nginx.tls.enabled
[INFO] Auditing path $.nginx.tls.existingSecret
[INFO] Auditing path $.nginx.tolerations
[INFO] Auditing path $.nginx.topologySpreadConstraints
[INFO] Auditing path $.nginx.updateStrategy
[INFO] Auditing path $.nginx.updateStrategy.type
[INFO] Auditing path $.nginx
[INFO] Auditing path $.persistence.enabled
[INFO] Auditing path $.persistence.imageChartStorage
[INFO] Auditing path $.persistence.imageChartStorage.azure
[INFO] Auditing path $.persistence.imageChartStorage.azure.accountkey
[INFO] Auditing path $.persistence.imageChartStorage.azure.accountname
[INFO] Auditing path $.persistence.imageChartStorage.azure.container
[INFO] Auditing path $.persistence.imageChartStorage.azure.realm
[INFO] Auditing path $.persistence.imageChartStorage.azure.storagePrefix
[INFO] Auditing path $.persistence.imageChartStorage.caBundleSecret
[INFO] Auditing path $.persistence.imageChartStorage.disableredirect
[INFO] Auditing path $.persistence.imageChartStorage.filesystem
[INFO] Auditing path $.persistence.imageChartStorage.filesystem.maxthreads
[INFO] Auditing path $.persistence.imageChartStorage.filesystem.rootdirectory
[INFO] Auditing path $.persistence.imageChartStorage.gcs
[INFO] Auditing path $.persistence.imageChartStorage.gcs.bucket
[INFO] Auditing path $.persistence.imageChartStorage.gcs.chunksize
[INFO] Auditing path $.persistence.imageChartStorage.gcs.encodedkey
[INFO] Auditing path $.persistence.imageChartStorage.gcs.rootdirectory
[INFO] Auditing path $.persistence.imageChartStorage.oss
[INFO] Auditing path $.persistence.imageChartStorage.oss.accesskeyid
[INFO] Auditing path $.persistence.imageChartStorage.oss.accesskeysecret
[INFO] Auditing path $.persistence.imageChartStorage.oss.bucket
[INFO] Auditing path $.persistence.imageChartStorage.oss.chunksize
[INFO] Auditing path $.persistence.imageChartStorage.oss.encrypt
[INFO] Auditing path $.persistence.imageChartStorage.oss.endpoint
[INFO] Auditing path $.persistence.imageChartStorage.oss.internal
[INFO] Auditing path $.persistence.imageChartStorage.oss.region
[INFO] Auditing path $.persistence.imageChartStorage.oss.rootdirectory
[INFO] Auditing path $.persistence.imageChartStorage.oss.secretkey
[INFO] Auditing path $.persistence.imageChartStorage.oss.secure
[INFO] Auditing path $.persistence.imageChartStorage.s3
[INFO] Auditing path $.persistence.imageChartStorage.s3.accesskey
[INFO] Auditing path $.persistence.imageChartStorage.s3.bucket
[INFO] Auditing path $.persistence.imageChartStorage.s3.chunksize
[INFO] Auditing path $.persistence.imageChartStorage.s3.encrypt
[INFO] Auditing path $.persistence.imageChartStorage.s3.keyid
[INFO] Auditing path $.persistence.imageChartStorage.s3.multipartcopychunksize
[INFO] Auditing path $.persistence.imageChartStorage.s3.multipartcopymaxconcurrency
[INFO] Auditing path $.persistence.imageChartStorage.s3.multipartcopythresholdsize
[INFO] Auditing path $.persistence.imageChartStorage.s3.region
[INFO] Auditing path $.persistence.imageChartStorage.s3.regionendpoint
[INFO] Auditing path $.persistence.imageChartStorage.s3.rootdirectory
[INFO] Auditing path $.persistence.imageChartStorage.s3.secretkey
[INFO] Auditing path $.persistence.imageChartStorage.s3.secure
[INFO] Auditing path $.persistence.imageChartStorage.s3.skipverify
[INFO] Auditing path $.persistence.imageChartStorage.s3.sse
[INFO] Auditing path $.persistence.imageChartStorage.s3.storageClass
[INFO] Auditing path $.persistence.imageChartStorage.s3.v4auth
[INFO] Auditing path $.persistence.imageChartStorage.swift
[INFO] Auditing path $.persistence.imageChartStorage.swift.accesskey
[INFO] Auditing path $.persistence.imageChartStorage.swift.authurl
[INFO] Auditing path $.persistence.imageChartStorage.swift.authversion
[INFO] Auditing path $.persistence.imageChartStorage.swift.chunksize
[INFO] Auditing path $.persistence.imageChartStorage.swift.container
[INFO] Auditing path $.persistence.imageChartStorage.swift.domain
[INFO] Auditing path $.persistence.imageChartStorage.swift.domainid
[INFO] Auditing path $.persistence.imageChartStorage.swift.endpointtype
[INFO] Auditing path $.persistence.imageChartStorage.swift.insecureskipverify
[INFO] Auditing path $.persistence.imageChartStorage.swift.password
[INFO] Auditing path $.persistence.imageChartStorage.swift.prefix
[INFO] Auditing path $.persistence.imageChartStorage.swift.region
[INFO] Auditing path $.persistence.imageChartStorage.swift.secretkey
[INFO] Auditing path $.persistence.imageChartStorage.swift.tempurlcontainerkey
[INFO] Auditing path $.persistence.imageChartStorage.swift.tempurlmethods
[INFO] Auditing path $.persistence.imageChartStorage.swift.tenant
[INFO] Auditing path $.persistence.imageChartStorage.swift.tenantid
[INFO] Auditing path $.persistence.imageChartStorage.swift.trustid
[INFO] Auditing path $.persistence.imageChartStorage.swift.username
[INFO] Auditing path $.persistence.imageChartStorage.type
[INFO] Auditing path $.persistence.persistentVolumeClaim
[INFO] Auditing path $.persistence.persistentVolumeClaim.jobservice
[INFO] Auditing path $.persistence.persistentVolumeClaim.jobservice.accessModes
[INFO] Auditing path $.persistence.persistentVolumeClaim.jobservice.accessModes[*]
[INFO] Auditing path $.persistence.persistentVolumeClaim.jobservice.annotations
[INFO] Auditing path $.persistence.persistentVolumeClaim.jobservice.existingClaim
[INFO] Auditing path $.persistence.persistentVolumeClaim.jobservice.selector
[INFO] Auditing path $.persistence.persistentVolumeClaim.jobservice.size
[INFO] Auditing path $.persistence.persistentVolumeClaim.jobservice.storageClass
[INFO] Auditing path $.persistence.persistentVolumeClaim.jobservice.subPath
[INFO] Auditing path $.persistence.persistentVolumeClaim.registry
[INFO] Auditing path $.persistence.persistentVolumeClaim.registry.accessModes
[INFO] Auditing path $.persistence.persistentVolumeClaim.registry.accessModes[*]
[INFO] Auditing path $.persistence.persistentVolumeClaim.registry.annotations
[INFO] Auditing path $.persistence.persistentVolumeClaim.registry.existingClaim
[INFO] Auditing path $.persistence.persistentVolumeClaim.registry.selector
[INFO] Auditing path $.persistence.persistentVolumeClaim.registry.size
[INFO] Auditing path $.persistence.persistentVolumeClaim.registry.storageClass
[INFO] Auditing path $.persistence.persistentVolumeClaim.registry.subPath
[INFO] Auditing path $.persistence.persistentVolumeClaim.trivy
[INFO] Auditing path $.persistence.persistentVolumeClaim.trivy.accessModes
[INFO] Auditing path $.persistence.persistentVolumeClaim.trivy.accessModes[*]
[INFO] Auditing path $.persistence.persistentVolumeClaim.trivy.annotations
[INFO] Auditing path $.persistence.persistentVolumeClaim.trivy.selector
[INFO] Auditing path $.persistence.persistentVolumeClaim.trivy.size
[INFO] Auditing path $.persistence.persistentVolumeClaim.trivy.storageClass
[INFO] Auditing path $.persistence.resourcePolicy
[INFO] Auditing path $.persistence
[INFO] Auditing path $.podLabels
[INFO] Auditing path $.portal.affinity
[INFO] Auditing path $.portal.args
[INFO] Auditing path $.portal.automountServiceAccountToken
[INFO] Auditing path $.portal.command
[INFO] Auditing path $.portal.containerPorts
[INFO] Auditing path $.portal.containerPorts.http
[INFO] Auditing path $.portal.containerPorts.https
[INFO] Auditing path $.portal.containerSecurityContext
[INFO] Auditing path $.portal.containerSecurityContext.allowPrivilegeEscalation
[INFO] Auditing path $.portal.containerSecurityContext.capabilities
[INFO] Auditing path $.portal.containerSecurityContext.capabilities.drop
[INFO] Auditing path $.portal.containerSecurityContext.enabled
[INFO] Auditing path $.portal.containerSecurityContext.privileged
[INFO] Auditing path $.portal.containerSecurityContext.readOnlyRootFilesystem
[INFO] Auditing path $.portal.containerSecurityContext.runAsGroup
[INFO] Auditing path $.portal.containerSecurityContext.runAsNonRoot
[INFO] Auditing path $.portal.containerSecurityContext.runAsUser
[INFO] Auditing path $.portal.containerSecurityContext.seLinuxOptions
[INFO] Auditing path $.portal.containerSecurityContext.seccompProfile
[INFO] Auditing path $.portal.containerSecurityContext.seccompProfile.type
[INFO] Auditing path $.portal.customLivenessProbe
[INFO] Auditing path $.portal.customReadinessProbe
[INFO] Auditing path $.portal.customStartupProbe
[INFO] Auditing path $.portal.extraEnvVars
[INFO] Auditing path $.portal.extraEnvVarsCM
[INFO] Auditing path $.portal.extraEnvVarsSecret
[INFO] Auditing path $.portal.extraVolumeMounts
[INFO] Auditing path $.portal.extraVolumes
[INFO] Auditing path $.portal.hostAliases
[INFO] Auditing path $.portal.image
[INFO] Auditing path $.portal.image.debug
[INFO] Auditing path $.portal.image.digest
[INFO] Auditing path $.portal.image.pullPolicy
[INFO] Auditing path $.portal.image.pullSecrets
[INFO] Auditing path $.portal.image.registry
[INFO] Auditing path $.portal.image.repository
[INFO] Auditing path $.portal.image.tag
[INFO] Auditing path $.portal.initContainers
[INFO] Auditing path $.portal.lifecycleHooks
[INFO] Auditing path $.portal.livenessProbe
[INFO] Auditing path $.portal.livenessProbe.enabled
[INFO] Auditing path $.portal.livenessProbe.failureThreshold
[INFO] Auditing path $.portal.livenessProbe.initialDelaySeconds
[INFO] Auditing path $.portal.livenessProbe.periodSeconds
[INFO] Auditing path $.portal.livenessProbe.successThreshold
[INFO] Auditing path $.portal.livenessProbe.timeoutSeconds
[INFO] Auditing path $.portal.networkPolicy
[INFO] Auditing path $.portal.networkPolicy.allowExternal
[INFO] Auditing path $.portal.networkPolicy.allowExternalEgress
[INFO] Auditing path $.portal.networkPolicy.enabled
[INFO] Auditing path $.portal.networkPolicy.extraEgress
[INFO] Auditing path $.portal.networkPolicy.extraIngress
[INFO] Auditing path $.portal.networkPolicy.ingressNSMatchLabels
[INFO] Auditing path $.portal.networkPolicy.ingressNSMatchLabels[*]
[INFO] Auditing path $.portal.networkPolicy.ingressNSPodMatchLabels
[INFO] Auditing path $.portal.networkPolicy.ingressNSPodMatchLabels[*]
[INFO] Auditing path $.portal.nodeAffinityPreset
[INFO] Auditing path $.portal.nodeAffinityPreset.key
[INFO] Auditing path $.portal.nodeAffinityPreset.type
[INFO] Auditing path $.portal.nodeAffinityPreset.values
[INFO] Auditing path $.portal.nodeSelector
[INFO] Auditing path $.portal.pdb
[INFO] Auditing path $.portal.pdb.create
[INFO] Auditing path $.portal.pdb.maxUnavailable
[INFO] Auditing path $.portal.pdb.minAvailable
[INFO] Auditing path $.portal.podAffinityPreset
[INFO] Auditing path $.portal.podAnnotations
[INFO] Auditing path $.portal.podAntiAffinityPreset
[INFO] Auditing path $.portal.podLabels
[INFO] Auditing path $.portal.podSecurityContext
[INFO] Auditing path $.portal.podSecurityContext.enabled
[INFO] Auditing path $.portal.podSecurityContext.fsGroup
[INFO] Auditing path $.portal.podSecurityContext.fsGroupChangePolicy
[INFO] Auditing path $.portal.podSecurityContext.supplementalGroups
[INFO] Auditing path $.portal.podSecurityContext.sysctls
[INFO] Auditing path $.portal.priorityClassName
[INFO] Auditing path $.portal.readinessProbe
[INFO] Auditing path $.portal.readinessProbe.enabled
[INFO] Auditing path $.portal.readinessProbe.failureThreshold
[INFO] Auditing path $.portal.readinessProbe.initialDelaySeconds
[INFO] Auditing path $.portal.readinessProbe.periodSeconds
[INFO] Auditing path $.portal.readinessProbe.successThreshold
[INFO] Auditing path $.portal.readinessProbe.timeoutSeconds
[INFO] Auditing path $.portal.replicaCount
[INFO] Auditing path $.portal.resources
[INFO] Auditing path $.portal.resourcesPreset
[INFO] Auditing path $.portal.schedulerName
[INFO] Auditing path $.portal.service
[INFO] Auditing path $.portal.service.ports
[INFO] Auditing path $.portal.service.ports.http
[INFO] Auditing path $.portal.service.ports.https
[INFO] Auditing path $.portal.serviceAccount
[INFO] Auditing path $.portal.serviceAccount.annotations
[INFO] Auditing path $.portal.serviceAccount.automountServiceAccountToken
[INFO] Auditing path $.portal.serviceAccount.create
[INFO] Auditing path $.portal.serviceAccount.name
[INFO] Auditing path $.portal.sidecars
[INFO] Auditing path $.portal.startupProbe
[INFO] Auditing path $.portal.startupProbe.enabled
[INFO] Auditing path $.portal.startupProbe.failureThreshold
[INFO] Auditing path $.portal.startupProbe.initialDelaySeconds
[INFO] Auditing path $.portal.startupProbe.periodSeconds
[INFO] Auditing path $.portal.startupProbe.successThreshold
[INFO] Auditing path $.portal.startupProbe.timeoutSeconds
[INFO] Auditing path $.portal.tls
[INFO] Auditing path $.portal.tls.existingSecret
[INFO] Auditing path $.portal.tolerations
[INFO] Auditing path $.portal.topologySpreadConstraints
[INFO] Auditing path $.portal.updateStrategy
[INFO] Auditing path $.portal.updateStrategy.type
[INFO] Auditing path $.portal
[INFO] Auditing path $.postgresql.architecture
[INFO] Auditing path $.postgresql.auth
[INFO] Auditing path $.postgresql.auth.enablePostgresUser
[INFO] Auditing path $.postgresql.auth.existingSecret
[INFO] Auditing path $.postgresql.auth.postgresPassword
[INFO] Auditing path $.postgresql.enabled
[INFO] Auditing path $.postgresql.primary
[INFO] Auditing path $.postgresql.primary.extendedConfiguration
[INFO] Auditing path $.postgresql.primary.initdb
[INFO] Auditing path $.postgresql.primary.initdb.scripts
[INFO] Auditing path $.postgresql.primary.initdb.scripts["initial-registry.sql"]
[INFO] Auditing path $.postgresql.primary.resources
[INFO] Auditing path $.postgresql.primary.resourcesPreset
[INFO] Auditing path $.postgresql
[INFO] Auditing path $.proxy.components
[INFO] Auditing path $.proxy.httpProxy
[INFO] Auditing path $.proxy.httpsProxy
[INFO] Auditing path $.proxy.noProxy
[INFO] Auditing path $.proxy
[INFO] Auditing path $.redis.architecture
[INFO] Auditing path $.redis.auth
[INFO] Auditing path $.redis.auth.enabled
[INFO] Auditing path $.redis.auth.existingSecret
[INFO] Auditing path $.redis.auth.password
[INFO] Auditing path $.redis.enabled
[INFO] Auditing path $.redis.master
[INFO] Auditing path $.redis.master.resources
[INFO] Auditing path $.redis.master.resourcesPreset
[INFO] Auditing path $.redis.sentinel
[INFO] Auditing path $.redis.sentinel.enabled
[INFO] Auditing path $.redis.sentinel.masterSet
[INFO] Auditing path $.redis.sentinel.service
[INFO] Auditing path $.redis.sentinel.service.ports
[INFO] Auditing path $.redis.sentinel.service.ports.sentinel
[INFO] Auditing path $.redis.tls
[INFO] Auditing path $.redis.tls.authClients
[INFO] Auditing path $.redis.tls.autoGenerated
[INFO] Auditing path $.redis.tls.certCAFilename
[INFO] Auditing path $.redis.tls.certFilename
[INFO] Auditing path $.redis.tls.certKeyFilename
[INFO] Auditing path $.redis.tls.enabled
[INFO] Auditing path $.redis.tls.existingSecret
[INFO] Auditing path $.redis
[INFO] Auditing path $.registry.affinity
[INFO] Auditing path $.registry.automountServiceAccountToken
[INFO] Auditing path $.registry.controller
[INFO] Auditing path $.registry.controller.args
[INFO] Auditing path $.registry.controller.command
[INFO] Auditing path $.registry.controller.containerPorts
[INFO] Auditing path $.registry.controller.containerPorts.http
[INFO] Auditing path $.registry.controller.containerPorts.https
[INFO] Auditing path $.registry.controller.containerSecurityContext
[INFO] Auditing path $.registry.controller.containerSecurityContext.allowPrivilegeEscalation
[INFO] Auditing path $.registry.controller.containerSecurityContext.capabilities
[INFO] Auditing path $.registry.controller.containerSecurityContext.capabilities.drop
[INFO] Auditing path $.registry.controller.containerSecurityContext.enabled
[INFO] Auditing path $.registry.controller.containerSecurityContext.privileged
[INFO] Auditing path $.registry.controller.containerSecurityContext.readOnlyRootFilesystem
[INFO] Auditing path $.registry.controller.containerSecurityContext.runAsGroup
[INFO] Auditing path $.registry.controller.containerSecurityContext.runAsNonRoot
[INFO] Auditing path $.registry.controller.containerSecurityContext.runAsUser
[INFO] Auditing path $.registry.controller.containerSecurityContext.seLinuxOptions
[INFO] Auditing path $.registry.controller.containerSecurityContext.seccompProfile
[INFO] Auditing path $.registry.controller.containerSecurityContext.seccompProfile.type
[INFO] Auditing path $.registry.controller.customLivenessProbe
[INFO] Auditing path $.registry.controller.customReadinessProbe
[INFO] Auditing path $.registry.controller.customStartupProbe
[INFO] Auditing path $.registry.controller.extraEnvVars
[INFO] Auditing path $.registry.controller.extraEnvVarsCM
[INFO] Auditing path $.registry.controller.extraEnvVarsSecret
[INFO] Auditing path $.registry.controller.extraVolumeMounts
[INFO] Auditing path $.registry.controller.image
[INFO] Auditing path $.registry.controller.image.debug
[INFO] Auditing path $.registry.controller.image.digest
[INFO] Auditing path $.registry.controller.image.pullPolicy
[INFO] Auditing path $.registry.controller.image.pullSecrets
[INFO] Auditing path $.registry.controller.image.registry
[INFO] Auditing path $.registry.controller.image.repository
[INFO] Auditing path $.registry.controller.image.tag
[INFO] Auditing path $.registry.controller.lifecycleHooks
[INFO] Auditing path $.registry.controller.livenessProbe
[INFO] Auditing path $.registry.controller.livenessProbe.enabled
[INFO] Auditing path $.registry.controller.livenessProbe.failureThreshold
[INFO] Auditing path $.registry.controller.livenessProbe.initialDelaySeconds
[INFO] Auditing path $.registry.controller.livenessProbe.periodSeconds
[INFO] Auditing path $.registry.controller.livenessProbe.successThreshold
[INFO] Auditing path $.registry.controller.livenessProbe.timeoutSeconds
[INFO] Auditing path $.registry.controller.readinessProbe
[INFO] Auditing path $.registry.controller.readinessProbe.enabled
[INFO] Auditing path $.registry.controller.readinessProbe.failureThreshold
[INFO] Auditing path $.registry.controller.readinessProbe.initialDelaySeconds
[INFO] Auditing path $.registry.controller.readinessProbe.periodSeconds
[INFO] Auditing path $.registry.controller.readinessProbe.successThreshold
[INFO] Auditing path $.registry.controller.readinessProbe.timeoutSeconds
[INFO] Auditing path $.registry.controller.resources
[INFO] Auditing path $.registry.controller.resourcesPreset
[INFO] Auditing path $.registry.controller.service
[INFO] Auditing path $.registry.controller.service.ports
[INFO] Auditing path $.registry.controller.service.ports.http
[INFO] Auditing path $.registry.controller.service.ports.https
[INFO] Auditing path $.registry.controller.startupProbe
[INFO] Auditing path $.registry.controller.startupProbe.enabled
[INFO] Auditing path $.registry.controller.startupProbe.failureThreshold
[INFO] Auditing path $.registry.controller.startupProbe.initialDelaySeconds
[INFO] Auditing path $.registry.controller.startupProbe.periodSeconds
[INFO] Auditing path $.registry.controller.startupProbe.successThreshold
[INFO] Auditing path $.registry.controller.startupProbe.timeoutSeconds
[INFO] Auditing path $.registry.credentials
[INFO] Auditing path $.registry.credentials.htpasswd
[INFO] Auditing path $.registry.credentials.password
[INFO] Auditing path $.registry.credentials.username
[INFO] Auditing path $.registry.existingSecret
[INFO] Auditing path $.registry.extraVolumes
[INFO] Auditing path $.registry.hostAliases
[INFO] Auditing path $.registry.initContainers
[INFO] Auditing path $.registry.middleware
[INFO] Auditing path $.registry.middleware.cloudFront
[INFO] Auditing path $.registry.middleware.cloudFront.baseurl
[INFO] Auditing path $.registry.middleware.cloudFront.duration
[INFO] Auditing path $.registry.middleware.cloudFront.ipfilteredby
[INFO] Auditing path $.registry.middleware.cloudFront.keypairid
[INFO] Auditing path $.registry.middleware.cloudFront.privateKeySecret
[INFO] Auditing path $.registry.middleware.enabled
[INFO] Auditing path $.registry.middleware.type
[INFO] Auditing path $.registry.networkPolicy
[INFO] Auditing path $.registry.networkPolicy.allowExternal
[INFO] Auditing path $.registry.networkPolicy.allowExternalEgress
[INFO] Auditing path $.registry.networkPolicy.enabled
[INFO] Auditing path $.registry.networkPolicy.extraEgress
[INFO] Auditing path $.registry.networkPolicy.extraIngress
[INFO] Auditing path $.registry.networkPolicy.ingressNSMatchLabels
[INFO] Auditing path $.registry.networkPolicy.ingressNSMatchLabels[*]
[INFO] Auditing path $.registry.networkPolicy.ingressNSPodMatchLabels
[INFO] Auditing path $.registry.networkPolicy.ingressNSPodMatchLabels[*]
[INFO] Auditing path $.registry.nodeAffinityPreset
[INFO] Auditing path $.registry.nodeAffinityPreset.key
[INFO] Auditing path $.registry.nodeAffinityPreset.type
[INFO] Auditing path $.registry.nodeAffinityPreset.values
[INFO] Auditing path $.registry.nodeSelector
[INFO] Auditing path $.registry.pdb
[INFO] Auditing path $.registry.pdb.create
[INFO] Auditing path $.registry.pdb.maxUnavailable
[INFO] Auditing path $.registry.pdb.minAvailable
[INFO] Auditing path $.registry.podAffinityPreset
[INFO] Auditing path $.registry.podAnnotations
[INFO] Auditing path $.registry.podAntiAffinityPreset
[INFO] Auditing path $.registry.podLabels
[INFO] Auditing path $.registry.podSecurityContext
[INFO] Auditing path $.registry.podSecurityContext.enabled
[INFO] Auditing path $.registry.podSecurityContext.fsGroup
[INFO] Auditing path $.registry.podSecurityContext.fsGroupChangePolicy
[INFO] Auditing path $.registry.podSecurityContext.supplementalGroups
[INFO] Auditing path $.registry.podSecurityContext.sysctls
[INFO] Auditing path $.registry.priorityClassName
[INFO] Auditing path $.registry.relativeurls
[INFO] Auditing path $.registry.replicaCount
[INFO] Auditing path $.registry.schedulerName
[INFO] Auditing path $.registry.secret
[INFO] Auditing path $.registry.server
[INFO] Auditing path $.registry.server.args
[INFO] Auditing path $.registry.server.command
[INFO] Auditing path $.registry.server.containerPorts
[INFO] Auditing path $.registry.server.containerPorts.debug
[INFO] Auditing path $.registry.server.containerPorts.http
[INFO] Auditing path $.registry.server.containerPorts.https
[INFO] Auditing path $.registry.server.containerPorts.metrics
[INFO] Auditing path $.registry.server.containerSecurityContext
[INFO] Auditing path $.registry.server.containerSecurityContext.allowPrivilegeEscalation
[INFO] Auditing path $.registry.server.containerSecurityContext.capabilities
[INFO] Auditing path $.registry.server.containerSecurityContext.capabilities.drop
[INFO] Auditing path $.registry.server.containerSecurityContext.enabled
[INFO] Auditing path $.registry.server.containerSecurityContext.privileged
[INFO] Auditing path $.registry.server.containerSecurityContext.readOnlyRootFilesystem
[INFO] Auditing path $.registry.server.containerSecurityContext.runAsGroup
[INFO] Auditing path $.registry.server.containerSecurityContext.runAsNonRoot
[INFO] Auditing path $.registry.server.containerSecurityContext.runAsUser
[INFO] Auditing path $.registry.server.containerSecurityContext.seLinuxOptions
[INFO] Auditing path $.registry.server.containerSecurityContext.seccompProfile
[INFO] Auditing path $.registry.server.containerSecurityContext.seccompProfile.type
[INFO] Auditing path $.registry.server.customLivenessProbe
[INFO] Auditing path $.registry.server.customReadinessProbe
[INFO] Auditing path $.registry.server.customStartupProbe
[INFO] Auditing path $.registry.server.extraEnvVars
[INFO] Auditing path $.registry.server.extraEnvVarsCM
[INFO] Auditing path $.registry.server.extraEnvVarsSecret
[INFO] Auditing path $.registry.server.extraVolumeMounts
[INFO] Auditing path $.registry.server.image
[INFO] Auditing path $.registry.server.image.debug
[INFO] Auditing path $.registry.server.image.digest
[INFO] Auditing path $.registry.server.image.pullPolicy
[INFO] Auditing path $.registry.server.image.pullSecrets
[INFO] Auditing path $.registry.server.image.registry
[INFO] Auditing path $.registry.server.image.repository
[INFO] Auditing path $.registry.server.image.tag
[INFO] Auditing path $.registry.server.lifecycleHooks
[INFO] Auditing path $.registry.server.livenessProbe
[INFO] Auditing path $.registry.server.livenessProbe.enabled
[INFO] Auditing path $.registry.server.livenessProbe.failureThreshold
[INFO] Auditing path $.registry.server.livenessProbe.initialDelaySeconds
[INFO] Auditing path $.registry.server.livenessProbe.periodSeconds
[INFO] Auditing path $.registry.server.livenessProbe.successThreshold
[INFO] Auditing path $.registry.server.livenessProbe.timeoutSeconds
[INFO] Auditing path $.registry.server.readinessProbe
[INFO] Auditing path $.registry.server.readinessProbe.enabled
[INFO] Auditing path $.registry.server.readinessProbe.failureThreshold
[INFO] Auditing path $.registry.server.readinessProbe.initialDelaySeconds
[INFO] Auditing path $.registry.server.readinessProbe.periodSeconds
[INFO] Auditing path $.registry.server.readinessProbe.successThreshold
[INFO] Auditing path $.registry.server.readinessProbe.timeoutSeconds
[INFO] Auditing path $.registry.server.resources
[INFO] Auditing path $.registry.server.resourcesPreset
[INFO] Auditing path $.registry.server.service
[INFO] Auditing path $.registry.server.service.ports
[INFO] Auditing path $.registry.server.service.ports.http
[INFO] Auditing path $.registry.server.service.ports.https
[INFO] Auditing path $.registry.server.service.ports.metrics
[INFO] Auditing path $.registry.server.startupProbe
[INFO] Auditing path $.registry.server.startupProbe.enabled
[INFO] Auditing path $.registry.server.startupProbe.failureThreshold
[INFO] Auditing path $.registry.server.startupProbe.initialDelaySeconds
[INFO] Auditing path $.registry.server.startupProbe.periodSeconds
[INFO] Auditing path $.registry.server.startupProbe.successThreshold
[INFO] Auditing path $.registry.server.startupProbe.timeoutSeconds
[INFO] Auditing path $.registry.serviceAccount
[INFO] Auditing path $.registry.serviceAccount.annotations
[INFO] Auditing path $.registry.serviceAccount.automountServiceAccountToken
[INFO] Auditing path $.registry.serviceAccount.create
[INFO] Auditing path $.registry.serviceAccount.name
[INFO] Auditing path $.registry.sidecars
[INFO] Auditing path $.registry.tls
[INFO] Auditing path $.registry.tls.existingSecret
[INFO] Auditing path $.registry.tolerations
[INFO] Auditing path $.registry.topologySpreadConstraints
[INFO] Auditing path $.registry.updateStrategy
[INFO] Auditing path $.registry.updateStrategy.type
[INFO] Auditing path $.registry.uploadPurging
[INFO] Auditing path $.registry.uploadPurging.age
[INFO] Auditing path $.registry.uploadPurging.dryrun
[INFO] Auditing path $.registry.uploadPurging.enabled
[INFO] Auditing path $.registry.uploadPurging.interval
[INFO] Auditing path $.registry
[INFO] Auditing path $.service.annotations
[INFO] Auditing path $.service.clusterIP
[INFO] Auditing path $.service.externalTrafficPolicy
[INFO] Auditing path $.service.extraPorts
[INFO] Auditing path $.service.loadBalancerIP
[INFO] Auditing path $.service.loadBalancerSourceRanges
[INFO] Auditing path $.service.nodePorts
[INFO] Auditing path $.service.nodePorts.http
[INFO] Auditing path $.service.nodePorts.https
[INFO] Auditing path $.service.ports
[INFO] Auditing path $.service.ports.http
[INFO] Auditing path $.service.ports.https
[INFO] Auditing path $.service.sessionAffinity
[INFO] Auditing path $.service.sessionAffinityConfig
[INFO] Auditing path $.service.type
[INFO] Auditing path $.service
[INFO] Auditing path $.tracing.attributes
[INFO] Auditing path $.tracing.enabled
[INFO] Auditing path $.tracing.jaeger
[INFO] Auditing path $.tracing.jaeger.agentHost
[INFO] Auditing path $.tracing.jaeger.agentPort
[INFO] Auditing path $.tracing.jaeger.enabled
[INFO] Auditing path $.tracing.jaeger.endpoint
[INFO] Auditing path $.tracing.jaeger.password
[INFO] Auditing path $.tracing.jaeger.username
[INFO] Auditing path $.tracing.namespace
[INFO] Auditing path $.tracing.otel
[INFO] Auditing path $.tracing.otel.compression
[INFO] Auditing path $.tracing.otel.enabled
[INFO] Auditing path $.tracing.otel.endpoint
[INFO] Auditing path $.tracing.otel.insecure
[INFO] Auditing path $.tracing.otel.timeout
[INFO] Auditing path $.tracing.otel.urlpath
[INFO] Auditing path $.tracing.sampleRate
[INFO] Auditing path $.tracing
[INFO] Auditing path $.trivy.affinity
[INFO] Auditing path $.trivy.args
[INFO] Auditing path $.trivy.automountServiceAccountToken
[INFO] Auditing path $.trivy.cacheDir
[INFO] Auditing path $.trivy.command
[INFO] Auditing path $.trivy.containerPorts
[INFO] Auditing path $.trivy.containerPorts.http
[INFO] Auditing path $.trivy.containerPorts.https
[INFO] Auditing path $.trivy.containerPorts.metrics
[INFO] Auditing path $.trivy.containerSecurityContext
[INFO] Auditing path $.trivy.containerSecurityContext.allowPrivilegeEscalation
[INFO] Auditing path $.trivy.containerSecurityContext.capabilities
[INFO] Auditing path $.trivy.containerSecurityContext.capabilities.drop
[INFO] Auditing path $.trivy.containerSecurityContext.enabled
[INFO] Auditing path $.trivy.containerSecurityContext.privileged
[INFO] Auditing path $.trivy.containerSecurityContext.readOnlyRootFilesystem
[INFO] Auditing path $.trivy.containerSecurityContext.runAsGroup
[INFO] Auditing path $.trivy.containerSecurityContext.runAsNonRoot
[INFO] Auditing path $.trivy.containerSecurityContext.runAsUser
[INFO] Auditing path $.trivy.containerSecurityContext.seLinuxOptions
[INFO] Auditing path $.trivy.containerSecurityContext.seccompProfile
[INFO] Auditing path $.trivy.containerSecurityContext.seccompProfile.type
[INFO] Auditing path $.trivy.customLivenessProbe
[INFO] Auditing path $.trivy.customReadinessProbe
[INFO] Auditing path $.trivy.customStartupProbe
[INFO] Auditing path $.trivy.dbRepository
[INFO] Auditing path $.trivy.debugMode
[INFO] Auditing path $.trivy.enabled
[INFO] Auditing path $.trivy.existingEnvVarsSecret
[INFO] Auditing path $.trivy.extraEnvVars
[INFO] Auditing path $.trivy.extraEnvVarsCM
[INFO] Auditing path $.trivy.extraEnvVarsSecret
[INFO] Auditing path $.trivy.extraVolumeMounts
[INFO] Auditing path $.trivy.extraVolumes
[INFO] Auditing path $.trivy.gitHubToken
[INFO] Auditing path $.trivy.hostAliases
[INFO] Auditing path $.trivy.ignoreUnfixed
[INFO] Auditing path $.trivy.image
[INFO] Auditing path $.trivy.image.debug
[INFO] Auditing path $.trivy.image.digest
[INFO] Auditing path $.trivy.image.pullPolicy
[INFO] Auditing path $.trivy.image.pullSecrets
[INFO] Auditing path $.trivy.image.registry
[INFO] Auditing path $.trivy.image.repository
[INFO] Auditing path $.trivy.image.tag
[INFO] Auditing path $.trivy.initContainers
[INFO] Auditing path $.trivy.insecure
[INFO] Auditing path $.trivy.javaDbRepository
[INFO] Auditing path $.trivy.lifecycleHooks
[INFO] Auditing path $.trivy.livenessProbe
[INFO] Auditing path $.trivy.livenessProbe.enabled
[INFO] Auditing path $.trivy.livenessProbe.failureThreshold
[INFO] Auditing path $.trivy.livenessProbe.initialDelaySeconds
[INFO] Auditing path $.trivy.livenessProbe.periodSeconds
[INFO] Auditing path $.trivy.livenessProbe.successThreshold
[INFO] Auditing path $.trivy.livenessProbe.timeoutSeconds
[INFO] Auditing path $.trivy.networkPolicy
[INFO] Auditing path $.trivy.networkPolicy.allowExternal
[INFO] Auditing path $.trivy.networkPolicy.allowExternalEgress
[INFO] Auditing path $.trivy.networkPolicy.enabled
[INFO] Auditing path $.trivy.networkPolicy.extraEgress
[INFO] Auditing path $.trivy.networkPolicy.extraIngress
[INFO] Auditing path $.trivy.networkPolicy.ingressNSMatchLabels
[INFO] Auditing path $.trivy.networkPolicy.ingressNSMatchLabels[*]
[INFO] Auditing path $.trivy.networkPolicy.ingressNSPodMatchLabels
[INFO] Auditing path $.trivy.networkPolicy.ingressNSPodMatchLabels[*]
[INFO] Auditing path $.trivy.nodeAffinityPreset
[INFO] Auditing path $.trivy.nodeAffinityPreset.key
[INFO] Auditing path $.trivy.nodeAffinityPreset.type
[INFO] Auditing path $.trivy.nodeAffinityPreset.values
[INFO] Auditing path $.trivy.nodeSelector
[INFO] Auditing path $.trivy.pdb
[INFO] Auditing path $.trivy.pdb.create
[INFO] Auditing path $.trivy.pdb.maxUnavailable
[INFO] Auditing path $.trivy.pdb.minAvailable
[INFO] Auditing path $.trivy.podAffinityPreset
[INFO] Auditing path $.trivy.podAnnotations
[INFO] Auditing path $.trivy.podAntiAffinityPreset
[INFO] Auditing path $.trivy.podLabels
[INFO] Auditing path $.trivy.podSecurityContext
[INFO] Auditing path $.trivy.podSecurityContext.enabled
[INFO] Auditing path $.trivy.podSecurityContext.fsGroup
[INFO] Auditing path $.trivy.podSecurityContext.fsGroupChangePolicy
[INFO] Auditing path $.trivy.podSecurityContext.supplementalGroups
[INFO] Auditing path $.trivy.podSecurityContext.sysctls
[INFO] Auditing path $.trivy.priorityClassName
[INFO] Auditing path $.trivy.readinessProbe
[INFO] Auditing path $.trivy.readinessProbe.enabled
[INFO] Auditing path $.trivy.readinessProbe.failureThreshold
[INFO] Auditing path $.trivy.readinessProbe.initialDelaySeconds
[INFO] Auditing path $.trivy.readinessProbe.periodSeconds
[INFO] Auditing path $.trivy.readinessProbe.successThreshold
[INFO] Auditing path $.trivy.readinessProbe.timeoutSeconds
[INFO] Auditing path $.trivy.replicaCount
[INFO] Auditing path $.trivy.resources
[INFO] Auditing path $.trivy.resourcesPreset
[INFO] Auditing path $.trivy.schedulerName
[INFO] Auditing path $.trivy.service
[INFO] Auditing path $.trivy.service.ports
[INFO] Auditing path $.trivy.service.ports.http
[INFO] Auditing path $.trivy.service.ports.https
[INFO] Auditing path $.trivy.serviceAccount
[INFO] Auditing path $.trivy.serviceAccount.annotations
[INFO] Auditing path $.trivy.serviceAccount.automountServiceAccountToken
[INFO] Auditing path $.trivy.serviceAccount.create
[INFO] Auditing path $.trivy.serviceAccount.name
[INFO] Auditing path $.trivy.severity
[INFO] Auditing path $.trivy.sidecars
[INFO] Auditing path $.trivy.skipJavaDbUpdate
[INFO] Auditing path $.trivy.skipUpdate
[INFO] Auditing path $.trivy.startupProbe
[INFO] Auditing path $.trivy.startupProbe.enabled
[INFO] Auditing path $.trivy.startupProbe.failureThreshold
[INFO] Auditing path $.trivy.startupProbe.initialDelaySeconds
[INFO] Auditing path $.trivy.startupProbe.periodSeconds
[INFO] Auditing path $.trivy.startupProbe.successThreshold
[INFO] Auditing path $.trivy.startupProbe.timeoutSeconds
[INFO] Auditing path $.trivy.tls
[INFO] Auditing path $.trivy.tls.existingSecret
[INFO] Auditing path $.trivy.tolerations
[INFO] Auditing path $.trivy.topologySpreadConstraints
[INFO] Auditing path $.trivy.updateStrategy
[INFO] Auditing path $.trivy.updateStrategy.type
[INFO] Auditing path $.trivy.vulnType
[INFO] Auditing path $.trivy
[INFO] Auditing path $.volumePermissions.containerSecurityContext
[INFO] Auditing path $.volumePermissions.containerSecurityContext.enabled
[INFO] Auditing path $.volumePermissions.containerSecurityContext.runAsUser
[INFO] Auditing path $.volumePermissions.containerSecurityContext.seLinuxOptions
[INFO] Auditing path $.volumePermissions.enabled
[INFO] Auditing path $.volumePermissions.image
[INFO] Auditing path $.volumePermissions.image.digest
[INFO] Auditing path $.volumePermissions.image.pullPolicy
[INFO] Auditing path $.volumePermissions.image.pullSecrets
[INFO] Auditing path $.volumePermissions.image.registry
[INFO] Auditing path $.volumePermissions.image.repository
[INFO] Auditing path $.volumePermissions.image.tag
[INFO] Auditing path $.volumePermissions.resources
[INFO] Auditing path $.volumePermissions.resourcesPreset
[INFO] Auditing path $.volumePermissions
