[INFO] Auditing path $.clusterDomain
[INFO] Auditing path $.commonAnnotations
[INFO] Auditing path $.commonLabels
[INFO] Auditing path $.concierge.affinity
[INFO] Auditing path $.concierge.args
[INFO] Auditing path $.concierge.automountServiceAccountToken
[INFO] Auditing path $.concierge.command
[INFO] Auditing path $.concierge.configuration
[INFO] Auditing path $.concierge.configurationPorts
[INFO] Auditing path $.concierge.configurationPorts.aggregatedAPIServerPort
[INFO] Auditing path $.concierge.configurationPorts.impersonationProxyServerPort
[INFO] Auditing path $.concierge.containerPorts
[INFO] Auditing path $.concierge.containerPorts.api
[INFO] Auditing path $.concierge.containerPorts.proxy
[INFO] Auditing path $.concierge.containerSecurityContext
[INFO] Auditing path $.concierge.containerSecurityContext.allowPrivilegeEscalation
[INFO] Auditing path $.concierge.containerSecurityContext.capabilities
[INFO] Auditing path $.concierge.containerSecurityContext.capabilities.drop
[INFO] Auditing path $.concierge.containerSecurityContext.enabled
[INFO] Auditing path $.concierge.containerSecurityContext.privileged
[INFO] Auditing path $.concierge.containerSecurityContext.readOnlyRootFilesystem
[INFO] Auditing path $.concierge.containerSecurityContext.runAsGroup
[INFO] Auditing path $.concierge.containerSecurityContext.runAsNonRoot
[INFO] Auditing path $.concierge.containerSecurityContext.runAsUser
[INFO] Auditing path $.concierge.containerSecurityContext.seLinuxOptions
[INFO] Auditing path $.concierge.containerSecurityContext.seccompProfile
[INFO] Auditing path $.concierge.containerSecurityContext.seccompProfile.type
[INFO] Auditing path $.concierge.credentialIssuerConfig
[INFO] Auditing path $.concierge.customLivenessProbe
[INFO] Auditing path $.concierge.customReadinessProbe
[INFO] Auditing path $.concierge.customStartupProbe
[INFO] Auditing path $.concierge.deployAPIService
[INFO] Auditing path $.concierge.dnsPolicy
[INFO] Auditing path $.concierge.enabled
[INFO] Auditing path $.concierge.existingConfigmap
[INFO] Auditing path $.concierge.extraEnvVars
[INFO] Auditing path $.concierge.extraEnvVarsCM
[INFO] Auditing path $.concierge.extraEnvVarsSecret
[INFO] Auditing path $.concierge.extraVolumeMounts
[INFO] Auditing path $.concierge.extraVolumes
[INFO] Auditing path $.concierge.hostAliases
[INFO] Auditing path $.concierge.hostNetwork
[INFO] Auditing path $.concierge.initContainers
[INFO] Auditing path $.concierge.lifecycleHooks
[INFO] Auditing path $.concierge.livenessProbe
[INFO] Auditing path $.concierge.livenessProbe.enabled
[INFO] Auditing path $.concierge.livenessProbe.failureThreshold
[INFO] Auditing path $.concierge.livenessProbe.initialDelaySeconds
[INFO] Auditing path $.concierge.livenessProbe.periodSeconds
[INFO] Auditing path $.concierge.livenessProbe.successThreshold
[INFO] Auditing path $.concierge.livenessProbe.timeoutSeconds
[INFO] Auditing path $.concierge.networkPolicy
[INFO] Auditing path $.concierge.networkPolicy.allowExternal
[INFO] Auditing path $.concierge.networkPolicy.allowExternalEgress
[INFO] Auditing path $.concierge.networkPolicy.enabled
[INFO] Auditing path $.concierge.networkPolicy.extraEgress
[INFO] Auditing path $.concierge.networkPolicy.extraIngress
[INFO] Auditing path $.concierge.networkPolicy.ingressNSMatchLabels
[INFO] Auditing path $.concierge.networkPolicy.ingressNSMatchLabels[*]
[INFO] Auditing path $.concierge.networkPolicy.ingressNSPodMatchLabels
[INFO] Auditing path $.concierge.networkPolicy.ingressNSPodMatchLabels[*]
[INFO] Auditing path $.concierge.networkPolicy.kubeAPIServerPorts
[INFO] Auditing path $.concierge.networkPolicy.kubeAPIServerPorts[*]
[INFO] Auditing path $.concierge.nodeAffinityPreset
[INFO] Auditing path $.concierge.nodeAffinityPreset.key
[INFO] Auditing path $.concierge.nodeAffinityPreset.type
[INFO] Auditing path $.concierge.nodeAffinityPreset.values
[INFO] Auditing path $.concierge.nodeSelector
[INFO] Auditing path $.concierge.pdb
[INFO] Auditing path $.concierge.pdb.create
[INFO] Auditing path $.concierge.pdb.maxUnavailable
[INFO] Auditing path $.concierge.pdb.minAvailable
[INFO] Auditing path $.concierge.podAffinityPreset
[INFO] Auditing path $.concierge.podAnnotations
[INFO] Auditing path $.concierge.podAntiAffinityPreset
[INFO] Auditing path $.concierge.podLabels
[INFO] Auditing path $.concierge.podSecurityContext
[INFO] Auditing path $.concierge.podSecurityContext.enabled
[INFO] Auditing path $.concierge.podSecurityContext.fsGroup
[INFO] Auditing path $.concierge.podSecurityContext.fsGroupChangePolicy
[INFO] Auditing path $.concierge.podSecurityContext.supplementalGroups
[INFO] Auditing path $.concierge.podSecurityContext.sysctls
[INFO] Auditing path $.concierge.priorityClassName
[INFO] Auditing path $.concierge.rbac
[INFO] Auditing path $.concierge.rbac.create
[INFO] Auditing path $.concierge.readinessProbe
[INFO] Auditing path $.concierge.readinessProbe.enabled
[INFO] Auditing path $.concierge.readinessProbe.failureThreshold
[INFO] Auditing path $.concierge.readinessProbe.initialDelaySeconds
[INFO] Auditing path $.concierge.readinessProbe.periodSeconds
[INFO] Auditing path $.concierge.readinessProbe.successThreshold
[INFO] Auditing path $.concierge.readinessProbe.timeoutSeconds
[INFO] Auditing path $.concierge.replicaCount
[INFO] Auditing path $.concierge.resources
[INFO] Auditing path $.concierge.resourcesPreset
[INFO] Auditing path $.concierge.schedulerName
[INFO] Auditing path $.concierge.service
[INFO] Auditing path $.concierge.service.annotations
[INFO] Auditing path $.concierge.service.clusterIP
[INFO] Auditing path $.concierge.service.externalTrafficPolicy
[INFO] Auditing path $.concierge.service.extraPorts
[INFO] Auditing path $.concierge.service.labels
[INFO] Auditing path $.concierge.service.loadBalancerIP
[INFO] Auditing path $.concierge.service.loadBalancerSourceRanges
[INFO] Auditing path $.concierge.service.nodePorts
[INFO] Auditing path $.concierge.service.nodePorts.https
[INFO] Auditing path $.concierge.service.ports
[INFO] Auditing path $.concierge.service.ports.https
[INFO] Auditing path $.concierge.service.sessionAffinity
[INFO] Auditing path $.concierge.service.sessionAffinityConfig
[INFO] Auditing path $.concierge.service.type
[INFO] Auditing path $.concierge.serviceAccount
[INFO] Auditing path $.concierge.serviceAccount.concierge
[INFO] Auditing path $.concierge.serviceAccount.concierge.annotations
[INFO] Auditing path $.concierge.serviceAccount.concierge.automountServiceAccountToken
[INFO] Auditing path $.concierge.serviceAccount.concierge.create
[INFO] Auditing path $.concierge.serviceAccount.concierge.name
[INFO] Auditing path $.concierge.serviceAccount.impersonationProxy
[INFO] Auditing path $.concierge.serviceAccount.impersonationProxy.annotations
[INFO] Auditing path $.concierge.serviceAccount.impersonationProxy.automountServiceAccountToken
[INFO] Auditing path $.concierge.serviceAccount.impersonationProxy.create
[INFO] Auditing path $.concierge.serviceAccount.impersonationProxy.name
[INFO] Auditing path $.concierge.serviceAccount.kubeCertAgentService
[INFO] Auditing path $.concierge.serviceAccount.kubeCertAgentService.annotations
[INFO] Auditing path $.concierge.serviceAccount.kubeCertAgentService.automountServiceAccountToken
[INFO] Auditing path $.concierge.serviceAccount.kubeCertAgentService.create
[INFO] Auditing path $.concierge.serviceAccount.kubeCertAgentService.name
[INFO] Auditing path $.concierge.sidecars
[INFO] Auditing path $.concierge.startupProbe
[INFO] Auditing path $.concierge.startupProbe.enabled
[INFO] Auditing path $.concierge.startupProbe.failureThreshold
[INFO] Auditing path $.concierge.startupProbe.initialDelaySeconds
[INFO] Auditing path $.concierge.startupProbe.periodSeconds
[INFO] Auditing path $.concierge.startupProbe.successThreshold
[INFO] Auditing path $.concierge.startupProbe.timeoutSeconds
[INFO] Auditing path $.concierge.terminationGracePeriodSeconds
[INFO] Auditing path $.concierge.tolerations
[INFO] Auditing path $.concierge.topologySpreadConstraints
[INFO] Auditing path $.concierge.updateStrategy
[INFO] Auditing path $.concierge.updateStrategy.type
[INFO] Auditing path $.concierge
[INFO] Auditing path $.extraDeploy[*]
[INFO] Auditing path $.extraDeploy
[INFO] Auditing path $.fullnameOverride
[INFO] Auditing path $.global.compatibility
[INFO] Auditing path $.global.compatibility.openshift
[INFO] Auditing path $.global.compatibility.openshift.adaptSecurityContext
[INFO] Auditing path $.global.defaultStorageClass
[INFO] Auditing path $.global.imagePullSecrets
[INFO] Auditing path $.global.imageRegistry
[INFO] Auditing path $.global.security
[INFO] Auditing path $.global.security.allowInsecureImages
[INFO] Auditing path $.global.storageClass
[INFO] Auditing path $.global
[INFO] Auditing path $.image.digest
[INFO] Auditing path $.image.pullPolicy
[INFO] Auditing path $.image.pullSecrets
[INFO] Auditing path $.image.registry
[INFO] Auditing path $.image.repository
[INFO] Auditing path $.image.tag
[INFO] Auditing path $.image
[INFO] Auditing path $.kubeVersion
[INFO] Auditing path $.nameOverride
[INFO] Auditing path $.namespaceOverride
[INFO] Auditing path $.supervisor.affinity
[INFO] Auditing path $.supervisor.args
[INFO] Auditing path $.supervisor.automountServiceAccountToken
[INFO] Auditing path $.supervisor.command
[INFO] Auditing path $.supervisor.configuration
[INFO] Auditing path $.supervisor.containerPorts
[INFO] Auditing path $.supervisor.containerPorts.api
[INFO] Auditing path $.supervisor.containerPorts.https
[INFO] Auditing path $.supervisor.containerSecurityContext
[INFO] Auditing path $.supervisor.containerSecurityContext.allowPrivilegeEscalation
[INFO] Auditing path $.supervisor.containerSecurityContext.capabilities
[INFO] Auditing path $.supervisor.containerSecurityContext.capabilities.drop
[INFO] Auditing path $.supervisor.containerSecurityContext.enabled
[INFO] Auditing path $.supervisor.containerSecurityContext.privileged
[INFO] Auditing path $.supervisor.containerSecurityContext.readOnlyRootFilesystem
[INFO] Auditing path $.supervisor.containerSecurityContext.runAsGroup
[INFO] Auditing path $.supervisor.containerSecurityContext.runAsNonRoot
[INFO] Auditing path $.supervisor.containerSecurityContext.runAsUser
[INFO] Auditing path $.supervisor.containerSecurityContext.seLinuxOptions
[INFO] Auditing path $.supervisor.containerSecurityContext.seccompProfile
[INFO] Auditing path $.supervisor.containerSecurityContext.seccompProfile.type
[INFO] Auditing path $.supervisor.customLivenessProbe
[INFO] Auditing path $.supervisor.customReadinessProbe
[INFO] Auditing path $.supervisor.customStartupProbe
[INFO] Auditing path $.supervisor.deployAPIService
[INFO] Auditing path $.supervisor.enabled
[INFO] Auditing path $.supervisor.existingConfigmap
[INFO] Auditing path $.supervisor.extraEnvVars
[INFO] Auditing path $.supervisor.extraEnvVarsCM
[INFO] Auditing path $.supervisor.extraEnvVarsSecret
[INFO] Auditing path $.supervisor.extraVolumeMounts
[INFO] Auditing path $.supervisor.extraVolumes
[INFO] Auditing path $.supervisor.hostAliases
[INFO] Auditing path $.supervisor.ingress
[INFO] Auditing path $.supervisor.ingress.annotations
[INFO] Auditing path $.supervisor.ingress.apiVersion
[INFO] Auditing path $.supervisor.ingress.enabled
[INFO] Auditing path $.supervisor.ingress.extraHosts
[INFO] Auditing path $.supervisor.ingress.extraHosts[*].name
[INFO] Auditing path $.supervisor.ingress.extraHosts[*].path
[INFO] Auditing path $.supervisor.ingress.extraHosts[*].pathType
[INFO] Auditing path $.supervisor.ingress.extraPaths
[INFO] Auditing path $.supervisor.ingress.extraRules
[INFO] Auditing path $.supervisor.ingress.extraTls
[INFO] Auditing path $.supervisor.ingress.hostname
[INFO] Auditing path $.supervisor.ingress.ingressClassName
[INFO] Auditing path $.supervisor.ingress.path
[INFO] Auditing path $.supervisor.ingress.pathType
[INFO] Auditing path $.supervisor.ingress.secrets
[INFO] Auditing path $.supervisor.ingress.secrets[*].Values.commonAnnotations
[INFO] Auditing path $.supervisor.ingress.secrets[*].certificate
[INFO] Auditing path $.supervisor.ingress.secrets[*].key
[INFO] Auditing path $.supervisor.ingress.secrets[*].name
[INFO] Auditing path $.supervisor.ingress.selfSigned
[INFO] Auditing path $.supervisor.ingress.tls
[INFO] Auditing path $.supervisor.initContainers
[INFO] Auditing path $.supervisor.lifecycleHooks
[INFO] Auditing path $.supervisor.livenessProbe
[INFO] Auditing path $.supervisor.livenessProbe.enabled
[INFO] Auditing path $.supervisor.livenessProbe.failureThreshold
[INFO] Auditing path $.supervisor.livenessProbe.initialDelaySeconds
[INFO] Auditing path $.supervisor.livenessProbe.periodSeconds
[INFO] Auditing path $.supervisor.livenessProbe.successThreshold
[INFO] Auditing path $.supervisor.livenessProbe.timeoutSeconds
[INFO] Auditing path $.supervisor.networkPolicy
[INFO] Auditing path $.supervisor.networkPolicy.allowExternal
[INFO] Auditing path $.supervisor.networkPolicy.allowExternalEgress
[INFO] Auditing path $.supervisor.networkPolicy.enabled
[INFO] Auditing path $.supervisor.networkPolicy.extraEgress
[INFO] Auditing path $.supervisor.networkPolicy.extraIngress
[INFO] Auditing path $.supervisor.networkPolicy.ingressNSMatchLabels
[INFO] Auditing path $.supervisor.networkPolicy.ingressNSMatchLabels[*]
[INFO] Auditing path $.supervisor.networkPolicy.ingressNSPodMatchLabels
[INFO] Auditing path $.supervisor.networkPolicy.ingressNSPodMatchLabels[*]
[INFO] Auditing path $.supervisor.networkPolicy.kubeAPIServerPorts
[INFO] Auditing path $.supervisor.networkPolicy.kubeAPIServerPorts[*]
[INFO] Auditing path $.supervisor.nodeAffinityPreset
[INFO] Auditing path $.supervisor.nodeAffinityPreset.key
[INFO] Auditing path $.supervisor.nodeAffinityPreset.type
[INFO] Auditing path $.supervisor.nodeAffinityPreset.values
[INFO] Auditing path $.supervisor.nodeSelector
[INFO] Auditing path $.supervisor.pdb
[INFO] Auditing path $.supervisor.pdb.create
[INFO] Auditing path $.supervisor.pdb.maxUnavailable
[INFO] Auditing path $.supervisor.pdb.minAvailable
[INFO] Auditing path $.supervisor.podAffinityPreset
[INFO] Auditing path $.supervisor.podAnnotations
[INFO] Auditing path $.supervisor.podAntiAffinityPreset
[INFO] Auditing path $.supervisor.podLabels
[INFO] Auditing path $.supervisor.podSecurityContext
[INFO] Auditing path $.supervisor.podSecurityContext.enabled
[INFO] Auditing path $.supervisor.podSecurityContext.fsGroup
[INFO] Auditing path $.supervisor.podSecurityContext.fsGroupChangePolicy
[INFO] Auditing path $.supervisor.podSecurityContext.supplementalGroups
[INFO] Auditing path $.supervisor.podSecurityContext.sysctls
[INFO] Auditing path $.supervisor.priorityClassName
[INFO] Auditing path $.supervisor.rbac
[INFO] Auditing path $.supervisor.rbac.create
[INFO] Auditing path $.supervisor.readinessProbe
[INFO] Auditing path $.supervisor.readinessProbe.enabled
[INFO] Auditing path $.supervisor.readinessProbe.failureThreshold
[INFO] Auditing path $.supervisor.readinessProbe.initialDelaySeconds
[INFO] Auditing path $.supervisor.readinessProbe.periodSeconds
[INFO] Auditing path $.supervisor.readinessProbe.successThreshold
[INFO] Auditing path $.supervisor.readinessProbe.timeoutSeconds
[INFO] Auditing path $.supervisor.replicaCount
[INFO] Auditing path $.supervisor.resources
[INFO] Auditing path $.supervisor.resourcesPreset
[INFO] Auditing path $.supervisor.schedulerName
[INFO] Auditing path $.supervisor.service
[INFO] Auditing path $.supervisor.service.api
[INFO] Auditing path $.supervisor.service.api.annotations
[INFO] Auditing path $.supervisor.service.api.clusterIP
[INFO] Auditing path $.supervisor.service.api.externalTrafficPolicy
[INFO] Auditing path $.supervisor.service.api.extraPorts
[INFO] Auditing path $.supervisor.service.api.labels
[INFO] Auditing path $.supervisor.service.api.loadBalancerIP
[INFO] Auditing path $.supervisor.service.api.loadBalancerSourceRanges
[INFO] Auditing path $.supervisor.service.api.nodePorts
[INFO] Auditing path $.supervisor.service.api.nodePorts.https
[INFO] Auditing path $.supervisor.service.api.ports
[INFO] Auditing path $.supervisor.service.api.ports.aggregatedAPIServer
[INFO] Auditing path $.supervisor.service.api.ports.https
[INFO] Auditing path $.supervisor.service.api.sessionAffinity
[INFO] Auditing path $.supervisor.service.api.sessionAffinityConfig
[INFO] Auditing path $.supervisor.service.api.type
[INFO] Auditing path $.supervisor.service.public
[INFO] Auditing path $.supervisor.service.public.annotations
[INFO] Auditing path $.supervisor.service.public.clusterIP
[INFO] Auditing path $.supervisor.service.public.externalTrafficPolicy
[INFO] Auditing path $.supervisor.service.public.extraPorts
[INFO] Auditing path $.supervisor.service.public.labels
[INFO] Auditing path $.supervisor.service.public.loadBalancerIP
[INFO] Auditing path $.supervisor.service.public.loadBalancerSourceRanges
[INFO] Auditing path $.supervisor.service.public.nodePorts
[INFO] Auditing path $.supervisor.service.public.nodePorts.https
[INFO] Auditing path $.supervisor.service.public.ports
[INFO] Auditing path $.supervisor.service.public.ports.https
[INFO] Auditing path $.supervisor.service.public.sessionAffinity
[INFO] Auditing path $.supervisor.service.public.sessionAffinityConfig
[INFO] Auditing path $.supervisor.service.public.type
[INFO] Auditing path $.supervisor.serviceAccount
[INFO] Auditing path $.supervisor.serviceAccount.annotations
[INFO] Auditing path $.supervisor.serviceAccount.automountServiceAccountToken
[INFO] Auditing path $.supervisor.serviceAccount.create
[INFO] Auditing path $.supervisor.serviceAccount.name
[INFO] Auditing path $.supervisor.sidecars
[INFO] Auditing path $.supervisor.startupProbe
[INFO] Auditing path $.supervisor.startupProbe.enabled
[INFO] Auditing path $.supervisor.startupProbe.failureThreshold
[INFO] Auditing path $.supervisor.startupProbe.initialDelaySeconds
[INFO] Auditing path $.supervisor.startupProbe.periodSeconds
[INFO] Auditing path $.supervisor.startupProbe.successThreshold
[INFO] Auditing path $.supervisor.startupProbe.timeoutSeconds
[INFO] Auditing path $.supervisor.terminationGracePeriodSeconds
[INFO] Auditing path $.supervisor.tolerations
[INFO] Auditing path $.supervisor.topologySpreadConstraints
[INFO] Auditing path $.supervisor.updateStrategy
[INFO] Auditing path $.supervisor.updateStrategy.type
[INFO] Auditing path $.supervisor
