[INFO] Auditing path $.affinity
[INFO] Auditing path $.autoscaling.enabled
[INFO] Auditing path $.autoscaling.maxReplicas
[INFO] Auditing path $.autoscaling.minReplicas
[INFO] Auditing path $.autoscaling.targetCPUUtilizationPercentage
[INFO] Auditing path $.autoscaling.targetMemoryUtilizationPercentage
[INFO] Auditing path $.autoscaling
[INFO] Auditing path $.deploymentRevisionHistoryLimit
[INFO] Auditing path $.extraArgs
[INFO] Auditing path $.extraEnv[*]
[INFO] Auditing path $.extraEnv
[INFO] Auditing path $.fullnameOverride
[INFO] Auditing path $.image.pullPolicy
[INFO] Auditing path $.image.repository
[INFO] Auditing path $.image.tag
[INFO] Auditing path $.image
[INFO] Auditing path $.imagePullSecrets
[INFO] Auditing path $.ingress.annotations
[INFO] Auditing path $.ingress.className
[INFO] Auditing path $.ingress.enabled
[INFO] Auditing path $.ingress.hosts
[INFO] Auditing path $.ingress.hosts[*].host
[INFO] Auditing path $.ingress.hosts[*].paths
[INFO] Auditing path $.ingress.hosts[*].paths[*]
[INFO] Auditing path $.ingress.hosts[*].paths[*].path
[INFO] Auditing path $.ingress.hosts[*].paths[*].pathType
[INFO] Auditing path $.ingress.tls
[INFO] Auditing path $.ingress.tls[*].hosts
[INFO] Auditing path $.ingress.tls[*].hosts[*]
[INFO] Auditing path $.ingress.tls[*].secretName
[INFO] Auditing path $.ingress
[INFO] Auditing path $.lifecycle
[INFO] Auditing path $.livenessProbe.httpGet
[INFO] Auditing path $.livenessProbe.httpGet.path
[INFO] Auditing path $.livenessProbe.httpGet.port
[INFO] Auditing path $.livenessProbe
[INFO] Auditing path $.nameOverride
[INFO] Auditing path $.nodeSelector
[INFO] Auditing path $.podAnnotations
[INFO] Auditing path $.podLabels
[INFO] Auditing path $.podSecurityContext
[INFO] Auditing path $.prometheus.monitor
[INFO] Auditing path $.prometheus.monitor.additionalLabels
[INFO] Auditing path $.prometheus.monitor.additionalLabels[*]
[INFO] Auditing path $.prometheus.monitor.apiVersion
[INFO] Auditing path $.prometheus.monitor.enabled
[INFO] Auditing path $.prometheus.monitor.endpoint
[INFO] Auditing path $.prometheus.monitor.interval
[INFO] Auditing path $.prometheus.monitor.kind
[INFO] Auditing path $.prometheus.monitor.namespace
[INFO] Auditing path $.prometheus
[INFO] Auditing path $.readinessProbe.httpGet
[INFO] Auditing path $.readinessProbe.httpGet.path
[INFO] Auditing path $.readinessProbe.httpGet.port
[INFO] Auditing path $.readinessProbe
[INFO] Auditing path $.replicaCount
[INFO] Auditing path $.resources
[INFO] Auditing path $.securityContext
[INFO] Auditing path $.service.annotations
[INFO] Auditing path $.service.path
[INFO] Auditing path $.service.port
[INFO] Auditing path $.service.type
[INFO] Auditing path $.service
[INFO] Auditing path $.serviceAccount.annotations
[INFO] Auditing path $.serviceAccount.create
[INFO] Auditing path $.serviceAccount.name
[INFO] Auditing path $.serviceAccount
[INFO] Auditing path $.serviceMonitor.additionalLabels
[INFO] Auditing path $.serviceMonitor.additionalLabels[*]
[INFO] Auditing path $.serviceMonitor.apiVersion
[INFO] Auditing path $.serviceMonitor.enabled
[INFO] Auditing path $.serviceMonitor.endpoint
[INFO] Auditing path $.serviceMonitor.honorLabels
[INFO] Auditing path $.serviceMonitor.interval
[INFO] Auditing path $.serviceMonitor.kind
[INFO] Auditing path $.serviceMonitor.metricRelabelings
[INFO] Auditing path $.serviceMonitor.namespace
[INFO] Auditing path $.serviceMonitor.relabelings
[INFO] Auditing path $.serviceMonitor.scrapeTimeout
[INFO] Auditing path $.serviceMonitor
[INFO] Auditing path $.statsd.cacheSize
[INFO] Auditing path $.statsd.eventFlushInterval
[INFO] Auditing path $.statsd.eventFlushThreshold
[INFO] Auditing path $.statsd.eventQueueSize
[INFO] Auditing path $.statsd.mappingConfig
[INFO] Auditing path $.statsd.mappingConfigMapKey
[INFO] Auditing path $.statsd.mappingConfigMapName
[INFO] Auditing path $.statsd.tcpPort
[INFO] Auditing path $.statsd.udpPort
[INFO] Auditing path $.statsd
[INFO] Auditing path $.tolerations
[INFO] Auditing path $.topologySpreadConstraints
