[INFO] Auditing path $.cassandra.cluster
[INFO] Auditing path $.cassandra.cluster.datacenter
[INFO] Auditing path $.cassandra.dbUser
[INFO] Auditing path $.cassandra.dbUser.existingSecret
[INFO] Auditing path $.cassandra.dbUser.password
[INFO] Auditing path $.cassandra.dbUser.user
[INFO] Auditing path $.cassandra.enabled
[INFO] Auditing path $.cassandra.initDB
[INFO] Auditing path $.cassandra.initDB["create_keyspace.cql"]
[INFO] Auditing path $.cassandra.keyspace
[INFO] Auditing path $.cassandra.resources
[INFO] Auditing path $.cassandra.resourcesPreset
[INFO] Auditing path $.cassandra.service
[INFO] Auditing path $.cassandra.service.ports
[INFO] Auditing path $.cassandra.service.ports.cql
[INFO] Auditing path $.cassandra
[INFO] Auditing path $.collector.affinity
[INFO] Auditing path $.collector.args
[INFO] Auditing path $.collector.automountServiceAccountToken
[INFO] Auditing path $.collector.command
[INFO] Auditing path $.collector.configuration
[INFO] Auditing path $.collector.containerPorts
[INFO] Auditing path $.collector.containerPorts.healthcheck
[INFO] Auditing path $.collector.containerPorts.jaeger
[INFO] Auditing path $.collector.containerPorts.jaeger.grpc
[INFO] Auditing path $.collector.containerPorts.jaeger.thrift_http
[INFO] Auditing path $.collector.containerPorts.metrics
[INFO] Auditing path $.collector.containerPorts.otlp
[INFO] Auditing path $.collector.containerPorts.otlp.grpc
[INFO] Auditing path $.collector.containerPorts.otlp.http
[INFO] Auditing path $.collector.containerPorts.zipkin
[INFO] Auditing path $.collector.containerSecurityContext
[INFO] Auditing path $.collector.containerSecurityContext.allowPrivilegeEscalation
[INFO] Auditing path $.collector.containerSecurityContext.capabilities
[INFO] Auditing path $.collector.containerSecurityContext.capabilities.drop
[INFO] Auditing path $.collector.containerSecurityContext.enabled
[INFO] Auditing path $.collector.containerSecurityContext.privileged
[INFO] Auditing path $.collector.containerSecurityContext.readOnlyRootFilesystem
[INFO] Auditing path $.collector.containerSecurityContext.runAsGroup
[INFO] Auditing path $.collector.containerSecurityContext.runAsNonRoot
[INFO] Auditing path $.collector.containerSecurityContext.runAsUser
[INFO] Auditing path $.collector.containerSecurityContext.seLinuxOptions
[INFO] Auditing path $.collector.containerSecurityContext.seccompProfile
[INFO] Auditing path $.collector.containerSecurityContext.seccompProfile.type
[INFO] Auditing path $.collector.customLivenessProbe
[INFO] Auditing path $.collector.customReadinessProbe
[INFO] Auditing path $.collector.customStartupProbe
[INFO] Auditing path $.collector.existingConfigmap
[INFO] Auditing path $.collector.extraEnvVars
[INFO] Auditing path $.collector.extraEnvVarsCM
[INFO] Auditing path $.collector.extraEnvVarsSecret
[INFO] Auditing path $.collector.extraVolumeMounts
[INFO] Auditing path $.collector.extraVolumes
[INFO] Auditing path $.collector.hostAliases
[INFO] Auditing path $.collector.initContainers
[INFO] Auditing path $.collector.lifecycleHooks
[INFO] Auditing path $.collector.livenessProbe
[INFO] Auditing path $.collector.livenessProbe.enabled
[INFO] Auditing path $.collector.livenessProbe.failureThreshold
[INFO] Auditing path $.collector.livenessProbe.initialDelaySeconds
[INFO] Auditing path $.collector.livenessProbe.periodSeconds
[INFO] Auditing path $.collector.livenessProbe.successThreshold
[INFO] Auditing path $.collector.livenessProbe.timeoutSeconds
[INFO] Auditing path $.collector.networkPolicy
[INFO] Auditing path $.collector.networkPolicy.allowExternal
[INFO] Auditing path $.collector.networkPolicy.allowExternalEgress
[INFO] Auditing path $.collector.networkPolicy.enabled
[INFO] Auditing path $.collector.networkPolicy.extraEgress
[INFO] Auditing path $.collector.networkPolicy.extraIngress
[INFO] Auditing path $.collector.networkPolicy.ingressNSMatchLabels
[INFO] Auditing path $.collector.networkPolicy.ingressNSMatchLabels[*]
[INFO] Auditing path $.collector.networkPolicy.ingressNSPodMatchLabels
[INFO] Auditing path $.collector.networkPolicy.ingressNSPodMatchLabels[*]
[INFO] Auditing path $.collector.nodeAffinityPreset
[INFO] Auditing path $.collector.nodeAffinityPreset.key
[INFO] Auditing path $.collector.nodeAffinityPreset.type
[INFO] Auditing path $.collector.nodeAffinityPreset.values
[INFO] Auditing path $.collector.nodeSelector
[INFO] Auditing path $.collector.overrideConfiguration
[INFO] Auditing path $.collector.pdb
[INFO] Auditing path $.collector.pdb.create
[INFO] Auditing path $.collector.pdb.maxUnavailable
[INFO] Auditing path $.collector.pdb.minAvailable
[INFO] Auditing path $.collector.podAffinityPreset
[INFO] Auditing path $.collector.podAnnotations
[INFO] Auditing path $.collector.podAntiAffinityPreset
[INFO] Auditing path $.collector.podLabels
[INFO] Auditing path $.collector.podSecurityContext
[INFO] Auditing path $.collector.podSecurityContext.enabled
[INFO] Auditing path $.collector.podSecurityContext.fsGroup
[INFO] Auditing path $.collector.podSecurityContext.fsGroupChangePolicy
[INFO] Auditing path $.collector.podSecurityContext.supplementalGroups
[INFO] Auditing path $.collector.podSecurityContext.sysctls
[INFO] Auditing path $.collector.priorityClassName
[INFO] Auditing path $.collector.readinessProbe
[INFO] Auditing path $.collector.readinessProbe.enabled
[INFO] Auditing path $.collector.readinessProbe.failureThreshold
[INFO] Auditing path $.collector.readinessProbe.initialDelaySeconds
[INFO] Auditing path $.collector.readinessProbe.periodSeconds
[INFO] Auditing path $.collector.readinessProbe.successThreshold
[INFO] Auditing path $.collector.readinessProbe.timeoutSeconds
[INFO] Auditing path $.collector.receivers
[INFO] Auditing path $.collector.replicaCount
[INFO] Auditing path $.collector.resources
[INFO] Auditing path $.collector.resourcesPreset
[INFO] Auditing path $.collector.schedulerName
[INFO] Auditing path $.collector.service
[INFO] Auditing path $.collector.service.annotations
[INFO] Auditing path $.collector.service.clusterIP
[INFO] Auditing path $.collector.service.externalTrafficPolicy
[INFO] Auditing path $.collector.service.extraPorts
[INFO] Auditing path $.collector.service.loadBalancerIP
[INFO] Auditing path $.collector.service.loadBalancerSourceRanges
[INFO] Auditing path $.collector.service.metrics
[INFO] Auditing path $.collector.service.metrics.annotations
[INFO] Auditing path $.collector.service.metrics.annotations["prometheus.io/path"]
[INFO] Auditing path $.collector.service.metrics.annotations["prometheus.io/port"]
[INFO] Auditing path $.collector.service.metrics.annotations["prometheus.io/scrape"]
[INFO] Auditing path $.collector.service.nodePorts
[INFO] Auditing path $.collector.service.nodePorts.jaeger
[INFO] Auditing path $.collector.service.nodePorts.jaeger.grpc
[INFO] Auditing path $.collector.service.nodePorts.jaeger.thrift_http
[INFO] Auditing path $.collector.service.nodePorts.metrics
[INFO] Auditing path $.collector.service.nodePorts.otlp
[INFO] Auditing path $.collector.service.nodePorts.otlp.grpc
[INFO] Auditing path $.collector.service.nodePorts.otlp.http
[INFO] Auditing path $.collector.service.nodePorts.zipkin
[INFO] Auditing path $.collector.service.ports
[INFO] Auditing path $.collector.service.ports.jaeger
[INFO] Auditing path $.collector.service.ports.jaeger.grpc
[INFO] Auditing path $.collector.service.ports.jaeger.thrift_http
[INFO] Auditing path $.collector.service.ports.metrics
[INFO] Auditing path $.collector.service.ports.otlp
[INFO] Auditing path $.collector.service.ports.otlp.grpc
[INFO] Auditing path $.collector.service.ports.otlp.http
[INFO] Auditing path $.collector.service.ports.zipkin
[INFO] Auditing path $.collector.service.sessionAffinity
[INFO] Auditing path $.collector.service.sessionAffinityConfig
[INFO] Auditing path $.collector.service.type
[INFO] Auditing path $.collector.serviceAccount
[INFO] Auditing path $.collector.serviceAccount.annotations
[INFO] Auditing path $.collector.serviceAccount.automountServiceAccountToken
[INFO] Auditing path $.collector.serviceAccount.create
[INFO] Auditing path $.collector.serviceAccount.name
[INFO] Auditing path $.collector.sidecars
[INFO] Auditing path $.collector.startupProbe
[INFO] Auditing path $.collector.startupProbe.enabled
[INFO] Auditing path $.collector.startupProbe.failureThreshold
[INFO] Auditing path $.collector.startupProbe.initialDelaySeconds
[INFO] Auditing path $.collector.startupProbe.periodSeconds
[INFO] Auditing path $.collector.startupProbe.successThreshold
[INFO] Auditing path $.collector.startupProbe.timeoutSeconds
[INFO] Auditing path $.collector.tolerations
[INFO] Auditing path $.collector.topologySpreadConstraints
[INFO] Auditing path $.collector.updateStrategy
[INFO] Auditing path $.collector.updateStrategy.rollingUpdate
[INFO] Auditing path $.collector.updateStrategy.type
[INFO] Auditing path $.collector
[INFO] Auditing path $.commonAnnotations
[INFO] Auditing path $.commonLabels
[INFO] Auditing path $.cqlshImage.debug
[INFO] Auditing path $.cqlshImage.digest
[INFO] Auditing path $.cqlshImage.pullPolicy
[INFO] Auditing path $.cqlshImage.pullSecrets
[INFO] Auditing path $.cqlshImage.registry
[INFO] Auditing path $.cqlshImage.repository
[INFO] Auditing path $.cqlshImage.resources
[INFO] Auditing path $.cqlshImage.resourcesPreset
[INFO] Auditing path $.cqlshImage.tag
[INFO] Auditing path $.cqlshImage
[INFO] Auditing path $.diagnosticMode.args
[INFO] Auditing path $.diagnosticMode.command
[INFO] Auditing path $.diagnosticMode.enabled
[INFO] Auditing path $.diagnosticMode
[INFO] Auditing path $.externalDatabase.cluster
[INFO] Auditing path $.externalDatabase.cluster.datacenter
[INFO] Auditing path $.externalDatabase.dbUser
[INFO] Auditing path $.externalDatabase.dbUser.password
[INFO] Auditing path $.externalDatabase.dbUser.user
[INFO] Auditing path $.externalDatabase.existingSecret
[INFO] Auditing path $.externalDatabase.existingSecretPasswordKey
[INFO] Auditing path $.externalDatabase.host
[INFO] Auditing path $.externalDatabase.keyspace
[INFO] Auditing path $.externalDatabase.port
[INFO] Auditing path $.externalDatabase
[INFO] Auditing path $.fullnameOverride
[INFO] Auditing path $.global.compatibility
[INFO] Auditing path $.global.compatibility.openshift
[INFO] Auditing path $.global.compatibility.openshift.adaptSecurityContext
[INFO] Auditing path $.global.defaultStorageClass
[INFO] Auditing path $.global.imagePullSecrets
[INFO] Auditing path $.global.imageRegistry
[INFO] Auditing path $.global.security
[INFO] Auditing path $.global.security.allowInsecureImages
[INFO] Auditing path $.global
[INFO] Auditing path $.image.debug
[INFO] Auditing path $.image.digest
[INFO] Auditing path $.image.pullPolicy
[INFO] Auditing path $.image.pullSecrets
[INFO] Auditing path $.image.registry
[INFO] Auditing path $.image.repository
[INFO] Auditing path $.image.tag
[INFO] Auditing path $.image
[INFO] Auditing path $.kubeVersion
[INFO] Auditing path $.migration.annotations
[INFO] Auditing path $.migration.containerSecurityContext
[INFO] Auditing path $.migration.containerSecurityContext.allowPrivilegeEscalation
[INFO] Auditing path $.migration.containerSecurityContext.capabilities
[INFO] Auditing path $.migration.containerSecurityContext.capabilities.drop
[INFO] Auditing path $.migration.containerSecurityContext.enabled
[INFO] Auditing path $.migration.containerSecurityContext.privileged
[INFO] Auditing path $.migration.containerSecurityContext.readOnlyRootFilesystem
[INFO] Auditing path $.migration.containerSecurityContext.runAsGroup
[INFO] Auditing path $.migration.containerSecurityContext.runAsNonRoot
[INFO] Auditing path $.migration.containerSecurityContext.runAsUser
[INFO] Auditing path $.migration.containerSecurityContext.seLinuxOptions
[INFO] Auditing path $.migration.containerSecurityContext.seccompProfile
[INFO] Auditing path $.migration.containerSecurityContext.seccompProfile.type
[INFO] Auditing path $.migration.extraEnvVars
[INFO] Auditing path $.migration.extraEnvVarsCM
[INFO] Auditing path $.migration.extraEnvVarsSecret
[INFO] Auditing path $.migration.extraVolumeMounts
[INFO] Auditing path $.migration.extraVolumes
[INFO] Auditing path $.migration.initContainer
[INFO] Auditing path $.migration.initContainer.resources
[INFO] Auditing path $.migration.initContainer.resourcesPreset
[INFO] Auditing path $.migration.networkPolicy
[INFO] Auditing path $.migration.networkPolicy.allowExternal
[INFO] Auditing path $.migration.networkPolicy.allowExternalEgress
[INFO] Auditing path $.migration.networkPolicy.enabled
[INFO] Auditing path $.migration.networkPolicy.extraEgress
[INFO] Auditing path $.migration.networkPolicy.extraIngress
[INFO] Auditing path $.migration.networkPolicy.ingressNSMatchLabels
[INFO] Auditing path $.migration.networkPolicy.ingressNSPodMatchLabels
[INFO] Auditing path $.migration.podAnnotations
[INFO] Auditing path $.migration.podLabels
[INFO] Auditing path $.migration.podSecurityContext
[INFO] Auditing path $.migration.podSecurityContext.enabled
[INFO] Auditing path $.migration.podSecurityContext.fsGroup
[INFO] Auditing path $.migration.podSecurityContext.fsGroupChangePolicy
[INFO] Auditing path $.migration.podSecurityContext.supplementalGroups
[INFO] Auditing path $.migration.podSecurityContext.sysctls
[INFO] Auditing path $.migration.resources
[INFO] Auditing path $.migration.resourcesPreset
[INFO] Auditing path $.migration
[INFO] Auditing path $.nameOverride
[INFO] Auditing path $.query.affinity
[INFO] Auditing path $.query.args
[INFO] Auditing path $.query.automountServiceAccountToken
[INFO] Auditing path $.query.command
[INFO] Auditing path $.query.configuration
[INFO] Auditing path $.query.containerPorts
[INFO] Auditing path $.query.containerPorts.grpc
[INFO] Auditing path $.query.containerPorts.healthcheck
[INFO] Auditing path $.query.containerPorts.http
[INFO] Auditing path $.query.containerPorts.metrics
[INFO] Auditing path $.query.containerSecurityContext
[INFO] Auditing path $.query.containerSecurityContext.allowPrivilegeEscalation
[INFO] Auditing path $.query.containerSecurityContext.capabilities
[INFO] Auditing path $.query.containerSecurityContext.capabilities.drop
[INFO] Auditing path $.query.containerSecurityContext.enabled
[INFO] Auditing path $.query.containerSecurityContext.privileged
[INFO] Auditing path $.query.containerSecurityContext.readOnlyRootFilesystem
[INFO] Auditing path $.query.containerSecurityContext.runAsGroup
[INFO] Auditing path $.query.containerSecurityContext.runAsNonRoot
[INFO] Auditing path $.query.containerSecurityContext.runAsUser
[INFO] Auditing path $.query.containerSecurityContext.seLinuxOptions
[INFO] Auditing path $.query.containerSecurityContext.seccompProfile
[INFO] Auditing path $.query.containerSecurityContext.seccompProfile.type
[INFO] Auditing path $.query.customLivenessProbe
[INFO] Auditing path $.query.customReadinessProbe
[INFO] Auditing path $.query.customStartupProbe
[INFO] Auditing path $.query.existingConfigmap
[INFO] Auditing path $.query.extraEnvVars
[INFO] Auditing path $.query.extraEnvVarsCM
[INFO] Auditing path $.query.extraEnvVarsSecret
[INFO] Auditing path $.query.extraVolumeMounts
[INFO] Auditing path $.query.extraVolumes
[INFO] Auditing path $.query.hostAliases
[INFO] Auditing path $.query.initContainers
[INFO] Auditing path $.query.lifecycleHooks
[INFO] Auditing path $.query.livenessProbe
[INFO] Auditing path $.query.livenessProbe.enabled
[INFO] Auditing path $.query.livenessProbe.failureThreshold
[INFO] Auditing path $.query.livenessProbe.initialDelaySeconds
[INFO] Auditing path $.query.livenessProbe.periodSeconds
[INFO] Auditing path $.query.livenessProbe.successThreshold
[INFO] Auditing path $.query.livenessProbe.timeoutSeconds
[INFO] Auditing path $.query.networkPolicy
[INFO] Auditing path $.query.networkPolicy.allowExternal
[INFO] Auditing path $.query.networkPolicy.allowExternalEgress
[INFO] Auditing path $.query.networkPolicy.enabled
[INFO] Auditing path $.query.networkPolicy.extraEgress
[INFO] Auditing path $.query.networkPolicy.extraIngress
[INFO] Auditing path $.query.networkPolicy.ingressNSMatchLabels
[INFO] Auditing path $.query.networkPolicy.ingressNSMatchLabels[*]
[INFO] Auditing path $.query.networkPolicy.ingressNSPodMatchLabels
[INFO] Auditing path $.query.networkPolicy.ingressNSPodMatchLabels[*]
[INFO] Auditing path $.query.nodeAffinityPreset
[INFO] Auditing path $.query.nodeAffinityPreset.key
[INFO] Auditing path $.query.nodeAffinityPreset.type
[INFO] Auditing path $.query.nodeAffinityPreset.values
[INFO] Auditing path $.query.nodeSelector
[INFO] Auditing path $.query.overrideConfiguration
[INFO] Auditing path $.query.pdb
[INFO] Auditing path $.query.pdb.create
[INFO] Auditing path $.query.pdb.maxUnavailable
[INFO] Auditing path $.query.pdb.minAvailable
[INFO] Auditing path $.query.podAffinityPreset
[INFO] Auditing path $.query.podAnnotations
[INFO] Auditing path $.query.podAntiAffinityPreset
[INFO] Auditing path $.query.podLabels
[INFO] Auditing path $.query.podSecurityContext
[INFO] Auditing path $.query.podSecurityContext.enabled
[INFO] Auditing path $.query.podSecurityContext.fsGroup
[INFO] Auditing path $.query.podSecurityContext.fsGroupChangePolicy
[INFO] Auditing path $.query.podSecurityContext.supplementalGroups
[INFO] Auditing path $.query.podSecurityContext.sysctls
[INFO] Auditing path $.query.priorityClassName
[INFO] Auditing path $.query.readinessProbe
[INFO] Auditing path $.query.readinessProbe.enabled
[INFO] Auditing path $.query.readinessProbe.failureThreshold
[INFO] Auditing path $.query.readinessProbe.initialDelaySeconds
[INFO] Auditing path $.query.readinessProbe.periodSeconds
[INFO] Auditing path $.query.readinessProbe.successThreshold
[INFO] Auditing path $.query.readinessProbe.timeoutSeconds
[INFO] Auditing path $.query.replicaCount
[INFO] Auditing path $.query.resources
[INFO] Auditing path $.query.resourcesPreset
[INFO] Auditing path $.query.schedulerName
[INFO] Auditing path $.query.service
[INFO] Auditing path $.query.service.annotations
[INFO] Auditing path $.query.service.clusterIP
[INFO] Auditing path $.query.service.externalTrafficPolicy
[INFO] Auditing path $.query.service.extraPorts
[INFO] Auditing path $.query.service.loadBalancerIP
[INFO] Auditing path $.query.service.loadBalancerSourceRanges
[INFO] Auditing path $.query.service.metrics
[INFO] Auditing path $.query.service.metrics.annotations
[INFO] Auditing path $.query.service.metrics.annotations["prometheus.io/path"]
[INFO] Auditing path $.query.service.metrics.annotations["prometheus.io/port"]
[INFO] Auditing path $.query.service.metrics.annotations["prometheus.io/scrape"]
[INFO] Auditing path $.query.service.nodePorts
[INFO] Auditing path $.query.service.nodePorts.grpc
[INFO] Auditing path $.query.service.nodePorts.http
[INFO] Auditing path $.query.service.nodePorts.metrics
[INFO] Auditing path $.query.service.ports
[INFO] Auditing path $.query.service.ports.grpc
[INFO] Auditing path $.query.service.ports.http
[INFO] Auditing path $.query.service.ports.metrics
[INFO] Auditing path $.query.service.sessionAffinity
[INFO] Auditing path $.query.service.sessionAffinityConfig
[INFO] Auditing path $.query.service.type
[INFO] Auditing path $.query.serviceAccount
[INFO] Auditing path $.query.serviceAccount.annotations
[INFO] Auditing path $.query.serviceAccount.automountServiceAccountToken
[INFO] Auditing path $.query.serviceAccount.create
[INFO] Auditing path $.query.serviceAccount.name
[INFO] Auditing path $.query.sidecars
[INFO] Auditing path $.query.startupProbe
[INFO] Auditing path $.query.startupProbe.enabled
[INFO] Auditing path $.query.startupProbe.failureThreshold
[INFO] Auditing path $.query.startupProbe.initialDelaySeconds
[INFO] Auditing path $.query.startupProbe.periodSeconds
[INFO] Auditing path $.query.startupProbe.successThreshold
[INFO] Auditing path $.query.startupProbe.timeoutSeconds
[INFO] Auditing path $.query.tolerations
[INFO] Auditing path $.query.topologySpreadConstraints
[INFO] Auditing path $.query.updateStrategy
[INFO] Auditing path $.query.updateStrategy.rollingUpdate
[INFO] Auditing path $.query.updateStrategy.type
[INFO] Auditing path $.query
