[INFO] Auditing path $.affinity
[INFO] Auditing path $.annotations
[INFO] Auditing path $.config.constantLabels
[INFO] Auditing path $.config.datasource
[INFO] Auditing path $.config.datasource.database
[INFO] Auditing path $.config.datasource.extraParams
[INFO] Auditing path $.config.datasource.host
[INFO] Auditing path $.config.datasource.password
[INFO] Auditing path $.config.datasource.passwordFile
[INFO] Auditing path $.config.datasource.passwordSecret
[INFO] Auditing path $.config.datasource.port
[INFO] Auditing path $.config.datasource.sslmode
[INFO] Auditing path $.config.datasource.user
[INFO] Auditing path $.config.datasourceSecret
[INFO] Auditing path $.config.datasourceSecret.key
[INFO] Auditing path $.config.datasourceSecret.name
[INFO] Auditing path $.config.extraArgs
[INFO] Auditing path $.config.logFormat
[INFO] Auditing path $.config.logLevel
[INFO] Auditing path $.config
[INFO] Auditing path $.extraContainers
[INFO] Auditing path $.extraEnvs[*]
[INFO] Auditing path $.extraEnvs
[INFO] Auditing path $.extraVolumeMounts
[INFO] Auditing path $.extraVolumes
[INFO] Auditing path $.hostAliases
[INFO] Auditing path $.image.pullPolicy
[INFO] Auditing path $.image.pullSecrets
[INFO] Auditing path $.image.pullSecrets[*]
[INFO] Auditing path $.image.repository
[INFO] Auditing path $.image.tag
[INFO] Auditing path $.image
[INFO] Auditing path $.initContainers
[INFO] Auditing path $.livenessProbe.initialDelaySeconds
[INFO] Auditing path $.livenessProbe.timeoutSeconds
[INFO] Auditing path $.livenessProbe
[INFO] Auditing path $.networkPolicy.enabled
[INFO] Auditing path $.networkPolicy.labels
[INFO] Auditing path $.networkPolicy
[INFO] Auditing path $.nodeSelector
[INFO] Auditing path $.podDisruptionBudget.enabled
[INFO] Auditing path $.podDisruptionBudget.maxUnavailable
[INFO] Auditing path $.podDisruptionBudget
[INFO] Auditing path $.podLabels
[INFO] Auditing path $.podSecurityContext.runAsGroup
[INFO] Auditing path $.podSecurityContext.runAsNonRoot
[INFO] Auditing path $.podSecurityContext.runAsUser
[INFO] Auditing path $.podSecurityContext.seccompProfile
[INFO] Auditing path $.podSecurityContext.seccompProfile.type
[INFO] Auditing path $.podSecurityContext
[INFO] Auditing path $.prometheusRule.additionalLabels
[INFO] Auditing path $.prometheusRule.enabled
[INFO] Auditing path $.prometheusRule.namespace
[INFO] Auditing path $.prometheusRule.rules
[INFO] Auditing path $.prometheusRule
[INFO] Auditing path $.rbac.create
[INFO] Auditing path $.rbac.pspEnabled
[INFO] Auditing path $.rbac
[INFO] Auditing path $.readinessProbe.initialDelaySeconds
[INFO] Auditing path $.readinessProbe.timeoutSeconds
[INFO] Auditing path $.readinessProbe
[INFO] Auditing path $.replicaCount
[INFO] Auditing path $.resources
[INFO] Auditing path $.securityContext.allowPrivilegeEscalation
[INFO] Auditing path $.securityContext.capabilities
[INFO] Auditing path $.securityContext.capabilities.drop
[INFO] Auditing path $.securityContext.readOnlyRootFilesystem
[INFO] Auditing path $.securityContext.runAsGroup
[INFO] Auditing path $.securityContext.runAsNonRoot
[INFO] Auditing path $.securityContext.runAsUser
[INFO] Auditing path $.securityContext.seccompProfile
[INFO] Auditing path $.securityContext.seccompProfile.type
[INFO] Auditing path $.securityContext
[INFO] Auditing path $.service.annotations
[INFO] Auditing path $.service.labels
[INFO] Auditing path $.service.name
[INFO] Auditing path $.service.port
[INFO] Auditing path $.service.targetPort
[INFO] Auditing path $.service.type
[INFO] Auditing path $.service
[INFO] Auditing path $.serviceAccount.annotations
[INFO] Auditing path $.serviceAccount.create
[INFO] Auditing path $.serviceAccount.name
[INFO] Auditing path $.serviceAccount
[INFO] Auditing path $.serviceMonitor.enabled
[INFO] Auditing path $.serviceMonitor.interval
[INFO] Auditing path $.serviceMonitor.labels
[INFO] Auditing path $.serviceMonitor.metricRelabelings
[INFO] Auditing path $.serviceMonitor.namespace
[INFO] Auditing path $.serviceMonitor.relabelings
[INFO] Auditing path $.serviceMonitor.targetLabels
[INFO] Auditing path $.serviceMonitor.targetLabels[*]
[INFO] Auditing path $.serviceMonitor.telemetryPath
[INFO] Auditing path $.serviceMonitor.timeout
[INFO] Auditing path $.serviceMonitor
[INFO] Auditing path $.tolerations
