[INFO] Chart 1/1: .
[INFO] Preparing dependencies for . (excluded from testing budgets)
[INFO] Finite filtering unavailable: permutations need closed objects at (); set additionalProperties: false; filtering generation before value-path traversal
[INFO] Coalescing path $.clusterDomain
[INFO] Coalescing path $.commonAnnotations
[INFO] Coalescing path $.commonLabels
[INFO] Coalescing path $.executor
[INFO] Coalescing path $.existingConfigmap
[INFO] Coalescing path $.extraDeploy
[INFO] Coalescing path $.extraEnvVars
[INFO] Coalescing path $.extraEnvVarsCM
[INFO] Coalescing path $.extraEnvVarsCMs
[INFO] Coalescing path $.extraEnvVarsSecret
[INFO] Coalescing path $.extraEnvVarsSecrets
[INFO] Coalescing path $.extraVolumeMounts
[INFO] Coalescing path $.extraVolumes
[INFO] Coalescing path $.global
[INFO] Coalescing path $.image
[INFO] Coalescing path $.initContainers
[INFO] Coalescing path $.localSettings
[INFO] Coalescing path $.overrideConfiguration
[INFO] Coalescing path $.sidecars
[INFO] Coalescing path $.usePasswordFiles
[INFO] Coalescing path $.auth.existingSecret
[INFO] Coalescing path $.auth.fernetKey
[INFO] Coalescing path $.auth.jwtSecretKey
[INFO] Coalescing path $.auth.secretKey
[INFO] Coalescing path $.auth.username
[INFO] Coalescing path $.dagProcessor.affinity
[INFO] Coalescing path $.dagProcessor.automountServiceAccountToken
[INFO] Coalescing path $.dagProcessor.containerSecurityContext
[INFO] Coalescing path $.dagProcessor.customLivenessProbe
[INFO] Coalescing path $.dagProcessor.customReadinessProbe
[INFO] Coalescing path $.dagProcessor.customStartupProbe
[INFO] Coalescing path $.dagProcessor.enabled
[INFO] Coalescing path $.dagProcessor.ephemeral
[INFO] Coalescing path $.dagProcessor.extraEnvVars
[INFO] Coalescing path $.dagProcessor.extraEnvVarsCM
[INFO] Coalescing path $.dagProcessor.extraEnvVarsCMs
[INFO] Coalescing path $.dagProcessor.extraEnvVarsSecret
[INFO] Coalescing path $.dagProcessor.extraVolumeMounts
[INFO] Coalescing path $.dagProcessor.extraVolumes
[INFO] Coalescing path $.dagProcessor.hostAliases
[INFO] Coalescing path $.dagProcessor.initContainers
[INFO] Coalescing path $.dagProcessor.lifecycleHooks
[INFO] Coalescing path $.dagProcessor.nodeSelector
[INFO] Coalescing path $.dagProcessor.podAffinityPreset
[INFO] Coalescing path $.dagProcessor.podAnnotations
[INFO] Coalescing path $.dagProcessor.podAntiAffinityPreset
[INFO] Coalescing path $.dagProcessor.podLabels
[INFO] Coalescing path $.dagProcessor.podSecurityContext
[INFO] Coalescing path $.dagProcessor.priorityClassName
[INFO] Coalescing path $.dagProcessor.replicaCount
[INFO] Coalescing path $.dagProcessor.resources
[INFO] Coalescing path $.dagProcessor.schedulerName
[INFO] Coalescing path $.dagProcessor.sidecars
[INFO] Coalescing path $.dagProcessor.terminationGracePeriodSeconds
[INFO] Coalescing path $.dagProcessor.tolerations
[INFO] Coalescing path $.dagProcessor.topologyKey
[INFO] Coalescing path $.dagProcessor.topologySpreadConstraints
[INFO] Coalescing path $.dagProcessor.updateStrategy
[INFO] Coalescing path $.dags.enabled
[INFO] Coalescing path $.dags.existingSshKeySecret
[INFO] Coalescing path $.dags.sshKey
[INFO] Coalescing path $.diagnosticMode.args
[INFO] Coalescing path $.diagnosticMode.command
[INFO] Coalescing path $.diagnosticMode.enabled
[INFO] Coalescing path $.externalDatabase.existingSecret
[INFO] Coalescing path $.externalDatabase.password
[INFO] Coalescing path $.externalDatabase.sqlConnection
[INFO] Coalescing path $.externalRedis.existingSecret
[INFO] Coalescing path $.externalRedis.password
[INFO] Coalescing path $.extraDeploy[*]
[INFO] Coalescing path $.extraEnvVarsCMs[*]
[INFO] Coalescing path $.extraEnvVarsSecrets[*]
[INFO] Coalescing path $.image.debug
[INFO] Coalescing path $.image.pullPolicy
[INFO] Coalescing path $.ingress.annotations
[INFO] Coalescing path $.ingress.enabled
[INFO] Coalescing path $.ingress.extraHosts
[INFO] Coalescing path $.ingress.extraPaths
[INFO] Coalescing path $.ingress.extraRules
[INFO] Coalescing path $.ingress.extraTls
[INFO] Coalescing path $.ingress.hostname
[INFO] Coalescing path $.ingress.ingressClassName
[INFO] Coalescing path $.ingress.path
[INFO] Coalescing path $.ingress.pathType
[INFO] Coalescing path $.ingress.secrets
[INFO] Coalescing path $.ingress.selfSigned
[INFO] Coalescing path $.ingress.tls
[INFO] Coalescing path $.ldap.bindpw
[INFO] Coalescing path $.ldap.enabled
[INFO] Coalescing path $.ldap.existingSecret
[INFO] Coalescing path $.metrics.affinity
[INFO] Coalescing path $.metrics.automountServiceAccountToken
[INFO] Coalescing path $.metrics.configuration
[INFO] Coalescing path $.metrics.containerSecurityContext
[INFO] Coalescing path $.metrics.customLivenessProbe
[INFO] Coalescing path $.metrics.customReadinessProbe
[INFO] Coalescing path $.metrics.customStartupProbe
[INFO] Coalescing path $.metrics.enabled
[INFO] Coalescing path $.metrics.ephemeral
[INFO] Coalescing path $.metrics.existingConfigmap
[INFO] Coalescing path $.metrics.extraVolumeMounts
[INFO] Coalescing path $.metrics.extraVolumes
[INFO] Coalescing path $.metrics.hostAliases
[INFO] Coalescing path $.metrics.image
[INFO] Coalescing path $.metrics.lifecycleHooks
[INFO] Coalescing path $.metrics.nodeSelector
[INFO] Coalescing path $.metrics.podAffinityPreset
[INFO] Coalescing path $.metrics.podAnnotations
[INFO] Coalescing path $.metrics.podAntiAffinityPreset
[INFO] Coalescing path $.metrics.podLabels
[INFO] Coalescing path $.metrics.podSecurityContext
[INFO] Coalescing path $.metrics.priorityClassName
[INFO] Coalescing path $.metrics.resources
[INFO] Coalescing path $.metrics.schedulerName
[INFO] Coalescing path $.metrics.terminationGracePeriodSeconds
[INFO] Coalescing path $.metrics.tolerations
[INFO] Coalescing path $.metrics.topologyKey
[INFO] Coalescing path $.metrics.topologySpreadConstraints
[INFO] Coalescing path $.plugins.enabled
[INFO] Coalescing path $.plugins.existingSshKeySecret
[INFO] Coalescing path $.plugins.sshKey
[INFO] Coalescing path $.postgresql.architecture
[INFO] Coalescing path $.postgresql.clusterDomain
[INFO] Coalescing path $.postgresql.commonAnnotations
[INFO] Coalescing path $.postgresql.commonLabels
[INFO] Coalescing path $.postgresql.enabled
[INFO] Coalescing path $.postgresql.extraDeploy
[INFO] Coalescing path $.postgresql.global
[INFO] Coalescing path $.postgresql.image
[INFO] Coalescing path $.postgresql.postgresqlDataDir
[INFO] Coalescing path $.postgresql.postgresqlSharedPreloadLibraries
[INFO] Coalescing path $.postgresql.secretAnnotations
[INFO] Coalescing path $.rbac.create
[INFO] Coalescing path $.rbac.rules
[INFO] Coalescing path $.redis.architecture
[INFO] Coalescing path $.redis.clusterDomain
[INFO] Coalescing path $.redis.commonAnnotations
[INFO] Coalescing path $.redis.commonConfiguration
[INFO] Coalescing path $.redis.commonLabels
[INFO] Coalescing path $.redis.configmapChecksumAnnotations
[INFO] Coalescing path $.redis.enabled
[INFO] Coalescing path $.redis.existingSecret
[INFO] Coalescing path $.redis.extraDeploy
[INFO] Coalescing path $.redis.global
[INFO] Coalescing path $.redis.image
[INFO] Coalescing path $.redis.nameResolutionThreshold
[INFO] Coalescing path $.redis.nameResolutionTimeout
[INFO] Coalescing path $.redis.pdb
[INFO] Coalescing path $.redis.secretAnnotations
[INFO] Coalescing path $.redis.secretChecksumAnnotations
[INFO] Coalescing path $.redis.useHostnames
[INFO] Coalescing path $.scheduler.affinity
[INFO] Coalescing path $.scheduler.automountServiceAccountToken
[INFO] Coalescing path $.scheduler.containerSecurityContext
[INFO] Coalescing path $.scheduler.customLivenessProbe
[INFO] Coalescing path $.scheduler.customReadinessProbe
[INFO] Coalescing path $.scheduler.customStartupProbe
[INFO] Coalescing path $.scheduler.ephemeral
[INFO] Coalescing path $.scheduler.extraEnvVars
[INFO] Coalescing path $.scheduler.extraEnvVarsCM
[INFO] Coalescing path $.scheduler.extraEnvVarsCMs
[INFO] Coalescing path $.scheduler.extraEnvVarsSecret
[INFO] Coalescing path $.scheduler.extraEnvVarsSecrets
[INFO] Coalescing path $.scheduler.extraVolumeMounts
[INFO] Coalescing path $.scheduler.extraVolumes
[INFO] Coalescing path $.scheduler.hostAliases
[INFO] Coalescing path $.scheduler.initContainers
[INFO] Coalescing path $.scheduler.lifecycleHooks
[INFO] Coalescing path $.scheduler.nodeSelector
[INFO] Coalescing path $.scheduler.podAffinityPreset
[INFO] Coalescing path $.scheduler.podAnnotations
[INFO] Coalescing path $.scheduler.podAntiAffinityPreset
[INFO] Coalescing path $.scheduler.podLabels
[INFO] Coalescing path $.scheduler.podSecurityContext
[INFO] Coalescing path $.scheduler.priorityClassName
[INFO] Coalescing path $.scheduler.replicaCount
[INFO] Coalescing path $.scheduler.resources
[INFO] Coalescing path $.scheduler.schedulerName
[INFO] Coalescing path $.scheduler.sidecars
[INFO] Coalescing path $.scheduler.terminationGracePeriodSeconds
[INFO] Coalescing path $.scheduler.tolerations
[INFO] Coalescing path $.scheduler.topologyKey
[INFO] Coalescing path $.scheduler.topologySpreadConstraints
[INFO] Coalescing path $.scheduler.updateStrategy
[INFO] Coalescing path $.service.annotations
[INFO] Coalescing path $.service.clusterIP
[INFO] Coalescing path $.service.externalTrafficPolicy
[INFO] Coalescing path $.service.extraPorts
[INFO] Coalescing path $.service.loadBalancerIP
[INFO] Coalescing path $.service.loadBalancerSourceRanges
[INFO] Coalescing path $.service.sessionAffinity
[INFO] Coalescing path $.service.sessionAffinityConfig
[INFO] Coalescing path $.service.type
[INFO] Coalescing path $.serviceAccount.annotations
[INFO] Coalescing path $.serviceAccount.automountServiceAccountToken
[INFO] Coalescing path $.serviceAccount.create
[INFO] Coalescing path $.setupDBJob.affinity
[INFO] Coalescing path $.setupDBJob.annotations
[INFO] Coalescing path $.setupDBJob.args
[INFO] Coalescing path $.setupDBJob.automountServiceAccountToken
[INFO] Coalescing path $.setupDBJob.backoffLimit
[INFO] Coalescing path $.setupDBJob.command
[INFO] Coalescing path $.setupDBJob.containerSecurityContext
[INFO] Coalescing path $.setupDBJob.enabled
[INFO] Coalescing path $.setupDBJob.ephemeral
[INFO] Coalescing path $.setupDBJob.extraEnvVars
[INFO] Coalescing path $.setupDBJob.extraEnvVarsCM
[INFO] Coalescing path $.setupDBJob.extraEnvVarsSecret
[INFO] Coalescing path $.setupDBJob.extraVolumeMounts
[INFO] Coalescing path $.setupDBJob.extraVolumes
[INFO] Coalescing path $.setupDBJob.hostAliases
[INFO] Coalescing path $.setupDBJob.initContainers
[INFO] Coalescing path $.setupDBJob.nodeSelector
[INFO] Coalescing path $.setupDBJob.podAffinityPreset
[INFO] Coalescing path $.setupDBJob.podAnnotations
[INFO] Coalescing path $.setupDBJob.podAntiAffinityPreset
[INFO] Coalescing path $.setupDBJob.podLabels
[INFO] Coalescing path $.setupDBJob.podSecurityContext
[INFO] Coalescing path $.setupDBJob.priorityClassName
[INFO] Coalescing path $.setupDBJob.resources
[INFO] Coalescing path $.setupDBJob.schedulerName
[INFO] Coalescing path $.setupDBJob.terminationGracePeriodSeconds
[INFO] Coalescing path $.setupDBJob.tolerations
[INFO] Coalescing path $.setupDBJob.topologyKey
[INFO] Coalescing path $.setupDBJob.topologySpreadConstraints
[INFO] Coalescing path $.tags["bitnami-common"]
[INFO] Coalescing path $.triggerer.affinity
[INFO] Coalescing path $.triggerer.automountServiceAccountToken
[INFO] Coalescing path $.triggerer.containerSecurityContext
[INFO] Coalescing path $.triggerer.customLivenessProbe
[INFO] Coalescing path $.triggerer.customReadinessProbe
[INFO] Coalescing path $.triggerer.customStartupProbe
[INFO] Coalescing path $.triggerer.enabled
[INFO] Coalescing path $.triggerer.ephemeral
[INFO] Coalescing path $.triggerer.extraEnvVars
[INFO] Coalescing path $.triggerer.extraEnvVarsCM
[INFO] Coalescing path $.triggerer.extraEnvVarsCMs
[INFO] Coalescing path $.triggerer.extraEnvVarsSecret
[INFO] Coalescing path $.triggerer.extraVolumeMounts
[INFO] Coalescing path $.triggerer.extraVolumes
[INFO] Coalescing path $.triggerer.hostAliases
[INFO] Coalescing path $.triggerer.initContainers
[INFO] Coalescing path $.triggerer.lifecycleHooks
[INFO] Coalescing path $.triggerer.nodeSelector
[INFO] Coalescing path $.triggerer.podAffinityPreset
[INFO] Coalescing path $.triggerer.podAnnotations
[INFO] Coalescing path $.triggerer.podAntiAffinityPreset
[INFO] Coalescing path $.triggerer.podLabels
[INFO] Coalescing path $.triggerer.podManagementPolicy
[INFO] Coalescing path $.triggerer.podSecurityContext
[INFO] Coalescing path $.triggerer.priorityClassName
[INFO] Coalescing path $.triggerer.replicaCount
[INFO] Coalescing path $.triggerer.resources
[INFO] Coalescing path $.triggerer.schedulerName
[INFO] Coalescing path $.triggerer.sidecars
[INFO] Coalescing path $.triggerer.terminationGracePeriodSeconds
[INFO] Coalescing path $.triggerer.tolerations
[INFO] Coalescing path $.triggerer.topologyKey
[INFO] Coalescing path $.triggerer.topologySpreadConstraints
[INFO] Coalescing path $.triggerer.updateStrategy
[INFO] Coalescing path $.web.affinity
[INFO] Coalescing path $.web.automountServiceAccountToken
[INFO] Coalescing path $.web.configuration
[INFO] Coalescing path $.web.containerSecurityContext
[INFO] Coalescing path $.web.customLivenessProbe
[INFO] Coalescing path $.web.customReadinessProbe
[INFO] Coalescing path $.web.customStartupProbe
[INFO] Coalescing path $.web.ephemeral
[INFO] Coalescing path $.web.existingConfigmap
[INFO] Coalescing path $.web.extraEnvVars
[INFO] Coalescing path $.web.extraEnvVarsCM
[INFO] Coalescing path $.web.extraEnvVarsCMs
[INFO] Coalescing path $.web.extraEnvVarsSecret
[INFO] Coalescing path $.web.extraEnvVarsSecrets
[INFO] Coalescing path $.web.extraVolumeMounts
[INFO] Coalescing path $.web.extraVolumes
[INFO] Coalescing path $.web.hostAliases
[INFO] Coalescing path $.web.initContainers
[INFO] Coalescing path $.web.lifecycleHooks
[INFO] Coalescing path $.web.nodeSelector
[INFO] Coalescing path $.web.podAffinityPreset
[INFO] Coalescing path $.web.podAnnotations
[INFO] Coalescing path $.web.podAntiAffinityPreset
[INFO] Coalescing path $.web.podLabels
[INFO] Coalescing path $.web.podSecurityContext
[INFO] Coalescing path $.web.priorityClassName
[INFO] Coalescing path $.web.replicaCount
[INFO] Coalescing path $.web.resources
[INFO] Coalescing path $.web.schedulerName
[INFO] Coalescing path $.web.sidecars
[INFO] Coalescing path $.web.terminationGracePeriodSeconds
[INFO] Coalescing path $.web.tolerations
[INFO] Coalescing path $.web.topologyKey
[INFO] Coalescing path $.web.topologySpreadConstraints
[INFO] Coalescing path $.web.updateStrategy
[INFO] Coalescing path $.worker.affinity
[INFO] Coalescing path $.worker.automountServiceAccountToken
[INFO] Coalescing path $.worker.containerSecurityContext
[INFO] Coalescing path $.worker.customLivenessProbe
[INFO] Coalescing path $.worker.customReadinessProbe
[INFO] Coalescing path $.worker.customStartupProbe
[INFO] Coalescing path $.worker.ephemeral
[INFO] Coalescing path $.worker.extraEnvVars
[INFO] Coalescing path $.worker.extraEnvVarsCM
[INFO] Coalescing path $.worker.extraEnvVarsCMs
[INFO] Coalescing path $.worker.extraEnvVarsSecret
[INFO] Coalescing path $.worker.extraEnvVarsSecrets
[INFO] Coalescing path $.worker.extraVolumeClaimTemplates
[INFO] Coalescing path $.worker.extraVolumeMounts
[INFO] Coalescing path $.worker.extraVolumes
[INFO] Coalescing path $.worker.hostAliases
[INFO] Coalescing path $.worker.initContainers
[INFO] Coalescing path $.worker.lifecycleHooks
[INFO] Coalescing path $.worker.nodeSelector
[INFO] Coalescing path $.worker.podAffinityPreset
[INFO] Coalescing path $.worker.podAnnotations
[INFO] Coalescing path $.worker.podAntiAffinityPreset
[INFO] Coalescing path $.worker.podLabels
[INFO] Coalescing path $.worker.podManagementPolicy
[INFO] Coalescing path $.worker.podSecurityContext
[INFO] Coalescing path $.worker.podTemplate
[INFO] Coalescing path $.worker.priorityClassName
[INFO] Coalescing path $.worker.replicaCount
[INFO] Coalescing path $.worker.resources
[INFO] Coalescing path $.worker.schedulerName
[INFO] Coalescing path $.worker.sidecars
[INFO] Coalescing path $.worker.terminationGracePeriodSeconds
[INFO] Coalescing path $.worker.tolerations
[INFO] Coalescing path $.worker.topologyKey
[INFO] Coalescing path $.worker.topologySpreadConstraints
[INFO] Coalescing path $.worker.updateStrategy
[INFO] Coalescing path $.dagProcessor.containerSecurityContext.enabled
[INFO] Coalescing path $.dagProcessor.ephemeral.accessModes
[INFO] Coalescing path $.dagProcessor.ephemeral.annotations
[INFO] Coalescing path $.dagProcessor.ephemeral.enabled
[INFO] Coalescing path $.dagProcessor.ephemeral.size
[INFO] Coalescing path $.dagProcessor.extraEnvVarsCMs[*]
[INFO] Coalescing path $.dagProcessor.networkPolicy.allowExternal
[INFO] Coalescing path $.dagProcessor.networkPolicy.allowExternalEgress
[INFO] Coalescing path $.dagProcessor.networkPolicy.enabled
[INFO] Coalescing path $.dagProcessor.networkPolicy.extraEgress
[INFO] Coalescing path $.dagProcessor.networkPolicy.extraIngress
[INFO] Coalescing path $.dagProcessor.networkPolicy.ingressNSMatchLabels
[INFO] Coalescing path $.dagProcessor.networkPolicy.ingressNSPodMatchLabels
[INFO] Coalescing path $.dagProcessor.nodeAffinityPreset.key
[INFO] Coalescing path $.dagProcessor.nodeAffinityPreset.type
[INFO] Coalescing path $.dagProcessor.nodeAffinityPreset.values
[INFO] Coalescing path $.dagProcessor.pdb.create
[INFO] Coalescing path $.dagProcessor.pdb.maxUnavailable
[INFO] Coalescing path $.dagProcessor.pdb.minAvailable
[INFO] Coalescing path $.dagProcessor.podSecurityContext.enabled
[INFO] Coalescing path $.ldap.tls.certificatesMountPath
[INFO] Coalescing path $.ldap.tls.certificatesSecret
[INFO] Coalescing path $.ldap.tls.enabled
[INFO] Coalescing path $.metrics.containerPorts.ingest
[INFO] Coalescing path $.metrics.containerPorts.metrics
[INFO] Coalescing path $.metrics.containerSecurityContext.enabled
[INFO] Coalescing path $.metrics.ephemeral.accessModes
[INFO] Coalescing path $.metrics.ephemeral.annotations
[INFO] Coalescing path $.metrics.ephemeral.enabled
[INFO] Coalescing path $.metrics.ephemeral.size
[INFO] Coalescing path $.metrics.image.pullPolicy
[INFO] Coalescing path $.metrics.networkPolicy.allowExternal
[INFO] Coalescing path $.metrics.networkPolicy.allowExternalEgress
[INFO] Coalescing path $.metrics.networkPolicy.enabled
[INFO] Coalescing path $.metrics.networkPolicy.extraIngress
[INFO] Coalescing path $.metrics.networkPolicy.ingressNSMatchLabels
[INFO] Coalescing path $.metrics.networkPolicy.ingressNSPodMatchLabels
[INFO] Coalescing path $.metrics.nodeAffinityPreset.key
[INFO] Coalescing path $.metrics.nodeAffinityPreset.type
[INFO] Coalescing path $.metrics.nodeAffinityPreset.values
[INFO] Coalescing path $.metrics.podSecurityContext.enabled
[INFO] Coalescing path $.metrics.service.annotations
[INFO] Coalescing path $.metrics.service.clusterIP
[INFO] Coalescing path $.metrics.service.sessionAffinity
[INFO] Coalescing path $.metrics.serviceMonitor.enabled
[INFO] Coalescing path $.metrics.serviceMonitor.honorLabels
[INFO] Coalescing path $.metrics.serviceMonitor.interval
[INFO] Coalescing path $.metrics.serviceMonitor.jobLabel
[INFO] Coalescing path $.metrics.serviceMonitor.labels
[INFO] Coalescing path $.metrics.serviceMonitor.metricRelabelings
[INFO] Coalescing path $.metrics.serviceMonitor.namespace
[INFO] Coalescing path $.metrics.serviceMonitor.relabelings
[INFO] Coalescing path $.metrics.serviceMonitor.scrapeTimeout
[INFO] Coalescing path $.metrics.serviceMonitor.selector
[INFO] Coalescing path $.postgresql.audit.clientMinMessages
[INFO] Coalescing path $.postgresql.audit.logConnections
[INFO] Coalescing path $.postgresql.audit.logDisconnections
[INFO] Coalescing path $.postgresql.audit.logHostname
[INFO] Coalescing path $.postgresql.audit.logLinePrefix
[INFO] Coalescing path $.postgresql.audit.logTimezone
[INFO] Coalescing path $.postgresql.audit.pgAuditLog
[INFO] Coalescing path $.postgresql.audit.pgAuditLogCatalog
[INFO] Coalescing path $.postgresql.auth.enablePostgresUser
[INFO] Coalescing path $.postgresql.auth.existingSecret
[INFO] Coalescing path $.postgresql.auth.password
[INFO] Coalescing path $.postgresql.auth.postgresPassword
[INFO] Coalescing path $.postgresql.auth.replicationPassword
[INFO] Coalescing path $.postgresql.auth.replicationUsername
[INFO] Coalescing path $.postgresql.auth.usePasswordFiles
[INFO] Coalescing path $.postgresql.auth.username
[INFO] Coalescing path $.postgresql.backup.enabled
[INFO] Coalescing path $.postgresql.containerPorts.postgresql
[INFO] Coalescing path $.postgresql.diagnosticMode.args
[INFO] Coalescing path $.postgresql.diagnosticMode.command
[INFO] Coalescing path $.postgresql.diagnosticMode.enabled
[INFO] Coalescing path $.postgresql.extraDeploy[*]
[INFO] Coalescing path $.postgresql.image.debug
[INFO] Coalescing path $.postgresql.image.pullPolicy
[INFO] Coalescing path $.postgresql.ldap.baseDN
[INFO] Coalescing path $.postgresql.ldap.basedn
[INFO] Coalescing path $.postgresql.ldap.bindDN
[INFO] Coalescing path $.postgresql.ldap.bind_password
[INFO] Coalescing path $.postgresql.ldap.binddn
[INFO] Coalescing path $.postgresql.ldap.bindpw
[INFO] Coalescing path $.postgresql.ldap.enabled
[INFO] Coalescing path $.postgresql.ldap.port
[INFO] Coalescing path $.postgresql.ldap.prefix
[INFO] Coalescing path $.postgresql.ldap.scheme
[INFO] Coalescing path $.postgresql.ldap.searchAttribute
[INFO] Coalescing path $.postgresql.ldap.searchFilter
[INFO] Coalescing path $.postgresql.ldap.search_attr
[INFO] Coalescing path $.postgresql.ldap.search_filter
[INFO] Coalescing path $.postgresql.ldap.server
[INFO] Coalescing path $.postgresql.ldap.suffix
[INFO] Coalescing path $.postgresql.ldap.uri
[INFO] Coalescing path $.postgresql.ldap.url
[INFO] Coalescing path $.postgresql.metrics.containerSecurityContext
[INFO] Coalescing path $.postgresql.metrics.customLivenessProbe
[INFO] Coalescing path $.postgresql.metrics.customMetrics
[INFO] Coalescing path $.postgresql.metrics.customReadinessProbe
[INFO] Coalescing path $.postgresql.metrics.customStartupProbe
[INFO] Coalescing path $.postgresql.metrics.enabled
[INFO] Coalescing path $.postgresql.metrics.extraEnvVars
[INFO] Coalescing path $.postgresql.metrics.image
[INFO] Coalescing path $.postgresql.metrics.resources
[INFO] Coalescing path $.postgresql.passwordUpdateJob.annotations
[INFO] Coalescing path $.postgresql.passwordUpdateJob.args
[INFO] Coalescing path $.postgresql.passwordUpdateJob.automountServiceAccountToken
[INFO] Coalescing path $.postgresql.passwordUpdateJob.backoffLimit
[INFO] Coalescing path $.postgresql.passwordUpdateJob.command
[INFO] Coalescing path $.postgresql.passwordUpdateJob.containerSecurityContext
[INFO] Coalescing path $.postgresql.passwordUpdateJob.customLivenessProbe
[INFO] Coalescing path $.postgresql.passwordUpdateJob.customReadinessProbe
[INFO] Coalescing path $.postgresql.passwordUpdateJob.customStartupProbe
[INFO] Coalescing path $.postgresql.passwordUpdateJob.enabled
[INFO] Coalescing path $.postgresql.passwordUpdateJob.extraCommands
[INFO] Coalescing path $.postgresql.passwordUpdateJob.extraEnvVars
[INFO] Coalescing path $.postgresql.passwordUpdateJob.extraEnvVarsCM
[INFO] Coalescing path $.postgresql.passwordUpdateJob.extraEnvVarsSecret
[INFO] Coalescing path $.postgresql.passwordUpdateJob.extraVolumeMounts
[INFO] Coalescing path $.postgresql.passwordUpdateJob.extraVolumes
[INFO] Coalescing path $.postgresql.passwordUpdateJob.hostAliases
[INFO] Coalescing path $.postgresql.passwordUpdateJob.initContainers
[INFO] Coalescing path $.postgresql.passwordUpdateJob.podAnnotations
[INFO] Coalescing path $.postgresql.passwordUpdateJob.podLabels
[INFO] Coalescing path $.postgresql.passwordUpdateJob.podSecurityContext
[INFO] Coalescing path $.postgresql.passwordUpdateJob.resources
[INFO] Coalescing path $.postgresql.primary.affinity
[INFO] Coalescing path $.postgresql.primary.annotations
[INFO] Coalescing path $.postgresql.primary.automountServiceAccountToken
[INFO] Coalescing path $.postgresql.primary.configuration
[INFO] Coalescing path $.postgresql.primary.containerSecurityContext
[INFO] Coalescing path $.postgresql.primary.customLivenessProbe
[INFO] Coalescing path $.postgresql.primary.customReadinessProbe
[INFO] Coalescing path $.postgresql.primary.customStartupProbe
[INFO] Coalescing path $.postgresql.primary.existingConfigmap
[INFO] Coalescing path $.postgresql.primary.existingExtendedConfigmap
[INFO] Coalescing path $.postgresql.primary.extendedConfiguration
[INFO] Coalescing path $.postgresql.primary.extraEnvVars
[INFO] Coalescing path $.postgresql.primary.extraEnvVarsCM
[INFO] Coalescing path $.postgresql.primary.extraEnvVarsSecret
[INFO] Coalescing path $.postgresql.primary.extraPodSpec
[INFO] Coalescing path $.postgresql.primary.extraVolumeMounts
[INFO] Coalescing path $.postgresql.primary.extraVolumes
[INFO] Coalescing path $.postgresql.primary.hostAliases
[INFO] Coalescing path $.postgresql.primary.hostIPC
[INFO] Coalescing path $.postgresql.primary.hostNetwork
[INFO] Coalescing path $.postgresql.primary.initContainers
[INFO] Coalescing path $.postgresql.primary.labels
[INFO] Coalescing path $.postgresql.primary.lifecycleHooks
[INFO] Coalescing path $.postgresql.primary.nodeSelector
[INFO] Coalescing path $.postgresql.primary.pgHbaConfiguration
[INFO] Coalescing path $.postgresql.primary.podAffinityPreset
[INFO] Coalescing path $.postgresql.primary.podAnnotations
[INFO] Coalescing path $.postgresql.primary.podAntiAffinityPreset
[INFO] Coalescing path $.postgresql.primary.podLabels
[INFO] Coalescing path $.postgresql.primary.podSecurityContext
[INFO] Coalescing path $.postgresql.primary.priorityClassName
[INFO] Coalescing path $.postgresql.primary.resources
[INFO] Coalescing path $.postgresql.primary.schedulerName
[INFO] Coalescing path $.postgresql.primary.sidecars
[INFO] Coalescing path $.postgresql.primary.terminationGracePeriodSeconds
[INFO] Coalescing path $.postgresql.primary.tolerations
[INFO] Coalescing path $.postgresql.primary.topologySpreadConstraints
[INFO] Coalescing path $.postgresql.primary.updateStrategy
[INFO] Coalescing path $.postgresql.psp.create
[INFO] Coalescing path $.postgresql.rbac.create
[INFO] Coalescing path $.postgresql.rbac.rules
[INFO] Coalescing path $.postgresql.readReplicas.affinity
[INFO] Coalescing path $.postgresql.readReplicas.annotations
[INFO] Coalescing path $.postgresql.readReplicas.automountServiceAccountToken
[INFO] Coalescing path $.postgresql.readReplicas.containerSecurityContext
[INFO] Coalescing path $.postgresql.readReplicas.customLivenessProbe
[INFO] Coalescing path $.postgresql.readReplicas.customReadinessProbe
[INFO] Coalescing path $.postgresql.readReplicas.customStartupProbe
[INFO] Coalescing path $.postgresql.readReplicas.extendedConfiguration
[INFO] Coalescing path $.postgresql.readReplicas.extraEnvVars
[INFO] Coalescing path $.postgresql.readReplicas.extraEnvVarsCM
[INFO] Coalescing path $.postgresql.readReplicas.extraEnvVarsSecret
[INFO] Coalescing path $.postgresql.readReplicas.extraPodSpec
[INFO] Coalescing path $.postgresql.readReplicas.extraVolumeMounts
[INFO] Coalescing path $.postgresql.readReplicas.extraVolumes
[INFO] Coalescing path $.postgresql.readReplicas.hostAliases
[INFO] Coalescing path $.postgresql.readReplicas.hostIPC
[INFO] Coalescing path $.postgresql.readReplicas.hostNetwork
[INFO] Coalescing path $.postgresql.readReplicas.initContainers
[INFO] Coalescing path $.postgresql.readReplicas.labels
[INFO] Coalescing path $.postgresql.readReplicas.lifecycleHooks
[INFO] Coalescing path $.postgresql.readReplicas.nodeSelector
[INFO] Coalescing path $.postgresql.readReplicas.podAffinityPreset
[INFO] Coalescing path $.postgresql.readReplicas.podAnnotations
[INFO] Coalescing path $.postgresql.readReplicas.podAntiAffinityPreset
[INFO] Coalescing path $.postgresql.readReplicas.podLabels
[INFO] Coalescing path $.postgresql.readReplicas.podSecurityContext
[INFO] Coalescing path $.postgresql.readReplicas.priorityClassName
[INFO] Coalescing path $.postgresql.readReplicas.replicaCount
[INFO] Coalescing path $.postgresql.readReplicas.resources
[INFO] Coalescing path $.postgresql.readReplicas.schedulerName
[INFO] Coalescing path $.postgresql.readReplicas.sidecars
[INFO] Coalescing path $.postgresql.readReplicas.terminationGracePeriodSeconds
[INFO] Coalescing path $.postgresql.readReplicas.tolerations
[INFO] Coalescing path $.postgresql.readReplicas.topologySpreadConstraints
[INFO] Coalescing path $.postgresql.readReplicas.updateStrategy
[INFO] Coalescing path $.postgresql.replication.applicationName
[INFO] Coalescing path $.postgresql.replication.numSynchronousReplicas
[INFO] Coalescing path $.postgresql.replication.synchronousCommit
[INFO] Coalescing path $.postgresql.serviceAccount.annotations
[INFO] Coalescing path $.postgresql.serviceAccount.automountServiceAccountToken
[INFO] Coalescing path $.postgresql.serviceAccount.create
[INFO] Coalescing path $.postgresql.serviceBindings.enabled
[INFO] Coalescing path $.postgresql.shmVolume.enabled
[INFO] Coalescing path $.postgresql.shmVolume.sizeLimit
[INFO] Coalescing path $.postgresql.tls.autoGenerated
[INFO] Coalescing path $.postgresql.tls.certCAFilename
[INFO] Coalescing path $.postgresql.tls.crlFilename
[INFO] Coalescing path $.postgresql.tls.enabled
[INFO] Coalescing path $.postgresql.tls.preferServerCiphers
[INFO] Coalescing path $.postgresql.volumePermissions.enabled
[INFO] Coalescing path $.postgresql.volumePermissions.image
[INFO] Coalescing path $.redis.auth.enabled
[INFO] Coalescing path $.redis.auth.existingSecret
[INFO] Coalescing path $.redis.auth.sentinel
[INFO] Coalescing path $.redis.auth.usePasswordFileFromSecret
[INFO] Coalescing path $.redis.auth.usePasswordFiles
[INFO] Coalescing path $.redis.diagnosticMode.args
[INFO] Coalescing path $.redis.diagnosticMode.command
[INFO] Coalescing path $.redis.diagnosticMode.enabled
[INFO] Coalescing path $.redis.extraDeploy[*]
[INFO] Coalescing path $.redis.image.debug
[INFO] Coalescing path $.redis.image.pullPolicy
[INFO] Coalescing path $.redis.kubectl.command
[INFO] Coalescing path $.redis.kubectl.containerSecurityContext
[INFO] Coalescing path $.redis.kubectl.image
[INFO] Coalescing path $.redis.kubectl.resources
[INFO] Coalescing path $.redis.master.affinity
[INFO] Coalescing path $.redis.master.annotations
[INFO] Coalescing path $.redis.master.automountServiceAccountToken
[INFO] Coalescing path $.redis.master.configuration
[INFO] Coalescing path $.redis.master.containerSecurityContext
[INFO] Coalescing path $.redis.master.count
[INFO] Coalescing path $.redis.master.customLivenessProbe
[INFO] Coalescing path $.redis.master.customReadinessProbe
[INFO] Coalescing path $.redis.master.customStartupProbe
[INFO] Coalescing path $.redis.master.disableCommands
[INFO] Coalescing path $.redis.master.dnsConfig
[INFO] Coalescing path $.redis.master.dnsPolicy
[INFO] Coalescing path $.redis.master.enableServiceLinks
[INFO] Coalescing path $.redis.master.extraEnvVars
[INFO] Coalescing path $.redis.master.extraEnvVarsCM
[INFO] Coalescing path $.redis.master.extraEnvVarsSecret
[INFO] Coalescing path $.redis.master.extraPodSpec
[INFO] Coalescing path $.redis.master.extraVolumeMounts
[INFO] Coalescing path $.redis.master.extraVolumes
[INFO] Coalescing path $.redis.master.hostAliases
[INFO] Coalescing path $.redis.master.initContainers
[INFO] Coalescing path $.redis.master.kind
[INFO] Coalescing path $.redis.master.lifecycleHooks
[INFO] Coalescing path $.redis.master.minReadySeconds
[INFO] Coalescing path $.redis.master.nodeSelector
[INFO] Coalescing path $.redis.master.pdb
[INFO] Coalescing path $.redis.master.persistence
[INFO] Coalescing path $.redis.master.podAffinityPreset
[INFO] Coalescing path $.redis.master.podAnnotations
[INFO] Coalescing path $.redis.master.podAntiAffinityPreset
[INFO] Coalescing path $.redis.master.podLabels
[INFO] Coalescing path $.redis.master.podSecurityContext
[INFO] Coalescing path $.redis.master.priorityClassName
[INFO] Coalescing path $.redis.master.resources
[INFO] Coalescing path $.redis.master.revisionHistoryLimit
[INFO] Coalescing path $.redis.master.schedulerName
[INFO] Coalescing path $.redis.master.shareProcessNamespace
[INFO] Coalescing path $.redis.master.sidecars
[INFO] Coalescing path $.redis.master.terminationGracePeriodSeconds
[INFO] Coalescing path $.redis.master.tolerations
[INFO] Coalescing path $.redis.master.topologySpreadConstraints
[INFO] Coalescing path $.redis.master.updateStrategy
[INFO] Coalescing path $.redis.metrics.containerSecurityContext
[INFO] Coalescing path $.redis.metrics.customLivenessProbe
[INFO] Coalescing path $.redis.metrics.customReadinessProbe
[INFO] Coalescing path $.redis.metrics.customStartupProbe
[INFO] Coalescing path $.redis.metrics.enabled
[INFO] Coalescing path $.redis.metrics.extraEnvVars
[INFO] Coalescing path $.redis.metrics.extraVolumeMounts
[INFO] Coalescing path $.redis.metrics.extraVolumes
[INFO] Coalescing path $.redis.metrics.image
[INFO] Coalescing path $.redis.metrics.podAnnotations
[INFO] Coalescing path $.redis.metrics.podLabels
[INFO] Coalescing path $.redis.metrics.redisTargetHost
[INFO] Coalescing path $.redis.metrics.resources
[INFO] Coalescing path $.redis.networkPolicy.allowExternal
[INFO] Coalescing path $.redis.networkPolicy.allowExternalEgress
[INFO] Coalescing path $.redis.networkPolicy.enabled
[INFO] Coalescing path $.redis.networkPolicy.extraIngress
[INFO] Coalescing path $.redis.networkPolicy.ingressNSMatchLabels
[INFO] Coalescing path $.redis.networkPolicy.ingressNSPodMatchLabels
[INFO] Coalescing path $.redis.podSecurityPolicy.create
[INFO] Coalescing path $.redis.podSecurityPolicy.enabled
[INFO] Coalescing path $.redis.rbac.create
[INFO] Coalescing path $.redis.rbac.rules
[INFO] Coalescing path $.redis.replica.affinity
[INFO] Coalescing path $.redis.replica.annotations
[INFO] Coalescing path $.redis.replica.automountServiceAccountToken
[INFO] Coalescing path $.redis.replica.command
[INFO] Coalescing path $.redis.replica.configuration
[INFO] Coalescing path $.redis.replica.containerSecurityContext
[INFO] Coalescing path $.redis.replica.customLivenessProbe
[INFO] Coalescing path $.redis.replica.customReadinessProbe
[INFO] Coalescing path $.redis.replica.customStartupProbe
[INFO] Coalescing path $.redis.replica.disableCommands
[INFO] Coalescing path $.redis.replica.dnsConfig
[INFO] Coalescing path $.redis.replica.dnsPolicy
[INFO] Coalescing path $.redis.replica.enableServiceLinks
[INFO] Coalescing path $.redis.replica.extraEnvVars
[INFO] Coalescing path $.redis.replica.extraEnvVarsCM
[INFO] Coalescing path $.redis.replica.extraEnvVarsSecret
[INFO] Coalescing path $.redis.replica.extraFlags
[INFO] Coalescing path $.redis.replica.extraPodSpec
[INFO] Coalescing path $.redis.replica.extraVolumeMounts
[INFO] Coalescing path $.redis.replica.extraVolumes
[INFO] Coalescing path $.redis.replica.hostAliases
[INFO] Coalescing path $.redis.replica.initContainers
[INFO] Coalescing path $.redis.replica.kind
[INFO] Coalescing path $.redis.replica.lifecycleHooks
[INFO] Coalescing path $.redis.replica.minReadySeconds
[INFO] Coalescing path $.redis.replica.nodeSelector
[INFO] Coalescing path $.redis.replica.pdb
[INFO] Coalescing path $.redis.replica.podAffinityPreset
[INFO] Coalescing path $.redis.replica.podAnnotations
[INFO] Coalescing path $.redis.replica.podAntiAffinityPreset
[INFO] Coalescing path $.redis.replica.podLabels
[INFO] Coalescing path $.redis.replica.podManagementPolicy
[INFO] Coalescing path $.redis.replica.podSecurityContext
[INFO] Coalescing path $.redis.replica.preExecCmds
[INFO] Coalescing path $.redis.replica.priorityClassName
[INFO] Coalescing path $.redis.replica.replicaCount
[INFO] Coalescing path $.redis.replica.resources
[INFO] Coalescing path $.redis.replica.revisionHistoryLimit
[INFO] Coalescing path $.redis.replica.schedulerName
[INFO] Coalescing path $.redis.replica.shareProcessNamespace
[INFO] Coalescing path $.redis.replica.sidecars
[INFO] Coalescing path $.redis.replica.terminationGracePeriodSeconds
[INFO] Coalescing path $.redis.replica.tolerations
[INFO] Coalescing path $.redis.replica.topologySpreadConstraints
[INFO] Coalescing path $.redis.replica.updateStrategy
[INFO] Coalescing path $.redis.sentinel.annotations
[INFO] Coalescing path $.redis.sentinel.automateClusterRecovery
[INFO] Coalescing path $.redis.sentinel.commonAnnotations
[INFO] Coalescing path $.redis.sentinel.commonLabels
[INFO] Coalescing path $.redis.sentinel.configuration
[INFO] Coalescing path $.redis.sentinel.containerSecurityContext
[INFO] Coalescing path $.redis.sentinel.customLivenessProbe
[INFO] Coalescing path $.redis.sentinel.customReadinessProbe
[INFO] Coalescing path $.redis.sentinel.customStartupProbe
[INFO] Coalescing path $.redis.sentinel.downAfterMilliseconds
[INFO] Coalescing path $.redis.sentinel.enableServiceLinks
[INFO] Coalescing path $.redis.sentinel.enabled
[INFO] Coalescing path $.redis.sentinel.extraEnvVars
[INFO] Coalescing path $.redis.sentinel.extraEnvVarsCM
[INFO] Coalescing path $.redis.sentinel.extraEnvVarsSecret
[INFO] Coalescing path $.redis.sentinel.extraPodSpec
[INFO] Coalescing path $.redis.sentinel.extraVolumeMounts
[INFO] Coalescing path $.redis.sentinel.extraVolumes
[INFO] Coalescing path $.redis.sentinel.failoverTimeout
[INFO] Coalescing path $.redis.sentinel.getMasterTimeout
[INFO] Coalescing path $.redis.sentinel.image
[INFO] Coalescing path $.redis.sentinel.lifecycleHooks
[INFO] Coalescing path $.redis.sentinel.masterService
[INFO] Coalescing path $.redis.sentinel.masterSet
[INFO] Coalescing path $.redis.sentinel.parallelSyncs
[INFO] Coalescing path $.redis.sentinel.preExecCmds
[INFO] Coalescing path $.redis.sentinel.quorum
[INFO] Coalescing path $.redis.sentinel.redisShutdownWaitFailover
[INFO] Coalescing path $.redis.sentinel.resources
[INFO] Coalescing path $.redis.sentinel.service
[INFO] Coalescing path $.redis.sentinel.terminationGracePeriodSeconds
[INFO] Coalescing path $.redis.serviceAccount.annotations
[INFO] Coalescing path $.redis.serviceAccount.automountServiceAccountToken
[INFO] Coalescing path $.redis.serviceAccount.create
[INFO] Coalescing path $.redis.serviceBindings.enabled
[INFO] Coalescing path $.redis.sysctl.command
[INFO] Coalescing path $.redis.sysctl.enabled
[INFO] Coalescing path $.redis.sysctl.image
[INFO] Coalescing path $.redis.sysctl.mountHostSys
[INFO] Coalescing path $.redis.sysctl.resources
[INFO] Coalescing path $.redis.tls.authClients
[INFO] Coalescing path $.redis.tls.dhParamsFilename
[INFO] Coalescing path $.redis.tls.enabled
[INFO] Coalescing path $.redis.useExternalDNS.enabled
[INFO] Coalescing path $.redis.volumePermissions.containerSecurityContext
[INFO] Coalescing path $.redis.volumePermissions.enabled
[INFO] Coalescing path $.redis.volumePermissions.extraEnvVars
[INFO] Coalescing path $.redis.volumePermissions.image
[INFO] Coalescing path $.redis.volumePermissions.resources
[INFO] Coalescing path $.scheduler.containerSecurityContext.enabled
[INFO] Coalescing path $.scheduler.ephemeral.accessModes
[INFO] Coalescing path $.scheduler.ephemeral.annotations
[INFO] Coalescing path $.scheduler.ephemeral.enabled
[INFO] Coalescing path $.scheduler.ephemeral.size
[INFO] Coalescing path $.scheduler.extraEnvVarsCMs[*]
[INFO] Coalescing path $.scheduler.extraEnvVarsSecrets[*]
[INFO] Coalescing path $.scheduler.networkPolicy.allowExternal
[INFO] Coalescing path $.scheduler.networkPolicy.allowExternalEgress
[INFO] Coalescing path $.scheduler.networkPolicy.enabled
[INFO] Coalescing path $.scheduler.networkPolicy.extraEgress
[INFO] Coalescing path $.scheduler.networkPolicy.extraIngress
[INFO] Coalescing path $.scheduler.networkPolicy.ingressNSMatchLabels
[INFO] Coalescing path $.scheduler.networkPolicy.ingressNSPodMatchLabels
[INFO] Coalescing path $.scheduler.nodeAffinityPreset.key
[INFO] Coalescing path $.scheduler.nodeAffinityPreset.type
[INFO] Coalescing path $.scheduler.nodeAffinityPreset.values
[INFO] Coalescing path $.scheduler.pdb.create
[INFO] Coalescing path $.scheduler.pdb.maxUnavailable
[INFO] Coalescing path $.scheduler.pdb.minAvailable
[INFO] Coalescing path $.scheduler.podSecurityContext.enabled
[INFO] Coalescing path $.service.nodePorts.http
[INFO] Coalescing path $.service.ports.http
[INFO] Coalescing path $.setupDBJob.containerSecurityContext.enabled
[INFO] Coalescing path $.setupDBJob.ephemeral.accessModes
[INFO] Coalescing path $.setupDBJob.ephemeral.annotations
[INFO] Coalescing path $.setupDBJob.ephemeral.enabled
[INFO] Coalescing path $.setupDBJob.ephemeral.size
[INFO] Coalescing path $.setupDBJob.nodeAffinityPreset.key
[INFO] Coalescing path $.setupDBJob.nodeAffinityPreset.type
[INFO] Coalescing path $.setupDBJob.nodeAffinityPreset.values
[INFO] Coalescing path $.setupDBJob.podSecurityContext.enabled
[INFO] Coalescing path $.triggerer.containerPorts.logs
[INFO] Coalescing path $.triggerer.containerSecurityContext.enabled
[INFO] Coalescing path $.triggerer.ephemeral.accessModes
[INFO] Coalescing path $.triggerer.ephemeral.annotations
[INFO] Coalescing path $.triggerer.ephemeral.enabled
[INFO] Coalescing path $.triggerer.ephemeral.size
[INFO] Coalescing path $.triggerer.extraEnvVarsCMs[*]
[INFO] Coalescing path $.triggerer.networkPolicy.allowExternal
[INFO] Coalescing path $.triggerer.networkPolicy.allowExternalEgress
[INFO] Coalescing path $.triggerer.networkPolicy.enabled
[INFO] Coalescing path $.triggerer.networkPolicy.extraEgress
[INFO] Coalescing path $.triggerer.networkPolicy.extraIngress
[INFO] Coalescing path $.triggerer.networkPolicy.ingressNSMatchLabels
[INFO] Coalescing path $.triggerer.networkPolicy.ingressNSPodMatchLabels
[INFO] Coalescing path $.triggerer.nodeAffinityPreset.key
[INFO] Coalescing path $.triggerer.nodeAffinityPreset.type
[INFO] Coalescing path $.triggerer.nodeAffinityPreset.values
[INFO] Coalescing path $.triggerer.pdb.create
[INFO] Coalescing path $.triggerer.pdb.maxUnavailable
[INFO] Coalescing path $.triggerer.pdb.minAvailable
[INFO] Coalescing path $.triggerer.persistence.enabled
[INFO] Coalescing path $.triggerer.persistence.existingClaim
[INFO] Coalescing path $.triggerer.podSecurityContext.enabled
[INFO] Coalescing path $.triggerer.service.annotations
[INFO] Coalescing path $.triggerer.service.clusterIP
[INFO] Coalescing path $.triggerer.service.externalTrafficPolicy
[INFO] Coalescing path $.triggerer.service.extraPorts
[INFO] Coalescing path $.triggerer.service.loadBalancerIP
[INFO] Coalescing path $.triggerer.service.loadBalancerSourceRanges
[INFO] Coalescing path $.triggerer.service.sessionAffinity
[INFO] Coalescing path $.triggerer.service.sessionAffinityConfig
[INFO] Coalescing path $.triggerer.service.type
[INFO] Coalescing path $.web.containerPorts.http
[INFO] Coalescing path $.web.containerSecurityContext.enabled
[INFO] Coalescing path $.web.ephemeral.accessModes
[INFO] Coalescing path $.web.ephemeral.annotations
[INFO] Coalescing path $.web.ephemeral.enabled
[INFO] Coalescing path $.web.ephemeral.size
[INFO] Coalescing path $.web.extraEnvVarsCMs[*]
[INFO] Coalescing path $.web.extraEnvVarsSecrets[*]
[INFO] Coalescing path $.web.networkPolicy.allowExternal
[INFO] Coalescing path $.web.networkPolicy.allowExternalEgress
[INFO] Coalescing path $.web.networkPolicy.enabled
[INFO] Coalescing path $.web.networkPolicy.extraEgress
[INFO] Coalescing path $.web.networkPolicy.extraIngress
[INFO] Coalescing path $.web.networkPolicy.ingressNSMatchLabels
[INFO] Coalescing path $.web.networkPolicy.ingressNSPodMatchLabels
[INFO] Coalescing path $.web.nodeAffinityPreset.key
[INFO] Coalescing path $.web.nodeAffinityPreset.type
[INFO] Coalescing path $.web.nodeAffinityPreset.values
[INFO] Coalescing path $.web.pdb.create
[INFO] Coalescing path $.web.pdb.maxUnavailable
[INFO] Coalescing path $.web.pdb.minAvailable
[INFO] Coalescing path $.web.podSecurityContext.enabled
[INFO] Coalescing path $.web.tls.enabled
[INFO] Coalescing path $.worker.autoscaling.enabled
[INFO] Coalescing path $.worker.autoscaling.maxReplicas
[INFO] Coalescing path $.worker.autoscaling.minReplicas
[INFO] Coalescing path $.worker.autoscaling.targetCPU
[INFO] Coalescing path $.worker.autoscaling.targetMemory
[INFO] Coalescing path $.worker.containerPorts.http
[INFO] Coalescing path $.worker.containerSecurityContext.enabled
[INFO] Coalescing path $.worker.ephemeral.accessModes
[INFO] Coalescing path $.worker.ephemeral.annotations
[INFO] Coalescing path $.worker.ephemeral.enabled
[INFO] Coalescing path $.worker.ephemeral.size
[INFO] Coalescing path $.worker.extraEnvVarsCMs[*]
[INFO] Coalescing path $.worker.extraEnvVarsSecrets[*]
[INFO] Coalescing path $.worker.networkPolicy.allowExternal
[INFO] Coalescing path $.worker.networkPolicy.allowExternalEgress
[INFO] Coalescing path $.worker.networkPolicy.enabled
[INFO] Coalescing path $.worker.networkPolicy.extraEgress
[INFO] Coalescing path $.worker.networkPolicy.extraIngress
[INFO] Coalescing path $.worker.networkPolicy.ingressNSMatchLabels
[INFO] Coalescing path $.worker.networkPolicy.ingressNSPodMatchLabels
[INFO] Coalescing path $.worker.nodeAffinityPreset.key
[INFO] Coalescing path $.worker.nodeAffinityPreset.type
[INFO] Coalescing path $.worker.nodeAffinityPreset.values
[INFO] Coalescing path $.worker.pdb.create
[INFO] Coalescing path $.worker.pdb.maxUnavailable
[INFO] Coalescing path $.worker.pdb.minAvailable
[INFO] Coalescing path $.worker.podSecurityContext.enabled
[INFO] Coalescing path $.dagProcessor.autoscaling.hpa.enabled
[INFO] Coalescing path $.dagProcessor.autoscaling.hpa.maxReplicas
[INFO] Coalescing path $.dagProcessor.autoscaling.hpa.minReplicas
[INFO] Coalescing path $.dagProcessor.autoscaling.hpa.targetCPU
[INFO] Coalescing path $.dagProcessor.autoscaling.hpa.targetMemory
[INFO] Coalescing path $.dagProcessor.autoscaling.vpa.annotations
[INFO] Coalescing path $.dagProcessor.autoscaling.vpa.controlledResources
[INFO] Coalescing path $.dagProcessor.autoscaling.vpa.enabled
[INFO] Coalescing path $.dagProcessor.autoscaling.vpa.maxAllowed
[INFO] Coalescing path $.dagProcessor.autoscaling.vpa.minAllowed
[INFO] Coalescing path $.dagProcessor.autoscaling.vpa.updatePolicy
[INFO] Coalescing path $.dagProcessor.ephemeral.accessModes[*]
[INFO] Coalescing path $.dagProcessor.networkPolicy.ingressNSMatchLabels[*]
[INFO] Coalescing path $.dagProcessor.networkPolicy.ingressNSPodMatchLabels[*]
[INFO] Coalescing path $.global.postgresql.auth.existingSecret
[INFO] Coalescing path $.global.postgresql.auth.password
[INFO] Coalescing path $.global.postgresql.auth.postgresPassword
[INFO] Coalescing path $.ingress.extraHosts[*].name
[INFO] Coalescing path $.ingress.extraHosts[*].path
[INFO] Coalescing path $.ingress.extraHosts[*].pathType
[INFO] Coalescing path $.ingress.secrets[*].certificate
[INFO] Coalescing path $.ingress.secrets[*].key
[INFO] Coalescing path $.ingress.secrets[*].name
[INFO] Coalescing path $.metrics.ephemeral.accessModes[*]
[INFO] Coalescing path $.metrics.networkPolicy.ingressNSMatchLabels[*]
[INFO] Coalescing path $.metrics.networkPolicy.ingressNSPodMatchLabels[*]
[INFO] Coalescing path $.metrics.service.ports.ingest
[INFO] Coalescing path $.metrics.service.ports.metrics
[INFO] Coalescing path $.postgresql.auth.secretKeys.adminPasswordKey
[INFO] Coalescing path $.postgresql.auth.secretKeys.replicationPasswordKey
[INFO] Coalescing path $.postgresql.auth.secretKeys.userPasswordKey
[INFO] Coalescing path $.postgresql.backup.cronjob.annotations
[INFO] Coalescing path $.postgresql.backup.cronjob.command
[INFO] Coalescing path $.postgresql.backup.cronjob.concurrencyPolicy
[INFO] Coalescing path $.postgresql.backup.cronjob.containerSecurityContext
[INFO] Coalescing path $.postgresql.backup.cronjob.extraVolumeMounts
[INFO] Coalescing path $.postgresql.backup.cronjob.extraVolumes
[INFO] Coalescing path $.postgresql.backup.cronjob.failedJobsHistoryLimit
[INFO] Coalescing path $.postgresql.backup.cronjob.labels
[INFO] Coalescing path $.postgresql.backup.cronjob.nodeSelector
[INFO] Coalescing path $.postgresql.backup.cronjob.podLabels
[INFO] Coalescing path $.postgresql.backup.cronjob.resources
[INFO] Coalescing path $.postgresql.backup.cronjob.restartPolicy
[INFO] Coalescing path $.postgresql.backup.cronjob.schedule
[INFO] Coalescing path $.postgresql.backup.cronjob.startingDeadlineSeconds
[INFO] Coalescing path $.postgresql.backup.cronjob.storage
[INFO] Coalescing path $.postgresql.backup.cronjob.successfulJobsHistoryLimit
[INFO] Coalescing path $.postgresql.backup.cronjob.timeZone
[INFO] Coalescing path $.postgresql.backup.cronjob.tolerations
[INFO] Coalescing path $.postgresql.backup.cronjob.ttlSecondsAfterFinished
[INFO] Coalescing path $.postgresql.metrics.containerPorts.metrics
[INFO] Coalescing path $.postgresql.metrics.containerSecurityContext.enabled
[INFO] Coalescing path $.postgresql.metrics.image.pullPolicy
[INFO] Coalescing path $.postgresql.metrics.prometheusRule.enabled
[INFO] Coalescing path $.postgresql.metrics.prometheusRule.labels
[INFO] Coalescing path $.postgresql.metrics.prometheusRule.namespace
[INFO] Coalescing path $.postgresql.metrics.prometheusRule.rules
[INFO] Coalescing path $.postgresql.metrics.service.annotations
[INFO] Coalescing path $.postgresql.metrics.service.clusterIP
[INFO] Coalescing path $.postgresql.metrics.service.sessionAffinity
[INFO] Coalescing path $.postgresql.metrics.serviceMonitor.enabled
[INFO] Coalescing path $.postgresql.metrics.serviceMonitor.honorLabels
[INFO] Coalescing path $.postgresql.metrics.serviceMonitor.interval
[INFO] Coalescing path $.postgresql.metrics.serviceMonitor.jobLabel
[INFO] Coalescing path $.postgresql.metrics.serviceMonitor.labels
[INFO] Coalescing path $.postgresql.metrics.serviceMonitor.metricRelabelings
[INFO] Coalescing path $.postgresql.metrics.serviceMonitor.namespace
[INFO] Coalescing path $.postgresql.metrics.serviceMonitor.relabelings
[INFO] Coalescing path $.postgresql.metrics.serviceMonitor.scrapeTimeout
[INFO] Coalescing path $.postgresql.metrics.serviceMonitor.selector
[INFO] Coalescing path $.postgresql.passwordUpdateJob.containerSecurityContext.enabled
[INFO] Coalescing path $.postgresql.passwordUpdateJob.podSecurityContext.enabled
[INFO] Coalescing path $.postgresql.passwordUpdateJob.previousPasswords.existingSecret
[INFO] Coalescing path $.postgresql.passwordUpdateJob.previousPasswords.password
[INFO] Coalescing path $.postgresql.passwordUpdateJob.previousPasswords.postgresPassword
[INFO] Coalescing path $.postgresql.passwordUpdateJob.previousPasswords.replicationPassword
[INFO] Coalescing path $.postgresql.primary.containerSecurityContext.enabled
[INFO] Coalescing path $.postgresql.primary.containerSecurityContext.runAsUser
[INFO] Coalescing path $.postgresql.primary.initdb.args
[INFO] Coalescing path $.postgresql.primary.initdb.password
[INFO] Coalescing path $.postgresql.primary.initdb.postgresqlWalDir
[INFO] Coalescing path $.postgresql.primary.initdb.scripts
[INFO] Coalescing path $.postgresql.primary.initdb.scriptsConfigMap
[INFO] Coalescing path $.postgresql.primary.initdb.scriptsSecret
[INFO] Coalescing path $.postgresql.primary.initdb.user
[INFO] Coalescing path $.postgresql.primary.networkPolicy.allowExternal
[INFO] Coalescing path $.postgresql.primary.networkPolicy.allowExternalEgress
[INFO] Coalescing path $.postgresql.primary.networkPolicy.enabled
[INFO] Coalescing path $.postgresql.primary.networkPolicy.extraEgress
[INFO] Coalescing path $.postgresql.primary.networkPolicy.extraIngress
[INFO] Coalescing path $.postgresql.primary.networkPolicy.ingressNSMatchLabels
[INFO] Coalescing path $.postgresql.primary.networkPolicy.ingressNSPodMatchLabels
[INFO] Coalescing path $.postgresql.primary.nodeAffinityPreset.key
[INFO] Coalescing path $.postgresql.primary.nodeAffinityPreset.type
[INFO] Coalescing path $.postgresql.primary.nodeAffinityPreset.values
[INFO] Coalescing path $.postgresql.primary.pdb.create
[INFO] Coalescing path $.postgresql.primary.pdb.maxUnavailable
[INFO] Coalescing path $.postgresql.primary.pdb.minAvailable
[INFO] Coalescing path $.postgresql.primary.persistence.enabled
[INFO] Coalescing path $.postgresql.primary.persistence.existingClaim
[INFO] Coalescing path $.postgresql.primary.persistence.mountPath
[INFO] Coalescing path $.postgresql.primary.persistence.subPath
[INFO] Coalescing path $.postgresql.primary.persistence.volumeName
[INFO] Coalescing path $.postgresql.primary.podSecurityContext.enabled
[INFO] Coalescing path $.postgresql.primary.preInitDb.scripts
[INFO] Coalescing path $.postgresql.primary.preInitDb.scriptsConfigMap
[INFO] Coalescing path $.postgresql.primary.preInitDb.scriptsSecret
[INFO] Coalescing path $.postgresql.primary.service.annotations
[INFO] Coalescing path $.postgresql.primary.service.clusterIP
[INFO] Coalescing path $.postgresql.primary.service.externalTrafficPolicy
[INFO] Coalescing path $.postgresql.primary.service.extraPorts
[INFO] Coalescing path $.postgresql.primary.service.labels
[INFO] Coalescing path $.postgresql.primary.service.loadBalancerClass
[INFO] Coalescing path $.postgresql.primary.service.loadBalancerIP
[INFO] Coalescing path $.postgresql.primary.service.loadBalancerSourceRanges
[INFO] Coalescing path $.postgresql.primary.service.sessionAffinity
[INFO] Coalescing path $.postgresql.primary.service.sessionAffinityConfig
[INFO] Coalescing path $.postgresql.primary.service.type
[INFO] Coalescing path $.postgresql.primary.standby.enabled
[INFO] Coalescing path $.postgresql.primary.standby.primaryHost
[INFO] Coalescing path $.postgresql.primary.standby.primaryPort
[INFO] Coalescing path $.postgresql.readReplicas.containerSecurityContext.enabled
[INFO] Coalescing path $.postgresql.readReplicas.networkPolicy.allowExternal
[INFO] Coalescing path $.postgresql.readReplicas.networkPolicy.allowExternalEgress
[INFO] Coalescing path $.postgresql.readReplicas.networkPolicy.enabled
[INFO] Coalescing path $.postgresql.readReplicas.networkPolicy.extraEgress
[INFO] Coalescing path $.postgresql.readReplicas.networkPolicy.extraIngress
[INFO] Coalescing path $.postgresql.readReplicas.networkPolicy.ingressNSMatchLabels
[INFO] Coalescing path $.postgresql.readReplicas.networkPolicy.ingressNSPodMatchLabels
[INFO] Coalescing path $.postgresql.readReplicas.nodeAffinityPreset.key
[INFO] Coalescing path $.postgresql.readReplicas.nodeAffinityPreset.type
[INFO] Coalescing path $.postgresql.readReplicas.nodeAffinityPreset.values
[INFO] Coalescing path $.postgresql.readReplicas.pdb.create
[INFO] Coalescing path $.postgresql.readReplicas.pdb.maxUnavailable
[INFO] Coalescing path $.postgresql.readReplicas.pdb.minAvailable
[INFO] Coalescing path $.postgresql.readReplicas.persistence.enabled
[INFO] Coalescing path $.postgresql.readReplicas.persistence.existingClaim
[INFO] Coalescing path $.postgresql.readReplicas.persistence.mountPath
[INFO] Coalescing path $.postgresql.readReplicas.persistence.subPath
[INFO] Coalescing path $.postgresql.readReplicas.podSecurityContext.enabled
[INFO] Coalescing path $.postgresql.readReplicas.service.annotations
[INFO] Coalescing path $.postgresql.readReplicas.service.clusterIP
[INFO] Coalescing path $.postgresql.readReplicas.service.externalTrafficPolicy
[INFO] Coalescing path $.postgresql.readReplicas.service.extraPorts
[INFO] Coalescing path $.postgresql.readReplicas.service.labels
[INFO] Coalescing path $.postgresql.readReplicas.service.loadBalancerClass
[INFO] Coalescing path $.postgresql.readReplicas.service.loadBalancerIP
[INFO] Coalescing path $.postgresql.readReplicas.service.loadBalancerSourceRanges
[INFO] Coalescing path $.postgresql.readReplicas.service.sessionAffinity
[INFO] Coalescing path $.postgresql.readReplicas.service.sessionAffinityConfig
[INFO] Coalescing path $.postgresql.readReplicas.service.type
[INFO] Coalescing path $.postgresql.volumePermissions.image.pullPolicy
[INFO] Coalescing path $.redis.auth.acl.enabled
[INFO] Coalescing path $.redis.auth.acl.sentinel
[INFO] Coalescing path $.redis.auth.acl.userSecret
[INFO] Coalescing path $.redis.auth.acl.users
[INFO] Coalescing path $.redis.kubectl.containerSecurityContext.enabled
[INFO] Coalescing path $.redis.kubectl.image.pullPolicy
[INFO] Coalescing path $.redis.master.containerPorts.redis
[INFO] Coalescing path $.redis.master.containerSecurityContext.enabled
[INFO] Coalescing path $.redis.master.containerSecurityContext.readOnlyRootFilesystem
[INFO] Coalescing path $.redis.master.containerSecurityContext.runAsUser
[INFO] Coalescing path $.redis.master.disableCommands[*]
[INFO] Coalescing path $.redis.master.nodeAffinityPreset.key
[INFO] Coalescing path $.redis.master.nodeAffinityPreset.type
[INFO] Coalescing path $.redis.master.nodeAffinityPreset.values
[INFO] Coalescing path $.redis.master.persistence.accessModes
[INFO] Coalescing path $.redis.master.persistence.annotations
[INFO] Coalescing path $.redis.master.persistence.dataSource
[INFO] Coalescing path $.redis.master.persistence.enabled
[INFO] Coalescing path $.redis.master.persistence.existingClaim
[INFO] Coalescing path $.redis.master.persistence.labels
[INFO] Coalescing path $.redis.master.persistence.medium
[INFO] Coalescing path $.redis.master.persistence.path
[INFO] Coalescing path $.redis.master.persistence.selector
[INFO] Coalescing path $.redis.master.persistence.size
[INFO] Coalescing path $.redis.master.persistence.sizeLimit
[INFO] Coalescing path $.redis.master.persistence.subPath
[INFO] Coalescing path $.redis.master.podSecurityContext.enabled
[INFO] Coalescing path $.redis.master.podSecurityContext.fsGroup
[INFO] Coalescing path $.redis.master.service.annotations
[INFO] Coalescing path $.redis.master.service.clusterIP
[INFO] Coalescing path $.redis.master.service.externalIPs
[INFO] Coalescing path $.redis.master.service.externalTrafficPolicy
[INFO] Coalescing path $.redis.master.service.extraPorts
[INFO] Coalescing path $.redis.master.service.internalTrafficPolicy
[INFO] Coalescing path $.redis.master.service.loadBalancerClass
[INFO] Coalescing path $.redis.master.service.loadBalancerIP
[INFO] Coalescing path $.redis.master.service.loadBalancerSourceRanges
[INFO] Coalescing path $.redis.master.service.sessionAffinity
[INFO] Coalescing path $.redis.master.service.sessionAffinityConfig
[INFO] Coalescing path $.redis.master.service.type
[INFO] Coalescing path $.redis.master.serviceAccount.annotations
[INFO] Coalescing path $.redis.master.serviceAccount.automountServiceAccountToken
[INFO] Coalescing path $.redis.master.serviceAccount.create
[INFO] Coalescing path $.redis.metrics.containerPorts.http
[INFO] Coalescing path $.redis.metrics.containerSecurityContext.enabled
[INFO] Coalescing path $.redis.metrics.containerSecurityContext.readOnlyRootFilesystem
[INFO] Coalescing path $.redis.metrics.image.pullPolicy
[INFO] Coalescing path $.redis.metrics.podMonitor.additionalEndpoints
[INFO] Coalescing path $.redis.metrics.podMonitor.additionalLabels
[INFO] Coalescing path $.redis.metrics.podMonitor.enabled
[INFO] Coalescing path $.redis.metrics.podMonitor.honorLabels
[INFO] Coalescing path $.redis.metrics.podMonitor.interval
[INFO] Coalescing path $.redis.metrics.podMonitor.metricRelabelings
[INFO] Coalescing path $.redis.metrics.podMonitor.namespace
[INFO] Coalescing path $.redis.metrics.podMonitor.podTargetLabels
[INFO] Coalescing path $.redis.metrics.podMonitor.port
[INFO] Coalescing path $.redis.metrics.podMonitor.relabelings
[INFO] Coalescing path $.redis.metrics.podMonitor.relabellings
[INFO] Coalescing path $.redis.metrics.podMonitor.sampleLimit
[INFO] Coalescing path $.redis.metrics.podMonitor.scrapeTimeout
[INFO] Coalescing path $.redis.metrics.podMonitor.targetLimit
[INFO] Coalescing path $.redis.metrics.prometheusRule.additionalLabels
[INFO] Coalescing path $.redis.metrics.prometheusRule.enabled
[INFO] Coalescing path $.redis.metrics.prometheusRule.namespace
[INFO] Coalescing path $.redis.metrics.prometheusRule.rules
[INFO] Coalescing path $.redis.metrics.service.annotations
[INFO] Coalescing path $.redis.metrics.service.clusterIP
[INFO] Coalescing path $.redis.metrics.service.enabled
[INFO] Coalescing path $.redis.metrics.service.externalTrafficPolicy
[INFO] Coalescing path $.redis.metrics.service.extraPorts
[INFO] Coalescing path $.redis.metrics.service.loadBalancerClass
[INFO] Coalescing path $.redis.metrics.service.loadBalancerIP
[INFO] Coalescing path $.redis.metrics.service.loadBalancerSourceRanges
[INFO] Coalescing path $.redis.metrics.service.port
[INFO] Coalescing path $.redis.metrics.service.type
[INFO] Coalescing path $.redis.metrics.serviceMonitor.additionalEndpoints
[INFO] Coalescing path $.redis.metrics.serviceMonitor.additionalLabels
[INFO] Coalescing path $.redis.metrics.serviceMonitor.enabled
[INFO] Coalescing path $.redis.metrics.serviceMonitor.honorLabels
[INFO] Coalescing path $.redis.metrics.serviceMonitor.interval
[INFO] Coalescing path $.redis.metrics.serviceMonitor.metricRelabelings
[INFO] Coalescing path $.redis.metrics.serviceMonitor.namespace
[INFO] Coalescing path $.redis.metrics.serviceMonitor.podTargetLabels
[INFO] Coalescing path $.redis.metrics.serviceMonitor.port
[INFO] Coalescing path $.redis.metrics.serviceMonitor.relabelings
[INFO] Coalescing path $.redis.metrics.serviceMonitor.relabellings
[INFO] Coalescing path $.redis.metrics.serviceMonitor.sampleLimit
[INFO] Coalescing path $.redis.metrics.serviceMonitor.scrapeTimeout
[INFO] Coalescing path $.redis.metrics.serviceMonitor.targetLimit
[INFO] Coalescing path $.redis.metrics.serviceMonitor.tlsConfig
[INFO] Coalescing path $.redis.networkPolicy.ingressNSMatchLabels[*]
[INFO] Coalescing path $.redis.networkPolicy.ingressNSPodMatchLabels[*]
[INFO] Coalescing path $.redis.networkPolicy.metrics.allowExternal
[INFO] Coalescing path $.redis.networkPolicy.metrics.ingressNSMatchLabels
[INFO] Coalescing path $.redis.networkPolicy.metrics.ingressNSPodMatchLabels
[INFO] Coalescing path $.redis.replica.autoscaling.enabled
[INFO] Coalescing path $.redis.replica.autoscaling.maxReplicas
[INFO] Coalescing path $.redis.replica.autoscaling.minReplicas
[INFO] Coalescing path $.redis.replica.autoscaling.targetCPU
[INFO] Coalescing path $.redis.replica.autoscaling.targetMemory
[INFO] Coalescing path $.redis.replica.containerPorts.redis
[INFO] Coalescing path $.redis.replica.containerSecurityContext.enabled
[INFO] Coalescing path $.redis.replica.containerSecurityContext.readOnlyRootFilesystem
[INFO] Coalescing path $.redis.replica.containerSecurityContext.runAsUser
[INFO] Coalescing path $.redis.replica.disableCommands[*]
[INFO] Coalescing path $.redis.replica.externalMaster.enabled
[INFO] Coalescing path $.redis.replica.externalMaster.host
[INFO] Coalescing path $.redis.replica.externalMaster.port
[INFO] Coalescing path $.redis.replica.extraFlags[*]
[INFO] Coalescing path $.redis.replica.nodeAffinityPreset.key
[INFO] Coalescing path $.redis.replica.nodeAffinityPreset.type
[INFO] Coalescing path $.redis.replica.nodeAffinityPreset.values
[INFO] Coalescing path $.redis.replica.persistence.enabled
[INFO] Coalescing path $.redis.replica.persistence.medium
[INFO] Coalescing path $.redis.replica.persistence.path
[INFO] Coalescing path $.redis.replica.persistence.sizeLimit
[INFO] Coalescing path $.redis.replica.persistence.subPath
[INFO] Coalescing path $.redis.replica.podSecurityContext.enabled
[INFO] Coalescing path $.redis.replica.podSecurityContext.fsGroup
[INFO] Coalescing path $.redis.replica.preExecCmds[*]
[INFO] Coalescing path $.redis.replica.service.annotations
[INFO] Coalescing path $.redis.replica.service.clusterIP
[INFO] Coalescing path $.redis.replica.service.externalTrafficPolicy
[INFO] Coalescing path $.redis.replica.service.extraPorts
[INFO] Coalescing path $.redis.replica.service.internalTrafficPolicy
[INFO] Coalescing path $.redis.replica.service.loadBalancerClass
[INFO] Coalescing path $.redis.replica.service.loadBalancerIP
[INFO] Coalescing path $.redis.replica.service.loadBalancerSourceRanges
[INFO] Coalescing path $.redis.replica.service.sessionAffinity
[INFO] Coalescing path $.redis.replica.service.sessionAffinityConfig
[INFO] Coalescing path $.redis.replica.service.type
[INFO] Coalescing path $.redis.replica.serviceAccount.annotations
[INFO] Coalescing path $.redis.replica.serviceAccount.automountServiceAccountToken
[INFO] Coalescing path $.redis.replica.serviceAccount.create
[INFO] Coalescing path $.redis.sentinel.containerPorts.sentinel
[INFO] Coalescing path $.redis.sentinel.containerSecurityContext.enabled
[INFO] Coalescing path $.redis.sentinel.containerSecurityContext.readOnlyRootFilesystem
[INFO] Coalescing path $.redis.sentinel.externalAccess.enabled
[INFO] Coalescing path $.redis.sentinel.externalMaster.enabled
[INFO] Coalescing path $.redis.sentinel.externalMaster.host
[INFO] Coalescing path $.redis.sentinel.externalMaster.port
[INFO] Coalescing path $.redis.sentinel.image.debug
[INFO] Coalescing path $.redis.sentinel.image.pullPolicy
[INFO] Coalescing path $.redis.sentinel.masterService.enabled
[INFO] Coalescing path $.redis.sentinel.persistence.enabled
[INFO] Coalescing path $.redis.sentinel.persistence.medium
[INFO] Coalescing path $.redis.sentinel.persistence.sizeLimit
[INFO] Coalescing path $.redis.sentinel.preExecCmds[*]
[INFO] Coalescing path $.redis.sentinel.service.annotations
[INFO] Coalescing path $.redis.sentinel.service.clusterIP
[INFO] Coalescing path $.redis.sentinel.service.createMaster
[INFO] Coalescing path $.redis.sentinel.service.externalTrafficPolicy
[INFO] Coalescing path $.redis.sentinel.service.extraPorts
[INFO] Coalescing path $.redis.sentinel.service.loadBalancerClass
[INFO] Coalescing path $.redis.sentinel.service.loadBalancerIP
[INFO] Coalescing path $.redis.sentinel.service.loadBalancerSourceRanges
[INFO] Coalescing path $.redis.sentinel.service.sessionAffinity
[INFO] Coalescing path $.redis.sentinel.service.sessionAffinityConfig
[INFO] Coalescing path $.redis.sentinel.service.type
[INFO] Coalescing path $.redis.sysctl.image.pullPolicy
[INFO] Coalescing path $.redis.volumePermissions.containerSecurityContext.enabled
[INFO] Coalescing path $.redis.volumePermissions.containerSecurityContext.readOnlyRootFilesystem
[INFO] Coalescing path $.redis.volumePermissions.containerSecurityContext.runAsUser
[INFO] Coalescing path $.redis.volumePermissions.image.pullPolicy
[INFO] Coalescing path $.scheduler.autoscaling.hpa.enabled
[INFO] Coalescing path $.scheduler.autoscaling.hpa.maxReplicas
[INFO] Coalescing path $.scheduler.autoscaling.hpa.minReplicas
[INFO] Coalescing path $.scheduler.autoscaling.hpa.targetCPU
[INFO] Coalescing path $.scheduler.autoscaling.hpa.targetMemory
[INFO] Coalescing path $.scheduler.autoscaling.vpa.annotations
[INFO] Coalescing path $.scheduler.autoscaling.vpa.controlledResources
[INFO] Coalescing path $.scheduler.autoscaling.vpa.enabled
[INFO] Coalescing path $.scheduler.autoscaling.vpa.maxAllowed
[INFO] Coalescing path $.scheduler.autoscaling.vpa.minAllowed
[INFO] Coalescing path $.scheduler.autoscaling.vpa.updatePolicy
[INFO] Coalescing path $.scheduler.ephemeral.accessModes[*]
[INFO] Coalescing path $.scheduler.networkPolicy.ingressNSMatchLabels[*]
[INFO] Coalescing path $.scheduler.networkPolicy.ingressNSPodMatchLabels[*]
[INFO] Coalescing path $.setupDBJob.ephemeral.accessModes[*]
[INFO] Coalescing path $.triggerer.autoscaling.hpa.enabled
[INFO] Coalescing path $.triggerer.autoscaling.hpa.maxReplicas
[INFO] Coalescing path $.triggerer.autoscaling.hpa.minReplicas
[INFO] Coalescing path $.triggerer.autoscaling.hpa.targetCPU
[INFO] Coalescing path $.triggerer.autoscaling.hpa.targetMemory
[INFO] Coalescing path $.triggerer.autoscaling.vpa.annotations
[INFO] Coalescing path $.triggerer.autoscaling.vpa.controlledResources
[INFO] Coalescing path $.triggerer.autoscaling.vpa.enabled
[INFO] Coalescing path $.triggerer.autoscaling.vpa.maxAllowed
[INFO] Coalescing path $.triggerer.autoscaling.vpa.minAllowed
[INFO] Coalescing path $.triggerer.autoscaling.vpa.updatePolicy
[INFO] Coalescing path $.triggerer.ephemeral.accessModes[*]
[INFO] Coalescing path $.triggerer.networkPolicy.ingressNSMatchLabels[*]
[INFO] Coalescing path $.triggerer.networkPolicy.ingressNSPodMatchLabels[*]
[INFO] Coalescing path $.triggerer.service.nodePorts.logs
[INFO] Coalescing path $.triggerer.service.ports.logs
[INFO] Coalescing path $.web.autoscaling.hpa.enabled
[INFO] Coalescing path $.web.autoscaling.hpa.maxReplicas
[INFO] Coalescing path $.web.autoscaling.hpa.minReplicas
[INFO] Coalescing path $.web.autoscaling.hpa.targetCPU
[INFO] Coalescing path $.web.autoscaling.hpa.targetMemory
[INFO] Coalescing path $.web.autoscaling.vpa.annotations
[INFO] Coalescing path $.web.autoscaling.vpa.controlledResources
[INFO] Coalescing path $.web.autoscaling.vpa.enabled
[INFO] Coalescing path $.web.autoscaling.vpa.maxAllowed
[INFO] Coalescing path $.web.autoscaling.vpa.minAllowed
[INFO] Coalescing path $.web.autoscaling.vpa.updatePolicy
[INFO] Coalescing path $.web.ephemeral.accessModes[*]
[INFO] Coalescing path $.web.networkPolicy.ingressNSMatchLabels[*]
[INFO] Coalescing path $.web.networkPolicy.ingressNSPodMatchLabels[*]
[INFO] Coalescing path $.web.tls.autoGenerated.enabled
[INFO] Coalescing path $.web.tls.autoGenerated.engine
[INFO] Coalescing path $.worker.autoscaling.hpa.enabled
[INFO] Coalescing path $.worker.autoscaling.hpa.maxReplicas
[INFO] Coalescing path $.worker.autoscaling.hpa.minReplicas
[INFO] Coalescing path $.worker.autoscaling.hpa.targetCPU
[INFO] Coalescing path $.worker.autoscaling.hpa.targetMemory
[INFO] Coalescing path $.worker.autoscaling.vpa.annotations
[INFO] Coalescing path $.worker.autoscaling.vpa.controlledResources
[INFO] Coalescing path $.worker.autoscaling.vpa.enabled
[INFO] Coalescing path $.worker.autoscaling.vpa.maxAllowed
[INFO] Coalescing path $.worker.autoscaling.vpa.minAllowed
[INFO] Coalescing path $.worker.autoscaling.vpa.updatePolicy
[INFO] Coalescing path $.worker.ephemeral.accessModes[*]
[INFO] Coalescing path $.worker.networkPolicy.ingressNSMatchLabels[*]
[INFO] Coalescing path $.worker.networkPolicy.ingressNSPodMatchLabels[*]
[INFO] Coalescing path $.dagProcessor.autoscaling.vpa.updatePolicy.updateMode
[INFO] Coalescing path $.global.postgresql.auth.secretKeys.adminPasswordKey
[INFO] Coalescing path $.global.postgresql.auth.secretKeys.replicationPasswordKey
[INFO] Coalescing path $.global.postgresql.auth.secretKeys.userPasswordKey
[INFO] Coalescing path $.postgresql.backup.cronjob.containerSecurityContext.enabled
[INFO] Coalescing path $.postgresql.backup.cronjob.networkPolicy.enabled
[INFO] Coalescing path $.postgresql.backup.cronjob.podSecurityContext.enabled
[INFO] Coalescing path $.postgresql.backup.cronjob.podSecurityContext.fsGroup
[INFO] Coalescing path $.postgresql.backup.cronjob.storage.accessModes
[INFO] Coalescing path $.postgresql.backup.cronjob.storage.enabled
[INFO] Coalescing path $.postgresql.backup.cronjob.storage.existingClaim
[INFO] Coalescing path $.postgresql.backup.cronjob.storage.mountPath
[INFO] Coalescing path $.postgresql.backup.cronjob.storage.resourcePolicy
[INFO] Coalescing path $.postgresql.backup.cronjob.storage.size
[INFO] Coalescing path $.postgresql.backup.cronjob.storage.subPath
[INFO] Coalescing path $.postgresql.global.postgresql.auth.existingSecret
[INFO] Coalescing path $.postgresql.global.postgresql.auth.password
[INFO] Coalescing path $.postgresql.global.postgresql.auth.postgresPassword
[INFO] Coalescing path $.postgresql.metrics.service.ports.metrics
[INFO] Coalescing path $.postgresql.primary.networkPolicy.ingressNSMatchLabels[*]
[INFO] Coalescing path $.postgresql.primary.networkPolicy.ingressNSPodMatchLabels[*]
[INFO] Coalescing path $.postgresql.primary.service.headless.annotations
[INFO] Coalescing path $.postgresql.primary.service.nodePorts.postgresql
[INFO] Coalescing path $.postgresql.readReplicas.networkPolicy.ingressNSMatchLabels[*]
[INFO] Coalescing path $.postgresql.readReplicas.networkPolicy.ingressNSPodMatchLabels[*]
[INFO] Coalescing path $.postgresql.readReplicas.service.headless.annotations
[INFO] Coalescing path $.postgresql.readReplicas.service.nodePorts.postgresql
[INFO] Coalescing path $.redis.master.persistence.accessModes[*]
[INFO] Coalescing path $.redis.master.service.nodePorts.redis
[INFO] Coalescing path $.redis.master.service.portNames.redis
[INFO] Coalescing path $.redis.master.service.ports.redis
[INFO] Coalescing path $.redis.metrics.service.ports.http
[INFO] Coalescing path $.redis.networkPolicy.metrics.ingressNSMatchLabels[*]
[INFO] Coalescing path $.redis.networkPolicy.metrics.ingressNSPodMatchLabels[*]
[INFO] Coalescing path $.redis.replica.service.nodePorts.redis
[INFO] Coalescing path $.redis.replica.service.ports.redis
[INFO] Coalescing path $.redis.sentinel.externalAccess.service.annotations
[INFO] Coalescing path $.redis.sentinel.externalAccess.service.disableLoadBalancerIP
[INFO] Coalescing path $.redis.sentinel.externalAccess.service.loadBalancerClass
[INFO] Coalescing path $.redis.sentinel.externalAccess.service.loadBalancerIP
[INFO] Coalescing path $.redis.sentinel.externalAccess.service.loadBalancerIPAnnotaion
[INFO] Coalescing path $.redis.sentinel.externalAccess.service.loadBalancerSourceRanges
[INFO] Coalescing path $.redis.sentinel.externalAccess.service.redisPort
[INFO] Coalescing path $.redis.sentinel.externalAccess.service.sentinelPort
[INFO] Coalescing path $.redis.sentinel.externalAccess.service.type
[INFO] Coalescing path $.redis.sentinel.service.headless.annotations
[INFO] Coalescing path $.redis.sentinel.service.headless.extraPorts
[INFO] Coalescing path $.redis.sentinel.service.nodePorts.redis
[INFO] Coalescing path $.redis.sentinel.service.nodePorts.sentinel
[INFO] Coalescing path $.redis.sentinel.service.ports.redis
[INFO] Coalescing path $.redis.sentinel.service.ports.sentinel
[INFO] Coalescing path $.scheduler.autoscaling.vpa.updatePolicy.updateMode
[INFO] Coalescing path $.triggerer.autoscaling.vpa.updatePolicy.updateMode
[INFO] Coalescing path $.web.autoscaling.vpa.updatePolicy.updateMode
[INFO] Coalescing path $.web.tls.autoGenerated.certManager.duration
[INFO] Coalescing path $.web.tls.autoGenerated.certManager.existingIssuer
[INFO] Coalescing path $.web.tls.autoGenerated.certManager.existingIssuerKind
[INFO] Coalescing path $.web.tls.autoGenerated.certManager.keyAlgorithm
[INFO] Coalescing path $.web.tls.autoGenerated.certManager.keySize
[INFO] Coalescing path $.web.tls.autoGenerated.certManager.renewBefore
[INFO] Coalescing path $.worker.autoscaling.vpa.updatePolicy.updateMode
[INFO] Coalescing path $.postgresql.backup.cronjob.storage.accessModes[*]
[INFO] Coalescing path $.postgresql.global.postgresql.auth.secretKeys.adminPasswordKey
[INFO] Coalescing path $.postgresql.global.postgresql.auth.secretKeys.replicationPasswordKey
[INFO] Coalescing path $.postgresql.global.postgresql.auth.secretKeys.userPasswordKey
[INFO] Coalescing path $.redis.auth.acl.users[*].channels
[INFO] Coalescing path $.redis.auth.acl.users[*].commands
[INFO] Coalescing path $.redis.auth.acl.users[*].enabled
[INFO] Coalescing path $.redis.auth.acl.users[*].keys
[INFO] Coalescing path $.redis.auth.acl.users[*].password
[INFO] Coalescing path $.redis.auth.acl.users[*].username
[INFO] Coalescing path $.redis.metrics.podMonitor.additionalEndpoints[*].honorLabels
[INFO] Coalescing path $.redis.metrics.podMonitor.additionalEndpoints[*].interval
[INFO] Coalescing path $.redis.metrics.podMonitor.additionalEndpoints[*].metricRelabelings
[INFO] Coalescing path $.redis.metrics.podMonitor.additionalEndpoints[*].params
[INFO] Coalescing path $.redis.metrics.podMonitor.additionalEndpoints[*].path
[INFO] Coalescing path $.redis.metrics.podMonitor.additionalEndpoints[*].port
[INFO] Coalescing path $.redis.metrics.podMonitor.additionalEndpoints[*].relabelings
[INFO] Coalescing path $.redis.metrics.podMonitor.additionalEndpoints[*].relabellings
[INFO] Coalescing path $.redis.metrics.podMonitor.additionalEndpoints[*].scrapeTimeout
[INFO] Coalescing path $.redis.metrics.podMonitor.additionalEndpoints[*].tlsConfig
[INFO] Coalescing path $.redis.metrics.serviceMonitor.additionalEndpoints[*].honorLabels
[INFO] Coalescing path $.redis.metrics.serviceMonitor.additionalEndpoints[*].interval
[INFO] Coalescing path $.redis.metrics.serviceMonitor.additionalEndpoints[*].metricRelabelings
[INFO] Coalescing path $.redis.metrics.serviceMonitor.additionalEndpoints[*].params
[INFO] Coalescing path $.redis.metrics.serviceMonitor.additionalEndpoints[*].path
[INFO] Coalescing path $.redis.metrics.serviceMonitor.additionalEndpoints[*].port
[INFO] Coalescing path $.redis.metrics.serviceMonitor.additionalEndpoints[*].scrapeTimeout
[INFO] Coalescing path $.redis.metrics.serviceMonitor.additionalEndpoints[*].tlsConfig
[INFO] Coalescing path $.redis.sentinel.externalAccess.service.loadBalancerIP[*]
[INFO] Coalescing path $.redis.metrics.podMonitor.additionalEndpoints[*].params[*]
[INFO] Coalescing path $.redis.metrics.serviceMonitor.additionalEndpoints[*].params[*]
[INFO] Coalescing path $.redis.metrics.podMonitor.additionalEndpoints[*].params[*][*]
[INFO] Coalescing path $.redis.metrics.serviceMonitor.additionalEndpoints[*].params[*][*]
[INFO] Discovered 2754 unique value paths; random traversal, seed 0
[INFO] Testing path $.metrics.service.annotations["prometheus.io/scrape"] (1/2754)
[INFO] Compiler input baseline: 1168 statically named fields
[INFO] Render hashes (run-local): 100 observed, 100 unique, 0 duplicate bundles; 0 successful validations reused
[INFO] Testing path $.scheduler.livenessProbe.successThreshold (2/2754)
[INFO] Compiler input baseline: 1168 statically named fields
[INFO] Execution stopped at the 35.654s time limit; coverage is incomplete
[INFO] Render hashes (run-local): 12 observed, 12 unique, 0 duplicate bundles; 0 successful validations reused
[INFO] .: time-limit; testing 313.26s; dependency preparation 1.50s; 0 charts remain
