[INFO] Chart 1/1: .
[INFO] Preparing dependencies for . (excluded from testing budgets)
[INFO] Finite filtering unavailable: permutations need closed objects at (); set additionalProperties: false; filtering generation before value-path traversal
[INFO] Coalescing path $.commonAnnotations
[INFO] Coalescing path $.commonLabels
[INFO] Coalescing path $.development
[INFO] Coalescing path $.extraDeploy
[INFO] Coalescing path $.global
[INFO] Coalescing path $.cas.affinity
[INFO] Coalescing path $.cas.automountServiceAccountToken
[INFO] Coalescing path $.cas.containerSecurityContext
[INFO] Coalescing path $.cas.customCAs
[INFO] Coalescing path $.cas.deploymentAnnotations
[INFO] Coalescing path $.cas.existingConfigMap
[INFO] Coalescing path $.cas.extraEnvVars
[INFO] Coalescing path $.cas.extraEnvVarsCM
[INFO] Coalescing path $.cas.extraEnvVarsSecret
[INFO] Coalescing path $.cas.extraVolumeMounts
[INFO] Coalescing path $.cas.extraVolumes
[INFO] Coalescing path $.cas.hostAliases
[INFO] Coalescing path $.cas.image
[INFO] Coalescing path $.cas.initContainers
[INFO] Coalescing path $.cas.lifecycleHooks
[INFO] Coalescing path $.cas.nodeSelector
[INFO] Coalescing path $.cas.podAffinityPreset
[INFO] Coalescing path $.cas.podAntiAffinityPreset
[INFO] Coalescing path $.cas.podLabels
[INFO] Coalescing path $.cas.podSecurityContext
[INFO] Coalescing path $.cas.priorityClassName
[INFO] Coalescing path $.cas.replicaCount
[INFO] Coalescing path $.cas.resources
[INFO] Coalescing path $.cas.schedulerName
[INFO] Coalescing path $.cas.sentry
[INFO] Coalescing path $.cas.sidecars
[INFO] Coalescing path $.cas.terminationGracePeriodSeconds
[INFO] Coalescing path $.cas.tolerations
[INFO] Coalescing path $.cas.topologySpreadConstraints
[INFO] Coalescing path $.cas.updateStrategy
[INFO] Coalescing path $.controlplane.affinity
[INFO] Coalescing path $.controlplane.automountServiceAccountToken
[INFO] Coalescing path $.controlplane.containerSecurityContext
[INFO] Coalescing path $.controlplane.customCAs
[INFO] Coalescing path $.controlplane.deploymentAnnotations
[INFO] Coalescing path $.controlplane.existingConfigMap
[INFO] Coalescing path $.controlplane.extraEnvVars
[INFO] Coalescing path $.controlplane.extraEnvVarsCM
[INFO] Coalescing path $.controlplane.extraEnvVarsSecret
[INFO] Coalescing path $.controlplane.extraVolumeMounts
[INFO] Coalescing path $.controlplane.extraVolumes
[INFO] Coalescing path $.controlplane.hostAliases
[INFO] Coalescing path $.controlplane.image
[INFO] Coalescing path $.controlplane.initContainers
[INFO] Coalescing path $.controlplane.lifecycleHooks
[INFO] Coalescing path $.controlplane.nodeSelector
[INFO] Coalescing path $.controlplane.onboarding
[INFO] Coalescing path $.controlplane.pluginsDir
[INFO] Coalescing path $.controlplane.podAffinityPreset
[INFO] Coalescing path $.controlplane.podAntiAffinityPreset
[INFO] Coalescing path $.controlplane.podLabels
[INFO] Coalescing path $.controlplane.podSecurityContext
[INFO] Coalescing path $.controlplane.priorityClassName
[INFO] Coalescing path $.controlplane.prometheus_org_metrics
[INFO] Coalescing path $.controlplane.referrerSharedIndex
[INFO] Coalescing path $.controlplane.replicaCount
[INFO] Coalescing path $.controlplane.resources
[INFO] Coalescing path $.controlplane.schedulerName
[INFO] Coalescing path $.controlplane.sentry
[INFO] Coalescing path $.controlplane.sidecars
[INFO] Coalescing path $.controlplane.terminationGracePeriodSeconds
[INFO] Coalescing path $.controlplane.tolerations
[INFO] Coalescing path $.controlplane.topologySpreadConstraints
[INFO] Coalescing path $.controlplane.updateStrategy
[INFO] Coalescing path $.dex.affinity
[INFO] Coalescing path $.dex.args
[INFO] Coalescing path $.dex.automountServiceAccountToken
[INFO] Coalescing path $.dex.command
[INFO] Coalescing path $.dex.containerSecurityContext
[INFO] Coalescing path $.dex.customLivenessProbe
[INFO] Coalescing path $.dex.customReadinessProbe
[INFO] Coalescing path $.dex.customStartupProbe
[INFO] Coalescing path $.dex.extraEnvVars
[INFO] Coalescing path $.dex.extraEnvVarsCM
[INFO] Coalescing path $.dex.extraEnvVarsSecret
[INFO] Coalescing path $.dex.extraVolumeMounts
[INFO] Coalescing path $.dex.extraVolumes
[INFO] Coalescing path $.dex.hostAliases
[INFO] Coalescing path $.dex.image
[INFO] Coalescing path $.dex.initContainers
[INFO] Coalescing path $.dex.lifecycleHooks
[INFO] Coalescing path $.dex.nodeSelector
[INFO] Coalescing path $.dex.podAffinityPreset
[INFO] Coalescing path $.dex.podAnnotations
[INFO] Coalescing path $.dex.podAntiAffinityPreset
[INFO] Coalescing path $.dex.podLabels
[INFO] Coalescing path $.dex.podSecurityContext
[INFO] Coalescing path $.dex.priorityClassName
[INFO] Coalescing path $.dex.replicaCount
[INFO] Coalescing path $.dex.resources
[INFO] Coalescing path $.dex.runtimeClassName
[INFO] Coalescing path $.dex.schedulerName
[INFO] Coalescing path $.dex.shareProcessNamespace
[INFO] Coalescing path $.dex.sidecars
[INFO] Coalescing path $.dex.staticUsers
[INFO] Coalescing path $.dex.tolerations
[INFO] Coalescing path $.dex.topologySpreadConstraints
[INFO] Coalescing path $.dex.updateStrategy
[INFO] Coalescing path $.extraDeploy[*]
[INFO] Coalescing path $.postgresql.architecture
[INFO] Coalescing path $.postgresql.clusterDomain
[INFO] Coalescing path $.postgresql.commonAnnotations
[INFO] Coalescing path $.postgresql.commonLabels
[INFO] Coalescing path $.postgresql.enabled
[INFO] Coalescing path $.postgresql.extraDeploy
[INFO] Coalescing path $.postgresql.global
[INFO] Coalescing path $.postgresql.image
[INFO] Coalescing path $.postgresql.postgresqlDataDir
[INFO] Coalescing path $.postgresql.postgresqlSharedPreloadLibraries
[INFO] Coalescing path $.postgresql.secretAnnotations
[INFO] Coalescing path $.rbac.create
[INFO] Coalescing path $.secretsBackend.backend
[INFO] Coalescing path $.tags["bitnami-common"]
[INFO] Coalescing path $.vault.commonAnnotations
[INFO] Coalescing path $.vault.commonLabels
[INFO] Coalescing path $.vault.extraDeploy
[INFO] Coalescing path $.vault.global
[INFO] Coalescing path $.cas.containerPorts.grpc
[INFO] Coalescing path $.cas.containerPorts.http
[INFO] Coalescing path $.cas.containerPorts.metrics
[INFO] Coalescing path $.cas.containerSecurityContext.enabled
[INFO] Coalescing path $.cas.customCAs[*]
[INFO] Coalescing path $.cas.image.pullPolicy
[INFO] Coalescing path $.cas.ingress.annotations
[INFO] Coalescing path $.cas.ingress.enabled
[INFO] Coalescing path $.cas.ingress.extraHosts
[INFO] Coalescing path $.cas.ingress.extraPaths
[INFO] Coalescing path $.cas.ingress.extraRules
[INFO] Coalescing path $.cas.ingress.extraTls
[INFO] Coalescing path $.cas.ingress.hostname
[INFO] Coalescing path $.cas.ingress.ingressClassName
[INFO] Coalescing path $.cas.ingress.path
[INFO] Coalescing path $.cas.ingress.pathType
[INFO] Coalescing path $.cas.ingress.selfSigned
[INFO] Coalescing path $.cas.ingress.tls
[INFO] Coalescing path $.cas.ingressAPI.annotations
[INFO] Coalescing path $.cas.ingressAPI.enabled
[INFO] Coalescing path $.cas.ingressAPI.extraHosts
[INFO] Coalescing path $.cas.ingressAPI.extraPaths
[INFO] Coalescing path $.cas.ingressAPI.extraRules
[INFO] Coalescing path $.cas.ingressAPI.extraTls
[INFO] Coalescing path $.cas.ingressAPI.hostname
[INFO] Coalescing path $.cas.ingressAPI.ingressClassName
[INFO] Coalescing path $.cas.ingressAPI.path
[INFO] Coalescing path $.cas.ingressAPI.pathType
[INFO] Coalescing path $.cas.ingressAPI.selfSigned
[INFO] Coalescing path $.cas.ingressAPI.tls
[INFO] Coalescing path $.cas.networkPolicy.allowExternal
[INFO] Coalescing path $.cas.networkPolicy.allowExternalEgress
[INFO] Coalescing path $.cas.networkPolicy.enabled
[INFO] Coalescing path $.cas.networkPolicy.extraEgress
[INFO] Coalescing path $.cas.networkPolicy.extraIngress
[INFO] Coalescing path $.cas.networkPolicy.ingressNSMatchLabels
[INFO] Coalescing path $.cas.networkPolicy.ingressNSPodMatchLabels
[INFO] Coalescing path $.cas.nodeAffinityPreset.key
[INFO] Coalescing path $.cas.nodeAffinityPreset.type
[INFO] Coalescing path $.cas.nodeAffinityPreset.values
[INFO] Coalescing path $.cas.pdb.enabled
[INFO] Coalescing path $.cas.pdb.maxUnavailable
[INFO] Coalescing path $.cas.pdb.minAvailable
[INFO] Coalescing path $.cas.podSecurityContext.enabled
[INFO] Coalescing path $.cas.sentry.enabled
[INFO] Coalescing path $.cas.service.annotations
[INFO] Coalescing path $.cas.service.clusterIP
[INFO] Coalescing path $.cas.service.externalTrafficPolicy
[INFO] Coalescing path $.cas.service.extraPorts
[INFO] Coalescing path $.cas.service.loadBalancerIP
[INFO] Coalescing path $.cas.service.loadBalancerSourceRanges
[INFO] Coalescing path $.cas.service.port
[INFO] Coalescing path $.cas.service.sessionAffinity
[INFO] Coalescing path $.cas.service.sessionAffinityConfig
[INFO] Coalescing path $.cas.service.type
[INFO] Coalescing path $.cas.serviceAPI.annotations
[INFO] Coalescing path $.cas.serviceAPI.clusterIP
[INFO] Coalescing path $.cas.serviceAPI.externalTrafficPolicy
[INFO] Coalescing path $.cas.serviceAPI.extraPorts
[INFO] Coalescing path $.cas.serviceAPI.loadBalancerIP
[INFO] Coalescing path $.cas.serviceAPI.loadBalancerSourceRanges
[INFO] Coalescing path $.cas.serviceAPI.port
[INFO] Coalescing path $.cas.serviceAPI.sessionAffinity
[INFO] Coalescing path $.cas.serviceAPI.sessionAffinityConfig
[INFO] Coalescing path $.cas.serviceAPI.type
[INFO] Coalescing path $.cas.serviceAccount.annotations
[INFO] Coalescing path $.cas.serviceAccount.automountServiceAccountToken
[INFO] Coalescing path $.cas.serviceAccount.create
[INFO] Coalescing path $.cas.tls.existingSecret
[INFO] Coalescing path $.controlplane.auth.allowList
[INFO] Coalescing path $.controlplane.containerPorts.grpc
[INFO] Coalescing path $.controlplane.containerPorts.http
[INFO] Coalescing path $.controlplane.containerPorts.metrics
[INFO] Coalescing path $.controlplane.containerSecurityContext.enabled
[INFO] Coalescing path $.controlplane.customCAs[*]
[INFO] Coalescing path $.controlplane.image.pullPolicy
[INFO] Coalescing path $.controlplane.ingress.annotations
[INFO] Coalescing path $.controlplane.ingress.enabled
[INFO] Coalescing path $.controlplane.ingress.extraHosts
[INFO] Coalescing path $.controlplane.ingress.extraPaths
[INFO] Coalescing path $.controlplane.ingress.extraRules
[INFO] Coalescing path $.controlplane.ingress.extraTls
[INFO] Coalescing path $.controlplane.ingress.hostname
[INFO] Coalescing path $.controlplane.ingress.ingressClassName
[INFO] Coalescing path $.controlplane.ingress.path
[INFO] Coalescing path $.controlplane.ingress.pathType
[INFO] Coalescing path $.controlplane.ingress.selfSigned
[INFO] Coalescing path $.controlplane.ingress.tls
[INFO] Coalescing path $.controlplane.ingressAPI.annotations
[INFO] Coalescing path $.controlplane.ingressAPI.enabled
[INFO] Coalescing path $.controlplane.ingressAPI.extraHosts
[INFO] Coalescing path $.controlplane.ingressAPI.extraPaths
[INFO] Coalescing path $.controlplane.ingressAPI.extraRules
[INFO] Coalescing path $.controlplane.ingressAPI.extraTls
[INFO] Coalescing path $.controlplane.ingressAPI.hostname
[INFO] Coalescing path $.controlplane.ingressAPI.ingressClassName
[INFO] Coalescing path $.controlplane.ingressAPI.path
[INFO] Coalescing path $.controlplane.ingressAPI.pathType
[INFO] Coalescing path $.controlplane.ingressAPI.selfSigned
[INFO] Coalescing path $.controlplane.ingressAPI.tls
[INFO] Coalescing path $.controlplane.keylessSigning.backend
[INFO] Coalescing path $.controlplane.keylessSigning.ejbcaCA
[INFO] Coalescing path $.controlplane.keylessSigning.enabled
[INFO] Coalescing path $.controlplane.keylessSigning.fileCA
[INFO] Coalescing path $.controlplane.migration.image
[INFO] Coalescing path $.controlplane.networkPolicy.allowExternal
[INFO] Coalescing path $.controlplane.networkPolicy.allowExternalEgress
[INFO] Coalescing path $.controlplane.networkPolicy.enabled
[INFO] Coalescing path $.controlplane.networkPolicy.extraEgress
[INFO] Coalescing path $.controlplane.networkPolicy.extraIngress
[INFO] Coalescing path $.controlplane.networkPolicy.ingressNSMatchLabels
[INFO] Coalescing path $.controlplane.networkPolicy.ingressNSPodMatchLabels
[INFO] Coalescing path $.controlplane.nodeAffinityPreset.key
[INFO] Coalescing path $.controlplane.nodeAffinityPreset.type
[INFO] Coalescing path $.controlplane.nodeAffinityPreset.values
[INFO] Coalescing path $.controlplane.pdb.enabled
[INFO] Coalescing path $.controlplane.pdb.maxUnavailable
[INFO] Coalescing path $.controlplane.pdb.minAvailable
[INFO] Coalescing path $.controlplane.podSecurityContext.enabled
[INFO] Coalescing path $.controlplane.sentry.enabled
[INFO] Coalescing path $.controlplane.service.annotations
[INFO] Coalescing path $.controlplane.service.clusterIP
[INFO] Coalescing path $.controlplane.service.externalTrafficPolicy
[INFO] Coalescing path $.controlplane.service.extraPorts
[INFO] Coalescing path $.controlplane.service.loadBalancerIP
[INFO] Coalescing path $.controlplane.service.loadBalancerSourceRanges
[INFO] Coalescing path $.controlplane.service.port
[INFO] Coalescing path $.controlplane.service.sessionAffinity
[INFO] Coalescing path $.controlplane.service.sessionAffinityConfig
[INFO] Coalescing path $.controlplane.service.type
[INFO] Coalescing path $.controlplane.serviceAPI.annotations
[INFO] Coalescing path $.controlplane.serviceAPI.clusterIP
[INFO] Coalescing path $.controlplane.serviceAPI.externalTrafficPolicy
[INFO] Coalescing path $.controlplane.serviceAPI.extraPorts
[INFO] Coalescing path $.controlplane.serviceAPI.loadBalancerIP
[INFO] Coalescing path $.controlplane.serviceAPI.loadBalancerSourceRanges
[INFO] Coalescing path $.controlplane.serviceAPI.port
[INFO] Coalescing path $.controlplane.serviceAPI.sessionAffinity
[INFO] Coalescing path $.controlplane.serviceAPI.sessionAffinityConfig
[INFO] Coalescing path $.controlplane.serviceAPI.type
[INFO] Coalescing path $.controlplane.serviceAccount.annotations
[INFO] Coalescing path $.controlplane.serviceAccount.automountServiceAccountToken
[INFO] Coalescing path $.controlplane.serviceAccount.create
[INFO] Coalescing path $.controlplane.tls.existingSecret
[INFO] Coalescing path $.dex.containerPorts.grpc
[INFO] Coalescing path $.dex.containerPorts.http
[INFO] Coalescing path $.dex.containerPorts.metrics
[INFO] Coalescing path $.dex.containerSecurityContext.enabled
[INFO] Coalescing path $.dex.image.pullPolicy
[INFO] Coalescing path $.dex.metrics.enabled
[INFO] Coalescing path $.dex.networkPolicy.allowExternal
[INFO] Coalescing path $.dex.networkPolicy.allowExternalEgress
[INFO] Coalescing path $.dex.networkPolicy.enabled
[INFO] Coalescing path $.dex.networkPolicy.extraEgress
[INFO] Coalescing path $.dex.networkPolicy.extraIngress
[INFO] Coalescing path $.dex.networkPolicy.ingressNSMatchLabels
[INFO] Coalescing path $.dex.networkPolicy.ingressNSPodMatchLabels
[INFO] Coalescing path $.dex.networkPolicy.kubeAPIServerPorts
[INFO] Coalescing path $.dex.nodeAffinityPreset.key
[INFO] Coalescing path $.dex.nodeAffinityPreset.type
[INFO] Coalescing path $.dex.nodeAffinityPreset.values
[INFO] Coalescing path $.dex.pdb.create
[INFO] Coalescing path $.dex.pdb.maxUnavailable
[INFO] Coalescing path $.dex.pdb.minAvailable
[INFO] Coalescing path $.dex.podSecurityContext.enabled
[INFO] Coalescing path $.dex.service.annotations
[INFO] Coalescing path $.dex.service.clusterIP
[INFO] Coalescing path $.dex.service.externalTrafficPolicy
[INFO] Coalescing path $.dex.service.extraPorts
[INFO] Coalescing path $.dex.service.loadBalancerIP
[INFO] Coalescing path $.dex.service.loadBalancerSourceRanges
[INFO] Coalescing path $.dex.service.sessionAffinity
[INFO] Coalescing path $.dex.service.sessionAffinityConfig
[INFO] Coalescing path $.dex.service.type
[INFO] Coalescing path $.dex.serviceAccount.annotations
[INFO] Coalescing path $.dex.serviceAccount.automountServiceAccountToken
[INFO] Coalescing path $.dex.serviceAccount.create
[INFO] Coalescing path $.postgresql.audit.clientMinMessages
[INFO] Coalescing path $.postgresql.audit.logConnections
[INFO] Coalescing path $.postgresql.audit.logDisconnections
[INFO] Coalescing path $.postgresql.audit.logHostname
[INFO] Coalescing path $.postgresql.audit.logLinePrefix
[INFO] Coalescing path $.postgresql.audit.logTimezone
[INFO] Coalescing path $.postgresql.audit.pgAuditLog
[INFO] Coalescing path $.postgresql.audit.pgAuditLogCatalog
[INFO] Coalescing path $.postgresql.auth.enablePostgresUser
[INFO] Coalescing path $.postgresql.auth.existingSecret
[INFO] Coalescing path $.postgresql.auth.password
[INFO] Coalescing path $.postgresql.auth.postgresPassword
[INFO] Coalescing path $.postgresql.auth.replicationPassword
[INFO] Coalescing path $.postgresql.auth.replicationUsername
[INFO] Coalescing path $.postgresql.auth.usePasswordFiles
[INFO] Coalescing path $.postgresql.auth.username
[INFO] Coalescing path $.postgresql.backup.enabled
[INFO] Coalescing path $.postgresql.containerPorts.postgresql
[INFO] Coalescing path $.postgresql.diagnosticMode.args
[INFO] Coalescing path $.postgresql.diagnosticMode.command
[INFO] Coalescing path $.postgresql.diagnosticMode.enabled
[INFO] Coalescing path $.postgresql.extraDeploy[*]
[INFO] Coalescing path $.postgresql.image.debug
[INFO] Coalescing path $.postgresql.image.pullPolicy
[INFO] Coalescing path $.postgresql.ldap.baseDN
[INFO] Coalescing path $.postgresql.ldap.basedn
[INFO] Coalescing path $.postgresql.ldap.bindDN
[INFO] Coalescing path $.postgresql.ldap.bind_password
[INFO] Coalescing path $.postgresql.ldap.binddn
[INFO] Coalescing path $.postgresql.ldap.bindpw
[INFO] Coalescing path $.postgresql.ldap.enabled
[INFO] Coalescing path $.postgresql.ldap.port
[INFO] Coalescing path $.postgresql.ldap.prefix
[INFO] Coalescing path $.postgresql.ldap.scheme
[INFO] Coalescing path $.postgresql.ldap.searchAttribute
[INFO] Coalescing path $.postgresql.ldap.searchFilter
[INFO] Coalescing path $.postgresql.ldap.search_attr
[INFO] Coalescing path $.postgresql.ldap.search_filter
[INFO] Coalescing path $.postgresql.ldap.server
[INFO] Coalescing path $.postgresql.ldap.suffix
[INFO] Coalescing path $.postgresql.ldap.uri
[INFO] Coalescing path $.postgresql.ldap.url
[INFO] Coalescing path $.postgresql.metrics.containerSecurityContext
[INFO] Coalescing path $.postgresql.metrics.customLivenessProbe
[INFO] Coalescing path $.postgresql.metrics.customMetrics
[INFO] Coalescing path $.postgresql.metrics.customReadinessProbe
[INFO] Coalescing path $.postgresql.metrics.customStartupProbe
[INFO] Coalescing path $.postgresql.metrics.enabled
[INFO] Coalescing path $.postgresql.metrics.extraEnvVars
[INFO] Coalescing path $.postgresql.metrics.image
[INFO] Coalescing path $.postgresql.metrics.resources
[INFO] Coalescing path $.postgresql.passwordUpdateJob.annotations
[INFO] Coalescing path $.postgresql.passwordUpdateJob.args
[INFO] Coalescing path $.postgresql.passwordUpdateJob.automountServiceAccountToken
[INFO] Coalescing path $.postgresql.passwordUpdateJob.backoffLimit
[INFO] Coalescing path $.postgresql.passwordUpdateJob.command
[INFO] Coalescing path $.postgresql.passwordUpdateJob.containerSecurityContext
[INFO] Coalescing path $.postgresql.passwordUpdateJob.customLivenessProbe
[INFO] Coalescing path $.postgresql.passwordUpdateJob.customReadinessProbe
[INFO] Coalescing path $.postgresql.passwordUpdateJob.customStartupProbe
[INFO] Coalescing path $.postgresql.passwordUpdateJob.enabled
[INFO] Coalescing path $.postgresql.passwordUpdateJob.extraCommands
[INFO] Coalescing path $.postgresql.passwordUpdateJob.extraEnvVars
[INFO] Coalescing path $.postgresql.passwordUpdateJob.extraEnvVarsCM
[INFO] Coalescing path $.postgresql.passwordUpdateJob.extraEnvVarsSecret
[INFO] Coalescing path $.postgresql.passwordUpdateJob.extraVolumeMounts
[INFO] Coalescing path $.postgresql.passwordUpdateJob.extraVolumes
[INFO] Coalescing path $.postgresql.passwordUpdateJob.hostAliases
[INFO] Coalescing path $.postgresql.passwordUpdateJob.initContainers
[INFO] Coalescing path $.postgresql.passwordUpdateJob.podAnnotations
[INFO] Coalescing path $.postgresql.passwordUpdateJob.podLabels
[INFO] Coalescing path $.postgresql.passwordUpdateJob.podSecurityContext
[INFO] Coalescing path $.postgresql.passwordUpdateJob.resources
[INFO] Coalescing path $.postgresql.primary.affinity
[INFO] Coalescing path $.postgresql.primary.annotations
[INFO] Coalescing path $.postgresql.primary.automountServiceAccountToken
[INFO] Coalescing path $.postgresql.primary.configuration
[INFO] Coalescing path $.postgresql.primary.containerSecurityContext
[INFO] Coalescing path $.postgresql.primary.customLivenessProbe
[INFO] Coalescing path $.postgresql.primary.customReadinessProbe
[INFO] Coalescing path $.postgresql.primary.customStartupProbe
[INFO] Coalescing path $.postgresql.primary.existingConfigmap
[INFO] Coalescing path $.postgresql.primary.existingExtendedConfigmap
[INFO] Coalescing path $.postgresql.primary.extendedConfiguration
[INFO] Coalescing path $.postgresql.primary.extraEnvVars
[INFO] Coalescing path $.postgresql.primary.extraEnvVarsCM
[INFO] Coalescing path $.postgresql.primary.extraEnvVarsSecret
[INFO] Coalescing path $.postgresql.primary.extraPodSpec
[INFO] Coalescing path $.postgresql.primary.extraVolumeMounts
[INFO] Coalescing path $.postgresql.primary.extraVolumes
[INFO] Coalescing path $.postgresql.primary.hostAliases
[INFO] Coalescing path $.postgresql.primary.hostIPC
[INFO] Coalescing path $.postgresql.primary.hostNetwork
[INFO] Coalescing path $.postgresql.primary.initContainers
[INFO] Coalescing path $.postgresql.primary.labels
[INFO] Coalescing path $.postgresql.primary.lifecycleHooks
[INFO] Coalescing path $.postgresql.primary.nodeSelector
[INFO] Coalescing path $.postgresql.primary.pgHbaConfiguration
[INFO] Coalescing path $.postgresql.primary.podAffinityPreset
[INFO] Coalescing path $.postgresql.primary.podAnnotations
[INFO] Coalescing path $.postgresql.primary.podAntiAffinityPreset
[INFO] Coalescing path $.postgresql.primary.podLabels
[INFO] Coalescing path $.postgresql.primary.podSecurityContext
[INFO] Coalescing path $.postgresql.primary.priorityClassName
[INFO] Coalescing path $.postgresql.primary.resources
[INFO] Coalescing path $.postgresql.primary.schedulerName
[INFO] Coalescing path $.postgresql.primary.sidecars
[INFO] Coalescing path $.postgresql.primary.terminationGracePeriodSeconds
[INFO] Coalescing path $.postgresql.primary.tolerations
[INFO] Coalescing path $.postgresql.primary.topologySpreadConstraints
[INFO] Coalescing path $.postgresql.primary.updateStrategy
[INFO] Coalescing path $.postgresql.psp.create
[INFO] Coalescing path $.postgresql.rbac.create
[INFO] Coalescing path $.postgresql.rbac.rules
[INFO] Coalescing path $.postgresql.readReplicas.affinity
[INFO] Coalescing path $.postgresql.readReplicas.annotations
[INFO] Coalescing path $.postgresql.readReplicas.automountServiceAccountToken
[INFO] Coalescing path $.postgresql.readReplicas.containerSecurityContext
[INFO] Coalescing path $.postgresql.readReplicas.customLivenessProbe
[INFO] Coalescing path $.postgresql.readReplicas.customReadinessProbe
[INFO] Coalescing path $.postgresql.readReplicas.customStartupProbe
[INFO] Coalescing path $.postgresql.readReplicas.extendedConfiguration
[INFO] Coalescing path $.postgresql.readReplicas.extraEnvVars
[INFO] Coalescing path $.postgresql.readReplicas.extraEnvVarsCM
[INFO] Coalescing path $.postgresql.readReplicas.extraEnvVarsSecret
[INFO] Coalescing path $.postgresql.readReplicas.extraPodSpec
[INFO] Coalescing path $.postgresql.readReplicas.extraVolumeMounts
[INFO] Coalescing path $.postgresql.readReplicas.extraVolumes
[INFO] Coalescing path $.postgresql.readReplicas.hostAliases
[INFO] Coalescing path $.postgresql.readReplicas.hostIPC
[INFO] Coalescing path $.postgresql.readReplicas.hostNetwork
[INFO] Coalescing path $.postgresql.readReplicas.initContainers
[INFO] Coalescing path $.postgresql.readReplicas.labels
[INFO] Coalescing path $.postgresql.readReplicas.lifecycleHooks
[INFO] Coalescing path $.postgresql.readReplicas.nodeSelector
[INFO] Coalescing path $.postgresql.readReplicas.podAffinityPreset
[INFO] Coalescing path $.postgresql.readReplicas.podAnnotations
[INFO] Coalescing path $.postgresql.readReplicas.podAntiAffinityPreset
[INFO] Coalescing path $.postgresql.readReplicas.podLabels
[INFO] Coalescing path $.postgresql.readReplicas.podSecurityContext
[INFO] Coalescing path $.postgresql.readReplicas.priorityClassName
[INFO] Coalescing path $.postgresql.readReplicas.replicaCount
[INFO] Coalescing path $.postgresql.readReplicas.resources
[INFO] Coalescing path $.postgresql.readReplicas.schedulerName
[INFO] Coalescing path $.postgresql.readReplicas.sidecars
[INFO] Coalescing path $.postgresql.readReplicas.terminationGracePeriodSeconds
[INFO] Coalescing path $.postgresql.readReplicas.tolerations
[INFO] Coalescing path $.postgresql.readReplicas.topologySpreadConstraints
[INFO] Coalescing path $.postgresql.readReplicas.updateStrategy
[INFO] Coalescing path $.postgresql.replication.applicationName
[INFO] Coalescing path $.postgresql.replication.numSynchronousReplicas
[INFO] Coalescing path $.postgresql.replication.synchronousCommit
[INFO] Coalescing path $.postgresql.serviceAccount.annotations
[INFO] Coalescing path $.postgresql.serviceAccount.automountServiceAccountToken
[INFO] Coalescing path $.postgresql.serviceAccount.create
[INFO] Coalescing path $.postgresql.serviceBindings.enabled
[INFO] Coalescing path $.postgresql.shmVolume.enabled
[INFO] Coalescing path $.postgresql.shmVolume.sizeLimit
[INFO] Coalescing path $.postgresql.tls.autoGenerated
[INFO] Coalescing path $.postgresql.tls.certCAFilename
[INFO] Coalescing path $.postgresql.tls.crlFilename
[INFO] Coalescing path $.postgresql.tls.enabled
[INFO] Coalescing path $.postgresql.tls.preferServerCiphers
[INFO] Coalescing path $.postgresql.volumePermissions.enabled
[INFO] Coalescing path $.postgresql.volumePermissions.image
[INFO] Coalescing path $.secretsBackend.gcpSecretManager.serviceAccountKey
[INFO] Coalescing path $.vault.csiProvider.affinity
[INFO] Coalescing path $.vault.csiProvider.automountServiceAccountToken
[INFO] Coalescing path $.vault.csiProvider.config
[INFO] Coalescing path $.vault.csiProvider.enabled
[INFO] Coalescing path $.vault.csiProvider.existingConfigMap
[INFO] Coalescing path $.vault.csiProvider.extraVolumes
[INFO] Coalescing path $.vault.csiProvider.hostAliases
[INFO] Coalescing path $.vault.csiProvider.image
[INFO] Coalescing path $.vault.csiProvider.initContainers
[INFO] Coalescing path $.vault.csiProvider.nodeSelector
[INFO] Coalescing path $.vault.csiProvider.podAffinityPreset
[INFO] Coalescing path $.vault.csiProvider.podAnnotations
[INFO] Coalescing path $.vault.csiProvider.podAntiAffinityPreset
[INFO] Coalescing path $.vault.csiProvider.podLabels
[INFO] Coalescing path $.vault.csiProvider.podSecurityContext
[INFO] Coalescing path $.vault.csiProvider.priorityClassName
[INFO] Coalescing path $.vault.csiProvider.schedulerName
[INFO] Coalescing path $.vault.csiProvider.secretStoreHostPath
[INFO] Coalescing path $.vault.csiProvider.sidecars
[INFO] Coalescing path $.vault.csiProvider.terminationGracePeriodSeconds
[INFO] Coalescing path $.vault.csiProvider.tolerations
[INFO] Coalescing path $.vault.csiProvider.topologySpreadConstraints
[INFO] Coalescing path $.vault.csiProvider.updateStrategy
[INFO] Coalescing path $.vault.diagnosticMode.args
[INFO] Coalescing path $.vault.diagnosticMode.command
[INFO] Coalescing path $.vault.diagnosticMode.enabled
[INFO] Coalescing path $.vault.extraDeploy[*]
[INFO] Coalescing path $.vault.injector.affinity
[INFO] Coalescing path $.vault.injector.automountServiceAccountToken
[INFO] Coalescing path $.vault.injector.containerSecurityContext
[INFO] Coalescing path $.vault.injector.customLivenessProbe
[INFO] Coalescing path $.vault.injector.customReadinessProbe
[INFO] Coalescing path $.vault.injector.customStartupProbe
[INFO] Coalescing path $.vault.injector.enabled
[INFO] Coalescing path $.vault.injector.extraEnvVars
[INFO] Coalescing path $.vault.injector.extraEnvVarsCM
[INFO] Coalescing path $.vault.injector.extraEnvVarsSecret
[INFO] Coalescing path $.vault.injector.extraVolumeMounts
[INFO] Coalescing path $.vault.injector.extraVolumes
[INFO] Coalescing path $.vault.injector.hostAliases
[INFO] Coalescing path $.vault.injector.image
[INFO] Coalescing path $.vault.injector.initContainers
[INFO] Coalescing path $.vault.injector.lifecycleHooks
[INFO] Coalescing path $.vault.injector.nodeSelector
[INFO] Coalescing path $.vault.injector.podAffinityPreset
[INFO] Coalescing path $.vault.injector.podAnnotations
[INFO] Coalescing path $.vault.injector.podAntiAffinityPreset
[INFO] Coalescing path $.vault.injector.podLabels
[INFO] Coalescing path $.vault.injector.podSecurityContext
[INFO] Coalescing path $.vault.injector.priorityClassName
[INFO] Coalescing path $.vault.injector.replicaCount
[INFO] Coalescing path $.vault.injector.resources
[INFO] Coalescing path $.vault.injector.schedulerName
[INFO] Coalescing path $.vault.injector.sidecars
[INFO] Coalescing path $.vault.injector.terminationGracePeriodSeconds
[INFO] Coalescing path $.vault.injector.tolerations
[INFO] Coalescing path $.vault.injector.topologySpreadConstraints
[INFO] Coalescing path $.vault.injector.updateStrategy
[INFO] Coalescing path $.vault.server.affinity
[INFO] Coalescing path $.vault.server.automountServiceAccountToken
[INFO] Coalescing path $.vault.server.config
[INFO] Coalescing path $.vault.server.containerSecurityContext
[INFO] Coalescing path $.vault.server.customLivenessProbe
[INFO] Coalescing path $.vault.server.customReadinessProbe
[INFO] Coalescing path $.vault.server.customStartupProbe
[INFO] Coalescing path $.vault.server.enabled
[INFO] Coalescing path $.vault.server.existingConfigMap
[INFO] Coalescing path $.vault.server.extraEnvVars
[INFO] Coalescing path $.vault.server.extraEnvVarsCM
[INFO] Coalescing path $.vault.server.extraEnvVarsSecret
[INFO] Coalescing path $.vault.server.extraVolumeMounts
[INFO] Coalescing path $.vault.server.extraVolumes
[INFO] Coalescing path $.vault.server.hostAliases
[INFO] Coalescing path $.vault.server.image
[INFO] Coalescing path $.vault.server.initContainers
[INFO] Coalescing path $.vault.server.lifecycleHooks
[INFO] Coalescing path $.vault.server.nodeSelector
[INFO] Coalescing path $.vault.server.persistence
[INFO] Coalescing path $.vault.server.podAffinityPreset
[INFO] Coalescing path $.vault.server.podAnnotations
[INFO] Coalescing path $.vault.server.podAntiAffinityPreset
[INFO] Coalescing path $.vault.server.podLabels
[INFO] Coalescing path $.vault.server.podManagementPolicy
[INFO] Coalescing path $.vault.server.podSecurityContext
[INFO] Coalescing path $.vault.server.priorityClassName
[INFO] Coalescing path $.vault.server.replicaCount
[INFO] Coalescing path $.vault.server.resources
[INFO] Coalescing path $.vault.server.schedulerName
[INFO] Coalescing path $.vault.server.sidecars
[INFO] Coalescing path $.vault.server.terminationGracePeriodSeconds
[INFO] Coalescing path $.vault.server.tolerations
[INFO] Coalescing path $.vault.server.topologySpreadConstraints
[INFO] Coalescing path $.vault.server.updateStrategy
[INFO] Coalescing path $.vault.volumePermissions.containerSecurityContext
[INFO] Coalescing path $.vault.volumePermissions.enabled
[INFO] Coalescing path $.vault.volumePermissions.image
[INFO] Coalescing path $.vault.volumePermissions.resources
[INFO] Coalescing path $.cas.autoscaling.hpa.enabled
[INFO] Coalescing path $.cas.autoscaling.hpa.maxReplicas
[INFO] Coalescing path $.cas.autoscaling.hpa.minReplicas
[INFO] Coalescing path $.cas.autoscaling.hpa.targetCPU
[INFO] Coalescing path $.cas.autoscaling.hpa.targetMemory
[INFO] Coalescing path $.cas.autoscaling.vpa.annotations
[INFO] Coalescing path $.cas.autoscaling.vpa.controlledResources
[INFO] Coalescing path $.cas.autoscaling.vpa.enabled
[INFO] Coalescing path $.cas.autoscaling.vpa.maxAllowed
[INFO] Coalescing path $.cas.autoscaling.vpa.minAllowed
[INFO] Coalescing path $.cas.autoscaling.vpa.updatePolicy
[INFO] Coalescing path $.cas.networkPolicy.ingressNSMatchLabels[*]
[INFO] Coalescing path $.cas.networkPolicy.ingressNSPodMatchLabels[*]
[INFO] Coalescing path $.cas.service.nodePorts.http
[INFO] Coalescing path $.cas.service.ports.http
[INFO] Coalescing path $.cas.serviceAPI.nodePorts.http
[INFO] Coalescing path $.cas.serviceAPI.ports.http
[INFO] Coalescing path $.controlplane.autoscaling.hpa.enabled
[INFO] Coalescing path $.controlplane.autoscaling.hpa.maxReplicas
[INFO] Coalescing path $.controlplane.autoscaling.hpa.minReplicas
[INFO] Coalescing path $.controlplane.autoscaling.hpa.targetCPU
[INFO] Coalescing path $.controlplane.autoscaling.hpa.targetMemory
[INFO] Coalescing path $.controlplane.autoscaling.vpa.annotations
[INFO] Coalescing path $.controlplane.autoscaling.vpa.controlledResources
[INFO] Coalescing path $.controlplane.autoscaling.vpa.enabled
[INFO] Coalescing path $.controlplane.autoscaling.vpa.maxAllowed
[INFO] Coalescing path $.controlplane.autoscaling.vpa.minAllowed
[INFO] Coalescing path $.controlplane.autoscaling.vpa.updatePolicy
[INFO] Coalescing path $.controlplane.keylessSigning.ejbcaCA.caName
[INFO] Coalescing path $.controlplane.keylessSigning.ejbcaCA.certProfileName
[INFO] Coalescing path $.controlplane.keylessSigning.ejbcaCA.clientCert
[INFO] Coalescing path $.controlplane.keylessSigning.ejbcaCA.clientKey
[INFO] Coalescing path $.controlplane.keylessSigning.ejbcaCA.endEntityProfileName
[INFO] Coalescing path $.controlplane.keylessSigning.ejbcaCA.serverURL
[INFO] Coalescing path $.controlplane.keylessSigning.fileCA.cert
[INFO] Coalescing path $.controlplane.keylessSigning.fileCA.key
[INFO] Coalescing path $.controlplane.keylessSigning.fileCA.keyPass
[INFO] Coalescing path $.controlplane.networkPolicy.ingressNSMatchLabels[*]
[INFO] Coalescing path $.controlplane.networkPolicy.ingressNSPodMatchLabels[*]
[INFO] Coalescing path $.controlplane.service.nodePorts.http
[INFO] Coalescing path $.controlplane.service.ports.http
[INFO] Coalescing path $.controlplane.serviceAPI.nodePorts.http
[INFO] Coalescing path $.controlplane.serviceAPI.ports.http
[INFO] Coalescing path $.dex.metrics.service.annotations
[INFO] Coalescing path $.dex.metrics.service.clusterIP
[INFO] Coalescing path $.dex.metrics.service.externalTrafficPolicy
[INFO] Coalescing path $.dex.metrics.service.loadBalancerIP
[INFO] Coalescing path $.dex.metrics.service.loadBalancerSourceRanges
[INFO] Coalescing path $.dex.metrics.service.nodePort
[INFO] Coalescing path $.dex.metrics.service.port
[INFO] Coalescing path $.dex.metrics.service.sessionAffinity
[INFO] Coalescing path $.dex.metrics.service.sessionAffinityConfig
[INFO] Coalescing path $.dex.metrics.service.type
[INFO] Coalescing path $.dex.metrics.serviceMonitor.enabled
[INFO] Coalescing path $.dex.metrics.serviceMonitor.honorLabels
[INFO] Coalescing path $.dex.metrics.serviceMonitor.interval
[INFO] Coalescing path $.dex.metrics.serviceMonitor.jobLabel
[INFO] Coalescing path $.dex.metrics.serviceMonitor.metricRelabelings
[INFO] Coalescing path $.dex.metrics.serviceMonitor.namespace
[INFO] Coalescing path $.dex.metrics.serviceMonitor.relabelings
[INFO] Coalescing path $.dex.metrics.serviceMonitor.scrapeTimeout
[INFO] Coalescing path $.dex.metrics.serviceMonitor.selector
[INFO] Coalescing path $.dex.networkPolicy.ingressNSMatchLabels[*]
[INFO] Coalescing path $.dex.networkPolicy.ingressNSPodMatchLabels[*]
[INFO] Coalescing path $.dex.networkPolicy.kubeAPIServerPorts[*]
[INFO] Coalescing path $.dex.service.nodePorts.grpc
[INFO] Coalescing path $.dex.service.nodePorts.http
[INFO] Coalescing path $.dex.service.ports.grpc
[INFO] Coalescing path $.dex.service.ports.http
[INFO] Coalescing path $.global.postgresql.auth.existingSecret
[INFO] Coalescing path $.global.postgresql.auth.password
[INFO] Coalescing path $.global.postgresql.auth.postgresPassword
[INFO] Coalescing path $.postgresql.auth.secretKeys.adminPasswordKey
[INFO] Coalescing path $.postgresql.auth.secretKeys.replicationPasswordKey
[INFO] Coalescing path $.postgresql.auth.secretKeys.userPasswordKey
[INFO] Coalescing path $.postgresql.backup.cronjob.annotations
[INFO] Coalescing path $.postgresql.backup.cronjob.command
[INFO] Coalescing path $.postgresql.backup.cronjob.concurrencyPolicy
[INFO] Coalescing path $.postgresql.backup.cronjob.containerSecurityContext
[INFO] Coalescing path $.postgresql.backup.cronjob.extraVolumeMounts
[INFO] Coalescing path $.postgresql.backup.cronjob.extraVolumes
[INFO] Coalescing path $.postgresql.backup.cronjob.failedJobsHistoryLimit
[INFO] Coalescing path $.postgresql.backup.cronjob.labels
[INFO] Coalescing path $.postgresql.backup.cronjob.nodeSelector
[INFO] Coalescing path $.postgresql.backup.cronjob.podLabels
[INFO] Coalescing path $.postgresql.backup.cronjob.resources
[INFO] Coalescing path $.postgresql.backup.cronjob.restartPolicy
[INFO] Coalescing path $.postgresql.backup.cronjob.schedule
[INFO] Coalescing path $.postgresql.backup.cronjob.startingDeadlineSeconds
[INFO] Coalescing path $.postgresql.backup.cronjob.storage
[INFO] Coalescing path $.postgresql.backup.cronjob.successfulJobsHistoryLimit
[INFO] Coalescing path $.postgresql.backup.cronjob.timeZone
[INFO] Coalescing path $.postgresql.backup.cronjob.tolerations
[INFO] Coalescing path $.postgresql.backup.cronjob.ttlSecondsAfterFinished
[INFO] Coalescing path $.postgresql.metrics.containerPorts.metrics
[INFO] Coalescing path $.postgresql.metrics.containerSecurityContext.enabled
[INFO] Coalescing path $.postgresql.metrics.image.pullPolicy
[INFO] Coalescing path $.postgresql.metrics.prometheusRule.enabled
[INFO] Coalescing path $.postgresql.metrics.prometheusRule.labels
[INFO] Coalescing path $.postgresql.metrics.prometheusRule.namespace
[INFO] Coalescing path $.postgresql.metrics.prometheusRule.rules
[INFO] Coalescing path $.postgresql.metrics.service.annotations
[INFO] Coalescing path $.postgresql.metrics.service.clusterIP
[INFO] Coalescing path $.postgresql.metrics.service.sessionAffinity
[INFO] Coalescing path $.postgresql.metrics.serviceMonitor.enabled
[INFO] Coalescing path $.postgresql.metrics.serviceMonitor.honorLabels
[INFO] Coalescing path $.postgresql.metrics.serviceMonitor.interval
[INFO] Coalescing path $.postgresql.metrics.serviceMonitor.jobLabel
[INFO] Coalescing path $.postgresql.metrics.serviceMonitor.labels
[INFO] Coalescing path $.postgresql.metrics.serviceMonitor.metricRelabelings
[INFO] Coalescing path $.postgresql.metrics.serviceMonitor.namespace
[INFO] Coalescing path $.postgresql.metrics.serviceMonitor.relabelings
[INFO] Coalescing path $.postgresql.metrics.serviceMonitor.scrapeTimeout
[INFO] Coalescing path $.postgresql.metrics.serviceMonitor.selector
[INFO] Coalescing path $.postgresql.passwordUpdateJob.containerSecurityContext.enabled
[INFO] Coalescing path $.postgresql.passwordUpdateJob.podSecurityContext.enabled
[INFO] Coalescing path $.postgresql.passwordUpdateJob.previousPasswords.existingSecret
[INFO] Coalescing path $.postgresql.passwordUpdateJob.previousPasswords.password
[INFO] Coalescing path $.postgresql.passwordUpdateJob.previousPasswords.postgresPassword
[INFO] Coalescing path $.postgresql.passwordUpdateJob.previousPasswords.replicationPassword
[INFO] Coalescing path $.postgresql.primary.containerSecurityContext.enabled
[INFO] Coalescing path $.postgresql.primary.containerSecurityContext.runAsUser
[INFO] Coalescing path $.postgresql.primary.initdb.args
[INFO] Coalescing path $.postgresql.primary.initdb.password
[INFO] Coalescing path $.postgresql.primary.initdb.postgresqlWalDir
[INFO] Coalescing path $.postgresql.primary.initdb.scripts
[INFO] Coalescing path $.postgresql.primary.initdb.scriptsConfigMap
[INFO] Coalescing path $.postgresql.primary.initdb.scriptsSecret
[INFO] Coalescing path $.postgresql.primary.initdb.user
[INFO] Coalescing path $.postgresql.primary.networkPolicy.allowExternal
[INFO] Coalescing path $.postgresql.primary.networkPolicy.allowExternalEgress
[INFO] Coalescing path $.postgresql.primary.networkPolicy.enabled
[INFO] Coalescing path $.postgresql.primary.networkPolicy.extraEgress
[INFO] Coalescing path $.postgresql.primary.networkPolicy.extraIngress
[INFO] Coalescing path $.postgresql.primary.networkPolicy.ingressNSMatchLabels
[INFO] Coalescing path $.postgresql.primary.networkPolicy.ingressNSPodMatchLabels
[INFO] Coalescing path $.postgresql.primary.nodeAffinityPreset.key
[INFO] Coalescing path $.postgresql.primary.nodeAffinityPreset.type
[INFO] Coalescing path $.postgresql.primary.nodeAffinityPreset.values
[INFO] Coalescing path $.postgresql.primary.pdb.create
[INFO] Coalescing path $.postgresql.primary.pdb.maxUnavailable
[INFO] Coalescing path $.postgresql.primary.pdb.minAvailable
[INFO] Coalescing path $.postgresql.primary.persistence.enabled
[INFO] Coalescing path $.postgresql.primary.persistence.existingClaim
[INFO] Coalescing path $.postgresql.primary.persistence.mountPath
[INFO] Coalescing path $.postgresql.primary.persistence.subPath
[INFO] Coalescing path $.postgresql.primary.persistence.volumeName
[INFO] Coalescing path $.postgresql.primary.podSecurityContext.enabled
[INFO] Coalescing path $.postgresql.primary.preInitDb.scripts
[INFO] Coalescing path $.postgresql.primary.preInitDb.scriptsConfigMap
[INFO] Coalescing path $.postgresql.primary.preInitDb.scriptsSecret
[INFO] Coalescing path $.postgresql.primary.service.annotations
[INFO] Coalescing path $.postgresql.primary.service.clusterIP
[INFO] Coalescing path $.postgresql.primary.service.externalTrafficPolicy
[INFO] Coalescing path $.postgresql.primary.service.extraPorts
[INFO] Coalescing path $.postgresql.primary.service.labels
[INFO] Coalescing path $.postgresql.primary.service.loadBalancerClass
[INFO] Coalescing path $.postgresql.primary.service.loadBalancerIP
[INFO] Coalescing path $.postgresql.primary.service.loadBalancerSourceRanges
[INFO] Coalescing path $.postgresql.primary.service.sessionAffinity
[INFO] Coalescing path $.postgresql.primary.service.sessionAffinityConfig
[INFO] Coalescing path $.postgresql.primary.service.type
[INFO] Coalescing path $.postgresql.primary.standby.enabled
[INFO] Coalescing path $.postgresql.primary.standby.primaryHost
[INFO] Coalescing path $.postgresql.primary.standby.primaryPort
[INFO] Coalescing path $.postgresql.readReplicas.containerSecurityContext.enabled
[INFO] Coalescing path $.postgresql.readReplicas.networkPolicy.allowExternal
[INFO] Coalescing path $.postgresql.readReplicas.networkPolicy.allowExternalEgress
[INFO] Coalescing path $.postgresql.readReplicas.networkPolicy.enabled
[INFO] Coalescing path $.postgresql.readReplicas.networkPolicy.extraEgress
[INFO] Coalescing path $.postgresql.readReplicas.networkPolicy.extraIngress
[INFO] Coalescing path $.postgresql.readReplicas.networkPolicy.ingressNSMatchLabels
[INFO] Coalescing path $.postgresql.readReplicas.networkPolicy.ingressNSPodMatchLabels
[INFO] Coalescing path $.postgresql.readReplicas.nodeAffinityPreset.key
[INFO] Coalescing path $.postgresql.readReplicas.nodeAffinityPreset.type
[INFO] Coalescing path $.postgresql.readReplicas.nodeAffinityPreset.values
[INFO] Coalescing path $.postgresql.readReplicas.pdb.create
[INFO] Coalescing path $.postgresql.readReplicas.pdb.maxUnavailable
[INFO] Coalescing path $.postgresql.readReplicas.pdb.minAvailable
[INFO] Coalescing path $.postgresql.readReplicas.persistence.enabled
[INFO] Coalescing path $.postgresql.readReplicas.persistence.existingClaim
[INFO] Coalescing path $.postgresql.readReplicas.persistence.mountPath
[INFO] Coalescing path $.postgresql.readReplicas.persistence.subPath
[INFO] Coalescing path $.postgresql.readReplicas.podSecurityContext.enabled
[INFO] Coalescing path $.postgresql.readReplicas.service.annotations
[INFO] Coalescing path $.postgresql.readReplicas.service.clusterIP
[INFO] Coalescing path $.postgresql.readReplicas.service.externalTrafficPolicy
[INFO] Coalescing path $.postgresql.readReplicas.service.extraPorts
[INFO] Coalescing path $.postgresql.readReplicas.service.labels
[INFO] Coalescing path $.postgresql.readReplicas.service.loadBalancerClass
[INFO] Coalescing path $.postgresql.readReplicas.service.loadBalancerIP
[INFO] Coalescing path $.postgresql.readReplicas.service.loadBalancerSourceRanges
[INFO] Coalescing path $.postgresql.readReplicas.service.sessionAffinity
[INFO] Coalescing path $.postgresql.readReplicas.service.sessionAffinityConfig
[INFO] Coalescing path $.postgresql.readReplicas.service.type
[INFO] Coalescing path $.postgresql.volumePermissions.image.pullPolicy
[INFO] Coalescing path $.vault.csiProvider.agent.containerSecurityContext
[INFO] Coalescing path $.vault.csiProvider.agent.customLivenessProbe
[INFO] Coalescing path $.vault.csiProvider.agent.customReadinessProbe
[INFO] Coalescing path $.vault.csiProvider.agent.customStartupProbe
[INFO] Coalescing path $.vault.csiProvider.agent.extraEnvVars
[INFO] Coalescing path $.vault.csiProvider.agent.extraEnvVarsCM
[INFO] Coalescing path $.vault.csiProvider.agent.extraEnvVarsSecret
[INFO] Coalescing path $.vault.csiProvider.agent.extraVolumeMounts
[INFO] Coalescing path $.vault.csiProvider.agent.lifecycleHooks
[INFO] Coalescing path $.vault.csiProvider.agent.resources
[INFO] Coalescing path $.vault.csiProvider.image.pullPolicy
[INFO] Coalescing path $.vault.csiProvider.networkPolicy.allowExternalEgress
[INFO] Coalescing path $.vault.csiProvider.networkPolicy.enabled
[INFO] Coalescing path $.vault.csiProvider.networkPolicy.extraEgress
[INFO] Coalescing path $.vault.csiProvider.networkPolicy.extraIngress
[INFO] Coalescing path $.vault.csiProvider.networkPolicy.kubeAPIServerPorts
[INFO] Coalescing path $.vault.csiProvider.nodeAffinityPreset.key
[INFO] Coalescing path $.vault.csiProvider.nodeAffinityPreset.type
[INFO] Coalescing path $.vault.csiProvider.nodeAffinityPreset.values
[INFO] Coalescing path $.vault.csiProvider.podSecurityContext.enabled
[INFO] Coalescing path $.vault.csiProvider.provider.containerSecurityContext
[INFO] Coalescing path $.vault.csiProvider.provider.customLivenessProbe
[INFO] Coalescing path $.vault.csiProvider.provider.customReadinessProbe
[INFO] Coalescing path $.vault.csiProvider.provider.customStartupProbe
[INFO] Coalescing path $.vault.csiProvider.provider.extraEnvVars
[INFO] Coalescing path $.vault.csiProvider.provider.extraEnvVarsCM
[INFO] Coalescing path $.vault.csiProvider.provider.extraEnvVarsSecret
[INFO] Coalescing path $.vault.csiProvider.provider.extraVolumeMounts
[INFO] Coalescing path $.vault.csiProvider.provider.lifecycleHooks
[INFO] Coalescing path $.vault.csiProvider.provider.resources
[INFO] Coalescing path $.vault.csiProvider.rbac.create
[INFO] Coalescing path $.vault.csiProvider.rbac.rules
[INFO] Coalescing path $.vault.csiProvider.serviceAccount.annotations
[INFO] Coalescing path $.vault.csiProvider.serviceAccount.automountServiceAccountToken
[INFO] Coalescing path $.vault.csiProvider.serviceAccount.create
[INFO] Coalescing path $.vault.injector.autoscaling.enabled
[INFO] Coalescing path $.vault.injector.autoscaling.maxReplicas
[INFO] Coalescing path $.vault.injector.autoscaling.minReplicas
[INFO] Coalescing path $.vault.injector.autoscaling.targetCPU
[INFO] Coalescing path $.vault.injector.autoscaling.targetMemory
[INFO] Coalescing path $.vault.injector.containerPorts.https
[INFO] Coalescing path $.vault.injector.containerSecurityContext.enabled
[INFO] Coalescing path $.vault.injector.image.pullPolicy
[INFO] Coalescing path $.vault.injector.networkPolicy.allowExternal
[INFO] Coalescing path $.vault.injector.networkPolicy.allowExternalEgress
[INFO] Coalescing path $.vault.injector.networkPolicy.enabled
[INFO] Coalescing path $.vault.injector.networkPolicy.extraEgress
[INFO] Coalescing path $.vault.injector.networkPolicy.extraIngress
[INFO] Coalescing path $.vault.injector.networkPolicy.ingressNSMatchLabels
[INFO] Coalescing path $.vault.injector.networkPolicy.ingressNSPodMatchLabels
[INFO] Coalescing path $.vault.injector.networkPolicy.kubeAPIServerPorts
[INFO] Coalescing path $.vault.injector.nodeAffinityPreset.key
[INFO] Coalescing path $.vault.injector.nodeAffinityPreset.type
[INFO] Coalescing path $.vault.injector.nodeAffinityPreset.values
[INFO] Coalescing path $.vault.injector.pdb.create
[INFO] Coalescing path $.vault.injector.pdb.maxUnavailable
[INFO] Coalescing path $.vault.injector.pdb.minAvailable
[INFO] Coalescing path $.vault.injector.podSecurityContext.enabled
[INFO] Coalescing path $.vault.injector.rbac.create
[INFO] Coalescing path $.vault.injector.rbac.rules
[INFO] Coalescing path $.vault.injector.service.annotations
[INFO] Coalescing path $.vault.injector.service.clusterIP
[INFO] Coalescing path $.vault.injector.service.externalTrafficPolicy
[INFO] Coalescing path $.vault.injector.service.extraPorts
[INFO] Coalescing path $.vault.injector.service.loadBalancerIP
[INFO] Coalescing path $.vault.injector.service.loadBalancerSourceRanges
[INFO] Coalescing path $.vault.injector.service.sessionAffinity
[INFO] Coalescing path $.vault.injector.service.sessionAffinityConfig
[INFO] Coalescing path $.vault.injector.service.type
[INFO] Coalescing path $.vault.injector.serviceAccount.annotations
[INFO] Coalescing path $.vault.injector.serviceAccount.automountServiceAccountToken
[INFO] Coalescing path $.vault.injector.serviceAccount.create
[INFO] Coalescing path $.vault.injector.webhook.clientConfig
[INFO] Coalescing path $.vault.injector.webhook.namespaceSelector
[INFO] Coalescing path $.vault.server.containerPorts.http
[INFO] Coalescing path $.vault.server.containerPorts.internal
[INFO] Coalescing path $.vault.server.containerSecurityContext.enabled
[INFO] Coalescing path $.vault.server.containerSecurityContext.runAsUser
[INFO] Coalescing path $.vault.server.image.pullPolicy
[INFO] Coalescing path $.vault.server.ingress.annotations
[INFO] Coalescing path $.vault.server.ingress.enabled
[INFO] Coalescing path $.vault.server.ingress.extraHosts
[INFO] Coalescing path $.vault.server.ingress.extraPaths
[INFO] Coalescing path $.vault.server.ingress.extraRules
[INFO] Coalescing path $.vault.server.ingress.extraTls
[INFO] Coalescing path $.vault.server.ingress.hostname
[INFO] Coalescing path $.vault.server.ingress.ingressClassName
[INFO] Coalescing path $.vault.server.ingress.path
[INFO] Coalescing path $.vault.server.ingress.pathType
[INFO] Coalescing path $.vault.server.ingress.secrets
[INFO] Coalescing path $.vault.server.ingress.selfSigned
[INFO] Coalescing path $.vault.server.ingress.tls
[INFO] Coalescing path $.vault.server.metrics.annotations
[INFO] Coalescing path $.vault.server.metrics.enabled
[INFO] Coalescing path $.vault.server.networkPolicy.allowExternal
[INFO] Coalescing path $.vault.server.networkPolicy.allowExternalEgress
[INFO] Coalescing path $.vault.server.networkPolicy.enabled
[INFO] Coalescing path $.vault.server.networkPolicy.extraEgress
[INFO] Coalescing path $.vault.server.networkPolicy.extraIngress
[INFO] Coalescing path $.vault.server.networkPolicy.ingressNSMatchLabels
[INFO] Coalescing path $.vault.server.networkPolicy.ingressNSPodMatchLabels
[INFO] Coalescing path $.vault.server.networkPolicy.kubeAPIServerPorts
[INFO] Coalescing path $.vault.server.nodeAffinityPreset.key
[INFO] Coalescing path $.vault.server.nodeAffinityPreset.type
[INFO] Coalescing path $.vault.server.nodeAffinityPreset.values
[INFO] Coalescing path $.vault.server.pdb.create
[INFO] Coalescing path $.vault.server.pdb.maxUnavailable
[INFO] Coalescing path $.vault.server.pdb.minAvailable
[INFO] Coalescing path $.vault.server.persistence.accessModes
[INFO] Coalescing path $.vault.server.persistence.annotations
[INFO] Coalescing path $.vault.server.persistence.dataSource
[INFO] Coalescing path $.vault.server.persistence.enabled
[INFO] Coalescing path $.vault.server.persistence.existingClaim
[INFO] Coalescing path $.vault.server.persistence.extraVolumeClaimTemplates
[INFO] Coalescing path $.vault.server.persistence.mountPath
[INFO] Coalescing path $.vault.server.persistence.selector
[INFO] Coalescing path $.vault.server.persistence.size
[INFO] Coalescing path $.vault.server.podSecurityContext.enabled
[INFO] Coalescing path $.vault.server.podSecurityContext.fsGroup
[INFO] Coalescing path $.vault.server.rbac.create
[INFO] Coalescing path $.vault.server.rbac.createClusterRoleBinding
[INFO] Coalescing path $.vault.server.service.annotations
[INFO] Coalescing path $.vault.server.serviceAccount.annotations
[INFO] Coalescing path $.vault.server.serviceAccount.automountServiceAccountToken
[INFO] Coalescing path $.vault.server.serviceAccount.create
[INFO] Coalescing path $.vault.volumePermissions.containerSecurityContext.enabled
[INFO] Coalescing path $.vault.volumePermissions.image.pullPolicy
[INFO] Coalescing path $.cas.autoscaling.vpa.updatePolicy.updateMode
[INFO] Coalescing path $.cas.ingress.extraHosts[*].name
[INFO] Coalescing path $.cas.ingress.extraHosts[*].path
[INFO] Coalescing path $.cas.ingress.extraHosts[*].pathType
[INFO] Coalescing path $.cas.ingressAPI.extraHosts[*].name
[INFO] Coalescing path $.cas.ingressAPI.extraHosts[*].path
[INFO] Coalescing path $.cas.ingressAPI.extraHosts[*].pathType
[INFO] Coalescing path $.controlplane.autoscaling.vpa.updatePolicy.updateMode
[INFO] Coalescing path $.controlplane.ingress.extraHosts[*].name
[INFO] Coalescing path $.controlplane.ingress.extraHosts[*].path
[INFO] Coalescing path $.controlplane.ingress.extraHosts[*].pathType
[INFO] Coalescing path $.controlplane.ingressAPI.extraHosts[*].name
[INFO] Coalescing path $.controlplane.ingressAPI.extraHosts[*].path
[INFO] Coalescing path $.controlplane.ingressAPI.extraHosts[*].pathType
[INFO] Coalescing path $.dex.metrics.service.nodePorts.metrics
[INFO] Coalescing path $.dex.metrics.service.ports.metrics
[INFO] Coalescing path $.global.postgresql.auth.secretKeys.adminPasswordKey
[INFO] Coalescing path $.global.postgresql.auth.secretKeys.replicationPasswordKey
[INFO] Coalescing path $.global.postgresql.auth.secretKeys.userPasswordKey
[INFO] Coalescing path $.postgresql.backup.cronjob.containerSecurityContext.enabled
[INFO] Coalescing path $.postgresql.backup.cronjob.networkPolicy.enabled
[INFO] Coalescing path $.postgresql.backup.cronjob.podSecurityContext.enabled
[INFO] Coalescing path $.postgresql.backup.cronjob.podSecurityContext.fsGroup
[INFO] Coalescing path $.postgresql.backup.cronjob.storage.accessModes
[INFO] Coalescing path $.postgresql.backup.cronjob.storage.enabled
[INFO] Coalescing path $.postgresql.backup.cronjob.storage.existingClaim
[INFO] Coalescing path $.postgresql.backup.cronjob.storage.mountPath
[INFO] Coalescing path $.postgresql.backup.cronjob.storage.resourcePolicy
[INFO] Coalescing path $.postgresql.backup.cronjob.storage.size
[INFO] Coalescing path $.postgresql.backup.cronjob.storage.subPath
[INFO] Coalescing path $.postgresql.global.postgresql.auth.existingSecret
[INFO] Coalescing path $.postgresql.global.postgresql.auth.password
[INFO] Coalescing path $.postgresql.global.postgresql.auth.postgresPassword
[INFO] Coalescing path $.postgresql.metrics.service.ports.metrics
[INFO] Coalescing path $.postgresql.primary.networkPolicy.ingressNSMatchLabels[*]
[INFO] Coalescing path $.postgresql.primary.networkPolicy.ingressNSPodMatchLabels[*]
[INFO] Coalescing path $.postgresql.primary.service.headless.annotations
[INFO] Coalescing path $.postgresql.primary.service.nodePorts.postgresql
[INFO] Coalescing path $.postgresql.readReplicas.networkPolicy.ingressNSMatchLabels[*]
[INFO] Coalescing path $.postgresql.readReplicas.networkPolicy.ingressNSPodMatchLabels[*]
[INFO] Coalescing path $.postgresql.readReplicas.service.headless.annotations
[INFO] Coalescing path $.postgresql.readReplicas.service.nodePorts.postgresql
[INFO] Coalescing path $.vault.csiProvider.agent.containerPorts.tcp
[INFO] Coalescing path $.vault.csiProvider.agent.containerSecurityContext.enabled
[INFO] Coalescing path $.vault.csiProvider.networkPolicy.kubeAPIServerPorts[*]
[INFO] Coalescing path $.vault.csiProvider.provider.containerPorts.health
[INFO] Coalescing path $.vault.csiProvider.provider.containerSecurityContext.enabled
[INFO] Coalescing path $.vault.injector.networkPolicy.ingressNSMatchLabels[*]
[INFO] Coalescing path $.vault.injector.networkPolicy.ingressNSPodMatchLabels[*]
[INFO] Coalescing path $.vault.injector.networkPolicy.kubeAPIServerPorts[*]
[INFO] Coalescing path $.vault.injector.service.nodePorts.https
[INFO] Coalescing path $.vault.injector.service.ports.https
[INFO] Coalescing path $.vault.injector.webhook.clientConfig.caBundle
[INFO] Coalescing path $.vault.server.metrics.serviceMonitor.annotations
[INFO] Coalescing path $.vault.server.metrics.serviceMonitor.enabled
[INFO] Coalescing path $.vault.server.metrics.serviceMonitor.honorLabels
[INFO] Coalescing path $.vault.server.metrics.serviceMonitor.interval
[INFO] Coalescing path $.vault.server.metrics.serviceMonitor.jobLabel
[INFO] Coalescing path $.vault.server.metrics.serviceMonitor.labels
[INFO] Coalescing path $.vault.server.metrics.serviceMonitor.metricRelabelings
[INFO] Coalescing path $.vault.server.metrics.serviceMonitor.namespace
[INFO] Coalescing path $.vault.server.metrics.serviceMonitor.relabelings
[INFO] Coalescing path $.vault.server.metrics.serviceMonitor.scrapeTimeout
[INFO] Coalescing path $.vault.server.metrics.serviceMonitor.selector
[INFO] Coalescing path $.vault.server.networkPolicy.ingressNSMatchLabels[*]
[INFO] Coalescing path $.vault.server.networkPolicy.ingressNSPodMatchLabels[*]
[INFO] Coalescing path $.vault.server.networkPolicy.kubeAPIServerPorts[*]
[INFO] Coalescing path $.vault.server.persistence.accessModes[*]
[INFO] Coalescing path $.vault.server.rbac.discovery.rules
[INFO] Coalescing path $.vault.server.rbac.leaderElection.rules
[INFO] Coalescing path $.vault.server.service.active.annotations
[INFO] Coalescing path $.vault.server.service.active.clusterIP
[INFO] Coalescing path $.vault.server.service.active.externalTrafficPolicy
[INFO] Coalescing path $.vault.server.service.active.extraPorts
[INFO] Coalescing path $.vault.server.service.active.loadBalancerIP
[INFO] Coalescing path $.vault.server.service.active.loadBalancerSourceRanges
[INFO] Coalescing path $.vault.server.service.active.sessionAffinity
[INFO] Coalescing path $.vault.server.service.active.sessionAffinityConfig
[INFO] Coalescing path $.vault.server.service.active.type
[INFO] Coalescing path $.vault.server.service.general.annotations
[INFO] Coalescing path $.vault.server.service.general.clusterIP
[INFO] Coalescing path $.vault.server.service.general.externalTrafficPolicy
[INFO] Coalescing path $.vault.server.service.general.extraPorts
[INFO] Coalescing path $.vault.server.service.general.loadBalancerIP
[INFO] Coalescing path $.vault.server.service.general.loadBalancerSourceRanges
[INFO] Coalescing path $.vault.server.service.general.sessionAffinity
[INFO] Coalescing path $.vault.server.service.general.sessionAffinityConfig
[INFO] Coalescing path $.vault.server.service.general.type
[INFO] Coalescing path $.postgresql.backup.cronjob.storage.accessModes[*]
[INFO] Coalescing path $.postgresql.global.postgresql.auth.secretKeys.adminPasswordKey
[INFO] Coalescing path $.postgresql.global.postgresql.auth.secretKeys.replicationPasswordKey
[INFO] Coalescing path $.postgresql.global.postgresql.auth.secretKeys.userPasswordKey
[INFO] Coalescing path $.vault.server.ingress.extraHosts[*].name
[INFO] Coalescing path $.vault.server.ingress.extraHosts[*].path
[INFO] Coalescing path $.vault.server.ingress.extraHosts[*].pathType
[INFO] Coalescing path $.vault.server.ingress.secrets[*].certificate
[INFO] Coalescing path $.vault.server.ingress.secrets[*].key
[INFO] Coalescing path $.vault.server.ingress.secrets[*].name
[INFO] Coalescing path $.vault.server.service.active.nodePorts.http
[INFO] Coalescing path $.vault.server.service.active.nodePorts.internal
[INFO] Coalescing path $.vault.server.service.active.ports.http
[INFO] Coalescing path $.vault.server.service.active.ports.internal
[INFO] Coalescing path $.vault.server.service.general.nodePorts.http
[INFO] Coalescing path $.vault.server.service.general.nodePorts.internal
[INFO] Coalescing path $.vault.server.service.general.ports.http
[INFO] Coalescing path $.vault.server.service.general.ports.internal
[INFO] Discovered 2014 unique value paths; random traversal, seed 0
[INFO] Testing path $.secretsBackend.gcpSecretManager.serviceAccountKey (1/2014)
[INFO] Compiler input baseline: 905 statically named fields
[INFO] Render hashes (run-local): 100 observed, 100 unique, 0 duplicate bundles; 0 successful validations reused
[INFO] Testing path $.vault.csiProvider.agent.containerPorts.tcp (2/2014)
[INFO] Compiler input baseline: 905 statically named fields
[INFO] Execution stopped at the 140.137s time limit; coverage is incomplete
[INFO] Render hashes (run-local): 46 observed, 46 unique, 0 duplicate bundles; 0 successful validations reused
[INFO] .: time-limit; testing 307.92s; dependency preparation 1.41s; 0 charts remain
