[INFO] Chart 1/1: .
[INFO] Preparing dependencies for . (excluded from testing budgets)
[INFO] Finite filtering unavailable: permutations need closed objects at (); set additionalProperties: false; filtering generation before value-path traversal
[INFO] Coalescing path $.clusterDomain
[INFO] Coalescing path $.commonAnnotations
[INFO] Coalescing path $.commonLabels
[INFO] Coalescing path $.extraDeploy
[INFO] Coalescing path $.global
[INFO] Coalescing path $.image
[INFO] Coalescing path $.diagnosticMode.args
[INFO] Coalescing path $.diagnosticMode.command
[INFO] Coalescing path $.diagnosticMode.enabled
[INFO] Coalescing path $.externalDatabase.existingSecret
[INFO] Coalescing path $.externalDatabase.password
[INFO] Coalescing path $.extraDeploy[*]
[INFO] Coalescing path $.image.pullPolicy
[INFO] Coalescing path $.ingress.annotations
[INFO] Coalescing path $.ingress.enabled
[INFO] Coalescing path $.ingress.extraHosts
[INFO] Coalescing path $.ingress.extraPaths
[INFO] Coalescing path $.ingress.extraRules
[INFO] Coalescing path $.ingress.extraTls
[INFO] Coalescing path $.ingress.hostname
[INFO] Coalescing path $.ingress.ingressClassName
[INFO] Coalescing path $.ingress.path
[INFO] Coalescing path $.ingress.pathType
[INFO] Coalescing path $.ingress.secrets
[INFO] Coalescing path $.ingress.selfSigned
[INFO] Coalescing path $.ingress.tls
[INFO] Coalescing path $.postgresql.architecture
[INFO] Coalescing path $.postgresql.clusterDomain
[INFO] Coalescing path $.postgresql.commonAnnotations
[INFO] Coalescing path $.postgresql.commonLabels
[INFO] Coalescing path $.postgresql.enabled
[INFO] Coalescing path $.postgresql.extraDeploy
[INFO] Coalescing path $.postgresql.global
[INFO] Coalescing path $.postgresql.image
[INFO] Coalescing path $.postgresql.postgresqlDataDir
[INFO] Coalescing path $.postgresql.postgresqlSharedPreloadLibraries
[INFO] Coalescing path $.postgresql.secretAnnotations
[INFO] Coalescing path $.secrets.conjurAccount
[INFO] Coalescing path $.secrets.conjurAuthnApiKey
[INFO] Coalescing path $.secrets.conjurAuthnLogin
[INFO] Coalescing path $.secrets.conjurAuthnTokenFile
[INFO] Coalescing path $.secrets.conjurCACert
[INFO] Coalescing path $.secrets.hostKey
[INFO] Coalescing path $.secrets.hostKeyPub
[INFO] Coalescing path $.secrets.localUsers
[INFO] Coalescing path $.secrets.sessionSigningKey
[INFO] Coalescing path $.secrets.teamAuthorizedKeys
[INFO] Coalescing path $.secrets.workerAdditionalCerts
[INFO] Coalescing path $.secrets.workerKey
[INFO] Coalescing path $.secrets.workerKeyPub
[INFO] Coalescing path $.tags["bitnami-common"]
[INFO] Coalescing path $.volumePermissions.enabled
[INFO] Coalescing path $.volumePermissions.image
[INFO] Coalescing path $.volumePermissions.resources
[INFO] Coalescing path $.web.affinity
[INFO] Coalescing path $.web.allowExternalEgress
[INFO] Coalescing path $.web.automountServiceAccountToken
[INFO] Coalescing path $.web.baseResourceTypeDefaults
[INFO] Coalescing path $.web.bindIp
[INFO] Coalescing path $.web.clusterName
[INFO] Coalescing path $.web.configRBAC
[INFO] Coalescing path $.web.containerSecurityContext
[INFO] Coalescing path $.web.customLivenessProbe
[INFO] Coalescing path $.web.customReadinessProbe
[INFO] Coalescing path $.web.customStartupProbe
[INFO] Coalescing path $.web.enableAcrossStep
[INFO] Coalescing path $.web.enableCacheStreamedVolumes
[INFO] Coalescing path $.web.enablePipelineInstances
[INFO] Coalescing path $.web.enabled
[INFO] Coalescing path $.web.existingConfigmap
[INFO] Coalescing path $.web.existingSecret
[INFO] Coalescing path $.web.extraEnvVars
[INFO] Coalescing path $.web.extraEnvVarsCM
[INFO] Coalescing path $.web.extraEnvVarsSecret
[INFO] Coalescing path $.web.extraVolumeMounts
[INFO] Coalescing path $.web.extraVolumes
[INFO] Coalescing path $.web.hostAliases
[INFO] Coalescing path $.web.initContainers
[INFO] Coalescing path $.web.lifecycleHooks
[INFO] Coalescing path $.web.logLevel
[INFO] Coalescing path $.web.nodeSelector
[INFO] Coalescing path $.web.peerAddress
[INFO] Coalescing path $.web.podAffinityPreset
[INFO] Coalescing path $.web.podAnnotations
[INFO] Coalescing path $.web.podAntiAffinityPreset
[INFO] Coalescing path $.web.podLabels
[INFO] Coalescing path $.web.podSecurityContext
[INFO] Coalescing path $.web.priorityClassName
[INFO] Coalescing path $.web.replicaCount
[INFO] Coalescing path $.web.resources
[INFO] Coalescing path $.web.schedulerName
[INFO] Coalescing path $.web.sidecars
[INFO] Coalescing path $.web.terminationGracePeriodSeconds
[INFO] Coalescing path $.web.tolerations
[INFO] Coalescing path $.web.topologySpreadConstraints
[INFO] Coalescing path $.web.updateStrategy
[INFO] Coalescing path $.worker.affinity
[INFO] Coalescing path $.worker.allowExternalEgress
[INFO] Coalescing path $.worker.automountServiceAccountToken
[INFO] Coalescing path $.worker.bindIp
[INFO] Coalescing path $.worker.containerSecurityContext
[INFO] Coalescing path $.worker.customLivenessProbe
[INFO] Coalescing path $.worker.customReadinessProbe
[INFO] Coalescing path $.worker.customStartupProbe
[INFO] Coalescing path $.worker.enabled
[INFO] Coalescing path $.worker.existingSecret
[INFO] Coalescing path $.worker.extraEnvVars
[INFO] Coalescing path $.worker.extraEnvVarsCM
[INFO] Coalescing path $.worker.extraEnvVarsSecret
[INFO] Coalescing path $.worker.extraVolumeMounts
[INFO] Coalescing path $.worker.extraVolumes
[INFO] Coalescing path $.worker.hostAliases
[INFO] Coalescing path $.worker.initContainers
[INFO] Coalescing path $.worker.lifecycleHooks
[INFO] Coalescing path $.worker.logLevel
[INFO] Coalescing path $.worker.mode
[INFO] Coalescing path $.worker.nodeSelector
[INFO] Coalescing path $.worker.podAffinityPreset
[INFO] Coalescing path $.worker.podAnnotations
[INFO] Coalescing path $.worker.podAntiAffinityPreset
[INFO] Coalescing path $.worker.podLabels
[INFO] Coalescing path $.worker.podManagementPolicy
[INFO] Coalescing path $.worker.podSecurityContext
[INFO] Coalescing path $.worker.priorityClassName
[INFO] Coalescing path $.worker.replicaCount
[INFO] Coalescing path $.worker.resources
[INFO] Coalescing path $.worker.runtime
[INFO] Coalescing path $.worker.schedulerName
[INFO] Coalescing path $.worker.sidecars
[INFO] Coalescing path $.worker.terminationGracePeriodSeconds
[INFO] Coalescing path $.worker.tolerations
[INFO] Coalescing path $.worker.topologySpreadConstraints
[INFO] Coalescing path $.worker.updateStrategy
[INFO] Coalescing path $.postgresql.audit.clientMinMessages
[INFO] Coalescing path $.postgresql.audit.logConnections
[INFO] Coalescing path $.postgresql.audit.logDisconnections
[INFO] Coalescing path $.postgresql.audit.logHostname
[INFO] Coalescing path $.postgresql.audit.logLinePrefix
[INFO] Coalescing path $.postgresql.audit.logTimezone
[INFO] Coalescing path $.postgresql.audit.pgAuditLog
[INFO] Coalescing path $.postgresql.audit.pgAuditLogCatalog
[INFO] Coalescing path $.postgresql.auth.enablePostgresUser
[INFO] Coalescing path $.postgresql.auth.existingSecret
[INFO] Coalescing path $.postgresql.auth.password
[INFO] Coalescing path $.postgresql.auth.postgresPassword
[INFO] Coalescing path $.postgresql.auth.replicationPassword
[INFO] Coalescing path $.postgresql.auth.replicationUsername
[INFO] Coalescing path $.postgresql.auth.usePasswordFiles
[INFO] Coalescing path $.postgresql.auth.username
[INFO] Coalescing path $.postgresql.backup.enabled
[INFO] Coalescing path $.postgresql.containerPorts.postgresql
[INFO] Coalescing path $.postgresql.diagnosticMode.args
[INFO] Coalescing path $.postgresql.diagnosticMode.command
[INFO] Coalescing path $.postgresql.diagnosticMode.enabled
[INFO] Coalescing path $.postgresql.extraDeploy[*]
[INFO] Coalescing path $.postgresql.image.debug
[INFO] Coalescing path $.postgresql.image.pullPolicy
[INFO] Coalescing path $.postgresql.ldap.baseDN
[INFO] Coalescing path $.postgresql.ldap.basedn
[INFO] Coalescing path $.postgresql.ldap.bindDN
[INFO] Coalescing path $.postgresql.ldap.bind_password
[INFO] Coalescing path $.postgresql.ldap.binddn
[INFO] Coalescing path $.postgresql.ldap.bindpw
[INFO] Coalescing path $.postgresql.ldap.enabled
[INFO] Coalescing path $.postgresql.ldap.port
[INFO] Coalescing path $.postgresql.ldap.prefix
[INFO] Coalescing path $.postgresql.ldap.scheme
[INFO] Coalescing path $.postgresql.ldap.searchAttribute
[INFO] Coalescing path $.postgresql.ldap.searchFilter
[INFO] Coalescing path $.postgresql.ldap.search_attr
[INFO] Coalescing path $.postgresql.ldap.search_filter
[INFO] Coalescing path $.postgresql.ldap.server
[INFO] Coalescing path $.postgresql.ldap.suffix
[INFO] Coalescing path $.postgresql.ldap.uri
[INFO] Coalescing path $.postgresql.ldap.url
[INFO] Coalescing path $.postgresql.metrics.containerSecurityContext
[INFO] Coalescing path $.postgresql.metrics.customLivenessProbe
[INFO] Coalescing path $.postgresql.metrics.customMetrics
[INFO] Coalescing path $.postgresql.metrics.customReadinessProbe
[INFO] Coalescing path $.postgresql.metrics.customStartupProbe
[INFO] Coalescing path $.postgresql.metrics.enabled
[INFO] Coalescing path $.postgresql.metrics.extraEnvVars
[INFO] Coalescing path $.postgresql.metrics.image
[INFO] Coalescing path $.postgresql.metrics.resources
[INFO] Coalescing path $.postgresql.passwordUpdateJob.annotations
[INFO] Coalescing path $.postgresql.passwordUpdateJob.args
[INFO] Coalescing path $.postgresql.passwordUpdateJob.automountServiceAccountToken
[INFO] Coalescing path $.postgresql.passwordUpdateJob.backoffLimit
[INFO] Coalescing path $.postgresql.passwordUpdateJob.command
[INFO] Coalescing path $.postgresql.passwordUpdateJob.containerSecurityContext
[INFO] Coalescing path $.postgresql.passwordUpdateJob.customLivenessProbe
[INFO] Coalescing path $.postgresql.passwordUpdateJob.customReadinessProbe
[INFO] Coalescing path $.postgresql.passwordUpdateJob.customStartupProbe
[INFO] Coalescing path $.postgresql.passwordUpdateJob.enabled
[INFO] Coalescing path $.postgresql.passwordUpdateJob.extraCommands
[INFO] Coalescing path $.postgresql.passwordUpdateJob.extraEnvVars
[INFO] Coalescing path $.postgresql.passwordUpdateJob.extraEnvVarsCM
[INFO] Coalescing path $.postgresql.passwordUpdateJob.extraEnvVarsSecret
[INFO] Coalescing path $.postgresql.passwordUpdateJob.extraVolumeMounts
[INFO] Coalescing path $.postgresql.passwordUpdateJob.extraVolumes
[INFO] Coalescing path $.postgresql.passwordUpdateJob.hostAliases
[INFO] Coalescing path $.postgresql.passwordUpdateJob.initContainers
[INFO] Coalescing path $.postgresql.passwordUpdateJob.podAnnotations
[INFO] Coalescing path $.postgresql.passwordUpdateJob.podLabels
[INFO] Coalescing path $.postgresql.passwordUpdateJob.podSecurityContext
[INFO] Coalescing path $.postgresql.passwordUpdateJob.resources
[INFO] Coalescing path $.postgresql.primary.affinity
[INFO] Coalescing path $.postgresql.primary.annotations
[INFO] Coalescing path $.postgresql.primary.automountServiceAccountToken
[INFO] Coalescing path $.postgresql.primary.configuration
[INFO] Coalescing path $.postgresql.primary.containerSecurityContext
[INFO] Coalescing path $.postgresql.primary.customLivenessProbe
[INFO] Coalescing path $.postgresql.primary.customReadinessProbe
[INFO] Coalescing path $.postgresql.primary.customStartupProbe
[INFO] Coalescing path $.postgresql.primary.existingConfigmap
[INFO] Coalescing path $.postgresql.primary.existingExtendedConfigmap
[INFO] Coalescing path $.postgresql.primary.extendedConfiguration
[INFO] Coalescing path $.postgresql.primary.extraEnvVars
[INFO] Coalescing path $.postgresql.primary.extraEnvVarsCM
[INFO] Coalescing path $.postgresql.primary.extraEnvVarsSecret
[INFO] Coalescing path $.postgresql.primary.extraPodSpec
[INFO] Coalescing path $.postgresql.primary.extraVolumeMounts
[INFO] Coalescing path $.postgresql.primary.extraVolumes
[INFO] Coalescing path $.postgresql.primary.hostAliases
[INFO] Coalescing path $.postgresql.primary.hostIPC
[INFO] Coalescing path $.postgresql.primary.hostNetwork
[INFO] Coalescing path $.postgresql.primary.initContainers
[INFO] Coalescing path $.postgresql.primary.labels
[INFO] Coalescing path $.postgresql.primary.lifecycleHooks
[INFO] Coalescing path $.postgresql.primary.nodeSelector
[INFO] Coalescing path $.postgresql.primary.pgHbaConfiguration
[INFO] Coalescing path $.postgresql.primary.podAffinityPreset
[INFO] Coalescing path $.postgresql.primary.podAnnotations
[INFO] Coalescing path $.postgresql.primary.podAntiAffinityPreset
[INFO] Coalescing path $.postgresql.primary.podLabels
[INFO] Coalescing path $.postgresql.primary.podSecurityContext
[INFO] Coalescing path $.postgresql.primary.priorityClassName
[INFO] Coalescing path $.postgresql.primary.resources
[INFO] Coalescing path $.postgresql.primary.schedulerName
[INFO] Coalescing path $.postgresql.primary.sidecars
[INFO] Coalescing path $.postgresql.primary.terminationGracePeriodSeconds
[INFO] Coalescing path $.postgresql.primary.tolerations
[INFO] Coalescing path $.postgresql.primary.topologySpreadConstraints
[INFO] Coalescing path $.postgresql.primary.updateStrategy
[INFO] Coalescing path $.postgresql.psp.create
[INFO] Coalescing path $.postgresql.rbac.create
[INFO] Coalescing path $.postgresql.rbac.rules
[INFO] Coalescing path $.postgresql.readReplicas.affinity
[INFO] Coalescing path $.postgresql.readReplicas.annotations
[INFO] Coalescing path $.postgresql.readReplicas.automountServiceAccountToken
[INFO] Coalescing path $.postgresql.readReplicas.containerSecurityContext
[INFO] Coalescing path $.postgresql.readReplicas.customLivenessProbe
[INFO] Coalescing path $.postgresql.readReplicas.customReadinessProbe
[INFO] Coalescing path $.postgresql.readReplicas.customStartupProbe
[INFO] Coalescing path $.postgresql.readReplicas.extendedConfiguration
[INFO] Coalescing path $.postgresql.readReplicas.extraEnvVars
[INFO] Coalescing path $.postgresql.readReplicas.extraEnvVarsCM
[INFO] Coalescing path $.postgresql.readReplicas.extraEnvVarsSecret
[INFO] Coalescing path $.postgresql.readReplicas.extraPodSpec
[INFO] Coalescing path $.postgresql.readReplicas.extraVolumeMounts
[INFO] Coalescing path $.postgresql.readReplicas.extraVolumes
[INFO] Coalescing path $.postgresql.readReplicas.hostAliases
[INFO] Coalescing path $.postgresql.readReplicas.hostIPC
[INFO] Coalescing path $.postgresql.readReplicas.hostNetwork
[INFO] Coalescing path $.postgresql.readReplicas.initContainers
[INFO] Coalescing path $.postgresql.readReplicas.labels
[INFO] Coalescing path $.postgresql.readReplicas.lifecycleHooks
[INFO] Coalescing path $.postgresql.readReplicas.nodeSelector
[INFO] Coalescing path $.postgresql.readReplicas.podAffinityPreset
[INFO] Coalescing path $.postgresql.readReplicas.podAnnotations
[INFO] Coalescing path $.postgresql.readReplicas.podAntiAffinityPreset
[INFO] Coalescing path $.postgresql.readReplicas.podLabels
[INFO] Coalescing path $.postgresql.readReplicas.podSecurityContext
[INFO] Coalescing path $.postgresql.readReplicas.priorityClassName
[INFO] Coalescing path $.postgresql.readReplicas.replicaCount
[INFO] Coalescing path $.postgresql.readReplicas.resources
[INFO] Coalescing path $.postgresql.readReplicas.schedulerName
[INFO] Coalescing path $.postgresql.readReplicas.sidecars
[INFO] Coalescing path $.postgresql.readReplicas.terminationGracePeriodSeconds
[INFO] Coalescing path $.postgresql.readReplicas.tolerations
[INFO] Coalescing path $.postgresql.readReplicas.topologySpreadConstraints
[INFO] Coalescing path $.postgresql.readReplicas.updateStrategy
[INFO] Coalescing path $.postgresql.replication.applicationName
[INFO] Coalescing path $.postgresql.replication.numSynchronousReplicas
[INFO] Coalescing path $.postgresql.replication.synchronousCommit
[INFO] Coalescing path $.postgresql.serviceAccount.annotations
[INFO] Coalescing path $.postgresql.serviceAccount.automountServiceAccountToken
[INFO] Coalescing path $.postgresql.serviceAccount.create
[INFO] Coalescing path $.postgresql.serviceBindings.enabled
[INFO] Coalescing path $.postgresql.shmVolume.enabled
[INFO] Coalescing path $.postgresql.shmVolume.sizeLimit
[INFO] Coalescing path $.postgresql.tls.autoGenerated
[INFO] Coalescing path $.postgresql.tls.certCAFilename
[INFO] Coalescing path $.postgresql.tls.crlFilename
[INFO] Coalescing path $.postgresql.tls.enabled
[INFO] Coalescing path $.postgresql.tls.preferServerCiphers
[INFO] Coalescing path $.postgresql.volumePermissions.enabled
[INFO] Coalescing path $.postgresql.volumePermissions.image
[INFO] Coalescing path $.secrets.localAuth.enabled
[INFO] Coalescing path $.service.web.annotations
[INFO] Coalescing path $.service.web.clusterIP
[INFO] Coalescing path $.service.web.externalTrafficPolicy
[INFO] Coalescing path $.service.web.extraPorts
[INFO] Coalescing path $.service.web.loadBalancerIP
[INFO] Coalescing path $.service.web.loadBalancerSourceRanges
[INFO] Coalescing path $.service.web.sessionAffinity
[INFO] Coalescing path $.service.web.sessionAffinityConfig
[INFO] Coalescing path $.service.web.type
[INFO] Coalescing path $.service.workerGateway.annotations
[INFO] Coalescing path $.service.workerGateway.clusterIP
[INFO] Coalescing path $.service.workerGateway.externalTrafficPolicy
[INFO] Coalescing path $.service.workerGateway.extraPorts
[INFO] Coalescing path $.service.workerGateway.loadBalancerIP
[INFO] Coalescing path $.service.workerGateway.loadBalancerSourceRanges
[INFO] Coalescing path $.service.workerGateway.sessionAffinity
[INFO] Coalescing path $.service.workerGateway.sessionAffinityConfig
[INFO] Coalescing path $.service.workerGateway.type
[INFO] Coalescing path $.volumePermissions.image.pullPolicy
[INFO] Coalescing path $.web.auth.cookieSecure
[INFO] Coalescing path $.web.auth.duration
[INFO] Coalescing path $.web.auth.passwordConnector
[INFO] Coalescing path $.web.conjur.applianceUrl
[INFO] Coalescing path $.web.conjur.enabled
[INFO] Coalescing path $.web.conjur.pipelineSecretTemplate
[INFO] Coalescing path $.web.conjur.secretTemplate
[INFO] Coalescing path $.web.conjur.teamSecretTemplate
[INFO] Coalescing path $.web.containerPorts.http
[INFO] Coalescing path $.web.containerPorts.https
[INFO] Coalescing path $.web.containerPorts.pprof
[INFO] Coalescing path $.web.containerPorts.tsa
[INFO] Coalescing path $.web.containerSecurityContext.enabled
[INFO] Coalescing path $.web.networkPolicy.allowExternal
[INFO] Coalescing path $.web.networkPolicy.enabled
[INFO] Coalescing path $.web.networkPolicy.extraEgress
[INFO] Coalescing path $.web.networkPolicy.extraIngress
[INFO] Coalescing path $.web.networkPolicy.ingressNSMatchLabels
[INFO] Coalescing path $.web.networkPolicy.ingressNSPodMatchLabels
[INFO] Coalescing path $.web.networkPolicy.kubeAPIServerPorts
[INFO] Coalescing path $.web.nodeAffinityPreset.key
[INFO] Coalescing path $.web.nodeAffinityPreset.type
[INFO] Coalescing path $.web.nodeAffinityPreset.values
[INFO] Coalescing path $.web.pdb.create
[INFO] Coalescing path $.web.pdb.maxUnavailable
[INFO] Coalescing path $.web.pdb.minAvailable
[INFO] Coalescing path $.web.podSecurityContext.enabled
[INFO] Coalescing path $.web.psp.create
[INFO] Coalescing path $.web.rbac.create
[INFO] Coalescing path $.web.rbac.rules
[INFO] Coalescing path $.web.serviceAccount.annotations
[INFO] Coalescing path $.web.serviceAccount.automountServiceAccountToken
[INFO] Coalescing path $.web.serviceAccount.create
[INFO] Coalescing path $.web.tls.enabled
[INFO] Coalescing path $.web.tsa.bindIp
[INFO] Coalescing path $.web.tsa.debugBindIp
[INFO] Coalescing path $.web.tsa.gardenRequestTimeout
[INFO] Coalescing path $.web.tsa.heartbeatInterval
[INFO] Coalescing path $.web.tsa.logLevel
[INFO] Coalescing path $.worker.autoscaling.builtInMetrics
[INFO] Coalescing path $.worker.autoscaling.customMetrics
[INFO] Coalescing path $.worker.autoscaling.enabled
[INFO] Coalescing path $.worker.autoscaling.maxReplicas
[INFO] Coalescing path $.worker.autoscaling.minReplicas
[INFO] Coalescing path $.worker.baggageclaim.bindIp
[INFO] Coalescing path $.worker.baggageclaim.btrfsBin
[INFO] Coalescing path $.worker.baggageclaim.debugBindIp
[INFO] Coalescing path $.worker.baggageclaim.disableUserNamespaces
[INFO] Coalescing path $.worker.baggageclaim.driver
[INFO] Coalescing path $.worker.baggageclaim.logLevel
[INFO] Coalescing path $.worker.baggageclaim.mkfsBin
[INFO] Coalescing path $.worker.baggageclaim.overlaysDir
[INFO] Coalescing path $.worker.baggageclaim.volumes
[INFO] Coalescing path $.worker.containerPorts.baggageclaim
[INFO] Coalescing path $.worker.containerPorts.garden
[INFO] Coalescing path $.worker.containerPorts.health
[INFO] Coalescing path $.worker.containerPorts.pprof
[INFO] Coalescing path $.worker.containerSecurityContext.enabled
[INFO] Coalescing path $.worker.containerSecurityContext.privileged
[INFO] Coalescing path $.worker.containerSecurityContext.runAsUser
[INFO] Coalescing path $.worker.networkPolicy.allowExternal
[INFO] Coalescing path $.worker.networkPolicy.enabled
[INFO] Coalescing path $.worker.networkPolicy.extraEgress
[INFO] Coalescing path $.worker.networkPolicy.extraIngress
[INFO] Coalescing path $.worker.networkPolicy.ingressNSMatchLabels
[INFO] Coalescing path $.worker.networkPolicy.ingressNSPodMatchLabels
[INFO] Coalescing path $.worker.networkPolicy.kubeAPIServerPorts
[INFO] Coalescing path $.worker.nodeAffinityPreset.key
[INFO] Coalescing path $.worker.nodeAffinityPreset.type
[INFO] Coalescing path $.worker.nodeAffinityPreset.values
[INFO] Coalescing path $.worker.pdb.create
[INFO] Coalescing path $.worker.pdb.maxUnavailable
[INFO] Coalescing path $.worker.pdb.minAvailable
[INFO] Coalescing path $.worker.persistence.enabled
[INFO] Coalescing path $.worker.persistence.existingClaim
[INFO] Coalescing path $.worker.podSecurityContext.enabled
[INFO] Coalescing path $.worker.podSecurityContext.fsGroup
[INFO] Coalescing path $.worker.psp.create
[INFO] Coalescing path $.worker.rbac.create
[INFO] Coalescing path $.worker.rbac.rules
[INFO] Coalescing path $.worker.serviceAccount.annotations
[INFO] Coalescing path $.worker.serviceAccount.automountServiceAccountToken
[INFO] Coalescing path $.worker.serviceAccount.create
[INFO] Coalescing path $.global.postgresql.auth.existingSecret
[INFO] Coalescing path $.global.postgresql.auth.password
[INFO] Coalescing path $.global.postgresql.auth.postgresPassword
[INFO] Coalescing path $.ingress.extraHosts[*].name
[INFO] Coalescing path $.ingress.extraHosts[*].path
[INFO] Coalescing path $.ingress.extraHosts[*].pathType
[INFO] Coalescing path $.ingress.secrets[*].certificate
[INFO] Coalescing path $.ingress.secrets[*].key
[INFO] Coalescing path $.ingress.secrets[*].name
[INFO] Coalescing path $.postgresql.auth.secretKeys.adminPasswordKey
[INFO] Coalescing path $.postgresql.auth.secretKeys.replicationPasswordKey
[INFO] Coalescing path $.postgresql.auth.secretKeys.userPasswordKey
[INFO] Coalescing path $.postgresql.backup.cronjob.annotations
[INFO] Coalescing path $.postgresql.backup.cronjob.command
[INFO] Coalescing path $.postgresql.backup.cronjob.concurrencyPolicy
[INFO] Coalescing path $.postgresql.backup.cronjob.containerSecurityContext
[INFO] Coalescing path $.postgresql.backup.cronjob.extraVolumeMounts
[INFO] Coalescing path $.postgresql.backup.cronjob.extraVolumes
[INFO] Coalescing path $.postgresql.backup.cronjob.failedJobsHistoryLimit
[INFO] Coalescing path $.postgresql.backup.cronjob.labels
[INFO] Coalescing path $.postgresql.backup.cronjob.nodeSelector
[INFO] Coalescing path $.postgresql.backup.cronjob.podLabels
[INFO] Coalescing path $.postgresql.backup.cronjob.resources
[INFO] Coalescing path $.postgresql.backup.cronjob.restartPolicy
[INFO] Coalescing path $.postgresql.backup.cronjob.schedule
[INFO] Coalescing path $.postgresql.backup.cronjob.startingDeadlineSeconds
[INFO] Coalescing path $.postgresql.backup.cronjob.storage
[INFO] Coalescing path $.postgresql.backup.cronjob.successfulJobsHistoryLimit
[INFO] Coalescing path $.postgresql.backup.cronjob.timeZone
[INFO] Coalescing path $.postgresql.backup.cronjob.tolerations
[INFO] Coalescing path $.postgresql.backup.cronjob.ttlSecondsAfterFinished
[INFO] Coalescing path $.postgresql.metrics.containerPorts.metrics
[INFO] Coalescing path $.postgresql.metrics.containerSecurityContext.enabled
[INFO] Coalescing path $.postgresql.metrics.image.pullPolicy
[INFO] Coalescing path $.postgresql.metrics.prometheusRule.enabled
[INFO] Coalescing path $.postgresql.metrics.prometheusRule.labels
[INFO] Coalescing path $.postgresql.metrics.prometheusRule.namespace
[INFO] Coalescing path $.postgresql.metrics.prometheusRule.rules
[INFO] Coalescing path $.postgresql.metrics.service.annotations
[INFO] Coalescing path $.postgresql.metrics.service.clusterIP
[INFO] Coalescing path $.postgresql.metrics.service.sessionAffinity
[INFO] Coalescing path $.postgresql.metrics.serviceMonitor.enabled
[INFO] Coalescing path $.postgresql.metrics.serviceMonitor.honorLabels
[INFO] Coalescing path $.postgresql.metrics.serviceMonitor.interval
[INFO] Coalescing path $.postgresql.metrics.serviceMonitor.jobLabel
[INFO] Coalescing path $.postgresql.metrics.serviceMonitor.labels
[INFO] Coalescing path $.postgresql.metrics.serviceMonitor.metricRelabelings
[INFO] Coalescing path $.postgresql.metrics.serviceMonitor.namespace
[INFO] Coalescing path $.postgresql.metrics.serviceMonitor.relabelings
[INFO] Coalescing path $.postgresql.metrics.serviceMonitor.scrapeTimeout
[INFO] Coalescing path $.postgresql.metrics.serviceMonitor.selector
[INFO] Coalescing path $.postgresql.passwordUpdateJob.containerSecurityContext.enabled
[INFO] Coalescing path $.postgresql.passwordUpdateJob.podSecurityContext.enabled
[INFO] Coalescing path $.postgresql.passwordUpdateJob.previousPasswords.existingSecret
[INFO] Coalescing path $.postgresql.passwordUpdateJob.previousPasswords.password
[INFO] Coalescing path $.postgresql.passwordUpdateJob.previousPasswords.postgresPassword
[INFO] Coalescing path $.postgresql.passwordUpdateJob.previousPasswords.replicationPassword
[INFO] Coalescing path $.postgresql.primary.containerSecurityContext.enabled
[INFO] Coalescing path $.postgresql.primary.containerSecurityContext.runAsUser
[INFO] Coalescing path $.postgresql.primary.initdb.args
[INFO] Coalescing path $.postgresql.primary.initdb.password
[INFO] Coalescing path $.postgresql.primary.initdb.postgresqlWalDir
[INFO] Coalescing path $.postgresql.primary.initdb.scripts
[INFO] Coalescing path $.postgresql.primary.initdb.scriptsConfigMap
[INFO] Coalescing path $.postgresql.primary.initdb.scriptsSecret
[INFO] Coalescing path $.postgresql.primary.initdb.user
[INFO] Coalescing path $.postgresql.primary.networkPolicy.allowExternal
[INFO] Coalescing path $.postgresql.primary.networkPolicy.allowExternalEgress
[INFO] Coalescing path $.postgresql.primary.networkPolicy.enabled
[INFO] Coalescing path $.postgresql.primary.networkPolicy.extraEgress
[INFO] Coalescing path $.postgresql.primary.networkPolicy.extraIngress
[INFO] Coalescing path $.postgresql.primary.networkPolicy.ingressNSMatchLabels
[INFO] Coalescing path $.postgresql.primary.networkPolicy.ingressNSPodMatchLabels
[INFO] Coalescing path $.postgresql.primary.nodeAffinityPreset.key
[INFO] Coalescing path $.postgresql.primary.nodeAffinityPreset.type
[INFO] Coalescing path $.postgresql.primary.nodeAffinityPreset.values
[INFO] Coalescing path $.postgresql.primary.pdb.create
[INFO] Coalescing path $.postgresql.primary.pdb.maxUnavailable
[INFO] Coalescing path $.postgresql.primary.pdb.minAvailable
[INFO] Coalescing path $.postgresql.primary.persistence.enabled
[INFO] Coalescing path $.postgresql.primary.persistence.existingClaim
[INFO] Coalescing path $.postgresql.primary.persistence.mountPath
[INFO] Coalescing path $.postgresql.primary.persistence.subPath
[INFO] Coalescing path $.postgresql.primary.persistence.volumeName
[INFO] Coalescing path $.postgresql.primary.podSecurityContext.enabled
[INFO] Coalescing path $.postgresql.primary.preInitDb.scripts
[INFO] Coalescing path $.postgresql.primary.preInitDb.scriptsConfigMap
[INFO] Coalescing path $.postgresql.primary.preInitDb.scriptsSecret
[INFO] Coalescing path $.postgresql.primary.service.annotations
[INFO] Coalescing path $.postgresql.primary.service.clusterIP
[INFO] Coalescing path $.postgresql.primary.service.externalTrafficPolicy
[INFO] Coalescing path $.postgresql.primary.service.extraPorts
[INFO] Coalescing path $.postgresql.primary.service.labels
[INFO] Coalescing path $.postgresql.primary.service.loadBalancerClass
[INFO] Coalescing path $.postgresql.primary.service.loadBalancerIP
[INFO] Coalescing path $.postgresql.primary.service.loadBalancerSourceRanges
[INFO] Coalescing path $.postgresql.primary.service.sessionAffinity
[INFO] Coalescing path $.postgresql.primary.service.sessionAffinityConfig
[INFO] Coalescing path $.postgresql.primary.service.type
[INFO] Coalescing path $.postgresql.primary.standby.enabled
[INFO] Coalescing path $.postgresql.primary.standby.primaryHost
[INFO] Coalescing path $.postgresql.primary.standby.primaryPort
[INFO] Coalescing path $.postgresql.readReplicas.containerSecurityContext.enabled
[INFO] Coalescing path $.postgresql.readReplicas.networkPolicy.allowExternal
[INFO] Coalescing path $.postgresql.readReplicas.networkPolicy.allowExternalEgress
[INFO] Coalescing path $.postgresql.readReplicas.networkPolicy.enabled
[INFO] Coalescing path $.postgresql.readReplicas.networkPolicy.extraEgress
[INFO] Coalescing path $.postgresql.readReplicas.networkPolicy.extraIngress
[INFO] Coalescing path $.postgresql.readReplicas.networkPolicy.ingressNSMatchLabels
[INFO] Coalescing path $.postgresql.readReplicas.networkPolicy.ingressNSPodMatchLabels
[INFO] Coalescing path $.postgresql.readReplicas.nodeAffinityPreset.key
[INFO] Coalescing path $.postgresql.readReplicas.nodeAffinityPreset.type
[INFO] Coalescing path $.postgresql.readReplicas.nodeAffinityPreset.values
[INFO] Coalescing path $.postgresql.readReplicas.pdb.create
[INFO] Coalescing path $.postgresql.readReplicas.pdb.maxUnavailable
[INFO] Coalescing path $.postgresql.readReplicas.pdb.minAvailable
[INFO] Coalescing path $.postgresql.readReplicas.persistence.enabled
[INFO] Coalescing path $.postgresql.readReplicas.persistence.existingClaim
[INFO] Coalescing path $.postgresql.readReplicas.persistence.mountPath
[INFO] Coalescing path $.postgresql.readReplicas.persistence.subPath
[INFO] Coalescing path $.postgresql.readReplicas.podSecurityContext.enabled
[INFO] Coalescing path $.postgresql.readReplicas.service.annotations
[INFO] Coalescing path $.postgresql.readReplicas.service.clusterIP
[INFO] Coalescing path $.postgresql.readReplicas.service.externalTrafficPolicy
[INFO] Coalescing path $.postgresql.readReplicas.service.extraPorts
[INFO] Coalescing path $.postgresql.readReplicas.service.labels
[INFO] Coalescing path $.postgresql.readReplicas.service.loadBalancerClass
[INFO] Coalescing path $.postgresql.readReplicas.service.loadBalancerIP
[INFO] Coalescing path $.postgresql.readReplicas.service.loadBalancerSourceRanges
[INFO] Coalescing path $.postgresql.readReplicas.service.sessionAffinity
[INFO] Coalescing path $.postgresql.readReplicas.service.sessionAffinityConfig
[INFO] Coalescing path $.postgresql.readReplicas.service.type
[INFO] Coalescing path $.postgresql.volumePermissions.image.pullPolicy
[INFO] Coalescing path $.service.web.nodePorts.http
[INFO] Coalescing path $.service.web.nodePorts.https
[INFO] Coalescing path $.service.web.ports.http
[INFO] Coalescing path $.service.web.ports.https
[INFO] Coalescing path $.service.workerGateway.nodePorts.tsa
[INFO] Coalescing path $.service.workerGateway.ports.tsa
[INFO] Coalescing path $.web.auth.mainTeam.config
[INFO] Coalescing path $.web.auth.mainTeam.localUser
[INFO] Coalescing path $.web.networkPolicy.ingressNSMatchLabels[*]
[INFO] Coalescing path $.web.networkPolicy.ingressNSPodMatchLabels[*]
[INFO] Coalescing path $.web.networkPolicy.kubeAPIServerPorts[*]
[INFO] Coalescing path $.worker.networkPolicy.ingressNSMatchLabels[*]
[INFO] Coalescing path $.worker.networkPolicy.ingressNSPodMatchLabels[*]
[INFO] Coalescing path $.worker.networkPolicy.kubeAPIServerPorts[*]
[INFO] Coalescing path $.global.postgresql.auth.secretKeys.adminPasswordKey
[INFO] Coalescing path $.global.postgresql.auth.secretKeys.replicationPasswordKey
[INFO] Coalescing path $.global.postgresql.auth.secretKeys.userPasswordKey
[INFO] Coalescing path $.postgresql.backup.cronjob.containerSecurityContext.enabled
[INFO] Coalescing path $.postgresql.backup.cronjob.networkPolicy.enabled
[INFO] Coalescing path $.postgresql.backup.cronjob.podSecurityContext.enabled
[INFO] Coalescing path $.postgresql.backup.cronjob.podSecurityContext.fsGroup
[INFO] Coalescing path $.postgresql.backup.cronjob.storage.accessModes
[INFO] Coalescing path $.postgresql.backup.cronjob.storage.enabled
[INFO] Coalescing path $.postgresql.backup.cronjob.storage.existingClaim
[INFO] Coalescing path $.postgresql.backup.cronjob.storage.mountPath
[INFO] Coalescing path $.postgresql.backup.cronjob.storage.resourcePolicy
[INFO] Coalescing path $.postgresql.backup.cronjob.storage.size
[INFO] Coalescing path $.postgresql.backup.cronjob.storage.subPath
[INFO] Coalescing path $.postgresql.global.postgresql.auth.existingSecret
[INFO] Coalescing path $.postgresql.global.postgresql.auth.password
[INFO] Coalescing path $.postgresql.global.postgresql.auth.postgresPassword
[INFO] Coalescing path $.postgresql.metrics.service.ports.metrics
[INFO] Coalescing path $.postgresql.primary.networkPolicy.ingressNSMatchLabels[*]
[INFO] Coalescing path $.postgresql.primary.networkPolicy.ingressNSPodMatchLabels[*]
[INFO] Coalescing path $.postgresql.primary.service.headless.annotations
[INFO] Coalescing path $.postgresql.primary.service.nodePorts.postgresql
[INFO] Coalescing path $.postgresql.readReplicas.networkPolicy.ingressNSMatchLabels[*]
[INFO] Coalescing path $.postgresql.readReplicas.networkPolicy.ingressNSPodMatchLabels[*]
[INFO] Coalescing path $.postgresql.readReplicas.service.headless.annotations
[INFO] Coalescing path $.postgresql.readReplicas.service.nodePorts.postgresql
[INFO] Coalescing path $.postgresql.backup.cronjob.storage.accessModes[*]
[INFO] Coalescing path $.postgresql.global.postgresql.auth.secretKeys.adminPasswordKey
[INFO] Coalescing path $.postgresql.global.postgresql.auth.secretKeys.replicationPasswordKey
[INFO] Coalescing path $.postgresql.global.postgresql.auth.secretKeys.userPasswordKey
[INFO] Discovered 1181 unique value paths; random traversal, seed 0
[INFO] Testing path $.postgresql.readReplicas.readinessProbe.successThreshold (1/1181)
[INFO] Compiler input baseline: 539 statically named fields
[INFO] Render hashes (run-local): 100 observed, 100 unique, 0 duplicate bundles; 0 successful validations reused
[INFO] Testing path $.web.containerSecurityContext.capabilities (2/1181)
[INFO] Compiler input baseline: 539 statically named fields
[INFO] Render hashes (run-local): 100 observed, 100 unique, 0 duplicate bundles; 0 successful validations reused
[INFO] Testing path $.worker.pdb (3/1181)
[INFO] Compiler input baseline: 539 statically named fields
[INFO] Execution stopped at the 49.2746s time limit; coverage is incomplete
[INFO] Render hashes (run-local): 60 observed, 60 unique, 0 duplicate bundles; 0 successful validations reused
[INFO] .: time-limit; testing 304.23s; dependency preparation 0.83s; 0 charts remain
