[INFO] Chart 1/1: .
[INFO] Preparing dependencies for . (excluded from testing budgets)
[INFO] Finite filtering unavailable: permutations need closed objects at (); set additionalProperties: false; filtering generation before value-path traversal
[INFO] Coalescing path $.affinity
[INFO] Coalescing path $.automountServiceAccountToken
[INFO] Coalescing path $.clusterDomain
[INFO] Coalescing path $.commonAnnotations
[INFO] Coalescing path $.commonLabels
[INFO] Coalescing path $.configuration
[INFO] Coalescing path $.containerSecurityContext
[INFO] Coalescing path $.customLivenessProbe
[INFO] Coalescing path $.customReadinessProbe
[INFO] Coalescing path $.customStartupProbe
[INFO] Coalescing path $.datacenterName
[INFO] Coalescing path $.domain
[INFO] Coalescing path $.existingConfigmap
[INFO] Coalescing path $.extraDeploy
[INFO] Coalescing path $.extraEnvVars
[INFO] Coalescing path $.extraEnvVarsCM
[INFO] Coalescing path $.extraEnvVarsSecret
[INFO] Coalescing path $.extraVolumeMounts
[INFO] Coalescing path $.extraVolumes
[INFO] Coalescing path $.gossipKey
[INFO] Coalescing path $.hostAliases
[INFO] Coalescing path $.image
[INFO] Coalescing path $.initContainers
[INFO] Coalescing path $.lifecycleHooks
[INFO] Coalescing path $.localConfig
[INFO] Coalescing path $.nodeSelector
[INFO] Coalescing path $.podAffinityPreset
[INFO] Coalescing path $.podAnnotations
[INFO] Coalescing path $.podAntiAffinityPreset
[INFO] Coalescing path $.podLabels
[INFO] Coalescing path $.podManagementPolicy
[INFO] Coalescing path $.podSecurityContext
[INFO] Coalescing path $.priorityClassName
[INFO] Coalescing path $.raftMultiplier
[INFO] Coalescing path $.replicaCount
[INFO] Coalescing path $.resources
[INFO] Coalescing path $.runtimeClassName
[INFO] Coalescing path $.schedulerName
[INFO] Coalescing path $.sidecars
[INFO] Coalescing path $.terminationGracePeriodSeconds
[INFO] Coalescing path $.tlsEncryptionSecretName
[INFO] Coalescing path $.tolerations
[INFO] Coalescing path $.topologySpreadConstraints
[INFO] Coalescing path $.updateStrategy
[INFO] Coalescing path $.containerPorts.dns
[INFO] Coalescing path $.containerPorts.http
[INFO] Coalescing path $.containerPorts.rpc
[INFO] Coalescing path $.containerPorts.rpcServer
[INFO] Coalescing path $.containerPorts.serfLAN
[INFO] Coalescing path $.containerPorts.serfWAN
[INFO] Coalescing path $.containerSecurityContext.enabled
[INFO] Coalescing path $.containerSecurityContext.runAsUser
[INFO] Coalescing path $.diagnosticMode.args
[INFO] Coalescing path $.diagnosticMode.command
[INFO] Coalescing path $.diagnosticMode.enabled
[INFO] Coalescing path $.extraDeploy[*]
[INFO] Coalescing path $.image.debug
[INFO] Coalescing path $.image.pullPolicy
[INFO] Coalescing path $.ingress.annotations
[INFO] Coalescing path $.ingress.certManager
[INFO] Coalescing path $.ingress.enabled
[INFO] Coalescing path $.ingress.existingSecret
[INFO] Coalescing path $.ingress.extraHosts
[INFO] Coalescing path $.ingress.extraPaths
[INFO] Coalescing path $.ingress.extraRules
[INFO] Coalescing path $.ingress.extraTls
[INFO] Coalescing path $.ingress.hostname
[INFO] Coalescing path $.ingress.ingressClassName
[INFO] Coalescing path $.ingress.path
[INFO] Coalescing path $.ingress.pathType
[INFO] Coalescing path $.ingress.secrets
[INFO] Coalescing path $.ingress.selfSigned
[INFO] Coalescing path $.ingress.tls
[INFO] Coalescing path $.metrics.containerSecurityContext
[INFO] Coalescing path $.metrics.enabled
[INFO] Coalescing path $.metrics.image
[INFO] Coalescing path $.metrics.podAnnotations
[INFO] Coalescing path $.metrics.resources
[INFO] Coalescing path $.networkPolicy.allowExternal
[INFO] Coalescing path $.networkPolicy.allowExternalEgress
[INFO] Coalescing path $.networkPolicy.enabled
[INFO] Coalescing path $.networkPolicy.extraEgress
[INFO] Coalescing path $.networkPolicy.extraIngress
[INFO] Coalescing path $.networkPolicy.ingressNSMatchLabels
[INFO] Coalescing path $.networkPolicy.ingressNSPodMatchLabels
[INFO] Coalescing path $.nodeAffinityPreset.key
[INFO] Coalescing path $.nodeAffinityPreset.type
[INFO] Coalescing path $.nodeAffinityPreset.values
[INFO] Coalescing path $.pdb.create
[INFO] Coalescing path $.pdb.maxUnavailable
[INFO] Coalescing path $.pdb.minAvailable
[INFO] Coalescing path $.persistence.enabled
[INFO] Coalescing path $.podSecurityContext.enabled
[INFO] Coalescing path $.podSecurityContext.fsGroup
[INFO] Coalescing path $.service.annotations
[INFO] Coalescing path $.service.clusterIP
[INFO] Coalescing path $.service.enabled
[INFO] Coalescing path $.service.externalTrafficPolicy
[INFO] Coalescing path $.service.extraPorts
[INFO] Coalescing path $.service.loadBalancerIP
[INFO] Coalescing path $.service.loadBalancerSourceRanges
[INFO] Coalescing path $.service.sessionAffinity
[INFO] Coalescing path $.service.sessionAffinityConfig
[INFO] Coalescing path $.service.type
[INFO] Coalescing path $.serviceAccount.annotations
[INFO] Coalescing path $.serviceAccount.automountServiceAccountToken
[INFO] Coalescing path $.serviceAccount.create
[INFO] Coalescing path $.tags["bitnami-common"]
[INFO] Coalescing path $.volumePermissions.enabled
[INFO] Coalescing path $.volumePermissions.image
[INFO] Coalescing path $.volumePermissions.resources
[INFO] Coalescing path $.metrics.containerSecurityContext.enabled
[INFO] Coalescing path $.metrics.image.pullPolicy
[INFO] Coalescing path $.metrics.service.annotations
[INFO] Coalescing path $.metrics.service.loadBalancerIP
[INFO] Coalescing path $.metrics.service.type
[INFO] Coalescing path $.metrics.serviceMonitor.additionalLabels
[INFO] Coalescing path $.metrics.serviceMonitor.enabled
[INFO] Coalescing path $.metrics.serviceMonitor.honorLabels
[INFO] Coalescing path $.metrics.serviceMonitor.interval
[INFO] Coalescing path $.metrics.serviceMonitor.jobLabel
[INFO] Coalescing path $.metrics.serviceMonitor.labels
[INFO] Coalescing path $.metrics.serviceMonitor.metricRelabelings
[INFO] Coalescing path $.metrics.serviceMonitor.namespace
[INFO] Coalescing path $.metrics.serviceMonitor.relabelings
[INFO] Coalescing path $.metrics.serviceMonitor.scrapeTimeout
[INFO] Coalescing path $.metrics.serviceMonitor.selector
[INFO] Coalescing path $.networkPolicy.ingressNSMatchLabels[*]
[INFO] Coalescing path $.networkPolicy.ingressNSPodMatchLabels[*]
[INFO] Coalescing path $.service.headless.annotations
[INFO] Coalescing path $.service.nodePorts.http
[INFO] Coalescing path $.service.ports.http
[INFO] Coalescing path $.volumePermissions.image.pullPolicy
[INFO] Coalescing path $.ingress.extraHosts[*].name
[INFO] Coalescing path $.ingress.extraHosts[*].path
[INFO] Coalescing path $.ingress.extraHosts[*].pathType
[INFO] Coalescing path $.ingress.secrets[*].certificate
[INFO] Coalescing path $.ingress.secrets[*].key
[INFO] Coalescing path $.ingress.secrets[*].name
[INFO] Coalescing path $.ingress.secrets[*].Values.commonAnnotations
[INFO] Discovered 283 unique value paths; random traversal, seed 0
[INFO] Testing path $.metrics.service.annotations["prometheus.io/scrape"] (1/283)
[INFO] Compiler input baseline: 124 statically named fields
[INFO] Render hashes (run-local): 100 observed, 1 unique, 99 duplicate bundles; 99 successful validations reused
[INFO] Testing path $.networkPolicy.allowExternal (2/283)
[INFO] Compiler input baseline: 124 statically named fields
[INFO] Render hashes (run-local): 2 observed, 2 unique, 0 duplicate bundles; 0 successful validations reused
[INFO] Testing path $.topologySpreadConstraints[*] (3/283)
[INFO] Compiler input baseline: 124 statically named fields
[INFO] Render hashes (run-local): 100 observed, 87 unique, 13 duplicate bundles; 13 successful validations reused
[INFO] Testing path $.initContainers (4/283)
[INFO] Compiler input baseline: 124 statically named fields
[INFO] Render hashes (run-local): 100 observed, 90 unique, 10 duplicate bundles; 10 successful validations reused
[INFO] Testing path $.startupProbe.timeoutSeconds (5/283)
[INFO] Compiler input baseline: 124 statically named fields
[INFO] Render hashes (run-local): 100 observed, 1 unique, 99 duplicate bundles; 99 successful validations reused
[INFO] Testing path $.lifecycleHooks (6/283)
[INFO] Compiler input baseline: 124 statically named fields
[INFO] Render hashes (run-local): 100 observed, 97 unique, 3 duplicate bundles; 3 successful validations reused
[INFO] Testing path $.ingress.secrets (7/283)
[INFO] Compiler input baseline: 124 statically named fields
[INFO] Render hashes (run-local): 100 observed, 1 unique, 99 duplicate bundles; 99 successful validations reused
[INFO] Testing path $.image (8/283)
[INFO] Compiler input baseline: 124 statically named fields
[INFO] Render hashes (run-local): 23 observed, 8 unique, 15 duplicate bundles; 15 successful validations reused
[INFO] Testing path $.nodeAffinityPreset.values (9/283)
[INFO] Compiler input baseline: 124 statically named fields
[INFO] Render hashes (run-local): 100 observed, 1 unique, 99 duplicate bundles; 99 successful validations reused
[INFO] Testing path $.raftMultiplier (10/283)
[INFO] Compiler input baseline: 124 statically named fields
[INFO] Render hashes (run-local): 100 observed, 97 unique, 3 duplicate bundles; 3 successful validations reused
[INFO] Testing path $.ingress.selfSigned (11/283)
[INFO] Compiler input baseline: 124 statically named fields
[INFO] Render hashes (run-local): 2 observed, 1 unique, 1 duplicate bundles; 1 successful validations reused
[INFO] Testing path $.image.pullSecrets (12/283)
[INFO] Compiler input baseline: 124 statically named fields
[INFO] Render hashes (run-local): 59 observed, 29 unique, 30 duplicate bundles; 10 successful validations reused
[INFO] Testing path $.livenessProbe.periodSeconds (13/283)
[INFO] Compiler input baseline: 124 statically named fields
[INFO] Execution stopped at the 18.2146s time limit; coverage is incomplete
[INFO] Render hashes (run-local): 59 observed, 59 unique, 0 duplicate bundles; 0 successful validations reused
[INFO] .: failed; testing 301.17s; dependency preparation 0.61s; 0 charts remain
