[INFO] Chart 1/1: .
[INFO] Preparing dependencies for . (excluded from testing budgets)
[INFO] Finite filtering unavailable: permutations need closed objects at (); set additionalProperties: false; filtering generation before value-path traversal
[INFO] Coalescing path $.affinity
[INFO] Coalescing path $.allowEmptyPassword
[INFO] Coalescing path $.args
[INFO] Coalescing path $.automountServiceAccountToken
[INFO] Coalescing path $.command
[INFO] Coalescing path $.commonAnnotations
[INFO] Coalescing path $.commonLabels
[INFO] Coalescing path $.containerSecurityContext
[INFO] Coalescing path $.customLivenessProbe
[INFO] Coalescing path $.customReadinessProbe
[INFO] Coalescing path $.customStartupProbe
[INFO] Coalescing path $.drupalEmail
[INFO] Coalescing path $.drupalPassword
[INFO] Coalescing path $.drupalProfile
[INFO] Coalescing path $.drupalSkipInstall
[INFO] Coalescing path $.drupalUsername
[INFO] Coalescing path $.existingSecret
[INFO] Coalescing path $.extraContainerPorts
[INFO] Coalescing path $.extraDeploy
[INFO] Coalescing path $.extraEnvVars
[INFO] Coalescing path $.extraEnvVarsCM
[INFO] Coalescing path $.extraEnvVarsSecret
[INFO] Coalescing path $.extraVolumeMounts
[INFO] Coalescing path $.extraVolumes
[INFO] Coalescing path $.global
[INFO] Coalescing path $.hostAliases
[INFO] Coalescing path $.image
[INFO] Coalescing path $.initContainers
[INFO] Coalescing path $.lifecycleHooks
[INFO] Coalescing path $.nodeSelector
[INFO] Coalescing path $.podAffinityPreset
[INFO] Coalescing path $.podAnnotations
[INFO] Coalescing path $.podAntiAffinityPreset
[INFO] Coalescing path $.podLabels
[INFO] Coalescing path $.podSecurityContext
[INFO] Coalescing path $.priorityClassName
[INFO] Coalescing path $.replicaCount
[INFO] Coalescing path $.resources
[INFO] Coalescing path $.schedulerName
[INFO] Coalescing path $.sidecars
[INFO] Coalescing path $.smtpHost
[INFO] Coalescing path $.smtpPassword
[INFO] Coalescing path $.smtpPort
[INFO] Coalescing path $.smtpProtocol
[INFO] Coalescing path $.smtpUser
[INFO] Coalescing path $.tolerations
[INFO] Coalescing path $.topologySpreadConstraints
[INFO] Coalescing path $.updateStrategy
[INFO] Coalescing path $.usePasswordFiles
[INFO] Coalescing path $.certificates.args
[INFO] Coalescing path $.certificates.command
[INFO] Coalescing path $.certificates.customCAs
[INFO] Coalescing path $.certificates.extraEnvVars
[INFO] Coalescing path $.certificates.extraEnvVarsCM
[INFO] Coalescing path $.certificates.extraEnvVarsSecret
[INFO] Coalescing path $.certificates.image
[INFO] Coalescing path $.containerPorts.http
[INFO] Coalescing path $.containerPorts.https
[INFO] Coalescing path $.containerSecurityContext.enabled
[INFO] Coalescing path $.containerSecurityContext.runAsUser
[INFO] Coalescing path $.externalDatabase.database
[INFO] Coalescing path $.externalDatabase.existingSecret
[INFO] Coalescing path $.externalDatabase.host
[INFO] Coalescing path $.externalDatabase.password
[INFO] Coalescing path $.externalDatabase.user
[INFO] Coalescing path $.extraContainerPorts[*]
[INFO] Coalescing path $.extraDeploy[*]
[INFO] Coalescing path $.global.imagePullSecrets
[INFO] Coalescing path $.image.debug
[INFO] Coalescing path $.image.pullPolicy
[INFO] Coalescing path $.image.pullSecrets
[INFO] Coalescing path $.ingress.annotations
[INFO] Coalescing path $.ingress.certManager
[INFO] Coalescing path $.ingress.enabled
[INFO] Coalescing path $.ingress.extraHosts
[INFO] Coalescing path $.ingress.extraPaths
[INFO] Coalescing path $.ingress.extraRules
[INFO] Coalescing path $.ingress.extraTls
[INFO] Coalescing path $.ingress.hostname
[INFO] Coalescing path $.ingress.hosts
[INFO] Coalescing path $.ingress.ingressClassName
[INFO] Coalescing path $.ingress.path
[INFO] Coalescing path $.ingress.pathType
[INFO] Coalescing path $.ingress.secrets
[INFO] Coalescing path $.ingress.tls
[INFO] Coalescing path $.ingress.tlsWwwPrefix
[INFO] Coalescing path $.mariadb.architecture
[INFO] Coalescing path $.mariadb.clusterDomain
[INFO] Coalescing path $.mariadb.commonAnnotations
[INFO] Coalescing path $.mariadb.commonLabels
[INFO] Coalescing path $.mariadb.enabled
[INFO] Coalescing path $.mariadb.extraDeploy
[INFO] Coalescing path $.mariadb.global
[INFO] Coalescing path $.mariadb.image
[INFO] Coalescing path $.mariadb.initdbScripts
[INFO] Coalescing path $.mariadb.initdbScriptsConfigMap
[INFO] Coalescing path $.mariadb.schedulerName
[INFO] Coalescing path $.mariadb.usePasswordFiles
[INFO] Coalescing path $.metrics.enabled
[INFO] Coalescing path $.metrics.image
[INFO] Coalescing path $.metrics.podAnnotations
[INFO] Coalescing path $.metrics.resources
[INFO] Coalescing path $.metrics.resourcesPreset
[INFO] Coalescing path $.networkPolicy.allowExternal
[INFO] Coalescing path $.networkPolicy.allowExternalEgress
[INFO] Coalescing path $.networkPolicy.enabled
[INFO] Coalescing path $.networkPolicy.extraEgress
[INFO] Coalescing path $.networkPolicy.extraIngress
[INFO] Coalescing path $.networkPolicy.ingressNSMatchLabels
[INFO] Coalescing path $.networkPolicy.ingressNSPodMatchLabels
[INFO] Coalescing path $.nodeAffinityPreset.key
[INFO] Coalescing path $.nodeAffinityPreset.type
[INFO] Coalescing path $.nodeAffinityPreset.values
[INFO] Coalescing path $.pdb.create
[INFO] Coalescing path $.pdb.maxUnavailable
[INFO] Coalescing path $.pdb.minAvailable
[INFO] Coalescing path $.persistence.accessMode
[INFO] Coalescing path $.persistence.accessModes
[INFO] Coalescing path $.persistence.annotations
[INFO] Coalescing path $.persistence.enabled
[INFO] Coalescing path $.persistence.existingClaim
[INFO] Coalescing path $.persistence.hostPath
[INFO] Coalescing path $.persistence.size
[INFO] Coalescing path $.podSecurityContext.enabled
[INFO] Coalescing path $.podSecurityContext.fsGroup
[INFO] Coalescing path $.service.annotations
[INFO] Coalescing path $.service.clusterIP
[INFO] Coalescing path $.service.externalTrafficPolicy
[INFO] Coalescing path $.service.extraPorts
[INFO] Coalescing path $.service.httpsPort
[INFO] Coalescing path $.service.loadBalancerIP
[INFO] Coalescing path $.service.loadBalancerSourceRanges
[INFO] Coalescing path $.service.port
[INFO] Coalescing path $.service.sessionAffinity
[INFO] Coalescing path $.service.sessionAffinityConfig
[INFO] Coalescing path $.service.type
[INFO] Coalescing path $.serviceAccount.annotations
[INFO] Coalescing path $.serviceAccount.automountServiceAccountToken
[INFO] Coalescing path $.serviceAccount.create
[INFO] Coalescing path $.tags["bitnami-common"]
[INFO] Coalescing path $.volumePermissions.enabled
[INFO] Coalescing path $.volumePermissions.image
[INFO] Coalescing path $.volumePermissions.resources
[INFO] Coalescing path $.certificates.image.pullPolicy
[INFO] Coalescing path $.certificates.image.pullSecrets
[INFO] Coalescing path $.ingress.annotations["nginx.ingress.kubernetes.io/from-to-www-redirect"]
[INFO] Coalescing path $.mariadb.auth.customPasswordFiles
[INFO] Coalescing path $.mariadb.auth.database
[INFO] Coalescing path $.mariadb.auth.forcePassword
[INFO] Coalescing path $.mariadb.auth.password
[INFO] Coalescing path $.mariadb.auth.replicationPassword
[INFO] Coalescing path $.mariadb.auth.replicationUser
[INFO] Coalescing path $.mariadb.auth.rootPassword
[INFO] Coalescing path $.mariadb.auth.usePasswordFiles
[INFO] Coalescing path $.mariadb.auth.username
[INFO] Coalescing path $.mariadb.diagnosticMode.args
[INFO] Coalescing path $.mariadb.diagnosticMode.command
[INFO] Coalescing path $.mariadb.diagnosticMode.enabled
[INFO] Coalescing path $.mariadb.extraDeploy[*]
[INFO] Coalescing path $.mariadb.image.debug
[INFO] Coalescing path $.mariadb.image.pullPolicy
[INFO] Coalescing path $.mariadb.metrics.annotations
[INFO] Coalescing path $.mariadb.metrics.containerSecurityContext
[INFO] Coalescing path $.mariadb.metrics.enabled
[INFO] Coalescing path $.mariadb.metrics.image
[INFO] Coalescing path $.mariadb.metrics.livenessProbe
[INFO] Coalescing path $.mariadb.metrics.readinessProbe
[INFO] Coalescing path $.mariadb.metrics.resources
[INFO] Coalescing path $.mariadb.networkPolicy.allowExternal
[INFO] Coalescing path $.mariadb.networkPolicy.allowExternalEgress
[INFO] Coalescing path $.mariadb.networkPolicy.enabled
[INFO] Coalescing path $.mariadb.networkPolicy.extraEgress
[INFO] Coalescing path $.mariadb.networkPolicy.extraIngress
[INFO] Coalescing path $.mariadb.networkPolicy.ingressNSMatchLabels
[INFO] Coalescing path $.mariadb.networkPolicy.ingressNSPodMatchLabels
[INFO] Coalescing path $.mariadb.passwordUpdateJob.args
[INFO] Coalescing path $.mariadb.passwordUpdateJob.automountServiceAccountToken
[INFO] Coalescing path $.mariadb.passwordUpdateJob.backoffLimit
[INFO] Coalescing path $.mariadb.passwordUpdateJob.command
[INFO] Coalescing path $.mariadb.passwordUpdateJob.containerSecurityContext
[INFO] Coalescing path $.mariadb.passwordUpdateJob.customLivenessProbe
[INFO] Coalescing path $.mariadb.passwordUpdateJob.customReadinessProbe
[INFO] Coalescing path $.mariadb.passwordUpdateJob.customStartupProbe
[INFO] Coalescing path $.mariadb.passwordUpdateJob.enabled
[INFO] Coalescing path $.mariadb.passwordUpdateJob.extraEnvVars
[INFO] Coalescing path $.mariadb.passwordUpdateJob.extraEnvVarsCM
[INFO] Coalescing path $.mariadb.passwordUpdateJob.extraEnvVarsSecret
[INFO] Coalescing path $.mariadb.passwordUpdateJob.extraVolumeMounts
[INFO] Coalescing path $.mariadb.passwordUpdateJob.extraVolumes
[INFO] Coalescing path $.mariadb.passwordUpdateJob.hostAliases
[INFO] Coalescing path $.mariadb.passwordUpdateJob.initContainers
[INFO] Coalescing path $.mariadb.passwordUpdateJob.podAnnotations
[INFO] Coalescing path $.mariadb.passwordUpdateJob.podLabels
[INFO] Coalescing path $.mariadb.passwordUpdateJob.podSecurityContext
[INFO] Coalescing path $.mariadb.passwordUpdateJob.resources
[INFO] Coalescing path $.mariadb.primary.affinity
[INFO] Coalescing path $.mariadb.primary.automountServiceAccountToken
[INFO] Coalescing path $.mariadb.primary.configuration
[INFO] Coalescing path $.mariadb.primary.containerSecurityContext
[INFO] Coalescing path $.mariadb.primary.customLivenessProbe
[INFO] Coalescing path $.mariadb.primary.customReadinessProbe
[INFO] Coalescing path $.mariadb.primary.customStartupProbe
[INFO] Coalescing path $.mariadb.primary.existingConfigmap
[INFO] Coalescing path $.mariadb.primary.extraEnvVars
[INFO] Coalescing path $.mariadb.primary.extraEnvVarsCM
[INFO] Coalescing path $.mariadb.primary.extraEnvVarsSecret
[INFO] Coalescing path $.mariadb.primary.extraFlags
[INFO] Coalescing path $.mariadb.primary.extraVolumeMounts
[INFO] Coalescing path $.mariadb.primary.extraVolumes
[INFO] Coalescing path $.mariadb.primary.hostAliases
[INFO] Coalescing path $.mariadb.primary.initContainers
[INFO] Coalescing path $.mariadb.primary.lifecycleHooks
[INFO] Coalescing path $.mariadb.primary.nodeSelector
[INFO] Coalescing path $.mariadb.primary.podAffinityPreset
[INFO] Coalescing path $.mariadb.primary.podAnnotations
[INFO] Coalescing path $.mariadb.primary.podAntiAffinityPreset
[INFO] Coalescing path $.mariadb.primary.podLabels
[INFO] Coalescing path $.mariadb.primary.podSecurityContext
[INFO] Coalescing path $.mariadb.primary.priorityClassName
[INFO] Coalescing path $.mariadb.primary.resources
[INFO] Coalescing path $.mariadb.primary.revisionHistoryLimit
[INFO] Coalescing path $.mariadb.primary.runtimeClassName
[INFO] Coalescing path $.mariadb.primary.schedulerName
[INFO] Coalescing path $.mariadb.primary.sidecars
[INFO] Coalescing path $.mariadb.primary.startupWaitOptions
[INFO] Coalescing path $.mariadb.primary.terminationGracePeriodSeconds
[INFO] Coalescing path $.mariadb.primary.tolerations
[INFO] Coalescing path $.mariadb.primary.topologySpreadConstraints
[INFO] Coalescing path $.mariadb.primary.updateStrategy
[INFO] Coalescing path $.mariadb.rbac.create
[INFO] Coalescing path $.mariadb.secondary.affinity
[INFO] Coalescing path $.mariadb.secondary.automountServiceAccountToken
[INFO] Coalescing path $.mariadb.secondary.configuration
[INFO] Coalescing path $.mariadb.secondary.containerSecurityContext
[INFO] Coalescing path $.mariadb.secondary.customLivenessProbe
[INFO] Coalescing path $.mariadb.secondary.customReadinessProbe
[INFO] Coalescing path $.mariadb.secondary.customStartupProbe
[INFO] Coalescing path $.mariadb.secondary.existingConfigmap
[INFO] Coalescing path $.mariadb.secondary.extraEnvVars
[INFO] Coalescing path $.mariadb.secondary.extraEnvVarsCM
[INFO] Coalescing path $.mariadb.secondary.extraEnvVarsSecret
[INFO] Coalescing path $.mariadb.secondary.extraFlags
[INFO] Coalescing path $.mariadb.secondary.extraVolumeMounts
[INFO] Coalescing path $.mariadb.secondary.extraVolumes
[INFO] Coalescing path $.mariadb.secondary.hostAliases
[INFO] Coalescing path $.mariadb.secondary.initContainers
[INFO] Coalescing path $.mariadb.secondary.lifecycleHooks
[INFO] Coalescing path $.mariadb.secondary.nodeSelector
[INFO] Coalescing path $.mariadb.secondary.persistence
[INFO] Coalescing path $.mariadb.secondary.podAffinityPreset
[INFO] Coalescing path $.mariadb.secondary.podAnnotations
[INFO] Coalescing path $.mariadb.secondary.podAntiAffinityPreset
[INFO] Coalescing path $.mariadb.secondary.podLabels
[INFO] Coalescing path $.mariadb.secondary.podManagementPolicy
[INFO] Coalescing path $.mariadb.secondary.podSecurityContext
[INFO] Coalescing path $.mariadb.secondary.priorityClassName
[INFO] Coalescing path $.mariadb.secondary.replicaCount
[INFO] Coalescing path $.mariadb.secondary.resources
[INFO] Coalescing path $.mariadb.secondary.revisionHistoryLimit
[INFO] Coalescing path $.mariadb.secondary.runtimeClassName
[INFO] Coalescing path $.mariadb.secondary.schedulerName
[INFO] Coalescing path $.mariadb.secondary.sidecars
[INFO] Coalescing path $.mariadb.secondary.startupWaitOptions
[INFO] Coalescing path $.mariadb.secondary.terminationGracePeriodSeconds
[INFO] Coalescing path $.mariadb.secondary.tolerations
[INFO] Coalescing path $.mariadb.secondary.topologySpreadConstraints
[INFO] Coalescing path $.mariadb.secondary.updateStrategy
[INFO] Coalescing path $.mariadb.serviceAccount.annotations
[INFO] Coalescing path $.mariadb.serviceAccount.automountServiceAccountToken
[INFO] Coalescing path $.mariadb.serviceAccount.create
[INFO] Coalescing path $.mariadb.serviceBindings.enabled
[INFO] Coalescing path $.mariadb.tde.enabled
[INFO] Coalescing path $.mariadb.tde.encryptedKeyFilename
[INFO] Coalescing path $.mariadb.tde.existingSecret
[INFO] Coalescing path $.mariadb.tde.randomKeyFilename
[INFO] Coalescing path $.mariadb.tls.enabled
[INFO] Coalescing path $.mariadb.volumePermissions.enabled
[INFO] Coalescing path $.mariadb.volumePermissions.image
[INFO] Coalescing path $.mariadb.volumePermissions.resources
[INFO] Coalescing path $.metrics.image.pullPolicy
[INFO] Coalescing path $.metrics.prometheusRule.additionalLabels
[INFO] Coalescing path $.metrics.prometheusRule.enabled
[INFO] Coalescing path $.metrics.prometheusRule.namespace
[INFO] Coalescing path $.metrics.prometheusRule.rules
[INFO] Coalescing path $.metrics.service.annotations
[INFO] Coalescing path $.metrics.service.externalTrafficPolicy
[INFO] Coalescing path $.metrics.service.extraPorts
[INFO] Coalescing path $.metrics.service.loadBalancerIP
[INFO] Coalescing path $.metrics.service.loadBalancerSourceRanges
[INFO] Coalescing path $.metrics.service.type
[INFO] Coalescing path $.metrics.serviceMonitor.additionalLabels
[INFO] Coalescing path $.metrics.serviceMonitor.enabled
[INFO] Coalescing path $.metrics.serviceMonitor.honorLabels
[INFO] Coalescing path $.metrics.serviceMonitor.interval
[INFO] Coalescing path $.metrics.serviceMonitor.metricRelabelings
[INFO] Coalescing path $.metrics.serviceMonitor.namespace
[INFO] Coalescing path $.metrics.serviceMonitor.relabellings
[INFO] Coalescing path $.metrics.serviceMonitor.scrapeTimeout
[INFO] Coalescing path $.networkPolicy.ingressNSMatchLabels[*]
[INFO] Coalescing path $.networkPolicy.ingressNSPodMatchLabels[*]
[INFO] Coalescing path $.persistence.accessModes[*]
[INFO] Coalescing path $.service.nodePorts.http
[INFO] Coalescing path $.service.nodePorts.https
[INFO] Coalescing path $.service.ports.http
[INFO] Coalescing path $.service.ports.https
[INFO] Coalescing path $.volumePermissions.image.pullPolicy
[INFO] Coalescing path $.ingress.secrets[*].certificate
[INFO] Coalescing path $.ingress.secrets[*].key
[INFO] Coalescing path $.ingress.secrets[*].name
[INFO] Coalescing path $.mariadb.auth.customPasswordFiles.replicator
[INFO] Coalescing path $.mariadb.auth.customPasswordFiles.root
[INFO] Coalescing path $.mariadb.auth.customPasswordFiles.user
[INFO] Coalescing path $.mariadb.metrics.containerPorts.http
[INFO] Coalescing path $.mariadb.metrics.containerSecurityContext.enabled
[INFO] Coalescing path $.mariadb.metrics.extraArgs.primary
[INFO] Coalescing path $.mariadb.metrics.extraVolumeMounts.primary
[INFO] Coalescing path $.mariadb.metrics.extraVolumeMounts.secondary
[INFO] Coalescing path $.mariadb.metrics.image.pullPolicy
[INFO] Coalescing path $.mariadb.metrics.livenessProbe.enabled
[INFO] Coalescing path $.mariadb.metrics.prometheusRule.additionalLabels
[INFO] Coalescing path $.mariadb.metrics.prometheusRule.enabled
[INFO] Coalescing path $.mariadb.metrics.prometheusRule.namespace
[INFO] Coalescing path $.mariadb.metrics.prometheusRule.rules
[INFO] Coalescing path $.mariadb.metrics.readinessProbe.enabled
[INFO] Coalescing path $.mariadb.metrics.serviceMonitor.enabled
[INFO] Coalescing path $.mariadb.metrics.serviceMonitor.honorLabels
[INFO] Coalescing path $.mariadb.metrics.serviceMonitor.interval
[INFO] Coalescing path $.mariadb.metrics.serviceMonitor.jobLabel
[INFO] Coalescing path $.mariadb.metrics.serviceMonitor.labels
[INFO] Coalescing path $.mariadb.metrics.serviceMonitor.metricRelabelings
[INFO] Coalescing path $.mariadb.metrics.serviceMonitor.namespace
[INFO] Coalescing path $.mariadb.metrics.serviceMonitor.relabelings
[INFO] Coalescing path $.mariadb.metrics.serviceMonitor.scrapeTimeout
[INFO] Coalescing path $.mariadb.metrics.serviceMonitor.selector
[INFO] Coalescing path $.mariadb.networkPolicy.ingressNSMatchLabels[*]
[INFO] Coalescing path $.mariadb.networkPolicy.ingressNSPodMatchLabels[*]
[INFO] Coalescing path $.mariadb.passwordUpdateJob.containerSecurityContext.enabled
[INFO] Coalescing path $.mariadb.passwordUpdateJob.podSecurityContext.enabled
[INFO] Coalescing path $.mariadb.passwordUpdateJob.previousPasswords.existingSecret
[INFO] Coalescing path $.mariadb.passwordUpdateJob.previousPasswords.password
[INFO] Coalescing path $.mariadb.passwordUpdateJob.previousPasswords.replicationPassword
[INFO] Coalescing path $.mariadb.passwordUpdateJob.previousPasswords.rootPassword
[INFO] Coalescing path $.mariadb.primary.containerPorts.mysql
[INFO] Coalescing path $.mariadb.primary.containerSecurityContext.enabled
[INFO] Coalescing path $.mariadb.primary.containerSecurityContext.runAsUser
[INFO] Coalescing path $.mariadb.primary.nodeAffinityPreset.key
[INFO] Coalescing path $.mariadb.primary.nodeAffinityPreset.type
[INFO] Coalescing path $.mariadb.primary.nodeAffinityPreset.values
[INFO] Coalescing path $.mariadb.primary.pdb.create
[INFO] Coalescing path $.mariadb.primary.pdb.maxUnavailable
[INFO] Coalescing path $.mariadb.primary.pdb.minAvailable
[INFO] Coalescing path $.mariadb.primary.persistence.enabled
[INFO] Coalescing path $.mariadb.primary.persistence.existingClaim
[INFO] Coalescing path $.mariadb.primary.persistence.subPath
[INFO] Coalescing path $.mariadb.primary.podSecurityContext.enabled
[INFO] Coalescing path $.mariadb.primary.podSecurityContext.fsGroup
[INFO] Coalescing path $.mariadb.primary.service.annotations
[INFO] Coalescing path $.mariadb.primary.service.clusterIP
[INFO] Coalescing path $.mariadb.primary.service.externalTrafficPolicy
[INFO] Coalescing path $.mariadb.primary.service.extraPorts
[INFO] Coalescing path $.mariadb.primary.service.loadBalancerIP
[INFO] Coalescing path $.mariadb.primary.service.loadBalancerSourceRanges
[INFO] Coalescing path $.mariadb.primary.service.nodePort
[INFO] Coalescing path $.mariadb.primary.service.port
[INFO] Coalescing path $.mariadb.primary.service.sessionAffinity
[INFO] Coalescing path $.mariadb.primary.service.sessionAffinityConfig
[INFO] Coalescing path $.mariadb.primary.service.type
[INFO] Coalescing path $.mariadb.primary.startupWaitOptions.retries
[INFO] Coalescing path $.mariadb.primary.startupWaitOptions.sleepTime
[INFO] Coalescing path $.mariadb.secondary.containerPorts.mysql
[INFO] Coalescing path $.mariadb.secondary.containerSecurityContext.enabled
[INFO] Coalescing path $.mariadb.secondary.containerSecurityContext.runAsUser
[INFO] Coalescing path $.mariadb.secondary.nodeAffinityPreset.key
[INFO] Coalescing path $.mariadb.secondary.nodeAffinityPreset.type
[INFO] Coalescing path $.mariadb.secondary.nodeAffinityPreset.values
[INFO] Coalescing path $.mariadb.secondary.pdb.create
[INFO] Coalescing path $.mariadb.secondary.pdb.maxUnavailable
[INFO] Coalescing path $.mariadb.secondary.pdb.minAvailable
[INFO] Coalescing path $.mariadb.secondary.persistence.accessModes
[INFO] Coalescing path $.mariadb.secondary.persistence.annotations
[INFO] Coalescing path $.mariadb.secondary.persistence.enabled
[INFO] Coalescing path $.mariadb.secondary.persistence.labels
[INFO] Coalescing path $.mariadb.secondary.persistence.selector
[INFO] Coalescing path $.mariadb.secondary.persistence.size
[INFO] Coalescing path $.mariadb.secondary.persistence.subPath
[INFO] Coalescing path $.mariadb.secondary.podSecurityContext.enabled
[INFO] Coalescing path $.mariadb.secondary.podSecurityContext.fsGroup
[INFO] Coalescing path $.mariadb.secondary.service.annotations
[INFO] Coalescing path $.mariadb.secondary.service.clusterIP
[INFO] Coalescing path $.mariadb.secondary.service.externalTrafficPolicy
[INFO] Coalescing path $.mariadb.secondary.service.extraPorts
[INFO] Coalescing path $.mariadb.secondary.service.loadBalancerIP
[INFO] Coalescing path $.mariadb.secondary.service.loadBalancerSourceRanges
[INFO] Coalescing path $.mariadb.secondary.service.nodePort
[INFO] Coalescing path $.mariadb.secondary.service.port
[INFO] Coalescing path $.mariadb.secondary.service.sessionAffinity
[INFO] Coalescing path $.mariadb.secondary.service.sessionAffinityConfig
[INFO] Coalescing path $.mariadb.secondary.service.type
[INFO] Coalescing path $.mariadb.secondary.startupWaitOptions.retries
[INFO] Coalescing path $.mariadb.secondary.startupWaitOptions.sleepTime
[INFO] Coalescing path $.mariadb.tde.secretsStoreProvider.enabled
[INFO] Coalescing path $.mariadb.tde.secretsStoreProvider.provider
[INFO] Coalescing path $.mariadb.tls.autoGenerated.enabled
[INFO] Coalescing path $.mariadb.tls.autoGenerated.engine
[INFO] Coalescing path $.mariadb.volumePermissions.image.pullPolicy
[INFO] Coalescing path $.metrics.service.ports.metrics
[INFO] Coalescing path $.mariadb.metrics.extraArgs.primary[*]
[INFO] Coalescing path $.mariadb.primary.service.headless.annotations
[INFO] Coalescing path $.mariadb.primary.service.nodePorts.mysql
[INFO] Coalescing path $.mariadb.primary.service.ports.metrics
[INFO] Coalescing path $.mariadb.primary.service.ports.mysql
[INFO] Coalescing path $.mariadb.secondary.persistence.accessModes[*]
[INFO] Coalescing path $.mariadb.secondary.service.nodePorts.mysql
[INFO] Coalescing path $.mariadb.secondary.service.ports.metrics
[INFO] Coalescing path $.mariadb.secondary.service.ports.mysql
[INFO] Coalescing path $.mariadb.tde.secretsStoreProvider.vault.address
[INFO] Coalescing path $.mariadb.tde.secretsStoreProvider.vault.authMountPath
[INFO] Coalescing path $.mariadb.tde.secretsStoreProvider.vault.encryptedKeySecretKey
[INFO] Coalescing path $.mariadb.tde.secretsStoreProvider.vault.encryptedKeySecretPath
[INFO] Coalescing path $.mariadb.tde.secretsStoreProvider.vault.randomKeySecretKey
[INFO] Coalescing path $.mariadb.tde.secretsStoreProvider.vault.randomKeySecretPath
[INFO] Coalescing path $.mariadb.tde.secretsStoreProvider.vault.roleName
[INFO] Coalescing path $.mariadb.tls.autoGenerated.certManager.duration
[INFO] Coalescing path $.mariadb.tls.autoGenerated.certManager.existingIssuer
[INFO] Coalescing path $.mariadb.tls.autoGenerated.certManager.existingIssuerKind
[INFO] Coalescing path $.mariadb.tls.autoGenerated.certManager.keyAlgorithm
[INFO] Coalescing path $.mariadb.tls.autoGenerated.certManager.keySize
[INFO] Coalescing path $.mariadb.tls.autoGenerated.certManager.renewBefore
[INFO] Discovered 871 unique value paths; random traversal, seed 0
[INFO] Testing path $.mariadb.metrics.livenessProbe.enabled (1/871)
[INFO] Compiler input baseline: 391 statically named fields
[INFO] Render hashes (run-local): 54 observed, 54 unique, 0 duplicate bundles; 0 successful validations reused
[INFO] Testing path $.mariadb.architecture (2/871)
[INFO] Compiler input baseline: 391 statically named fields
[INFO] Render hashes (run-local): 0 observed, 0 unique, 0 duplicate bundles; 0 successful validations reused
[INFO] Testing path $.mariadb.passwordUpdateJob.previousPasswords.rootPassword (3/871)
[INFO] Compiler input baseline: 391 statically named fields
[INFO] Render hashes (run-local): 88 observed, 88 unique, 0 duplicate bundles; 0 successful validations reused
[INFO] Testing path $.mariadb.primary.customStartupProbe (4/871)
[INFO] Compiler input baseline: 391 statically named fields
[INFO] Execution stopped at the 97.9274s time limit; coverage is incomplete
[INFO] Render hashes (run-local): 87 observed, 87 unique, 0 duplicate bundles; 0 successful validations reused
[INFO] .: failed; testing 303.16s; dependency preparation 0.95s; 0 charts remain
