[INFO] Chart 1/1: .
[INFO] Preparing dependencies for . (excluded from testing budgets)
[INFO] Finite filtering unavailable: permutations need closed objects at (); set additionalProperties: false; filtering generation before value-path traversal
[INFO] Coalescing path $.affinity
[INFO] Coalescing path $.allowEmptyPassword
[INFO] Coalescing path $.automountServiceAccountToken
[INFO] Coalescing path $.commonAnnotations
[INFO] Coalescing path $.commonLabels
[INFO] Coalescing path $.containerSecurityContext
[INFO] Coalescing path $.customLivenessProbe
[INFO] Coalescing path $.customReadinessProbe
[INFO] Coalescing path $.customStartupProbe
[INFO] Coalescing path $.existingSecret
[INFO] Coalescing path $.extraContainerPorts
[INFO] Coalescing path $.extraDeploy
[INFO] Coalescing path $.extraEnvVars
[INFO] Coalescing path $.extraEnvVarsCM
[INFO] Coalescing path $.extraEnvVarsSecret
[INFO] Coalescing path $.extraVolumeMounts
[INFO] Coalescing path $.extraVolumes
[INFO] Coalescing path $.ghostBlogTitle
[INFO] Coalescing path $.ghostEmail
[INFO] Coalescing path $.ghostEnableHttps
[INFO] Coalescing path $.ghostPassword
[INFO] Coalescing path $.ghostSkipInstall
[INFO] Coalescing path $.ghostUsername
[INFO] Coalescing path $.global
[INFO] Coalescing path $.hostAliases
[INFO] Coalescing path $.image
[INFO] Coalescing path $.initContainers
[INFO] Coalescing path $.lifecycleHooks
[INFO] Coalescing path $.nodeSelector
[INFO] Coalescing path $.persistence
[INFO] Coalescing path $.podAffinityPreset
[INFO] Coalescing path $.podAnnotations
[INFO] Coalescing path $.podAntiAffinityPreset
[INFO] Coalescing path $.podLabels
[INFO] Coalescing path $.podSecurityContext
[INFO] Coalescing path $.priorityClassName
[INFO] Coalescing path $.replicaCount
[INFO] Coalescing path $.resources
[INFO] Coalescing path $.schedulerName
[INFO] Coalescing path $.sidecars
[INFO] Coalescing path $.smtpExistingSecret
[INFO] Coalescing path $.smtpHost
[INFO] Coalescing path $.smtpPassword
[INFO] Coalescing path $.smtpPort
[INFO] Coalescing path $.smtpProtocol
[INFO] Coalescing path $.smtpService
[INFO] Coalescing path $.smtpUser
[INFO] Coalescing path $.tolerations
[INFO] Coalescing path $.topologySpreadConstraints
[INFO] Coalescing path $.updateStrategy
[INFO] Coalescing path $.usePasswordFiles
[INFO] Coalescing path $.containerPorts.http
[INFO] Coalescing path $.containerPorts.https
[INFO] Coalescing path $.containerSecurityContext.enabled
[INFO] Coalescing path $.containerSecurityContext.runAsUser
[INFO] Coalescing path $.diagnosticMode.args
[INFO] Coalescing path $.diagnosticMode.command
[INFO] Coalescing path $.diagnosticMode.enabled
[INFO] Coalescing path $.externalDatabase.database
[INFO] Coalescing path $.externalDatabase.existingSecret
[INFO] Coalescing path $.externalDatabase.host
[INFO] Coalescing path $.externalDatabase.password
[INFO] Coalescing path $.externalDatabase.ssl
[INFO] Coalescing path $.externalDatabase.sslCaFile
[INFO] Coalescing path $.externalDatabase.user
[INFO] Coalescing path $.extraDeploy[*]
[INFO] Coalescing path $.global.imagePullSecrets
[INFO] Coalescing path $.image.debug
[INFO] Coalescing path $.image.pullPolicy
[INFO] Coalescing path $.ingress.annotations
[INFO] Coalescing path $.ingress.enabled
[INFO] Coalescing path $.ingress.extraHosts
[INFO] Coalescing path $.ingress.extraPaths
[INFO] Coalescing path $.ingress.extraRules
[INFO] Coalescing path $.ingress.extraTls
[INFO] Coalescing path $.ingress.hostname
[INFO] Coalescing path $.ingress.ingressClassName
[INFO] Coalescing path $.ingress.path
[INFO] Coalescing path $.ingress.pathType
[INFO] Coalescing path $.ingress.secrets
[INFO] Coalescing path $.ingress.selfSigned
[INFO] Coalescing path $.ingress.tls
[INFO] Coalescing path $.mysql.architecture
[INFO] Coalescing path $.mysql.clusterDomain
[INFO] Coalescing path $.mysql.commonAnnotations
[INFO] Coalescing path $.mysql.commonLabels
[INFO] Coalescing path $.mysql.enabled
[INFO] Coalescing path $.mysql.extraDeploy
[INFO] Coalescing path $.mysql.image
[INFO] Coalescing path $.mysql.initdbScripts
[INFO] Coalescing path $.mysql.initdbScriptsConfigMap
[INFO] Coalescing path $.mysql.startdbScripts
[INFO] Coalescing path $.mysql.startdbScriptsConfigMap
[INFO] Coalescing path $.mysql.usePasswordFiles
[INFO] Coalescing path $.networkPolicy.allowExternal
[INFO] Coalescing path $.networkPolicy.allowExternalEgress
[INFO] Coalescing path $.networkPolicy.enabled
[INFO] Coalescing path $.networkPolicy.extraEgress
[INFO] Coalescing path $.networkPolicy.extraIngress
[INFO] Coalescing path $.networkPolicy.ingressNSMatchLabels
[INFO] Coalescing path $.networkPolicy.ingressNSPodMatchLabels
[INFO] Coalescing path $.nodeAffinityPreset.key
[INFO] Coalescing path $.nodeAffinityPreset.type
[INFO] Coalescing path $.nodeAffinityPreset.values
[INFO] Coalescing path $.pdb.create
[INFO] Coalescing path $.pdb.maxUnavailable
[INFO] Coalescing path $.pdb.minAvailable
[INFO] Coalescing path $.persistence.accessMode
[INFO] Coalescing path $.persistence.accessModes
[INFO] Coalescing path $.persistence.annotations
[INFO] Coalescing path $.persistence.enabled
[INFO] Coalescing path $.persistence.existingClaim
[INFO] Coalescing path $.persistence.size
[INFO] Coalescing path $.persistence.subPath
[INFO] Coalescing path $.podSecurityContext.enabled
[INFO] Coalescing path $.podSecurityContext.fsGroup
[INFO] Coalescing path $.service.annotations
[INFO] Coalescing path $.service.clusterIP
[INFO] Coalescing path $.service.externalTrafficPolicy
[INFO] Coalescing path $.service.extraPorts
[INFO] Coalescing path $.service.httpsPort
[INFO] Coalescing path $.service.loadBalancerIP
[INFO] Coalescing path $.service.loadBalancerSourceRanges
[INFO] Coalescing path $.service.port
[INFO] Coalescing path $.service.sessionAffinity
[INFO] Coalescing path $.service.sessionAffinityConfig
[INFO] Coalescing path $.service.type
[INFO] Coalescing path $.serviceAccount.annotations
[INFO] Coalescing path $.serviceAccount.automountServiceAccountToken
[INFO] Coalescing path $.serviceAccount.create
[INFO] Coalescing path $.tags["bitnami-common"]
[INFO] Coalescing path $.tags["ghost-database"]
[INFO] Coalescing path $.volumePermissions.enabled
[INFO] Coalescing path $.volumePermissions.image
[INFO] Coalescing path $.volumePermissions.resources
[INFO] Coalescing path $.volumePermissions.securityContext
[INFO] Coalescing path $.extraContainerPorts[*].containerPort
[INFO] Coalescing path $.mysql.auth.createDatabase
[INFO] Coalescing path $.mysql.auth.customPasswordFiles
[INFO] Coalescing path $.mysql.auth.database
[INFO] Coalescing path $.mysql.auth.password
[INFO] Coalescing path $.mysql.auth.replicationPassword
[INFO] Coalescing path $.mysql.auth.replicationUser
[INFO] Coalescing path $.mysql.auth.rootPassword
[INFO] Coalescing path $.mysql.auth.usePasswordFiles
[INFO] Coalescing path $.mysql.auth.username
[INFO] Coalescing path $.mysql.diagnosticMode.args
[INFO] Coalescing path $.mysql.diagnosticMode.command
[INFO] Coalescing path $.mysql.diagnosticMode.enabled
[INFO] Coalescing path $.mysql.extraDeploy[*]
[INFO] Coalescing path $.mysql.image.debug
[INFO] Coalescing path $.mysql.image.pullPolicy
[INFO] Coalescing path $.mysql.metrics.containerSecurityContext
[INFO] Coalescing path $.mysql.metrics.enabled
[INFO] Coalescing path $.mysql.metrics.image
[INFO] Coalescing path $.mysql.metrics.livenessProbe
[INFO] Coalescing path $.mysql.metrics.readinessProbe
[INFO] Coalescing path $.mysql.metrics.resources
[INFO] Coalescing path $.mysql.networkPolicy.allowExternal
[INFO] Coalescing path $.mysql.networkPolicy.allowExternalEgress
[INFO] Coalescing path $.mysql.networkPolicy.enabled
[INFO] Coalescing path $.mysql.networkPolicy.extraEgress
[INFO] Coalescing path $.mysql.networkPolicy.extraIngress
[INFO] Coalescing path $.mysql.networkPolicy.ingressNSMatchLabels
[INFO] Coalescing path $.mysql.networkPolicy.ingressNSPodMatchLabels
[INFO] Coalescing path $.mysql.passwordUpdateJob.args
[INFO] Coalescing path $.mysql.passwordUpdateJob.automountServiceAccountToken
[INFO] Coalescing path $.mysql.passwordUpdateJob.backoffLimit
[INFO] Coalescing path $.mysql.passwordUpdateJob.command
[INFO] Coalescing path $.mysql.passwordUpdateJob.containerSecurityContext
[INFO] Coalescing path $.mysql.passwordUpdateJob.customLivenessProbe
[INFO] Coalescing path $.mysql.passwordUpdateJob.customReadinessProbe
[INFO] Coalescing path $.mysql.passwordUpdateJob.customStartupProbe
[INFO] Coalescing path $.mysql.passwordUpdateJob.enabled
[INFO] Coalescing path $.mysql.passwordUpdateJob.extraEnvVars
[INFO] Coalescing path $.mysql.passwordUpdateJob.extraEnvVarsCM
[INFO] Coalescing path $.mysql.passwordUpdateJob.extraEnvVarsSecret
[INFO] Coalescing path $.mysql.passwordUpdateJob.extraVolumeMounts
[INFO] Coalescing path $.mysql.passwordUpdateJob.extraVolumes
[INFO] Coalescing path $.mysql.passwordUpdateJob.hostAliases
[INFO] Coalescing path $.mysql.passwordUpdateJob.initContainers
[INFO] Coalescing path $.mysql.passwordUpdateJob.podAnnotations
[INFO] Coalescing path $.mysql.passwordUpdateJob.podLabels
[INFO] Coalescing path $.mysql.passwordUpdateJob.podSecurityContext
[INFO] Coalescing path $.mysql.passwordUpdateJob.resources
[INFO] Coalescing path $.mysql.primary.affinity
[INFO] Coalescing path $.mysql.primary.automountServiceAccountToken
[INFO] Coalescing path $.mysql.primary.configuration
[INFO] Coalescing path $.mysql.primary.containerSecurityContext
[INFO] Coalescing path $.mysql.primary.customLivenessProbe
[INFO] Coalescing path $.mysql.primary.customReadinessProbe
[INFO] Coalescing path $.mysql.primary.customStartupProbe
[INFO] Coalescing path $.mysql.primary.enableMySQLX
[INFO] Coalescing path $.mysql.primary.existingConfigmap
[INFO] Coalescing path $.mysql.primary.extraEnvVars
[INFO] Coalescing path $.mysql.primary.extraEnvVarsCM
[INFO] Coalescing path $.mysql.primary.extraEnvVarsSecret
[INFO] Coalescing path $.mysql.primary.extraFlags
[INFO] Coalescing path $.mysql.primary.extraPodSpec
[INFO] Coalescing path $.mysql.primary.extraPorts
[INFO] Coalescing path $.mysql.primary.extraVolumeMounts
[INFO] Coalescing path $.mysql.primary.extraVolumes
[INFO] Coalescing path $.mysql.primary.hostAliases
[INFO] Coalescing path $.mysql.primary.initContainers
[INFO] Coalescing path $.mysql.primary.lifecycleHooks
[INFO] Coalescing path $.mysql.primary.nodeSelector
[INFO] Coalescing path $.mysql.primary.podAffinityPreset
[INFO] Coalescing path $.mysql.primary.podAnnotations
[INFO] Coalescing path $.mysql.primary.podAntiAffinityPreset
[INFO] Coalescing path $.mysql.primary.podLabels
[INFO] Coalescing path $.mysql.primary.podManagementPolicy
[INFO] Coalescing path $.mysql.primary.podSecurityContext
[INFO] Coalescing path $.mysql.primary.priorityClassName
[INFO] Coalescing path $.mysql.primary.resources
[INFO] Coalescing path $.mysql.primary.runtimeClassName
[INFO] Coalescing path $.mysql.primary.schedulerName
[INFO] Coalescing path $.mysql.primary.sidecars
[INFO] Coalescing path $.mysql.primary.terminationGracePeriodSeconds
[INFO] Coalescing path $.mysql.primary.tolerations
[INFO] Coalescing path $.mysql.primary.topologySpreadConstraints
[INFO] Coalescing path $.mysql.primary.updateStrategy
[INFO] Coalescing path $.mysql.rbac.create
[INFO] Coalescing path $.mysql.rbac.rules
[INFO] Coalescing path $.mysql.secondary.affinity
[INFO] Coalescing path $.mysql.secondary.automountServiceAccountToken
[INFO] Coalescing path $.mysql.secondary.configuration
[INFO] Coalescing path $.mysql.secondary.containerSecurityContext
[INFO] Coalescing path $.mysql.secondary.customLivenessProbe
[INFO] Coalescing path $.mysql.secondary.customReadinessProbe
[INFO] Coalescing path $.mysql.secondary.customStartupProbe
[INFO] Coalescing path $.mysql.secondary.enableMySQLX
[INFO] Coalescing path $.mysql.secondary.existingConfigmap
[INFO] Coalescing path $.mysql.secondary.extraEnvVars
[INFO] Coalescing path $.mysql.secondary.extraEnvVarsCM
[INFO] Coalescing path $.mysql.secondary.extraEnvVarsSecret
[INFO] Coalescing path $.mysql.secondary.extraFlags
[INFO] Coalescing path $.mysql.secondary.extraPodSpec
[INFO] Coalescing path $.mysql.secondary.extraPorts
[INFO] Coalescing path $.mysql.secondary.extraVolumeMounts
[INFO] Coalescing path $.mysql.secondary.extraVolumes
[INFO] Coalescing path $.mysql.secondary.hostAliases
[INFO] Coalescing path $.mysql.secondary.initContainers
[INFO] Coalescing path $.mysql.secondary.lifecycleHooks
[INFO] Coalescing path $.mysql.secondary.nodeSelector
[INFO] Coalescing path $.mysql.secondary.podAffinityPreset
[INFO] Coalescing path $.mysql.secondary.podAnnotations
[INFO] Coalescing path $.mysql.secondary.podAntiAffinityPreset
[INFO] Coalescing path $.mysql.secondary.podLabels
[INFO] Coalescing path $.mysql.secondary.podManagementPolicy
[INFO] Coalescing path $.mysql.secondary.podSecurityContext
[INFO] Coalescing path $.mysql.secondary.priorityClassName
[INFO] Coalescing path $.mysql.secondary.replicaCount
[INFO] Coalescing path $.mysql.secondary.resources
[INFO] Coalescing path $.mysql.secondary.runtimeClassName
[INFO] Coalescing path $.mysql.secondary.schedulerName
[INFO] Coalescing path $.mysql.secondary.sidecars
[INFO] Coalescing path $.mysql.secondary.terminationGracePeriodSeconds
[INFO] Coalescing path $.mysql.secondary.tolerations
[INFO] Coalescing path $.mysql.secondary.topologySpreadConstraints
[INFO] Coalescing path $.mysql.secondary.updateStrategy
[INFO] Coalescing path $.mysql.serviceAccount.annotations
[INFO] Coalescing path $.mysql.serviceAccount.automountServiceAccountToken
[INFO] Coalescing path $.mysql.serviceAccount.create
[INFO] Coalescing path $.mysql.serviceBindings.enabled
[INFO] Coalescing path $.mysql.tls.enabled
[INFO] Coalescing path $.mysql.volumePermissions.enabled
[INFO] Coalescing path $.mysql.volumePermissions.image
[INFO] Coalescing path $.mysql.volumePermissions.resources
[INFO] Coalescing path $.networkPolicy.ingressNSMatchLabels[*]
[INFO] Coalescing path $.networkPolicy.ingressNSPodMatchLabels[*]
[INFO] Coalescing path $.persistence.accessModes[*]
[INFO] Coalescing path $.service.nodePorts.http
[INFO] Coalescing path $.service.nodePorts.https
[INFO] Coalescing path $.service.ports.http
[INFO] Coalescing path $.service.ports.https
[INFO] Coalescing path $.volumePermissions.image.pullPolicy
[INFO] Coalescing path $.volumePermissions.securityContext.runAsUser
[INFO] Coalescing path $.ingress.extraHosts[*].name
[INFO] Coalescing path $.ingress.extraHosts[*].path
[INFO] Coalescing path $.ingress.extraHosts[*].pathType
[INFO] Coalescing path $.ingress.secrets[*].certificate
[INFO] Coalescing path $.ingress.secrets[*].key
[INFO] Coalescing path $.ingress.secrets[*].name
[INFO] Coalescing path $.mysql.auth.customPasswordFiles.replicator
[INFO] Coalescing path $.mysql.auth.customPasswordFiles.root
[INFO] Coalescing path $.mysql.auth.customPasswordFiles.user
[INFO] Coalescing path $.mysql.metrics.containerPorts.http
[INFO] Coalescing path $.mysql.metrics.containerSecurityContext.enabled
[INFO] Coalescing path $.mysql.metrics.extraArgs.primary
[INFO] Coalescing path $.mysql.metrics.image.pullPolicy
[INFO] Coalescing path $.mysql.metrics.livenessProbe.enabled
[INFO] Coalescing path $.mysql.metrics.prometheusRule.additionalLabels
[INFO] Coalescing path $.mysql.metrics.prometheusRule.enabled
[INFO] Coalescing path $.mysql.metrics.prometheusRule.namespace
[INFO] Coalescing path $.mysql.metrics.prometheusRule.rules
[INFO] Coalescing path $.mysql.metrics.readinessProbe.enabled
[INFO] Coalescing path $.mysql.metrics.service.annotations
[INFO] Coalescing path $.mysql.metrics.service.clusterIP
[INFO] Coalescing path $.mysql.metrics.service.port
[INFO] Coalescing path $.mysql.metrics.service.type
[INFO] Coalescing path $.mysql.metrics.serviceMonitor.annotations
[INFO] Coalescing path $.mysql.metrics.serviceMonitor.enabled
[INFO] Coalescing path $.mysql.metrics.serviceMonitor.honorLabels
[INFO] Coalescing path $.mysql.metrics.serviceMonitor.interval
[INFO] Coalescing path $.mysql.metrics.serviceMonitor.jobLabel
[INFO] Coalescing path $.mysql.metrics.serviceMonitor.labels
[INFO] Coalescing path $.mysql.metrics.serviceMonitor.metricRelabelings
[INFO] Coalescing path $.mysql.metrics.serviceMonitor.namespace
[INFO] Coalescing path $.mysql.metrics.serviceMonitor.relabelings
[INFO] Coalescing path $.mysql.metrics.serviceMonitor.scrapeTimeout
[INFO] Coalescing path $.mysql.metrics.serviceMonitor.selector
[INFO] Coalescing path $.mysql.networkPolicy.ingressNSMatchLabels[*]
[INFO] Coalescing path $.mysql.networkPolicy.ingressNSPodMatchLabels[*]
[INFO] Coalescing path $.mysql.passwordUpdateJob.containerSecurityContext.enabled
[INFO] Coalescing path $.mysql.passwordUpdateJob.podSecurityContext.enabled
[INFO] Coalescing path $.mysql.passwordUpdateJob.previousPasswords.existingSecret
[INFO] Coalescing path $.mysql.passwordUpdateJob.previousPasswords.password
[INFO] Coalescing path $.mysql.passwordUpdateJob.previousPasswords.replicationPassword
[INFO] Coalescing path $.mysql.passwordUpdateJob.previousPasswords.rootPassword
[INFO] Coalescing path $.mysql.primary.containerPorts.mysql
[INFO] Coalescing path $.mysql.primary.containerPorts.mysqlx
[INFO] Coalescing path $.mysql.primary.containerSecurityContext.enabled
[INFO] Coalescing path $.mysql.primary.containerSecurityContext.runAsUser
[INFO] Coalescing path $.mysql.primary.nodeAffinityPreset.key
[INFO] Coalescing path $.mysql.primary.nodeAffinityPreset.type
[INFO] Coalescing path $.mysql.primary.nodeAffinityPreset.values
[INFO] Coalescing path $.mysql.primary.pdb.create
[INFO] Coalescing path $.mysql.primary.pdb.maxUnavailable
[INFO] Coalescing path $.mysql.primary.pdb.minAvailable
[INFO] Coalescing path $.mysql.primary.persistence.enabled
[INFO] Coalescing path $.mysql.primary.persistence.existingClaim
[INFO] Coalescing path $.mysql.primary.persistence.subPath
[INFO] Coalescing path $.mysql.primary.podSecurityContext.enabled
[INFO] Coalescing path $.mysql.primary.podSecurityContext.fsGroup
[INFO] Coalescing path $.mysql.primary.service.annotations
[INFO] Coalescing path $.mysql.primary.service.clusterIP
[INFO] Coalescing path $.mysql.primary.service.exposeMySQLX
[INFO] Coalescing path $.mysql.primary.service.externalIPs
[INFO] Coalescing path $.mysql.primary.service.externalTrafficPolicy
[INFO] Coalescing path $.mysql.primary.service.extraPorts
[INFO] Coalescing path $.mysql.primary.service.loadBalancerIP
[INFO] Coalescing path $.mysql.primary.service.loadBalancerSourceRanges
[INFO] Coalescing path $.mysql.primary.service.sessionAffinity
[INFO] Coalescing path $.mysql.primary.service.sessionAffinityConfig
[INFO] Coalescing path $.mysql.primary.service.type
[INFO] Coalescing path $.mysql.secondary.containerPorts.mysql
[INFO] Coalescing path $.mysql.secondary.containerPorts.mysqlx
[INFO] Coalescing path $.mysql.secondary.containerSecurityContext.enabled
[INFO] Coalescing path $.mysql.secondary.containerSecurityContext.runAsUser
[INFO] Coalescing path $.mysql.secondary.nodeAffinityPreset.key
[INFO] Coalescing path $.mysql.secondary.nodeAffinityPreset.type
[INFO] Coalescing path $.mysql.secondary.nodeAffinityPreset.values
[INFO] Coalescing path $.mysql.secondary.pdb.create
[INFO] Coalescing path $.mysql.secondary.pdb.maxUnavailable
[INFO] Coalescing path $.mysql.secondary.pdb.minAvailable
[INFO] Coalescing path $.mysql.secondary.persistence.enabled
[INFO] Coalescing path $.mysql.secondary.persistence.existingClaim
[INFO] Coalescing path $.mysql.secondary.persistence.subPath
[INFO] Coalescing path $.mysql.secondary.podSecurityContext.enabled
[INFO] Coalescing path $.mysql.secondary.podSecurityContext.fsGroup
[INFO] Coalescing path $.mysql.secondary.service.annotations
[INFO] Coalescing path $.mysql.secondary.service.clusterIP
[INFO] Coalescing path $.mysql.secondary.service.exposeMySQLX
[INFO] Coalescing path $.mysql.secondary.service.externalIPs
[INFO] Coalescing path $.mysql.secondary.service.externalTrafficPolicy
[INFO] Coalescing path $.mysql.secondary.service.extraPorts
[INFO] Coalescing path $.mysql.secondary.service.loadBalancerIP
[INFO] Coalescing path $.mysql.secondary.service.loadBalancerSourceRanges
[INFO] Coalescing path $.mysql.secondary.service.sessionAffinity
[INFO] Coalescing path $.mysql.secondary.service.sessionAffinityConfig
[INFO] Coalescing path $.mysql.secondary.service.type
[INFO] Coalescing path $.mysql.tls.autoGenerated.enabled
[INFO] Coalescing path $.mysql.tls.autoGenerated.engine
[INFO] Coalescing path $.mysql.volumePermissions.image.pullPolicy
[INFO] Coalescing path $.mysql.metrics.extraArgs.primary[*]
[INFO] Coalescing path $.mysql.primary.extraPorts[*].containerPort
[INFO] Coalescing path $.mysql.primary.service.headless.annotations
[INFO] Coalescing path $.mysql.primary.service.nodePorts.mysql
[INFO] Coalescing path $.mysql.primary.service.nodePorts.mysqlx
[INFO] Coalescing path $.mysql.primary.service.ports.mysql
[INFO] Coalescing path $.mysql.primary.service.ports.mysqlx
[INFO] Coalescing path $.mysql.secondary.extraPorts[*].containerPort
[INFO] Coalescing path $.mysql.secondary.service.headless.annotations
[INFO] Coalescing path $.mysql.secondary.service.nodePorts.mysql
[INFO] Coalescing path $.mysql.secondary.service.nodePorts.mysqlx
[INFO] Coalescing path $.mysql.secondary.service.ports.mysql
[INFO] Coalescing path $.mysql.secondary.service.ports.mysqlx
[INFO] Coalescing path $.mysql.tls.autoGenerated.certManager.duration
[INFO] Coalescing path $.mysql.tls.autoGenerated.certManager.existingIssuer
[INFO] Coalescing path $.mysql.tls.autoGenerated.certManager.existingIssuerKind
[INFO] Coalescing path $.mysql.tls.autoGenerated.certManager.keyAlgorithm
[INFO] Coalescing path $.mysql.tls.autoGenerated.certManager.keySize
[INFO] Coalescing path $.mysql.tls.autoGenerated.certManager.renewBefore
[INFO] Coalescing path $.mysql.primary.service.extraPorts[*].port
[INFO] Coalescing path $.mysql.secondary.service.extraPorts[*].port
[INFO] Discovered 794 unique value paths; random traversal, seed 0
[INFO] Testing path $.mysql.primary.service.extraPorts (1/794)
[INFO] Compiler input baseline: 356 statically named fields
[INFO] Render hashes (run-local): 2 observed, 2 unique, 0 duplicate bundles; 0 successful validations reused
[INFO] Testing path $.mysql.enabled (2/794)
[INFO] Compiler input baseline: 356 statically named fields
[INFO] Render hashes (run-local): 2 observed, 2 unique, 0 duplicate bundles; 0 successful validations reused
[INFO] Testing path $.mysql.secondary.priorityClassName (3/794)
[INFO] Compiler input baseline: 356 statically named fields
[INFO] Render hashes (run-local): 32 observed, 32 unique, 0 duplicate bundles; 0 successful validations reused
[INFO] Testing path $.networkPolicy.allowExternal (4/794)
[INFO] Compiler input baseline: 356 statically named fields
[INFO] Render hashes (run-local): 2 observed, 2 unique, 0 duplicate bundles; 0 successful validations reused
[INFO] Testing path $.mysql.serviceAccount.create (5/794)
[INFO] Compiler input baseline: 356 statically named fields
[INFO] Render hashes (run-local): 30 observed, 30 unique, 0 duplicate bundles; 0 successful validations reused
[INFO] Testing path $.mysql.passwordUpdateJob.customLivenessProbe (6/794)
[INFO] Compiler input baseline: 356 statically named fields
Exception ignored in sys.unraisablehook: <built-in function unraisablehook>
KeyboardInterrupt: 
