[INFO] Chart 1/1: .
[INFO] Preparing dependencies for . (excluded from testing budgets)
[INFO] Finite filtering unavailable: permutations need closed objects at (); set additionalProperties: false; filtering generation before value-path traversal
[INFO] Coalescing path $.commonAnnotations
[INFO] Coalescing path $.commonLabels
[INFO] Coalescing path $.extraDeploy
[INFO] Coalescing path $.global
[INFO] Coalescing path $.image
[INFO] Coalescing path $.applicationSet.affinity
[INFO] Coalescing path $.applicationSet.args
[INFO] Coalescing path $.applicationSet.clusterAdminAccess
[INFO] Coalescing path $.applicationSet.clusterRoleRules
[INFO] Coalescing path $.applicationSet.command
[INFO] Coalescing path $.applicationSet.containerSecurityContext
[INFO] Coalescing path $.applicationSet.customLivenessProbe
[INFO] Coalescing path $.applicationSet.customReadinessProbe
[INFO] Coalescing path $.applicationSet.enabled
[INFO] Coalescing path $.applicationSet.extraArgs
[INFO] Coalescing path $.applicationSet.extraEnvVars
[INFO] Coalescing path $.applicationSet.extraEnvVarsCM
[INFO] Coalescing path $.applicationSet.extraEnvVarsSecret
[INFO] Coalescing path $.applicationSet.extraVolumeMounts
[INFO] Coalescing path $.applicationSet.extraVolumes
[INFO] Coalescing path $.applicationSet.logFormat
[INFO] Coalescing path $.applicationSet.logLevel
[INFO] Coalescing path $.applicationSet.nodeSelector
[INFO] Coalescing path $.applicationSet.podAffinityPreset
[INFO] Coalescing path $.applicationSet.podAnnotations
[INFO] Coalescing path $.applicationSet.podAntiAffinityPreset
[INFO] Coalescing path $.applicationSet.podLabels
[INFO] Coalescing path $.applicationSet.podSecurityContext
[INFO] Coalescing path $.applicationSet.priorityClassName
[INFO] Coalescing path $.applicationSet.replicaCount
[INFO] Coalescing path $.applicationSet.resources
[INFO] Coalescing path $.applicationSet.tolerations
[INFO] Coalescing path $.applicationSet.updateStrategy
[INFO] Coalescing path $.config.clusterCredentials
[INFO] Coalescing path $.config.createExtraKnownHosts
[INFO] Coalescing path $.config.existingStylesConfigmap
[INFO] Coalescing path $.config.extraKnownHosts
[INFO] Coalescing path $.config.gpgKeys
[INFO] Coalescing path $.config.knownHosts
[INFO] Coalescing path $.config.rbac
[INFO] Coalescing path $.config.styles
[INFO] Coalescing path $.config.tlsCerts
[INFO] Coalescing path $.controller.clusterAdminAccess
[INFO] Coalescing path $.controller.clusterRoleRules
[INFO] Coalescing path $.controller.kind
[INFO] Coalescing path $.controller.podAnnotations
[INFO] Coalescing path $.controller.podLabels
[INFO] Coalescing path $.controller.podManagementPolicy
[INFO] Coalescing path $.controller.replicaCount
[INFO] Coalescing path $.controller.topologySpreadConstraints
[INFO] Coalescing path $.controller.updateStrategy
[INFO] Coalescing path $.dex.affinity
[INFO] Coalescing path $.dex.args
[INFO] Coalescing path $.dex.automountServiceAccountToken
[INFO] Coalescing path $.dex.command
[INFO] Coalescing path $.dex.containerSecurityContext
[INFO] Coalescing path $.dex.customLivenessProbe
[INFO] Coalescing path $.dex.customReadinessProbe
[INFO] Coalescing path $.dex.customStartupProbe
[INFO] Coalescing path $.dex.enabled
[INFO] Coalescing path $.dex.extraEnvVars
[INFO] Coalescing path $.dex.extraEnvVarsCM
[INFO] Coalescing path $.dex.extraEnvVarsSecret
[INFO] Coalescing path $.dex.extraVolumeMounts
[INFO] Coalescing path $.dex.extraVolumes
[INFO] Coalescing path $.dex.hostAliases
[INFO] Coalescing path $.dex.image
[INFO] Coalescing path $.dex.initContainers
[INFO] Coalescing path $.dex.lifecycleHooks
[INFO] Coalescing path $.dex.nodeSelector
[INFO] Coalescing path $.dex.podAffinityPreset
[INFO] Coalescing path $.dex.podAnnotations
[INFO] Coalescing path $.dex.podAntiAffinityPreset
[INFO] Coalescing path $.dex.podLabels
[INFO] Coalescing path $.dex.podSecurityContext
[INFO] Coalescing path $.dex.priorityClassName
[INFO] Coalescing path $.dex.replicaCount
[INFO] Coalescing path $.dex.resources
[INFO] Coalescing path $.dex.runtimeClassName
[INFO] Coalescing path $.dex.schedulerName
[INFO] Coalescing path $.dex.shareProcessNamespace
[INFO] Coalescing path $.dex.sidecars
[INFO] Coalescing path $.dex.tolerations
[INFO] Coalescing path $.dex.topologySpreadConstraints
[INFO] Coalescing path $.dex.updateStrategy
[INFO] Coalescing path $.extraDeploy[*]
[INFO] Coalescing path $.image.pullPolicy
[INFO] Coalescing path $.notifications.affinity
[INFO] Coalescing path $.notifications.args
[INFO] Coalescing path $.notifications.automountServiceAccountToken
[INFO] Coalescing path $.notifications.clusterAdminAccess
[INFO] Coalescing path $.notifications.clusterRoleRules
[INFO] Coalescing path $.notifications.command
[INFO] Coalescing path $.notifications.containerSecurityContext
[INFO] Coalescing path $.notifications.customLivenessProbe
[INFO] Coalescing path $.notifications.customReadinessProbe
[INFO] Coalescing path $.notifications.customStartupProbe
[INFO] Coalescing path $.notifications.enabled
[INFO] Coalescing path $.notifications.extraArgs
[INFO] Coalescing path $.notifications.extraEnvVars
[INFO] Coalescing path $.notifications.extraEnvVarsCM
[INFO] Coalescing path $.notifications.extraEnvVarsSecret
[INFO] Coalescing path $.notifications.extraVolumeMounts
[INFO] Coalescing path $.notifications.extraVolumes
[INFO] Coalescing path $.notifications.logFormat
[INFO] Coalescing path $.notifications.logLevel
[INFO] Coalescing path $.notifications.nodeSelector
[INFO] Coalescing path $.notifications.podAffinityPreset
[INFO] Coalescing path $.notifications.podAnnotations
[INFO] Coalescing path $.notifications.podAntiAffinityPreset
[INFO] Coalescing path $.notifications.podLabels
[INFO] Coalescing path $.notifications.podSecurityContext
[INFO] Coalescing path $.notifications.priorityClassName
[INFO] Coalescing path $.notifications.resources
[INFO] Coalescing path $.notifications.tolerations
[INFO] Coalescing path $.rbac.create
[INFO] Coalescing path $.redis.architecture
[INFO] Coalescing path $.redis.clusterDomain
[INFO] Coalescing path $.redis.commonAnnotations
[INFO] Coalescing path $.redis.commonConfiguration
[INFO] Coalescing path $.redis.commonLabels
[INFO] Coalescing path $.redis.configmapChecksumAnnotations
[INFO] Coalescing path $.redis.enabled
[INFO] Coalescing path $.redis.extraDeploy
[INFO] Coalescing path $.redis.global
[INFO] Coalescing path $.redis.image
[INFO] Coalescing path $.redis.nameResolutionThreshold
[INFO] Coalescing path $.redis.nameResolutionTimeout
[INFO] Coalescing path $.redis.pdb
[INFO] Coalescing path $.redis.secretAnnotations
[INFO] Coalescing path $.redis.secretChecksumAnnotations
[INFO] Coalescing path $.redis.useHostnames
[INFO] Coalescing path $.redisWait.enabled
[INFO] Coalescing path $.redisWait.extraArgs
[INFO] Coalescing path $.redisWait.securityContext
[INFO] Coalescing path $.repoServer.affinity
[INFO] Coalescing path $.repoServer.args
[INFO] Coalescing path $.repoServer.automountServiceAccountToken
[INFO] Coalescing path $.repoServer.clusterAdminAccess
[INFO] Coalescing path $.repoServer.clusterRoleRules
[INFO] Coalescing path $.repoServer.command
[INFO] Coalescing path $.repoServer.containerSecurityContext
[INFO] Coalescing path $.repoServer.customLivenessProbe
[INFO] Coalescing path $.repoServer.customReadinessProbe
[INFO] Coalescing path $.repoServer.customStartupProbe
[INFO] Coalescing path $.repoServer.extraArgs
[INFO] Coalescing path $.repoServer.extraEnvVars
[INFO] Coalescing path $.repoServer.extraEnvVarsCM
[INFO] Coalescing path $.repoServer.extraEnvVarsSecret
[INFO] Coalescing path $.repoServer.extraVolumeMounts
[INFO] Coalescing path $.repoServer.extraVolumes
[INFO] Coalescing path $.repoServer.hostAliases
[INFO] Coalescing path $.repoServer.initContainers
[INFO] Coalescing path $.repoServer.lifecycleHooks
[INFO] Coalescing path $.repoServer.logFormat
[INFO] Coalescing path $.repoServer.logLevel
[INFO] Coalescing path $.repoServer.nodeSelector
[INFO] Coalescing path $.repoServer.podAffinityPreset
[INFO] Coalescing path $.repoServer.podAnnotations
[INFO] Coalescing path $.repoServer.podAntiAffinityPreset
[INFO] Coalescing path $.repoServer.podLabels
[INFO] Coalescing path $.repoServer.podSecurityContext
[INFO] Coalescing path $.repoServer.priorityClassName
[INFO] Coalescing path $.repoServer.replicaCount
[INFO] Coalescing path $.repoServer.resources
[INFO] Coalescing path $.repoServer.runtimeClassName
[INFO] Coalescing path $.repoServer.schedulerName
[INFO] Coalescing path $.repoServer.shareProcessNamespace
[INFO] Coalescing path $.repoServer.sidecars
[INFO] Coalescing path $.repoServer.tolerations
[INFO] Coalescing path $.repoServer.topologySpreadConstraints
[INFO] Coalescing path $.repoServer.updateStrategy
[INFO] Coalescing path $.server.affinity
[INFO] Coalescing path $.server.args
[INFO] Coalescing path $.server.automountServiceAccountToken
[INFO] Coalescing path $.server.clusterAdminAccess
[INFO] Coalescing path $.server.clusterRoleRules
[INFO] Coalescing path $.server.command
[INFO] Coalescing path $.server.config
[INFO] Coalescing path $.server.configEnabled
[INFO] Coalescing path $.server.containerSecurityContext
[INFO] Coalescing path $.server.customLivenessProbe
[INFO] Coalescing path $.server.customReadinessProbe
[INFO] Coalescing path $.server.customStartupProbe
[INFO] Coalescing path $.server.extraArgs
[INFO] Coalescing path $.server.extraEnvVars
[INFO] Coalescing path $.server.extraEnvVarsCM
[INFO] Coalescing path $.server.extraEnvVarsSecret
[INFO] Coalescing path $.server.extraVolumeMounts
[INFO] Coalescing path $.server.extraVolumes
[INFO] Coalescing path $.server.hostAliases
[INFO] Coalescing path $.server.initContainers
[INFO] Coalescing path $.server.insecure
[INFO] Coalescing path $.server.lifecycleHooks
[INFO] Coalescing path $.server.logFormat
[INFO] Coalescing path $.server.logLevel
[INFO] Coalescing path $.server.nodeSelector
[INFO] Coalescing path $.server.podAffinityPreset
[INFO] Coalescing path $.server.podAnnotations
[INFO] Coalescing path $.server.podAntiAffinityPreset
[INFO] Coalescing path $.server.podLabels
[INFO] Coalescing path $.server.podSecurityContext
[INFO] Coalescing path $.server.priorityClassName
[INFO] Coalescing path $.server.replicaCount
[INFO] Coalescing path $.server.resources
[INFO] Coalescing path $.server.runtimeClassName
[INFO] Coalescing path $.server.schedulerName
[INFO] Coalescing path $.server.shareProcessNamespace
[INFO] Coalescing path $.server.sidecars
[INFO] Coalescing path $.server.tolerations
[INFO] Coalescing path $.server.topologySpreadConstraints
[INFO] Coalescing path $.server.updateStrategy
[INFO] Coalescing path $.tags["bitnami-common"]
[INFO] Coalescing path $.volumePermissions.enabled
[INFO] Coalescing path $.volumePermissions.image
[INFO] Coalescing path $.volumePermissions.resources
[INFO] Coalescing path $.applicationSet.containerPorts.metrics
[INFO] Coalescing path $.applicationSet.containerPorts.probe
[INFO] Coalescing path $.applicationSet.containerSecurityContext.enabled
[INFO] Coalescing path $.applicationSet.defaultArgs.debug
[INFO] Coalescing path $.applicationSet.defaultArgs.dryRun
[INFO] Coalescing path $.applicationSet.defaultArgs.enableLeaderElection
[INFO] Coalescing path $.applicationSet.defaultArgs.policy
[INFO] Coalescing path $.applicationSet.metrics.enabled
[INFO] Coalescing path $.applicationSet.networkPolicy.allowExternal
[INFO] Coalescing path $.applicationSet.networkPolicy.allowExternalEgress
[INFO] Coalescing path $.applicationSet.networkPolicy.enabled
[INFO] Coalescing path $.applicationSet.networkPolicy.extraEgress
[INFO] Coalescing path $.applicationSet.networkPolicy.extraIngress
[INFO] Coalescing path $.applicationSet.networkPolicy.ingressNSMatchLabels
[INFO] Coalescing path $.applicationSet.networkPolicy.ingressNSPodMatchLabels
[INFO] Coalescing path $.applicationSet.networkPolicy.kubeAPIServerPorts
[INFO] Coalescing path $.applicationSet.nodeAffinityPreset.key
[INFO] Coalescing path $.applicationSet.nodeAffinityPreset.type
[INFO] Coalescing path $.applicationSet.nodeAffinityPreset.values
[INFO] Coalescing path $.applicationSet.pdb.create
[INFO] Coalescing path $.applicationSet.pdb.maxUnavailable
[INFO] Coalescing path $.applicationSet.pdb.minAvailable
[INFO] Coalescing path $.applicationSet.podSecurityContext.enabled
[INFO] Coalescing path $.applicationSet.service.annotations
[INFO] Coalescing path $.applicationSet.service.clusterIP
[INFO] Coalescing path $.applicationSet.service.externalTrafficPolicy
[INFO] Coalescing path $.applicationSet.service.extraPorts
[INFO] Coalescing path $.applicationSet.service.loadBalancerIP
[INFO] Coalescing path $.applicationSet.service.loadBalancerSourceRanges
[INFO] Coalescing path $.applicationSet.service.nodePort
[INFO] Coalescing path $.applicationSet.service.port
[INFO] Coalescing path $.applicationSet.service.sessionAffinity
[INFO] Coalescing path $.applicationSet.service.sessionAffinityConfig
[INFO] Coalescing path $.applicationSet.service.type
[INFO] Coalescing path $.applicationSet.serviceAccount.annotations
[INFO] Coalescing path $.applicationSet.serviceAccount.automountServiceAccountToken
[INFO] Coalescing path $.applicationSet.serviceAccount.create
[INFO] Coalescing path $.config.secret.annotations
[INFO] Coalescing path $.config.secret.argocdServerAdminPasswordMtime
[INFO] Coalescing path $.config.secret.bitbucketServerSecret
[INFO] Coalescing path $.config.secret.bitbucketUUID
[INFO] Coalescing path $.config.secret.create
[INFO] Coalescing path $.config.secret.extra
[INFO] Coalescing path $.config.secret.githubSecret
[INFO] Coalescing path $.config.secret.gitlabSecret
[INFO] Coalescing path $.config.secret.gogsSecret
[INFO] Coalescing path $.config.secret.repositoryCredentials
[INFO] Coalescing path $.controller.containerPorts.metrics
[INFO] Coalescing path $.controller.metrics.enabled
[INFO] Coalescing path $.controller.networkPolicy.allowExternal
[INFO] Coalescing path $.controller.networkPolicy.allowExternalEgress
[INFO] Coalescing path $.controller.networkPolicy.enabled
[INFO] Coalescing path $.controller.networkPolicy.extraEgress
[INFO] Coalescing path $.controller.networkPolicy.extraIngress
[INFO] Coalescing path $.controller.networkPolicy.ingressNSMatchLabels
[INFO] Coalescing path $.controller.networkPolicy.ingressNSPodMatchLabels
[INFO] Coalescing path $.controller.networkPolicy.kubeAPIServerPorts
[INFO] Coalescing path $.controller.pdb.create
[INFO] Coalescing path $.controller.pdb.maxUnavailable
[INFO] Coalescing path $.controller.pdb.minAvailable
[INFO] Coalescing path $.controller.service.annotations
[INFO] Coalescing path $.controller.service.clusterIP
[INFO] Coalescing path $.controller.service.externalTrafficPolicy
[INFO] Coalescing path $.controller.service.extraPorts
[INFO] Coalescing path $.controller.service.loadBalancerIP
[INFO] Coalescing path $.controller.service.loadBalancerSourceRanges
[INFO] Coalescing path $.controller.service.nodePort
[INFO] Coalescing path $.controller.service.port
[INFO] Coalescing path $.controller.service.sessionAffinity
[INFO] Coalescing path $.controller.service.sessionAffinityConfig
[INFO] Coalescing path $.controller.service.type
[INFO] Coalescing path $.controller.serviceAccount.annotations
[INFO] Coalescing path $.controller.serviceAccount.automountServiceAccountToken
[INFO] Coalescing path $.controller.serviceAccount.create
[INFO] Coalescing path $.dex.containerPorts.grpc
[INFO] Coalescing path $.dex.containerPorts.http
[INFO] Coalescing path $.dex.containerPorts.metrics
[INFO] Coalescing path $.dex.containerSecurityContext.enabled
[INFO] Coalescing path $.dex.containerSecurityContext.runAsUser
[INFO] Coalescing path $.dex.image.pullPolicy
[INFO] Coalescing path $.dex.metrics.enabled
[INFO] Coalescing path $.dex.networkPolicy.allowExternal
[INFO] Coalescing path $.dex.networkPolicy.allowExternalEgress
[INFO] Coalescing path $.dex.networkPolicy.enabled
[INFO] Coalescing path $.dex.networkPolicy.extraEgress
[INFO] Coalescing path $.dex.networkPolicy.extraIngress
[INFO] Coalescing path $.dex.networkPolicy.ingressNSMatchLabels
[INFO] Coalescing path $.dex.networkPolicy.ingressNSPodMatchLabels
[INFO] Coalescing path $.dex.networkPolicy.kubeAPIServerPorts
[INFO] Coalescing path $.dex.nodeAffinityPreset.key
[INFO] Coalescing path $.dex.nodeAffinityPreset.type
[INFO] Coalescing path $.dex.nodeAffinityPreset.values
[INFO] Coalescing path $.dex.pdb.create
[INFO] Coalescing path $.dex.pdb.maxUnavailable
[INFO] Coalescing path $.dex.pdb.minAvailable
[INFO] Coalescing path $.dex.podSecurityContext.enabled
[INFO] Coalescing path $.dex.podSecurityContext.fsGroup
[INFO] Coalescing path $.dex.service.annotations
[INFO] Coalescing path $.dex.service.clusterIP
[INFO] Coalescing path $.dex.service.externalTrafficPolicy
[INFO] Coalescing path $.dex.service.extraPorts
[INFO] Coalescing path $.dex.service.loadBalancerIP
[INFO] Coalescing path $.dex.service.loadBalancerSourceRanges
[INFO] Coalescing path $.dex.service.port
[INFO] Coalescing path $.dex.service.sessionAffinity
[INFO] Coalescing path $.dex.service.sessionAffinityConfig
[INFO] Coalescing path $.dex.service.type
[INFO] Coalescing path $.dex.serviceAccount.annotations
[INFO] Coalescing path $.dex.serviceAccount.automountServiceAccountToken
[INFO] Coalescing path $.dex.serviceAccount.create
[INFO] Coalescing path $.notifications.containerPorts.metrics
[INFO] Coalescing path $.notifications.containerSecurityContext.enabled
[INFO] Coalescing path $.notifications.metrics.enabled
[INFO] Coalescing path $.notifications.networkPolicy.allowExternal
[INFO] Coalescing path $.notifications.networkPolicy.allowExternalEgress
[INFO] Coalescing path $.notifications.networkPolicy.enabled
[INFO] Coalescing path $.notifications.networkPolicy.extraEgress
[INFO] Coalescing path $.notifications.networkPolicy.extraIngress
[INFO] Coalescing path $.notifications.networkPolicy.ingressNSMatchLabels
[INFO] Coalescing path $.notifications.networkPolicy.ingressNSPodMatchLabels
[INFO] Coalescing path $.notifications.networkPolicy.kubeAPIServerPorts
[INFO] Coalescing path $.notifications.nodeAffinityPreset.key
[INFO] Coalescing path $.notifications.nodeAffinityPreset.type
[INFO] Coalescing path $.notifications.nodeAffinityPreset.values
[INFO] Coalescing path $.notifications.pdb.create
[INFO] Coalescing path $.notifications.pdb.maxUnavailable
[INFO] Coalescing path $.notifications.pdb.minAvailable
[INFO] Coalescing path $.notifications.podSecurityContext.enabled
[INFO] Coalescing path $.notifications.serviceAccount.annotations
[INFO] Coalescing path $.notifications.serviceAccount.automountServiceAccountToken
[INFO] Coalescing path $.notifications.serviceAccount.create
[INFO] Coalescing path $.redis.auth.enabled
[INFO] Coalescing path $.redis.auth.existingSecret
[INFO] Coalescing path $.redis.auth.sentinel
[INFO] Coalescing path $.redis.auth.usePasswordFileFromSecret
[INFO] Coalescing path $.redis.auth.usePasswordFiles
[INFO] Coalescing path $.redis.diagnosticMode.args
[INFO] Coalescing path $.redis.diagnosticMode.command
[INFO] Coalescing path $.redis.diagnosticMode.enabled
[INFO] Coalescing path $.redis.extraDeploy[*]
[INFO] Coalescing path $.redis.image.debug
[INFO] Coalescing path $.redis.image.pullPolicy
[INFO] Coalescing path $.redis.kubectl.command
[INFO] Coalescing path $.redis.kubectl.containerSecurityContext
[INFO] Coalescing path $.redis.kubectl.image
[INFO] Coalescing path $.redis.kubectl.resources
[INFO] Coalescing path $.redis.master.affinity
[INFO] Coalescing path $.redis.master.annotations
[INFO] Coalescing path $.redis.master.automountServiceAccountToken
[INFO] Coalescing path $.redis.master.configuration
[INFO] Coalescing path $.redis.master.containerSecurityContext
[INFO] Coalescing path $.redis.master.count
[INFO] Coalescing path $.redis.master.customLivenessProbe
[INFO] Coalescing path $.redis.master.customReadinessProbe
[INFO] Coalescing path $.redis.master.customStartupProbe
[INFO] Coalescing path $.redis.master.disableCommands
[INFO] Coalescing path $.redis.master.dnsConfig
[INFO] Coalescing path $.redis.master.dnsPolicy
[INFO] Coalescing path $.redis.master.enableServiceLinks
[INFO] Coalescing path $.redis.master.extraEnvVars
[INFO] Coalescing path $.redis.master.extraEnvVarsCM
[INFO] Coalescing path $.redis.master.extraEnvVarsSecret
[INFO] Coalescing path $.redis.master.extraPodSpec
[INFO] Coalescing path $.redis.master.extraVolumeMounts
[INFO] Coalescing path $.redis.master.extraVolumes
[INFO] Coalescing path $.redis.master.hostAliases
[INFO] Coalescing path $.redis.master.initContainers
[INFO] Coalescing path $.redis.master.kind
[INFO] Coalescing path $.redis.master.lifecycleHooks
[INFO] Coalescing path $.redis.master.minReadySeconds
[INFO] Coalescing path $.redis.master.nodeSelector
[INFO] Coalescing path $.redis.master.pdb
[INFO] Coalescing path $.redis.master.persistence
[INFO] Coalescing path $.redis.master.podAffinityPreset
[INFO] Coalescing path $.redis.master.podAnnotations
[INFO] Coalescing path $.redis.master.podAntiAffinityPreset
[INFO] Coalescing path $.redis.master.podLabels
[INFO] Coalescing path $.redis.master.podSecurityContext
[INFO] Coalescing path $.redis.master.priorityClassName
[INFO] Coalescing path $.redis.master.resources
[INFO] Coalescing path $.redis.master.revisionHistoryLimit
[INFO] Coalescing path $.redis.master.schedulerName
[INFO] Coalescing path $.redis.master.shareProcessNamespace
[INFO] Coalescing path $.redis.master.sidecars
[INFO] Coalescing path $.redis.master.terminationGracePeriodSeconds
[INFO] Coalescing path $.redis.master.tolerations
[INFO] Coalescing path $.redis.master.topologySpreadConstraints
[INFO] Coalescing path $.redis.master.updateStrategy
[INFO] Coalescing path $.redis.metrics.containerSecurityContext
[INFO] Coalescing path $.redis.metrics.customLivenessProbe
[INFO] Coalescing path $.redis.metrics.customReadinessProbe
[INFO] Coalescing path $.redis.metrics.customStartupProbe
[INFO] Coalescing path $.redis.metrics.enabled
[INFO] Coalescing path $.redis.metrics.extraEnvVars
[INFO] Coalescing path $.redis.metrics.extraVolumeMounts
[INFO] Coalescing path $.redis.metrics.extraVolumes
[INFO] Coalescing path $.redis.metrics.image
[INFO] Coalescing path $.redis.metrics.podAnnotations
[INFO] Coalescing path $.redis.metrics.podLabels
[INFO] Coalescing path $.redis.metrics.redisTargetHost
[INFO] Coalescing path $.redis.metrics.resources
[INFO] Coalescing path $.redis.networkPolicy.allowExternal
[INFO] Coalescing path $.redis.networkPolicy.allowExternalEgress
[INFO] Coalescing path $.redis.networkPolicy.enabled
[INFO] Coalescing path $.redis.networkPolicy.extraIngress
[INFO] Coalescing path $.redis.networkPolicy.ingressNSMatchLabels
[INFO] Coalescing path $.redis.networkPolicy.ingressNSPodMatchLabels
[INFO] Coalescing path $.redis.podSecurityPolicy.create
[INFO] Coalescing path $.redis.podSecurityPolicy.enabled
[INFO] Coalescing path $.redis.rbac.create
[INFO] Coalescing path $.redis.rbac.rules
[INFO] Coalescing path $.redis.replica.affinity
[INFO] Coalescing path $.redis.replica.annotations
[INFO] Coalescing path $.redis.replica.automountServiceAccountToken
[INFO] Coalescing path $.redis.replica.command
[INFO] Coalescing path $.redis.replica.configuration
[INFO] Coalescing path $.redis.replica.containerSecurityContext
[INFO] Coalescing path $.redis.replica.customLivenessProbe
[INFO] Coalescing path $.redis.replica.customReadinessProbe
[INFO] Coalescing path $.redis.replica.customStartupProbe
[INFO] Coalescing path $.redis.replica.disableCommands
[INFO] Coalescing path $.redis.replica.dnsConfig
[INFO] Coalescing path $.redis.replica.dnsPolicy
[INFO] Coalescing path $.redis.replica.enableServiceLinks
[INFO] Coalescing path $.redis.replica.extraEnvVars
[INFO] Coalescing path $.redis.replica.extraEnvVarsCM
[INFO] Coalescing path $.redis.replica.extraEnvVarsSecret
[INFO] Coalescing path $.redis.replica.extraFlags
[INFO] Coalescing path $.redis.replica.extraPodSpec
[INFO] Coalescing path $.redis.replica.extraVolumeMounts
[INFO] Coalescing path $.redis.replica.extraVolumes
[INFO] Coalescing path $.redis.replica.hostAliases
[INFO] Coalescing path $.redis.replica.initContainers
[INFO] Coalescing path $.redis.replica.kind
[INFO] Coalescing path $.redis.replica.lifecycleHooks
[INFO] Coalescing path $.redis.replica.minReadySeconds
[INFO] Coalescing path $.redis.replica.nodeSelector
[INFO] Coalescing path $.redis.replica.pdb
[INFO] Coalescing path $.redis.replica.podAffinityPreset
[INFO] Coalescing path $.redis.replica.podAnnotations
[INFO] Coalescing path $.redis.replica.podAntiAffinityPreset
[INFO] Coalescing path $.redis.replica.podLabels
[INFO] Coalescing path $.redis.replica.podManagementPolicy
[INFO] Coalescing path $.redis.replica.podSecurityContext
[INFO] Coalescing path $.redis.replica.preExecCmds
[INFO] Coalescing path $.redis.replica.priorityClassName
[INFO] Coalescing path $.redis.replica.replicaCount
[INFO] Coalescing path $.redis.replica.resources
[INFO] Coalescing path $.redis.replica.revisionHistoryLimit
[INFO] Coalescing path $.redis.replica.schedulerName
[INFO] Coalescing path $.redis.replica.shareProcessNamespace
[INFO] Coalescing path $.redis.replica.sidecars
[INFO] Coalescing path $.redis.replica.terminationGracePeriodSeconds
[INFO] Coalescing path $.redis.replica.tolerations
[INFO] Coalescing path $.redis.replica.topologySpreadConstraints
[INFO] Coalescing path $.redis.replica.updateStrategy
[INFO] Coalescing path $.redis.sentinel.annotations
[INFO] Coalescing path $.redis.sentinel.automateClusterRecovery
[INFO] Coalescing path $.redis.sentinel.commonAnnotations
[INFO] Coalescing path $.redis.sentinel.commonLabels
[INFO] Coalescing path $.redis.sentinel.configuration
[INFO] Coalescing path $.redis.sentinel.containerSecurityContext
[INFO] Coalescing path $.redis.sentinel.customLivenessProbe
[INFO] Coalescing path $.redis.sentinel.customReadinessProbe
[INFO] Coalescing path $.redis.sentinel.customStartupProbe
[INFO] Coalescing path $.redis.sentinel.downAfterMilliseconds
[INFO] Coalescing path $.redis.sentinel.enableServiceLinks
[INFO] Coalescing path $.redis.sentinel.enabled
[INFO] Coalescing path $.redis.sentinel.extraEnvVars
[INFO] Coalescing path $.redis.sentinel.extraEnvVarsCM
[INFO] Coalescing path $.redis.sentinel.extraEnvVarsSecret
[INFO] Coalescing path $.redis.sentinel.extraPodSpec
[INFO] Coalescing path $.redis.sentinel.extraVolumeMounts
[INFO] Coalescing path $.redis.sentinel.extraVolumes
[INFO] Coalescing path $.redis.sentinel.failoverTimeout
[INFO] Coalescing path $.redis.sentinel.getMasterTimeout
[INFO] Coalescing path $.redis.sentinel.image
[INFO] Coalescing path $.redis.sentinel.lifecycleHooks
[INFO] Coalescing path $.redis.sentinel.masterService
[INFO] Coalescing path $.redis.sentinel.masterSet
[INFO] Coalescing path $.redis.sentinel.parallelSyncs
[INFO] Coalescing path $.redis.sentinel.preExecCmds
[INFO] Coalescing path $.redis.sentinel.quorum
[INFO] Coalescing path $.redis.sentinel.redisShutdownWaitFailover
[INFO] Coalescing path $.redis.sentinel.resources
[INFO] Coalescing path $.redis.sentinel.service
[INFO] Coalescing path $.redis.sentinel.terminationGracePeriodSeconds
[INFO] Coalescing path $.redis.serviceAccount.annotations
[INFO] Coalescing path $.redis.serviceAccount.automountServiceAccountToken
[INFO] Coalescing path $.redis.serviceAccount.create
[INFO] Coalescing path $.redis.serviceBindings.enabled
[INFO] Coalescing path $.redis.sysctl.command
[INFO] Coalescing path $.redis.sysctl.enabled
[INFO] Coalescing path $.redis.sysctl.image
[INFO] Coalescing path $.redis.sysctl.mountHostSys
[INFO] Coalescing path $.redis.sysctl.resources
[INFO] Coalescing path $.redis.tls.authClients
[INFO] Coalescing path $.redis.tls.dhParamsFilename
[INFO] Coalescing path $.redis.tls.enabled
[INFO] Coalescing path $.redis.useExternalDNS.enabled
[INFO] Coalescing path $.redis.volumePermissions.containerSecurityContext
[INFO] Coalescing path $.redis.volumePermissions.enabled
[INFO] Coalescing path $.redis.volumePermissions.extraEnvVars
[INFO] Coalescing path $.redis.volumePermissions.image
[INFO] Coalescing path $.redis.volumePermissions.resources
[INFO] Coalescing path $.repoServer.autoscaling.enabled
[INFO] Coalescing path $.repoServer.autoscaling.maxReplicas
[INFO] Coalescing path $.repoServer.autoscaling.minReplicas
[INFO] Coalescing path $.repoServer.autoscaling.targetCPU
[INFO] Coalescing path $.repoServer.autoscaling.targetMemory
[INFO] Coalescing path $.repoServer.containerPorts.metrics
[INFO] Coalescing path $.repoServer.containerPorts.repoServer
[INFO] Coalescing path $.repoServer.containerSecurityContext.enabled
[INFO] Coalescing path $.repoServer.containerSecurityContext.runAsUser
[INFO] Coalescing path $.repoServer.metrics.enabled
[INFO] Coalescing path $.repoServer.networkPolicy.allowExternal
[INFO] Coalescing path $.repoServer.networkPolicy.allowExternalEgress
[INFO] Coalescing path $.repoServer.networkPolicy.enabled
[INFO] Coalescing path $.repoServer.networkPolicy.extraEgress
[INFO] Coalescing path $.repoServer.networkPolicy.extraIngress
[INFO] Coalescing path $.repoServer.networkPolicy.ingressNSMatchLabels
[INFO] Coalescing path $.repoServer.networkPolicy.ingressNSPodMatchLabels
[INFO] Coalescing path $.repoServer.networkPolicy.kubeAPIServerPorts
[INFO] Coalescing path $.repoServer.nodeAffinityPreset.key
[INFO] Coalescing path $.repoServer.nodeAffinityPreset.type
[INFO] Coalescing path $.repoServer.nodeAffinityPreset.values
[INFO] Coalescing path $.repoServer.pdb.create
[INFO] Coalescing path $.repoServer.pdb.maxUnavailable
[INFO] Coalescing path $.repoServer.pdb.minAvailable
[INFO] Coalescing path $.repoServer.podSecurityContext.enabled
[INFO] Coalescing path $.repoServer.podSecurityContext.fsGroup
[INFO] Coalescing path $.repoServer.service.annotations
[INFO] Coalescing path $.repoServer.service.clusterIP
[INFO] Coalescing path $.repoServer.service.externalTrafficPolicy
[INFO] Coalescing path $.repoServer.service.extraPorts
[INFO] Coalescing path $.repoServer.service.loadBalancerIP
[INFO] Coalescing path $.repoServer.service.loadBalancerSourceRanges
[INFO] Coalescing path $.repoServer.service.nodePort
[INFO] Coalescing path $.repoServer.service.port
[INFO] Coalescing path $.repoServer.service.sessionAffinity
[INFO] Coalescing path $.repoServer.service.sessionAffinityConfig
[INFO] Coalescing path $.repoServer.service.type
[INFO] Coalescing path $.repoServer.serviceAccount.annotations
[INFO] Coalescing path $.repoServer.serviceAccount.automountServiceAccountToken
[INFO] Coalescing path $.repoServer.serviceAccount.create
[INFO] Coalescing path $.server.autoscaling.enabled
[INFO] Coalescing path $.server.autoscaling.maxReplicas
[INFO] Coalescing path $.server.autoscaling.minReplicas
[INFO] Coalescing path $.server.autoscaling.targetCPU
[INFO] Coalescing path $.server.autoscaling.targetMemory
[INFO] Coalescing path $.server.containerPorts.http
[INFO] Coalescing path $.server.containerPorts.metrics
[INFO] Coalescing path $.server.containerSecurityContext.enabled
[INFO] Coalescing path $.server.ingress.annotations
[INFO] Coalescing path $.server.ingress.certManager
[INFO] Coalescing path $.server.ingress.enabled
[INFO] Coalescing path $.server.ingress.extraHosts
[INFO] Coalescing path $.server.ingress.extraPaths
[INFO] Coalescing path $.server.ingress.extraRules
[INFO] Coalescing path $.server.ingress.extraTls
[INFO] Coalescing path $.server.ingress.hostname
[INFO] Coalescing path $.server.ingress.ingressClassName
[INFO] Coalescing path $.server.ingress.path
[INFO] Coalescing path $.server.ingress.pathType
[INFO] Coalescing path $.server.ingress.secrets
[INFO] Coalescing path $.server.ingress.selfSigned
[INFO] Coalescing path $.server.ingress.tls
[INFO] Coalescing path $.server.ingressGrpc.annotations
[INFO] Coalescing path $.server.ingressGrpc.certManager
[INFO] Coalescing path $.server.ingressGrpc.enabled
[INFO] Coalescing path $.server.ingressGrpc.extraHosts
[INFO] Coalescing path $.server.ingressGrpc.extraPaths
[INFO] Coalescing path $.server.ingressGrpc.extraRules
[INFO] Coalescing path $.server.ingressGrpc.extraTls
[INFO] Coalescing path $.server.ingressGrpc.hostname
[INFO] Coalescing path $.server.ingressGrpc.ingressClassName
[INFO] Coalescing path $.server.ingressGrpc.path
[INFO] Coalescing path $.server.ingressGrpc.pathType
[INFO] Coalescing path $.server.ingressGrpc.secrets
[INFO] Coalescing path $.server.ingressGrpc.selfSigned
[INFO] Coalescing path $.server.ingressGrpc.tls
[INFO] Coalescing path $.server.metrics.enabled
[INFO] Coalescing path $.server.networkPolicy.allowExternal
[INFO] Coalescing path $.server.networkPolicy.allowExternalEgress
[INFO] Coalescing path $.server.networkPolicy.enabled
[INFO] Coalescing path $.server.networkPolicy.extraEgress
[INFO] Coalescing path $.server.networkPolicy.extraIngress
[INFO] Coalescing path $.server.networkPolicy.ingressNSMatchLabels
[INFO] Coalescing path $.server.networkPolicy.ingressNSPodMatchLabels
[INFO] Coalescing path $.server.networkPolicy.kubeAPIServerPorts
[INFO] Coalescing path $.server.nodeAffinityPreset.key
[INFO] Coalescing path $.server.nodeAffinityPreset.type
[INFO] Coalescing path $.server.nodeAffinityPreset.values
[INFO] Coalescing path $.server.pdb.create
[INFO] Coalescing path $.server.pdb.maxUnavailable
[INFO] Coalescing path $.server.pdb.minAvailable
[INFO] Coalescing path $.server.podSecurityContext.enabled
[INFO] Coalescing path $.server.service.annotations
[INFO] Coalescing path $.server.service.clusterIP
[INFO] Coalescing path $.server.service.externalTrafficPolicy
[INFO] Coalescing path $.server.service.extraPorts
[INFO] Coalescing path $.server.service.loadBalancerIP
[INFO] Coalescing path $.server.service.loadBalancerSourceRanges
[INFO] Coalescing path $.server.service.sessionAffinity
[INFO] Coalescing path $.server.service.sessionAffinityConfig
[INFO] Coalescing path $.server.service.type
[INFO] Coalescing path $.server.serviceAccount.annotations
[INFO] Coalescing path $.server.serviceAccount.automountServiceAccountToken
[INFO] Coalescing path $.server.serviceAccount.create
[INFO] Coalescing path $.volumePermissions.containerSecurityContext.runAsUser
[INFO] Coalescing path $.volumePermissions.image.pullPolicy
[INFO] Coalescing path $.applicationSet.metrics.service.annotations
[INFO] Coalescing path $.applicationSet.metrics.service.clusterIP
[INFO] Coalescing path $.applicationSet.metrics.service.externalTrafficPolicy
[INFO] Coalescing path $.applicationSet.metrics.service.loadBalancerIP
[INFO] Coalescing path $.applicationSet.metrics.service.loadBalancerSourceRanges
[INFO] Coalescing path $.applicationSet.metrics.service.nodePort
[INFO] Coalescing path $.applicationSet.metrics.service.port
[INFO] Coalescing path $.applicationSet.metrics.service.sessionAffinity
[INFO] Coalescing path $.applicationSet.metrics.service.sessionAffinityConfig
[INFO] Coalescing path $.applicationSet.metrics.service.type
[INFO] Coalescing path $.applicationSet.metrics.serviceMonitor.enabled
[INFO] Coalescing path $.applicationSet.metrics.serviceMonitor.honorLabels
[INFO] Coalescing path $.applicationSet.metrics.serviceMonitor.interval
[INFO] Coalescing path $.applicationSet.metrics.serviceMonitor.metricRelabelings
[INFO] Coalescing path $.applicationSet.metrics.serviceMonitor.namespace
[INFO] Coalescing path $.applicationSet.metrics.serviceMonitor.relabelings
[INFO] Coalescing path $.applicationSet.metrics.serviceMonitor.scrapeTimeout
[INFO] Coalescing path $.applicationSet.metrics.serviceMonitor.selector
[INFO] Coalescing path $.applicationSet.networkPolicy.ingressNSMatchLabels[*]
[INFO] Coalescing path $.applicationSet.networkPolicy.ingressNSPodMatchLabels[*]
[INFO] Coalescing path $.applicationSet.networkPolicy.kubeAPIServerPorts[*]
[INFO] Coalescing path $.applicationSet.service.nodePorts.webhook
[INFO] Coalescing path $.applicationSet.service.ports.webhook
[INFO] Coalescing path $.applicationSet.webhook.ingress.annotations
[INFO] Coalescing path $.applicationSet.webhook.ingress.certManager
[INFO] Coalescing path $.applicationSet.webhook.ingress.enabled
[INFO] Coalescing path $.applicationSet.webhook.ingress.extraHosts
[INFO] Coalescing path $.applicationSet.webhook.ingress.extraPaths
[INFO] Coalescing path $.applicationSet.webhook.ingress.extraTls
[INFO] Coalescing path $.applicationSet.webhook.ingress.hostname
[INFO] Coalescing path $.applicationSet.webhook.ingress.ingressClassName
[INFO] Coalescing path $.applicationSet.webhook.ingress.labels
[INFO] Coalescing path $.applicationSet.webhook.ingress.path
[INFO] Coalescing path $.applicationSet.webhook.ingress.pathType
[INFO] Coalescing path $.applicationSet.webhook.ingress.tls
[INFO] Coalescing path $.config.clusterCredentials[*].config
[INFO] Coalescing path $.config.clusterCredentials[*].name
[INFO] Coalescing path $.config.clusterCredentials[*].namespaces
[INFO] Coalescing path $.config.clusterCredentials[*].server
[INFO] Coalescing path $.config.secret.argocdServerTlsConfig.crt
[INFO] Coalescing path $.config.secret.argocdServerTlsConfig.key
[INFO] Coalescing path $.config.secret.extra[*]
[INFO] Coalescing path $.config.secret.repositoryCredentials[*]
[INFO] Coalescing path $.controller.metrics.rules.additionalLabels
[INFO] Coalescing path $.controller.metrics.rules.enabled
[INFO] Coalescing path $.controller.metrics.rules.namespace
[INFO] Coalescing path $.controller.metrics.rules.selector
[INFO] Coalescing path $.controller.metrics.rules.spec
[INFO] Coalescing path $.controller.metrics.service.annotations
[INFO] Coalescing path $.controller.metrics.service.clusterIP
[INFO] Coalescing path $.controller.metrics.service.externalTrafficPolicy
[INFO] Coalescing path $.controller.metrics.service.loadBalancerIP
[INFO] Coalescing path $.controller.metrics.service.loadBalancerSourceRanges
[INFO] Coalescing path $.controller.metrics.service.nodePort
[INFO] Coalescing path $.controller.metrics.service.port
[INFO] Coalescing path $.controller.metrics.service.sessionAffinity
[INFO] Coalescing path $.controller.metrics.service.sessionAffinityConfig
[INFO] Coalescing path $.controller.metrics.service.type
[INFO] Coalescing path $.controller.metrics.serviceMonitor.enabled
[INFO] Coalescing path $.controller.metrics.serviceMonitor.honorLabels
[INFO] Coalescing path $.controller.metrics.serviceMonitor.interval
[INFO] Coalescing path $.controller.metrics.serviceMonitor.metricRelabelings
[INFO] Coalescing path $.controller.metrics.serviceMonitor.namespace
[INFO] Coalescing path $.controller.metrics.serviceMonitor.relabelings
[INFO] Coalescing path $.controller.metrics.serviceMonitor.scrapeTimeout
[INFO] Coalescing path $.controller.metrics.serviceMonitor.selector
[INFO] Coalescing path $.controller.networkPolicy.ingressNSMatchLabels[*]
[INFO] Coalescing path $.controller.networkPolicy.ingressNSPodMatchLabels[*]
[INFO] Coalescing path $.controller.networkPolicy.kubeAPIServerPorts[*]
[INFO] Coalescing path $.controller.service.nodePorts.metrics
[INFO] Coalescing path $.controller.service.ports.metrics
[INFO] Coalescing path $.dex.metrics.service.annotations
[INFO] Coalescing path $.dex.metrics.service.clusterIP
[INFO] Coalescing path $.dex.metrics.service.externalTrafficPolicy
[INFO] Coalescing path $.dex.metrics.service.loadBalancerIP
[INFO] Coalescing path $.dex.metrics.service.loadBalancerSourceRanges
[INFO] Coalescing path $.dex.metrics.service.nodePort
[INFO] Coalescing path $.dex.metrics.service.port
[INFO] Coalescing path $.dex.metrics.service.sessionAffinity
[INFO] Coalescing path $.dex.metrics.service.sessionAffinityConfig
[INFO] Coalescing path $.dex.metrics.service.type
[INFO] Coalescing path $.dex.metrics.serviceMonitor.enabled
[INFO] Coalescing path $.dex.metrics.serviceMonitor.honorLabels
[INFO] Coalescing path $.dex.metrics.serviceMonitor.interval
[INFO] Coalescing path $.dex.metrics.serviceMonitor.jobLabel
[INFO] Coalescing path $.dex.metrics.serviceMonitor.metricRelabelings
[INFO] Coalescing path $.dex.metrics.serviceMonitor.namespace
[INFO] Coalescing path $.dex.metrics.serviceMonitor.relabelings
[INFO] Coalescing path $.dex.metrics.serviceMonitor.scrapeTimeout
[INFO] Coalescing path $.dex.metrics.serviceMonitor.selector
[INFO] Coalescing path $.dex.networkPolicy.ingressNSMatchLabels[*]
[INFO] Coalescing path $.dex.networkPolicy.ingressNSPodMatchLabels[*]
[INFO] Coalescing path $.dex.networkPolicy.kubeAPIServerPorts[*]
[INFO] Coalescing path $.dex.service.nodePorts.grpc
[INFO] Coalescing path $.dex.service.nodePorts.http
[INFO] Coalescing path $.dex.service.ports.grpc
[INFO] Coalescing path $.dex.service.ports.http
[INFO] Coalescing path $.notifications.bots.slack.affinity
[INFO] Coalescing path $.notifications.bots.slack.args
[INFO] Coalescing path $.notifications.bots.slack.command
[INFO] Coalescing path $.notifications.bots.slack.containerSecurityContext
[INFO] Coalescing path $.notifications.bots.slack.customLivenessProbe
[INFO] Coalescing path $.notifications.bots.slack.customReadinessProbe
[INFO] Coalescing path $.notifications.bots.slack.customStartupProbe
[INFO] Coalescing path $.notifications.bots.slack.enabled
[INFO] Coalescing path $.notifications.bots.slack.extraArgs
[INFO] Coalescing path $.notifications.bots.slack.extraEnvVars
[INFO] Coalescing path $.notifications.bots.slack.extraEnvVarsCM
[INFO] Coalescing path $.notifications.bots.slack.extraEnvVarsSecret
[INFO] Coalescing path $.notifications.bots.slack.extraVolumeMounts
[INFO] Coalescing path $.notifications.bots.slack.extraVolumes
[INFO] Coalescing path $.notifications.bots.slack.nodeSelector
[INFO] Coalescing path $.notifications.bots.slack.podAffinityPreset
[INFO] Coalescing path $.notifications.bots.slack.podAnnotations
[INFO] Coalescing path $.notifications.bots.slack.podAntiAffinityPreset
[INFO] Coalescing path $.notifications.bots.slack.podLabels
[INFO] Coalescing path $.notifications.bots.slack.podSecurityContext
[INFO] Coalescing path $.notifications.bots.slack.priorityClassName
[INFO] Coalescing path $.notifications.bots.slack.resources
[INFO] Coalescing path $.notifications.bots.slack.tolerations
[INFO] Coalescing path $.notifications.metrics.service.annotations
[INFO] Coalescing path $.notifications.metrics.service.clusterIP
[INFO] Coalescing path $.notifications.metrics.service.externalTrafficPolicy
[INFO] Coalescing path $.notifications.metrics.service.loadBalancerIP
[INFO] Coalescing path $.notifications.metrics.service.loadBalancerSourceRanges
[INFO] Coalescing path $.notifications.metrics.service.nodePort
[INFO] Coalescing path $.notifications.metrics.service.port
[INFO] Coalescing path $.notifications.metrics.service.sessionAffinity
[INFO] Coalescing path $.notifications.metrics.service.sessionAffinityConfig
[INFO] Coalescing path $.notifications.metrics.service.type
[INFO] Coalescing path $.notifications.metrics.serviceMonitor.enabled
[INFO] Coalescing path $.notifications.metrics.serviceMonitor.honorLabels
[INFO] Coalescing path $.notifications.metrics.serviceMonitor.interval
[INFO] Coalescing path $.notifications.metrics.serviceMonitor.metricRelabelings
[INFO] Coalescing path $.notifications.metrics.serviceMonitor.namespace
[INFO] Coalescing path $.notifications.metrics.serviceMonitor.relabelings
[INFO] Coalescing path $.notifications.metrics.serviceMonitor.scrapeTimeout
[INFO] Coalescing path $.notifications.metrics.serviceMonitor.selector
[INFO] Coalescing path $.notifications.networkPolicy.ingressNSMatchLabels[*]
[INFO] Coalescing path $.notifications.networkPolicy.ingressNSPodMatchLabels[*]
[INFO] Coalescing path $.notifications.networkPolicy.kubeAPIServerPorts[*]
[INFO] Coalescing path $.redis.auth.acl.enabled
[INFO] Coalescing path $.redis.auth.acl.sentinel
[INFO] Coalescing path $.redis.auth.acl.userSecret
[INFO] Coalescing path $.redis.auth.acl.users
[INFO] Coalescing path $.redis.kubectl.containerSecurityContext.enabled
[INFO] Coalescing path $.redis.kubectl.image.pullPolicy
[INFO] Coalescing path $.redis.master.containerPorts.redis
[INFO] Coalescing path $.redis.master.containerSecurityContext.enabled
[INFO] Coalescing path $.redis.master.containerSecurityContext.readOnlyRootFilesystem
[INFO] Coalescing path $.redis.master.containerSecurityContext.runAsUser
[INFO] Coalescing path $.redis.master.disableCommands[*]
[INFO] Coalescing path $.redis.master.nodeAffinityPreset.key
[INFO] Coalescing path $.redis.master.nodeAffinityPreset.type
[INFO] Coalescing path $.redis.master.nodeAffinityPreset.values
[INFO] Coalescing path $.redis.master.persistence.accessModes
[INFO] Coalescing path $.redis.master.persistence.annotations
[INFO] Coalescing path $.redis.master.persistence.dataSource
[INFO] Coalescing path $.redis.master.persistence.enabled
[INFO] Coalescing path $.redis.master.persistence.existingClaim
[INFO] Coalescing path $.redis.master.persistence.labels
[INFO] Coalescing path $.redis.master.persistence.medium
[INFO] Coalescing path $.redis.master.persistence.path
[INFO] Coalescing path $.redis.master.persistence.selector
[INFO] Coalescing path $.redis.master.persistence.size
[INFO] Coalescing path $.redis.master.persistence.sizeLimit
[INFO] Coalescing path $.redis.master.persistence.subPath
[INFO] Coalescing path $.redis.master.podSecurityContext.enabled
[INFO] Coalescing path $.redis.master.podSecurityContext.fsGroup
[INFO] Coalescing path $.redis.master.service.annotations
[INFO] Coalescing path $.redis.master.service.clusterIP
[INFO] Coalescing path $.redis.master.service.externalIPs
[INFO] Coalescing path $.redis.master.service.externalTrafficPolicy
[INFO] Coalescing path $.redis.master.service.extraPorts
[INFO] Coalescing path $.redis.master.service.internalTrafficPolicy
[INFO] Coalescing path $.redis.master.service.loadBalancerClass
[INFO] Coalescing path $.redis.master.service.loadBalancerIP
[INFO] Coalescing path $.redis.master.service.loadBalancerSourceRanges
[INFO] Coalescing path $.redis.master.service.sessionAffinity
[INFO] Coalescing path $.redis.master.service.sessionAffinityConfig
[INFO] Coalescing path $.redis.master.service.type
[INFO] Coalescing path $.redis.master.serviceAccount.annotations
[INFO] Coalescing path $.redis.master.serviceAccount.automountServiceAccountToken
[INFO] Coalescing path $.redis.master.serviceAccount.create
[INFO] Coalescing path $.redis.metrics.containerPorts.http
[INFO] Coalescing path $.redis.metrics.containerSecurityContext.enabled
[INFO] Coalescing path $.redis.metrics.containerSecurityContext.readOnlyRootFilesystem
[INFO] Coalescing path $.redis.metrics.image.pullPolicy
[INFO] Coalescing path $.redis.metrics.podMonitor.additionalEndpoints
[INFO] Coalescing path $.redis.metrics.podMonitor.additionalLabels
[INFO] Coalescing path $.redis.metrics.podMonitor.enabled
[INFO] Coalescing path $.redis.metrics.podMonitor.honorLabels
[INFO] Coalescing path $.redis.metrics.podMonitor.interval
[INFO] Coalescing path $.redis.metrics.podMonitor.metricRelabelings
[INFO] Coalescing path $.redis.metrics.podMonitor.namespace
[INFO] Coalescing path $.redis.metrics.podMonitor.podTargetLabels
[INFO] Coalescing path $.redis.metrics.podMonitor.port
[INFO] Coalescing path $.redis.metrics.podMonitor.relabelings
[INFO] Coalescing path $.redis.metrics.podMonitor.relabellings
[INFO] Coalescing path $.redis.metrics.podMonitor.sampleLimit
[INFO] Coalescing path $.redis.metrics.podMonitor.scrapeTimeout
[INFO] Coalescing path $.redis.metrics.podMonitor.targetLimit
[INFO] Coalescing path $.redis.metrics.prometheusRule.additionalLabels
[INFO] Coalescing path $.redis.metrics.prometheusRule.enabled
[INFO] Coalescing path $.redis.metrics.prometheusRule.namespace
[INFO] Coalescing path $.redis.metrics.prometheusRule.rules
[INFO] Coalescing path $.redis.metrics.service.annotations
[INFO] Coalescing path $.redis.metrics.service.clusterIP
[INFO] Coalescing path $.redis.metrics.service.enabled
[INFO] Coalescing path $.redis.metrics.service.externalTrafficPolicy
[INFO] Coalescing path $.redis.metrics.service.extraPorts
[INFO] Coalescing path $.redis.metrics.service.loadBalancerClass
[INFO] Coalescing path $.redis.metrics.service.loadBalancerIP
[INFO] Coalescing path $.redis.metrics.service.loadBalancerSourceRanges
[INFO] Coalescing path $.redis.metrics.service.port
[INFO] Coalescing path $.redis.metrics.service.type
[INFO] Coalescing path $.redis.metrics.serviceMonitor.additionalEndpoints
[INFO] Coalescing path $.redis.metrics.serviceMonitor.additionalLabels
[INFO] Coalescing path $.redis.metrics.serviceMonitor.enabled
[INFO] Coalescing path $.redis.metrics.serviceMonitor.honorLabels
[INFO] Coalescing path $.redis.metrics.serviceMonitor.interval
[INFO] Coalescing path $.redis.metrics.serviceMonitor.metricRelabelings
[INFO] Coalescing path $.redis.metrics.serviceMonitor.namespace
[INFO] Coalescing path $.redis.metrics.serviceMonitor.podTargetLabels
[INFO] Coalescing path $.redis.metrics.serviceMonitor.port
[INFO] Coalescing path $.redis.metrics.serviceMonitor.relabelings
[INFO] Coalescing path $.redis.metrics.serviceMonitor.relabellings
[INFO] Coalescing path $.redis.metrics.serviceMonitor.sampleLimit
[INFO] Coalescing path $.redis.metrics.serviceMonitor.scrapeTimeout
[INFO] Coalescing path $.redis.metrics.serviceMonitor.targetLimit
[INFO] Coalescing path $.redis.metrics.serviceMonitor.tlsConfig
[INFO] Coalescing path $.redis.networkPolicy.ingressNSMatchLabels[*]
[INFO] Coalescing path $.redis.networkPolicy.ingressNSPodMatchLabels[*]
[INFO] Coalescing path $.redis.networkPolicy.metrics.allowExternal
[INFO] Coalescing path $.redis.networkPolicy.metrics.ingressNSMatchLabels
[INFO] Coalescing path $.redis.networkPolicy.metrics.ingressNSPodMatchLabels
[INFO] Coalescing path $.redis.replica.autoscaling.enabled
[INFO] Coalescing path $.redis.replica.autoscaling.maxReplicas
[INFO] Coalescing path $.redis.replica.autoscaling.minReplicas
[INFO] Coalescing path $.redis.replica.autoscaling.targetCPU
[INFO] Coalescing path $.redis.replica.autoscaling.targetMemory
[INFO] Coalescing path $.redis.replica.containerPorts.redis
[INFO] Coalescing path $.redis.replica.containerSecurityContext.enabled
[INFO] Coalescing path $.redis.replica.containerSecurityContext.readOnlyRootFilesystem
[INFO] Coalescing path $.redis.replica.containerSecurityContext.runAsUser
[INFO] Coalescing path $.redis.replica.disableCommands[*]
[INFO] Coalescing path $.redis.replica.externalMaster.enabled
[INFO] Coalescing path $.redis.replica.externalMaster.host
[INFO] Coalescing path $.redis.replica.externalMaster.port
[INFO] Coalescing path $.redis.replica.extraFlags[*]
[INFO] Coalescing path $.redis.replica.nodeAffinityPreset.key
[INFO] Coalescing path $.redis.replica.nodeAffinityPreset.type
[INFO] Coalescing path $.redis.replica.nodeAffinityPreset.values
[INFO] Coalescing path $.redis.replica.persistence.enabled
[INFO] Coalescing path $.redis.replica.persistence.medium
[INFO] Coalescing path $.redis.replica.persistence.path
[INFO] Coalescing path $.redis.replica.persistence.sizeLimit
[INFO] Coalescing path $.redis.replica.persistence.subPath
[INFO] Coalescing path $.redis.replica.podSecurityContext.enabled
[INFO] Coalescing path $.redis.replica.podSecurityContext.fsGroup
[INFO] Coalescing path $.redis.replica.preExecCmds[*]
[INFO] Coalescing path $.redis.replica.service.annotations
[INFO] Coalescing path $.redis.replica.service.clusterIP
[INFO] Coalescing path $.redis.replica.service.externalTrafficPolicy
[INFO] Coalescing path $.redis.replica.service.extraPorts
[INFO] Coalescing path $.redis.replica.service.internalTrafficPolicy
[INFO] Coalescing path $.redis.replica.service.loadBalancerClass
[INFO] Coalescing path $.redis.replica.service.loadBalancerIP
[INFO] Coalescing path $.redis.replica.service.loadBalancerSourceRanges
[INFO] Coalescing path $.redis.replica.service.sessionAffinity
[INFO] Coalescing path $.redis.replica.service.sessionAffinityConfig
[INFO] Coalescing path $.redis.replica.service.type
[INFO] Coalescing path $.redis.replica.serviceAccount.annotations
[INFO] Coalescing path $.redis.replica.serviceAccount.automountServiceAccountToken
[INFO] Coalescing path $.redis.replica.serviceAccount.create
[INFO] Coalescing path $.redis.sentinel.containerPorts.sentinel
[INFO] Coalescing path $.redis.sentinel.containerSecurityContext.enabled
[INFO] Coalescing path $.redis.sentinel.containerSecurityContext.readOnlyRootFilesystem
[INFO] Coalescing path $.redis.sentinel.externalAccess.enabled
[INFO] Coalescing path $.redis.sentinel.externalMaster.enabled
[INFO] Coalescing path $.redis.sentinel.externalMaster.host
[INFO] Coalescing path $.redis.sentinel.externalMaster.port
[INFO] Coalescing path $.redis.sentinel.image.debug
[INFO] Coalescing path $.redis.sentinel.image.pullPolicy
[INFO] Coalescing path $.redis.sentinel.masterService.enabled
[INFO] Coalescing path $.redis.sentinel.persistence.enabled
[INFO] Coalescing path $.redis.sentinel.persistence.medium
[INFO] Coalescing path $.redis.sentinel.persistence.sizeLimit
[INFO] Coalescing path $.redis.sentinel.preExecCmds[*]
[INFO] Coalescing path $.redis.sentinel.service.annotations
[INFO] Coalescing path $.redis.sentinel.service.clusterIP
[INFO] Coalescing path $.redis.sentinel.service.createMaster
[INFO] Coalescing path $.redis.sentinel.service.externalTrafficPolicy
[INFO] Coalescing path $.redis.sentinel.service.extraPorts
[INFO] Coalescing path $.redis.sentinel.service.loadBalancerClass
[INFO] Coalescing path $.redis.sentinel.service.loadBalancerIP
[INFO] Coalescing path $.redis.sentinel.service.loadBalancerSourceRanges
[INFO] Coalescing path $.redis.sentinel.service.sessionAffinity
[INFO] Coalescing path $.redis.sentinel.service.sessionAffinityConfig
[INFO] Coalescing path $.redis.sentinel.service.type
[INFO] Coalescing path $.redis.sysctl.image.pullPolicy
[INFO] Coalescing path $.redis.volumePermissions.containerSecurityContext.enabled
[INFO] Coalescing path $.redis.volumePermissions.containerSecurityContext.readOnlyRootFilesystem
[INFO] Coalescing path $.redis.volumePermissions.containerSecurityContext.runAsUser
[INFO] Coalescing path $.redis.volumePermissions.image.pullPolicy
[INFO] Coalescing path $.repoServer.metrics.service.annotations
[INFO] Coalescing path $.repoServer.metrics.service.clusterIP
[INFO] Coalescing path $.repoServer.metrics.service.externalTrafficPolicy
[INFO] Coalescing path $.repoServer.metrics.service.loadBalancerIP
[INFO] Coalescing path $.repoServer.metrics.service.loadBalancerSourceRanges
[INFO] Coalescing path $.repoServer.metrics.service.nodePort
[INFO] Coalescing path $.repoServer.metrics.service.port
[INFO] Coalescing path $.repoServer.metrics.service.sessionAffinity
[INFO] Coalescing path $.repoServer.metrics.service.sessionAffinityConfig
[INFO] Coalescing path $.repoServer.metrics.service.type
[INFO] Coalescing path $.repoServer.metrics.serviceMonitor.enabled
[INFO] Coalescing path $.repoServer.metrics.serviceMonitor.honorLabels
[INFO] Coalescing path $.repoServer.metrics.serviceMonitor.interval
[INFO] Coalescing path $.repoServer.metrics.serviceMonitor.jobLabel
[INFO] Coalescing path $.repoServer.metrics.serviceMonitor.metricRelabelings
[INFO] Coalescing path $.repoServer.metrics.serviceMonitor.namespace
[INFO] Coalescing path $.repoServer.metrics.serviceMonitor.relabelings
[INFO] Coalescing path $.repoServer.metrics.serviceMonitor.scrapeTimeout
[INFO] Coalescing path $.repoServer.metrics.serviceMonitor.selector
[INFO] Coalescing path $.repoServer.networkPolicy.ingressNSMatchLabels[*]
[INFO] Coalescing path $.repoServer.networkPolicy.ingressNSPodMatchLabels[*]
[INFO] Coalescing path $.repoServer.networkPolicy.kubeAPIServerPorts[*]
[INFO] Coalescing path $.repoServer.service.nodePorts.repoServer
[INFO] Coalescing path $.repoServer.service.ports.repoServer
[INFO] Coalescing path $.server.metrics.service.annotations
[INFO] Coalescing path $.server.metrics.service.clusterIP
[INFO] Coalescing path $.server.metrics.service.externalTrafficPolicy
[INFO] Coalescing path $.server.metrics.service.loadBalancerIP
[INFO] Coalescing path $.server.metrics.service.loadBalancerSourceRanges
[INFO] Coalescing path $.server.metrics.service.nodePort
[INFO] Coalescing path $.server.metrics.service.port
[INFO] Coalescing path $.server.metrics.service.sessionAffinity
[INFO] Coalescing path $.server.metrics.service.sessionAffinityConfig
[INFO] Coalescing path $.server.metrics.service.type
[INFO] Coalescing path $.server.metrics.serviceMonitor.enabled
[INFO] Coalescing path $.server.metrics.serviceMonitor.honorLabels
[INFO] Coalescing path $.server.metrics.serviceMonitor.interval
[INFO] Coalescing path $.server.metrics.serviceMonitor.jobLabel
[INFO] Coalescing path $.server.metrics.serviceMonitor.metricRelabelings
[INFO] Coalescing path $.server.metrics.serviceMonitor.namespace
[INFO] Coalescing path $.server.metrics.serviceMonitor.relabelings
[INFO] Coalescing path $.server.metrics.serviceMonitor.scrapeTimeout
[INFO] Coalescing path $.server.metrics.serviceMonitor.selector
[INFO] Coalescing path $.server.networkPolicy.ingressNSMatchLabels[*]
[INFO] Coalescing path $.server.networkPolicy.ingressNSPodMatchLabels[*]
[INFO] Coalescing path $.server.networkPolicy.kubeAPIServerPorts[*]
[INFO] Coalescing path $.server.service.nodePorts.http
[INFO] Coalescing path $.server.service.nodePorts.https
[INFO] Coalescing path $.server.service.ports.http
[INFO] Coalescing path $.server.service.ports.https
[INFO] Coalescing path $.applicationSet.metrics.service.nodePorts.metrics
[INFO] Coalescing path $.applicationSet.metrics.service.ports.metrics
[INFO] Coalescing path $.controller.metrics.service.nodePorts.metrics
[INFO] Coalescing path $.controller.metrics.service.ports.metrics
[INFO] Coalescing path $.dex.metrics.service.nodePorts.metrics
[INFO] Coalescing path $.dex.metrics.service.ports.metrics
[INFO] Coalescing path $.notifications.bots.slack.containerPorts.metrics
[INFO] Coalescing path $.notifications.bots.slack.containerSecurityContext.enabled
[INFO] Coalescing path $.notifications.bots.slack.networkPolicy.allowExternal
[INFO] Coalescing path $.notifications.bots.slack.networkPolicy.allowExternalEgress
[INFO] Coalescing path $.notifications.bots.slack.networkPolicy.enabled
[INFO] Coalescing path $.notifications.bots.slack.networkPolicy.extraEgress
[INFO] Coalescing path $.notifications.bots.slack.networkPolicy.extraIngress
[INFO] Coalescing path $.notifications.bots.slack.networkPolicy.ingressNSMatchLabels
[INFO] Coalescing path $.notifications.bots.slack.networkPolicy.ingressNSPodMatchLabels
[INFO] Coalescing path $.notifications.bots.slack.networkPolicy.kubeAPIServerPorts
[INFO] Coalescing path $.notifications.bots.slack.nodeAffinityPreset.key
[INFO] Coalescing path $.notifications.bots.slack.nodeAffinityPreset.type
[INFO] Coalescing path $.notifications.bots.slack.nodeAffinityPreset.values
[INFO] Coalescing path $.notifications.bots.slack.podSecurityContext.enabled
[INFO] Coalescing path $.notifications.bots.slack.service.annotations
[INFO] Coalescing path $.notifications.bots.slack.service.clusterIP
[INFO] Coalescing path $.notifications.bots.slack.service.externalTrafficPolicy
[INFO] Coalescing path $.notifications.bots.slack.service.extraPorts
[INFO] Coalescing path $.notifications.bots.slack.service.loadBalancerIP
[INFO] Coalescing path $.notifications.bots.slack.service.loadBalancerSourceRanges
[INFO] Coalescing path $.notifications.bots.slack.service.nodePort
[INFO] Coalescing path $.notifications.bots.slack.service.port
[INFO] Coalescing path $.notifications.bots.slack.service.sessionAffinity
[INFO] Coalescing path $.notifications.bots.slack.service.sessionAffinityConfig
[INFO] Coalescing path $.notifications.bots.slack.service.type
[INFO] Coalescing path $.notifications.bots.slack.serviceAccount.annotations
[INFO] Coalescing path $.notifications.bots.slack.serviceAccount.automountServiceAccountToken
[INFO] Coalescing path $.notifications.bots.slack.serviceAccount.create
[INFO] Coalescing path $.notifications.metrics.service.nodePorts.metrics
[INFO] Coalescing path $.notifications.metrics.service.ports.metrics
[INFO] Coalescing path $.redis.master.persistence.accessModes[*]
[INFO] Coalescing path $.redis.master.service.nodePorts.redis
[INFO] Coalescing path $.redis.master.service.portNames.redis
[INFO] Coalescing path $.redis.master.service.ports.redis
[INFO] Coalescing path $.redis.metrics.service.ports.http
[INFO] Coalescing path $.redis.networkPolicy.metrics.ingressNSMatchLabels[*]
[INFO] Coalescing path $.redis.networkPolicy.metrics.ingressNSPodMatchLabels[*]
[INFO] Coalescing path $.redis.replica.service.nodePorts.redis
[INFO] Coalescing path $.redis.replica.service.ports.redis
[INFO] Coalescing path $.redis.sentinel.externalAccess.service.annotations
[INFO] Coalescing path $.redis.sentinel.externalAccess.service.disableLoadBalancerIP
[INFO] Coalescing path $.redis.sentinel.externalAccess.service.loadBalancerClass
[INFO] Coalescing path $.redis.sentinel.externalAccess.service.loadBalancerIP
[INFO] Coalescing path $.redis.sentinel.externalAccess.service.loadBalancerIPAnnotaion
[INFO] Coalescing path $.redis.sentinel.externalAccess.service.loadBalancerSourceRanges
[INFO] Coalescing path $.redis.sentinel.externalAccess.service.redisPort
[INFO] Coalescing path $.redis.sentinel.externalAccess.service.sentinelPort
[INFO] Coalescing path $.redis.sentinel.externalAccess.service.type
[INFO] Coalescing path $.redis.sentinel.service.headless.annotations
[INFO] Coalescing path $.redis.sentinel.service.headless.extraPorts
[INFO] Coalescing path $.redis.sentinel.service.nodePorts.redis
[INFO] Coalescing path $.redis.sentinel.service.nodePorts.sentinel
[INFO] Coalescing path $.redis.sentinel.service.ports.redis
[INFO] Coalescing path $.redis.sentinel.service.ports.sentinel
[INFO] Coalescing path $.repoServer.metrics.service.nodePorts.metrics
[INFO] Coalescing path $.repoServer.metrics.service.ports.metrics
[INFO] Coalescing path $.server.ingress.extraHosts[*].name
[INFO] Coalescing path $.server.ingress.extraHosts[*].path
[INFO] Coalescing path $.server.ingress.extraHosts[*].pathType
[INFO] Coalescing path $.server.ingress.secrets[*].certificate
[INFO] Coalescing path $.server.ingress.secrets[*].key
[INFO] Coalescing path $.server.ingress.secrets[*].name
[INFO] Coalescing path $.server.ingressGrpc.extraHosts[*].name
[INFO] Coalescing path $.server.ingressGrpc.extraHosts[*].path
[INFO] Coalescing path $.server.ingressGrpc.extraHosts[*].pathType
[INFO] Coalescing path $.server.ingressGrpc.secrets[*].certificate
[INFO] Coalescing path $.server.ingressGrpc.secrets[*].key
[INFO] Coalescing path $.server.ingressGrpc.secrets[*].name
[INFO] Coalescing path $.server.metrics.service.nodePorts.metrics
[INFO] Coalescing path $.server.metrics.service.ports.metrics
[INFO] Coalescing path $.applicationSet.webhook.ingress.extraHosts[*].name
[INFO] Coalescing path $.applicationSet.webhook.ingress.extraHosts[*].path
[INFO] Coalescing path $.applicationSet.webhook.ingress.extraHosts[*].pathType
[INFO] Coalescing path $.notifications.bots.slack.networkPolicy.ingressNSMatchLabels[*]
[INFO] Coalescing path $.notifications.bots.slack.networkPolicy.ingressNSPodMatchLabels[*]
[INFO] Coalescing path $.notifications.bots.slack.networkPolicy.kubeAPIServerPorts[*]
[INFO] Coalescing path $.notifications.bots.slack.service.nodePorts.http
[INFO] Coalescing path $.notifications.bots.slack.service.ports.http
[INFO] Coalescing path $.redis.auth.acl.users[*].channels
[INFO] Coalescing path $.redis.auth.acl.users[*].commands
[INFO] Coalescing path $.redis.auth.acl.users[*].enabled
[INFO] Coalescing path $.redis.auth.acl.users[*].keys
[INFO] Coalescing path $.redis.auth.acl.users[*].password
[INFO] Coalescing path $.redis.auth.acl.users[*].username
[INFO] Coalescing path $.redis.metrics.podMonitor.additionalEndpoints[*].honorLabels
[INFO] Coalescing path $.redis.metrics.podMonitor.additionalEndpoints[*].interval
[INFO] Coalescing path $.redis.metrics.podMonitor.additionalEndpoints[*].metricRelabelings
[INFO] Coalescing path $.redis.metrics.podMonitor.additionalEndpoints[*].params
[INFO] Coalescing path $.redis.metrics.podMonitor.additionalEndpoints[*].path
[INFO] Coalescing path $.redis.metrics.podMonitor.additionalEndpoints[*].port
[INFO] Coalescing path $.redis.metrics.podMonitor.additionalEndpoints[*].relabelings
[INFO] Coalescing path $.redis.metrics.podMonitor.additionalEndpoints[*].relabellings
[INFO] Coalescing path $.redis.metrics.podMonitor.additionalEndpoints[*].scrapeTimeout
[INFO] Coalescing path $.redis.metrics.podMonitor.additionalEndpoints[*].tlsConfig
[INFO] Coalescing path $.redis.metrics.serviceMonitor.additionalEndpoints[*].honorLabels
[INFO] Coalescing path $.redis.metrics.serviceMonitor.additionalEndpoints[*].interval
[INFO] Coalescing path $.redis.metrics.serviceMonitor.additionalEndpoints[*].metricRelabelings
[INFO] Coalescing path $.redis.metrics.serviceMonitor.additionalEndpoints[*].params
[INFO] Coalescing path $.redis.metrics.serviceMonitor.additionalEndpoints[*].path
[INFO] Coalescing path $.redis.metrics.serviceMonitor.additionalEndpoints[*].port
[INFO] Coalescing path $.redis.metrics.serviceMonitor.additionalEndpoints[*].scrapeTimeout
[INFO] Coalescing path $.redis.metrics.serviceMonitor.additionalEndpoints[*].tlsConfig
[INFO] Coalescing path $.redis.sentinel.externalAccess.service.loadBalancerIP[*]
[INFO] Coalescing path $.redis.metrics.podMonitor.additionalEndpoints[*].params[*]
[INFO] Coalescing path $.redis.metrics.serviceMonitor.additionalEndpoints[*].params[*]
[INFO] Coalescing path $.redis.metrics.podMonitor.additionalEndpoints[*].params[*][*]
[INFO] Coalescing path $.redis.metrics.serviceMonitor.additionalEndpoints[*].params[*][*]
[INFO] Discovered 2112 unique value paths; random traversal, seed 0
[INFO] Testing path $.redis.replica.priorityClassName (1/2112)
[INFO] Compiler input baseline: 980 statically named fields
