[INFO] Auditing path $.affinity
[INFO] Auditing path $.auth.email
[INFO] Auditing path $.auth.existingSecret
[INFO] Auditing path $.auth.password
[INFO] Auditing path $.auth.username
[INFO] Auditing path $.auth
[INFO] Auditing path $.automountServiceAccountToken
[INFO] Auditing path $.clusterDomain
[INFO] Auditing path $.commonAnnotations
[INFO] Auditing path $.commonLabels
[INFO] Auditing path $.diagnosticMode.args
[INFO] Auditing path $.diagnosticMode.command
[INFO] Auditing path $.diagnosticMode.enabled
[INFO] Auditing path $.diagnosticMode
[INFO] Auditing path $.discourse.args
[INFO] Auditing path $.discourse.command
[INFO] Auditing path $.discourse.compatiblePlugins
[INFO] Auditing path $.discourse.containerPorts
[INFO] Auditing path $.discourse.containerPorts.http
[INFO] Auditing path $.discourse.containerSecurityContext
[INFO] Auditing path $.discourse.containerSecurityContext.allowPrivilegeEscalation
[INFO] Auditing path $.discourse.containerSecurityContext.capabilities
[INFO] Auditing path $.discourse.containerSecurityContext.capabilities.add
[INFO] Auditing path $.discourse.containerSecurityContext.capabilities.drop
[INFO] Auditing path $.discourse.containerSecurityContext.enabled
[INFO] Auditing path $.discourse.containerSecurityContext.privileged
[INFO] Auditing path $.discourse.containerSecurityContext.readOnlyRootFilesystem
[INFO] Auditing path $.discourse.containerSecurityContext.runAsGroup
[INFO] Auditing path $.discourse.containerSecurityContext.runAsNonRoot
[INFO] Auditing path $.discourse.containerSecurityContext.runAsUser
[INFO] Auditing path $.discourse.containerSecurityContext.seLinuxOptions
[INFO] Auditing path $.discourse.containerSecurityContext.seccompProfile
[INFO] Auditing path $.discourse.containerSecurityContext.seccompProfile.type
[INFO] Auditing path $.discourse.customLivenessProbe
[INFO] Auditing path $.discourse.customReadinessProbe
[INFO] Auditing path $.discourse.customStartupProbe
[INFO] Auditing path $.discourse.extraContainerPorts
[INFO] Auditing path $.discourse.extraContainerPorts[*].containerPort
[INFO] Auditing path $.discourse.extraEnvVars
[INFO] Auditing path $.discourse.extraEnvVarsCM
[INFO] Auditing path $.discourse.extraEnvVarsSecret
[INFO] Auditing path $.discourse.extraVolumeMounts
[INFO] Auditing path $.discourse.lifecycleHooks
[INFO] Auditing path $.discourse.livenessProbe
[INFO] Auditing path $.discourse.livenessProbe.enabled
[INFO] Auditing path $.discourse.livenessProbe.failureThreshold
[INFO] Auditing path $.discourse.livenessProbe.initialDelaySeconds
[INFO] Auditing path $.discourse.livenessProbe.periodSeconds
[INFO] Auditing path $.discourse.livenessProbe.successThreshold
[INFO] Auditing path $.discourse.livenessProbe.timeoutSeconds
[INFO] Auditing path $.discourse.persistPlugins
[INFO] Auditing path $.discourse.plugins
[INFO] Auditing path $.discourse.plugins[*]
[INFO] Auditing path $.discourse.readinessProbe
[INFO] Auditing path $.discourse.readinessProbe.enabled
[INFO] Auditing path $.discourse.readinessProbe.failureThreshold
[INFO] Auditing path $.discourse.readinessProbe.initialDelaySeconds
[INFO] Auditing path $.discourse.readinessProbe.periodSeconds
[INFO] Auditing path $.discourse.readinessProbe.successThreshold
[INFO] Auditing path $.discourse.readinessProbe.timeoutSeconds
[INFO] Auditing path $.discourse.resources
[INFO] Auditing path $.discourse.resourcesPreset
[INFO] Auditing path $.discourse.skipInstall
[INFO] Auditing path $.discourse.startupProbe
[INFO] Auditing path $.discourse.startupProbe.enabled
[INFO] Auditing path $.discourse.startupProbe.failureThreshold
[INFO] Auditing path $.discourse.startupProbe.initialDelaySeconds
[INFO] Auditing path $.discourse.startupProbe.periodSeconds
[INFO] Auditing path $.discourse.startupProbe.successThreshold
[INFO] Auditing path $.discourse.startupProbe.timeoutSeconds
[INFO] Auditing path $.discourse
[INFO] Auditing path $.externalDatabase.create
[INFO] Auditing path $.externalDatabase.database
[INFO] Auditing path $.externalDatabase.existingSecret
[INFO] Auditing path $.externalDatabase.existingSecretPasswordKey
[INFO] Auditing path $.externalDatabase.existingSecretPostgresPasswordKey
[INFO] Auditing path $.externalDatabase.host
[INFO] Auditing path $.externalDatabase.password
[INFO] Auditing path $.externalDatabase.port
[INFO] Auditing path $.externalDatabase.postgresPassword
[INFO] Auditing path $.externalDatabase.postgresUser
[INFO] Auditing path $.externalDatabase.user
[INFO] Auditing path $.externalDatabase
[INFO] Auditing path $.externalRedis.existingSecret
[INFO] Auditing path $.externalRedis.existingSecretPasswordKey
[INFO] Auditing path $.externalRedis.host
[INFO] Auditing path $.externalRedis.password
[INFO] Auditing path $.externalRedis.port
[INFO] Auditing path $.externalRedis
[INFO] Auditing path $.extraDeploy[*]
[INFO] Auditing path $.extraDeploy
[INFO] Auditing path $.extraVolumeMounts
[INFO] Auditing path $.extraVolumes
[INFO] Auditing path $.fullnameOverride
[INFO] Auditing path $.global.compatibility
[INFO] Auditing path $.global.compatibility.openshift
[INFO] Auditing path $.global.compatibility.openshift.adaptSecurityContext
[INFO] Auditing path $.global.defaultStorageClass
[INFO] Auditing path $.global.imagePullSecrets
[INFO] Auditing path $.global.imageRegistry
[INFO] Auditing path $.global.security
[INFO] Auditing path $.global.security.allowInsecureImages
[INFO] Auditing path $.global
[INFO] Auditing path $.host
[INFO] Auditing path $.hostAliases
[INFO] Auditing path $.image.debug
[INFO] Auditing path $.image.digest
[INFO] Auditing path $.image.pullPolicy
[INFO] Auditing path $.image.pullSecrets
[INFO] Auditing path $.image.registry
[INFO] Auditing path $.image.repository
[INFO] Auditing path $.image.tag
[INFO] Auditing path $.image
[INFO] Auditing path $.ingress.annotations
[INFO] Auditing path $.ingress.apiVersion
[INFO] Auditing path $.ingress.enabled
[INFO] Auditing path $.ingress.extraHosts
[INFO] Auditing path $.ingress.extraHosts[*].name
[INFO] Auditing path $.ingress.extraHosts[*].path
[INFO] Auditing path $.ingress.extraHosts[*].pathType
[INFO] Auditing path $.ingress.extraPaths
[INFO] Auditing path $.ingress.extraRules
[INFO] Auditing path $.ingress.extraTls
[INFO] Auditing path $.ingress.hostname
[INFO] Auditing path $.ingress.ingressClassName
[INFO] Auditing path $.ingress.path
[INFO] Auditing path $.ingress.pathType
[INFO] Auditing path $.ingress.secrets
[INFO] Auditing path $.ingress.secrets[*].certificate
[INFO] Auditing path $.ingress.secrets[*].key
[INFO] Auditing path $.ingress.secrets[*].name
[INFO] Auditing path $.ingress.selfSigned
[INFO] Auditing path $.ingress.tls
[INFO] Auditing path $.ingress
[INFO] Auditing path $.initContainers
[INFO] Auditing path $.kubeVersion
[INFO] Auditing path $.nameOverride
[INFO] Auditing path $.networkPolicy.allowExternal
[INFO] Auditing path $.networkPolicy.allowExternalEgress
[INFO] Auditing path $.networkPolicy.enabled
[INFO] Auditing path $.networkPolicy.extraEgress
[INFO] Auditing path $.networkPolicy.extraIngress
[INFO] Auditing path $.networkPolicy.ingressNSMatchLabels
[INFO] Auditing path $.networkPolicy.ingressNSMatchLabels[*]
[INFO] Auditing path $.networkPolicy.ingressNSPodMatchLabels
[INFO] Auditing path $.networkPolicy.ingressNSPodMatchLabels[*]
[INFO] Auditing path $.networkPolicy
[INFO] Auditing path $.nodeAffinityPreset.key
[INFO] Auditing path $.nodeAffinityPreset.type
[INFO] Auditing path $.nodeAffinityPreset.values
[INFO] Auditing path $.nodeAffinityPreset
[INFO] Auditing path $.nodeSelector
[INFO] Auditing path $.pdb.create
[INFO] Auditing path $.pdb.maxUnavailable
[INFO] Auditing path $.pdb.minAvailable
[INFO] Auditing path $.pdb
[INFO] Auditing path $.persistence.accessModes
[INFO] Auditing path $.persistence.accessModes[*]
[INFO] Auditing path $.persistence.annotations
[INFO] Auditing path $.persistence.enabled
[INFO] Auditing path $.persistence.existingClaim
[INFO] Auditing path $.persistence.selector
[INFO] Auditing path $.persistence.size
[INFO] Auditing path $.persistence.storageClass
[INFO] Auditing path $.persistence
[INFO] Auditing path $.podAffinityPreset
[INFO] Auditing path $.podAnnotations
[INFO] Auditing path $.podAntiAffinityPreset
[INFO] Auditing path $.podLabels
[INFO] Auditing path $.podSecurityContext.enabled
[INFO] Auditing path $.podSecurityContext.fsGroup
[INFO] Auditing path $.podSecurityContext.fsGroupChangePolicy
[INFO] Auditing path $.podSecurityContext.supplementalGroups
[INFO] Auditing path $.podSecurityContext.sysctls
[INFO] Auditing path $.podSecurityContext
[INFO] Auditing path $.postgresql.architecture
[INFO] Auditing path $.postgresql.auth
[INFO] Auditing path $.postgresql.auth.database
[INFO] Auditing path $.postgresql.auth.enablePostgresUser
[INFO] Auditing path $.postgresql.auth.existingSecret
[INFO] Auditing path $.postgresql.auth.password
[INFO] Auditing path $.postgresql.auth.postgresPassword
[INFO] Auditing path $.postgresql.auth.username
[INFO] Auditing path $.postgresql.enabled
[INFO] Auditing path $.postgresql.primary
[INFO] Auditing path $.postgresql.primary.resources
[INFO] Auditing path $.postgresql.primary.resourcesPreset
[INFO] Auditing path $.postgresql
[INFO] Auditing path $.priorityClassName
[INFO] Auditing path $.redis.architecture
[INFO] Auditing path $.redis.auth
[INFO] Auditing path $.redis.auth.enabled
[INFO] Auditing path $.redis.auth.existingSecret
[INFO] Auditing path $.redis.auth.password
[INFO] Auditing path $.redis.enabled
[INFO] Auditing path $.redis.master
[INFO] Auditing path $.redis.master.resources
[INFO] Auditing path $.redis.master.resourcesPreset
[INFO] Auditing path $.redis
[INFO] Auditing path $.replicaCount
[INFO] Auditing path $.schedulerName
[INFO] Auditing path $.service.annotations
[INFO] Auditing path $.service.clusterIP
[INFO] Auditing path $.service.externalTrafficPolicy
[INFO] Auditing path $.service.extraPorts
[INFO] Auditing path $.service.loadBalancerIP
[INFO] Auditing path $.service.loadBalancerSourceRanges
[INFO] Auditing path $.service.nodePorts
[INFO] Auditing path $.service.nodePorts.http
[INFO] Auditing path $.service.ports
[INFO] Auditing path $.service.ports.http
[INFO] Auditing path $.service.sessionAffinity
[INFO] Auditing path $.service.sessionAffinityConfig
[INFO] Auditing path $.service.type
[INFO] Auditing path $.service
[INFO] Auditing path $.serviceAccount.annotations
[INFO] Auditing path $.serviceAccount.automountServiceAccountToken
[INFO] Auditing path $.serviceAccount.create
[INFO] Auditing path $.serviceAccount.name
[INFO] Auditing path $.serviceAccount
[INFO] Auditing path $.sidecars
[INFO] Auditing path $.sidekiq.args
[INFO] Auditing path $.sidekiq.command
[INFO] Auditing path $.sidekiq.containerSecurityContext
[INFO] Auditing path $.sidekiq.containerSecurityContext.allowPrivilegeEscalation
[INFO] Auditing path $.sidekiq.containerSecurityContext.capabilities
[INFO] Auditing path $.sidekiq.containerSecurityContext.capabilities.add
[INFO] Auditing path $.sidekiq.containerSecurityContext.capabilities.drop
[INFO] Auditing path $.sidekiq.containerSecurityContext.enabled
[INFO] Auditing path $.sidekiq.containerSecurityContext.privileged
[INFO] Auditing path $.sidekiq.containerSecurityContext.readOnlyRootFilesystem
[INFO] Auditing path $.sidekiq.containerSecurityContext.runAsGroup
[INFO] Auditing path $.sidekiq.containerSecurityContext.runAsNonRoot
[INFO] Auditing path $.sidekiq.containerSecurityContext.runAsUser
[INFO] Auditing path $.sidekiq.containerSecurityContext.seLinuxOptions
[INFO] Auditing path $.sidekiq.containerSecurityContext.seccompProfile
[INFO] Auditing path $.sidekiq.containerSecurityContext.seccompProfile.type
[INFO] Auditing path $.sidekiq.customLivenessProbe
[INFO] Auditing path $.sidekiq.customReadinessProbe
[INFO] Auditing path $.sidekiq.customStartupProbe
[INFO] Auditing path $.sidekiq.extraEnvVars
[INFO] Auditing path $.sidekiq.extraEnvVarsCM
[INFO] Auditing path $.sidekiq.extraEnvVarsSecret
[INFO] Auditing path $.sidekiq.extraVolumeMounts
[INFO] Auditing path $.sidekiq.lifecycleHooks
[INFO] Auditing path $.sidekiq.livenessProbe
[INFO] Auditing path $.sidekiq.livenessProbe.enabled
[INFO] Auditing path $.sidekiq.livenessProbe.failureThreshold
[INFO] Auditing path $.sidekiq.livenessProbe.initialDelaySeconds
[INFO] Auditing path $.sidekiq.livenessProbe.periodSeconds
[INFO] Auditing path $.sidekiq.livenessProbe.successThreshold
[INFO] Auditing path $.sidekiq.livenessProbe.timeoutSeconds
[INFO] Auditing path $.sidekiq.readinessProbe
[INFO] Auditing path $.sidekiq.readinessProbe.enabled
[INFO] Auditing path $.sidekiq.readinessProbe.failureThreshold
[INFO] Auditing path $.sidekiq.readinessProbe.initialDelaySeconds
[INFO] Auditing path $.sidekiq.readinessProbe.periodSeconds
[INFO] Auditing path $.sidekiq.readinessProbe.successThreshold
[INFO] Auditing path $.sidekiq.readinessProbe.timeoutSeconds
[INFO] Auditing path $.sidekiq.resources
[INFO] Auditing path $.sidekiq.resourcesPreset
[INFO] Auditing path $.sidekiq.startupProbe
[INFO] Auditing path $.sidekiq.startupProbe.enabled
[INFO] Auditing path $.sidekiq.startupProbe.failureThreshold
[INFO] Auditing path $.sidekiq.startupProbe.initialDelaySeconds
[INFO] Auditing path $.sidekiq.startupProbe.periodSeconds
[INFO] Auditing path $.sidekiq.startupProbe.successThreshold
[INFO] Auditing path $.sidekiq.startupProbe.timeoutSeconds
[INFO] Auditing path $.sidekiq
[INFO] Auditing path $.siteName
[INFO] Auditing path $.smtp.auth
[INFO] Auditing path $.smtp.enabled
[INFO] Auditing path $.smtp.existingSecret
[INFO] Auditing path $.smtp.host
[INFO] Auditing path $.smtp.password
[INFO] Auditing path $.smtp.port
[INFO] Auditing path $.smtp.protocol
[INFO] Auditing path $.smtp.user
[INFO] Auditing path $.smtp
[INFO] Auditing path $.terminationGracePeriodSeconds
[INFO] Auditing path $.tolerations
[INFO] Auditing path $.topologySpreadConstraints
[INFO] Auditing path $.updateStrategy.rollingUpdate
[INFO] Auditing path $.updateStrategy.type
[INFO] Auditing path $.updateStrategy
[INFO] Auditing path $.volumePermissions.containerSecurityContext
[INFO] Auditing path $.volumePermissions.containerSecurityContext.enabled
[INFO] Auditing path $.volumePermissions.containerSecurityContext.runAsUser
[INFO] Auditing path $.volumePermissions.containerSecurityContext.seLinuxOptions
[INFO] Auditing path $.volumePermissions.containerSecurityContext.seccompProfile
[INFO] Auditing path $.volumePermissions.containerSecurityContext.seccompProfile.type
[INFO] Auditing path $.volumePermissions.enabled
[INFO] Auditing path $.volumePermissions.image
[INFO] Auditing path $.volumePermissions.image.digest
[INFO] Auditing path $.volumePermissions.image.pullPolicy
[INFO] Auditing path $.volumePermissions.image.pullSecrets
[INFO] Auditing path $.volumePermissions.image.registry
[INFO] Auditing path $.volumePermissions.image.repository
[INFO] Auditing path $.volumePermissions.image.tag
[INFO] Auditing path $.volumePermissions.resources
[INFO] Auditing path $.volumePermissions.resourcesPreset
[INFO] Auditing path $.volumePermissions
