[INFO] Chart 1/1: .
[INFO] Preparing dependencies for . (excluded from testing budgets)
[INFO] Finite filtering unavailable: permutations need closed objects at (); set additionalProperties: false; filtering generation before value-path traversal
[INFO] Coalescing path $.commonAnnotations
[INFO] Coalescing path $.commonLabels
[INFO] Coalescing path $.createAggregateRoles
[INFO] Coalescing path $.extraDeploy
[INFO] Coalescing path $.global
[INFO] Coalescing path $.controller.affinity
[INFO] Coalescing path $.controller.args
[INFO] Coalescing path $.controller.automountServiceAccountToken
[INFO] Coalescing path $.controller.command
[INFO] Coalescing path $.controller.config
[INFO] Coalescing path $.controller.containerSecurityContext
[INFO] Coalescing path $.controller.customLivenessProbe
[INFO] Coalescing path $.controller.customReadinessProbe
[INFO] Coalescing path $.controller.customStartupProbe
[INFO] Coalescing path $.controller.existingConfigMap
[INFO] Coalescing path $.controller.extraArgs
[INFO] Coalescing path $.controller.extraEnvVars
[INFO] Coalescing path $.controller.extraEnvVarsCM
[INFO] Coalescing path $.controller.extraEnvVarsSecret
[INFO] Coalescing path $.controller.extraVolumeMounts
[INFO] Coalescing path $.controller.extraVolumes
[INFO] Coalescing path $.controller.hostAliases
[INFO] Coalescing path $.controller.image
[INFO] Coalescing path $.controller.initContainers
[INFO] Coalescing path $.controller.lifecycleHooks
[INFO] Coalescing path $.controller.nodeSelector
[INFO] Coalescing path $.controller.podAffinityPreset
[INFO] Coalescing path $.controller.podAnnotations
[INFO] Coalescing path $.controller.podAntiAffinityPreset
[INFO] Coalescing path $.controller.podLabels
[INFO] Coalescing path $.controller.podSecurityContext
[INFO] Coalescing path $.controller.priorityClassName
[INFO] Coalescing path $.controller.replicaCount
[INFO] Coalescing path $.controller.resources
[INFO] Coalescing path $.controller.schedulerName
[INFO] Coalescing path $.controller.sidecars
[INFO] Coalescing path $.controller.tolerations
[INFO] Coalescing path $.controller.topologySpreadConstraints
[INFO] Coalescing path $.controller.updateStrategy
[INFO] Coalescing path $.controller.workflowNamespaces
[INFO] Coalescing path $.controller.workflowWorkers
[INFO] Coalescing path $.executor.image
[INFO] Coalescing path $.externalDatabase.enabled
[INFO] Coalescing path $.externalDatabase.existingSecret
[INFO] Coalescing path $.externalDatabase.password
[INFO] Coalescing path $.extraDeploy[*]
[INFO] Coalescing path $.ingress.annotations
[INFO] Coalescing path $.ingress.enabled
[INFO] Coalescing path $.ingress.extraHosts
[INFO] Coalescing path $.ingress.extraPaths
[INFO] Coalescing path $.ingress.extraRules
[INFO] Coalescing path $.ingress.extraTls
[INFO] Coalescing path $.ingress.hostname
[INFO] Coalescing path $.ingress.ingressClassName
[INFO] Coalescing path $.ingress.path
[INFO] Coalescing path $.ingress.pathType
[INFO] Coalescing path $.ingress.secrets
[INFO] Coalescing path $.ingress.selfSigned
[INFO] Coalescing path $.ingress.tls
[INFO] Coalescing path $.mysql.architecture
[INFO] Coalescing path $.mysql.clusterDomain
[INFO] Coalescing path $.mysql.commonAnnotations
[INFO] Coalescing path $.mysql.commonLabels
[INFO] Coalescing path $.mysql.enabled
[INFO] Coalescing path $.mysql.extraDeploy
[INFO] Coalescing path $.mysql.image
[INFO] Coalescing path $.mysql.initdbScripts
[INFO] Coalescing path $.mysql.initdbScriptsConfigMap
[INFO] Coalescing path $.mysql.startdbScripts
[INFO] Coalescing path $.mysql.startdbScriptsConfigMap
[INFO] Coalescing path $.mysql.usePasswordFiles
[INFO] Coalescing path $.postgresql.architecture
[INFO] Coalescing path $.postgresql.clusterDomain
[INFO] Coalescing path $.postgresql.commonAnnotations
[INFO] Coalescing path $.postgresql.commonLabels
[INFO] Coalescing path $.postgresql.enabled
[INFO] Coalescing path $.postgresql.extraDeploy
[INFO] Coalescing path $.postgresql.global
[INFO] Coalescing path $.postgresql.image
[INFO] Coalescing path $.postgresql.postgresqlDataDir
[INFO] Coalescing path $.postgresql.postgresqlSharedPreloadLibraries
[INFO] Coalescing path $.postgresql.secretAnnotations
[INFO] Coalescing path $.rbac.singleNamespace
[INFO] Coalescing path $.server.affinity
[INFO] Coalescing path $.server.args
[INFO] Coalescing path $.server.automountServiceAccountToken
[INFO] Coalescing path $.server.baseHref
[INFO] Coalescing path $.server.command
[INFO] Coalescing path $.server.containerSecurityContext
[INFO] Coalescing path $.server.customLivenessProbe
[INFO] Coalescing path $.server.customReadinessProbe
[INFO] Coalescing path $.server.customStartupProbe
[INFO] Coalescing path $.server.enabled
[INFO] Coalescing path $.server.extraArgs
[INFO] Coalescing path $.server.extraEnvVars
[INFO] Coalescing path $.server.extraEnvVarsCM
[INFO] Coalescing path $.server.extraEnvVarsSecret
[INFO] Coalescing path $.server.extraVolumeMounts
[INFO] Coalescing path $.server.extraVolumes
[INFO] Coalescing path $.server.hostAliases
[INFO] Coalescing path $.server.image
[INFO] Coalescing path $.server.initContainers
[INFO] Coalescing path $.server.lifecycleHooks
[INFO] Coalescing path $.server.nodeSelector
[INFO] Coalescing path $.server.podAffinityPreset
[INFO] Coalescing path $.server.podAnnotations
[INFO] Coalescing path $.server.podAntiAffinityPreset
[INFO] Coalescing path $.server.podLabels
[INFO] Coalescing path $.server.podSecurityContext
[INFO] Coalescing path $.server.priorityClassName
[INFO] Coalescing path $.server.replicaCount
[INFO] Coalescing path $.server.resources
[INFO] Coalescing path $.server.schedulerName
[INFO] Coalescing path $.server.secure
[INFO] Coalescing path $.server.sidecars
[INFO] Coalescing path $.server.tolerations
[INFO] Coalescing path $.server.topologySpreadConstraints
[INFO] Coalescing path $.server.updateStrategy
[INFO] Coalescing path $.tags["bitnami-common"]
[INFO] Coalescing path $.controller.clusterWorkflowTemplates.enabled
[INFO] Coalescing path $.controller.containerPorts.metrics
[INFO] Coalescing path $.controller.containerPorts.telemetry
[INFO] Coalescing path $.controller.containerSecurityContext.enabled
[INFO] Coalescing path $.controller.image.pullPolicy
[INFO] Coalescing path $.controller.instanceID.enabled
[INFO] Coalescing path $.controller.instanceID.explicitID
[INFO] Coalescing path $.controller.instanceID.useReleaseName
[INFO] Coalescing path $.controller.logging.globalLevel
[INFO] Coalescing path $.controller.logging.level
[INFO] Coalescing path $.controller.metrics.enabled
[INFO] Coalescing path $.controller.metrics.path
[INFO] Coalescing path $.controller.networkPolicy.allowExternal
[INFO] Coalescing path $.controller.networkPolicy.allowExternalEgress
[INFO] Coalescing path $.controller.networkPolicy.enabled
[INFO] Coalescing path $.controller.networkPolicy.extraEgress
[INFO] Coalescing path $.controller.networkPolicy.extraIngress
[INFO] Coalescing path $.controller.networkPolicy.ingressNSMatchLabels
[INFO] Coalescing path $.controller.networkPolicy.ingressNSPodMatchLabels
[INFO] Coalescing path $.controller.networkPolicy.kubeAPIServerPorts
[INFO] Coalescing path $.controller.nodeAffinityPreset.key
[INFO] Coalescing path $.controller.nodeAffinityPreset.type
[INFO] Coalescing path $.controller.nodeAffinityPreset.values
[INFO] Coalescing path $.controller.pdb.enabled
[INFO] Coalescing path $.controller.pdb.maxUnavailable
[INFO] Coalescing path $.controller.pdb.minAvailable
[INFO] Coalescing path $.controller.podSecurityContext.enabled
[INFO] Coalescing path $.controller.rbac.create
[INFO] Coalescing path $.controller.service.annotations
[INFO] Coalescing path $.controller.service.clusterIP
[INFO] Coalescing path $.controller.service.externalTrafficPolicy
[INFO] Coalescing path $.controller.service.extraPorts
[INFO] Coalescing path $.controller.service.loadBalancerIP
[INFO] Coalescing path $.controller.service.loadBalancerSourceRanges
[INFO] Coalescing path $.controller.service.type
[INFO] Coalescing path $.controller.serviceAccount.annotations
[INFO] Coalescing path $.controller.serviceAccount.automountServiceAccountToken
[INFO] Coalescing path $.controller.serviceAccount.create
[INFO] Coalescing path $.controller.telemetry.enabled
[INFO] Coalescing path $.controller.telemetry.path
[INFO] Coalescing path $.controller.workflowNamespaces[*]
[INFO] Coalescing path $.executor.image.pullPolicy
[INFO] Coalescing path $.mysql.auth.createDatabase
[INFO] Coalescing path $.mysql.auth.customPasswordFiles
[INFO] Coalescing path $.mysql.auth.database
[INFO] Coalescing path $.mysql.auth.password
[INFO] Coalescing path $.mysql.auth.replicationPassword
[INFO] Coalescing path $.mysql.auth.replicationUser
[INFO] Coalescing path $.mysql.auth.rootPassword
[INFO] Coalescing path $.mysql.auth.usePasswordFiles
[INFO] Coalescing path $.mysql.auth.username
[INFO] Coalescing path $.mysql.diagnosticMode.args
[INFO] Coalescing path $.mysql.diagnosticMode.command
[INFO] Coalescing path $.mysql.diagnosticMode.enabled
[INFO] Coalescing path $.mysql.extraDeploy[*]
[INFO] Coalescing path $.mysql.image.debug
[INFO] Coalescing path $.mysql.image.pullPolicy
[INFO] Coalescing path $.mysql.metrics.containerSecurityContext
[INFO] Coalescing path $.mysql.metrics.enabled
[INFO] Coalescing path $.mysql.metrics.image
[INFO] Coalescing path $.mysql.metrics.livenessProbe
[INFO] Coalescing path $.mysql.metrics.readinessProbe
[INFO] Coalescing path $.mysql.metrics.resources
[INFO] Coalescing path $.mysql.networkPolicy.allowExternal
[INFO] Coalescing path $.mysql.networkPolicy.allowExternalEgress
[INFO] Coalescing path $.mysql.networkPolicy.enabled
[INFO] Coalescing path $.mysql.networkPolicy.extraEgress
[INFO] Coalescing path $.mysql.networkPolicy.extraIngress
[INFO] Coalescing path $.mysql.networkPolicy.ingressNSMatchLabels
[INFO] Coalescing path $.mysql.networkPolicy.ingressNSPodMatchLabels
[INFO] Coalescing path $.mysql.passwordUpdateJob.args
[INFO] Coalescing path $.mysql.passwordUpdateJob.automountServiceAccountToken
[INFO] Coalescing path $.mysql.passwordUpdateJob.backoffLimit
[INFO] Coalescing path $.mysql.passwordUpdateJob.command
[INFO] Coalescing path $.mysql.passwordUpdateJob.containerSecurityContext
[INFO] Coalescing path $.mysql.passwordUpdateJob.customLivenessProbe
[INFO] Coalescing path $.mysql.passwordUpdateJob.customReadinessProbe
[INFO] Coalescing path $.mysql.passwordUpdateJob.customStartupProbe
[INFO] Coalescing path $.mysql.passwordUpdateJob.enabled
[INFO] Coalescing path $.mysql.passwordUpdateJob.extraEnvVars
[INFO] Coalescing path $.mysql.passwordUpdateJob.extraEnvVarsCM
[INFO] Coalescing path $.mysql.passwordUpdateJob.extraEnvVarsSecret
[INFO] Coalescing path $.mysql.passwordUpdateJob.extraVolumeMounts
[INFO] Coalescing path $.mysql.passwordUpdateJob.extraVolumes
[INFO] Coalescing path $.mysql.passwordUpdateJob.hostAliases
[INFO] Coalescing path $.mysql.passwordUpdateJob.initContainers
[INFO] Coalescing path $.mysql.passwordUpdateJob.podAnnotations
[INFO] Coalescing path $.mysql.passwordUpdateJob.podLabels
[INFO] Coalescing path $.mysql.passwordUpdateJob.podSecurityContext
[INFO] Coalescing path $.mysql.passwordUpdateJob.resources
[INFO] Coalescing path $.mysql.primary.affinity
[INFO] Coalescing path $.mysql.primary.automountServiceAccountToken
[INFO] Coalescing path $.mysql.primary.configuration
[INFO] Coalescing path $.mysql.primary.containerSecurityContext
[INFO] Coalescing path $.mysql.primary.customLivenessProbe
[INFO] Coalescing path $.mysql.primary.customReadinessProbe
[INFO] Coalescing path $.mysql.primary.customStartupProbe
[INFO] Coalescing path $.mysql.primary.enableMySQLX
[INFO] Coalescing path $.mysql.primary.existingConfigmap
[INFO] Coalescing path $.mysql.primary.extraEnvVars
[INFO] Coalescing path $.mysql.primary.extraEnvVarsCM
[INFO] Coalescing path $.mysql.primary.extraEnvVarsSecret
[INFO] Coalescing path $.mysql.primary.extraFlags
[INFO] Coalescing path $.mysql.primary.extraPodSpec
[INFO] Coalescing path $.mysql.primary.extraPorts
[INFO] Coalescing path $.mysql.primary.extraVolumeMounts
[INFO] Coalescing path $.mysql.primary.extraVolumes
[INFO] Coalescing path $.mysql.primary.hostAliases
[INFO] Coalescing path $.mysql.primary.initContainers
[INFO] Coalescing path $.mysql.primary.lifecycleHooks
[INFO] Coalescing path $.mysql.primary.nodeSelector
[INFO] Coalescing path $.mysql.primary.podAffinityPreset
[INFO] Coalescing path $.mysql.primary.podAnnotations
[INFO] Coalescing path $.mysql.primary.podAntiAffinityPreset
[INFO] Coalescing path $.mysql.primary.podLabels
[INFO] Coalescing path $.mysql.primary.podManagementPolicy
[INFO] Coalescing path $.mysql.primary.podSecurityContext
[INFO] Coalescing path $.mysql.primary.priorityClassName
[INFO] Coalescing path $.mysql.primary.resources
[INFO] Coalescing path $.mysql.primary.runtimeClassName
[INFO] Coalescing path $.mysql.primary.schedulerName
[INFO] Coalescing path $.mysql.primary.sidecars
[INFO] Coalescing path $.mysql.primary.terminationGracePeriodSeconds
[INFO] Coalescing path $.mysql.primary.tolerations
[INFO] Coalescing path $.mysql.primary.topologySpreadConstraints
[INFO] Coalescing path $.mysql.primary.updateStrategy
[INFO] Coalescing path $.mysql.rbac.create
[INFO] Coalescing path $.mysql.rbac.rules
[INFO] Coalescing path $.mysql.secondary.affinity
[INFO] Coalescing path $.mysql.secondary.automountServiceAccountToken
[INFO] Coalescing path $.mysql.secondary.configuration
[INFO] Coalescing path $.mysql.secondary.containerSecurityContext
[INFO] Coalescing path $.mysql.secondary.customLivenessProbe
[INFO] Coalescing path $.mysql.secondary.customReadinessProbe
[INFO] Coalescing path $.mysql.secondary.customStartupProbe
[INFO] Coalescing path $.mysql.secondary.enableMySQLX
[INFO] Coalescing path $.mysql.secondary.existingConfigmap
[INFO] Coalescing path $.mysql.secondary.extraEnvVars
[INFO] Coalescing path $.mysql.secondary.extraEnvVarsCM
[INFO] Coalescing path $.mysql.secondary.extraEnvVarsSecret
[INFO] Coalescing path $.mysql.secondary.extraFlags
[INFO] Coalescing path $.mysql.secondary.extraPodSpec
[INFO] Coalescing path $.mysql.secondary.extraPorts
[INFO] Coalescing path $.mysql.secondary.extraVolumeMounts
[INFO] Coalescing path $.mysql.secondary.extraVolumes
[INFO] Coalescing path $.mysql.secondary.hostAliases
[INFO] Coalescing path $.mysql.secondary.initContainers
[INFO] Coalescing path $.mysql.secondary.lifecycleHooks
[INFO] Coalescing path $.mysql.secondary.nodeSelector
[INFO] Coalescing path $.mysql.secondary.podAffinityPreset
[INFO] Coalescing path $.mysql.secondary.podAnnotations
[INFO] Coalescing path $.mysql.secondary.podAntiAffinityPreset
[INFO] Coalescing path $.mysql.secondary.podLabels
[INFO] Coalescing path $.mysql.secondary.podManagementPolicy
[INFO] Coalescing path $.mysql.secondary.podSecurityContext
[INFO] Coalescing path $.mysql.secondary.priorityClassName
[INFO] Coalescing path $.mysql.secondary.replicaCount
[INFO] Coalescing path $.mysql.secondary.resources
[INFO] Coalescing path $.mysql.secondary.runtimeClassName
[INFO] Coalescing path $.mysql.secondary.schedulerName
[INFO] Coalescing path $.mysql.secondary.sidecars
[INFO] Coalescing path $.mysql.secondary.terminationGracePeriodSeconds
[INFO] Coalescing path $.mysql.secondary.tolerations
[INFO] Coalescing path $.mysql.secondary.topologySpreadConstraints
[INFO] Coalescing path $.mysql.secondary.updateStrategy
[INFO] Coalescing path $.mysql.serviceAccount.annotations
[INFO] Coalescing path $.mysql.serviceAccount.automountServiceAccountToken
[INFO] Coalescing path $.mysql.serviceAccount.create
[INFO] Coalescing path $.mysql.serviceBindings.enabled
[INFO] Coalescing path $.mysql.tls.enabled
[INFO] Coalescing path $.mysql.volumePermissions.enabled
[INFO] Coalescing path $.mysql.volumePermissions.image
[INFO] Coalescing path $.mysql.volumePermissions.resources
[INFO] Coalescing path $.postgresql.audit.clientMinMessages
[INFO] Coalescing path $.postgresql.audit.logConnections
[INFO] Coalescing path $.postgresql.audit.logDisconnections
[INFO] Coalescing path $.postgresql.audit.logHostname
[INFO] Coalescing path $.postgresql.audit.logLinePrefix
[INFO] Coalescing path $.postgresql.audit.logTimezone
[INFO] Coalescing path $.postgresql.audit.pgAuditLog
[INFO] Coalescing path $.postgresql.audit.pgAuditLogCatalog
[INFO] Coalescing path $.postgresql.auth.enablePostgresUser
[INFO] Coalescing path $.postgresql.auth.existingSecret
[INFO] Coalescing path $.postgresql.auth.password
[INFO] Coalescing path $.postgresql.auth.postgresPassword
[INFO] Coalescing path $.postgresql.auth.replicationPassword
[INFO] Coalescing path $.postgresql.auth.replicationUsername
[INFO] Coalescing path $.postgresql.auth.usePasswordFiles
[INFO] Coalescing path $.postgresql.auth.username
[INFO] Coalescing path $.postgresql.backup.enabled
[INFO] Coalescing path $.postgresql.containerPorts.postgresql
[INFO] Coalescing path $.postgresql.diagnosticMode.args
[INFO] Coalescing path $.postgresql.diagnosticMode.command
[INFO] Coalescing path $.postgresql.diagnosticMode.enabled
[INFO] Coalescing path $.postgresql.extraDeploy[*]
[INFO] Coalescing path $.postgresql.image.debug
[INFO] Coalescing path $.postgresql.image.pullPolicy
[INFO] Coalescing path $.postgresql.ldap.baseDN
[INFO] Coalescing path $.postgresql.ldap.basedn
[INFO] Coalescing path $.postgresql.ldap.bindDN
[INFO] Coalescing path $.postgresql.ldap.bind_password
[INFO] Coalescing path $.postgresql.ldap.binddn
[INFO] Coalescing path $.postgresql.ldap.bindpw
[INFO] Coalescing path $.postgresql.ldap.enabled
[INFO] Coalescing path $.postgresql.ldap.port
[INFO] Coalescing path $.postgresql.ldap.prefix
[INFO] Coalescing path $.postgresql.ldap.scheme
[INFO] Coalescing path $.postgresql.ldap.searchAttribute
[INFO] Coalescing path $.postgresql.ldap.searchFilter
[INFO] Coalescing path $.postgresql.ldap.search_attr
[INFO] Coalescing path $.postgresql.ldap.search_filter
[INFO] Coalescing path $.postgresql.ldap.server
[INFO] Coalescing path $.postgresql.ldap.suffix
[INFO] Coalescing path $.postgresql.ldap.uri
[INFO] Coalescing path $.postgresql.ldap.url
[INFO] Coalescing path $.postgresql.metrics.containerSecurityContext
[INFO] Coalescing path $.postgresql.metrics.customLivenessProbe
[INFO] Coalescing path $.postgresql.metrics.customMetrics
[INFO] Coalescing path $.postgresql.metrics.customReadinessProbe
[INFO] Coalescing path $.postgresql.metrics.customStartupProbe
[INFO] Coalescing path $.postgresql.metrics.enabled
[INFO] Coalescing path $.postgresql.metrics.extraEnvVars
[INFO] Coalescing path $.postgresql.metrics.image
[INFO] Coalescing path $.postgresql.metrics.resources
[INFO] Coalescing path $.postgresql.passwordUpdateJob.annotations
[INFO] Coalescing path $.postgresql.passwordUpdateJob.args
[INFO] Coalescing path $.postgresql.passwordUpdateJob.automountServiceAccountToken
[INFO] Coalescing path $.postgresql.passwordUpdateJob.backoffLimit
[INFO] Coalescing path $.postgresql.passwordUpdateJob.command
[INFO] Coalescing path $.postgresql.passwordUpdateJob.containerSecurityContext
[INFO] Coalescing path $.postgresql.passwordUpdateJob.customLivenessProbe
[INFO] Coalescing path $.postgresql.passwordUpdateJob.customReadinessProbe
[INFO] Coalescing path $.postgresql.passwordUpdateJob.customStartupProbe
[INFO] Coalescing path $.postgresql.passwordUpdateJob.enabled
[INFO] Coalescing path $.postgresql.passwordUpdateJob.extraCommands
[INFO] Coalescing path $.postgresql.passwordUpdateJob.extraEnvVars
[INFO] Coalescing path $.postgresql.passwordUpdateJob.extraEnvVarsCM
[INFO] Coalescing path $.postgresql.passwordUpdateJob.extraEnvVarsSecret
[INFO] Coalescing path $.postgresql.passwordUpdateJob.extraVolumeMounts
[INFO] Coalescing path $.postgresql.passwordUpdateJob.extraVolumes
[INFO] Coalescing path $.postgresql.passwordUpdateJob.hostAliases
[INFO] Coalescing path $.postgresql.passwordUpdateJob.initContainers
[INFO] Coalescing path $.postgresql.passwordUpdateJob.podAnnotations
[INFO] Coalescing path $.postgresql.passwordUpdateJob.podLabels
[INFO] Coalescing path $.postgresql.passwordUpdateJob.podSecurityContext
[INFO] Coalescing path $.postgresql.passwordUpdateJob.resources
[INFO] Coalescing path $.postgresql.primary.affinity
[INFO] Coalescing path $.postgresql.primary.annotations
[INFO] Coalescing path $.postgresql.primary.automountServiceAccountToken
[INFO] Coalescing path $.postgresql.primary.configuration
[INFO] Coalescing path $.postgresql.primary.containerSecurityContext
[INFO] Coalescing path $.postgresql.primary.customLivenessProbe
[INFO] Coalescing path $.postgresql.primary.customReadinessProbe
[INFO] Coalescing path $.postgresql.primary.customStartupProbe
[INFO] Coalescing path $.postgresql.primary.existingConfigmap
[INFO] Coalescing path $.postgresql.primary.existingExtendedConfigmap
[INFO] Coalescing path $.postgresql.primary.extendedConfiguration
[INFO] Coalescing path $.postgresql.primary.extraEnvVars
[INFO] Coalescing path $.postgresql.primary.extraEnvVarsCM
[INFO] Coalescing path $.postgresql.primary.extraEnvVarsSecret
[INFO] Coalescing path $.postgresql.primary.extraPodSpec
[INFO] Coalescing path $.postgresql.primary.extraVolumeMounts
[INFO] Coalescing path $.postgresql.primary.extraVolumes
[INFO] Coalescing path $.postgresql.primary.hostAliases
[INFO] Coalescing path $.postgresql.primary.hostIPC
[INFO] Coalescing path $.postgresql.primary.hostNetwork
[INFO] Coalescing path $.postgresql.primary.initContainers
[INFO] Coalescing path $.postgresql.primary.labels
[INFO] Coalescing path $.postgresql.primary.lifecycleHooks
[INFO] Coalescing path $.postgresql.primary.nodeSelector
[INFO] Coalescing path $.postgresql.primary.pgHbaConfiguration
[INFO] Coalescing path $.postgresql.primary.podAffinityPreset
[INFO] Coalescing path $.postgresql.primary.podAnnotations
[INFO] Coalescing path $.postgresql.primary.podAntiAffinityPreset
[INFO] Coalescing path $.postgresql.primary.podLabels
[INFO] Coalescing path $.postgresql.primary.podSecurityContext
[INFO] Coalescing path $.postgresql.primary.priorityClassName
[INFO] Coalescing path $.postgresql.primary.resources
[INFO] Coalescing path $.postgresql.primary.schedulerName
[INFO] Coalescing path $.postgresql.primary.sidecars
[INFO] Coalescing path $.postgresql.primary.terminationGracePeriodSeconds
[INFO] Coalescing path $.postgresql.primary.tolerations
[INFO] Coalescing path $.postgresql.primary.topologySpreadConstraints
[INFO] Coalescing path $.postgresql.primary.updateStrategy
[INFO] Coalescing path $.postgresql.psp.create
[INFO] Coalescing path $.postgresql.rbac.create
[INFO] Coalescing path $.postgresql.rbac.rules
[INFO] Coalescing path $.postgresql.readReplicas.affinity
[INFO] Coalescing path $.postgresql.readReplicas.annotations
[INFO] Coalescing path $.postgresql.readReplicas.automountServiceAccountToken
[INFO] Coalescing path $.postgresql.readReplicas.containerSecurityContext
[INFO] Coalescing path $.postgresql.readReplicas.customLivenessProbe
[INFO] Coalescing path $.postgresql.readReplicas.customReadinessProbe
[INFO] Coalescing path $.postgresql.readReplicas.customStartupProbe
[INFO] Coalescing path $.postgresql.readReplicas.extendedConfiguration
[INFO] Coalescing path $.postgresql.readReplicas.extraEnvVars
[INFO] Coalescing path $.postgresql.readReplicas.extraEnvVarsCM
[INFO] Coalescing path $.postgresql.readReplicas.extraEnvVarsSecret
[INFO] Coalescing path $.postgresql.readReplicas.extraPodSpec
[INFO] Coalescing path $.postgresql.readReplicas.extraVolumeMounts
[INFO] Coalescing path $.postgresql.readReplicas.extraVolumes
[INFO] Coalescing path $.postgresql.readReplicas.hostAliases
[INFO] Coalescing path $.postgresql.readReplicas.hostIPC
[INFO] Coalescing path $.postgresql.readReplicas.hostNetwork
[INFO] Coalescing path $.postgresql.readReplicas.initContainers
[INFO] Coalescing path $.postgresql.readReplicas.labels
[INFO] Coalescing path $.postgresql.readReplicas.lifecycleHooks
[INFO] Coalescing path $.postgresql.readReplicas.nodeSelector
[INFO] Coalescing path $.postgresql.readReplicas.podAffinityPreset
[INFO] Coalescing path $.postgresql.readReplicas.podAnnotations
[INFO] Coalescing path $.postgresql.readReplicas.podAntiAffinityPreset
[INFO] Coalescing path $.postgresql.readReplicas.podLabels
[INFO] Coalescing path $.postgresql.readReplicas.podSecurityContext
[INFO] Coalescing path $.postgresql.readReplicas.priorityClassName
[INFO] Coalescing path $.postgresql.readReplicas.replicaCount
[INFO] Coalescing path $.postgresql.readReplicas.resources
[INFO] Coalescing path $.postgresql.readReplicas.schedulerName
[INFO] Coalescing path $.postgresql.readReplicas.sidecars
[INFO] Coalescing path $.postgresql.readReplicas.terminationGracePeriodSeconds
[INFO] Coalescing path $.postgresql.readReplicas.tolerations
[INFO] Coalescing path $.postgresql.readReplicas.topologySpreadConstraints
[INFO] Coalescing path $.postgresql.readReplicas.updateStrategy
[INFO] Coalescing path $.postgresql.replication.applicationName
[INFO] Coalescing path $.postgresql.replication.numSynchronousReplicas
[INFO] Coalescing path $.postgresql.replication.synchronousCommit
[INFO] Coalescing path $.postgresql.serviceAccount.annotations
[INFO] Coalescing path $.postgresql.serviceAccount.automountServiceAccountToken
[INFO] Coalescing path $.postgresql.serviceAccount.create
[INFO] Coalescing path $.postgresql.serviceBindings.enabled
[INFO] Coalescing path $.postgresql.shmVolume.enabled
[INFO] Coalescing path $.postgresql.shmVolume.sizeLimit
[INFO] Coalescing path $.postgresql.tls.autoGenerated
[INFO] Coalescing path $.postgresql.tls.certCAFilename
[INFO] Coalescing path $.postgresql.tls.crlFilename
[INFO] Coalescing path $.postgresql.tls.enabled
[INFO] Coalescing path $.postgresql.tls.preferServerCiphers
[INFO] Coalescing path $.postgresql.volumePermissions.enabled
[INFO] Coalescing path $.postgresql.volumePermissions.image
[INFO] Coalescing path $.server.auth.enabled
[INFO] Coalescing path $.server.auth.mode
[INFO] Coalescing path $.server.clusterWorkflowTemplates.enableEditing
[INFO] Coalescing path $.server.clusterWorkflowTemplates.enabled
[INFO] Coalescing path $.server.containerPorts.web
[INFO] Coalescing path $.server.containerSecurityContext.enabled
[INFO] Coalescing path $.server.image.pullPolicy
[INFO] Coalescing path $.server.networkPolicy.allowExternal
[INFO] Coalescing path $.server.networkPolicy.allowExternalEgress
[INFO] Coalescing path $.server.networkPolicy.enabled
[INFO] Coalescing path $.server.networkPolicy.extraEgress
[INFO] Coalescing path $.server.networkPolicy.extraIngress
[INFO] Coalescing path $.server.networkPolicy.ingressNSMatchLabels
[INFO] Coalescing path $.server.networkPolicy.ingressNSPodMatchLabels
[INFO] Coalescing path $.server.networkPolicy.kubeAPIServerPorts
[INFO] Coalescing path $.server.nodeAffinityPreset.key
[INFO] Coalescing path $.server.nodeAffinityPreset.type
[INFO] Coalescing path $.server.nodeAffinityPreset.values
[INFO] Coalescing path $.server.pdb.enabled
[INFO] Coalescing path $.server.pdb.maxUnavailable
[INFO] Coalescing path $.server.pdb.minAvailable
[INFO] Coalescing path $.server.podSecurityContext.enabled
[INFO] Coalescing path $.server.rbac.create
[INFO] Coalescing path $.server.service.annotations
[INFO] Coalescing path $.server.service.clusterIP
[INFO] Coalescing path $.server.service.externalTrafficPolicy
[INFO] Coalescing path $.server.service.extraPorts
[INFO] Coalescing path $.server.service.loadBalancerIP
[INFO] Coalescing path $.server.service.loadBalancerSourceRanges
[INFO] Coalescing path $.server.service.type
[INFO] Coalescing path $.server.serviceAccount.annotations
[INFO] Coalescing path $.server.serviceAccount.automountServiceAccountToken
[INFO] Coalescing path $.server.serviceAccount.create
[INFO] Coalescing path $.workflows.rbac.create
[INFO] Coalescing path $.workflows.serviceAccount.annotations
[INFO] Coalescing path $.workflows.serviceAccount.automountServiceAccountToken
[INFO] Coalescing path $.workflows.serviceAccount.create
[INFO] Coalescing path $.controller.metrics.serviceMonitor.enabled
[INFO] Coalescing path $.controller.networkPolicy.ingressNSMatchLabels[*]
[INFO] Coalescing path $.controller.networkPolicy.ingressNSPodMatchLabels[*]
[INFO] Coalescing path $.controller.networkPolicy.kubeAPIServerPorts[*]
[INFO] Coalescing path $.controller.service.nodePorts.metrics
[INFO] Coalescing path $.controller.service.nodePorts.telemetry
[INFO] Coalescing path $.controller.service.ports.metrics
[INFO] Coalescing path $.controller.service.ports.telemetry
[INFO] Coalescing path $.global.postgresql.auth.existingSecret
[INFO] Coalescing path $.global.postgresql.auth.password
[INFO] Coalescing path $.global.postgresql.auth.postgresPassword
[INFO] Coalescing path $.ingress.extraHosts[*].name
[INFO] Coalescing path $.ingress.extraHosts[*].path
[INFO] Coalescing path $.ingress.extraHosts[*].pathType
[INFO] Coalescing path $.ingress.secrets[*].certificate
[INFO] Coalescing path $.ingress.secrets[*].key
[INFO] Coalescing path $.ingress.secrets[*].name
[INFO] Coalescing path $.mysql.auth.customPasswordFiles.replicator
[INFO] Coalescing path $.mysql.auth.customPasswordFiles.root
[INFO] Coalescing path $.mysql.auth.customPasswordFiles.user
[INFO] Coalescing path $.mysql.metrics.containerPorts.http
[INFO] Coalescing path $.mysql.metrics.containerSecurityContext.enabled
[INFO] Coalescing path $.mysql.metrics.extraArgs.primary
[INFO] Coalescing path $.mysql.metrics.image.pullPolicy
[INFO] Coalescing path $.mysql.metrics.livenessProbe.enabled
[INFO] Coalescing path $.mysql.metrics.prometheusRule.additionalLabels
[INFO] Coalescing path $.mysql.metrics.prometheusRule.enabled
[INFO] Coalescing path $.mysql.metrics.prometheusRule.namespace
[INFO] Coalescing path $.mysql.metrics.prometheusRule.rules
[INFO] Coalescing path $.mysql.metrics.readinessProbe.enabled
[INFO] Coalescing path $.mysql.metrics.service.annotations
[INFO] Coalescing path $.mysql.metrics.service.clusterIP
[INFO] Coalescing path $.mysql.metrics.service.port
[INFO] Coalescing path $.mysql.metrics.service.type
[INFO] Coalescing path $.mysql.metrics.serviceMonitor.annotations
[INFO] Coalescing path $.mysql.metrics.serviceMonitor.enabled
[INFO] Coalescing path $.mysql.metrics.serviceMonitor.honorLabels
[INFO] Coalescing path $.mysql.metrics.serviceMonitor.interval
[INFO] Coalescing path $.mysql.metrics.serviceMonitor.jobLabel
[INFO] Coalescing path $.mysql.metrics.serviceMonitor.labels
[INFO] Coalescing path $.mysql.metrics.serviceMonitor.metricRelabelings
[INFO] Coalescing path $.mysql.metrics.serviceMonitor.namespace
[INFO] Coalescing path $.mysql.metrics.serviceMonitor.relabelings
[INFO] Coalescing path $.mysql.metrics.serviceMonitor.scrapeTimeout
[INFO] Coalescing path $.mysql.metrics.serviceMonitor.selector
[INFO] Coalescing path $.mysql.networkPolicy.ingressNSMatchLabels[*]
[INFO] Coalescing path $.mysql.networkPolicy.ingressNSPodMatchLabels[*]
[INFO] Coalescing path $.mysql.passwordUpdateJob.containerSecurityContext.enabled
[INFO] Coalescing path $.mysql.passwordUpdateJob.podSecurityContext.enabled
[INFO] Coalescing path $.mysql.passwordUpdateJob.previousPasswords.existingSecret
[INFO] Coalescing path $.mysql.passwordUpdateJob.previousPasswords.password
[INFO] Coalescing path $.mysql.passwordUpdateJob.previousPasswords.replicationPassword
[INFO] Coalescing path $.mysql.passwordUpdateJob.previousPasswords.rootPassword
[INFO] Coalescing path $.mysql.primary.containerPorts.mysql
[INFO] Coalescing path $.mysql.primary.containerPorts.mysqlx
[INFO] Coalescing path $.mysql.primary.containerSecurityContext.enabled
[INFO] Coalescing path $.mysql.primary.containerSecurityContext.runAsUser
[INFO] Coalescing path $.mysql.primary.nodeAffinityPreset.key
[INFO] Coalescing path $.mysql.primary.nodeAffinityPreset.type
[INFO] Coalescing path $.mysql.primary.nodeAffinityPreset.values
[INFO] Coalescing path $.mysql.primary.pdb.create
[INFO] Coalescing path $.mysql.primary.pdb.maxUnavailable
[INFO] Coalescing path $.mysql.primary.pdb.minAvailable
[INFO] Coalescing path $.mysql.primary.persistence.enabled
[INFO] Coalescing path $.mysql.primary.persistence.existingClaim
[INFO] Coalescing path $.mysql.primary.persistence.subPath
[INFO] Coalescing path $.mysql.primary.podSecurityContext.enabled
[INFO] Coalescing path $.mysql.primary.podSecurityContext.fsGroup
[INFO] Coalescing path $.mysql.primary.service.annotations
[INFO] Coalescing path $.mysql.primary.service.clusterIP
[INFO] Coalescing path $.mysql.primary.service.exposeMySQLX
[INFO] Coalescing path $.mysql.primary.service.externalIPs
[INFO] Coalescing path $.mysql.primary.service.externalTrafficPolicy
[INFO] Coalescing path $.mysql.primary.service.extraPorts
[INFO] Coalescing path $.mysql.primary.service.loadBalancerIP
[INFO] Coalescing path $.mysql.primary.service.loadBalancerSourceRanges
[INFO] Coalescing path $.mysql.primary.service.sessionAffinity
[INFO] Coalescing path $.mysql.primary.service.sessionAffinityConfig
[INFO] Coalescing path $.mysql.primary.service.type
[INFO] Coalescing path $.mysql.secondary.containerPorts.mysql
[INFO] Coalescing path $.mysql.secondary.containerPorts.mysqlx
[INFO] Coalescing path $.mysql.secondary.containerSecurityContext.enabled
[INFO] Coalescing path $.mysql.secondary.containerSecurityContext.runAsUser
[INFO] Coalescing path $.mysql.secondary.nodeAffinityPreset.key
[INFO] Coalescing path $.mysql.secondary.nodeAffinityPreset.type
[INFO] Coalescing path $.mysql.secondary.nodeAffinityPreset.values
[INFO] Coalescing path $.mysql.secondary.pdb.create
[INFO] Coalescing path $.mysql.secondary.pdb.maxUnavailable
[INFO] Coalescing path $.mysql.secondary.pdb.minAvailable
[INFO] Coalescing path $.mysql.secondary.persistence.enabled
[INFO] Coalescing path $.mysql.secondary.persistence.existingClaim
[INFO] Coalescing path $.mysql.secondary.persistence.subPath
[INFO] Coalescing path $.mysql.secondary.podSecurityContext.enabled
[INFO] Coalescing path $.mysql.secondary.podSecurityContext.fsGroup
[INFO] Coalescing path $.mysql.secondary.service.annotations
[INFO] Coalescing path $.mysql.secondary.service.clusterIP
[INFO] Coalescing path $.mysql.secondary.service.exposeMySQLX
[INFO] Coalescing path $.mysql.secondary.service.externalIPs
[INFO] Coalescing path $.mysql.secondary.service.externalTrafficPolicy
[INFO] Coalescing path $.mysql.secondary.service.extraPorts
[INFO] Coalescing path $.mysql.secondary.service.loadBalancerIP
[INFO] Coalescing path $.mysql.secondary.service.loadBalancerSourceRanges
[INFO] Coalescing path $.mysql.secondary.service.sessionAffinity
[INFO] Coalescing path $.mysql.secondary.service.sessionAffinityConfig
[INFO] Coalescing path $.mysql.secondary.service.type
[INFO] Coalescing path $.mysql.tls.autoGenerated.enabled
[INFO] Coalescing path $.mysql.tls.autoGenerated.engine
[INFO] Coalescing path $.mysql.volumePermissions.image.pullPolicy
[INFO] Coalescing path $.postgresql.auth.secretKeys.adminPasswordKey
[INFO] Coalescing path $.postgresql.auth.secretKeys.replicationPasswordKey
[INFO] Coalescing path $.postgresql.auth.secretKeys.userPasswordKey
[INFO] Coalescing path $.postgresql.backup.cronjob.annotations
[INFO] Coalescing path $.postgresql.backup.cronjob.command
[INFO] Coalescing path $.postgresql.backup.cronjob.concurrencyPolicy
[INFO] Coalescing path $.postgresql.backup.cronjob.containerSecurityContext
[INFO] Coalescing path $.postgresql.backup.cronjob.extraVolumeMounts
[INFO] Coalescing path $.postgresql.backup.cronjob.extraVolumes
[INFO] Coalescing path $.postgresql.backup.cronjob.failedJobsHistoryLimit
[INFO] Coalescing path $.postgresql.backup.cronjob.labels
[INFO] Coalescing path $.postgresql.backup.cronjob.nodeSelector
[INFO] Coalescing path $.postgresql.backup.cronjob.podLabels
[INFO] Coalescing path $.postgresql.backup.cronjob.resources
[INFO] Coalescing path $.postgresql.backup.cronjob.restartPolicy
[INFO] Coalescing path $.postgresql.backup.cronjob.schedule
[INFO] Coalescing path $.postgresql.backup.cronjob.startingDeadlineSeconds
[INFO] Coalescing path $.postgresql.backup.cronjob.storage
[INFO] Coalescing path $.postgresql.backup.cronjob.successfulJobsHistoryLimit
[INFO] Coalescing path $.postgresql.backup.cronjob.timeZone
[INFO] Coalescing path $.postgresql.backup.cronjob.tolerations
[INFO] Coalescing path $.postgresql.backup.cronjob.ttlSecondsAfterFinished
[INFO] Coalescing path $.postgresql.metrics.containerPorts.metrics
[INFO] Coalescing path $.postgresql.metrics.containerSecurityContext.enabled
[INFO] Coalescing path $.postgresql.metrics.image.pullPolicy
[INFO] Coalescing path $.postgresql.metrics.prometheusRule.enabled
[INFO] Coalescing path $.postgresql.metrics.prometheusRule.labels
[INFO] Coalescing path $.postgresql.metrics.prometheusRule.namespace
[INFO] Coalescing path $.postgresql.metrics.prometheusRule.rules
[INFO] Coalescing path $.postgresql.metrics.service.annotations
[INFO] Coalescing path $.postgresql.metrics.service.clusterIP
[INFO] Coalescing path $.postgresql.metrics.service.sessionAffinity
[INFO] Coalescing path $.postgresql.metrics.serviceMonitor.enabled
[INFO] Coalescing path $.postgresql.metrics.serviceMonitor.honorLabels
[INFO] Coalescing path $.postgresql.metrics.serviceMonitor.interval
[INFO] Coalescing path $.postgresql.metrics.serviceMonitor.jobLabel
[INFO] Coalescing path $.postgresql.metrics.serviceMonitor.labels
[INFO] Coalescing path $.postgresql.metrics.serviceMonitor.metricRelabelings
[INFO] Coalescing path $.postgresql.metrics.serviceMonitor.namespace
[INFO] Coalescing path $.postgresql.metrics.serviceMonitor.relabelings
[INFO] Coalescing path $.postgresql.metrics.serviceMonitor.scrapeTimeout
[INFO] Coalescing path $.postgresql.metrics.serviceMonitor.selector
[INFO] Coalescing path $.postgresql.passwordUpdateJob.containerSecurityContext.enabled
[INFO] Coalescing path $.postgresql.passwordUpdateJob.podSecurityContext.enabled
[INFO] Coalescing path $.postgresql.passwordUpdateJob.previousPasswords.existingSecret
[INFO] Coalescing path $.postgresql.passwordUpdateJob.previousPasswords.password
[INFO] Coalescing path $.postgresql.passwordUpdateJob.previousPasswords.postgresPassword
[INFO] Coalescing path $.postgresql.passwordUpdateJob.previousPasswords.replicationPassword
[INFO] Coalescing path $.postgresql.primary.containerSecurityContext.enabled
[INFO] Coalescing path $.postgresql.primary.containerSecurityContext.runAsUser
[INFO] Coalescing path $.postgresql.primary.initdb.args
[INFO] Coalescing path $.postgresql.primary.initdb.password
[INFO] Coalescing path $.postgresql.primary.initdb.postgresqlWalDir
[INFO] Coalescing path $.postgresql.primary.initdb.scripts
[INFO] Coalescing path $.postgresql.primary.initdb.scriptsConfigMap
[INFO] Coalescing path $.postgresql.primary.initdb.scriptsSecret
[INFO] Coalescing path $.postgresql.primary.initdb.user
[INFO] Coalescing path $.postgresql.primary.networkPolicy.allowExternal
[INFO] Coalescing path $.postgresql.primary.networkPolicy.allowExternalEgress
[INFO] Coalescing path $.postgresql.primary.networkPolicy.enabled
[INFO] Coalescing path $.postgresql.primary.networkPolicy.extraEgress
[INFO] Coalescing path $.postgresql.primary.networkPolicy.extraIngress
[INFO] Coalescing path $.postgresql.primary.networkPolicy.ingressNSMatchLabels
[INFO] Coalescing path $.postgresql.primary.networkPolicy.ingressNSPodMatchLabels
[INFO] Coalescing path $.postgresql.primary.nodeAffinityPreset.key
[INFO] Coalescing path $.postgresql.primary.nodeAffinityPreset.type
[INFO] Coalescing path $.postgresql.primary.nodeAffinityPreset.values
[INFO] Coalescing path $.postgresql.primary.pdb.create
[INFO] Coalescing path $.postgresql.primary.pdb.maxUnavailable
[INFO] Coalescing path $.postgresql.primary.pdb.minAvailable
[INFO] Coalescing path $.postgresql.primary.persistence.enabled
[INFO] Coalescing path $.postgresql.primary.persistence.existingClaim
[INFO] Coalescing path $.postgresql.primary.persistence.mountPath
[INFO] Coalescing path $.postgresql.primary.persistence.subPath
[INFO] Coalescing path $.postgresql.primary.persistence.volumeName
[INFO] Coalescing path $.postgresql.primary.podSecurityContext.enabled
[INFO] Coalescing path $.postgresql.primary.preInitDb.scripts
[INFO] Coalescing path $.postgresql.primary.preInitDb.scriptsConfigMap
[INFO] Coalescing path $.postgresql.primary.preInitDb.scriptsSecret
[INFO] Coalescing path $.postgresql.primary.service.annotations
[INFO] Coalescing path $.postgresql.primary.service.clusterIP
[INFO] Coalescing path $.postgresql.primary.service.externalTrafficPolicy
[INFO] Coalescing path $.postgresql.primary.service.extraPorts
[INFO] Coalescing path $.postgresql.primary.service.labels
[INFO] Coalescing path $.postgresql.primary.service.loadBalancerClass
[INFO] Coalescing path $.postgresql.primary.service.loadBalancerIP
[INFO] Coalescing path $.postgresql.primary.service.loadBalancerSourceRanges
[INFO] Coalescing path $.postgresql.primary.service.sessionAffinity
[INFO] Coalescing path $.postgresql.primary.service.sessionAffinityConfig
[INFO] Coalescing path $.postgresql.primary.service.type
[INFO] Coalescing path $.postgresql.primary.standby.enabled
[INFO] Coalescing path $.postgresql.primary.standby.primaryHost
[INFO] Coalescing path $.postgresql.primary.standby.primaryPort
[INFO] Coalescing path $.postgresql.readReplicas.containerSecurityContext.enabled
[INFO] Coalescing path $.postgresql.readReplicas.networkPolicy.allowExternal
[INFO] Coalescing path $.postgresql.readReplicas.networkPolicy.allowExternalEgress
[INFO] Coalescing path $.postgresql.readReplicas.networkPolicy.enabled
[INFO] Coalescing path $.postgresql.readReplicas.networkPolicy.extraEgress
[INFO] Coalescing path $.postgresql.readReplicas.networkPolicy.extraIngress
[INFO] Coalescing path $.postgresql.readReplicas.networkPolicy.ingressNSMatchLabels
[INFO] Coalescing path $.postgresql.readReplicas.networkPolicy.ingressNSPodMatchLabels
[INFO] Coalescing path $.postgresql.readReplicas.nodeAffinityPreset.key
[INFO] Coalescing path $.postgresql.readReplicas.nodeAffinityPreset.type
[INFO] Coalescing path $.postgresql.readReplicas.nodeAffinityPreset.values
[INFO] Coalescing path $.postgresql.readReplicas.pdb.create
[INFO] Coalescing path $.postgresql.readReplicas.pdb.maxUnavailable
[INFO] Coalescing path $.postgresql.readReplicas.pdb.minAvailable
[INFO] Coalescing path $.postgresql.readReplicas.persistence.enabled
[INFO] Coalescing path $.postgresql.readReplicas.persistence.existingClaim
[INFO] Coalescing path $.postgresql.readReplicas.persistence.mountPath
[INFO] Coalescing path $.postgresql.readReplicas.persistence.subPath
[INFO] Coalescing path $.postgresql.readReplicas.podSecurityContext.enabled
[INFO] Coalescing path $.postgresql.readReplicas.service.annotations
[INFO] Coalescing path $.postgresql.readReplicas.service.clusterIP
[INFO] Coalescing path $.postgresql.readReplicas.service.externalTrafficPolicy
[INFO] Coalescing path $.postgresql.readReplicas.service.extraPorts
[INFO] Coalescing path $.postgresql.readReplicas.service.labels
[INFO] Coalescing path $.postgresql.readReplicas.service.loadBalancerClass
[INFO] Coalescing path $.postgresql.readReplicas.service.loadBalancerIP
[INFO] Coalescing path $.postgresql.readReplicas.service.loadBalancerSourceRanges
[INFO] Coalescing path $.postgresql.readReplicas.service.sessionAffinity
[INFO] Coalescing path $.postgresql.readReplicas.service.sessionAffinityConfig
[INFO] Coalescing path $.postgresql.readReplicas.service.type
[INFO] Coalescing path $.postgresql.volumePermissions.image.pullPolicy
[INFO] Coalescing path $.server.auth.sso.enabled
[INFO] Coalescing path $.server.auth.sso.rbac
[INFO] Coalescing path $.server.networkPolicy.ingressNSMatchLabels[*]
[INFO] Coalescing path $.server.networkPolicy.ingressNSPodMatchLabels[*]
[INFO] Coalescing path $.server.networkPolicy.kubeAPIServerPorts[*]
[INFO] Coalescing path $.server.service.nodePorts.http
[INFO] Coalescing path $.server.service.ports.http
[INFO] Coalescing path $.global.postgresql.auth.secretKeys.adminPasswordKey
[INFO] Coalescing path $.global.postgresql.auth.secretKeys.replicationPasswordKey
[INFO] Coalescing path $.global.postgresql.auth.secretKeys.userPasswordKey
[INFO] Coalescing path $.mysql.metrics.extraArgs.primary[*]
[INFO] Coalescing path $.mysql.primary.extraPorts[*].containerPort
[INFO] Coalescing path $.mysql.primary.service.headless.annotations
[INFO] Coalescing path $.mysql.primary.service.nodePorts.mysql
[INFO] Coalescing path $.mysql.primary.service.nodePorts.mysqlx
[INFO] Coalescing path $.mysql.primary.service.ports.mysql
[INFO] Coalescing path $.mysql.primary.service.ports.mysqlx
[INFO] Coalescing path $.mysql.secondary.extraPorts[*].containerPort
[INFO] Coalescing path $.mysql.secondary.service.headless.annotations
[INFO] Coalescing path $.mysql.secondary.service.nodePorts.mysql
[INFO] Coalescing path $.mysql.secondary.service.nodePorts.mysqlx
[INFO] Coalescing path $.mysql.secondary.service.ports.mysql
[INFO] Coalescing path $.mysql.secondary.service.ports.mysqlx
[INFO] Coalescing path $.mysql.tls.autoGenerated.certManager.duration
[INFO] Coalescing path $.mysql.tls.autoGenerated.certManager.existingIssuer
[INFO] Coalescing path $.mysql.tls.autoGenerated.certManager.existingIssuerKind
[INFO] Coalescing path $.mysql.tls.autoGenerated.certManager.keyAlgorithm
[INFO] Coalescing path $.mysql.tls.autoGenerated.certManager.keySize
[INFO] Coalescing path $.mysql.tls.autoGenerated.certManager.renewBefore
[INFO] Coalescing path $.postgresql.backup.cronjob.containerSecurityContext.enabled
[INFO] Coalescing path $.postgresql.backup.cronjob.networkPolicy.enabled
[INFO] Coalescing path $.postgresql.backup.cronjob.podSecurityContext.enabled
[INFO] Coalescing path $.postgresql.backup.cronjob.podSecurityContext.fsGroup
[INFO] Coalescing path $.postgresql.backup.cronjob.storage.accessModes
[INFO] Coalescing path $.postgresql.backup.cronjob.storage.enabled
[INFO] Coalescing path $.postgresql.backup.cronjob.storage.existingClaim
[INFO] Coalescing path $.postgresql.backup.cronjob.storage.mountPath
[INFO] Coalescing path $.postgresql.backup.cronjob.storage.resourcePolicy
[INFO] Coalescing path $.postgresql.backup.cronjob.storage.size
[INFO] Coalescing path $.postgresql.backup.cronjob.storage.subPath
[INFO] Coalescing path $.postgresql.global.postgresql.auth.existingSecret
[INFO] Coalescing path $.postgresql.global.postgresql.auth.password
[INFO] Coalescing path $.postgresql.global.postgresql.auth.postgresPassword
[INFO] Coalescing path $.postgresql.metrics.service.ports.metrics
[INFO] Coalescing path $.postgresql.primary.networkPolicy.ingressNSMatchLabels[*]
[INFO] Coalescing path $.postgresql.primary.networkPolicy.ingressNSPodMatchLabels[*]
[INFO] Coalescing path $.postgresql.primary.service.headless.annotations
[INFO] Coalescing path $.postgresql.primary.service.nodePorts.postgresql
[INFO] Coalescing path $.postgresql.readReplicas.networkPolicy.ingressNSMatchLabels[*]
[INFO] Coalescing path $.postgresql.readReplicas.networkPolicy.ingressNSPodMatchLabels[*]
[INFO] Coalescing path $.postgresql.readReplicas.service.headless.annotations
[INFO] Coalescing path $.postgresql.readReplicas.service.nodePorts.postgresql
[INFO] Coalescing path $.server.auth.sso.rbac.secretWhitelist
[INFO] Coalescing path $.mysql.primary.service.extraPorts[*].port
[INFO] Coalescing path $.mysql.secondary.service.extraPorts[*].port
[INFO] Coalescing path $.postgresql.backup.cronjob.storage.accessModes[*]
[INFO] Coalescing path $.postgresql.global.postgresql.auth.secretKeys.adminPasswordKey
[INFO] Coalescing path $.postgresql.global.postgresql.auth.secretKeys.replicationPasswordKey
[INFO] Coalescing path $.postgresql.global.postgresql.auth.secretKeys.userPasswordKey
[INFO] Discovered 1687 unique value paths; random traversal, seed 0
