[INFO] Auditing path $.affinity
[INFO] Auditing path $.annotations
[INFO] Auditing path $.apiVersions
[INFO] Auditing path $.args
[INFO] Auditing path $.automountServiceAccountToken
[INFO] Auditing path $.autoscaling.hpa
[INFO] Auditing path $.autoscaling.hpa.enabled
[INFO] Auditing path $.autoscaling.hpa.maxReplicas
[INFO] Auditing path $.autoscaling.hpa.minReplicas
[INFO] Auditing path $.autoscaling.hpa.targetCPU
[INFO] Auditing path $.autoscaling.hpa.targetMemory
[INFO] Auditing path $.autoscaling.vpa
[INFO] Auditing path $.autoscaling.vpa.annotations
[INFO] Auditing path $.autoscaling.vpa.controlledResources
[INFO] Auditing path $.autoscaling.vpa.enabled
[INFO] Auditing path $.autoscaling.vpa.maxAllowed
[INFO] Auditing path $.autoscaling.vpa.minAllowed
[INFO] Auditing path $.autoscaling.vpa.updatePolicy
[INFO] Auditing path $.autoscaling.vpa.updatePolicy.updateMode
[INFO] Auditing path $.autoscaling
[INFO] Auditing path $.cassandra.cluster
[INFO] Auditing path $.cassandra.cluster.datacenter
[INFO] Auditing path $.cassandra.dbUser
[INFO] Auditing path $.cassandra.dbUser.existingSecret
[INFO] Auditing path $.cassandra.dbUser.password
[INFO] Auditing path $.cassandra.dbUser.user
[INFO] Auditing path $.cassandra.enabled
[INFO] Auditing path $.cassandra.extraEnvVars
[INFO] Auditing path $.cassandra.extraEnvVars[*].name
[INFO] Auditing path $.cassandra.extraEnvVars[*].value
[INFO] Auditing path $.cassandra.initDB
[INFO] Auditing path $.cassandra.initDB["create_keyspace.cql"]
[INFO] Auditing path $.cassandra.keyspace
[INFO] Auditing path $.cassandra.resources
[INFO] Auditing path $.cassandra.resourcesPreset
[INFO] Auditing path $.cassandra.service
[INFO] Auditing path $.cassandra.service.ports
[INFO] Auditing path $.cassandra.service.ports.cql
[INFO] Auditing path $.cassandra
[INFO] Auditing path $.clusterDomain
[INFO] Auditing path $.command
[INFO] Auditing path $.commonAnnotations
[INFO] Auditing path $.commonLabels
[INFO] Auditing path $.configOverrides
[INFO] Auditing path $.containerPorts.http
[INFO] Auditing path $.containerPorts
[INFO] Auditing path $.containerSecurityContext.allowPrivilegeEscalation
[INFO] Auditing path $.containerSecurityContext.capabilities
[INFO] Auditing path $.containerSecurityContext.capabilities.drop
[INFO] Auditing path $.containerSecurityContext.enabled
[INFO] Auditing path $.containerSecurityContext.privileged
[INFO] Auditing path $.containerSecurityContext.readOnlyRootFilesystem
[INFO] Auditing path $.containerSecurityContext.runAsGroup
[INFO] Auditing path $.containerSecurityContext.runAsNonRoot
[INFO] Auditing path $.containerSecurityContext.runAsUser
[INFO] Auditing path $.containerSecurityContext.seLinuxOptions
[INFO] Auditing path $.containerSecurityContext.seccompProfile
[INFO] Auditing path $.containerSecurityContext.seccompProfile.type
[INFO] Auditing path $.containerSecurityContext
[INFO] Auditing path $.customLivenessProbe
[INFO] Auditing path $.customReadinessProbe
[INFO] Auditing path $.customStartupProbe
[INFO] Auditing path $.defaultInitContainers.initCerts
[INFO] Auditing path $.defaultInitContainers.initCerts.containerSecurityContext
[INFO] Auditing path $.defaultInitContainers.initCerts.containerSecurityContext.allowPrivilegeEscalation
[INFO] Auditing path $.defaultInitContainers.initCerts.containerSecurityContext.capabilities
[INFO] Auditing path $.defaultInitContainers.initCerts.containerSecurityContext.capabilities.drop
[INFO] Auditing path $.defaultInitContainers.initCerts.containerSecurityContext.enabled
[INFO] Auditing path $.defaultInitContainers.initCerts.containerSecurityContext.privileged
[INFO] Auditing path $.defaultInitContainers.initCerts.containerSecurityContext.readOnlyRootFilesystem
[INFO] Auditing path $.defaultInitContainers.initCerts.containerSecurityContext.runAsGroup
[INFO] Auditing path $.defaultInitContainers.initCerts.containerSecurityContext.runAsNonRoot
[INFO] Auditing path $.defaultInitContainers.initCerts.containerSecurityContext.runAsUser
[INFO] Auditing path $.defaultInitContainers.initCerts.containerSecurityContext.seLinuxOptions
[INFO] Auditing path $.defaultInitContainers.initCerts.containerSecurityContext.seccompProfile
[INFO] Auditing path $.defaultInitContainers.initCerts.containerSecurityContext.seccompProfile.type
[INFO] Auditing path $.defaultInitContainers.initCerts.enabled
[INFO] Auditing path $.defaultInitContainers.initCerts.resources
[INFO] Auditing path $.defaultInitContainers.initCerts.resourcesPreset
[INFO] Auditing path $.defaultInitContainers.waitForCassandra
[INFO] Auditing path $.defaultInitContainers.waitForCassandra.containerSecurityContext
[INFO] Auditing path $.defaultInitContainers.waitForCassandra.containerSecurityContext.allowPrivilegeEscalation
[INFO] Auditing path $.defaultInitContainers.waitForCassandra.containerSecurityContext.capabilities
[INFO] Auditing path $.defaultInitContainers.waitForCassandra.containerSecurityContext.capabilities.drop
[INFO] Auditing path $.defaultInitContainers.waitForCassandra.containerSecurityContext.enabled
[INFO] Auditing path $.defaultInitContainers.waitForCassandra.containerSecurityContext.privileged
[INFO] Auditing path $.defaultInitContainers.waitForCassandra.containerSecurityContext.readOnlyRootFilesystem
[INFO] Auditing path $.defaultInitContainers.waitForCassandra.containerSecurityContext.runAsGroup
[INFO] Auditing path $.defaultInitContainers.waitForCassandra.containerSecurityContext.runAsNonRoot
[INFO] Auditing path $.defaultInitContainers.waitForCassandra.containerSecurityContext.runAsUser
[INFO] Auditing path $.defaultInitContainers.waitForCassandra.containerSecurityContext.seLinuxOptions
[INFO] Auditing path $.defaultInitContainers.waitForCassandra.containerSecurityContext.seccompProfile
[INFO] Auditing path $.defaultInitContainers.waitForCassandra.containerSecurityContext.seccompProfile.type
[INFO] Auditing path $.defaultInitContainers.waitForCassandra.enabled
[INFO] Auditing path $.defaultInitContainers.waitForCassandra.image
[INFO] Auditing path $.defaultInitContainers.waitForCassandra.image.debug
[INFO] Auditing path $.defaultInitContainers.waitForCassandra.image.pullPolicy
[INFO] Auditing path $.defaultInitContainers.waitForCassandra.image.pullSecrets
[INFO] Auditing path $.defaultInitContainers.waitForCassandra.image.registry
[INFO] Auditing path $.defaultInitContainers.waitForCassandra.image.repository
[INFO] Auditing path $.defaultInitContainers.waitForCassandra.image.tag
[INFO] Auditing path $.defaultInitContainers.waitForCassandra.resources
[INFO] Auditing path $.defaultInitContainers.waitForCassandra.resourcesPreset
[INFO] Auditing path $.defaultInitContainers
[INFO] Auditing path $.deploymentAnnotations
[INFO] Auditing path $.deploymentLabels
[INFO] Auditing path $.diagnosticMode.args
[INFO] Auditing path $.diagnosticMode.command
[INFO] Auditing path $.diagnosticMode.enabled
[INFO] Auditing path $.diagnosticMode
[INFO] Auditing path $.existingConfigmap
[INFO] Auditing path $.existingSecret
[INFO] Auditing path $.externalDatabase.cluster
[INFO] Auditing path $.externalDatabase.cluster.datacenter
[INFO] Auditing path $.externalDatabase.existingSecret
[INFO] Auditing path $.externalDatabase.existingSecretPasswordKey
[INFO] Auditing path $.externalDatabase.host
[INFO] Auditing path $.externalDatabase.keyspace
[INFO] Auditing path $.externalDatabase.password
[INFO] Auditing path $.externalDatabase.port
[INFO] Auditing path $.externalDatabase.user
[INFO] Auditing path $.externalDatabase
[INFO] Auditing path $.extraContainerPorts[*].containerPort
[INFO] Auditing path $.extraContainerPorts
[INFO] Auditing path $.extraDeploy[*]
[INFO] Auditing path $.extraDeploy
[INFO] Auditing path $.extraEnvVars
[INFO] Auditing path $.extraEnvVarsCM
[INFO] Auditing path $.extraEnvVarsSecret
[INFO] Auditing path $.extraVolumeMounts
[INFO] Auditing path $.extraVolumes
[INFO] Auditing path $.fullnameOverride
[INFO] Auditing path $.global.compatibility
[INFO] Auditing path $.global.compatibility.openshift
[INFO] Auditing path $.global.compatibility.openshift.adaptSecurityContext
[INFO] Auditing path $.global.defaultStorageClass
[INFO] Auditing path $.global.imagePullSecrets
[INFO] Auditing path $.global.imageRegistry
[INFO] Auditing path $.global.security
[INFO] Auditing path $.global.security.allowInsecureImages
[INFO] Auditing path $.global
[INFO] Auditing path $.hostAliases
[INFO] Auditing path $.image.debug
[INFO] Auditing path $.image.digest
[INFO] Auditing path $.image.pullPolicy
[INFO] Auditing path $.image.pullSecrets
[INFO] Auditing path $.image.registry
[INFO] Auditing path $.image.repository
[INFO] Auditing path $.image.tag
[INFO] Auditing path $.image
[INFO] Auditing path $.ingress.annotations
[INFO] Auditing path $.ingress.annotations["nginx.ingress.kubernetes.io/from-to-www-redirect"]
[INFO] Auditing path $.ingress.apiVersion
[INFO] Auditing path $.ingress.enabled
[INFO] Auditing path $.ingress.extraHosts
[INFO] Auditing path $.ingress.extraHosts[*].Values.tls.enabled
[INFO] Auditing path $.ingress.extraHosts[*].name
[INFO] Auditing path $.ingress.extraHosts[*].path
[INFO] Auditing path $.ingress.extraHosts[*].pathType
[INFO] Auditing path $.ingress.extraPaths
[INFO] Auditing path $.ingress.extraRules
[INFO] Auditing path $.ingress.extraTls
[INFO] Auditing path $.ingress.hostname
[INFO] Auditing path $.ingress.ingressClassName
[INFO] Auditing path $.ingress.path
[INFO] Auditing path $.ingress.pathType
[INFO] Auditing path $.ingress.secrets
[INFO] Auditing path $.ingress.secrets[*].certificate
[INFO] Auditing path $.ingress.secrets[*].key
[INFO] Auditing path $.ingress.secrets[*].name
[INFO] Auditing path $.ingress.selfSigned
[INFO] Auditing path $.ingress.tls
[INFO] Auditing path $.ingress.tlsWwwPrefix
[INFO] Auditing path $.ingress
[INFO] Auditing path $.initContainers
[INFO] Auditing path $.javaOpts
[INFO] Auditing path $.kubeVersion
[INFO] Auditing path $.lifecycleHooks
[INFO] Auditing path $.livenessProbe.enabled
[INFO] Auditing path $.livenessProbe.failureThreshold
[INFO] Auditing path $.livenessProbe.initialDelaySeconds
[INFO] Auditing path $.livenessProbe.periodSeconds
[INFO] Auditing path $.livenessProbe.successThreshold
[INFO] Auditing path $.livenessProbe.timeoutSeconds
[INFO] Auditing path $.livenessProbe
[INFO] Auditing path $.logLevel
[INFO] Auditing path $.metrics.annotations
[INFO] Auditing path $.metrics.enabled
[INFO] Auditing path $.metrics.serviceMonitor
[INFO] Auditing path $.metrics.serviceMonitor.annotations
[INFO] Auditing path $.metrics.serviceMonitor.enabled
[INFO] Auditing path $.metrics.serviceMonitor.honorLabels
[INFO] Auditing path $.metrics.serviceMonitor.interval
[INFO] Auditing path $.metrics.serviceMonitor.jobLabel
[INFO] Auditing path $.metrics.serviceMonitor.labels
[INFO] Auditing path $.metrics.serviceMonitor.metricRelabelings
[INFO] Auditing path $.metrics.serviceMonitor.namespace
[INFO] Auditing path $.metrics.serviceMonitor.relabelings
[INFO] Auditing path $.metrics.serviceMonitor.scrapeTimeout
[INFO] Auditing path $.metrics.serviceMonitor.selector
[INFO] Auditing path $.metrics
[INFO] Auditing path $.nameOverride
[INFO] Auditing path $.namespaceOverride
[INFO] Auditing path $.networkPolicy.allowExternal
[INFO] Auditing path $.networkPolicy.allowExternalEgress
[INFO] Auditing path $.networkPolicy.enabled
[INFO] Auditing path $.networkPolicy.extraEgress
[INFO] Auditing path $.networkPolicy.extraIngress
[INFO] Auditing path $.networkPolicy.ingressNSMatchLabels
[INFO] Auditing path $.networkPolicy.ingressNSMatchLabels[*]
[INFO] Auditing path $.networkPolicy.ingressNSPodMatchLabels
[INFO] Auditing path $.networkPolicy.ingressNSPodMatchLabels[*]
[INFO] Auditing path $.networkPolicy
[INFO] Auditing path $.nodeAffinityPreset.key
[INFO] Auditing path $.nodeAffinityPreset.type
[INFO] Auditing path $.nodeAffinityPreset.values
[INFO] Auditing path $.nodeAffinityPreset
[INFO] Auditing path $.nodeSelector
[INFO] Auditing path $.pdb.create
[INFO] Auditing path $.pdb.maxUnavailable
[INFO] Auditing path $.pdb.minAvailable
[INFO] Auditing path $.pdb
[INFO] Auditing path $.podAffinityPreset
[INFO] Auditing path $.podAnnotations
[INFO] Auditing path $.podAntiAffinityPreset
[INFO] Auditing path $.podLabels
[INFO] Auditing path $.podSecurityContext.enabled
[INFO] Auditing path $.podSecurityContext.fsGroup
[INFO] Auditing path $.podSecurityContext.fsGroupChangePolicy
[INFO] Auditing path $.podSecurityContext.supplementalGroups
[INFO] Auditing path $.podSecurityContext.sysctls
[INFO] Auditing path $.podSecurityContext
[INFO] Auditing path $.priorityClassName
[INFO] Auditing path $.readinessProbe.enabled
[INFO] Auditing path $.readinessProbe.failureThreshold
[INFO] Auditing path $.readinessProbe.initialDelaySeconds
[INFO] Auditing path $.readinessProbe.periodSeconds
[INFO] Auditing path $.readinessProbe.successThreshold
[INFO] Auditing path $.readinessProbe.timeoutSeconds
[INFO] Auditing path $.readinessProbe
[INFO] Auditing path $.replicaCount
[INFO] Auditing path $.resources
[INFO] Auditing path $.resourcesPreset
[INFO] Auditing path $.schedulerName
[INFO] Auditing path $.secretConfigOverrides
[INFO] Auditing path $.service.annotations
[INFO] Auditing path $.service.clusterIP
[INFO] Auditing path $.service.externalTrafficPolicy
[INFO] Auditing path $.service.extraPorts
[INFO] Auditing path $.service.loadBalancerIP
[INFO] Auditing path $.service.loadBalancerSourceRanges
[INFO] Auditing path $.service.nodePorts
[INFO] Auditing path $.service.nodePorts.http
[INFO] Auditing path $.service.ports
[INFO] Auditing path $.service.ports.http
[INFO] Auditing path $.service.sessionAffinity
[INFO] Auditing path $.service.sessionAffinityConfig
[INFO] Auditing path $.service.type
[INFO] Auditing path $.service
[INFO] Auditing path $.serviceAccount.annotations
[INFO] Auditing path $.serviceAccount.automountServiceAccountToken
[INFO] Auditing path $.serviceAccount.create
[INFO] Auditing path $.serviceAccount.name
[INFO] Auditing path $.serviceAccount
[INFO] Auditing path $.sidecars
[INFO] Auditing path $.startupProbe.enabled
[INFO] Auditing path $.startupProbe.failureThreshold
[INFO] Auditing path $.startupProbe.initialDelaySeconds
[INFO] Auditing path $.startupProbe.periodSeconds
[INFO] Auditing path $.startupProbe.successThreshold
[INFO] Auditing path $.startupProbe.timeoutSeconds
[INFO] Auditing path $.startupProbe
[INFO] Auditing path $.storageType
[INFO] Auditing path $.terminationGracePeriodSeconds
[INFO] Auditing path $.tls.autoGenerated
[INFO] Auditing path $.tls.autoGenerated.certManager
[INFO] Auditing path $.tls.autoGenerated.certManager.duration
[INFO] Auditing path $.tls.autoGenerated.certManager.existingIssuer
[INFO] Auditing path $.tls.autoGenerated.certManager.existingIssuerKind
[INFO] Auditing path $.tls.autoGenerated.certManager.keyAlgorithm
[INFO] Auditing path $.tls.autoGenerated.certManager.keySize
[INFO] Auditing path $.tls.autoGenerated.certManager.renewBefore
[INFO] Auditing path $.tls.autoGenerated.enabled
[INFO] Auditing path $.tls.autoGenerated.engine
[INFO] Auditing path $.tls.certFilename
[INFO] Auditing path $.tls.certKeyFilename
[INFO] Auditing path $.tls.enabled
[INFO] Auditing path $.tls.existingSecret
[INFO] Auditing path $.tls.keystoreFilename
[INFO] Auditing path $.tls.password
[INFO] Auditing path $.tls.passwordSecret
[INFO] Auditing path $.tls.usePemCerts
[INFO] Auditing path $.tls
[INFO] Auditing path $.tolerations
[INFO] Auditing path $.topologySpreadConstraints
[INFO] Auditing path $.updateStrategy.type
[INFO] Auditing path $.updateStrategy
[INFO] Auditing path $.usePasswordFiles
