[INFO] Auditing path $.apiVersions
[INFO] Auditing path $.clusterDomain
[INFO] Auditing path $.clusterName
[INFO] Auditing path $.commonAnnotations
[INFO] Auditing path $.commonLabels
[INFO] Auditing path $.config
[INFO] Auditing path $.containerPorts.restAPI
[INFO] Auditing path $.containerPorts.transport
[INFO] Auditing path $.containerPorts
[INFO] Auditing path $.coordinating.affinity
[INFO] Auditing path $.coordinating.annotations
[INFO] Auditing path $.coordinating.args
[INFO] Auditing path $.coordinating.automountServiceAccountToken
[INFO] Auditing path $.coordinating.autoscaling
[INFO] Auditing path $.coordinating.autoscaling.hpa
[INFO] Auditing path $.coordinating.autoscaling.hpa.enabled
[INFO] Auditing path $.coordinating.autoscaling.hpa.maxReplicas
[INFO] Auditing path $.coordinating.autoscaling.hpa.minReplicas
[INFO] Auditing path $.coordinating.autoscaling.hpa.targetCPU
[INFO] Auditing path $.coordinating.autoscaling.hpa.targetMemory
[INFO] Auditing path $.coordinating.autoscaling.vpa
[INFO] Auditing path $.coordinating.autoscaling.vpa.annotations
[INFO] Auditing path $.coordinating.autoscaling.vpa.controlledResources
[INFO] Auditing path $.coordinating.autoscaling.vpa.enabled
[INFO] Auditing path $.coordinating.autoscaling.vpa.maxAllowed
[INFO] Auditing path $.coordinating.autoscaling.vpa.minAllowed
[INFO] Auditing path $.coordinating.autoscaling.vpa.updatePolicy
[INFO] Auditing path $.coordinating.autoscaling.vpa.updatePolicy.updateMode
[INFO] Auditing path $.coordinating.command
[INFO] Auditing path $.coordinating.containerSecurityContext
[INFO] Auditing path $.coordinating.containerSecurityContext.allowPrivilegeEscalation
[INFO] Auditing path $.coordinating.containerSecurityContext.capabilities
[INFO] Auditing path $.coordinating.containerSecurityContext.capabilities.drop
[INFO] Auditing path $.coordinating.containerSecurityContext.enabled
[INFO] Auditing path $.coordinating.containerSecurityContext.privileged
[INFO] Auditing path $.coordinating.containerSecurityContext.readOnlyRootFilesystem
[INFO] Auditing path $.coordinating.containerSecurityContext.runAsGroup
[INFO] Auditing path $.coordinating.containerSecurityContext.runAsNonRoot
[INFO] Auditing path $.coordinating.containerSecurityContext.runAsUser
[INFO] Auditing path $.coordinating.containerSecurityContext.seLinuxOptions
[INFO] Auditing path $.coordinating.containerSecurityContext.seccompProfile
[INFO] Auditing path $.coordinating.containerSecurityContext.seccompProfile.type
[INFO] Auditing path $.coordinating.customLivenessProbe
[INFO] Auditing path $.coordinating.customReadinessProbe
[INFO] Auditing path $.coordinating.customStartupProbe
[INFO] Auditing path $.coordinating.extraEnvVars
[INFO] Auditing path $.coordinating.extraEnvVarsCM
[INFO] Auditing path $.coordinating.extraEnvVarsSecret
[INFO] Auditing path $.coordinating.extraRoles
[INFO] Auditing path $.coordinating.extraVolumeMounts
[INFO] Auditing path $.coordinating.extraVolumes
[INFO] Auditing path $.coordinating.fullnameOverride
[INFO] Auditing path $.coordinating.heapSize
[INFO] Auditing path $.coordinating.hostAliases
[INFO] Auditing path $.coordinating.initContainers
[INFO] Auditing path $.coordinating.lifecycleHooks
[INFO] Auditing path $.coordinating.livenessProbe
[INFO] Auditing path $.coordinating.livenessProbe.enabled
[INFO] Auditing path $.coordinating.livenessProbe.failureThreshold
[INFO] Auditing path $.coordinating.livenessProbe.initialDelaySeconds
[INFO] Auditing path $.coordinating.livenessProbe.periodSeconds
[INFO] Auditing path $.coordinating.livenessProbe.successThreshold
[INFO] Auditing path $.coordinating.livenessProbe.timeoutSeconds
[INFO] Auditing path $.coordinating.metrics
[INFO] Auditing path $.coordinating.metrics.enabled
[INFO] Auditing path $.coordinating.metrics.rules
[INFO] Auditing path $.coordinating.metrics.rules.additionalLabels
[INFO] Auditing path $.coordinating.metrics.rules.enabled
[INFO] Auditing path $.coordinating.metrics.rules.namespace
[INFO] Auditing path $.coordinating.metrics.rules.selector
[INFO] Auditing path $.coordinating.metrics.rules.spec
[INFO] Auditing path $.coordinating.metrics.service
[INFO] Auditing path $.coordinating.metrics.service.annotations
[INFO] Auditing path $.coordinating.metrics.service.clusterIP
[INFO] Auditing path $.coordinating.metrics.service.port
[INFO] Auditing path $.coordinating.metrics.service.ports
[INFO] Auditing path $.coordinating.metrics.service.ports.metrics
[INFO] Auditing path $.coordinating.metrics.serviceMonitor
[INFO] Auditing path $.coordinating.metrics.serviceMonitor.annotations
[INFO] Auditing path $.coordinating.metrics.serviceMonitor.enabled
[INFO] Auditing path $.coordinating.metrics.serviceMonitor.honorLabels
[INFO] Auditing path $.coordinating.metrics.serviceMonitor.interval
[INFO] Auditing path $.coordinating.metrics.serviceMonitor.jobLabel
[INFO] Auditing path $.coordinating.metrics.serviceMonitor.labels
[INFO] Auditing path $.coordinating.metrics.serviceMonitor.metricRelabelings
[INFO] Auditing path $.coordinating.metrics.serviceMonitor.namespace
[INFO] Auditing path $.coordinating.metrics.serviceMonitor.relabelings
[INFO] Auditing path $.coordinating.metrics.serviceMonitor.scrapeTimeout
[INFO] Auditing path $.coordinating.metrics.serviceMonitor.selector
[INFO] Auditing path $.coordinating.nameOverride
[INFO] Auditing path $.coordinating.networkPolicy
[INFO] Auditing path $.coordinating.networkPolicy.allowExternal
[INFO] Auditing path $.coordinating.networkPolicy.allowExternalEgress
[INFO] Auditing path $.coordinating.networkPolicy.enabled
[INFO] Auditing path $.coordinating.networkPolicy.extraEgress
[INFO] Auditing path $.coordinating.networkPolicy.extraIngress
[INFO] Auditing path $.coordinating.networkPolicy.ingressNSMatchLabels
[INFO] Auditing path $.coordinating.networkPolicy.ingressNSMatchLabels[*]
[INFO] Auditing path $.coordinating.networkPolicy.ingressNSPodMatchLabels
[INFO] Auditing path $.coordinating.networkPolicy.ingressNSPodMatchLabels[*]
[INFO] Auditing path $.coordinating.nodeAffinityPreset
[INFO] Auditing path $.coordinating.nodeAffinityPreset.key
[INFO] Auditing path $.coordinating.nodeAffinityPreset.type
[INFO] Auditing path $.coordinating.nodeAffinityPreset.values
[INFO] Auditing path $.coordinating.nodeSelector
[INFO] Auditing path $.coordinating.pdb
[INFO] Auditing path $.coordinating.pdb.create
[INFO] Auditing path $.coordinating.pdb.maxUnavailable
[INFO] Auditing path $.coordinating.pdb.minAvailable
[INFO] Auditing path $.coordinating.podAffinityPreset
[INFO] Auditing path $.coordinating.podAnnotations
[INFO] Auditing path $.coordinating.podAntiAffinityPreset
[INFO] Auditing path $.coordinating.podLabels
[INFO] Auditing path $.coordinating.podManagementPolicy
[INFO] Auditing path $.coordinating.podSecurityContext
[INFO] Auditing path $.coordinating.podSecurityContext.enabled
[INFO] Auditing path $.coordinating.podSecurityContext.fsGroup
[INFO] Auditing path $.coordinating.podSecurityContext.fsGroupChangePolicy
[INFO] Auditing path $.coordinating.podSecurityContext.supplementalGroups
[INFO] Auditing path $.coordinating.podSecurityContext.sysctls
[INFO] Auditing path $.coordinating.priorityClassName
[INFO] Auditing path $.coordinating.readinessProbe
[INFO] Auditing path $.coordinating.readinessProbe.enabled
[INFO] Auditing path $.coordinating.readinessProbe.failureThreshold
[INFO] Auditing path $.coordinating.readinessProbe.initialDelaySeconds
[INFO] Auditing path $.coordinating.readinessProbe.periodSeconds
[INFO] Auditing path $.coordinating.readinessProbe.successThreshold
[INFO] Auditing path $.coordinating.readinessProbe.timeoutSeconds
[INFO] Auditing path $.coordinating.replicaCount
[INFO] Auditing path $.coordinating.resources
[INFO] Auditing path $.coordinating.resourcesPreset
[INFO] Auditing path $.coordinating.schedulerName
[INFO] Auditing path $.coordinating.service
[INFO] Auditing path $.coordinating.service.headless
[INFO] Auditing path $.coordinating.service.headless.annotations
[INFO] Auditing path $.coordinating.service.headless.nameOverride
[INFO] Auditing path $.coordinating.service.headless.trafficDistribution
[INFO] Auditing path $.coordinating.serviceAccount
[INFO] Auditing path $.coordinating.serviceAccount.annotations
[INFO] Auditing path $.coordinating.serviceAccount.automountServiceAccountToken
[INFO] Auditing path $.coordinating.serviceAccount.create
[INFO] Auditing path $.coordinating.serviceAccount.name
[INFO] Auditing path $.coordinating.servicenameOverride
[INFO] Auditing path $.coordinating.sidecars
[INFO] Auditing path $.coordinating.startupProbe
[INFO] Auditing path $.coordinating.startupProbe.enabled
[INFO] Auditing path $.coordinating.startupProbe.failureThreshold
[INFO] Auditing path $.coordinating.startupProbe.initialDelaySeconds
[INFO] Auditing path $.coordinating.startupProbe.periodSeconds
[INFO] Auditing path $.coordinating.startupProbe.successThreshold
[INFO] Auditing path $.coordinating.startupProbe.timeoutSeconds
[INFO] Auditing path $.coordinating.terminationGracePeriodSeconds
[INFO] Auditing path $.coordinating.tolerations
[INFO] Auditing path $.coordinating.topologySpreadConstraints
[INFO] Auditing path $.coordinating.updateStrategy
[INFO] Auditing path $.coordinating.updateStrategy.type
[INFO] Auditing path $.coordinating
[INFO] Auditing path $.dashboards.affinity
[INFO] Auditing path $.dashboards.args
[INFO] Auditing path $.dashboards.automountServiceAccountToken
[INFO] Auditing path $.dashboards.autoscaling
[INFO] Auditing path $.dashboards.autoscaling.hpa
[INFO] Auditing path $.dashboards.autoscaling.hpa.enabled
[INFO] Auditing path $.dashboards.autoscaling.hpa.maxReplicas
[INFO] Auditing path $.dashboards.autoscaling.hpa.minReplicas
[INFO] Auditing path $.dashboards.autoscaling.hpa.targetCPU
[INFO] Auditing path $.dashboards.autoscaling.hpa.targetMemory
[INFO] Auditing path $.dashboards.autoscaling.vpa
[INFO] Auditing path $.dashboards.autoscaling.vpa.annotations
[INFO] Auditing path $.dashboards.autoscaling.vpa.controlledResources
[INFO] Auditing path $.dashboards.autoscaling.vpa.enabled
[INFO] Auditing path $.dashboards.autoscaling.vpa.maxAllowed
[INFO] Auditing path $.dashboards.autoscaling.vpa.minAllowed
[INFO] Auditing path $.dashboards.autoscaling.vpa.updatePolicy
[INFO] Auditing path $.dashboards.autoscaling.vpa.updatePolicy.updateMode
[INFO] Auditing path $.dashboards.command
[INFO] Auditing path $.dashboards.containerPorts
[INFO] Auditing path $.dashboards.containerPorts.http
[INFO] Auditing path $.dashboards.containerSecurityContext
[INFO] Auditing path $.dashboards.containerSecurityContext.allowPrivilegeEscalation
[INFO] Auditing path $.dashboards.containerSecurityContext.capabilities
[INFO] Auditing path $.dashboards.containerSecurityContext.capabilities.drop
[INFO] Auditing path $.dashboards.containerSecurityContext.enabled
[INFO] Auditing path $.dashboards.containerSecurityContext.privileged
[INFO] Auditing path $.dashboards.containerSecurityContext.readOnlyRootFilesystem
[INFO] Auditing path $.dashboards.containerSecurityContext.runAsGroup
[INFO] Auditing path $.dashboards.containerSecurityContext.runAsNonRoot
[INFO] Auditing path $.dashboards.containerSecurityContext.runAsUser
[INFO] Auditing path $.dashboards.containerSecurityContext.seLinuxOptions
[INFO] Auditing path $.dashboards.containerSecurityContext.seccompProfile
[INFO] Auditing path $.dashboards.containerSecurityContext.seccompProfile.type
[INFO] Auditing path $.dashboards.customLivenessProbe
[INFO] Auditing path $.dashboards.customReadinessProbe
[INFO] Auditing path $.dashboards.customStartupProbe
[INFO] Auditing path $.dashboards.enabled
[INFO] Auditing path $.dashboards.extraEnvVars
[INFO] Auditing path $.dashboards.extraEnvVarsCM
[INFO] Auditing path $.dashboards.extraEnvVarsSecret
[INFO] Auditing path $.dashboards.extraVolumeMounts
[INFO] Auditing path $.dashboards.extraVolumes
[INFO] Auditing path $.dashboards.fullnameOverride
[INFO] Auditing path $.dashboards.heapSize
[INFO] Auditing path $.dashboards.hostAliases
[INFO] Auditing path $.dashboards.image
[INFO] Auditing path $.dashboards.image.debug
[INFO] Auditing path $.dashboards.image.digest
[INFO] Auditing path $.dashboards.image.pullPolicy
[INFO] Auditing path $.dashboards.image.pullSecrets
[INFO] Auditing path $.dashboards.image.registry
[INFO] Auditing path $.dashboards.image.repository
[INFO] Auditing path $.dashboards.image.tag
[INFO] Auditing path $.dashboards.ingress
[INFO] Auditing path $.dashboards.ingress.annotations
[INFO] Auditing path $.dashboards.ingress.apiVersion
[INFO] Auditing path $.dashboards.ingress.enabled
[INFO] Auditing path $.dashboards.ingress.extraHosts
[INFO] Auditing path $.dashboards.ingress.extraHosts[*].name
[INFO] Auditing path $.dashboards.ingress.extraHosts[*].path
[INFO] Auditing path $.dashboards.ingress.extraHosts[*].pathType
[INFO] Auditing path $.dashboards.ingress.extraPaths
[INFO] Auditing path $.dashboards.ingress.extraRules
[INFO] Auditing path $.dashboards.ingress.extraTls
[INFO] Auditing path $.dashboards.ingress.hostname
[INFO] Auditing path $.dashboards.ingress.ingressClassName
[INFO] Auditing path $.dashboards.ingress.path
[INFO] Auditing path $.dashboards.ingress.pathType
[INFO] Auditing path $.dashboards.ingress.secrets
[INFO] Auditing path $.dashboards.ingress.secrets[*].certificate
[INFO] Auditing path $.dashboards.ingress.secrets[*].key
[INFO] Auditing path $.dashboards.ingress.secrets[*].name
[INFO] Auditing path $.dashboards.ingress.selfSigned
[INFO] Auditing path $.dashboards.ingress.tls
[INFO] Auditing path $.dashboards.initContainers
[INFO] Auditing path $.dashboards.lifecycleHooks
[INFO] Auditing path $.dashboards.livenessProbe
[INFO] Auditing path $.dashboards.livenessProbe.enabled
[INFO] Auditing path $.dashboards.livenessProbe.failureThreshold
[INFO] Auditing path $.dashboards.livenessProbe.initialDelaySeconds
[INFO] Auditing path $.dashboards.livenessProbe.periodSeconds
[INFO] Auditing path $.dashboards.livenessProbe.successThreshold
[INFO] Auditing path $.dashboards.livenessProbe.timeoutSeconds
[INFO] Auditing path $.dashboards.nameOverride
[INFO] Auditing path $.dashboards.networkPolicy
[INFO] Auditing path $.dashboards.networkPolicy.allowExternal
[INFO] Auditing path $.dashboards.networkPolicy.allowExternalEgress
[INFO] Auditing path $.dashboards.networkPolicy.enabled
[INFO] Auditing path $.dashboards.networkPolicy.extraEgress
[INFO] Auditing path $.dashboards.networkPolicy.extraIngress
[INFO] Auditing path $.dashboards.networkPolicy.ingressNSMatchLabels
[INFO] Auditing path $.dashboards.networkPolicy.ingressNSMatchLabels[*]
[INFO] Auditing path $.dashboards.networkPolicy.ingressNSPodMatchLabels
[INFO] Auditing path $.dashboards.networkPolicy.ingressNSPodMatchLabels[*]
[INFO] Auditing path $.dashboards.nodeAffinityPreset
[INFO] Auditing path $.dashboards.nodeAffinityPreset.key
[INFO] Auditing path $.dashboards.nodeAffinityPreset.type
[INFO] Auditing path $.dashboards.nodeAffinityPreset.values
[INFO] Auditing path $.dashboards.nodeSelector
[INFO] Auditing path $.dashboards.password
[INFO] Auditing path $.dashboards.pdb
[INFO] Auditing path $.dashboards.pdb.create
[INFO] Auditing path $.dashboards.pdb.maxUnavailable
[INFO] Auditing path $.dashboards.pdb.minAvailable
[INFO] Auditing path $.dashboards.persistence
[INFO] Auditing path $.dashboards.persistence.accessModes
[INFO] Auditing path $.dashboards.persistence.accessModes[*]
[INFO] Auditing path $.dashboards.persistence.annotations
[INFO] Auditing path $.dashboards.persistence.dataSource
[INFO] Auditing path $.dashboards.persistence.enabled
[INFO] Auditing path $.dashboards.persistence.existingClaim
[INFO] Auditing path $.dashboards.persistence.labels
[INFO] Auditing path $.dashboards.persistence.mountPath
[INFO] Auditing path $.dashboards.persistence.selector
[INFO] Auditing path $.dashboards.persistence.size
[INFO] Auditing path $.dashboards.persistence.storageClass
[INFO] Auditing path $.dashboards.persistence.subPath
[INFO] Auditing path $.dashboards.podAffinityPreset
[INFO] Auditing path $.dashboards.podAnnotations
[INFO] Auditing path $.dashboards.podAntiAffinityPreset
[INFO] Auditing path $.dashboards.podLabels
[INFO] Auditing path $.dashboards.podSecurityContext
[INFO] Auditing path $.dashboards.podSecurityContext.enabled
[INFO] Auditing path $.dashboards.podSecurityContext.fsGroup
[INFO] Auditing path $.dashboards.podSecurityContext.fsGroupChangePolicy
[INFO] Auditing path $.dashboards.podSecurityContext.supplementalGroups
[INFO] Auditing path $.dashboards.podSecurityContext.sysctls
[INFO] Auditing path $.dashboards.priorityClassName
[INFO] Auditing path $.dashboards.readinessProbe
[INFO] Auditing path $.dashboards.readinessProbe.enabled
[INFO] Auditing path $.dashboards.readinessProbe.failureThreshold
[INFO] Auditing path $.dashboards.readinessProbe.initialDelaySeconds
[INFO] Auditing path $.dashboards.readinessProbe.periodSeconds
[INFO] Auditing path $.dashboards.readinessProbe.successThreshold
[INFO] Auditing path $.dashboards.readinessProbe.timeoutSeconds
[INFO] Auditing path $.dashboards.replicaCount
[INFO] Auditing path $.dashboards.resources
[INFO] Auditing path $.dashboards.resourcesPreset
[INFO] Auditing path $.dashboards.schedulerName
[INFO] Auditing path $.dashboards.service
[INFO] Auditing path $.dashboards.service.annotations
[INFO] Auditing path $.dashboards.service.clusterIP
[INFO] Auditing path $.dashboards.service.externalTrafficPolicy
[INFO] Auditing path $.dashboards.service.extraPorts
[INFO] Auditing path $.dashboards.service.loadBalancerIP
[INFO] Auditing path $.dashboards.service.loadBalancerSourceRanges
[INFO] Auditing path $.dashboards.service.nameOverride
[INFO] Auditing path $.dashboards.service.nodePorts
[INFO] Auditing path $.dashboards.service.nodePorts.http
[INFO] Auditing path $.dashboards.service.ports
[INFO] Auditing path $.dashboards.service.ports.http
[INFO] Auditing path $.dashboards.service.sessionAffinity
[INFO] Auditing path $.dashboards.service.sessionAffinityConfig
[INFO] Auditing path $.dashboards.service.type
[INFO] Auditing path $.dashboards.serviceAccount
[INFO] Auditing path $.dashboards.serviceAccount.annotations
[INFO] Auditing path $.dashboards.serviceAccount.automountServiceAccountToken
[INFO] Auditing path $.dashboards.serviceAccount.create
[INFO] Auditing path $.dashboards.serviceAccount.name
[INFO] Auditing path $.dashboards.servicenameOverride
[INFO] Auditing path $.dashboards.sidecars
[INFO] Auditing path $.dashboards.startupProbe
[INFO] Auditing path $.dashboards.startupProbe.enabled
[INFO] Auditing path $.dashboards.startupProbe.failureThreshold
[INFO] Auditing path $.dashboards.startupProbe.initialDelaySeconds
[INFO] Auditing path $.dashboards.startupProbe.periodSeconds
[INFO] Auditing path $.dashboards.startupProbe.successThreshold
[INFO] Auditing path $.dashboards.startupProbe.timeoutSeconds
[INFO] Auditing path $.dashboards.terminationGracePeriodSeconds
[INFO] Auditing path $.dashboards.tls
[INFO] Auditing path $.dashboards.tls.autoGenerated
[INFO] Auditing path $.dashboards.tls.enabled
[INFO] Auditing path $.dashboards.tls.existingSecret
[INFO] Auditing path $.dashboards.tolerations
[INFO] Auditing path $.dashboards.topologySpreadConstraints
[INFO] Auditing path $.dashboards.updateStrategy
[INFO] Auditing path $.dashboards.updateStrategy.type
[INFO] Auditing path $.dashboards
[INFO] Auditing path $.data.affinity
[INFO] Auditing path $.data.annotations
[INFO] Auditing path $.data.args
[INFO] Auditing path $.data.automountServiceAccountToken
[INFO] Auditing path $.data.autoscaling
[INFO] Auditing path $.data.autoscaling.hpa
[INFO] Auditing path $.data.autoscaling.hpa.enabled
[INFO] Auditing path $.data.autoscaling.hpa.maxReplicas
[INFO] Auditing path $.data.autoscaling.hpa.minReplicas
[INFO] Auditing path $.data.autoscaling.hpa.targetCPU
[INFO] Auditing path $.data.autoscaling.hpa.targetMemory
[INFO] Auditing path $.data.autoscaling.vpa
[INFO] Auditing path $.data.autoscaling.vpa.annotations
[INFO] Auditing path $.data.autoscaling.vpa.controlledResources
[INFO] Auditing path $.data.autoscaling.vpa.enabled
[INFO] Auditing path $.data.autoscaling.vpa.maxAllowed
[INFO] Auditing path $.data.autoscaling.vpa.minAllowed
[INFO] Auditing path $.data.autoscaling.vpa.updatePolicy
[INFO] Auditing path $.data.autoscaling.vpa.updatePolicy.updateMode
[INFO] Auditing path $.data.command
[INFO] Auditing path $.data.containerSecurityContext
[INFO] Auditing path $.data.containerSecurityContext.allowPrivilegeEscalation
[INFO] Auditing path $.data.containerSecurityContext.capabilities
[INFO] Auditing path $.data.containerSecurityContext.capabilities.drop
[INFO] Auditing path $.data.containerSecurityContext.enabled
[INFO] Auditing path $.data.containerSecurityContext.privileged
[INFO] Auditing path $.data.containerSecurityContext.readOnlyRootFilesystem
[INFO] Auditing path $.data.containerSecurityContext.runAsGroup
[INFO] Auditing path $.data.containerSecurityContext.runAsNonRoot
[INFO] Auditing path $.data.containerSecurityContext.runAsUser
[INFO] Auditing path $.data.containerSecurityContext.seLinuxOptions
[INFO] Auditing path $.data.containerSecurityContext.seccompProfile
[INFO] Auditing path $.data.containerSecurityContext.seccompProfile.type
[INFO] Auditing path $.data.customLivenessProbe
[INFO] Auditing path $.data.customReadinessProbe
[INFO] Auditing path $.data.customStartupProbe
[INFO] Auditing path $.data.extraEnvVars
[INFO] Auditing path $.data.extraEnvVarsCM
[INFO] Auditing path $.data.extraEnvVarsSecret
[INFO] Auditing path $.data.extraRoles
[INFO] Auditing path $.data.extraVolumeMounts
[INFO] Auditing path $.data.extraVolumes
[INFO] Auditing path $.data.fullnameOverride
[INFO] Auditing path $.data.heapSize
[INFO] Auditing path $.data.hostAliases
[INFO] Auditing path $.data.initContainers
[INFO] Auditing path $.data.lifecycleHooks
[INFO] Auditing path $.data.livenessProbe
[INFO] Auditing path $.data.livenessProbe.enabled
[INFO] Auditing path $.data.livenessProbe.failureThreshold
[INFO] Auditing path $.data.livenessProbe.initialDelaySeconds
[INFO] Auditing path $.data.livenessProbe.periodSeconds
[INFO] Auditing path $.data.livenessProbe.successThreshold
[INFO] Auditing path $.data.livenessProbe.timeoutSeconds
[INFO] Auditing path $.data.metrics
[INFO] Auditing path $.data.metrics.enabled
[INFO] Auditing path $.data.metrics.rules
[INFO] Auditing path $.data.metrics.rules.additionalLabels
[INFO] Auditing path $.data.metrics.rules.enabled
[INFO] Auditing path $.data.metrics.rules.namespace
[INFO] Auditing path $.data.metrics.rules.selector
[INFO] Auditing path $.data.metrics.rules.spec
[INFO] Auditing path $.data.metrics.service
[INFO] Auditing path $.data.metrics.service.annotations
[INFO] Auditing path $.data.metrics.service.clusterIP
[INFO] Auditing path $.data.metrics.service.port
[INFO] Auditing path $.data.metrics.service.ports
[INFO] Auditing path $.data.metrics.service.ports.metrics
[INFO] Auditing path $.data.metrics.serviceMonitor
[INFO] Auditing path $.data.metrics.serviceMonitor.annotations
[INFO] Auditing path $.data.metrics.serviceMonitor.enabled
[INFO] Auditing path $.data.metrics.serviceMonitor.honorLabels
[INFO] Auditing path $.data.metrics.serviceMonitor.interval
[INFO] Auditing path $.data.metrics.serviceMonitor.jobLabel
[INFO] Auditing path $.data.metrics.serviceMonitor.labels
[INFO] Auditing path $.data.metrics.serviceMonitor.metricRelabelings
[INFO] Auditing path $.data.metrics.serviceMonitor.namespace
[INFO] Auditing path $.data.metrics.serviceMonitor.relabelings
[INFO] Auditing path $.data.metrics.serviceMonitor.scrapeTimeout
[INFO] Auditing path $.data.metrics.serviceMonitor.selector
[INFO] Auditing path $.data.nameOverride
[INFO] Auditing path $.data.networkPolicy
[INFO] Auditing path $.data.networkPolicy.allowExternal
[INFO] Auditing path $.data.networkPolicy.allowExternalEgress
[INFO] Auditing path $.data.networkPolicy.enabled
[INFO] Auditing path $.data.networkPolicy.extraEgress
[INFO] Auditing path $.data.networkPolicy.extraIngress
[INFO] Auditing path $.data.networkPolicy.ingressNSMatchLabels
[INFO] Auditing path $.data.networkPolicy.ingressNSMatchLabels[*]
[INFO] Auditing path $.data.networkPolicy.ingressNSPodMatchLabels
[INFO] Auditing path $.data.networkPolicy.ingressNSPodMatchLabels[*]
[INFO] Auditing path $.data.nodeAffinityPreset
[INFO] Auditing path $.data.nodeAffinityPreset.key
[INFO] Auditing path $.data.nodeAffinityPreset.type
[INFO] Auditing path $.data.nodeAffinityPreset.values
[INFO] Auditing path $.data.nodeSelector
[INFO] Auditing path $.data.pdb
[INFO] Auditing path $.data.pdb.create
[INFO] Auditing path $.data.pdb.maxUnavailable
[INFO] Auditing path $.data.pdb.minAvailable
[INFO] Auditing path $.data.persistence
[INFO] Auditing path $.data.persistence.accessModes
[INFO] Auditing path $.data.persistence.annotations
[INFO] Auditing path $.data.persistence.enabled
[INFO] Auditing path $.data.persistence.existingClaim
[INFO] Auditing path $.data.persistence.existingVolume
[INFO] Auditing path $.data.persistence.selector
[INFO] Auditing path $.data.persistence.size
[INFO] Auditing path $.data.persistence.storageClass
[INFO] Auditing path $.data.podAffinityPreset
[INFO] Auditing path $.data.podAnnotations
[INFO] Auditing path $.data.podAntiAffinityPreset
[INFO] Auditing path $.data.podLabels
[INFO] Auditing path $.data.podManagementPolicy
[INFO] Auditing path $.data.podSecurityContext
[INFO] Auditing path $.data.podSecurityContext.enabled
[INFO] Auditing path $.data.podSecurityContext.fsGroup
[INFO] Auditing path $.data.podSecurityContext.fsGroupChangePolicy
[INFO] Auditing path $.data.podSecurityContext.supplementalGroups
[INFO] Auditing path $.data.podSecurityContext.sysctls
[INFO] Auditing path $.data.priorityClassName
[INFO] Auditing path $.data.readinessProbe
[INFO] Auditing path $.data.readinessProbe.enabled
[INFO] Auditing path $.data.readinessProbe.failureThreshold
[INFO] Auditing path $.data.readinessProbe.initialDelaySeconds
[INFO] Auditing path $.data.readinessProbe.periodSeconds
[INFO] Auditing path $.data.readinessProbe.successThreshold
[INFO] Auditing path $.data.readinessProbe.timeoutSeconds
[INFO] Auditing path $.data.replicaCount
[INFO] Auditing path $.data.resources
[INFO] Auditing path $.data.resourcesPreset
[INFO] Auditing path $.data.schedulerName
[INFO] Auditing path $.data.service
[INFO] Auditing path $.data.service.headless
[INFO] Auditing path $.data.service.headless.annotations
[INFO] Auditing path $.data.service.headless.nameOverride
[INFO] Auditing path $.data.service.headless.trafficDistribution
[INFO] Auditing path $.data.serviceAccount
[INFO] Auditing path $.data.serviceAccount.annotations
[INFO] Auditing path $.data.serviceAccount.automountServiceAccountToken
[INFO] Auditing path $.data.serviceAccount.create
[INFO] Auditing path $.data.serviceAccount.name
[INFO] Auditing path $.data.servicenameOverride
[INFO] Auditing path $.data.sidecars
[INFO] Auditing path $.data.startupProbe
[INFO] Auditing path $.data.startupProbe.enabled
[INFO] Auditing path $.data.startupProbe.failureThreshold
[INFO] Auditing path $.data.startupProbe.initialDelaySeconds
[INFO] Auditing path $.data.startupProbe.periodSeconds
[INFO] Auditing path $.data.startupProbe.successThreshold
[INFO] Auditing path $.data.startupProbe.timeoutSeconds
[INFO] Auditing path $.data.terminationGracePeriodSeconds
[INFO] Auditing path $.data.tolerations
[INFO] Auditing path $.data.topologySpreadConstraints
[INFO] Auditing path $.data.updateStrategy
[INFO] Auditing path $.data.updateStrategy.type
[INFO] Auditing path $.data
[INFO] Auditing path $.diagnosticMode.args
[INFO] Auditing path $.diagnosticMode.command
[INFO] Auditing path $.diagnosticMode.enabled
[INFO] Auditing path $.diagnosticMode
[INFO] Auditing path $.extraConfig
[INFO] Auditing path $.extraDeploy[*]
[INFO] Auditing path $.extraDeploy
[INFO] Auditing path $.extraEnvVars
[INFO] Auditing path $.extraEnvVarsCM
[INFO] Auditing path $.extraEnvVarsSecret
[INFO] Auditing path $.extraHosts
[INFO] Auditing path $.extraVolumeMounts
[INFO] Auditing path $.extraVolumes
[INFO] Auditing path $.fullnameOverride
[INFO] Auditing path $.global.compatibility
[INFO] Auditing path $.global.compatibility.openshift
[INFO] Auditing path $.global.compatibility.openshift.adaptSecurityContext
[INFO] Auditing path $.global.defaultStorageClass
[INFO] Auditing path $.global.imagePullSecrets
[INFO] Auditing path $.global.imageRegistry
[INFO] Auditing path $.global.security
[INFO] Auditing path $.global.security.allowInsecureImages
[INFO] Auditing path $.global.storageClass
[INFO] Auditing path $.global
[INFO] Auditing path $.image.debug
[INFO] Auditing path $.image.digest
[INFO] Auditing path $.image.pullPolicy
[INFO] Auditing path $.image.pullSecrets
[INFO] Auditing path $.image.registry
[INFO] Auditing path $.image.repository
[INFO] Auditing path $.image.tag
[INFO] Auditing path $.image
[INFO] Auditing path $.ingest.affinity
[INFO] Auditing path $.ingest.annotations
[INFO] Auditing path $.ingest.args
[INFO] Auditing path $.ingest.automountServiceAccountToken
[INFO] Auditing path $.ingest.autoscaling
[INFO] Auditing path $.ingest.autoscaling.hpa
[INFO] Auditing path $.ingest.autoscaling.hpa.enabled
[INFO] Auditing path $.ingest.autoscaling.hpa.maxReplicas
[INFO] Auditing path $.ingest.autoscaling.hpa.minReplicas
[INFO] Auditing path $.ingest.autoscaling.hpa.targetCPU
[INFO] Auditing path $.ingest.autoscaling.hpa.targetMemory
[INFO] Auditing path $.ingest.autoscaling.vpa
[INFO] Auditing path $.ingest.autoscaling.vpa.annotations
[INFO] Auditing path $.ingest.autoscaling.vpa.controlledResources
[INFO] Auditing path $.ingest.autoscaling.vpa.enabled
[INFO] Auditing path $.ingest.autoscaling.vpa.maxAllowed
[INFO] Auditing path $.ingest.autoscaling.vpa.minAllowed
[INFO] Auditing path $.ingest.autoscaling.vpa.updatePolicy
[INFO] Auditing path $.ingest.autoscaling.vpa.updatePolicy.updateMode
[INFO] Auditing path $.ingest.command
[INFO] Auditing path $.ingest.containerSecurityContext
[INFO] Auditing path $.ingest.containerSecurityContext.allowPrivilegeEscalation
[INFO] Auditing path $.ingest.containerSecurityContext.capabilities
[INFO] Auditing path $.ingest.containerSecurityContext.capabilities.drop
[INFO] Auditing path $.ingest.containerSecurityContext.enabled
[INFO] Auditing path $.ingest.containerSecurityContext.privileged
[INFO] Auditing path $.ingest.containerSecurityContext.readOnlyRootFilesystem
[INFO] Auditing path $.ingest.containerSecurityContext.runAsGroup
[INFO] Auditing path $.ingest.containerSecurityContext.runAsNonRoot
[INFO] Auditing path $.ingest.containerSecurityContext.runAsUser
[INFO] Auditing path $.ingest.containerSecurityContext.seLinuxOptions
[INFO] Auditing path $.ingest.containerSecurityContext.seccompProfile
[INFO] Auditing path $.ingest.containerSecurityContext.seccompProfile.type
[INFO] Auditing path $.ingest.customLivenessProbe
[INFO] Auditing path $.ingest.customReadinessProbe
[INFO] Auditing path $.ingest.customStartupProbe
[INFO] Auditing path $.ingest.enabled
[INFO] Auditing path $.ingest.extraEnvVars
[INFO] Auditing path $.ingest.extraEnvVarsCM
[INFO] Auditing path $.ingest.extraEnvVarsSecret
[INFO] Auditing path $.ingest.extraRoles
[INFO] Auditing path $.ingest.extraVolumeMounts
[INFO] Auditing path $.ingest.extraVolumes
[INFO] Auditing path $.ingest.fullnameOverride
[INFO] Auditing path $.ingest.heapSize
[INFO] Auditing path $.ingest.hostAliases
[INFO] Auditing path $.ingest.ingress
[INFO] Auditing path $.ingest.ingress.annotations
[INFO] Auditing path $.ingest.ingress.apiVersion
[INFO] Auditing path $.ingest.ingress.enabled
[INFO] Auditing path $.ingest.ingress.extraHosts
[INFO] Auditing path $.ingest.ingress.extraHosts[*].name
[INFO] Auditing path $.ingest.ingress.extraHosts[*].path
[INFO] Auditing path $.ingest.ingress.extraHosts[*].pathType
[INFO] Auditing path $.ingest.ingress.extraPaths
[INFO] Auditing path $.ingest.ingress.extraRules
[INFO] Auditing path $.ingest.ingress.extraTls
[INFO] Auditing path $.ingest.ingress.hostname
[INFO] Auditing path $.ingest.ingress.ingressClassName
[INFO] Auditing path $.ingest.ingress.path
[INFO] Auditing path $.ingest.ingress.pathType
[INFO] Auditing path $.ingest.ingress.secrets
[INFO] Auditing path $.ingest.ingress.secrets[*].certificate
[INFO] Auditing path $.ingest.ingress.secrets[*].key
[INFO] Auditing path $.ingest.ingress.secrets[*].name
[INFO] Auditing path $.ingest.ingress.selfSigned
[INFO] Auditing path $.ingest.ingress.tls
[INFO] Auditing path $.ingest.initContainers
[INFO] Auditing path $.ingest.lifecycleHooks
[INFO] Auditing path $.ingest.livenessProbe
[INFO] Auditing path $.ingest.livenessProbe.enabled
[INFO] Auditing path $.ingest.livenessProbe.failureThreshold
[INFO] Auditing path $.ingest.livenessProbe.initialDelaySeconds
[INFO] Auditing path $.ingest.livenessProbe.periodSeconds
[INFO] Auditing path $.ingest.livenessProbe.successThreshold
[INFO] Auditing path $.ingest.livenessProbe.timeoutSeconds
[INFO] Auditing path $.ingest.metrics
[INFO] Auditing path $.ingest.metrics.enabled
[INFO] Auditing path $.ingest.metrics.rules
[INFO] Auditing path $.ingest.metrics.rules.additionalLabels
[INFO] Auditing path $.ingest.metrics.rules.enabled
[INFO] Auditing path $.ingest.metrics.rules.namespace
[INFO] Auditing path $.ingest.metrics.rules.selector
[INFO] Auditing path $.ingest.metrics.rules.spec
[INFO] Auditing path $.ingest.metrics.service
[INFO] Auditing path $.ingest.metrics.service.annotations
[INFO] Auditing path $.ingest.metrics.service.clusterIP
[INFO] Auditing path $.ingest.metrics.service.port
[INFO] Auditing path $.ingest.metrics.service.ports
[INFO] Auditing path $.ingest.metrics.service.ports.metrics
[INFO] Auditing path $.ingest.metrics.serviceMonitor
[INFO] Auditing path $.ingest.metrics.serviceMonitor.annotations
[INFO] Auditing path $.ingest.metrics.serviceMonitor.enabled
[INFO] Auditing path $.ingest.metrics.serviceMonitor.honorLabels
[INFO] Auditing path $.ingest.metrics.serviceMonitor.interval
[INFO] Auditing path $.ingest.metrics.serviceMonitor.jobLabel
[INFO] Auditing path $.ingest.metrics.serviceMonitor.labels
[INFO] Auditing path $.ingest.metrics.serviceMonitor.metricRelabelings
[INFO] Auditing path $.ingest.metrics.serviceMonitor.namespace
[INFO] Auditing path $.ingest.metrics.serviceMonitor.relabelings
[INFO] Auditing path $.ingest.metrics.serviceMonitor.scrapeTimeout
[INFO] Auditing path $.ingest.metrics.serviceMonitor.selector
[INFO] Auditing path $.ingest.nameOverride
[INFO] Auditing path $.ingest.networkPolicy
[INFO] Auditing path $.ingest.networkPolicy.allowExternal
[INFO] Auditing path $.ingest.networkPolicy.allowExternalEgress
[INFO] Auditing path $.ingest.networkPolicy.enabled
[INFO] Auditing path $.ingest.networkPolicy.extraEgress
[INFO] Auditing path $.ingest.networkPolicy.extraIngress
[INFO] Auditing path $.ingest.networkPolicy.ingressNSMatchLabels
[INFO] Auditing path $.ingest.networkPolicy.ingressNSMatchLabels[*]
[INFO] Auditing path $.ingest.networkPolicy.ingressNSPodMatchLabels
[INFO] Auditing path $.ingest.networkPolicy.ingressNSPodMatchLabels[*]
[INFO] Auditing path $.ingest.nodeAffinityPreset
[INFO] Auditing path $.ingest.nodeAffinityPreset.key
[INFO] Auditing path $.ingest.nodeAffinityPreset.type
[INFO] Auditing path $.ingest.nodeAffinityPreset.values
[INFO] Auditing path $.ingest.nodeSelector
[INFO] Auditing path $.ingest.pdb
[INFO] Auditing path $.ingest.pdb.create
[INFO] Auditing path $.ingest.pdb.maxUnavailable
[INFO] Auditing path $.ingest.pdb.minAvailable
[INFO] Auditing path $.ingest.podAffinityPreset
[INFO] Auditing path $.ingest.podAnnotations
[INFO] Auditing path $.ingest.podAntiAffinityPreset
[INFO] Auditing path $.ingest.podLabels
[INFO] Auditing path $.ingest.podManagementPolicy
[INFO] Auditing path $.ingest.podSecurityContext
[INFO] Auditing path $.ingest.podSecurityContext.enabled
[INFO] Auditing path $.ingest.podSecurityContext.fsGroup
[INFO] Auditing path $.ingest.podSecurityContext.fsGroupChangePolicy
[INFO] Auditing path $.ingest.podSecurityContext.supplementalGroups
[INFO] Auditing path $.ingest.podSecurityContext.sysctls
[INFO] Auditing path $.ingest.priorityClassName
[INFO] Auditing path $.ingest.readinessProbe
[INFO] Auditing path $.ingest.readinessProbe.enabled
[INFO] Auditing path $.ingest.readinessProbe.failureThreshold
[INFO] Auditing path $.ingest.readinessProbe.initialDelaySeconds
[INFO] Auditing path $.ingest.readinessProbe.periodSeconds
[INFO] Auditing path $.ingest.readinessProbe.successThreshold
[INFO] Auditing path $.ingest.readinessProbe.timeoutSeconds
[INFO] Auditing path $.ingest.replicaCount
[INFO] Auditing path $.ingest.resources
[INFO] Auditing path $.ingest.resourcesPreset
[INFO] Auditing path $.ingest.schedulerName
[INFO] Auditing path $.ingest.service
[INFO] Auditing path $.ingest.service.annotations
[INFO] Auditing path $.ingest.service.clusterIP
[INFO] Auditing path $.ingest.service.enabled
[INFO] Auditing path $.ingest.service.externalTrafficPolicy
[INFO] Auditing path $.ingest.service.extraPorts
[INFO] Auditing path $.ingest.service.headless
[INFO] Auditing path $.ingest.service.headless.annotations
[INFO] Auditing path $.ingest.service.headless.nameOverride
[INFO] Auditing path $.ingest.service.headless.trafficDistribution
[INFO] Auditing path $.ingest.service.loadBalancerIP
[INFO] Auditing path $.ingest.service.loadBalancerSourceRanges
[INFO] Auditing path $.ingest.service.nodePorts
[INFO] Auditing path $.ingest.service.nodePorts.restAPI
[INFO] Auditing path $.ingest.service.nodePorts.transport
[INFO] Auditing path $.ingest.service.ports
[INFO] Auditing path $.ingest.service.ports.restAPI
[INFO] Auditing path $.ingest.service.ports.transport
[INFO] Auditing path $.ingest.service.sessionAffinity
[INFO] Auditing path $.ingest.service.sessionAffinityConfig
[INFO] Auditing path $.ingest.service.type
[INFO] Auditing path $.ingest.serviceAccount
[INFO] Auditing path $.ingest.serviceAccount.annotations
[INFO] Auditing path $.ingest.serviceAccount.automountServiceAccountToken
[INFO] Auditing path $.ingest.serviceAccount.create
[INFO] Auditing path $.ingest.serviceAccount.name
[INFO] Auditing path $.ingest.servicenameOverride
[INFO] Auditing path $.ingest.sidecars
[INFO] Auditing path $.ingest.startupProbe
[INFO] Auditing path $.ingest.startupProbe.enabled
[INFO] Auditing path $.ingest.startupProbe.failureThreshold
[INFO] Auditing path $.ingest.startupProbe.initialDelaySeconds
[INFO] Auditing path $.ingest.startupProbe.periodSeconds
[INFO] Auditing path $.ingest.startupProbe.successThreshold
[INFO] Auditing path $.ingest.startupProbe.timeoutSeconds
[INFO] Auditing path $.ingest.terminationGracePeriodSeconds
[INFO] Auditing path $.ingest.tolerations
[INFO] Auditing path $.ingest.topologySpreadConstraints
[INFO] Auditing path $.ingest.updateStrategy
[INFO] Auditing path $.ingest.updateStrategy.type
[INFO] Auditing path $.ingest
[INFO] Auditing path $.ingress.annotations
[INFO] Auditing path $.ingress.apiVersion
[INFO] Auditing path $.ingress.enabled
[INFO] Auditing path $.ingress.extraHosts
[INFO] Auditing path $.ingress.extraHosts[*].name
[INFO] Auditing path $.ingress.extraHosts[*].path
[INFO] Auditing path $.ingress.extraHosts[*].pathType
[INFO] Auditing path $.ingress.extraPaths
[INFO] Auditing path $.ingress.extraRules
[INFO] Auditing path $.ingress.extraTls
[INFO] Auditing path $.ingress.hostname
[INFO] Auditing path $.ingress.ingressClassName
[INFO] Auditing path $.ingress.path
[INFO] Auditing path $.ingress.pathType
[INFO] Auditing path $.ingress.secrets
[INFO] Auditing path $.ingress.secrets[*].certificate
[INFO] Auditing path $.ingress.secrets[*].key
[INFO] Auditing path $.ingress.secrets[*].name
[INFO] Auditing path $.ingress.selfSigned
[INFO] Auditing path $.ingress.tls
[INFO] Auditing path $.ingress
[INFO] Auditing path $.initContainers
[INFO] Auditing path $.initScripts
[INFO] Auditing path $.initScriptsCM
[INFO] Auditing path $.initScriptsSecret
[INFO] Auditing path $.kubeVersion
[INFO] Auditing path $.master.affinity
[INFO] Auditing path $.master.annotations
[INFO] Auditing path $.master.args
[INFO] Auditing path $.master.automountServiceAccountToken
[INFO] Auditing path $.master.autoscaling
[INFO] Auditing path $.master.autoscaling.hpa
[INFO] Auditing path $.master.autoscaling.hpa.enabled
[INFO] Auditing path $.master.autoscaling.hpa.maxReplicas
[INFO] Auditing path $.master.autoscaling.hpa.minReplicas
[INFO] Auditing path $.master.autoscaling.hpa.targetCPU
[INFO] Auditing path $.master.autoscaling.hpa.targetMemory
[INFO] Auditing path $.master.autoscaling.vpa
[INFO] Auditing path $.master.autoscaling.vpa.annotations
[INFO] Auditing path $.master.autoscaling.vpa.controlledResources
[INFO] Auditing path $.master.autoscaling.vpa.enabled
[INFO] Auditing path $.master.autoscaling.vpa.maxAllowed
[INFO] Auditing path $.master.autoscaling.vpa.minAllowed
[INFO] Auditing path $.master.autoscaling.vpa.updatePolicy
[INFO] Auditing path $.master.autoscaling.vpa.updatePolicy.updateMode
[INFO] Auditing path $.master.command
[INFO] Auditing path $.master.containerSecurityContext
[INFO] Auditing path $.master.containerSecurityContext.allowPrivilegeEscalation
[INFO] Auditing path $.master.containerSecurityContext.capabilities
[INFO] Auditing path $.master.containerSecurityContext.capabilities.drop
[INFO] Auditing path $.master.containerSecurityContext.enabled
[INFO] Auditing path $.master.containerSecurityContext.privileged
[INFO] Auditing path $.master.containerSecurityContext.readOnlyRootFilesystem
[INFO] Auditing path $.master.containerSecurityContext.runAsGroup
[INFO] Auditing path $.master.containerSecurityContext.runAsNonRoot
[INFO] Auditing path $.master.containerSecurityContext.runAsUser
[INFO] Auditing path $.master.containerSecurityContext.seLinuxOptions
[INFO] Auditing path $.master.containerSecurityContext.seccompProfile
[INFO] Auditing path $.master.containerSecurityContext.seccompProfile.type
[INFO] Auditing path $.master.customLivenessProbe
[INFO] Auditing path $.master.customReadinessProbe
[INFO] Auditing path $.master.customStartupProbe
[INFO] Auditing path $.master.extraEnvVars
[INFO] Auditing path $.master.extraEnvVarsCM
[INFO] Auditing path $.master.extraEnvVarsSecret
[INFO] Auditing path $.master.extraRoles
[INFO] Auditing path $.master.extraVolumeMounts
[INFO] Auditing path $.master.extraVolumes
[INFO] Auditing path $.master.fullnameOverride
[INFO] Auditing path $.master.heapSize
[INFO] Auditing path $.master.hostAliases
[INFO] Auditing path $.master.initContainers
[INFO] Auditing path $.master.lifecycleHooks
[INFO] Auditing path $.master.livenessProbe
[INFO] Auditing path $.master.livenessProbe.enabled
[INFO] Auditing path $.master.livenessProbe.failureThreshold
[INFO] Auditing path $.master.livenessProbe.initialDelaySeconds
[INFO] Auditing path $.master.livenessProbe.periodSeconds
[INFO] Auditing path $.master.livenessProbe.successThreshold
[INFO] Auditing path $.master.livenessProbe.timeoutSeconds
[INFO] Auditing path $.master.masterOnly
[INFO] Auditing path $.master.metrics
[INFO] Auditing path $.master.metrics.enabled
[INFO] Auditing path $.master.metrics.rules
[INFO] Auditing path $.master.metrics.rules.additionalLabels
[INFO] Auditing path $.master.metrics.rules.enabled
[INFO] Auditing path $.master.metrics.rules.namespace
[INFO] Auditing path $.master.metrics.rules.selector
[INFO] Auditing path $.master.metrics.rules.spec
[INFO] Auditing path $.master.metrics.service
[INFO] Auditing path $.master.metrics.service.annotations
[INFO] Auditing path $.master.metrics.service.clusterIP
[INFO] Auditing path $.master.metrics.service.port
[INFO] Auditing path $.master.metrics.service.ports
[INFO] Auditing path $.master.metrics.service.ports.metrics
[INFO] Auditing path $.master.metrics.serviceMonitor
[INFO] Auditing path $.master.metrics.serviceMonitor.annotations
[INFO] Auditing path $.master.metrics.serviceMonitor.enabled
[INFO] Auditing path $.master.metrics.serviceMonitor.honorLabels
[INFO] Auditing path $.master.metrics.serviceMonitor.interval
[INFO] Auditing path $.master.metrics.serviceMonitor.jobLabel
[INFO] Auditing path $.master.metrics.serviceMonitor.labels
[INFO] Auditing path $.master.metrics.serviceMonitor.metricRelabelings
[INFO] Auditing path $.master.metrics.serviceMonitor.namespace
[INFO] Auditing path $.master.metrics.serviceMonitor.relabelings
[INFO] Auditing path $.master.metrics.serviceMonitor.scrapeTimeout
[INFO] Auditing path $.master.metrics.serviceMonitor.selector
[INFO] Auditing path $.master.nameOverride
[INFO] Auditing path $.master.networkPolicy
[INFO] Auditing path $.master.networkPolicy.allowExternal
[INFO] Auditing path $.master.networkPolicy.allowExternalEgress
[INFO] Auditing path $.master.networkPolicy.enabled
[INFO] Auditing path $.master.networkPolicy.extraEgress
[INFO] Auditing path $.master.networkPolicy.extraIngress
[INFO] Auditing path $.master.networkPolicy.ingressNSMatchLabels
[INFO] Auditing path $.master.networkPolicy.ingressNSMatchLabels[*]
[INFO] Auditing path $.master.networkPolicy.ingressNSPodMatchLabels
[INFO] Auditing path $.master.networkPolicy.ingressNSPodMatchLabels[*]
[INFO] Auditing path $.master.nodeAffinityPreset
[INFO] Auditing path $.master.nodeAffinityPreset.key
[INFO] Auditing path $.master.nodeAffinityPreset.type
[INFO] Auditing path $.master.nodeAffinityPreset.values
[INFO] Auditing path $.master.nodeSelector
[INFO] Auditing path $.master.pdb
[INFO] Auditing path $.master.pdb.create
[INFO] Auditing path $.master.pdb.maxUnavailable
[INFO] Auditing path $.master.pdb.minAvailable
[INFO] Auditing path $.master.persistence
[INFO] Auditing path $.master.persistence.accessModes
[INFO] Auditing path $.master.persistence.annotations
[INFO] Auditing path $.master.persistence.enabled
[INFO] Auditing path $.master.persistence.existingClaim
[INFO] Auditing path $.master.persistence.existingVolume
[INFO] Auditing path $.master.persistence.selector
[INFO] Auditing path $.master.persistence.size
[INFO] Auditing path $.master.persistence.storageClass
[INFO] Auditing path $.master.podAffinityPreset
[INFO] Auditing path $.master.podAnnotations
[INFO] Auditing path $.master.podAntiAffinityPreset
[INFO] Auditing path $.master.podLabels
[INFO] Auditing path $.master.podManagementPolicy
[INFO] Auditing path $.master.podSecurityContext
[INFO] Auditing path $.master.podSecurityContext.enabled
[INFO] Auditing path $.master.podSecurityContext.fsGroup
[INFO] Auditing path $.master.podSecurityContext.fsGroupChangePolicy
[INFO] Auditing path $.master.podSecurityContext.supplementalGroups
[INFO] Auditing path $.master.podSecurityContext.sysctls
[INFO] Auditing path $.master.priorityClassName
[INFO] Auditing path $.master.readinessProbe
[INFO] Auditing path $.master.readinessProbe.enabled
[INFO] Auditing path $.master.readinessProbe.failureThreshold
[INFO] Auditing path $.master.readinessProbe.initialDelaySeconds
[INFO] Auditing path $.master.readinessProbe.periodSeconds
[INFO] Auditing path $.master.readinessProbe.successThreshold
[INFO] Auditing path $.master.readinessProbe.timeoutSeconds
[INFO] Auditing path $.master.replicaCount
[INFO] Auditing path $.master.resources
[INFO] Auditing path $.master.resourcesPreset
[INFO] Auditing path $.master.schedulerName
[INFO] Auditing path $.master.service
[INFO] Auditing path $.master.service.headless
[INFO] Auditing path $.master.service.headless.annotations
[INFO] Auditing path $.master.service.headless.nameOverride
[INFO] Auditing path $.master.service.headless.trafficDistribution
[INFO] Auditing path $.master.serviceAccount
[INFO] Auditing path $.master.serviceAccount.annotations
[INFO] Auditing path $.master.serviceAccount.automountServiceAccountToken
[INFO] Auditing path $.master.serviceAccount.create
[INFO] Auditing path $.master.serviceAccount.name
[INFO] Auditing path $.master.servicenameOverride
[INFO] Auditing path $.master.sidecars
[INFO] Auditing path $.master.startupProbe
[INFO] Auditing path $.master.startupProbe.enabled
[INFO] Auditing path $.master.startupProbe.failureThreshold
[INFO] Auditing path $.master.startupProbe.initialDelaySeconds
[INFO] Auditing path $.master.startupProbe.periodSeconds
[INFO] Auditing path $.master.startupProbe.successThreshold
[INFO] Auditing path $.master.startupProbe.timeoutSeconds
[INFO] Auditing path $.master.terminationGracePeriodSeconds
[INFO] Auditing path $.master.tolerations
[INFO] Auditing path $.master.topologySpreadConstraints
[INFO] Auditing path $.master.updateStrategy
[INFO] Auditing path $.master.updateStrategy.type
[INFO] Auditing path $.master
[INFO] Auditing path $.nameOverride
[INFO] Auditing path $.namespaceOverride
[INFO] Auditing path $.plugins
[INFO] Auditing path $.security.adminPassword
[INFO] Auditing path $.security.enabled
[INFO] Auditing path $.security.existingSecret
[INFO] Auditing path $.security.fipsMode
[INFO] Auditing path $.security.logstashPassword
[INFO] Auditing path $.security.tls
[INFO] Auditing path $.security.tls.admin
[INFO] Auditing path $.security.tls.admin.certKey
[INFO] Auditing path $.security.tls.admin.existingSecret
[INFO] Auditing path $.security.tls.admin.keyKey
[INFO] Auditing path $.security.tls.adminDN
[INFO] Auditing path $.security.tls.autoGenerated
[INFO] Auditing path $.security.tls.coordinating
[INFO] Auditing path $.security.tls.coordinating.caKey
[INFO] Auditing path $.security.tls.coordinating.certKey
[INFO] Auditing path $.security.tls.coordinating.existingSecret
[INFO] Auditing path $.security.tls.coordinating.keyKey
[INFO] Auditing path $.security.tls.data
[INFO] Auditing path $.security.tls.data.caKey
[INFO] Auditing path $.security.tls.data.certKey
[INFO] Auditing path $.security.tls.data.existingSecret
[INFO] Auditing path $.security.tls.data.keyKey
[INFO] Auditing path $.security.tls.ingest
[INFO] Auditing path $.security.tls.ingest.caKey
[INFO] Auditing path $.security.tls.ingest.certKey
[INFO] Auditing path $.security.tls.ingest.existingSecret
[INFO] Auditing path $.security.tls.ingest.keyKey
[INFO] Auditing path $.security.tls.keyPassword
[INFO] Auditing path $.security.tls.keystoreFilename
[INFO] Auditing path $.security.tls.keystorePassword
[INFO] Auditing path $.security.tls.master
[INFO] Auditing path $.security.tls.master.caKey
[INFO] Auditing path $.security.tls.master.certKey
[INFO] Auditing path $.security.tls.master.existingSecret
[INFO] Auditing path $.security.tls.master.keyKey
[INFO] Auditing path $.security.tls.nodesDN
[INFO] Auditing path $.security.tls.passwordsSecret
[INFO] Auditing path $.security.tls.restEncryption
[INFO] Auditing path $.security.tls.secretKey
[INFO] Auditing path $.security.tls.secretKeystoreKey
[INFO] Auditing path $.security.tls.secretTruststoreKey
[INFO] Auditing path $.security.tls.truststoreFilename
[INFO] Auditing path $.security.tls.truststorePassword
[INFO] Auditing path $.security.tls.usePemCerts
[INFO] Auditing path $.security.tls.verificationMode
[INFO] Auditing path $.security
[INFO] Auditing path $.service.annotations
[INFO] Auditing path $.service.clusterIP
[INFO] Auditing path $.service.externalTrafficPolicy
[INFO] Auditing path $.service.extraPorts
[INFO] Auditing path $.service.loadBalancerIP
[INFO] Auditing path $.service.loadBalancerSourceRanges
[INFO] Auditing path $.service.nodePorts
[INFO] Auditing path $.service.nodePorts.restAPI
[INFO] Auditing path $.service.nodePorts.transport
[INFO] Auditing path $.service.ports
[INFO] Auditing path $.service.ports.restAPI
[INFO] Auditing path $.service.ports.transport
[INFO] Auditing path $.service.sessionAffinity
[INFO] Auditing path $.service.sessionAffinityConfig
[INFO] Auditing path $.service.type
[INFO] Auditing path $.service
[INFO] Auditing path $.sidecars
[INFO] Auditing path $.snapshotRepoPath
[INFO] Auditing path $.snapshots.command
[INFO] Auditing path $.snapshots.containerSecurityContext
[INFO] Auditing path $.snapshots.containerSecurityContext.allowPrivilegeEscalation
[INFO] Auditing path $.snapshots.containerSecurityContext.capabilities
[INFO] Auditing path $.snapshots.containerSecurityContext.capabilities.drop
[INFO] Auditing path $.snapshots.containerSecurityContext.enabled
[INFO] Auditing path $.snapshots.containerSecurityContext.privileged
[INFO] Auditing path $.snapshots.containerSecurityContext.readOnlyRootFilesystem
[INFO] Auditing path $.snapshots.containerSecurityContext.runAsGroup
[INFO] Auditing path $.snapshots.containerSecurityContext.runAsNonRoot
[INFO] Auditing path $.snapshots.containerSecurityContext.runAsUser
[INFO] Auditing path $.snapshots.containerSecurityContext.seLinuxOptions
[INFO] Auditing path $.snapshots.containerSecurityContext.seccompProfile
[INFO] Auditing path $.snapshots.containerSecurityContext.seccompProfile.type
[INFO] Auditing path $.snapshots.enabled
[INFO] Auditing path $.snapshots.fullnameOverride
[INFO] Auditing path $.snapshots.image
[INFO] Auditing path $.snapshots.image.debug
[INFO] Auditing path $.snapshots.image.digest
[INFO] Auditing path $.snapshots.image.pullPolicy
[INFO] Auditing path $.snapshots.image.pullSecrets
[INFO] Auditing path $.snapshots.image.registry
[INFO] Auditing path $.snapshots.image.repository
[INFO] Auditing path $.snapshots.image.tag
[INFO] Auditing path $.snapshots.nameOverride
[INFO] Auditing path $.snapshots.persistence
[INFO] Auditing path $.snapshots.persistence.accessModes
[INFO] Auditing path $.snapshots.persistence.accessModes[*]
[INFO] Auditing path $.snapshots.persistence.annotations
[INFO] Auditing path $.snapshots.persistence.dataSource
[INFO] Auditing path $.snapshots.persistence.enabled
[INFO] Auditing path $.snapshots.persistence.existingClaim
[INFO] Auditing path $.snapshots.persistence.labels
[INFO] Auditing path $.snapshots.persistence.selector
[INFO] Auditing path $.snapshots.persistence.size
[INFO] Auditing path $.snapshots.persistence.storageClass
[INFO] Auditing path $.snapshots.persistence.subPath
[INFO] Auditing path $.snapshots.podSecurityContext
[INFO] Auditing path $.snapshots.podSecurityContext.enabled
[INFO] Auditing path $.snapshots.podSecurityContext.fsGroup
[INFO] Auditing path $.snapshots.podSecurityContext.fsGroupChangePolicy
[INFO] Auditing path $.snapshots.podSecurityContext.supplementalGroups
[INFO] Auditing path $.snapshots.podSecurityContext.sysctls
[INFO] Auditing path $.snapshots.policies
[INFO] Auditing path $.snapshots.policies[*]
[INFO] Auditing path $.snapshots.policies[*].snapshot_config.repository
[INFO] Auditing path $.snapshots.policies.default
[INFO] Auditing path $.snapshots.policies.default.creation
[INFO] Auditing path $.snapshots.policies.default.creation.schedule
[INFO] Auditing path $.snapshots.policies.default.creation.schedule.cron
[INFO] Auditing path $.snapshots.policies.default.creation.schedule.cron.expression
[INFO] Auditing path $.snapshots.policies.default.creation.schedule.cron.timezone
[INFO] Auditing path $.snapshots.policies.default.deletion
[INFO] Auditing path $.snapshots.policies.default.deletion.condition
[INFO] Auditing path $.snapshots.policies.default.deletion.condition.max_age
[INFO] Auditing path $.snapshots.policies.default.deletion.condition.min_count
[INFO] Auditing path $.snapshots.policies.default.deletion.schedule
[INFO] Auditing path $.snapshots.policies.default.deletion.schedule.cron
[INFO] Auditing path $.snapshots.policies.default.deletion.schedule.cron.expression
[INFO] Auditing path $.snapshots.policies.default.deletion.schedule.cron.timezone
[INFO] Auditing path $.snapshots.policies.default.description
[INFO] Auditing path $.snapshots.policies.default.enabled
[INFO] Auditing path $.snapshots.policies.default.snapshot_config
[INFO] Auditing path $.snapshots.policies.default.snapshot_config.repository
[INFO] Auditing path $.snapshots.repositories
[INFO] Auditing path $.snapshots.repositories[*]
[INFO] Auditing path $.snapshots.repositories[*].settings.location
[INFO] Auditing path $.snapshots.repositories[*].type
[INFO] Auditing path $.snapshots.repositories.default
[INFO] Auditing path $.snapshots.repositories.default.settings
[INFO] Auditing path $.snapshots.repositories.default.settings.location
[INFO] Auditing path $.snapshots.repositories.default.type
[INFO] Auditing path $.snapshots.resources
[INFO] Auditing path $.snapshots.resourcesPreset
[INFO] Auditing path $.snapshots
[INFO] Auditing path $.sysctlImage.digest
[INFO] Auditing path $.sysctlImage.enabled
[INFO] Auditing path $.sysctlImage.pullPolicy
[INFO] Auditing path $.sysctlImage.pullSecrets
[INFO] Auditing path $.sysctlImage.registry
[INFO] Auditing path $.sysctlImage.repository
[INFO] Auditing path $.sysctlImage.resources
[INFO] Auditing path $.sysctlImage.resourcesPreset
[INFO] Auditing path $.sysctlImage.tag
[INFO] Auditing path $.sysctlImage
[INFO] Auditing path $.useIstioLabels
[INFO] Auditing path $.usePasswordFiles
[INFO] Auditing path $.volumePermissions.enabled
[INFO] Auditing path $.volumePermissions.image
[INFO] Auditing path $.volumePermissions.image.digest
[INFO] Auditing path $.volumePermissions.image.pullPolicy
[INFO] Auditing path $.volumePermissions.image.pullSecrets
[INFO] Auditing path $.volumePermissions.image.registry
[INFO] Auditing path $.volumePermissions.image.repository
[INFO] Auditing path $.volumePermissions.image.tag
[INFO] Auditing path $.volumePermissions.resources
[INFO] Auditing path $.volumePermissions.resourcesPreset
[INFO] Auditing path $.volumePermissions
