[INFO] Auditing path $.affinity
[INFO] Auditing path $.akamai.accessToken
[INFO] Auditing path $.akamai.clientSecret
[INFO] Auditing path $.akamai.clientToken
[INFO] Auditing path $.akamai.host
[INFO] Auditing path $.akamai.secretName
[INFO] Auditing path $.akamai
[INFO] Auditing path $.alibabacloud.accessKeyId
[INFO] Auditing path $.alibabacloud.accessKeySecret
[INFO] Auditing path $.alibabacloud.regionId
[INFO] Auditing path $.alibabacloud.secretName
[INFO] Auditing path $.alibabacloud.vpcId
[INFO] Auditing path $.alibabacloud.zoneType
[INFO] Auditing path $.alibabacloud
[INFO] Auditing path $.annotationFilter
[INFO] Auditing path $.args
[INFO] Auditing path $.automountServiceAccountToken
[INFO] Auditing path $.aws.apiRetries
[INFO] Auditing path $.aws.assumeRoleArn
[INFO] Auditing path $.aws.batchChangeSize
[INFO] Auditing path $.aws.credentials
[INFO] Auditing path $.aws.credentials.accessKey
[INFO] Auditing path $.aws.credentials.accessKeyIDSecretRef
[INFO] Auditing path $.aws.credentials.accessKeyIDSecretRef.key
[INFO] Auditing path $.aws.credentials.accessKeyIDSecretRef.name
[INFO] Auditing path $.aws.credentials.mountPath
[INFO] Auditing path $.aws.credentials.secretAccessKeySecretRef
[INFO] Auditing path $.aws.credentials.secretAccessKeySecretRef.key
[INFO] Auditing path $.aws.credentials.secretAccessKeySecretRef.name
[INFO] Auditing path $.aws.credentials.secretKey
[INFO] Auditing path $.aws.credentials.secretName
[INFO] Auditing path $.aws.dynamodbRegion
[INFO] Auditing path $.aws.dynamodbTable
[INFO] Auditing path $.aws.evaluateTargetHealth
[INFO] Auditing path $.aws.preferCNAME
[INFO] Auditing path $.aws.region
[INFO] Auditing path $.aws.roleArn
[INFO] Auditing path $.aws.zoneMatchParent
[INFO] Auditing path $.aws.zoneTags
[INFO] Auditing path $.aws.zoneTags[*]
[INFO] Auditing path $.aws.zoneType
[INFO] Auditing path $.aws.zonesCacheDuration
[INFO] Auditing path $.aws
[INFO] Auditing path $.azure.aadClientId
[INFO] Auditing path $.azure.aadClientSecret
[INFO] Auditing path $.azure.cloud
[INFO] Auditing path $.azure.resourceGroup
[INFO] Auditing path $.azure.secretName
[INFO] Auditing path $.azure.subscriptionId
[INFO] Auditing path $.azure.tenantId
[INFO] Auditing path $.azure.useManagedIdentityExtension
[INFO] Auditing path $.azure.useWorkloadIdentityExtension
[INFO] Auditing path $.azure.userAssignedIdentityID
[INFO] Auditing path $.azure
[INFO] Auditing path $.civo.apiToken
[INFO] Auditing path $.civo.secretName
[INFO] Auditing path $.civo
[INFO] Auditing path $.cloudflare.apiKey
[INFO] Auditing path $.cloudflare.apiToken
[INFO] Auditing path $.cloudflare.dnsRecordsPerPage
[INFO] Auditing path $.cloudflare.email
[INFO] Auditing path $.cloudflare.proxied
[INFO] Auditing path $.cloudflare.regionKey
[INFO] Auditing path $.cloudflare.regionalServices
[INFO] Auditing path $.cloudflare.secretName
[INFO] Auditing path $.cloudflare
[INFO] Auditing path $.clusterDomain
[INFO] Auditing path $.combineFQDNAnnotation
[INFO] Auditing path $.command
[INFO] Auditing path $.commonAnnotations
[INFO] Auditing path $.commonLabels
[INFO] Auditing path $.containerPorts.http
[INFO] Auditing path $.containerPorts
[INFO] Auditing path $.containerSecurityContext.allowPrivilegeEscalation
[INFO] Auditing path $.containerSecurityContext.capabilities
[INFO] Auditing path $.containerSecurityContext.capabilities.drop
[INFO] Auditing path $.containerSecurityContext.enabled
[INFO] Auditing path $.containerSecurityContext.privileged
[INFO] Auditing path $.containerSecurityContext.readOnlyRootFilesystem
[INFO] Auditing path $.containerSecurityContext.runAsGroup
[INFO] Auditing path $.containerSecurityContext.runAsNonRoot
[INFO] Auditing path $.containerSecurityContext.runAsUser
[INFO] Auditing path $.containerSecurityContext.seLinuxOptions
[INFO] Auditing path $.containerSecurityContext.seccompProfile
[INFO] Auditing path $.containerSecurityContext.seccompProfile.type
[INFO] Auditing path $.containerSecurityContext
[INFO] Auditing path $.coredns.etcdEndpoints
[INFO] Auditing path $.coredns.etcdTLS
[INFO] Auditing path $.coredns.etcdTLS.autoGenerated
[INFO] Auditing path $.coredns.etcdTLS.caFilename
[INFO] Auditing path $.coredns.etcdTLS.certFilename
[INFO] Auditing path $.coredns.etcdTLS.enabled
[INFO] Auditing path $.coredns.etcdTLS.keyFilename
[INFO] Auditing path $.coredns.etcdTLS.mountPath
[INFO] Auditing path $.coredns.etcdTLS.secretName
[INFO] Auditing path $.coredns
[INFO] Auditing path $.crd.apiversion
[INFO] Auditing path $.crd.create
[INFO] Auditing path $.crd.kind
[INFO] Auditing path $.crd
[INFO] Auditing path $.customLivenessProbe
[INFO] Auditing path $.customReadinessProbe
[INFO] Auditing path $.customStartupProbe
[INFO] Auditing path $.digitalocean.apiToken
[INFO] Auditing path $.digitalocean.secretName
[INFO] Auditing path $.digitalocean
[INFO] Auditing path $.dnsConfig
[INFO] Auditing path $.dnsPolicy
[INFO] Auditing path $.domainFilters[*]
[INFO] Auditing path $.domainFilters
[INFO] Auditing path $.dryRun
[INFO] Auditing path $.excludeDomains[*]
[INFO] Auditing path $.excludeDomains
[INFO] Auditing path $.exoscale.apiKey
[INFO] Auditing path $.exoscale.apiToken
[INFO] Auditing path $.exoscale.secretName
[INFO] Auditing path $.exoscale
[INFO] Auditing path $.extraArgs[*]
[INFO] Auditing path $.extraArgs[*][*]
[INFO] Auditing path $.extraArgs
[INFO] Auditing path $.extraDeploy[*]
[INFO] Auditing path $.extraDeploy
[INFO] Auditing path $.extraEnvVars
[INFO] Auditing path $.extraEnvVarsCM
[INFO] Auditing path $.extraEnvVarsSecret
[INFO] Auditing path $.extraVolumeMounts
[INFO] Auditing path $.extraVolumes
[INFO] Auditing path $.forceTxtOwnerId
[INFO] Auditing path $.fqdnTemplates
[INFO] Auditing path $.fullnameOverride
[INFO] Auditing path $.global.compatibility
[INFO] Auditing path $.global.compatibility.openshift
[INFO] Auditing path $.global.compatibility.openshift.adaptSecurityContext
[INFO] Auditing path $.global.imagePullSecrets
[INFO] Auditing path $.global.imageRegistry
[INFO] Auditing path $.global.security
[INFO] Auditing path $.global.security.allowInsecureImages
[INFO] Auditing path $.global
[INFO] Auditing path $.google.batchChangeSize
[INFO] Auditing path $.google.project
[INFO] Auditing path $.google.serviceAccountKey
[INFO] Auditing path $.google.serviceAccountSecret
[INFO] Auditing path $.google.serviceAccountSecretKey
[INFO] Auditing path $.google.zoneVisibility
[INFO] Auditing path $.google
[INFO] Auditing path $.hostAliases
[INFO] Auditing path $.ignoreHostnameAnnotation
[INFO] Auditing path $.image.digest
[INFO] Auditing path $.image.pullPolicy
[INFO] Auditing path $.image.pullSecrets
[INFO] Auditing path $.image.registry
[INFO] Auditing path $.image.repository
[INFO] Auditing path $.image.tag
[INFO] Auditing path $.image
[INFO] Auditing path $.infoblox.createPtr
[INFO] Auditing path $.infoblox.domainFilter
[INFO] Auditing path $.infoblox.gridHost
[INFO] Auditing path $.infoblox.maxResults
[INFO] Auditing path $.infoblox.nameRegex
[INFO] Auditing path $.infoblox.noSslVerify
[INFO] Auditing path $.infoblox.view
[INFO] Auditing path $.infoblox.wapiPort
[INFO] Auditing path $.infoblox.wapiVersion
[INFO] Auditing path $.ingressClassFilters[*]
[INFO] Auditing path $.ingressClassFilters
[INFO] Auditing path $.initContainers
[INFO] Auditing path $.interval
[INFO] Auditing path $.kubeVersion
[INFO] Auditing path $.labelFilter
[INFO] Auditing path $.lifecycleHooks
[INFO] Auditing path $.linode.apiToken
[INFO] Auditing path $.linode.secretName
[INFO] Auditing path $.linode
[INFO] Auditing path $.livenessProbe.enabled
[INFO] Auditing path $.livenessProbe.failureThreshold
[INFO] Auditing path $.livenessProbe.initialDelaySeconds
[INFO] Auditing path $.livenessProbe.periodSeconds
[INFO] Auditing path $.livenessProbe.successThreshold
[INFO] Auditing path $.livenessProbe.timeoutSeconds
[INFO] Auditing path $.livenessProbe
[INFO] Auditing path $.logFormat
[INFO] Auditing path $.logLevel
[INFO] Auditing path $.managedRecordTypesFilters[*]
[INFO] Auditing path $.managedRecordTypesFilters
[INFO] Auditing path $.metrics.enabled
[INFO] Auditing path $.metrics.googlePodMonitor
[INFO] Auditing path $.metrics.googlePodMonitor.enabled
[INFO] Auditing path $.metrics.googlePodMonitor.endpoint
[INFO] Auditing path $.metrics.googlePodMonitor.interval
[INFO] Auditing path $.metrics.googlePodMonitor.namespace
[INFO] Auditing path $.metrics.podAnnotations
[INFO] Auditing path $.metrics.serviceMonitor
[INFO] Auditing path $.metrics.serviceMonitor.annotations
[INFO] Auditing path $.metrics.serviceMonitor.enabled
[INFO] Auditing path $.metrics.serviceMonitor.honorLabels
[INFO] Auditing path $.metrics.serviceMonitor.interval
[INFO] Auditing path $.metrics.serviceMonitor.jobLabel
[INFO] Auditing path $.metrics.serviceMonitor.labels
[INFO] Auditing path $.metrics.serviceMonitor.metricRelabelings
[INFO] Auditing path $.metrics.serviceMonitor.namespace
[INFO] Auditing path $.metrics.serviceMonitor.podTargetLabels
[INFO] Auditing path $.metrics.serviceMonitor.relabelings
[INFO] Auditing path $.metrics.serviceMonitor.scrapeTimeout
[INFO] Auditing path $.metrics.serviceMonitor.selector
[INFO] Auditing path $.metrics.serviceMonitor.targetLabels
[INFO] Auditing path $.metrics
[INFO] Auditing path $.nameOverride
[INFO] Auditing path $.namespace
[INFO] Auditing path $.namespaceOverride
[INFO] Auditing path $.networkPolicy.allowExternal
[INFO] Auditing path $.networkPolicy.allowExternalEgress
[INFO] Auditing path $.networkPolicy.enabled
[INFO] Auditing path $.networkPolicy.extraEgress
[INFO] Auditing path $.networkPolicy.extraIngress
[INFO] Auditing path $.networkPolicy.ingressNSMatchLabels
[INFO] Auditing path $.networkPolicy.ingressNSMatchLabels[*]
[INFO] Auditing path $.networkPolicy.ingressNSPodMatchLabels
[INFO] Auditing path $.networkPolicy.ingressNSPodMatchLabels[*]
[INFO] Auditing path $.networkPolicy.kubeAPIServerPorts
[INFO] Auditing path $.networkPolicy.kubeAPIServerPorts[*]
[INFO] Auditing path $.networkPolicy
[INFO] Auditing path $.nodeAffinityPreset.key
[INFO] Auditing path $.nodeAffinityPreset.type
[INFO] Auditing path $.nodeAffinityPreset.values
[INFO] Auditing path $.nodeAffinityPreset
[INFO] Auditing path $.nodeSelector
[INFO] Auditing path $.ns1.apiKey
[INFO] Auditing path $.ns1.minTTL
[INFO] Auditing path $.ns1.secretName
[INFO] Auditing path $.ns1
[INFO] Auditing path $.oci.compartmentOCID
[INFO] Auditing path $.oci.privateKey
[INFO] Auditing path $.oci.privateKeyFingerprint
[INFO] Auditing path $.oci.privateKeyPassphrase
[INFO] Auditing path $.oci.region
[INFO] Auditing path $.oci.secretName
[INFO] Auditing path $.oci.tenancyOCID
[INFO] Auditing path $.oci.useInstancePrincipal
[INFO] Auditing path $.oci.useWorkloadIdentity
[INFO] Auditing path $.oci.userOCID
[INFO] Auditing path $.oci
[INFO] Auditing path $.ovh.applicationKey
[INFO] Auditing path $.ovh.applicationSecret
[INFO] Auditing path $.ovh.consumerKey
[INFO] Auditing path $.ovh.secretName
[INFO] Auditing path $.ovh
[INFO] Auditing path $.pdb.create
[INFO] Auditing path $.pdb.maxUnavailable
[INFO] Auditing path $.pdb.minAvailable
[INFO] Auditing path $.pdb
[INFO] Auditing path $.pdns.apiKey
[INFO] Auditing path $.pdns.apiPort
[INFO] Auditing path $.pdns.apiUrl
[INFO] Auditing path $.pdns.secretName
[INFO] Auditing path $.pdns
[INFO] Auditing path $.pihole.password
[INFO] Auditing path $.pihole.secretName
[INFO] Auditing path $.pihole.server
[INFO] Auditing path $.pihole.tlsSkipVerify
[INFO] Auditing path $.pihole
[INFO] Auditing path $.podAffinityPreset
[INFO] Auditing path $.podAnnotations
[INFO] Auditing path $.podAntiAffinityPreset
[INFO] Auditing path $.podLabels
[INFO] Auditing path $.podSecurityContext.enabled
[INFO] Auditing path $.podSecurityContext.fsGroup
[INFO] Auditing path $.podSecurityContext.fsGroupChangePolicy
[INFO] Auditing path $.podSecurityContext.supplementalGroups
[INFO] Auditing path $.podSecurityContext.sysctls
[INFO] Auditing path $.podSecurityContext
[INFO] Auditing path $.policy
[INFO] Auditing path $.priorityClassName
[INFO] Auditing path $.provider
[INFO] Auditing path $.publishHostIP
[INFO] Auditing path $.publishInternalServices
[INFO] Auditing path $.rbac.apiVersion
[INFO] Auditing path $.rbac.clusterRole
[INFO] Auditing path $.rbac.create
[INFO] Auditing path $.rbac.pspEnabled
[INFO] Auditing path $.rbac
[INFO] Auditing path $.readinessProbe.enabled
[INFO] Auditing path $.readinessProbe.failureThreshold
[INFO] Auditing path $.readinessProbe.initialDelaySeconds
[INFO] Auditing path $.readinessProbe.periodSeconds
[INFO] Auditing path $.readinessProbe.successThreshold
[INFO] Auditing path $.readinessProbe.timeoutSeconds
[INFO] Auditing path $.readinessProbe
[INFO] Auditing path $.regexDomainExclusion
[INFO] Auditing path $.regexDomainFilter
[INFO] Auditing path $.registry
[INFO] Auditing path $.resources
[INFO] Auditing path $.resourcesPreset
[INFO] Auditing path $.revisionHistoryLimit
[INFO] Auditing path $.rfc2136.host
[INFO] Auditing path $.rfc2136.kerberosConfig
[INFO] Auditing path $.rfc2136.kerberosPassword
[INFO] Auditing path $.rfc2136.kerberosRealm
[INFO] Auditing path $.rfc2136.kerberosUsername
[INFO] Auditing path $.rfc2136.minTTL
[INFO] Auditing path $.rfc2136.port
[INFO] Auditing path $.rfc2136.rfc3645Enabled
[INFO] Auditing path $.rfc2136.secretName
[INFO] Auditing path $.rfc2136.tsigAxfr
[INFO] Auditing path $.rfc2136.tsigKeyname
[INFO] Auditing path $.rfc2136.tsigSecret
[INFO] Auditing path $.rfc2136.tsigSecretAlg
[INFO] Auditing path $.rfc2136.zone
[INFO] Auditing path $.rfc2136.zones
[INFO] Auditing path $.rfc2136
[INFO] Auditing path $.scaleway.scwAccessKey
[INFO] Auditing path $.scaleway.scwSecretKey
[INFO] Auditing path $.scaleway.secretName
[INFO] Auditing path $.scaleway
[INFO] Auditing path $.schedulerName
[INFO] Auditing path $.secretAnnotations
[INFO] Auditing path $.service.annotations
[INFO] Auditing path $.service.clusterIP
[INFO] Auditing path $.service.enabled
[INFO] Auditing path $.service.externalIPs
[INFO] Auditing path $.service.externalName
[INFO] Auditing path $.service.externalTrafficPolicy
[INFO] Auditing path $.service.extraPorts
[INFO] Auditing path $.service.labels
[INFO] Auditing path $.service.loadBalancerIP
[INFO] Auditing path $.service.loadBalancerSourceRanges
[INFO] Auditing path $.service.nodePorts
[INFO] Auditing path $.service.nodePorts.http
[INFO] Auditing path $.service.ports
[INFO] Auditing path $.service.ports.http
[INFO] Auditing path $.service.sessionAffinity
[INFO] Auditing path $.service.sessionAffinityConfig
[INFO] Auditing path $.service.type
[INFO] Auditing path $.service
[INFO] Auditing path $.serviceAccount.annotations
[INFO] Auditing path $.serviceAccount.automountServiceAccountToken
[INFO] Auditing path $.serviceAccount.create
[INFO] Auditing path $.serviceAccount.labels
[INFO] Auditing path $.serviceAccount.name
[INFO] Auditing path $.serviceAccount
[INFO] Auditing path $.serviceTypeFilter[*]
[INFO] Auditing path $.serviceTypeFilter
[INFO] Auditing path $.sidecars
[INFO] Auditing path $.sources[*]
[INFO] Auditing path $.sources
[INFO] Auditing path $.startupProbe.enabled
[INFO] Auditing path $.startupProbe.failureThreshold
[INFO] Auditing path $.startupProbe.initialDelaySeconds
[INFO] Auditing path $.startupProbe.periodSeconds
[INFO] Auditing path $.startupProbe.successThreshold
[INFO] Auditing path $.startupProbe.timeoutSeconds
[INFO] Auditing path $.startupProbe
[INFO] Auditing path $.tolerations
[INFO] Auditing path $.topologySpreadConstraints
[INFO] Auditing path $.traefik.disableLegacy
[INFO] Auditing path $.traefik.disableNew
[INFO] Auditing path $.traefik
[INFO] Auditing path $.transip.account
[INFO] Auditing path $.transip.apiKey
[INFO] Auditing path $.transip
[INFO] Auditing path $.triggerLoopOnEvent
[INFO] Auditing path $.txtEncrypt.aesKey
[INFO] Auditing path $.txtEncrypt.enabled
[INFO] Auditing path $.txtEncrypt.secretName
[INFO] Auditing path $.txtEncrypt
[INFO] Auditing path $.txtNewFormatOnly
[INFO] Auditing path $.txtOwnerId
[INFO] Auditing path $.txtPrefix
[INFO] Auditing path $.txtSuffix
[INFO] Auditing path $.updateStrategy
[INFO] Auditing path $.useInstancePrincipal
[INFO] Auditing path $.validation.enabled
[INFO] Auditing path $.validation
[INFO] Auditing path $.watchReleaseNamespace
[INFO] Auditing path $.zoneIdFilters[*]
[INFO] Auditing path $.zoneIdFilters
[INFO] Auditing path $.zoneNameFilters[*]
[INFO] Auditing path $.zoneNameFilters
