[INFO] Auditing path $.adminRealm
[INFO] Auditing path $.affinity
[INFO] Auditing path $.apiVersions
[INFO] Auditing path $.args
[INFO] Auditing path $.auth.adminPassword
[INFO] Auditing path $.auth.adminUser
[INFO] Auditing path $.auth.annotations
[INFO] Auditing path $.auth.existingSecret
[INFO] Auditing path $.auth.passwordSecretKey
[INFO] Auditing path $.auth
[INFO] Auditing path $.automountServiceAccountToken
[INFO] Auditing path $.autoscaling.hpa
[INFO] Auditing path $.autoscaling.hpa.behavior
[INFO] Auditing path $.autoscaling.hpa.behavior.scaleDown
[INFO] Auditing path $.autoscaling.hpa.behavior.scaleDown.policies
[INFO] Auditing path $.autoscaling.hpa.behavior.scaleDown.policies[*].periodSeconds
[INFO] Auditing path $.autoscaling.hpa.behavior.scaleDown.policies[*].type
[INFO] Auditing path $.autoscaling.hpa.behavior.scaleDown.policies[*].value
[INFO] Auditing path $.autoscaling.hpa.behavior.scaleDown.selectPolicy
[INFO] Auditing path $.autoscaling.hpa.behavior.scaleDown.stabilizationWindowSeconds
[INFO] Auditing path $.autoscaling.hpa.behavior.scaleUp
[INFO] Auditing path $.autoscaling.hpa.behavior.scaleUp.policies
[INFO] Auditing path $.autoscaling.hpa.behavior.scaleUp.selectPolicy
[INFO] Auditing path $.autoscaling.hpa.behavior.scaleUp.stabilizationWindowSeconds
[INFO] Auditing path $.autoscaling.hpa.enabled
[INFO] Auditing path $.autoscaling.hpa.maxReplicas
[INFO] Auditing path $.autoscaling.hpa.minReplicas
[INFO] Auditing path $.autoscaling.hpa.targetCPU
[INFO] Auditing path $.autoscaling.hpa.targetMemory
[INFO] Auditing path $.autoscaling.vpa
[INFO] Auditing path $.autoscaling.vpa.annotations
[INFO] Auditing path $.autoscaling.vpa.controlledResources
[INFO] Auditing path $.autoscaling.vpa.enabled
[INFO] Auditing path $.autoscaling.vpa.maxAllowed
[INFO] Auditing path $.autoscaling.vpa.minAllowed
[INFO] Auditing path $.autoscaling.vpa.updatePolicy
[INFO] Auditing path $.autoscaling.vpa.updatePolicy.updateMode
[INFO] Auditing path $.autoscaling
[INFO] Auditing path $.cache.configFile
[INFO] Auditing path $.cache.enabled
[INFO] Auditing path $.cache.javaOptsAppendExtra
[INFO] Auditing path $.cache.stack
[INFO] Auditing path $.cache.useHeadlessServiceWithAppVersion
[INFO] Auditing path $.cache
[INFO] Auditing path $.clusterDomain
[INFO] Auditing path $.command
[INFO] Auditing path $.commonAnnotations
[INFO] Auditing path $.commonLabels
[INFO] Auditing path $.configuration
[INFO] Auditing path $.containerPorts.http
[INFO] Auditing path $.containerPorts.https
[INFO] Auditing path $.containerPorts.management
[INFO] Auditing path $.containerPorts
[INFO] Auditing path $.containerSecurityContext.allowPrivilegeEscalation
[INFO] Auditing path $.containerSecurityContext.capabilities
[INFO] Auditing path $.containerSecurityContext.capabilities.drop
[INFO] Auditing path $.containerSecurityContext.enabled
[INFO] Auditing path $.containerSecurityContext.privileged
[INFO] Auditing path $.containerSecurityContext.readOnlyRootFilesystem
[INFO] Auditing path $.containerSecurityContext.runAsGroup
[INFO] Auditing path $.containerSecurityContext.runAsNonRoot
[INFO] Auditing path $.containerSecurityContext.runAsUser
[INFO] Auditing path $.containerSecurityContext.seLinuxOptions
[INFO] Auditing path $.containerSecurityContext.seccompProfile
[INFO] Auditing path $.containerSecurityContext.seccompProfile.type
[INFO] Auditing path $.containerSecurityContext
[INFO] Auditing path $.customLivenessProbe
[INFO] Auditing path $.customReadinessProbe
[INFO] Auditing path $.customStartupProbe
[INFO] Auditing path $.defaultInitContainers.prepareWriteDirs
[INFO] Auditing path $.defaultInitContainers.prepareWriteDirs.containerSecurityContext
[INFO] Auditing path $.defaultInitContainers.prepareWriteDirs.containerSecurityContext.allowPrivilegeEscalation
[INFO] Auditing path $.defaultInitContainers.prepareWriteDirs.containerSecurityContext.capabilities
[INFO] Auditing path $.defaultInitContainers.prepareWriteDirs.containerSecurityContext.capabilities.drop
[INFO] Auditing path $.defaultInitContainers.prepareWriteDirs.containerSecurityContext.enabled
[INFO] Auditing path $.defaultInitContainers.prepareWriteDirs.containerSecurityContext.privileged
[INFO] Auditing path $.defaultInitContainers.prepareWriteDirs.containerSecurityContext.readOnlyRootFilesystem
[INFO] Auditing path $.defaultInitContainers.prepareWriteDirs.containerSecurityContext.runAsGroup
[INFO] Auditing path $.defaultInitContainers.prepareWriteDirs.containerSecurityContext.runAsNonRoot
[INFO] Auditing path $.defaultInitContainers.prepareWriteDirs.containerSecurityContext.runAsUser
[INFO] Auditing path $.defaultInitContainers.prepareWriteDirs.containerSecurityContext.seLinuxOptions
[INFO] Auditing path $.defaultInitContainers.prepareWriteDirs.containerSecurityContext.seccompProfile
[INFO] Auditing path $.defaultInitContainers.prepareWriteDirs.containerSecurityContext.seccompProfile.type
[INFO] Auditing path $.defaultInitContainers.prepareWriteDirs.enabled
[INFO] Auditing path $.defaultInitContainers.prepareWriteDirs.resources
[INFO] Auditing path $.defaultInitContainers.prepareWriteDirs.resourcesPreset
[INFO] Auditing path $.defaultInitContainers
[INFO] Auditing path $.diagnosticMode.args
[INFO] Auditing path $.diagnosticMode.command
[INFO] Auditing path $.diagnosticMode.enabled
[INFO] Auditing path $.diagnosticMode
[INFO] Auditing path $.dnsConfig
[INFO] Auditing path $.dnsPolicy
[INFO] Auditing path $.enableServiceLinks
[INFO] Auditing path $.existingConfigmap
[INFO] Auditing path $.externalDatabase.annotations
[INFO] Auditing path $.externalDatabase.database
[INFO] Auditing path $.externalDatabase.existingSecret
[INFO] Auditing path $.externalDatabase.existingSecretPasswordKey
[INFO] Auditing path $.externalDatabase.existingSecretUserKey
[INFO] Auditing path $.externalDatabase.extraParams
[INFO] Auditing path $.externalDatabase.host
[INFO] Auditing path $.externalDatabase.password
[INFO] Auditing path $.externalDatabase.port
[INFO] Auditing path $.externalDatabase.schema
[INFO] Auditing path $.externalDatabase.user
[INFO] Auditing path $.externalDatabase
[INFO] Auditing path $.extraContainerPorts
[INFO] Auditing path $.extraDeploy[*]
[INFO] Auditing path $.extraDeploy
[INFO] Auditing path $.extraEnvVars
[INFO] Auditing path $.extraEnvVarsCM
[INFO] Auditing path $.extraEnvVarsSecret
[INFO] Auditing path $.extraStartupArgs
[INFO] Auditing path $.extraVolumeMounts
[INFO] Auditing path $.extraVolumes
[INFO] Auditing path $.fullnameOverride
[INFO] Auditing path $.global.compatibility
[INFO] Auditing path $.global.compatibility.omitEmptySeLinuxOptions
[INFO] Auditing path $.global.compatibility.openshift
[INFO] Auditing path $.global.compatibility.openshift.adaptSecurityContext
[INFO] Auditing path $.global.defaultStorageClass
[INFO] Auditing path $.global.imagePullSecrets
[INFO] Auditing path $.global.imageRegistry
[INFO] Auditing path $.global.security
[INFO] Auditing path $.global.security.allowInsecureImages
[INFO] Auditing path $.global
[INFO] Auditing path $.hostAliases
[INFO] Auditing path $.hostnameStrict
[INFO] Auditing path $.httpEnabled
[INFO] Auditing path $.httpRelativePath
[INFO] Auditing path $.image.debug
[INFO] Auditing path $.image.digest
[INFO] Auditing path $.image.pullPolicy
[INFO] Auditing path $.image.pullSecrets
[INFO] Auditing path $.image.registry
[INFO] Auditing path $.image.repository
[INFO] Auditing path $.image.tag
[INFO] Auditing path $.image
[INFO] Auditing path $.ingress.annotations
[INFO] Auditing path $.ingress.apiVersion
[INFO] Auditing path $.ingress.controller
[INFO] Auditing path $.ingress.enabled
[INFO] Auditing path $.ingress.extraHosts
[INFO] Auditing path $.ingress.extraHosts[*].name
[INFO] Auditing path $.ingress.extraHosts[*].path
[INFO] Auditing path $.ingress.extraHosts[*].pathType
[INFO] Auditing path $.ingress.extraPaths
[INFO] Auditing path $.ingress.extraRules
[INFO] Auditing path $.ingress.extraTls
[INFO] Auditing path $.ingress.hostname
[INFO] Auditing path $.ingress.ingressClassName
[INFO] Auditing path $.ingress.labels
[INFO] Auditing path $.ingress.path
[INFO] Auditing path $.ingress.pathType
[INFO] Auditing path $.ingress.secrets
[INFO] Auditing path $.ingress.secrets[*].certificate
[INFO] Auditing path $.ingress.secrets[*].key
[INFO] Auditing path $.ingress.secrets[*].name
[INFO] Auditing path $.ingress.selfSigned
[INFO] Auditing path $.ingress.servicePort
[INFO] Auditing path $.ingress.tls
[INFO] Auditing path $.ingress
[INFO] Auditing path $.initContainers
[INFO] Auditing path $.initdbScripts
[INFO] Auditing path $.initdbScriptsConfigMap
[INFO] Auditing path $.keycloakConfigCli.annotations
[INFO] Auditing path $.keycloakConfigCli.args
[INFO] Auditing path $.keycloakConfigCli.automountServiceAccountToken
[INFO] Auditing path $.keycloakConfigCli.availabilityCheck
[INFO] Auditing path $.keycloakConfigCli.availabilityCheck.enabled
[INFO] Auditing path $.keycloakConfigCli.availabilityCheck.timeout
[INFO] Auditing path $.keycloakConfigCli.backoffLimit
[INFO] Auditing path $.keycloakConfigCli.cleanupAfterFinished
[INFO] Auditing path $.keycloakConfigCli.cleanupAfterFinished.enabled
[INFO] Auditing path $.keycloakConfigCli.cleanupAfterFinished.seconds
[INFO] Auditing path $.keycloakConfigCli.command
[INFO] Auditing path $.keycloakConfigCli.configuration
[INFO] Auditing path $.keycloakConfigCli.configuration[*]
[INFO] Auditing path $.keycloakConfigCli.configuration[*].AsConfig
[INFO] Auditing path $.keycloakConfigCli.containerSecurityContext
[INFO] Auditing path $.keycloakConfigCli.containerSecurityContext.allowPrivilegeEscalation
[INFO] Auditing path $.keycloakConfigCli.containerSecurityContext.capabilities
[INFO] Auditing path $.keycloakConfigCli.containerSecurityContext.capabilities.drop
[INFO] Auditing path $.keycloakConfigCli.containerSecurityContext.enabled
[INFO] Auditing path $.keycloakConfigCli.containerSecurityContext.privileged
[INFO] Auditing path $.keycloakConfigCli.containerSecurityContext.readOnlyRootFilesystem
[INFO] Auditing path $.keycloakConfigCli.containerSecurityContext.runAsGroup
[INFO] Auditing path $.keycloakConfigCli.containerSecurityContext.runAsNonRoot
[INFO] Auditing path $.keycloakConfigCli.containerSecurityContext.runAsUser
[INFO] Auditing path $.keycloakConfigCli.containerSecurityContext.seLinuxOptions
[INFO] Auditing path $.keycloakConfigCli.containerSecurityContext.seccompProfile
[INFO] Auditing path $.keycloakConfigCli.containerSecurityContext.seccompProfile.type
[INFO] Auditing path $.keycloakConfigCli.enabled
[INFO] Auditing path $.keycloakConfigCli.existingConfigmap
[INFO] Auditing path $.keycloakConfigCli.extraEnvVars
[INFO] Auditing path $.keycloakConfigCli.extraEnvVarsCM
[INFO] Auditing path $.keycloakConfigCli.extraEnvVarsSecret
[INFO] Auditing path $.keycloakConfigCli.extraVolumeMounts
[INFO] Auditing path $.keycloakConfigCli.extraVolumes
[INFO] Auditing path $.keycloakConfigCli.hostAliases
[INFO] Auditing path $.keycloakConfigCli.image
[INFO] Auditing path $.keycloakConfigCli.image.digest
[INFO] Auditing path $.keycloakConfigCli.image.pullPolicy
[INFO] Auditing path $.keycloakConfigCli.image.pullSecrets
[INFO] Auditing path $.keycloakConfigCli.image.registry
[INFO] Auditing path $.keycloakConfigCli.image.repository
[INFO] Auditing path $.keycloakConfigCli.image.tag
[INFO] Auditing path $.keycloakConfigCli.initContainers
[INFO] Auditing path $.keycloakConfigCli.nodeSelector
[INFO] Auditing path $.keycloakConfigCli.podAnnotations
[INFO] Auditing path $.keycloakConfigCli.podLabels
[INFO] Auditing path $.keycloakConfigCli.podSecurityContext
[INFO] Auditing path $.keycloakConfigCli.podSecurityContext.enabled
[INFO] Auditing path $.keycloakConfigCli.podSecurityContext.fsGroup
[INFO] Auditing path $.keycloakConfigCli.podSecurityContext.fsGroupChangePolicy
[INFO] Auditing path $.keycloakConfigCli.podSecurityContext.supplementalGroups
[INFO] Auditing path $.keycloakConfigCli.podSecurityContext.sysctls
[INFO] Auditing path $.keycloakConfigCli.resources
[INFO] Auditing path $.keycloakConfigCli.resourcesPreset
[INFO] Auditing path $.keycloakConfigCli.sidecars
[INFO] Auditing path $.keycloakConfigCli.tolerations
[INFO] Auditing path $.keycloakConfigCli
[INFO] Auditing path $.kubeVersion
[INFO] Auditing path $.lifecycleHooks
[INFO] Auditing path $.livenessProbe.enabled
[INFO] Auditing path $.livenessProbe.failureThreshold
[INFO] Auditing path $.livenessProbe.initialDelaySeconds
[INFO] Auditing path $.livenessProbe.periodSeconds
[INFO] Auditing path $.livenessProbe.successThreshold
[INFO] Auditing path $.livenessProbe.timeoutSeconds
[INFO] Auditing path $.livenessProbe
[INFO] Auditing path $.logging.level
[INFO] Auditing path $.logging.output
[INFO] Auditing path $.logging
[INFO] Auditing path $.metrics.enabled
[INFO] Auditing path $.metrics.prometheusRule
[INFO] Auditing path $.metrics.prometheusRule.enabled
[INFO] Auditing path $.metrics.prometheusRule.groups
[INFO] Auditing path $.metrics.prometheusRule.labels
[INFO] Auditing path $.metrics.prometheusRule.namespace
[INFO] Auditing path $.metrics.service
[INFO] Auditing path $.metrics.service.annotations
[INFO] Auditing path $.metrics.service.annotations["prometheus.io/port"]
[INFO] Auditing path $.metrics.service.annotations["prometheus.io/scrape"]
[INFO] Auditing path $.metrics.service.extraPorts
[INFO] Auditing path $.metrics.service.ports
[INFO] Auditing path $.metrics.service.ports.metrics
[INFO] Auditing path $.metrics.serviceMonitor
[INFO] Auditing path $.metrics.serviceMonitor.annotations
[INFO] Auditing path $.metrics.serviceMonitor.enabled
[INFO] Auditing path $.metrics.serviceMonitor.honorLabels
[INFO] Auditing path $.metrics.serviceMonitor.interval
[INFO] Auditing path $.metrics.serviceMonitor.jobLabel
[INFO] Auditing path $.metrics.serviceMonitor.labels
[INFO] Auditing path $.metrics.serviceMonitor.metricRelabelings
[INFO] Auditing path $.metrics.serviceMonitor.namespace
[INFO] Auditing path $.metrics.serviceMonitor.relabelings
[INFO] Auditing path $.metrics.serviceMonitor.scrapeTimeout
[INFO] Auditing path $.metrics.serviceMonitor.selector
[INFO] Auditing path $.metrics.serviceMonitor.tlsConfig
[INFO] Auditing path $.metrics
[INFO] Auditing path $.minReadySeconds
[INFO] Auditing path $.nameOverride
[INFO] Auditing path $.namespaceOverride
[INFO] Auditing path $.networkPolicy.addExternalClientAccess
[INFO] Auditing path $.networkPolicy.allowExternal
[INFO] Auditing path $.networkPolicy.allowExternalEgress
[INFO] Auditing path $.networkPolicy.enabled
[INFO] Auditing path $.networkPolicy.extraEgress
[INFO] Auditing path $.networkPolicy.extraIngress
[INFO] Auditing path $.networkPolicy.ingressNSMatchLabels
[INFO] Auditing path $.networkPolicy.ingressNSMatchLabels[*]
[INFO] Auditing path $.networkPolicy.ingressNSPodMatchLabels
[INFO] Auditing path $.networkPolicy.ingressNSPodMatchLabels[*]
[INFO] Auditing path $.networkPolicy.ingressPodMatchLabels
[INFO] Auditing path $.networkPolicy.kubeAPIServerPorts
[INFO] Auditing path $.networkPolicy.kubeAPIServerPorts[*]
[INFO] Auditing path $.networkPolicy
[INFO] Auditing path $.nodeAffinityPreset.key
[INFO] Auditing path $.nodeAffinityPreset.type
[INFO] Auditing path $.nodeAffinityPreset.values
[INFO] Auditing path $.nodeAffinityPreset
[INFO] Auditing path $.nodeSelector
[INFO] Auditing path $.pdb.create
[INFO] Auditing path $.pdb.maxUnavailable
[INFO] Auditing path $.pdb.minAvailable
[INFO] Auditing path $.pdb
[INFO] Auditing path $.podAffinityPreset
[INFO] Auditing path $.podAnnotations
[INFO] Auditing path $.podAntiAffinityPreset
[INFO] Auditing path $.podLabels
[INFO] Auditing path $.podManagementPolicy
[INFO] Auditing path $.podSecurityContext.enabled
[INFO] Auditing path $.podSecurityContext.fsGroup
[INFO] Auditing path $.podSecurityContext.fsGroupChangePolicy
[INFO] Auditing path $.podSecurityContext.supplementalGroups
[INFO] Auditing path $.podSecurityContext.sysctls
[INFO] Auditing path $.podSecurityContext
[INFO] Auditing path $.postgresql.architecture
[INFO] Auditing path $.postgresql.auth
[INFO] Auditing path $.postgresql.auth.database
[INFO] Auditing path $.postgresql.auth.existingSecret
[INFO] Auditing path $.postgresql.auth.password
[INFO] Auditing path $.postgresql.auth.postgresPassword
[INFO] Auditing path $.postgresql.auth.secretKeys
[INFO] Auditing path $.postgresql.auth.secretKeys.userPasswordKey
[INFO] Auditing path $.postgresql.auth.username
[INFO] Auditing path $.postgresql.enabled
[INFO] Auditing path $.postgresql
[INFO] Auditing path $.priorityClassName
[INFO] Auditing path $.production
[INFO] Auditing path $.proxyHeaders
[INFO] Auditing path $.readinessProbe.enabled
[INFO] Auditing path $.readinessProbe.failureThreshold
[INFO] Auditing path $.readinessProbe.initialDelaySeconds
[INFO] Auditing path $.readinessProbe.periodSeconds
[INFO] Auditing path $.readinessProbe.successThreshold
[INFO] Auditing path $.readinessProbe.timeoutSeconds
[INFO] Auditing path $.readinessProbe
[INFO] Auditing path $.replicaCount
[INFO] Auditing path $.resources
[INFO] Auditing path $.resourcesPreset
[INFO] Auditing path $.revisionHistoryLimitCount
[INFO] Auditing path $.schedulerName
[INFO] Auditing path $.service.annotations
[INFO] Auditing path $.service.clusterIP
[INFO] Auditing path $.service.externalTrafficPolicy
[INFO] Auditing path $.service.extraPorts
[INFO] Auditing path $.service.headless
[INFO] Auditing path $.service.headless.annotations
[INFO] Auditing path $.service.headless.extraPorts
[INFO] Auditing path $.service.http
[INFO] Auditing path $.service.http.enabled
[INFO] Auditing path $.service.loadBalancerIP
[INFO] Auditing path $.service.loadBalancerSourceRanges
[INFO] Auditing path $.service.nodePorts
[INFO] Auditing path $.service.nodePorts.http
[INFO] Auditing path $.service.nodePorts.https
[INFO] Auditing path $.service.ports
[INFO] Auditing path $.service.ports.http
[INFO] Auditing path $.service.ports.https
[INFO] Auditing path $.service.sessionAffinity
[INFO] Auditing path $.service.sessionAffinityConfig
[INFO] Auditing path $.service.type
[INFO] Auditing path $.service
[INFO] Auditing path $.serviceAccount.annotations
[INFO] Auditing path $.serviceAccount.automountServiceAccountToken
[INFO] Auditing path $.serviceAccount.create
[INFO] Auditing path $.serviceAccount.extraLabels
[INFO] Auditing path $.serviceAccount.name
[INFO] Auditing path $.serviceAccount
[INFO] Auditing path $.sidecars
[INFO] Auditing path $.startupProbe.enabled
[INFO] Auditing path $.startupProbe.failureThreshold
[INFO] Auditing path $.startupProbe.initialDelaySeconds
[INFO] Auditing path $.startupProbe.periodSeconds
[INFO] Auditing path $.startupProbe.successThreshold
[INFO] Auditing path $.startupProbe.timeoutSeconds
[INFO] Auditing path $.startupProbe
[INFO] Auditing path $.statefulsetAnnotations
[INFO] Auditing path $.telemetry.enabled
[INFO] Auditing path $.telemetry.endpoint
[INFO] Auditing path $.telemetry.headers
[INFO] Auditing path $.telemetry.headers[*]
[INFO] Auditing path $.telemetry.logs
[INFO] Auditing path $.telemetry.logs.enabled
[INFO] Auditing path $.telemetry.logs.endpoint
[INFO] Auditing path $.telemetry.logs.headers
[INFO] Auditing path $.telemetry.logs.headers[*]
[INFO] Auditing path $.telemetry.logs.level
[INFO] Auditing path $.telemetry.logs.protocol
[INFO] Auditing path $.telemetry.metrics
[INFO] Auditing path $.telemetry.metrics.enabled
[INFO] Auditing path $.telemetry.metrics.endpoint
[INFO] Auditing path $.telemetry.metrics.headers
[INFO] Auditing path $.telemetry.metrics.headers[*]
[INFO] Auditing path $.telemetry.metrics.interval
[INFO] Auditing path $.telemetry.metrics.protocol
[INFO] Auditing path $.telemetry.protocol
[INFO] Auditing path $.telemetry.resourceAttributes
[INFO] Auditing path $.telemetry.serviceName
[INFO] Auditing path $.telemetry.tracing
[INFO] Auditing path $.telemetry.tracing.enabled
[INFO] Auditing path $.telemetry.tracing.endpoint
[INFO] Auditing path $.telemetry.tracing.protocol
[INFO] Auditing path $.telemetry
[INFO] Auditing path $.terminationGracePeriodSeconds
[INFO] Auditing path $.tls.autoGenerated
[INFO] Auditing path $.tls.autoGenerated.certManager
[INFO] Auditing path $.tls.autoGenerated.certManager.duration
[INFO] Auditing path $.tls.autoGenerated.certManager.existingIssuer
[INFO] Auditing path $.tls.autoGenerated.certManager.existingIssuerKind
[INFO] Auditing path $.tls.autoGenerated.certManager.keyAlgorithm
[INFO] Auditing path $.tls.autoGenerated.certManager.keySize
[INFO] Auditing path $.tls.autoGenerated.certManager.renewBefore
[INFO] Auditing path $.tls.autoGenerated.enabled
[INFO] Auditing path $.tls.autoGenerated.engine
[INFO] Auditing path $.tls.certFilename
[INFO] Auditing path $.tls.certKeyFilename
[INFO] Auditing path $.tls.enabled
[INFO] Auditing path $.tls.existingSecret
[INFO] Auditing path $.tls.keystoreFilename
[INFO] Auditing path $.tls.keystorePassword
[INFO] Auditing path $.tls.passwordsSecret
[INFO] Auditing path $.tls.truststoreFilename
[INFO] Auditing path $.tls.truststorePassword
[INFO] Auditing path $.tls.usePemCerts
[INFO] Auditing path $.tls
[INFO] Auditing path $.tolerations
[INFO] Auditing path $.topologySpreadConstraints
[INFO] Auditing path $.trustedCertsExistingSecret
[INFO] Auditing path $.updateStrategy.type
[INFO] Auditing path $.updateStrategy
[INFO] Auditing path $.useHelmHooks
[INFO] Auditing path $.usePasswordFiles
