[INFO] Auditing path $.affinity
[INFO] Auditing path $["annotations.prometheus.io/scrape"]
[INFO] Auditing path $.config.defaultUptimeSLO
[INFO] Auditing path $.config.outageCheckPeriodInDays
[INFO] Auditing path $.config.parserTags
[INFO] Auditing path $.config.tagExtraLabels
[INFO] Auditing path $.config.tagFormat
[INFO] Auditing path $.config.tags
[INFO] Auditing path $.config
[INFO] Auditing path $.existingSecret.name
[INFO] Auditing path $.existingSecret
[INFO] Auditing path $.extraVolumeMounts
[INFO] Auditing path $.extraVolumes
[INFO] Auditing path $.fullnameOverride
[INFO] Auditing path $.image.pullPolicy
[INFO] Auditing path $.image.repository
[INFO] Auditing path $.image.tag
[INFO] Auditing path $.image
[INFO] Auditing path $.nameOverride
[INFO] Auditing path $.nodeSelector
[INFO] Auditing path $.pingdom.apiToken
[INFO] Auditing path $.pingdom.wait
[INFO] Auditing path $.pingdom
[INFO] Auditing path $.pod.annotations
[INFO] Auditing path $.pod
[INFO] Auditing path $.replicaCount
[INFO] Auditing path $.resources
[INFO] Auditing path $.secret.annotations
[INFO] Auditing path $.secret
[INFO] Auditing path $.service.annotations
[INFO] Auditing path $.service.enabled
[INFO] Auditing path $.service.port
[INFO] Auditing path $.service.type
[INFO] Auditing path $.service
[INFO] Auditing path $.serviceAccount.annotations
[INFO] Auditing path $.serviceAccount.create
[INFO] Auditing path $.serviceAccount.name
[INFO] Auditing path $.serviceAccount
[INFO] Auditing path $.tolerations
