[INFO] Auditing path $.clusterDomain
[INFO] Auditing path $.commonAnnotations
[INFO] Auditing path $.commonLabels
[INFO] Auditing path $.diagnosticMode.args
[INFO] Auditing path $.diagnosticMode.command
[INFO] Auditing path $.diagnosticMode.enabled
[INFO] Auditing path $.diagnosticMode
[INFO] Auditing path $.extraDeploy[*]
[INFO] Auditing path $.extraDeploy
[INFO] Auditing path $.fullnameOverride
[INFO] Auditing path $.global.compatibility
[INFO] Auditing path $.global.compatibility.openshift
[INFO] Auditing path $.global.compatibility.openshift.adaptSecurityContext
[INFO] Auditing path $.global.defaultStorageClass
[INFO] Auditing path $.global.imagePullSecrets
[INFO] Auditing path $.global.imageRegistry
[INFO] Auditing path $.global.security
[INFO] Auditing path $.global.security.allowInsecureImages
[INFO] Auditing path $.global.storageClass
[INFO] Auditing path $.global
[INFO] Auditing path $.image.debug
[INFO] Auditing path $.image.digest
[INFO] Auditing path $.image.pullPolicy
[INFO] Auditing path $.image.pullSecrets
[INFO] Auditing path $.image.registry
[INFO] Auditing path $.image.repository
[INFO] Auditing path $.image.tag
[INFO] Auditing path $.image
[INFO] Auditing path $.jobmanager.affinity
[INFO] Auditing path $.jobmanager.args
[INFO] Auditing path $.jobmanager.automountServiceAccountToken
[INFO] Auditing path $.jobmanager.command
[INFO] Auditing path $.jobmanager.containerPorts
[INFO] Auditing path $.jobmanager.containerPorts.blob
[INFO] Auditing path $.jobmanager.containerPorts.http
[INFO] Auditing path $.jobmanager.containerPorts.rpc
[INFO] Auditing path $.jobmanager.containerSecurityContext
[INFO] Auditing path $.jobmanager.containerSecurityContext.allowPrivilegeEscalation
[INFO] Auditing path $.jobmanager.containerSecurityContext.capabilities
[INFO] Auditing path $.jobmanager.containerSecurityContext.capabilities.drop
[INFO] Auditing path $.jobmanager.containerSecurityContext.enabled
[INFO] Auditing path $.jobmanager.containerSecurityContext.privileged
[INFO] Auditing path $.jobmanager.containerSecurityContext.readOnlyRootFilesystem
[INFO] Auditing path $.jobmanager.containerSecurityContext.runAsGroup
[INFO] Auditing path $.jobmanager.containerSecurityContext.runAsNonRoot
[INFO] Auditing path $.jobmanager.containerSecurityContext.runAsUser
[INFO] Auditing path $.jobmanager.containerSecurityContext.seLinuxOptions
[INFO] Auditing path $.jobmanager.containerSecurityContext.seccompProfile
[INFO] Auditing path $.jobmanager.containerSecurityContext.seccompProfile.type
[INFO] Auditing path $.jobmanager.customLivenessProbe
[INFO] Auditing path $.jobmanager.customReadinessProbe
[INFO] Auditing path $.jobmanager.customStartupProbe
[INFO] Auditing path $.jobmanager.extraEnvVars
[INFO] Auditing path $.jobmanager.extraEnvVarsCM
[INFO] Auditing path $.jobmanager.extraEnvVarsSecret
[INFO] Auditing path $.jobmanager.extraVolumeMounts
[INFO] Auditing path $.jobmanager.extraVolumes
[INFO] Auditing path $.jobmanager.hostAliases
[INFO] Auditing path $.jobmanager.initContainers
[INFO] Auditing path $.jobmanager.lifecycleHooks
[INFO] Auditing path $.jobmanager.livenessProbe
[INFO] Auditing path $.jobmanager.livenessProbe.enabled
[INFO] Auditing path $.jobmanager.livenessProbe.failureThreshold
[INFO] Auditing path $.jobmanager.livenessProbe.initialDelaySeconds
[INFO] Auditing path $.jobmanager.livenessProbe.periodSeconds
[INFO] Auditing path $.jobmanager.livenessProbe.successThreshold
[INFO] Auditing path $.jobmanager.livenessProbe.timeoutSeconds
[INFO] Auditing path $.jobmanager.networkPolicy
[INFO] Auditing path $.jobmanager.networkPolicy.allowExternal
[INFO] Auditing path $.jobmanager.networkPolicy.allowExternalEgress
[INFO] Auditing path $.jobmanager.networkPolicy.enabled
[INFO] Auditing path $.jobmanager.networkPolicy.extraEgress
[INFO] Auditing path $.jobmanager.networkPolicy.extraIngress
[INFO] Auditing path $.jobmanager.networkPolicy.ingressNSMatchLabels
[INFO] Auditing path $.jobmanager.networkPolicy.ingressNSMatchLabels[*]
[INFO] Auditing path $.jobmanager.networkPolicy.ingressNSPodMatchLabels
[INFO] Auditing path $.jobmanager.networkPolicy.ingressNSPodMatchLabels[*]
[INFO] Auditing path $.jobmanager.nodeAffinityPreset
[INFO] Auditing path $.jobmanager.nodeAffinityPreset.key
[INFO] Auditing path $.jobmanager.nodeAffinityPreset.type
[INFO] Auditing path $.jobmanager.nodeAffinityPreset.values
[INFO] Auditing path $.jobmanager.nodeSelector
[INFO] Auditing path $.jobmanager.pdb
[INFO] Auditing path $.jobmanager.pdb.create
[INFO] Auditing path $.jobmanager.pdb.maxUnavailable
[INFO] Auditing path $.jobmanager.pdb.minAvailable
[INFO] Auditing path $.jobmanager.podAffinityPreset
[INFO] Auditing path $.jobmanager.podAnnotations
[INFO] Auditing path $.jobmanager.podAntiAffinityPreset
[INFO] Auditing path $.jobmanager.podLabels
[INFO] Auditing path $.jobmanager.podSecurityContext
[INFO] Auditing path $.jobmanager.podSecurityContext.enabled
[INFO] Auditing path $.jobmanager.podSecurityContext.fsGroup
[INFO] Auditing path $.jobmanager.podSecurityContext.fsGroupChangePolicy
[INFO] Auditing path $.jobmanager.podSecurityContext.supplementalGroups
[INFO] Auditing path $.jobmanager.podSecurityContext.sysctls
[INFO] Auditing path $.jobmanager.priorityClassName
[INFO] Auditing path $.jobmanager.readinessProbe
[INFO] Auditing path $.jobmanager.readinessProbe.enabled
[INFO] Auditing path $.jobmanager.readinessProbe.failureThreshold
[INFO] Auditing path $.jobmanager.readinessProbe.initialDelaySeconds
[INFO] Auditing path $.jobmanager.readinessProbe.periodSeconds
[INFO] Auditing path $.jobmanager.readinessProbe.successThreshold
[INFO] Auditing path $.jobmanager.readinessProbe.timeoutSeconds
[INFO] Auditing path $.jobmanager.replicaCount
[INFO] Auditing path $.jobmanager.resources
[INFO] Auditing path $.jobmanager.resourcesPreset
[INFO] Auditing path $.jobmanager.schedulerName
[INFO] Auditing path $.jobmanager.service
[INFO] Auditing path $.jobmanager.service.annotations
[INFO] Auditing path $.jobmanager.service.clusterIP
[INFO] Auditing path $.jobmanager.service.externalTrafficPolicy
[INFO] Auditing path $.jobmanager.service.extraPorts
[INFO] Auditing path $.jobmanager.service.loadBalancerIP
[INFO] Auditing path $.jobmanager.service.loadBalancerSourceRanges
[INFO] Auditing path $.jobmanager.service.nodePorts
[INFO] Auditing path $.jobmanager.service.nodePorts.blob
[INFO] Auditing path $.jobmanager.service.nodePorts.http
[INFO] Auditing path $.jobmanager.service.nodePorts.rpc
[INFO] Auditing path $.jobmanager.service.ports
[INFO] Auditing path $.jobmanager.service.ports.blob
[INFO] Auditing path $.jobmanager.service.ports.http
[INFO] Auditing path $.jobmanager.service.ports.rpc
[INFO] Auditing path $.jobmanager.service.sessionAffinity
[INFO] Auditing path $.jobmanager.service.sessionAffinityConfig
[INFO] Auditing path $.jobmanager.service.type
[INFO] Auditing path $.jobmanager.serviceAccount
[INFO] Auditing path $.jobmanager.serviceAccount.annotations
[INFO] Auditing path $.jobmanager.serviceAccount.automountServiceAccountToken
[INFO] Auditing path $.jobmanager.serviceAccount.create
[INFO] Auditing path $.jobmanager.serviceAccount.name
[INFO] Auditing path $.jobmanager.sidecars
[INFO] Auditing path $.jobmanager.startupProbe
[INFO] Auditing path $.jobmanager.startupProbe.enabled
[INFO] Auditing path $.jobmanager.startupProbe.failureThreshold
[INFO] Auditing path $.jobmanager.startupProbe.initialDelaySeconds
[INFO] Auditing path $.jobmanager.startupProbe.periodSeconds
[INFO] Auditing path $.jobmanager.startupProbe.successThreshold
[INFO] Auditing path $.jobmanager.startupProbe.timeoutSeconds
[INFO] Auditing path $.jobmanager.tolerations
[INFO] Auditing path $.jobmanager.topologySpreadConstraints
[INFO] Auditing path $.jobmanager.updateStrategy
[INFO] Auditing path $.jobmanager.updateStrategy.rollingUpdate
[INFO] Auditing path $.jobmanager.updateStrategy.type
[INFO] Auditing path $.jobmanager
[INFO] Auditing path $.kubeVersion
[INFO] Auditing path $.nameOverride
[INFO] Auditing path $.taskmanager.affinity
[INFO] Auditing path $.taskmanager.args
[INFO] Auditing path $.taskmanager.automountServiceAccountToken
[INFO] Auditing path $.taskmanager.command
[INFO] Auditing path $.taskmanager.containerPorts
[INFO] Auditing path $.taskmanager.containerPorts.data
[INFO] Auditing path $.taskmanager.containerPorts.internalMetrics
[INFO] Auditing path $.taskmanager.containerPorts.rpc
[INFO] Auditing path $.taskmanager.containerSecurityContext
[INFO] Auditing path $.taskmanager.containerSecurityContext.allowPrivilegeEscalation
[INFO] Auditing path $.taskmanager.containerSecurityContext.capabilities
[INFO] Auditing path $.taskmanager.containerSecurityContext.capabilities.drop
[INFO] Auditing path $.taskmanager.containerSecurityContext.enabled
[INFO] Auditing path $.taskmanager.containerSecurityContext.privileged
[INFO] Auditing path $.taskmanager.containerSecurityContext.readOnlyRootFilesystem
[INFO] Auditing path $.taskmanager.containerSecurityContext.runAsGroup
[INFO] Auditing path $.taskmanager.containerSecurityContext.runAsNonRoot
[INFO] Auditing path $.taskmanager.containerSecurityContext.runAsUser
[INFO] Auditing path $.taskmanager.containerSecurityContext.seLinuxOptions
[INFO] Auditing path $.taskmanager.containerSecurityContext.seccompProfile
[INFO] Auditing path $.taskmanager.containerSecurityContext.seccompProfile.type
[INFO] Auditing path $.taskmanager.customLivenessProbe
[INFO] Auditing path $.taskmanager.customReadinessProbe
[INFO] Auditing path $.taskmanager.customStartupProbe
[INFO] Auditing path $.taskmanager.extraEnvVars
[INFO] Auditing path $.taskmanager.extraEnvVarsCM
[INFO] Auditing path $.taskmanager.extraEnvVarsSecret
[INFO] Auditing path $.taskmanager.extraVolumeMounts
[INFO] Auditing path $.taskmanager.extraVolumes
[INFO] Auditing path $.taskmanager.hostAliases
[INFO] Auditing path $.taskmanager.initContainers
[INFO] Auditing path $.taskmanager.lifecycleHooks
[INFO] Auditing path $.taskmanager.livenessProbe
[INFO] Auditing path $.taskmanager.livenessProbe.enabled
[INFO] Auditing path $.taskmanager.livenessProbe.failureThreshold
[INFO] Auditing path $.taskmanager.livenessProbe.initialDelaySeconds
[INFO] Auditing path $.taskmanager.livenessProbe.periodSeconds
[INFO] Auditing path $.taskmanager.livenessProbe.successThreshold
[INFO] Auditing path $.taskmanager.livenessProbe.timeoutSeconds
[INFO] Auditing path $.taskmanager.networkPolicy
[INFO] Auditing path $.taskmanager.networkPolicy.allowExternal
[INFO] Auditing path $.taskmanager.networkPolicy.allowExternalEgress
[INFO] Auditing path $.taskmanager.networkPolicy.enabled
[INFO] Auditing path $.taskmanager.networkPolicy.extraEgress
[INFO] Auditing path $.taskmanager.networkPolicy.extraIngress
[INFO] Auditing path $.taskmanager.networkPolicy.ingressNSMatchLabels
[INFO] Auditing path $.taskmanager.networkPolicy.ingressNSMatchLabels[*]
[INFO] Auditing path $.taskmanager.networkPolicy.ingressNSPodMatchLabels
[INFO] Auditing path $.taskmanager.networkPolicy.ingressNSPodMatchLabels[*]
[INFO] Auditing path $.taskmanager.nodeAffinityPreset
[INFO] Auditing path $.taskmanager.nodeAffinityPreset.key
[INFO] Auditing path $.taskmanager.nodeAffinityPreset.type
[INFO] Auditing path $.taskmanager.nodeAffinityPreset.values
[INFO] Auditing path $.taskmanager.nodeSelector
[INFO] Auditing path $.taskmanager.pdb
[INFO] Auditing path $.taskmanager.pdb.create
[INFO] Auditing path $.taskmanager.pdb.maxUnavailable
[INFO] Auditing path $.taskmanager.pdb.minAvailable
[INFO] Auditing path $.taskmanager.podAffinityPreset
[INFO] Auditing path $.taskmanager.podAnnotations
[INFO] Auditing path $.taskmanager.podAntiAffinityPreset
[INFO] Auditing path $.taskmanager.podLabels
[INFO] Auditing path $.taskmanager.podManagementPolicy
[INFO] Auditing path $.taskmanager.podSecurityContext
[INFO] Auditing path $.taskmanager.podSecurityContext.enabled
[INFO] Auditing path $.taskmanager.podSecurityContext.fsGroup
[INFO] Auditing path $.taskmanager.podSecurityContext.fsGroupChangePolicy
[INFO] Auditing path $.taskmanager.podSecurityContext.supplementalGroups
[INFO] Auditing path $.taskmanager.podSecurityContext.sysctls
[INFO] Auditing path $.taskmanager.priorityClassName
[INFO] Auditing path $.taskmanager.readinessProbe
[INFO] Auditing path $.taskmanager.readinessProbe.enabled
[INFO] Auditing path $.taskmanager.readinessProbe.failureThreshold
[INFO] Auditing path $.taskmanager.readinessProbe.initialDelaySeconds
[INFO] Auditing path $.taskmanager.readinessProbe.periodSeconds
[INFO] Auditing path $.taskmanager.readinessProbe.successThreshold
[INFO] Auditing path $.taskmanager.readinessProbe.timeoutSeconds
[INFO] Auditing path $.taskmanager.replicaCount
[INFO] Auditing path $.taskmanager.resources
[INFO] Auditing path $.taskmanager.resourcesPreset
[INFO] Auditing path $.taskmanager.schedulerName
[INFO] Auditing path $.taskmanager.service
[INFO] Auditing path $.taskmanager.service.annotations
[INFO] Auditing path $.taskmanager.service.clusterIP
[INFO] Auditing path $.taskmanager.service.externalTrafficPolicy
[INFO] Auditing path $.taskmanager.service.extraPorts
[INFO] Auditing path $.taskmanager.service.loadBalancerIP
[INFO] Auditing path $.taskmanager.service.loadBalancerSourceRanges
[INFO] Auditing path $.taskmanager.service.nodePorts
[INFO] Auditing path $.taskmanager.service.nodePorts.data
[INFO] Auditing path $.taskmanager.service.nodePorts.internalMetrics
[INFO] Auditing path $.taskmanager.service.nodePorts.rpc
[INFO] Auditing path $.taskmanager.service.ports
[INFO] Auditing path $.taskmanager.service.ports.data
[INFO] Auditing path $.taskmanager.service.ports.internalMetrics
[INFO] Auditing path $.taskmanager.service.ports.rpc
[INFO] Auditing path $.taskmanager.service.sessionAffinity
[INFO] Auditing path $.taskmanager.service.sessionAffinityConfig
[INFO] Auditing path $.taskmanager.service.type
[INFO] Auditing path $.taskmanager.serviceAccount
[INFO] Auditing path $.taskmanager.serviceAccount.annotations
[INFO] Auditing path $.taskmanager.serviceAccount.automountServiceAccountToken
[INFO] Auditing path $.taskmanager.serviceAccount.create
[INFO] Auditing path $.taskmanager.serviceAccount.name
[INFO] Auditing path $.taskmanager.sidecars
[INFO] Auditing path $.taskmanager.startupProbe
[INFO] Auditing path $.taskmanager.startupProbe.enabled
[INFO] Auditing path $.taskmanager.startupProbe.failureThreshold
[INFO] Auditing path $.taskmanager.startupProbe.initialDelaySeconds
[INFO] Auditing path $.taskmanager.startupProbe.periodSeconds
[INFO] Auditing path $.taskmanager.startupProbe.successThreshold
[INFO] Auditing path $.taskmanager.startupProbe.timeoutSeconds
[INFO] Auditing path $.taskmanager.tolerations
[INFO] Auditing path $.taskmanager.topologySpreadConstraints
[INFO] Auditing path $.taskmanager.updateStrategy
[INFO] Auditing path $.taskmanager.updateStrategy.rollingUpdate
[INFO] Auditing path $.taskmanager.updateStrategy.type
[INFO] Auditing path $.taskmanager
