[INFO] Auditing path $.backup.cronjob
[INFO] Auditing path $.backup.cronjob.affinity
[INFO] Auditing path $.backup.cronjob.annotations
[INFO] Auditing path $.backup.cronjob.command
[INFO] Auditing path $.backup.cronjob.concurrencyPolicy
[INFO] Auditing path $.backup.cronjob.containerSecurityContext
[INFO] Auditing path $.backup.cronjob.containerSecurityContext.allowPrivilegeEscalation
[INFO] Auditing path $.backup.cronjob.containerSecurityContext.capabilities
[INFO] Auditing path $.backup.cronjob.containerSecurityContext.capabilities.drop
[INFO] Auditing path $.backup.cronjob.containerSecurityContext.enabled
[INFO] Auditing path $.backup.cronjob.containerSecurityContext.readOnlyRootFilesystem
[INFO] Auditing path $.backup.cronjob.containerSecurityContext.runAsGroup
[INFO] Auditing path $.backup.cronjob.containerSecurityContext.runAsNonRoot
[INFO] Auditing path $.backup.cronjob.containerSecurityContext.runAsUser
[INFO] Auditing path $.backup.cronjob.containerSecurityContext.seLinuxOptions
[INFO] Auditing path $.backup.cronjob.containerSecurityContext.seccompProfile
[INFO] Auditing path $.backup.cronjob.containerSecurityContext.seccompProfile.type
[INFO] Auditing path $.backup.cronjob.extraEnvVars
[INFO] Auditing path $.backup.cronjob.extraEnvVarsCM
[INFO] Auditing path $.backup.cronjob.extraEnvVarsSecret
[INFO] Auditing path $.backup.cronjob.extraVolumeMounts
[INFO] Auditing path $.backup.cronjob.extraVolumes
[INFO] Auditing path $.backup.cronjob.failedJobsHistoryLimit
[INFO] Auditing path $.backup.cronjob.labels
[INFO] Auditing path $.backup.cronjob.nodeAffinityPreset
[INFO] Auditing path $.backup.cronjob.nodeAffinityPreset.key
[INFO] Auditing path $.backup.cronjob.nodeAffinityPreset.type
[INFO] Auditing path $.backup.cronjob.nodeAffinityPreset.values
[INFO] Auditing path $.backup.cronjob.nodeSelector
[INFO] Auditing path $.backup.cronjob.podAffinityPreset
[INFO] Auditing path $.backup.cronjob.podSecurityContext
[INFO] Auditing path $.backup.cronjob.podSecurityContext.enabled
[INFO] Auditing path $.backup.cronjob.podSecurityContext.fsGroup
[INFO] Auditing path $.backup.cronjob.podSecurityContext.fsGroupChangePolicy
[INFO] Auditing path $.backup.cronjob.podSecurityContext.supplementalGroups
[INFO] Auditing path $.backup.cronjob.podSecurityContext.sysctls
[INFO] Auditing path $.backup.cronjob.resources
[INFO] Auditing path $.backup.cronjob.resourcesPreset
[INFO] Auditing path $.backup.cronjob.restartPolicy
[INFO] Auditing path $.backup.cronjob.schedule
[INFO] Auditing path $.backup.cronjob.startingDeadlineSeconds
[INFO] Auditing path $.backup.cronjob.storage
[INFO] Auditing path $.backup.cronjob.storage.accessModes
[INFO] Auditing path $.backup.cronjob.storage.accessModes[*]
[INFO] Auditing path $.backup.cronjob.storage.annotations
[INFO] Auditing path $.backup.cronjob.storage.existingClaim
[INFO] Auditing path $.backup.cronjob.storage.mountPath
[INFO] Auditing path $.backup.cronjob.storage.resourcePolicy
[INFO] Auditing path $.backup.cronjob.storage.size
[INFO] Auditing path $.backup.cronjob.storage.storageClass
[INFO] Auditing path $.backup.cronjob.storage.subPath
[INFO] Auditing path $.backup.cronjob.storage.volumeClaimTemplates
[INFO] Auditing path $.backup.cronjob.storage.volumeClaimTemplates.selector
[INFO] Auditing path $.backup.cronjob.successfulJobsHistoryLimit
[INFO] Auditing path $.backup.cronjob.timeZone
[INFO] Auditing path $.backup.cronjob.timezone
[INFO] Auditing path $.backup.cronjob.tolerations
[INFO] Auditing path $.backup.cronjob.ttlSecondsAfterFinished
[INFO] Auditing path $.backup.enabled
[INFO] Auditing path $.backup
[INFO] Auditing path $.clusterDomain
[INFO] Auditing path $.commonAnnotations
[INFO] Auditing path $.commonLabels
[INFO] Auditing path $.diagnosticMode.args
[INFO] Auditing path $.diagnosticMode.command
[INFO] Auditing path $.diagnosticMode.enabled
[INFO] Auditing path $.diagnosticMode
[INFO] Auditing path $.extraDeploy[*]
[INFO] Auditing path $.extraDeploy
[INFO] Auditing path $.fullnameOverride
[INFO] Auditing path $.global.compatibility
[INFO] Auditing path $.global.compatibility.openshift
[INFO] Auditing path $.global.compatibility.openshift.adaptSecurityContext
[INFO] Auditing path $.global.defaultStorageClass
[INFO] Auditing path $.global.imagePullSecrets
[INFO] Auditing path $.global.imageRegistry
[INFO] Auditing path $.global.ldap
[INFO] Auditing path $.global.ldap.bindpw
[INFO] Auditing path $.global.ldap.existingSecret
[INFO] Auditing path $.global.pgpool
[INFO] Auditing path $.global.pgpool.adminPassword
[INFO] Auditing path $.global.pgpool.adminUsername
[INFO] Auditing path $.global.pgpool.existingSecret
[INFO] Auditing path $.global.pgpool.srCheckPassword
[INFO] Auditing path $.global.pgpool.srCheckUsername
[INFO] Auditing path $.global.postgresql
[INFO] Auditing path $.global.postgresql.database
[INFO] Auditing path $.global.postgresql.existingSecret
[INFO] Auditing path $.global.postgresql.password
[INFO] Auditing path $.global.postgresql.repmgrDatabase
[INFO] Auditing path $.global.postgresql.repmgrPassword
[INFO] Auditing path $.global.postgresql.repmgrUsername
[INFO] Auditing path $.global.postgresql.username
[INFO] Auditing path $.global.security
[INFO] Auditing path $.global.security.allowInsecureImages
[INFO] Auditing path $.global
[INFO] Auditing path $.kubeVersion
[INFO] Auditing path $.ldap.basedn
[INFO] Auditing path $.ldap.binddn
[INFO] Auditing path $.ldap.bindpw
[INFO] Auditing path $.ldap.bslookup
[INFO] Auditing path $.ldap.enabled
[INFO] Auditing path $.ldap.existingSecret
[INFO] Auditing path $.ldap.nssInitgroupsIgnoreusers
[INFO] Auditing path $.ldap.scope
[INFO] Auditing path $.ldap.searchfilter
[INFO] Auditing path $.ldap.searchmap
[INFO] Auditing path $.ldap.tlsReqcert
[INFO] Auditing path $.ldap.uri
[INFO] Auditing path $.ldap
[INFO] Auditing path $.metrics.annotations
[INFO] Auditing path $.metrics.annotations["prometheus.io/port"]
[INFO] Auditing path $.metrics.annotations["prometheus.io/scrape"]
[INFO] Auditing path $.metrics.containerPorts
[INFO] Auditing path $.metrics.containerPorts.http
[INFO] Auditing path $.metrics.customLivenessProbe
[INFO] Auditing path $.metrics.customMetrics
[INFO] Auditing path $.metrics.customReadinessProbe
[INFO] Auditing path $.metrics.customStartupProbe
[INFO] Auditing path $.metrics.enabled
[INFO] Auditing path $.metrics.extraEnvVars
[INFO] Auditing path $.metrics.extraEnvVarsCM
[INFO] Auditing path $.metrics.extraEnvVarsSecret
[INFO] Auditing path $.metrics.image
[INFO] Auditing path $.metrics.image.debug
[INFO] Auditing path $.metrics.image.digest
[INFO] Auditing path $.metrics.image.pullPolicy
[INFO] Auditing path $.metrics.image.pullSecrets
[INFO] Auditing path $.metrics.image.registry
[INFO] Auditing path $.metrics.image.repository
[INFO] Auditing path $.metrics.image.tag
[INFO] Auditing path $.metrics.livenessProbe
[INFO] Auditing path $.metrics.livenessProbe.enabled
[INFO] Auditing path $.metrics.livenessProbe.failureThreshold
[INFO] Auditing path $.metrics.livenessProbe.initialDelaySeconds
[INFO] Auditing path $.metrics.livenessProbe.periodSeconds
[INFO] Auditing path $.metrics.livenessProbe.successThreshold
[INFO] Auditing path $.metrics.livenessProbe.timeoutSeconds
[INFO] Auditing path $.metrics.podSecurityContext
[INFO] Auditing path $.metrics.podSecurityContext.enabled
[INFO] Auditing path $.metrics.podSecurityContext.runAsGroup
[INFO] Auditing path $.metrics.podSecurityContext.runAsNonRoot
[INFO] Auditing path $.metrics.podSecurityContext.runAsUser
[INFO] Auditing path $.metrics.podSecurityContext.seLinuxOptions
[INFO] Auditing path $.metrics.podSecurityContext.seccompProfile
[INFO] Auditing path $.metrics.podSecurityContext.seccompProfile.type
[INFO] Auditing path $.metrics.readinessProbe
[INFO] Auditing path $.metrics.readinessProbe.enabled
[INFO] Auditing path $.metrics.readinessProbe.failureThreshold
[INFO] Auditing path $.metrics.readinessProbe.initialDelaySeconds
[INFO] Auditing path $.metrics.readinessProbe.periodSeconds
[INFO] Auditing path $.metrics.readinessProbe.successThreshold
[INFO] Auditing path $.metrics.readinessProbe.timeoutSeconds
[INFO] Auditing path $.metrics.resources
[INFO] Auditing path $.metrics.resourcesPreset
[INFO] Auditing path $.metrics.service
[INFO] Auditing path $.metrics.service.clusterIP
[INFO] Auditing path $.metrics.service.enabled
[INFO] Auditing path $.metrics.service.externalTrafficPolicy
[INFO] Auditing path $.metrics.service.loadBalancerIP
[INFO] Auditing path $.metrics.service.loadBalancerSourceRanges
[INFO] Auditing path $.metrics.service.nodePorts
[INFO] Auditing path $.metrics.service.nodePorts.metrics
[INFO] Auditing path $.metrics.service.ports
[INFO] Auditing path $.metrics.service.ports.metrics
[INFO] Auditing path $.metrics.service.type
[INFO] Auditing path $.metrics.serviceMonitor
[INFO] Auditing path $.metrics.serviceMonitor.annotations
[INFO] Auditing path $.metrics.serviceMonitor.enabled
[INFO] Auditing path $.metrics.serviceMonitor.honorLabels
[INFO] Auditing path $.metrics.serviceMonitor.interval
[INFO] Auditing path $.metrics.serviceMonitor.jobLabel
[INFO] Auditing path $.metrics.serviceMonitor.labels
[INFO] Auditing path $.metrics.serviceMonitor.metricRelabelings
[INFO] Auditing path $.metrics.serviceMonitor.namespace
[INFO] Auditing path $.metrics.serviceMonitor.relabelings
[INFO] Auditing path $.metrics.serviceMonitor.scrapeTimeout
[INFO] Auditing path $.metrics.serviceMonitor.selector
[INFO] Auditing path $.metrics.serviceMonitor.selector.prometheus
[INFO] Auditing path $.metrics.startupProbe
[INFO] Auditing path $.metrics.startupProbe.enabled
[INFO] Auditing path $.metrics.startupProbe.failureThreshold
[INFO] Auditing path $.metrics.startupProbe.initialDelaySeconds
[INFO] Auditing path $.metrics.startupProbe.periodSeconds
[INFO] Auditing path $.metrics.startupProbe.successThreshold
[INFO] Auditing path $.metrics.startupProbe.timeoutSeconds
[INFO] Auditing path $.metrics
[INFO] Auditing path $.nameOverride
[INFO] Auditing path $.namespaceOverride
[INFO] Auditing path $.persistence.accessModes
[INFO] Auditing path $.persistence.annotations
[INFO] Auditing path $.persistence.enabled
[INFO] Auditing path $.persistence.existingClaim
[INFO] Auditing path $.persistence.labels
[INFO] Auditing path $.persistence.mountPath
[INFO] Auditing path $.persistence.selector
[INFO] Auditing path $.persistence.size
[INFO] Auditing path $.persistence.storageClass
[INFO] Auditing path $.persistence
[INFO] Auditing path $.persistentVolumeClaimRetentionPolicy.enabled
[INFO] Auditing path $.persistentVolumeClaimRetentionPolicy.whenDeleted
[INFO] Auditing path $.persistentVolumeClaimRetentionPolicy.whenScaled
[INFO] Auditing path $.persistentVolumeClaimRetentionPolicy
[INFO] Auditing path $.pgpool.adminPassword
[INFO] Auditing path $.pgpool.adminUsername
[INFO] Auditing path $.pgpool.affinity
[INFO] Auditing path $.pgpool.args
[INFO] Auditing path $.pgpool.authenticationMethod
[INFO] Auditing path $.pgpool.automountServiceAccountToken
[INFO] Auditing path $.pgpool.childLifeTime
[INFO] Auditing path $.pgpool.childMaxConnections
[INFO] Auditing path $.pgpool.clientIdleLimit
[INFO] Auditing path $.pgpool.clientMinMessages
[INFO] Auditing path $.pgpool.command
[INFO] Auditing path $.pgpool.configuration
[INFO] Auditing path $.pgpool.configurationCM
[INFO] Auditing path $.pgpool.connectionLifeTime
[INFO] Auditing path $.pgpool.containerPorts
[INFO] Auditing path $.pgpool.containerPorts.postgresql
[INFO] Auditing path $.pgpool.containerSecurityContext
[INFO] Auditing path $.pgpool.containerSecurityContext.allowPrivilegeEscalation
[INFO] Auditing path $.pgpool.containerSecurityContext.capabilities
[INFO] Auditing path $.pgpool.containerSecurityContext.capabilities.drop
[INFO] Auditing path $.pgpool.containerSecurityContext.enabled
[INFO] Auditing path $.pgpool.containerSecurityContext.privileged
[INFO] Auditing path $.pgpool.containerSecurityContext.readOnlyRootFilesystem
[INFO] Auditing path $.pgpool.containerSecurityContext.runAsGroup
[INFO] Auditing path $.pgpool.containerSecurityContext.runAsNonRoot
[INFO] Auditing path $.pgpool.containerSecurityContext.runAsUser
[INFO] Auditing path $.pgpool.containerSecurityContext.seLinuxOptions
[INFO] Auditing path $.pgpool.containerSecurityContext.seccompProfile
[INFO] Auditing path $.pgpool.containerSecurityContext.seccompProfile.type
[INFO] Auditing path $.pgpool.customLivenessProbe
[INFO] Auditing path $.pgpool.customLivenessProbe.timeoutSeconds
[INFO] Auditing path $.pgpool.customReadinessProbe
[INFO] Auditing path $.pgpool.customStartupProbe
[INFO] Auditing path $.pgpool.customUsers
[INFO] Auditing path $.pgpool.customUsers.passwords
[INFO] Auditing path $.pgpool.customUsers.usernames
[INFO] Auditing path $.pgpool.customUsersSecret
[INFO] Auditing path $.pgpool.disableLoadBalancingOnWrite
[INFO] Auditing path $.pgpool.existingSecret
[INFO] Auditing path $.pgpool.extraEnvVars
[INFO] Auditing path $.pgpool.extraEnvVarsCM
[INFO] Auditing path $.pgpool.extraEnvVarsSecret
[INFO] Auditing path $.pgpool.extraVolumeMounts
[INFO] Auditing path $.pgpool.extraVolumes
[INFO] Auditing path $.pgpool.hostAliases
[INFO] Auditing path $.pgpool.image
[INFO] Auditing path $.pgpool.image.debug
[INFO] Auditing path $.pgpool.image.digest
[INFO] Auditing path $.pgpool.image.pullPolicy
[INFO] Auditing path $.pgpool.image.pullSecrets
[INFO] Auditing path $.pgpool.image.registry
[INFO] Auditing path $.pgpool.image.repository
[INFO] Auditing path $.pgpool.image.tag
[INFO] Auditing path $.pgpool.initContainers
[INFO] Auditing path $.pgpool.initdbScripts
[INFO] Auditing path $.pgpool.initdbScriptsCM
[INFO] Auditing path $.pgpool.initdbScriptsSecret
[INFO] Auditing path $.pgpool.labels
[INFO] Auditing path $.pgpool.lifecycleHooks
[INFO] Auditing path $.pgpool.livenessProbe
[INFO] Auditing path $.pgpool.livenessProbe.enabled
[INFO] Auditing path $.pgpool.livenessProbe.failureThreshold
[INFO] Auditing path $.pgpool.livenessProbe.initialDelaySeconds
[INFO] Auditing path $.pgpool.livenessProbe.periodSeconds
[INFO] Auditing path $.pgpool.livenessProbe.successThreshold
[INFO] Auditing path $.pgpool.livenessProbe.timeoutSeconds
[INFO] Auditing path $.pgpool.logConnections
[INFO] Auditing path $.pgpool.logHostname
[INFO] Auditing path $.pgpool.logLinePrefix
[INFO] Auditing path $.pgpool.logPcpProcesses
[INFO] Auditing path $.pgpool.logPerNodeStatement
[INFO] Auditing path $.pgpool.maxPool
[INFO] Auditing path $.pgpool.minReadySeconds
[INFO] Auditing path $.pgpool.networkPolicy
[INFO] Auditing path $.pgpool.networkPolicy.allowExternal
[INFO] Auditing path $.pgpool.networkPolicy.allowExternalEgress
[INFO] Auditing path $.pgpool.networkPolicy.enabled
[INFO] Auditing path $.pgpool.networkPolicy.extraEgress
[INFO] Auditing path $.pgpool.networkPolicy.extraIngress
[INFO] Auditing path $.pgpool.networkPolicy.ingressNSMatchLabels
[INFO] Auditing path $.pgpool.networkPolicy.ingressNSMatchLabels[*]
[INFO] Auditing path $.pgpool.networkPolicy.ingressNSPodMatchLabels
[INFO] Auditing path $.pgpool.networkPolicy.ingressNSPodMatchLabels[*]
[INFO] Auditing path $.pgpool.nodeAffinityPreset
[INFO] Auditing path $.pgpool.nodeAffinityPreset.key
[INFO] Auditing path $.pgpool.nodeAffinityPreset.type
[INFO] Auditing path $.pgpool.nodeAffinityPreset.values
[INFO] Auditing path $.pgpool.nodeSelector
[INFO] Auditing path $.pgpool.numInitChildren
[INFO] Auditing path $.pgpool.pdb
[INFO] Auditing path $.pgpool.pdb.create
[INFO] Auditing path $.pgpool.pdb.maxUnavailable
[INFO] Auditing path $.pgpool.pdb.minAvailable
[INFO] Auditing path $.pgpool.podAffinityPreset
[INFO] Auditing path $.pgpool.podAnnotations
[INFO] Auditing path $.pgpool.podAntiAffinityPreset
[INFO] Auditing path $.pgpool.podLabels
[INFO] Auditing path $.pgpool.podSecurityContext
[INFO] Auditing path $.pgpool.podSecurityContext.enabled
[INFO] Auditing path $.pgpool.podSecurityContext.fsGroup
[INFO] Auditing path $.pgpool.podSecurityContext.fsGroupChangePolicy
[INFO] Auditing path $.pgpool.podSecurityContext.supplementalGroups
[INFO] Auditing path $.pgpool.podSecurityContext.sysctls
[INFO] Auditing path $.pgpool.poolHbaConfiguration
[INFO] Auditing path $.pgpool.priorityClassName
[INFO] Auditing path $.pgpool.readinessProbe
[INFO] Auditing path $.pgpool.readinessProbe.enabled
[INFO] Auditing path $.pgpool.readinessProbe.failureThreshold
[INFO] Auditing path $.pgpool.readinessProbe.initialDelaySeconds
[INFO] Auditing path $.pgpool.readinessProbe.periodSeconds
[INFO] Auditing path $.pgpool.readinessProbe.successThreshold
[INFO] Auditing path $.pgpool.readinessProbe.timeoutSeconds
[INFO] Auditing path $.pgpool.replicaCount
[INFO] Auditing path $.pgpool.reservedConnections
[INFO] Auditing path $.pgpool.resources
[INFO] Auditing path $.pgpool.resourcesPreset
[INFO] Auditing path $.pgpool.schedulerName
[INFO] Auditing path $.pgpool.serviceAnnotations
[INFO] Auditing path $.pgpool.serviceLabels
[INFO] Auditing path $.pgpool.sidecars
[INFO] Auditing path $.pgpool.srCheckDatabase
[INFO] Auditing path $.pgpool.srCheckPassword
[INFO] Auditing path $.pgpool.srCheckUsername
[INFO] Auditing path $.pgpool.startupProbe
[INFO] Auditing path $.pgpool.startupProbe.enabled
[INFO] Auditing path $.pgpool.startupProbe.failureThreshold
[INFO] Auditing path $.pgpool.startupProbe.initialDelaySeconds
[INFO] Auditing path $.pgpool.startupProbe.periodSeconds
[INFO] Auditing path $.pgpool.startupProbe.successThreshold
[INFO] Auditing path $.pgpool.startupProbe.timeoutSeconds
[INFO] Auditing path $.pgpool.terminationGracePeriodSeconds
[INFO] Auditing path $.pgpool.tls
[INFO] Auditing path $.pgpool.tls.autoGenerated
[INFO] Auditing path $.pgpool.tls.certCAFilename
[INFO] Auditing path $.pgpool.tls.certFilename
[INFO] Auditing path $.pgpool.tls.certKeyFilename
[INFO] Auditing path $.pgpool.tls.certificatesSecret
[INFO] Auditing path $.pgpool.tls.enabled
[INFO] Auditing path $.pgpool.tls.preferServerCiphers
[INFO] Auditing path $.pgpool.tolerations
[INFO] Auditing path $.pgpool.topologySpreadConstraints
[INFO] Auditing path $.pgpool.updateStrategy
[INFO] Auditing path $.pgpool.useConnectionCache
[INFO] Auditing path $.pgpool.useLoadBalancing
[INFO] Auditing path $.pgpool.usePasswordFiles
[INFO] Auditing path $.pgpool
[INFO] Auditing path $.postgresql.affinity
[INFO] Auditing path $.postgresql.args
[INFO] Auditing path $.postgresql.audit
[INFO] Auditing path $.postgresql.audit.clientMinMessages
[INFO] Auditing path $.postgresql.audit.logConnections
[INFO] Auditing path $.postgresql.audit.logDisconnections
[INFO] Auditing path $.postgresql.audit.logHostname
[INFO] Auditing path $.postgresql.audit.logLinePrefix
[INFO] Auditing path $.postgresql.audit.logTimezone
[INFO] Auditing path $.postgresql.audit.pgAuditLog
[INFO] Auditing path $.postgresql.audit.pgAuditLogCatalog
[INFO] Auditing path $.postgresql.automountServiceAccountToken
[INFO] Auditing path $.postgresql.command
[INFO] Auditing path $.postgresql.configuration
[INFO] Auditing path $.postgresql.configurationCM
[INFO] Auditing path $.postgresql.containerPorts
[INFO] Auditing path $.postgresql.containerPorts.postgresql
[INFO] Auditing path $.postgresql.containerSecurityContext
[INFO] Auditing path $.postgresql.containerSecurityContext.allowPrivilegeEscalation
[INFO] Auditing path $.postgresql.containerSecurityContext.capabilities
[INFO] Auditing path $.postgresql.containerSecurityContext.capabilities.drop
[INFO] Auditing path $.postgresql.containerSecurityContext.enabled
[INFO] Auditing path $.postgresql.containerSecurityContext.privileged
[INFO] Auditing path $.postgresql.containerSecurityContext.readOnlyRootFilesystem
[INFO] Auditing path $.postgresql.containerSecurityContext.runAsGroup
[INFO] Auditing path $.postgresql.containerSecurityContext.runAsNonRoot
[INFO] Auditing path $.postgresql.containerSecurityContext.runAsUser
[INFO] Auditing path $.postgresql.containerSecurityContext.seLinuxOptions
[INFO] Auditing path $.postgresql.containerSecurityContext.seccompProfile
[INFO] Auditing path $.postgresql.containerSecurityContext.seccompProfile.type
[INFO] Auditing path $.postgresql.customLivenessProbe
[INFO] Auditing path $.postgresql.customReadinessProbe
[INFO] Auditing path $.postgresql.customStartupProbe
[INFO] Auditing path $.postgresql.database
[INFO] Auditing path $.postgresql.dbUserConnectionLimit
[INFO] Auditing path $.postgresql.existingSecret
[INFO] Auditing path $.postgresql.extendedConf
[INFO] Auditing path $.postgresql.extendedConfCM
[INFO] Auditing path $.postgresql.extraEnvVars
[INFO] Auditing path $.postgresql.extraEnvVarsCM
[INFO] Auditing path $.postgresql.extraEnvVarsSecret
[INFO] Auditing path $.postgresql.extraInitContainers
[INFO] Auditing path $.postgresql.extraVolumeMounts
[INFO] Auditing path $.postgresql.extraVolumes
[INFO] Auditing path $.postgresql.headlessWithNotReadyAddresses
[INFO] Auditing path $.postgresql.hostAliases
[INFO] Auditing path $.postgresql.hostIPC
[INFO] Auditing path $.postgresql.hostNetwork
[INFO] Auditing path $.postgresql.image
[INFO] Auditing path $.postgresql.image.debug
[INFO] Auditing path $.postgresql.image.digest
[INFO] Auditing path $.postgresql.image.pullPolicy
[INFO] Auditing path $.postgresql.image.pullSecrets
[INFO] Auditing path $.postgresql.image.registry
[INFO] Auditing path $.postgresql.image.repository
[INFO] Auditing path $.postgresql.image.tag
[INFO] Auditing path $.postgresql.initContainers
[INFO] Auditing path $.postgresql.initdbScripts
[INFO] Auditing path $.postgresql.initdbScriptsCM
[INFO] Auditing path $.postgresql.initdbScriptsSecret
[INFO] Auditing path $.postgresql.labels
[INFO] Auditing path $.postgresql.lifecycleHooks
[INFO] Auditing path $.postgresql.livenessProbe
[INFO] Auditing path $.postgresql.livenessProbe.enabled
[INFO] Auditing path $.postgresql.livenessProbe.failureThreshold
[INFO] Auditing path $.postgresql.livenessProbe.initialDelaySeconds
[INFO] Auditing path $.postgresql.livenessProbe.periodSeconds
[INFO] Auditing path $.postgresql.livenessProbe.successThreshold
[INFO] Auditing path $.postgresql.livenessProbe.timeoutSeconds
[INFO] Auditing path $.postgresql.maxConnections
[INFO] Auditing path $.postgresql.networkPolicy
[INFO] Auditing path $.postgresql.networkPolicy.allowExternal
[INFO] Auditing path $.postgresql.networkPolicy.allowExternalEgress
[INFO] Auditing path $.postgresql.networkPolicy.enabled
[INFO] Auditing path $.postgresql.networkPolicy.extraEgress
[INFO] Auditing path $.postgresql.networkPolicy.extraIngress
[INFO] Auditing path $.postgresql.networkPolicy.ingressNSMatchLabels
[INFO] Auditing path $.postgresql.networkPolicy.ingressNSMatchLabels[*]
[INFO] Auditing path $.postgresql.networkPolicy.ingressNSPodMatchLabels
[INFO] Auditing path $.postgresql.networkPolicy.ingressNSPodMatchLabels[*]
[INFO] Auditing path $.postgresql.nodeAffinityPreset
[INFO] Auditing path $.postgresql.nodeAffinityPreset.key
[INFO] Auditing path $.postgresql.nodeAffinityPreset.type
[INFO] Auditing path $.postgresql.nodeAffinityPreset.values
[INFO] Auditing path $.postgresql.nodeSelector
[INFO] Auditing path $.postgresql.password
[INFO] Auditing path $.postgresql.pdb
[INFO] Auditing path $.postgresql.pdb.create
[INFO] Auditing path $.postgresql.pdb.maxUnavailable
[INFO] Auditing path $.postgresql.pdb.minAvailable
[INFO] Auditing path $.postgresql.pgHbaConfiguration
[INFO] Auditing path $.postgresql.pgHbaTrustAll
[INFO] Auditing path $.postgresql.pghbaRemoveFilters
[INFO] Auditing path $.postgresql.podAffinityPreset
[INFO] Auditing path $.postgresql.podAnnotations
[INFO] Auditing path $.postgresql.podAntiAffinityPreset
[INFO] Auditing path $.postgresql.podLabels
[INFO] Auditing path $.postgresql.podManagementPolicy
[INFO] Auditing path $.postgresql.podSecurityContext
[INFO] Auditing path $.postgresql.podSecurityContext.enabled
[INFO] Auditing path $.postgresql.podSecurityContext.fsGroup
[INFO] Auditing path $.postgresql.podSecurityContext.fsGroupChangePolicy
[INFO] Auditing path $.postgresql.podSecurityContext.supplementalGroups
[INFO] Auditing path $.postgresql.podSecurityContext.sysctls
[INFO] Auditing path $.postgresql.postgresConnectionLimit
[INFO] Auditing path $.postgresql.postgresPassword
[INFO] Auditing path $.postgresql.preStopDelayAfterPgStopSeconds
[INFO] Auditing path $.postgresql.priorityClassName
[INFO] Auditing path $.postgresql.readinessProbe
[INFO] Auditing path $.postgresql.readinessProbe.enabled
[INFO] Auditing path $.postgresql.readinessProbe.failureThreshold
[INFO] Auditing path $.postgresql.readinessProbe.initialDelaySeconds
[INFO] Auditing path $.postgresql.readinessProbe.periodSeconds
[INFO] Auditing path $.postgresql.readinessProbe.successThreshold
[INFO] Auditing path $.postgresql.readinessProbe.timeoutSeconds
[INFO] Auditing path $.postgresql.replicaCount
[INFO] Auditing path $.postgresql.repmgrChildNodesCheckInterval
[INFO] Auditing path $.postgresql.repmgrChildNodesConnectedMinCount
[INFO] Auditing path $.postgresql.repmgrChildNodesDisconnectTimeout
[INFO] Auditing path $.postgresql.repmgrConfiguration
[INFO] Auditing path $.postgresql.repmgrConnectTimeout
[INFO] Auditing path $.postgresql.repmgrDatabase
[INFO] Auditing path $.postgresql.repmgrFenceOldPrimary
[INFO] Auditing path $.postgresql.repmgrLogLevel
[INFO] Auditing path $.postgresql.repmgrPassfilePath
[INFO] Auditing path $.postgresql.repmgrPassword
[INFO] Auditing path $.postgresql.repmgrReconnectAttempts
[INFO] Auditing path $.postgresql.repmgrReconnectInterval
[INFO] Auditing path $.postgresql.repmgrUsePassfile
[INFO] Auditing path $.postgresql.repmgrUsername
[INFO] Auditing path $.postgresql.resources
[INFO] Auditing path $.postgresql.resourcesPreset
[INFO] Auditing path $.postgresql.schedulerName
[INFO] Auditing path $.postgresql.serviceAnnotations
[INFO] Auditing path $.postgresql.sharedPreloadLibraries
[INFO] Auditing path $.postgresql.sidecars
[INFO] Auditing path $.postgresql.startupProbe
[INFO] Auditing path $.postgresql.startupProbe.enabled
[INFO] Auditing path $.postgresql.startupProbe.failureThreshold
[INFO] Auditing path $.postgresql.startupProbe.initialDelaySeconds
[INFO] Auditing path $.postgresql.startupProbe.periodSeconds
[INFO] Auditing path $.postgresql.startupProbe.successThreshold
[INFO] Auditing path $.postgresql.startupProbe.timeoutSeconds
[INFO] Auditing path $.postgresql.statementTimeout
[INFO] Auditing path $.postgresql.syncReplication
[INFO] Auditing path $.postgresql.syncReplicationMode
[INFO] Auditing path $.postgresql.tcpKeepalivesCount
[INFO] Auditing path $.postgresql.tcpKeepalivesIdle
[INFO] Auditing path $.postgresql.tcpKeepalivesInterval
[INFO] Auditing path $.postgresql.terminationGracePeriodSeconds
[INFO] Auditing path $.postgresql.tls
[INFO] Auditing path $.postgresql.tls.certFilename
[INFO] Auditing path $.postgresql.tls.certKeyFilename
[INFO] Auditing path $.postgresql.tls.certificatesSecret
[INFO] Auditing path $.postgresql.tls.enabled
[INFO] Auditing path $.postgresql.tls.preferServerCiphers
[INFO] Auditing path $.postgresql.tolerations
[INFO] Auditing path $.postgresql.topologySpreadConstraints
[INFO] Auditing path $.postgresql.updateStrategy
[INFO] Auditing path $.postgresql.updateStrategy.type
[INFO] Auditing path $.postgresql.upgradeRepmgrExtension
[INFO] Auditing path $.postgresql.usePasswordFiles
[INFO] Auditing path $.postgresql.usePgRewind
[INFO] Auditing path $.postgresql.username
[INFO] Auditing path $.postgresql
[INFO] Auditing path $.psp.create
[INFO] Auditing path $.psp
[INFO] Auditing path $.rbac.create
[INFO] Auditing path $.rbac.rules
[INFO] Auditing path $.rbac
[INFO] Auditing path $.service.annotations
[INFO] Auditing path $.service.clusterIP
[INFO] Auditing path $.service.externalTrafficPolicy
[INFO] Auditing path $.service.extraPorts
[INFO] Auditing path $.service.headless
[INFO] Auditing path $.service.headless.annotations
[INFO] Auditing path $.service.headless.serviceAnnotations
[INFO] Auditing path $.service.loadBalancerIP
[INFO] Auditing path $.service.loadBalancerSourceRanges
[INFO] Auditing path $.service.nodePorts
[INFO] Auditing path $.service.nodePorts.postgresql
[INFO] Auditing path $.service.portName
[INFO] Auditing path $.service.ports
[INFO] Auditing path $.service.ports.postgresql
[INFO] Auditing path $.service.serviceLabels
[INFO] Auditing path $.service.sessionAffinity
[INFO] Auditing path $.service.sessionAffinityConfig
[INFO] Auditing path $.service.type
[INFO] Auditing path $.service
[INFO] Auditing path $.serviceAccount.annotations
[INFO] Auditing path $.serviceAccount.automountServiceAccountToken
[INFO] Auditing path $.serviceAccount.create
[INFO] Auditing path $.serviceAccount.name
[INFO] Auditing path $.serviceAccount
[INFO] Auditing path $.volumePermissions.enabled
[INFO] Auditing path $.volumePermissions.image
[INFO] Auditing path $.volumePermissions.image.digest
[INFO] Auditing path $.volumePermissions.image.pullPolicy
[INFO] Auditing path $.volumePermissions.image.pullSecrets
[INFO] Auditing path $.volumePermissions.image.registry
[INFO] Auditing path $.volumePermissions.image.repository
[INFO] Auditing path $.volumePermissions.image.tag
[INFO] Auditing path $.volumePermissions.podSecurityContext
[INFO] Auditing path $.volumePermissions.podSecurityContext.enabled
[INFO] Auditing path $.volumePermissions.podSecurityContext.runAsGroup
[INFO] Auditing path $.volumePermissions.podSecurityContext.runAsNonRoot
[INFO] Auditing path $.volumePermissions.podSecurityContext.runAsUser
[INFO] Auditing path $.volumePermissions.podSecurityContext.seLinuxOptions
[INFO] Auditing path $.volumePermissions.podSecurityContext.seccompProfile
[INFO] Auditing path $.volumePermissions.podSecurityContext.seccompProfile.type
[INFO] Auditing path $.volumePermissions.resources
[INFO] Auditing path $.volumePermissions.resourcesPreset
[INFO] Auditing path $.volumePermissions
[INFO] Auditing path $.witness.affinity
[INFO] Auditing path $.witness.args
[INFO] Auditing path $.witness.audit
[INFO] Auditing path $.witness.audit.clientMinMessages
[INFO] Auditing path $.witness.audit.logConnections
[INFO] Auditing path $.witness.audit.logDisconnections
[INFO] Auditing path $.witness.audit.logHostname
[INFO] Auditing path $.witness.audit.logLinePrefix
[INFO] Auditing path $.witness.audit.logTimezone
[INFO] Auditing path $.witness.audit.pgAuditLog
[INFO] Auditing path $.witness.audit.pgAuditLogCatalog
[INFO] Auditing path $.witness.automountServiceAccountToken
[INFO] Auditing path $.witness.command
[INFO] Auditing path $.witness.configuration
[INFO] Auditing path $.witness.configurationCM
[INFO] Auditing path $.witness.containerPorts
[INFO] Auditing path $.witness.containerPorts.postgresql
[INFO] Auditing path $.witness.containerSecurityContext
[INFO] Auditing path $.witness.containerSecurityContext.allowPrivilegeEscalation
[INFO] Auditing path $.witness.containerSecurityContext.capabilities
[INFO] Auditing path $.witness.containerSecurityContext.capabilities.drop
[INFO] Auditing path $.witness.containerSecurityContext.enabled
[INFO] Auditing path $.witness.containerSecurityContext.privileged
[INFO] Auditing path $.witness.containerSecurityContext.readOnlyRootFilesystem
[INFO] Auditing path $.witness.containerSecurityContext.runAsGroup
[INFO] Auditing path $.witness.containerSecurityContext.runAsNonRoot
[INFO] Auditing path $.witness.containerSecurityContext.runAsUser
[INFO] Auditing path $.witness.containerSecurityContext.seLinuxOptions
[INFO] Auditing path $.witness.containerSecurityContext.seccompProfile
[INFO] Auditing path $.witness.containerSecurityContext.seccompProfile.type
[INFO] Auditing path $.witness.create
[INFO] Auditing path $.witness.customLivenessProbe
[INFO] Auditing path $.witness.customReadinessProbe
[INFO] Auditing path $.witness.customStartupProbe
[INFO] Auditing path $.witness.dbUserConnectionLimit
[INFO] Auditing path $.witness.extendedConf
[INFO] Auditing path $.witness.extendedConfCM
[INFO] Auditing path $.witness.extraEnvVars
[INFO] Auditing path $.witness.extraEnvVarsCM
[INFO] Auditing path $.witness.extraEnvVarsSecret
[INFO] Auditing path $.witness.extraInitContainers
[INFO] Auditing path $.witness.extraVolumeMounts
[INFO] Auditing path $.witness.extraVolumes
[INFO] Auditing path $.witness.hostAliases
[INFO] Auditing path $.witness.hostIPC
[INFO] Auditing path $.witness.hostNetwork
[INFO] Auditing path $.witness.initContainers
[INFO] Auditing path $.witness.initdbScripts
[INFO] Auditing path $.witness.initdbScriptsCM
[INFO] Auditing path $.witness.initdbScriptsSecret
[INFO] Auditing path $.witness.labels
[INFO] Auditing path $.witness.lifecycleHooks
[INFO] Auditing path $.witness.livenessProbe
[INFO] Auditing path $.witness.livenessProbe.enabled
[INFO] Auditing path $.witness.livenessProbe.failureThreshold
[INFO] Auditing path $.witness.livenessProbe.initialDelaySeconds
[INFO] Auditing path $.witness.livenessProbe.periodSeconds
[INFO] Auditing path $.witness.livenessProbe.successThreshold
[INFO] Auditing path $.witness.livenessProbe.timeoutSeconds
[INFO] Auditing path $.witness.maxConnections
[INFO] Auditing path $.witness.nodeAffinityPreset
[INFO] Auditing path $.witness.nodeAffinityPreset.key
[INFO] Auditing path $.witness.nodeAffinityPreset.type
[INFO] Auditing path $.witness.nodeAffinityPreset.values
[INFO] Auditing path $.witness.nodeSelector
[INFO] Auditing path $.witness.pdb
[INFO] Auditing path $.witness.pdb.create
[INFO] Auditing path $.witness.pdb.maxUnavailable
[INFO] Auditing path $.witness.pdb.minAvailable
[INFO] Auditing path $.witness.pgHbaConfiguration
[INFO] Auditing path $.witness.pgHbaTrustAll
[INFO] Auditing path $.witness.pghbaRemoveFilters
[INFO] Auditing path $.witness.podAffinityPreset
[INFO] Auditing path $.witness.podAnnotations
[INFO] Auditing path $.witness.podAntiAffinityPreset
[INFO] Auditing path $.witness.podLabels
[INFO] Auditing path $.witness.podSecurityContext
[INFO] Auditing path $.witness.podSecurityContext.enabled
[INFO] Auditing path $.witness.podSecurityContext.fsGroup
[INFO] Auditing path $.witness.podSecurityContext.fsGroupChangePolicy
[INFO] Auditing path $.witness.podSecurityContext.supplementalGroups
[INFO] Auditing path $.witness.podSecurityContext.sysctls
[INFO] Auditing path $.witness.postgresConnectionLimit
[INFO] Auditing path $.witness.priorityClassName
[INFO] Auditing path $.witness.readinessProbe
[INFO] Auditing path $.witness.readinessProbe.enabled
[INFO] Auditing path $.witness.readinessProbe.failureThreshold
[INFO] Auditing path $.witness.readinessProbe.initialDelaySeconds
[INFO] Auditing path $.witness.readinessProbe.periodSeconds
[INFO] Auditing path $.witness.readinessProbe.successThreshold
[INFO] Auditing path $.witness.readinessProbe.timeoutSeconds
[INFO] Auditing path $.witness.replicaCount
[INFO] Auditing path $.witness.repmgrConfiguration
[INFO] Auditing path $.witness.repmgrConnectTimeout
[INFO] Auditing path $.witness.repmgrLogLevel
[INFO] Auditing path $.witness.repmgrReconnectAttempts
[INFO] Auditing path $.witness.repmgrReconnectInterval
[INFO] Auditing path $.witness.resources
[INFO] Auditing path $.witness.resourcesPreset
[INFO] Auditing path $.witness.schedulerName
[INFO] Auditing path $.witness.sidecars
[INFO] Auditing path $.witness.startupProbe
[INFO] Auditing path $.witness.startupProbe.enabled
[INFO] Auditing path $.witness.startupProbe.failureThreshold
[INFO] Auditing path $.witness.startupProbe.initialDelaySeconds
[INFO] Auditing path $.witness.startupProbe.periodSeconds
[INFO] Auditing path $.witness.startupProbe.successThreshold
[INFO] Auditing path $.witness.startupProbe.timeoutSeconds
[INFO] Auditing path $.witness.statementTimeout
[INFO] Auditing path $.witness.tcpKeepalivesCount
[INFO] Auditing path $.witness.tcpKeepalivesIdle
[INFO] Auditing path $.witness.tcpKeepalivesInterval
[INFO] Auditing path $.witness.terminationGracePeriodSeconds
[INFO] Auditing path $.witness.tolerations
[INFO] Auditing path $.witness.topologySpreadConstraints
[INFO] Auditing path $.witness.updateStrategy
[INFO] Auditing path $.witness.updateStrategy.type
[INFO] Auditing path $.witness.upgradeRepmgrExtension
[INFO] Auditing path $.witness
