[INFO] Auditing path $.architecture
[INFO] Auditing path $.auth.acl
[INFO] Auditing path $.auth.acl.enabled
[INFO] Auditing path $.auth.acl.sentinel
[INFO] Auditing path $.auth.acl.userSecret
[INFO] Auditing path $.auth.acl.users
[INFO] Auditing path $.auth.acl.users[*]
[INFO] Auditing path $.auth.acl.users[*].channels
[INFO] Auditing path $.auth.acl.users[*].commands
[INFO] Auditing path $.auth.acl.users[*].enabled
[INFO] Auditing path $.auth.acl.users[*].keys
[INFO] Auditing path $.auth.acl.users[*].password
[INFO] Auditing path $.auth.acl.users[*].username
[INFO] Auditing path $.auth.enabled
[INFO] Auditing path $.auth.existingSecret
[INFO] Auditing path $.auth.existingSecretPasswordKey
[INFO] Auditing path $.auth.password
[INFO] Auditing path $.auth.sentinel
[INFO] Auditing path $.auth.usePasswordFileFromSecret
[INFO] Auditing path $.auth.usePasswordFiles
[INFO] Auditing path $.auth
[INFO] Auditing path $.clusterDomain
[INFO] Auditing path $.commonAnnotations
[INFO] Auditing path $.commonConfiguration
[INFO] Auditing path $.commonLabels
[INFO] Auditing path $.configmapChecksumAnnotations
[INFO] Auditing path $.diagnosticMode.args
[INFO] Auditing path $.diagnosticMode.args[*]
[INFO] Auditing path $.diagnosticMode.command
[INFO] Auditing path $.diagnosticMode.command[*]
[INFO] Auditing path $.diagnosticMode.enabled
[INFO] Auditing path $.diagnosticMode
[INFO] Auditing path $.existingConfigmap
[INFO] Auditing path $.extraDeploy[*]
[INFO] Auditing path $.extraDeploy
[INFO] Auditing path $.fullnameOverride
[INFO] Auditing path $.global.compatibility
[INFO] Auditing path $.global.compatibility.openshift
[INFO] Auditing path $.global.compatibility.openshift.adaptSecurityContext
[INFO] Auditing path $.global.defaultStorageClass
[INFO] Auditing path $.global.imagePullSecrets
[INFO] Auditing path $.global.imagePullSecrets[*]
[INFO] Auditing path $.global.imageRegistry
[INFO] Auditing path $.global.redis
[INFO] Auditing path $.global.redis.password
[INFO] Auditing path $.global.security
[INFO] Auditing path $.global.security.allowInsecureImages
[INFO] Auditing path $.global.storageClass
[INFO] Auditing path $.global
[INFO] Auditing path $.image.debug
[INFO] Auditing path $.image.digest
[INFO] Auditing path $.image.pullPolicy
[INFO] Auditing path $.image.pullSecrets
[INFO] Auditing path $.image.pullSecrets[*]
[INFO] Auditing path $.image.registry
[INFO] Auditing path $.image.repository
[INFO] Auditing path $.image.tag
[INFO] Auditing path $.image
[INFO] Auditing path $.kubeVersion
[INFO] Auditing path $.kubectl.command
[INFO] Auditing path $.kubectl.command[*]
[INFO] Auditing path $.kubectl.containerSecurityContext
[INFO] Auditing path $.kubectl.containerSecurityContext.allowPrivilegeEscalation
[INFO] Auditing path $.kubectl.containerSecurityContext.capabilities
[INFO] Auditing path $.kubectl.containerSecurityContext.capabilities.drop
[INFO] Auditing path $.kubectl.containerSecurityContext.capabilities.drop[*]
[INFO] Auditing path $.kubectl.containerSecurityContext.enabled
[INFO] Auditing path $.kubectl.containerSecurityContext.readOnlyRootFilesystem
[INFO] Auditing path $.kubectl.containerSecurityContext.runAsGroup
[INFO] Auditing path $.kubectl.containerSecurityContext.runAsNonRoot
[INFO] Auditing path $.kubectl.containerSecurityContext.runAsUser
[INFO] Auditing path $.kubectl.containerSecurityContext.seLinuxOptions
[INFO] Auditing path $.kubectl.containerSecurityContext.seccompProfile
[INFO] Auditing path $.kubectl.containerSecurityContext.seccompProfile.type
[INFO] Auditing path $.kubectl.image
[INFO] Auditing path $.kubectl.image.digest
[INFO] Auditing path $.kubectl.image.pullPolicy
[INFO] Auditing path $.kubectl.image.pullSecrets
[INFO] Auditing path $.kubectl.image.pullSecrets[*]
[INFO] Auditing path $.kubectl.image.registry
[INFO] Auditing path $.kubectl.image.repository
[INFO] Auditing path $.kubectl.image.tag
[INFO] Auditing path $.kubectl.resources
[INFO] Auditing path $.kubectl.resources.limits
[INFO] Auditing path $.kubectl.resources.requests
[INFO] Auditing path $.kubectl
[INFO] Auditing path $.master.affinity
[INFO] Auditing path $.master.annotations
[INFO] Auditing path $.master.args
[INFO] Auditing path $.master.args[*]
[INFO] Auditing path $.master.automountServiceAccountToken
[INFO] Auditing path $.master.command
[INFO] Auditing path $.master.command[*]
[INFO] Auditing path $.master.configuration
[INFO] Auditing path $.master.containerPorts
[INFO] Auditing path $.master.containerPorts.redis
[INFO] Auditing path $.master.containerSecurityContext
[INFO] Auditing path $.master.containerSecurityContext.allowPrivilegeEscalation
[INFO] Auditing path $.master.containerSecurityContext.capabilities
[INFO] Auditing path $.master.containerSecurityContext.capabilities.drop
[INFO] Auditing path $.master.containerSecurityContext.capabilities.drop[*]
[INFO] Auditing path $.master.containerSecurityContext.enabled
[INFO] Auditing path $.master.containerSecurityContext.readOnlyRootFilesystem
[INFO] Auditing path $.master.containerSecurityContext.runAsGroup
[INFO] Auditing path $.master.containerSecurityContext.runAsNonRoot
[INFO] Auditing path $.master.containerSecurityContext.runAsUser
[INFO] Auditing path $.master.containerSecurityContext.seLinuxOptions
[INFO] Auditing path $.master.containerSecurityContext.seccompProfile
[INFO] Auditing path $.master.containerSecurityContext.seccompProfile.type
[INFO] Auditing path $.master.count
[INFO] Auditing path $.master.customLivenessProbe
[INFO] Auditing path $.master.customReadinessProbe
[INFO] Auditing path $.master.customStartupProbe
[INFO] Auditing path $.master.disableCommands
[INFO] Auditing path $.master.disableCommands[*]
[INFO] Auditing path $.master.dnsConfig
[INFO] Auditing path $.master.dnsPolicy
[INFO] Auditing path $.master.enableServiceLinks
[INFO] Auditing path $.master.extraEnvVars
[INFO] Auditing path $.master.extraEnvVars[*]
[INFO] Auditing path $.master.extraEnvVarsCM
[INFO] Auditing path $.master.extraEnvVarsSecret
[INFO] Auditing path $.master.extraFlags
[INFO] Auditing path $.master.extraFlags[*]
[INFO] Auditing path $.master.extraPodSpec
[INFO] Auditing path $.master.extraVolumeMounts
[INFO] Auditing path $.master.extraVolumeMounts[*]
[INFO] Auditing path $.master.extraVolumes
[INFO] Auditing path $.master.extraVolumes[*]
[INFO] Auditing path $.master.hostAliases
[INFO] Auditing path $.master.hostAliases[*]
[INFO] Auditing path $.master.initContainers
[INFO] Auditing path $.master.initContainers[*]
[INFO] Auditing path $.master.kind
[INFO] Auditing path $.master.lifecycleHooks
[INFO] Auditing path $.master.livenessProbe
[INFO] Auditing path $.master.livenessProbe.enabled
[INFO] Auditing path $.master.livenessProbe.failureThreshold
[INFO] Auditing path $.master.livenessProbe.initialDelaySeconds
[INFO] Auditing path $.master.livenessProbe.periodSeconds
[INFO] Auditing path $.master.livenessProbe.successThreshold
[INFO] Auditing path $.master.livenessProbe.timeoutSeconds
[INFO] Auditing path $.master.minReadySeconds
[INFO] Auditing path $.master.nodeAffinityPreset
[INFO] Auditing path $.master.nodeAffinityPreset.key
[INFO] Auditing path $.master.nodeAffinityPreset.type
[INFO] Auditing path $.master.nodeAffinityPreset.values
[INFO] Auditing path $.master.nodeAffinityPreset.values[*]
[INFO] Auditing path $.master.nodeSelector
[INFO] Auditing path $.master.pdb
[INFO] Auditing path $.master.pdb.create
[INFO] Auditing path $.master.pdb.maxUnavailable
[INFO] Auditing path $.master.pdb.minAvailable
[INFO] Auditing path $.master.persistence
[INFO] Auditing path $.master.persistence.accessModes
[INFO] Auditing path $.master.persistence.accessModes[*]
[INFO] Auditing path $.master.persistence.annotations
[INFO] Auditing path $.master.persistence.dataSource
[INFO] Auditing path $.master.persistence.enabled
[INFO] Auditing path $.master.persistence.existingClaim
[INFO] Auditing path $.master.persistence.labels
[INFO] Auditing path $.master.persistence.medium
[INFO] Auditing path $.master.persistence.path
[INFO] Auditing path $.master.persistence.selector
[INFO] Auditing path $.master.persistence.size
[INFO] Auditing path $.master.persistence.sizeLimit
[INFO] Auditing path $.master.persistence.storageClass
[INFO] Auditing path $.master.persistence.subPath
[INFO] Auditing path $.master.persistence.subPathExpr
[INFO] Auditing path $.master.persistentVolumeClaimRetentionPolicy
[INFO] Auditing path $.master.persistentVolumeClaimRetentionPolicy.enabled
[INFO] Auditing path $.master.persistentVolumeClaimRetentionPolicy.whenDeleted
[INFO] Auditing path $.master.persistentVolumeClaimRetentionPolicy.whenScaled
[INFO] Auditing path $.master.podAffinityPreset
[INFO] Auditing path $.master.podAnnotations
[INFO] Auditing path $.master.podAntiAffinityPreset
[INFO] Auditing path $.master.podLabels
[INFO] Auditing path $.master.podSecurityContext
[INFO] Auditing path $.master.podSecurityContext.enabled
[INFO] Auditing path $.master.podSecurityContext.fsGroup
[INFO] Auditing path $.master.podSecurityContext.fsGroupChangePolicy
[INFO] Auditing path $.master.podSecurityContext.supplementalGroups
[INFO] Auditing path $.master.podSecurityContext.supplementalGroups[*]
[INFO] Auditing path $.master.podSecurityContext.sysctls
[INFO] Auditing path $.master.podSecurityContext.sysctls[*]
[INFO] Auditing path $.master.preExecCmds
[INFO] Auditing path $.master.preExecCmds[*]
[INFO] Auditing path $.master.priorityClassName
[INFO] Auditing path $.master.readinessProbe
[INFO] Auditing path $.master.readinessProbe.enabled
[INFO] Auditing path $.master.readinessProbe.failureThreshold
[INFO] Auditing path $.master.readinessProbe.initialDelaySeconds
[INFO] Auditing path $.master.readinessProbe.periodSeconds
[INFO] Auditing path $.master.readinessProbe.successThreshold
[INFO] Auditing path $.master.readinessProbe.timeoutSeconds
[INFO] Auditing path $.master.resources
[INFO] Auditing path $.master.resourcesPreset
[INFO] Auditing path $.master.revisionHistoryLimit
[INFO] Auditing path $.master.schedulerName
[INFO] Auditing path $.master.service
[INFO] Auditing path $.master.service.annotations
[INFO] Auditing path $.master.service.clusterIP
[INFO] Auditing path $.master.service.externalIPs
[INFO] Auditing path $.master.service.externalIPs[*]
[INFO] Auditing path $.master.service.externalTrafficPolicy
[INFO] Auditing path $.master.service.extraPorts
[INFO] Auditing path $.master.service.extraPorts[*]
[INFO] Auditing path $.master.service.internalTrafficPolicy
[INFO] Auditing path $.master.service.loadBalancerClass
[INFO] Auditing path $.master.service.loadBalancerIP
[INFO] Auditing path $.master.service.loadBalancerSourceRanges
[INFO] Auditing path $.master.service.loadBalancerSourceRanges[*]
[INFO] Auditing path $.master.service.nodePorts
[INFO] Auditing path $.master.service.nodePorts.redis
[INFO] Auditing path $.master.service.portNames
[INFO] Auditing path $.master.service.portNames.redis
[INFO] Auditing path $.master.service.ports
[INFO] Auditing path $.master.service.ports.redis
[INFO] Auditing path $.master.service.sessionAffinity
[INFO] Auditing path $.master.service.sessionAffinityConfig
[INFO] Auditing path $.master.service.type
[INFO] Auditing path $.master.serviceAccount
[INFO] Auditing path $.master.serviceAccount.annotations
[INFO] Auditing path $.master.serviceAccount.automountServiceAccountToken
[INFO] Auditing path $.master.serviceAccount.create
[INFO] Auditing path $.master.serviceAccount.name
[INFO] Auditing path $.master.shareProcessNamespace
[INFO] Auditing path $.master.sidecars
[INFO] Auditing path $.master.sidecars[*]
[INFO] Auditing path $.master.startupProbe
[INFO] Auditing path $.master.startupProbe.enabled
[INFO] Auditing path $.master.startupProbe.failureThreshold
[INFO] Auditing path $.master.startupProbe.initialDelaySeconds
[INFO] Auditing path $.master.startupProbe.periodSeconds
[INFO] Auditing path $.master.startupProbe.successThreshold
[INFO] Auditing path $.master.startupProbe.timeoutSeconds
[INFO] Auditing path $.master.terminationGracePeriodSeconds
[INFO] Auditing path $.master.tolerations
[INFO] Auditing path $.master.tolerations[*]
[INFO] Auditing path $.master.topologySpreadConstraints
[INFO] Auditing path $.master.topologySpreadConstraints[*]
[INFO] Auditing path $.master.updateStrategy
[INFO] Auditing path $.master.updateStrategy.type
[INFO] Auditing path $.master
[INFO] Auditing path $.metrics.command
[INFO] Auditing path $.metrics.command[*]
[INFO] Auditing path $.metrics.containerPorts
[INFO] Auditing path $.metrics.containerPorts.http
[INFO] Auditing path $.metrics.containerSecurityContext
[INFO] Auditing path $.metrics.containerSecurityContext.allowPrivilegeEscalation
[INFO] Auditing path $.metrics.containerSecurityContext.capabilities
[INFO] Auditing path $.metrics.containerSecurityContext.capabilities.drop
[INFO] Auditing path $.metrics.containerSecurityContext.capabilities.drop[*]
[INFO] Auditing path $.metrics.containerSecurityContext.enabled
[INFO] Auditing path $.metrics.containerSecurityContext.readOnlyRootFilesystem
[INFO] Auditing path $.metrics.containerSecurityContext.runAsGroup
[INFO] Auditing path $.metrics.containerSecurityContext.runAsNonRoot
[INFO] Auditing path $.metrics.containerSecurityContext.runAsUser
[INFO] Auditing path $.metrics.containerSecurityContext.seLinuxOptions
[INFO] Auditing path $.metrics.containerSecurityContext.seccompProfile
[INFO] Auditing path $.metrics.containerSecurityContext.seccompProfile.type
[INFO] Auditing path $.metrics.customLivenessProbe
[INFO] Auditing path $.metrics.customReadinessProbe
[INFO] Auditing path $.metrics.customStartupProbe
[INFO] Auditing path $.metrics.enabled
[INFO] Auditing path $.metrics.extraArgs
[INFO] Auditing path $.metrics.extraEnvVars
[INFO] Auditing path $.metrics.extraEnvVars[*]
[INFO] Auditing path $.metrics.extraVolumeMounts
[INFO] Auditing path $.metrics.extraVolumeMounts[*]
[INFO] Auditing path $.metrics.extraVolumes
[INFO] Auditing path $.metrics.extraVolumes[*]
[INFO] Auditing path $.metrics.image
[INFO] Auditing path $.metrics.image.digest
[INFO] Auditing path $.metrics.image.pullPolicy
[INFO] Auditing path $.metrics.image.pullSecrets
[INFO] Auditing path $.metrics.image.pullSecrets[*]
[INFO] Auditing path $.metrics.image.registry
[INFO] Auditing path $.metrics.image.repository
[INFO] Auditing path $.metrics.image.tag
[INFO] Auditing path $.metrics.livenessProbe
[INFO] Auditing path $.metrics.livenessProbe.enabled
[INFO] Auditing path $.metrics.livenessProbe.failureThreshold
[INFO] Auditing path $.metrics.livenessProbe.initialDelaySeconds
[INFO] Auditing path $.metrics.livenessProbe.periodSeconds
[INFO] Auditing path $.metrics.livenessProbe.successThreshold
[INFO] Auditing path $.metrics.livenessProbe.timeoutSeconds
[INFO] Auditing path $.metrics.podAnnotations
[INFO] Auditing path $.metrics.podAnnotations["prometheus.io/port"]
[INFO] Auditing path $.metrics.podAnnotations["prometheus.io/scrape"]
[INFO] Auditing path $.metrics.podLabels
[INFO] Auditing path $.metrics.podMonitor
[INFO] Auditing path $.metrics.podMonitor.additionalEndpoints
[INFO] Auditing path $.metrics.podMonitor.additionalEndpoints[*]
[INFO] Auditing path $.metrics.podMonitor.additionalEndpoints[*].honorLabels
[INFO] Auditing path $.metrics.podMonitor.additionalEndpoints[*].interval
[INFO] Auditing path $.metrics.podMonitor.additionalEndpoints[*].metricRelabelings
[INFO] Auditing path $.metrics.podMonitor.additionalEndpoints[*].params
[INFO] Auditing path $.metrics.podMonitor.additionalEndpoints[*].params[*]
[INFO] Auditing path $.metrics.podMonitor.additionalEndpoints[*].params[*][*]
[INFO] Auditing path $.metrics.podMonitor.additionalEndpoints[*].path
[INFO] Auditing path $.metrics.podMonitor.additionalEndpoints[*].port
[INFO] Auditing path $.metrics.podMonitor.additionalEndpoints[*].relabelings
[INFO] Auditing path $.metrics.podMonitor.additionalEndpoints[*].relabellings
[INFO] Auditing path $.metrics.podMonitor.additionalEndpoints[*].scrapeTimeout
[INFO] Auditing path $.metrics.podMonitor.additionalEndpoints[*].tlsConfig
[INFO] Auditing path $.metrics.podMonitor.additionalLabels
[INFO] Auditing path $.metrics.podMonitor.enabled
[INFO] Auditing path $.metrics.podMonitor.honorLabels
[INFO] Auditing path $.metrics.podMonitor.interval
[INFO] Auditing path $.metrics.podMonitor.metricRelabelings
[INFO] Auditing path $.metrics.podMonitor.metricRelabelings[*]
[INFO] Auditing path $.metrics.podMonitor.namespace
[INFO] Auditing path $.metrics.podMonitor.podTargetLabels
[INFO] Auditing path $.metrics.podMonitor.podTargetLabels[*]
[INFO] Auditing path $.metrics.podMonitor.port
[INFO] Auditing path $.metrics.podMonitor.relabelings
[INFO] Auditing path $.metrics.podMonitor.relabelings[*]
[INFO] Auditing path $.metrics.podMonitor.relabellings
[INFO] Auditing path $.metrics.podMonitor.sampleLimit
[INFO] Auditing path $.metrics.podMonitor.scrapeTimeout
[INFO] Auditing path $.metrics.podMonitor.targetLimit
[INFO] Auditing path $.metrics.podMonitor.tlsConfig
[INFO] Auditing path $.metrics.prometheusRule
[INFO] Auditing path $.metrics.prometheusRule.additionalLabels
[INFO] Auditing path $.metrics.prometheusRule.enabled
[INFO] Auditing path $.metrics.prometheusRule.namespace
[INFO] Auditing path $.metrics.prometheusRule.rules
[INFO] Auditing path $.metrics.prometheusRule.rules[*]
[INFO] Auditing path $.metrics.readinessProbe
[INFO] Auditing path $.metrics.readinessProbe.enabled
[INFO] Auditing path $.metrics.readinessProbe.failureThreshold
[INFO] Auditing path $.metrics.readinessProbe.initialDelaySeconds
[INFO] Auditing path $.metrics.readinessProbe.periodSeconds
[INFO] Auditing path $.metrics.readinessProbe.successThreshold
[INFO] Auditing path $.metrics.readinessProbe.timeoutSeconds
[INFO] Auditing path $.metrics.redisTargetHost
[INFO] Auditing path $.metrics.resources
[INFO] Auditing path $.metrics.resourcesPreset
[INFO] Auditing path $.metrics.service
[INFO] Auditing path $.metrics.service.annotations
[INFO] Auditing path $.metrics.service.clusterIP
[INFO] Auditing path $.metrics.service.enabled
[INFO] Auditing path $.metrics.service.externalTrafficPolicy
[INFO] Auditing path $.metrics.service.extraPorts
[INFO] Auditing path $.metrics.service.extraPorts[*]
[INFO] Auditing path $.metrics.service.loadBalancerClass
[INFO] Auditing path $.metrics.service.loadBalancerIP
[INFO] Auditing path $.metrics.service.loadBalancerSourceRanges
[INFO] Auditing path $.metrics.service.loadBalancerSourceRanges[*]
[INFO] Auditing path $.metrics.service.port
[INFO] Auditing path $.metrics.service.ports
[INFO] Auditing path $.metrics.service.ports.http
[INFO] Auditing path $.metrics.service.type
[INFO] Auditing path $.metrics.serviceMonitor
[INFO] Auditing path $.metrics.serviceMonitor.additionalEndpoints
[INFO] Auditing path $.metrics.serviceMonitor.additionalEndpoints[*]
[INFO] Auditing path $.metrics.serviceMonitor.additionalEndpoints[*].honorLabels
[INFO] Auditing path $.metrics.serviceMonitor.additionalEndpoints[*].interval
[INFO] Auditing path $.metrics.serviceMonitor.additionalEndpoints[*].metricRelabelings
[INFO] Auditing path $.metrics.serviceMonitor.additionalEndpoints[*].params
[INFO] Auditing path $.metrics.serviceMonitor.additionalEndpoints[*].params[*]
[INFO] Auditing path $.metrics.serviceMonitor.additionalEndpoints[*].params[*][*]
[INFO] Auditing path $.metrics.serviceMonitor.additionalEndpoints[*].path
[INFO] Auditing path $.metrics.serviceMonitor.additionalEndpoints[*].port
[INFO] Auditing path $.metrics.serviceMonitor.additionalEndpoints[*].scrapeTimeout
[INFO] Auditing path $.metrics.serviceMonitor.additionalEndpoints[*].tlsConfig
[INFO] Auditing path $.metrics.serviceMonitor.additionalLabels
[INFO] Auditing path $.metrics.serviceMonitor.enabled
[INFO] Auditing path $.metrics.serviceMonitor.honorLabels
[INFO] Auditing path $.metrics.serviceMonitor.interval
[INFO] Auditing path $.metrics.serviceMonitor.metricRelabelings
[INFO] Auditing path $.metrics.serviceMonitor.metricRelabelings[*]
[INFO] Auditing path $.metrics.serviceMonitor.namespace
[INFO] Auditing path $.metrics.serviceMonitor.podTargetLabels
[INFO] Auditing path $.metrics.serviceMonitor.podTargetLabels[*]
[INFO] Auditing path $.metrics.serviceMonitor.port
[INFO] Auditing path $.metrics.serviceMonitor.relabelings
[INFO] Auditing path $.metrics.serviceMonitor.relabelings[*]
[INFO] Auditing path $.metrics.serviceMonitor.relabellings
[INFO] Auditing path $.metrics.serviceMonitor.sampleLimit
[INFO] Auditing path $.metrics.serviceMonitor.scrapeTimeout
[INFO] Auditing path $.metrics.serviceMonitor.targetLimit
[INFO] Auditing path $.metrics.serviceMonitor.tlsConfig
[INFO] Auditing path $.metrics.startupProbe
[INFO] Auditing path $.metrics.startupProbe.enabled
[INFO] Auditing path $.metrics.startupProbe.failureThreshold
[INFO] Auditing path $.metrics.startupProbe.initialDelaySeconds
[INFO] Auditing path $.metrics.startupProbe.periodSeconds
[INFO] Auditing path $.metrics.startupProbe.successThreshold
[INFO] Auditing path $.metrics.startupProbe.timeoutSeconds
[INFO] Auditing path $.metrics
[INFO] Auditing path $.nameOverride
[INFO] Auditing path $.nameResolutionThreshold
[INFO] Auditing path $.nameResolutionTimeout
[INFO] Auditing path $.namespaceOverride
[INFO] Auditing path $.networkPolicy.allowExternal
[INFO] Auditing path $.networkPolicy.allowExternalEgress
[INFO] Auditing path $.networkPolicy.enabled
[INFO] Auditing path $.networkPolicy.extraEgress
[INFO] Auditing path $.networkPolicy.extraEgress[*]
[INFO] Auditing path $.networkPolicy.extraIngress
[INFO] Auditing path $.networkPolicy.extraIngress[*]
[INFO] Auditing path $.networkPolicy.ingressNSMatchLabels
[INFO] Auditing path $.networkPolicy.ingressNSMatchLabels[*]
[INFO] Auditing path $.networkPolicy.ingressNSPodMatchLabels
[INFO] Auditing path $.networkPolicy.ingressNSPodMatchLabels[*]
[INFO] Auditing path $.networkPolicy.metrics
[INFO] Auditing path $.networkPolicy.metrics.allowExternal
[INFO] Auditing path $.networkPolicy.metrics.ingressNSMatchLabels
[INFO] Auditing path $.networkPolicy.metrics.ingressNSMatchLabels[*]
[INFO] Auditing path $.networkPolicy.metrics.ingressNSPodMatchLabels
[INFO] Auditing path $.networkPolicy.metrics.ingressNSPodMatchLabels[*]
[INFO] Auditing path $.networkPolicy
[INFO] Auditing path $.pdb
[INFO] Auditing path $.podSecurityPolicy.create
[INFO] Auditing path $.podSecurityPolicy.enabled
[INFO] Auditing path $.podSecurityPolicy
[INFO] Auditing path $.rbac.create
[INFO] Auditing path $.rbac.rules
[INFO] Auditing path $.rbac.rules[*]
[INFO] Auditing path $.rbac
[INFO] Auditing path $.replica.affinity
[INFO] Auditing path $.replica.annotations
[INFO] Auditing path $.replica.args
[INFO] Auditing path $.replica.args[*]
[INFO] Auditing path $.replica.automountServiceAccountToken
[INFO] Auditing path $.replica.autoscaling
[INFO] Auditing path $.replica.autoscaling.enabled
[INFO] Auditing path $.replica.autoscaling.maxReplicas
[INFO] Auditing path $.replica.autoscaling.minReplicas
[INFO] Auditing path $.replica.autoscaling.targetCPU
[INFO] Auditing path $.replica.autoscaling.targetMemory
[INFO] Auditing path $.replica.command
[INFO] Auditing path $.replica.command[*]
[INFO] Auditing path $.replica.configuration
[INFO] Auditing path $.replica.containerPorts
[INFO] Auditing path $.replica.containerPorts.redis
[INFO] Auditing path $.replica.containerSecurityContext
[INFO] Auditing path $.replica.containerSecurityContext.allowPrivilegeEscalation
[INFO] Auditing path $.replica.containerSecurityContext.capabilities
[INFO] Auditing path $.replica.containerSecurityContext.capabilities.drop
[INFO] Auditing path $.replica.containerSecurityContext.capabilities.drop[*]
[INFO] Auditing path $.replica.containerSecurityContext.enabled
[INFO] Auditing path $.replica.containerSecurityContext.readOnlyRootFilesystem
[INFO] Auditing path $.replica.containerSecurityContext.runAsGroup
[INFO] Auditing path $.replica.containerSecurityContext.runAsNonRoot
[INFO] Auditing path $.replica.containerSecurityContext.runAsUser
[INFO] Auditing path $.replica.containerSecurityContext.seLinuxOptions
[INFO] Auditing path $.replica.containerSecurityContext.seccompProfile
[INFO] Auditing path $.replica.containerSecurityContext.seccompProfile.type
[INFO] Auditing path $.replica.customLivenessProbe
[INFO] Auditing path $.replica.customReadinessProbe
[INFO] Auditing path $.replica.customStartupProbe
[INFO] Auditing path $.replica.disableCommands
[INFO] Auditing path $.replica.disableCommands[*]
[INFO] Auditing path $.replica.dnsConfig
[INFO] Auditing path $.replica.dnsPolicy
[INFO] Auditing path $.replica.enableServiceLinks
[INFO] Auditing path $.replica.externalMaster
[INFO] Auditing path $.replica.externalMaster.enabled
[INFO] Auditing path $.replica.externalMaster.host
[INFO] Auditing path $.replica.externalMaster.port
[INFO] Auditing path $.replica.extraEnvVars
[INFO] Auditing path $.replica.extraEnvVars[*]
[INFO] Auditing path $.replica.extraEnvVarsCM
[INFO] Auditing path $.replica.extraEnvVarsSecret
[INFO] Auditing path $.replica.extraFlags
[INFO] Auditing path $.replica.extraFlags[*]
[INFO] Auditing path $.replica.extraPodSpec
[INFO] Auditing path $.replica.extraVolumeMounts
[INFO] Auditing path $.replica.extraVolumeMounts[*]
[INFO] Auditing path $.replica.extraVolumes
[INFO] Auditing path $.replica.extraVolumes[*]
[INFO] Auditing path $.replica.hostAliases
[INFO] Auditing path $.replica.hostAliases[*]
[INFO] Auditing path $.replica.initContainers
[INFO] Auditing path $.replica.initContainers[*]
[INFO] Auditing path $.replica.kind
[INFO] Auditing path $.replica.lifecycleHooks
[INFO] Auditing path $.replica.livenessProbe
[INFO] Auditing path $.replica.livenessProbe.enabled
[INFO] Auditing path $.replica.livenessProbe.failureThreshold
[INFO] Auditing path $.replica.livenessProbe.initialDelaySeconds
[INFO] Auditing path $.replica.livenessProbe.periodSeconds
[INFO] Auditing path $.replica.livenessProbe.successThreshold
[INFO] Auditing path $.replica.livenessProbe.timeoutSeconds
[INFO] Auditing path $.replica.minReadySeconds
[INFO] Auditing path $.replica.nodeAffinityPreset
[INFO] Auditing path $.replica.nodeAffinityPreset.key
[INFO] Auditing path $.replica.nodeAffinityPreset.type
[INFO] Auditing path $.replica.nodeAffinityPreset.values
[INFO] Auditing path $.replica.nodeAffinityPreset.values[*]
[INFO] Auditing path $.replica.nodeSelector
[INFO] Auditing path $.replica.pdb
[INFO] Auditing path $.replica.pdb.create
[INFO] Auditing path $.replica.pdb.maxUnavailable
[INFO] Auditing path $.replica.pdb.minAvailable
[INFO] Auditing path $.replica.persistence
[INFO] Auditing path $.replica.persistence.accessModes
[INFO] Auditing path $.replica.persistence.accessModes[*]
[INFO] Auditing path $.replica.persistence.annotations
[INFO] Auditing path $.replica.persistence.dataSource
[INFO] Auditing path $.replica.persistence.enabled
[INFO] Auditing path $.replica.persistence.existingClaim
[INFO] Auditing path $.replica.persistence.labels
[INFO] Auditing path $.replica.persistence.medium
[INFO] Auditing path $.replica.persistence.path
[INFO] Auditing path $.replica.persistence.selector
[INFO] Auditing path $.replica.persistence.size
[INFO] Auditing path $.replica.persistence.sizeLimit
[INFO] Auditing path $.replica.persistence.storageClass
[INFO] Auditing path $.replica.persistence.subPath
[INFO] Auditing path $.replica.persistence.subPathExpr
[INFO] Auditing path $.replica.persistentVolumeClaimRetentionPolicy
[INFO] Auditing path $.replica.persistentVolumeClaimRetentionPolicy.enabled
[INFO] Auditing path $.replica.persistentVolumeClaimRetentionPolicy.whenDeleted
[INFO] Auditing path $.replica.persistentVolumeClaimRetentionPolicy.whenScaled
[INFO] Auditing path $.replica.podAffinityPreset
[INFO] Auditing path $.replica.podAnnotations
[INFO] Auditing path $.replica.podAntiAffinityPreset
[INFO] Auditing path $.replica.podLabels
[INFO] Auditing path $.replica.podManagementPolicy
[INFO] Auditing path $.replica.podSecurityContext
[INFO] Auditing path $.replica.podSecurityContext.enabled
[INFO] Auditing path $.replica.podSecurityContext.fsGroup
[INFO] Auditing path $.replica.podSecurityContext.fsGroupChangePolicy
[INFO] Auditing path $.replica.podSecurityContext.supplementalGroups
[INFO] Auditing path $.replica.podSecurityContext.supplementalGroups[*]
[INFO] Auditing path $.replica.podSecurityContext.sysctls
[INFO] Auditing path $.replica.podSecurityContext.sysctls[*]
[INFO] Auditing path $.replica.preExecCmds
[INFO] Auditing path $.replica.preExecCmds[*]
[INFO] Auditing path $.replica.priorityClassName
[INFO] Auditing path $.replica.readinessProbe
[INFO] Auditing path $.replica.readinessProbe.enabled
[INFO] Auditing path $.replica.readinessProbe.failureThreshold
[INFO] Auditing path $.replica.readinessProbe.initialDelaySeconds
[INFO] Auditing path $.replica.readinessProbe.periodSeconds
[INFO] Auditing path $.replica.readinessProbe.successThreshold
[INFO] Auditing path $.replica.readinessProbe.timeoutSeconds
[INFO] Auditing path $.replica.replicaCount
[INFO] Auditing path $.replica.resources
[INFO] Auditing path $.replica.resourcesPreset
[INFO] Auditing path $.replica.revisionHistoryLimit
[INFO] Auditing path $.replica.schedulerName
[INFO] Auditing path $.replica.service
[INFO] Auditing path $.replica.service.annotations
[INFO] Auditing path $.replica.service.clusterIP
[INFO] Auditing path $.replica.service.externalTrafficPolicy
[INFO] Auditing path $.replica.service.extraPorts
[INFO] Auditing path $.replica.service.extraPorts[*]
[INFO] Auditing path $.replica.service.internalTrafficPolicy
[INFO] Auditing path $.replica.service.loadBalancerClass
[INFO] Auditing path $.replica.service.loadBalancerIP
[INFO] Auditing path $.replica.service.loadBalancerSourceRanges
[INFO] Auditing path $.replica.service.loadBalancerSourceRanges[*]
[INFO] Auditing path $.replica.service.nodePorts
[INFO] Auditing path $.replica.service.nodePorts.redis
[INFO] Auditing path $.replica.service.ports
[INFO] Auditing path $.replica.service.ports.redis
[INFO] Auditing path $.replica.service.sessionAffinity
[INFO] Auditing path $.replica.service.sessionAffinityConfig
[INFO] Auditing path $.replica.service.type
[INFO] Auditing path $.replica.serviceAccount
[INFO] Auditing path $.replica.serviceAccount.annotations
[INFO] Auditing path $.replica.serviceAccount.automountServiceAccountToken
[INFO] Auditing path $.replica.serviceAccount.create
[INFO] Auditing path $.replica.serviceAccount.name
[INFO] Auditing path $.replica.shareProcessNamespace
[INFO] Auditing path $.replica.sidecars
[INFO] Auditing path $.replica.sidecars[*]
[INFO] Auditing path $.replica.startupProbe
[INFO] Auditing path $.replica.startupProbe.enabled
[INFO] Auditing path $.replica.startupProbe.failureThreshold
[INFO] Auditing path $.replica.startupProbe.initialDelaySeconds
[INFO] Auditing path $.replica.startupProbe.periodSeconds
[INFO] Auditing path $.replica.startupProbe.successThreshold
[INFO] Auditing path $.replica.startupProbe.timeoutSeconds
[INFO] Auditing path $.replica.terminationGracePeriodSeconds
[INFO] Auditing path $.replica.tolerations
[INFO] Auditing path $.replica.tolerations[*]
[INFO] Auditing path $.replica.topologySpreadConstraints
[INFO] Auditing path $.replica.topologySpreadConstraints[*]
[INFO] Auditing path $.replica.updateStrategy
[INFO] Auditing path $.replica.updateStrategy.type
[INFO] Auditing path $.replica
[INFO] Auditing path $.secretAnnotations
[INFO] Auditing path $.secretChecksumAnnotations
[INFO] Auditing path $.sentinel.annotations
[INFO] Auditing path $.sentinel.args
[INFO] Auditing path $.sentinel.args[*]
[INFO] Auditing path $.sentinel.automateClusterRecovery
[INFO] Auditing path $.sentinel.command
[INFO] Auditing path $.sentinel.command[*]
[INFO] Auditing path $.sentinel.commonAnnotations
[INFO] Auditing path $.sentinel.commonLabels
[INFO] Auditing path $.sentinel.configuration
[INFO] Auditing path $.sentinel.containerPorts
[INFO] Auditing path $.sentinel.containerPorts.sentinel
[INFO] Auditing path $.sentinel.containerSecurityContext
[INFO] Auditing path $.sentinel.containerSecurityContext.allowPrivilegeEscalation
[INFO] Auditing path $.sentinel.containerSecurityContext.capabilities
[INFO] Auditing path $.sentinel.containerSecurityContext.capabilities.drop
[INFO] Auditing path $.sentinel.containerSecurityContext.capabilities.drop[*]
[INFO] Auditing path $.sentinel.containerSecurityContext.enabled
[INFO] Auditing path $.sentinel.containerSecurityContext.readOnlyRootFilesystem
[INFO] Auditing path $.sentinel.containerSecurityContext.runAsGroup
[INFO] Auditing path $.sentinel.containerSecurityContext.runAsNonRoot
[INFO] Auditing path $.sentinel.containerSecurityContext.runAsUser
[INFO] Auditing path $.sentinel.containerSecurityContext.seLinuxOptions
[INFO] Auditing path $.sentinel.containerSecurityContext.seccompProfile
[INFO] Auditing path $.sentinel.containerSecurityContext.seccompProfile.type
[INFO] Auditing path $.sentinel.customLivenessProbe
[INFO] Auditing path $.sentinel.customReadinessProbe
[INFO] Auditing path $.sentinel.customStartupProbe
[INFO] Auditing path $.sentinel.downAfterMilliseconds
[INFO] Auditing path $.sentinel.enableServiceLinks
[INFO] Auditing path $.sentinel.enabled
[INFO] Auditing path $.sentinel.externalAccess
[INFO] Auditing path $.sentinel.externalAccess.enabled
[INFO] Auditing path $.sentinel.externalAccess.service
[INFO] Auditing path $.sentinel.externalAccess.service.annotations
[INFO] Auditing path $.sentinel.externalAccess.service.disableLoadBalancerIP
[INFO] Auditing path $.sentinel.externalAccess.service.loadBalancerClass
[INFO] Auditing path $.sentinel.externalAccess.service.loadBalancerIP
[INFO] Auditing path $.sentinel.externalAccess.service.loadBalancerIP[*]
[INFO] Auditing path $.sentinel.externalAccess.service.loadBalancerIPAnnotaion
[INFO] Auditing path $.sentinel.externalAccess.service.loadBalancerSourceRanges
[INFO] Auditing path $.sentinel.externalAccess.service.redisPort
[INFO] Auditing path $.sentinel.externalAccess.service.sentinelPort
[INFO] Auditing path $.sentinel.externalAccess.service.type
[INFO] Auditing path $.sentinel.externalMaster
[INFO] Auditing path $.sentinel.externalMaster.enabled
[INFO] Auditing path $.sentinel.externalMaster.host
[INFO] Auditing path $.sentinel.externalMaster.port
[INFO] Auditing path $.sentinel.extraEnvVars
[INFO] Auditing path $.sentinel.extraEnvVars[*]
[INFO] Auditing path $.sentinel.extraEnvVarsCM
[INFO] Auditing path $.sentinel.extraEnvVarsSecret
[INFO] Auditing path $.sentinel.extraPodSpec
[INFO] Auditing path $.sentinel.extraVolumeMounts
[INFO] Auditing path $.sentinel.extraVolumeMounts[*]
[INFO] Auditing path $.sentinel.extraVolumes
[INFO] Auditing path $.sentinel.extraVolumes[*]
[INFO] Auditing path $.sentinel.failoverTimeout
[INFO] Auditing path $.sentinel.getMasterTimeout
[INFO] Auditing path $.sentinel.image
[INFO] Auditing path $.sentinel.image.debug
[INFO] Auditing path $.sentinel.image.digest
[INFO] Auditing path $.sentinel.image.pullPolicy
[INFO] Auditing path $.sentinel.image.pullSecrets
[INFO] Auditing path $.sentinel.image.pullSecrets[*]
[INFO] Auditing path $.sentinel.image.registry
[INFO] Auditing path $.sentinel.image.repository
[INFO] Auditing path $.sentinel.image.tag
[INFO] Auditing path $.sentinel.lifecycleHooks
[INFO] Auditing path $.sentinel.livenessProbe
[INFO] Auditing path $.sentinel.livenessProbe.enabled
[INFO] Auditing path $.sentinel.livenessProbe.failureThreshold
[INFO] Auditing path $.sentinel.livenessProbe.initialDelaySeconds
[INFO] Auditing path $.sentinel.livenessProbe.periodSeconds
[INFO] Auditing path $.sentinel.livenessProbe.successThreshold
[INFO] Auditing path $.sentinel.livenessProbe.timeoutSeconds
[INFO] Auditing path $.sentinel.masterService
[INFO] Auditing path $.sentinel.masterService.annotations
[INFO] Auditing path $.sentinel.masterService.clusterIP
[INFO] Auditing path $.sentinel.masterService.enabled
[INFO] Auditing path $.sentinel.masterService.externalTrafficPolicy
[INFO] Auditing path $.sentinel.masterService.extraPorts
[INFO] Auditing path $.sentinel.masterService.extraPorts[*]
[INFO] Auditing path $.sentinel.masterService.loadBalancerClass
[INFO] Auditing path $.sentinel.masterService.loadBalancerIP
[INFO] Auditing path $.sentinel.masterService.loadBalancerSourceRanges
[INFO] Auditing path $.sentinel.masterService.loadBalancerSourceRanges[*]
[INFO] Auditing path $.sentinel.masterService.nodePorts
[INFO] Auditing path $.sentinel.masterService.nodePorts.redis
[INFO] Auditing path $.sentinel.masterService.ports
[INFO] Auditing path $.sentinel.masterService.ports.redis
[INFO] Auditing path $.sentinel.masterService.sessionAffinity
[INFO] Auditing path $.sentinel.masterService.sessionAffinityConfig
[INFO] Auditing path $.sentinel.masterService.type
[INFO] Auditing path $.sentinel.masterSet
[INFO] Auditing path $.sentinel.parallelSyncs
[INFO] Auditing path $.sentinel.persistence
[INFO] Auditing path $.sentinel.persistence.accessModes
[INFO] Auditing path $.sentinel.persistence.accessModes[*]
[INFO] Auditing path $.sentinel.persistence.annotations
[INFO] Auditing path $.sentinel.persistence.dataSource
[INFO] Auditing path $.sentinel.persistence.enabled
[INFO] Auditing path $.sentinel.persistence.labels
[INFO] Auditing path $.sentinel.persistence.medium
[INFO] Auditing path $.sentinel.persistence.selector
[INFO] Auditing path $.sentinel.persistence.size
[INFO] Auditing path $.sentinel.persistence.sizeLimit
[INFO] Auditing path $.sentinel.persistence.storageClass
[INFO] Auditing path $.sentinel.persistentVolumeClaimRetentionPolicy
[INFO] Auditing path $.sentinel.persistentVolumeClaimRetentionPolicy.enabled
[INFO] Auditing path $.sentinel.persistentVolumeClaimRetentionPolicy.whenDeleted
[INFO] Auditing path $.sentinel.persistentVolumeClaimRetentionPolicy.whenScaled
[INFO] Auditing path $.sentinel.preExecCmds
[INFO] Auditing path $.sentinel.preExecCmds[*]
[INFO] Auditing path $.sentinel.quorum
[INFO] Auditing path $.sentinel.readinessProbe
[INFO] Auditing path $.sentinel.readinessProbe.enabled
[INFO] Auditing path $.sentinel.readinessProbe.failureThreshold
[INFO] Auditing path $.sentinel.readinessProbe.initialDelaySeconds
[INFO] Auditing path $.sentinel.readinessProbe.periodSeconds
[INFO] Auditing path $.sentinel.readinessProbe.successThreshold
[INFO] Auditing path $.sentinel.readinessProbe.timeoutSeconds
[INFO] Auditing path $.sentinel.redisShutdownWaitFailover
[INFO] Auditing path $.sentinel.replicaSyncCheck
[INFO] Auditing path $.sentinel.resources
[INFO] Auditing path $.sentinel.resourcesPreset
[INFO] Auditing path $.sentinel.service
[INFO] Auditing path $.sentinel.service.annotations
[INFO] Auditing path $.sentinel.service.clusterIP
[INFO] Auditing path $.sentinel.service.createMaster
[INFO] Auditing path $.sentinel.service.externalTrafficPolicy
[INFO] Auditing path $.sentinel.service.extraPorts
[INFO] Auditing path $.sentinel.service.extraPorts[*]
[INFO] Auditing path $.sentinel.service.headless
[INFO] Auditing path $.sentinel.service.headless.annotations
[INFO] Auditing path $.sentinel.service.headless.extraPorts
[INFO] Auditing path $.sentinel.service.headless.extraPorts[*]
[INFO] Auditing path $.sentinel.service.loadBalancerClass
[INFO] Auditing path $.sentinel.service.loadBalancerIP
[INFO] Auditing path $.sentinel.service.loadBalancerSourceRanges
[INFO] Auditing path $.sentinel.service.loadBalancerSourceRanges[*]
[INFO] Auditing path $.sentinel.service.nodePorts
[INFO] Auditing path $.sentinel.service.nodePorts.redis
[INFO] Auditing path $.sentinel.service.nodePorts.sentinel
[INFO] Auditing path $.sentinel.service.ports
[INFO] Auditing path $.sentinel.service.ports.redis
[INFO] Auditing path $.sentinel.service.ports.sentinel
[INFO] Auditing path $.sentinel.service.sessionAffinity
[INFO] Auditing path $.sentinel.service.sessionAffinityConfig
[INFO] Auditing path $.sentinel.service.type
[INFO] Auditing path $.sentinel.startupProbe
[INFO] Auditing path $.sentinel.startupProbe.enabled
[INFO] Auditing path $.sentinel.startupProbe.failureThreshold
[INFO] Auditing path $.sentinel.startupProbe.initialDelaySeconds
[INFO] Auditing path $.sentinel.startupProbe.periodSeconds
[INFO] Auditing path $.sentinel.startupProbe.successThreshold
[INFO] Auditing path $.sentinel.startupProbe.timeoutSeconds
[INFO] Auditing path $.sentinel.terminationGracePeriodSeconds
[INFO] Auditing path $.sentinel
[INFO] Auditing path $.serviceAccount.annotations
[INFO] Auditing path $.serviceAccount.automountServiceAccountToken
[INFO] Auditing path $.serviceAccount.create
[INFO] Auditing path $.serviceAccount.name
[INFO] Auditing path $.serviceAccount
[INFO] Auditing path $.serviceBindings.enabled
[INFO] Auditing path $.serviceBindings
[INFO] Auditing path $.sysctl.command
[INFO] Auditing path $.sysctl.command[*]
[INFO] Auditing path $.sysctl.enabled
[INFO] Auditing path $.sysctl.image
[INFO] Auditing path $.sysctl.image.digest
[INFO] Auditing path $.sysctl.image.pullPolicy
[INFO] Auditing path $.sysctl.image.pullSecrets
[INFO] Auditing path $.sysctl.image.pullSecrets[*]
[INFO] Auditing path $.sysctl.image.registry
[INFO] Auditing path $.sysctl.image.repository
[INFO] Auditing path $.sysctl.image.tag
[INFO] Auditing path $.sysctl.mountHostSys
[INFO] Auditing path $.sysctl.resources
[INFO] Auditing path $.sysctl.resourcesPreset
[INFO] Auditing path $.sysctl
[INFO] Auditing path $.tls.authClients
[INFO] Auditing path $.tls.autoGenerated
[INFO] Auditing path $.tls.certCAFilename
[INFO] Auditing path $.tls.certFilename
[INFO] Auditing path $.tls.certKeyFilename
[INFO] Auditing path $.tls.certificatesSecret
[INFO] Auditing path $.tls.dhParamsFilename
[INFO] Auditing path $.tls.enabled
[INFO] Auditing path $.tls.existingSecret
[INFO] Auditing path $.tls
[INFO] Auditing path $.useExternalDNS.additionalAnnotations
[INFO] Auditing path $.useExternalDNS.annotationKey
[INFO] Auditing path $.useExternalDNS.enabled
[INFO] Auditing path $.useExternalDNS.suffix
[INFO] Auditing path $.useExternalDNS
[INFO] Auditing path $.useHostnames
[INFO] Auditing path $.volumePermissions.containerSecurityContext
[INFO] Auditing path $.volumePermissions.containerSecurityContext.enabled
[INFO] Auditing path $.volumePermissions.containerSecurityContext.readOnlyRootFilesystem
[INFO] Auditing path $.volumePermissions.containerSecurityContext.runAsUser
[INFO] Auditing path $.volumePermissions.containerSecurityContext.seLinuxOptions
[INFO] Auditing path $.volumePermissions.enabled
[INFO] Auditing path $.volumePermissions.extraEnvVars
[INFO] Auditing path $.volumePermissions.image
[INFO] Auditing path $.volumePermissions.image.digest
[INFO] Auditing path $.volumePermissions.image.pullPolicy
[INFO] Auditing path $.volumePermissions.image.pullSecrets
[INFO] Auditing path $.volumePermissions.image.pullSecrets[*]
[INFO] Auditing path $.volumePermissions.image.registry
[INFO] Auditing path $.volumePermissions.image.repository
[INFO] Auditing path $.volumePermissions.image.tag
[INFO] Auditing path $.volumePermissions.resources
[INFO] Auditing path $.volumePermissions.resourcesPreset
[INFO] Auditing path $.volumePermissions
