[INFO] Auditing path $.affinity
[INFO] Auditing path $.aws.aws_access_key_id
[INFO] Auditing path $.aws.aws_secret_access_key
[INFO] Auditing path $.aws.role
[INFO] Auditing path $.aws.secret
[INFO] Auditing path $.aws.secret.includesSessionToken
[INFO] Auditing path $.aws.secret.name
[INFO] Auditing path $.aws.stsRegional
[INFO] Auditing path $.aws.stsRegional.enabled
[INFO] Auditing path $.aws
[INFO] Auditing path $.command
[INFO] Auditing path $.config
[INFO] Auditing path $.containerPort
[INFO] Auditing path $.containerSecurityContext
[INFO] Auditing path $.deployment.annotations
[INFO] Auditing path $.deployment.labels
[INFO] Auditing path $.deployment
[INFO] Auditing path $.extraEnv
[INFO] Auditing path $.image.pullPolicy
[INFO] Auditing path $.image.pullSecrets
[INFO] Auditing path $.image.repository
[INFO] Auditing path $.image.tag
[INFO] Auditing path $.image
[INFO] Auditing path $.ingress.annotations
[INFO] Auditing path $.ingress.enabled
[INFO] Auditing path $.ingress.hosts
[INFO] Auditing path $.ingress.hosts[*]
[INFO] Auditing path $.ingress.ingressClassName
[INFO] Auditing path $.ingress.labels
[INFO] Auditing path $.ingress.path
[INFO] Auditing path $.ingress.pathType
[INFO] Auditing path $.ingress.tls
[INFO] Auditing path $.ingress.tls[*].hosts
[INFO] Auditing path $.ingress.tls[*].hosts[*]
[INFO] Auditing path $.ingress.tls[*].secretName
[INFO] Auditing path $.ingress
[INFO] Auditing path $.livenessProbe.failureThreshold
[INFO] Auditing path $.livenessProbe.initialDelaySeconds
[INFO] Auditing path $.livenessProbe.path
[INFO] Auditing path $.livenessProbe.periodSeconds
[INFO] Auditing path $.livenessProbe.successThreshold
[INFO] Auditing path $.livenessProbe.timeoutSeconds
[INFO] Auditing path $.livenessProbe
[INFO] Auditing path $.nodeSelector
[INFO] Auditing path $.pod.annotations
[INFO] Auditing path $.pod.labels
[INFO] Auditing path $.pod
[INFO] Auditing path $.podDisruptionBudget.enabled
[INFO] Auditing path $.podDisruptionBudget.maxUnavailable
[INFO] Auditing path $.podDisruptionBudget.minAvailable
[INFO] Auditing path $.podDisruptionBudget
[INFO] Auditing path $.priorityClassName
[INFO] Auditing path $.prometheusRule.enabled
[INFO] Auditing path $.prometheusRule.labels
[INFO] Auditing path $.prometheusRule.namespace
[INFO] Auditing path $.prometheusRule.rules
[INFO] Auditing path $.prometheusRule
[INFO] Auditing path $.rbac.create
[INFO] Auditing path $.rbac
[INFO] Auditing path $.readinessProbe.failureThreshold
[INFO] Auditing path $.readinessProbe.initialDelaySeconds
[INFO] Auditing path $.readinessProbe.path
[INFO] Auditing path $.readinessProbe.periodSeconds
[INFO] Auditing path $.readinessProbe.successThreshold
[INFO] Auditing path $.readinessProbe.timeoutSeconds
[INFO] Auditing path $.readinessProbe
[INFO] Auditing path $.replicaCount
[INFO] Auditing path $.resources
[INFO] Auditing path $.securityContext.fsGroup
[INFO] Auditing path $.securityContext.runAsUser
[INFO] Auditing path $.securityContext
[INFO] Auditing path $.service.annotations
[INFO] Auditing path $.service.labels
[INFO] Auditing path $.service.port
[INFO] Auditing path $.service.portName
[INFO] Auditing path $.service.type
[INFO] Auditing path $.service
[INFO] Auditing path $.serviceAccount.annotations
[INFO] Auditing path $.serviceAccount.automountServiceAccountToken
[INFO] Auditing path $.serviceAccount.create
[INFO] Auditing path $.serviceAccount.name
[INFO] Auditing path $.serviceAccount
[INFO] Auditing path $.serviceMonitor.enabled
[INFO] Auditing path $.serviceMonitor.interval
[INFO] Auditing path $.serviceMonitor.labels
[INFO] Auditing path $.serviceMonitor.metricRelabelings
[INFO] Auditing path $.serviceMonitor.namespace
[INFO] Auditing path $.serviceMonitor.relabelings
[INFO] Auditing path $.serviceMonitor.telemetryPath
[INFO] Auditing path $.serviceMonitor.timeout
[INFO] Auditing path $.serviceMonitor
[INFO] Auditing path $.tolerations
