[INFO] Auditing path $.backend.adminEmail
[INFO] Auditing path $.backend.adminPassword
[INFO] Auditing path $.backend.adminUser
[INFO] Auditing path $.backend.affinity
[INFO] Auditing path $.backend.args
[INFO] Auditing path $.backend.automountServiceAccountToken
[INFO] Auditing path $.backend.command
[INFO] Auditing path $.backend.containerPorts
[INFO] Auditing path $.backend.containerPorts.http
[INFO] Auditing path $.backend.containerSecurityContext
[INFO] Auditing path $.backend.containerSecurityContext.allowPrivilegeEscalation
[INFO] Auditing path $.backend.containerSecurityContext.capabilities
[INFO] Auditing path $.backend.containerSecurityContext.capabilities.drop
[INFO] Auditing path $.backend.containerSecurityContext.enabled
[INFO] Auditing path $.backend.containerSecurityContext.privileged
[INFO] Auditing path $.backend.containerSecurityContext.readOnlyRootFilesystem
[INFO] Auditing path $.backend.containerSecurityContext.runAsGroup
[INFO] Auditing path $.backend.containerSecurityContext.runAsNonRoot
[INFO] Auditing path $.backend.containerSecurityContext.runAsUser
[INFO] Auditing path $.backend.containerSecurityContext.seLinuxOptions
[INFO] Auditing path $.backend.containerSecurityContext.seccompProfile
[INFO] Auditing path $.backend.containerSecurityContext.seccompProfile.type
[INFO] Auditing path $.backend.customLivenessProbe
[INFO] Auditing path $.backend.customReadinessProbe
[INFO] Auditing path $.backend.customStartupProbe
[INFO] Auditing path $.backend.encryptionPassword
[INFO] Auditing path $.backend.encryptionSalt
[INFO] Auditing path $.backend.existingSecret
[INFO] Auditing path $.backend.existingSecretEncryptionPasswordKey
[INFO] Auditing path $.backend.existingSecretEncryptionSaltKey
[INFO] Auditing path $.backend.existingSecretPasswordKey
[INFO] Auditing path $.backend.extraEnvVars
[INFO] Auditing path $.backend.extraEnvVarsCM
[INFO] Auditing path $.backend.extraEnvVarsSecret
[INFO] Auditing path $.backend.extraVolumeMounts
[INFO] Auditing path $.backend.extraVolumes
[INFO] Auditing path $.backend.hostAliases
[INFO] Auditing path $.backend.initContainers
[INFO] Auditing path $.backend.lifecycleHooks
[INFO] Auditing path $.backend.livenessProbe
[INFO] Auditing path $.backend.livenessProbe.enabled
[INFO] Auditing path $.backend.livenessProbe.failureThreshold
[INFO] Auditing path $.backend.livenessProbe.initialDelaySeconds
[INFO] Auditing path $.backend.livenessProbe.periodSeconds
[INFO] Auditing path $.backend.livenessProbe.successThreshold
[INFO] Auditing path $.backend.livenessProbe.timeoutSeconds
[INFO] Auditing path $.backend.networkPolicy
[INFO] Auditing path $.backend.networkPolicy.allowExternal
[INFO] Auditing path $.backend.networkPolicy.allowExternalEgress
[INFO] Auditing path $.backend.networkPolicy.enabled
[INFO] Auditing path $.backend.networkPolicy.extraEgress
[INFO] Auditing path $.backend.networkPolicy.extraIngress
[INFO] Auditing path $.backend.networkPolicy.ingressNSMatchLabels
[INFO] Auditing path $.backend.networkPolicy.ingressNSMatchLabels[*]
[INFO] Auditing path $.backend.networkPolicy.ingressNSPodMatchLabels
[INFO] Auditing path $.backend.networkPolicy.ingressNSPodMatchLabels[*]
[INFO] Auditing path $.backend.nodeAffinityPreset
[INFO] Auditing path $.backend.nodeAffinityPreset.key
[INFO] Auditing path $.backend.nodeAffinityPreset.type
[INFO] Auditing path $.backend.nodeAffinityPreset.values
[INFO] Auditing path $.backend.nodeSelector
[INFO] Auditing path $.backend.pdb
[INFO] Auditing path $.backend.pdb.create
[INFO] Auditing path $.backend.pdb.maxUnavailable
[INFO] Auditing path $.backend.pdb.minAvailable
[INFO] Auditing path $.backend.persistence
[INFO] Auditing path $.backend.persistence.accessModes
[INFO] Auditing path $.backend.persistence.accessModes[*]
[INFO] Auditing path $.backend.persistence.annotations
[INFO] Auditing path $.backend.persistence.dataSource
[INFO] Auditing path $.backend.persistence.enabled
[INFO] Auditing path $.backend.persistence.existingClaim
[INFO] Auditing path $.backend.persistence.gitDataPath
[INFO] Auditing path $.backend.persistence.mountPath
[INFO] Auditing path $.backend.persistence.selector
[INFO] Auditing path $.backend.persistence.size
[INFO] Auditing path $.backend.persistence.storageClass
[INFO] Auditing path $.backend.persistence.subPath
[INFO] Auditing path $.backend.podAffinityPreset
[INFO] Auditing path $.backend.podAnnotations
[INFO] Auditing path $.backend.podAntiAffinityPreset
[INFO] Auditing path $.backend.podLabels
[INFO] Auditing path $.backend.podSecurityContext
[INFO] Auditing path $.backend.podSecurityContext.enabled
[INFO] Auditing path $.backend.podSecurityContext.fsGroup
[INFO] Auditing path $.backend.podSecurityContext.fsGroupChangePolicy
[INFO] Auditing path $.backend.podSecurityContext.supplementalGroups
[INFO] Auditing path $.backend.podSecurityContext.sysctls
[INFO] Auditing path $.backend.priorityClassName
[INFO] Auditing path $.backend.readinessProbe
[INFO] Auditing path $.backend.readinessProbe.enabled
[INFO] Auditing path $.backend.readinessProbe.failureThreshold
[INFO] Auditing path $.backend.readinessProbe.initialDelaySeconds
[INFO] Auditing path $.backend.readinessProbe.periodSeconds
[INFO] Auditing path $.backend.readinessProbe.successThreshold
[INFO] Auditing path $.backend.readinessProbe.timeoutSeconds
[INFO] Auditing path $.backend.redirectAmbassador
[INFO] Auditing path $.backend.redirectAmbassador.args
[INFO] Auditing path $.backend.redirectAmbassador.command
[INFO] Auditing path $.backend.redirectAmbassador.containerPorts
[INFO] Auditing path $.backend.redirectAmbassador.containerPorts.http
[INFO] Auditing path $.backend.redirectAmbassador.containerSecurityContext
[INFO] Auditing path $.backend.redirectAmbassador.containerSecurityContext.allowPrivilegeEscalation
[INFO] Auditing path $.backend.redirectAmbassador.containerSecurityContext.capabilities
[INFO] Auditing path $.backend.redirectAmbassador.containerSecurityContext.capabilities.drop
[INFO] Auditing path $.backend.redirectAmbassador.containerSecurityContext.enabled
[INFO] Auditing path $.backend.redirectAmbassador.containerSecurityContext.privileged
[INFO] Auditing path $.backend.redirectAmbassador.containerSecurityContext.readOnlyRootFilesystem
[INFO] Auditing path $.backend.redirectAmbassador.containerSecurityContext.runAsGroup
[INFO] Auditing path $.backend.redirectAmbassador.containerSecurityContext.runAsNonRoot
[INFO] Auditing path $.backend.redirectAmbassador.containerSecurityContext.runAsUser
[INFO] Auditing path $.backend.redirectAmbassador.containerSecurityContext.seLinuxOptions
[INFO] Auditing path $.backend.redirectAmbassador.containerSecurityContext.seccompProfile
[INFO] Auditing path $.backend.redirectAmbassador.containerSecurityContext.seccompProfile.type
[INFO] Auditing path $.backend.redirectAmbassador.customLivenessProbe
[INFO] Auditing path $.backend.redirectAmbassador.customReadinessProbe
[INFO] Auditing path $.backend.redirectAmbassador.customStartupProbe
[INFO] Auditing path $.backend.redirectAmbassador.extraEnvVars
[INFO] Auditing path $.backend.redirectAmbassador.extraEnvVarsCM
[INFO] Auditing path $.backend.redirectAmbassador.extraEnvVarsSecret
[INFO] Auditing path $.backend.redirectAmbassador.extraVolumeMounts
[INFO] Auditing path $.backend.redirectAmbassador.image
[INFO] Auditing path $.backend.redirectAmbassador.image.digest
[INFO] Auditing path $.backend.redirectAmbassador.image.pullPolicy
[INFO] Auditing path $.backend.redirectAmbassador.image.pullSecrets
[INFO] Auditing path $.backend.redirectAmbassador.image.registry
[INFO] Auditing path $.backend.redirectAmbassador.image.repository
[INFO] Auditing path $.backend.redirectAmbassador.image.tag
[INFO] Auditing path $.backend.redirectAmbassador.lifecycleHooks
[INFO] Auditing path $.backend.redirectAmbassador.livenessProbe
[INFO] Auditing path $.backend.redirectAmbassador.livenessProbe.enabled
[INFO] Auditing path $.backend.redirectAmbassador.livenessProbe.failureThreshold
[INFO] Auditing path $.backend.redirectAmbassador.livenessProbe.initialDelaySeconds
[INFO] Auditing path $.backend.redirectAmbassador.livenessProbe.periodSeconds
[INFO] Auditing path $.backend.redirectAmbassador.livenessProbe.successThreshold
[INFO] Auditing path $.backend.redirectAmbassador.livenessProbe.timeoutSeconds
[INFO] Auditing path $.backend.redirectAmbassador.readinessProbe
[INFO] Auditing path $.backend.redirectAmbassador.readinessProbe.enabled
[INFO] Auditing path $.backend.redirectAmbassador.readinessProbe.failureThreshold
[INFO] Auditing path $.backend.redirectAmbassador.readinessProbe.initialDelaySeconds
[INFO] Auditing path $.backend.redirectAmbassador.readinessProbe.periodSeconds
[INFO] Auditing path $.backend.redirectAmbassador.readinessProbe.successThreshold
[INFO] Auditing path $.backend.redirectAmbassador.readinessProbe.timeoutSeconds
[INFO] Auditing path $.backend.redirectAmbassador.resources
[INFO] Auditing path $.backend.redirectAmbassador.resourcesPreset
[INFO] Auditing path $.backend.redirectAmbassador.startupProbe
[INFO] Auditing path $.backend.redirectAmbassador.startupProbe.enabled
[INFO] Auditing path $.backend.redirectAmbassador.startupProbe.failureThreshold
[INFO] Auditing path $.backend.redirectAmbassador.startupProbe.initialDelaySeconds
[INFO] Auditing path $.backend.redirectAmbassador.startupProbe.periodSeconds
[INFO] Auditing path $.backend.redirectAmbassador.startupProbe.successThreshold
[INFO] Auditing path $.backend.redirectAmbassador.startupProbe.timeoutSeconds
[INFO] Auditing path $.backend.replicaCount
[INFO] Auditing path $.backend.resources
[INFO] Auditing path $.backend.resourcesPreset
[INFO] Auditing path $.backend.schedulerName
[INFO] Auditing path $.backend.service
[INFO] Auditing path $.backend.service.annotations
[INFO] Auditing path $.backend.service.clusterIP
[INFO] Auditing path $.backend.service.externalTrafficPolicy
[INFO] Auditing path $.backend.service.extraPorts
[INFO] Auditing path $.backend.service.loadBalancerIP
[INFO] Auditing path $.backend.service.loadBalancerSourceRanges
[INFO] Auditing path $.backend.service.nodePorts
[INFO] Auditing path $.backend.service.nodePorts.http
[INFO] Auditing path $.backend.service.ports
[INFO] Auditing path $.backend.service.ports.http
[INFO] Auditing path $.backend.service.sessionAffinity
[INFO] Auditing path $.backend.service.sessionAffinityConfig
[INFO] Auditing path $.backend.service.type
[INFO] Auditing path $.backend.sidecars
[INFO] Auditing path $.backend.startupProbe
[INFO] Auditing path $.backend.startupProbe.enabled
[INFO] Auditing path $.backend.startupProbe.failureThreshold
[INFO] Auditing path $.backend.startupProbe.initialDelaySeconds
[INFO] Auditing path $.backend.startupProbe.periodSeconds
[INFO] Auditing path $.backend.startupProbe.successThreshold
[INFO] Auditing path $.backend.startupProbe.timeoutSeconds
[INFO] Auditing path $.backend.terminationGracePeriodSeconds
[INFO] Auditing path $.backend.tolerations
[INFO] Auditing path $.backend.topologySpreadConstraints
[INFO] Auditing path $.backend.updateStrategy
[INFO] Auditing path $.backend.updateStrategy.type
[INFO] Auditing path $.backend
[INFO] Auditing path $.client.affinity
[INFO] Auditing path $.client.args
[INFO] Auditing path $.client.automountServiceAccountToken
[INFO] Auditing path $.client.command
[INFO] Auditing path $.client.containerPorts
[INFO] Auditing path $.client.containerPorts.http
[INFO] Auditing path $.client.containerPorts.https
[INFO] Auditing path $.client.containerSecurityContext
[INFO] Auditing path $.client.containerSecurityContext.allowPrivilegeEscalation
[INFO] Auditing path $.client.containerSecurityContext.capabilities
[INFO] Auditing path $.client.containerSecurityContext.capabilities.drop
[INFO] Auditing path $.client.containerSecurityContext.enabled
[INFO] Auditing path $.client.containerSecurityContext.privileged
[INFO] Auditing path $.client.containerSecurityContext.readOnlyRootFilesystem
[INFO] Auditing path $.client.containerSecurityContext.runAsGroup
[INFO] Auditing path $.client.containerSecurityContext.runAsNonRoot
[INFO] Auditing path $.client.containerSecurityContext.runAsUser
[INFO] Auditing path $.client.containerSecurityContext.seLinuxOptions
[INFO] Auditing path $.client.containerSecurityContext.seccompProfile
[INFO] Auditing path $.client.containerSecurityContext.seccompProfile.type
[INFO] Auditing path $.client.customLivenessProbe
[INFO] Auditing path $.client.customReadinessProbe
[INFO] Auditing path $.client.customStartupProbe
[INFO] Auditing path $.client.extraEnvVars
[INFO] Auditing path $.client.extraEnvVarsCM
[INFO] Auditing path $.client.extraEnvVarsSecret
[INFO] Auditing path $.client.extraVolumeMounts
[INFO] Auditing path $.client.extraVolumes
[INFO] Auditing path $.client.hostAliases
[INFO] Auditing path $.client.ingress
[INFO] Auditing path $.client.ingress.annotations
[INFO] Auditing path $.client.ingress.apiVersion
[INFO] Auditing path $.client.ingress.enabled
[INFO] Auditing path $.client.ingress.extraHosts
[INFO] Auditing path $.client.ingress.extraHosts[*].name
[INFO] Auditing path $.client.ingress.extraHosts[*].path
[INFO] Auditing path $.client.ingress.extraHosts[*].pathType
[INFO] Auditing path $.client.ingress.extraPaths
[INFO] Auditing path $.client.ingress.extraRules
[INFO] Auditing path $.client.ingress.extraTls
[INFO] Auditing path $.client.ingress.hostname
[INFO] Auditing path $.client.ingress.ingressClassName
[INFO] Auditing path $.client.ingress.path
[INFO] Auditing path $.client.ingress.pathType
[INFO] Auditing path $.client.ingress.secrets
[INFO] Auditing path $.client.ingress.secrets[*].certificate
[INFO] Auditing path $.client.ingress.secrets[*].key
[INFO] Auditing path $.client.ingress.secrets[*].name
[INFO] Auditing path $.client.ingress.selfSigned
[INFO] Auditing path $.client.ingress.tls
[INFO] Auditing path $.client.initContainers
[INFO] Auditing path $.client.lifecycleHooks
[INFO] Auditing path $.client.livenessProbe
[INFO] Auditing path $.client.livenessProbe.enabled
[INFO] Auditing path $.client.livenessProbe.failureThreshold
[INFO] Auditing path $.client.livenessProbe.initialDelaySeconds
[INFO] Auditing path $.client.livenessProbe.periodSeconds
[INFO] Auditing path $.client.livenessProbe.successThreshold
[INFO] Auditing path $.client.livenessProbe.timeoutSeconds
[INFO] Auditing path $.client.networkPolicy
[INFO] Auditing path $.client.networkPolicy.allowExternal
[INFO] Auditing path $.client.networkPolicy.allowExternalEgress
[INFO] Auditing path $.client.networkPolicy.enabled
[INFO] Auditing path $.client.networkPolicy.extraEgress
[INFO] Auditing path $.client.networkPolicy.extraIngress
[INFO] Auditing path $.client.networkPolicy.ingressNSMatchLabels
[INFO] Auditing path $.client.networkPolicy.ingressNSMatchLabels[*]
[INFO] Auditing path $.client.networkPolicy.ingressNSPodMatchLabels
[INFO] Auditing path $.client.networkPolicy.ingressNSPodMatchLabels[*]
[INFO] Auditing path $.client.nodeAffinityPreset
[INFO] Auditing path $.client.nodeAffinityPreset.key
[INFO] Auditing path $.client.nodeAffinityPreset.type
[INFO] Auditing path $.client.nodeAffinityPreset.values
[INFO] Auditing path $.client.nodeSelector
[INFO] Auditing path $.client.pdb
[INFO] Auditing path $.client.pdb.create
[INFO] Auditing path $.client.pdb.maxUnavailable
[INFO] Auditing path $.client.pdb.minAvailable
[INFO] Auditing path $.client.podAffinityPreset
[INFO] Auditing path $.client.podAnnotations
[INFO] Auditing path $.client.podAntiAffinityPreset
[INFO] Auditing path $.client.podLabels
[INFO] Auditing path $.client.podSecurityContext
[INFO] Auditing path $.client.podSecurityContext.enabled
[INFO] Auditing path $.client.podSecurityContext.fsGroup
[INFO] Auditing path $.client.podSecurityContext.fsGroupChangePolicy
[INFO] Auditing path $.client.podSecurityContext.supplementalGroups
[INFO] Auditing path $.client.podSecurityContext.sysctls
[INFO] Auditing path $.client.priorityClassName
[INFO] Auditing path $.client.readinessProbe
[INFO] Auditing path $.client.readinessProbe.enabled
[INFO] Auditing path $.client.readinessProbe.failureThreshold
[INFO] Auditing path $.client.readinessProbe.initialDelaySeconds
[INFO] Auditing path $.client.readinessProbe.periodSeconds
[INFO] Auditing path $.client.readinessProbe.successThreshold
[INFO] Auditing path $.client.readinessProbe.timeoutSeconds
[INFO] Auditing path $.client.replicaCount
[INFO] Auditing path $.client.resources
[INFO] Auditing path $.client.resourcesPreset
[INFO] Auditing path $.client.schedulerName
[INFO] Auditing path $.client.service
[INFO] Auditing path $.client.service.annotations
[INFO] Auditing path $.client.service.clusterIP
[INFO] Auditing path $.client.service.externalTrafficPolicy
[INFO] Auditing path $.client.service.extraPorts
[INFO] Auditing path $.client.service.loadBalancerIP
[INFO] Auditing path $.client.service.loadBalancerSourceRanges
[INFO] Auditing path $.client.service.nodePorts
[INFO] Auditing path $.client.service.nodePorts.http
[INFO] Auditing path $.client.service.ports
[INFO] Auditing path $.client.service.ports.http
[INFO] Auditing path $.client.service.sessionAffinity
[INFO] Auditing path $.client.service.sessionAffinityConfig
[INFO] Auditing path $.client.service.type
[INFO] Auditing path $.client.sidecars
[INFO] Auditing path $.client.startupProbe
[INFO] Auditing path $.client.startupProbe.enabled
[INFO] Auditing path $.client.startupProbe.failureThreshold
[INFO] Auditing path $.client.startupProbe.initialDelaySeconds
[INFO] Auditing path $.client.startupProbe.periodSeconds
[INFO] Auditing path $.client.startupProbe.successThreshold
[INFO] Auditing path $.client.startupProbe.timeoutSeconds
[INFO] Auditing path $.client.terminationGracePeriodSeconds
[INFO] Auditing path $.client.tolerations
[INFO] Auditing path $.client.topologySpreadConstraints
[INFO] Auditing path $.client.updateStrategy
[INFO] Auditing path $.client.updateStrategy.type
[INFO] Auditing path $.client
[INFO] Auditing path $.clusterDomain
[INFO] Auditing path $.commonAnnotations
[INFO] Auditing path $.commonLabels
[INFO] Auditing path $.diagnosticMode.args
[INFO] Auditing path $.diagnosticMode.command
[INFO] Auditing path $.diagnosticMode.enabled
[INFO] Auditing path $.diagnosticMode
[INFO] Auditing path $.externalDatabase.database
[INFO] Auditing path $.externalDatabase.existingSecret
[INFO] Auditing path $.externalDatabase.existingSecretPasswordKey
[INFO] Auditing path $.externalDatabase.hosts
[INFO] Auditing path $.externalDatabase.password
[INFO] Auditing path $.externalDatabase.port
[INFO] Auditing path $.externalDatabase.username
[INFO] Auditing path $.externalDatabase
[INFO] Auditing path $.externalRedis.existingSecret
[INFO] Auditing path $.externalRedis.existingSecretPasswordKey
[INFO] Auditing path $.externalRedis.host
[INFO] Auditing path $.externalRedis.password
[INFO] Auditing path $.externalRedis.port
[INFO] Auditing path $.externalRedis
[INFO] Auditing path $.extraDeploy[*]
[INFO] Auditing path $.extraDeploy
[INFO] Auditing path $.fullnameOverride
[INFO] Auditing path $.global.compatibility
[INFO] Auditing path $.global.compatibility.openshift
[INFO] Auditing path $.global.compatibility.openshift.adaptSecurityContext
[INFO] Auditing path $.global.defaultStorageClass
[INFO] Auditing path $.global.imagePullSecrets
[INFO] Auditing path $.global.imageRegistry
[INFO] Auditing path $.global.security
[INFO] Auditing path $.global.security.allowInsecureImages
[INFO] Auditing path $.global
[INFO] Auditing path $.image.debug
[INFO] Auditing path $.image.digest
[INFO] Auditing path $.image.pullPolicy
[INFO] Auditing path $.image.pullSecrets
[INFO] Auditing path $.image.registry
[INFO] Auditing path $.image.repository
[INFO] Auditing path $.image.tag
[INFO] Auditing path $.image
[INFO] Auditing path $.kubeVersion
[INFO] Auditing path $.mongodb.arbiter
[INFO] Auditing path $.mongodb.arbiter.enabled
[INFO] Auditing path $.mongodb.architecture
[INFO] Auditing path $.mongodb.auth
[INFO] Auditing path $.mongodb.auth.databases
[INFO] Auditing path $.mongodb.auth.databases[*]
[INFO] Auditing path $.mongodb.auth.databases[*].Values.externalDatabase.database
[INFO] Auditing path $.mongodb.auth.usernames
[INFO] Auditing path $.mongodb.auth.usernames[*]
[INFO] Auditing path $.mongodb.auth.usernames[*].Values.externalDatabase.username
[INFO] Auditing path $.mongodb.containerPorts
[INFO] Auditing path $.mongodb.containerPorts.mongodb
[INFO] Auditing path $.mongodb.enabled
[INFO] Auditing path $.mongodb.replicaCount
[INFO] Auditing path $.mongodb.resources
[INFO] Auditing path $.mongodb.resourcesPreset
[INFO] Auditing path $.mongodb
[INFO] Auditing path $.nameOverride
[INFO] Auditing path $.namespaceOverride
[INFO] Auditing path $.redis.architecture
[INFO] Auditing path $.redis.auth
[INFO] Auditing path $.redis.auth.enabled
[INFO] Auditing path $.redis.auth.existingSecret
[INFO] Auditing path $.redis.auth.password
[INFO] Auditing path $.redis.enabled
[INFO] Auditing path $.redis.existingSecret
[INFO] Auditing path $.redis.master
[INFO] Auditing path $.redis.master.resources
[INFO] Auditing path $.redis.master.resourcesPreset
[INFO] Auditing path $.redis.master.service
[INFO] Auditing path $.redis.master.service.ports
[INFO] Auditing path $.redis.master.service.ports.redis
[INFO] Auditing path $.redis
[INFO] Auditing path $.rts.affinity
[INFO] Auditing path $.rts.args
[INFO] Auditing path $.rts.automountServiceAccountToken
[INFO] Auditing path $.rts.command
[INFO] Auditing path $.rts.containerPorts
[INFO] Auditing path $.rts.containerPorts.http
[INFO] Auditing path $.rts.containerSecurityContext
[INFO] Auditing path $.rts.containerSecurityContext.allowPrivilegeEscalation
[INFO] Auditing path $.rts.containerSecurityContext.capabilities
[INFO] Auditing path $.rts.containerSecurityContext.capabilities.drop
[INFO] Auditing path $.rts.containerSecurityContext.enabled
[INFO] Auditing path $.rts.containerSecurityContext.privileged
[INFO] Auditing path $.rts.containerSecurityContext.readOnlyRootFilesystem
[INFO] Auditing path $.rts.containerSecurityContext.runAsGroup
[INFO] Auditing path $.rts.containerSecurityContext.runAsNonRoot
[INFO] Auditing path $.rts.containerSecurityContext.runAsUser
[INFO] Auditing path $.rts.containerSecurityContext.seLinuxOptions
[INFO] Auditing path $.rts.containerSecurityContext.seccompProfile
[INFO] Auditing path $.rts.containerSecurityContext.seccompProfile.type
[INFO] Auditing path $.rts.customLivenessProbe
[INFO] Auditing path $.rts.customReadinessProbe
[INFO] Auditing path $.rts.customStartupProbe
[INFO] Auditing path $.rts.extraEnvVars
[INFO] Auditing path $.rts.extraEnvVarsCM
[INFO] Auditing path $.rts.extraEnvVarsSecret
[INFO] Auditing path $.rts.extraVolumeMounts
[INFO] Auditing path $.rts.extraVolumes
[INFO] Auditing path $.rts.hostAliases
[INFO] Auditing path $.rts.initContainers
[INFO] Auditing path $.rts.lifecycleHooks
[INFO] Auditing path $.rts.livenessProbe
[INFO] Auditing path $.rts.livenessProbe.enabled
[INFO] Auditing path $.rts.livenessProbe.failureThreshold
[INFO] Auditing path $.rts.livenessProbe.initialDelaySeconds
[INFO] Auditing path $.rts.livenessProbe.periodSeconds
[INFO] Auditing path $.rts.livenessProbe.successThreshold
[INFO] Auditing path $.rts.livenessProbe.timeoutSeconds
[INFO] Auditing path $.rts.networkPolicy
[INFO] Auditing path $.rts.networkPolicy.allowExternal
[INFO] Auditing path $.rts.networkPolicy.allowExternalEgress
[INFO] Auditing path $.rts.networkPolicy.enabled
[INFO] Auditing path $.rts.networkPolicy.extraEgress
[INFO] Auditing path $.rts.networkPolicy.extraIngress
[INFO] Auditing path $.rts.networkPolicy.ingressNSMatchLabels
[INFO] Auditing path $.rts.networkPolicy.ingressNSMatchLabels[*]
[INFO] Auditing path $.rts.networkPolicy.ingressNSPodMatchLabels
[INFO] Auditing path $.rts.networkPolicy.ingressNSPodMatchLabels[*]
[INFO] Auditing path $.rts.nodeAffinityPreset
[INFO] Auditing path $.rts.nodeAffinityPreset.key
[INFO] Auditing path $.rts.nodeAffinityPreset.type
[INFO] Auditing path $.rts.nodeAffinityPreset.values
[INFO] Auditing path $.rts.nodeSelector
[INFO] Auditing path $.rts.pdb
[INFO] Auditing path $.rts.pdb.create
[INFO] Auditing path $.rts.pdb.maxUnavailable
[INFO] Auditing path $.rts.pdb.minAvailable
[INFO] Auditing path $.rts.podAffinityPreset
[INFO] Auditing path $.rts.podAnnotations
[INFO] Auditing path $.rts.podAntiAffinityPreset
[INFO] Auditing path $.rts.podLabels
[INFO] Auditing path $.rts.podSecurityContext
[INFO] Auditing path $.rts.podSecurityContext.enabled
[INFO] Auditing path $.rts.podSecurityContext.fsGroup
[INFO] Auditing path $.rts.podSecurityContext.fsGroupChangePolicy
[INFO] Auditing path $.rts.podSecurityContext.supplementalGroups
[INFO] Auditing path $.rts.podSecurityContext.sysctls
[INFO] Auditing path $.rts.priorityClassName
[INFO] Auditing path $.rts.readinessProbe
[INFO] Auditing path $.rts.readinessProbe.enabled
[INFO] Auditing path $.rts.readinessProbe.failureThreshold
[INFO] Auditing path $.rts.readinessProbe.initialDelaySeconds
[INFO] Auditing path $.rts.readinessProbe.periodSeconds
[INFO] Auditing path $.rts.readinessProbe.successThreshold
[INFO] Auditing path $.rts.readinessProbe.timeoutSeconds
[INFO] Auditing path $.rts.replicaCount
[INFO] Auditing path $.rts.resources
[INFO] Auditing path $.rts.resourcesPreset
[INFO] Auditing path $.rts.schedulerName
[INFO] Auditing path $.rts.service
[INFO] Auditing path $.rts.service.annotations
[INFO] Auditing path $.rts.service.clusterIP
[INFO] Auditing path $.rts.service.externalTrafficPolicy
[INFO] Auditing path $.rts.service.extraPorts
[INFO] Auditing path $.rts.service.loadBalancerIP
[INFO] Auditing path $.rts.service.loadBalancerSourceRanges
[INFO] Auditing path $.rts.service.nodePorts
[INFO] Auditing path $.rts.service.nodePorts.http
[INFO] Auditing path $.rts.service.ports
[INFO] Auditing path $.rts.service.ports.http
[INFO] Auditing path $.rts.service.sessionAffinity
[INFO] Auditing path $.rts.service.sessionAffinityConfig
[INFO] Auditing path $.rts.service.type
[INFO] Auditing path $.rts.sidecars
[INFO] Auditing path $.rts.startupProbe
[INFO] Auditing path $.rts.startupProbe.enabled
[INFO] Auditing path $.rts.startupProbe.failureThreshold
[INFO] Auditing path $.rts.startupProbe.initialDelaySeconds
[INFO] Auditing path $.rts.startupProbe.periodSeconds
[INFO] Auditing path $.rts.startupProbe.successThreshold
[INFO] Auditing path $.rts.startupProbe.timeoutSeconds
[INFO] Auditing path $.rts.terminationGracePeriodSeconds
[INFO] Auditing path $.rts.tolerations
[INFO] Auditing path $.rts.topologySpreadConstraints
[INFO] Auditing path $.rts.updateStrategy
[INFO] Auditing path $.rts.updateStrategy.type
[INFO] Auditing path $.rts
[INFO] Auditing path $.serviceAccount.annotations
[INFO] Auditing path $.serviceAccount.automountServiceAccountToken
[INFO] Auditing path $.serviceAccount.create
[INFO] Auditing path $.serviceAccount.name
[INFO] Auditing path $.serviceAccount
[INFO] Auditing path $.usePasswordFiles
[INFO] Auditing path $.volumePermissions.containerSecurityContext
[INFO] Auditing path $.volumePermissions.containerSecurityContext.runAsUser
[INFO] Auditing path $.volumePermissions.containerSecurityContext.seLinuxOptions
[INFO] Auditing path $.volumePermissions.enabled
[INFO] Auditing path $.volumePermissions.image
[INFO] Auditing path $.volumePermissions.image.pullPolicy
[INFO] Auditing path $.volumePermissions.image.pullSecrets
[INFO] Auditing path $.volumePermissions.image.registry
[INFO] Auditing path $.volumePermissions.image.repository
[INFO] Auditing path $.volumePermissions.image.tag
[INFO] Auditing path $.volumePermissions.resources
[INFO] Auditing path $.volumePermissions.resourcesPreset
[INFO] Auditing path $.volumePermissions
