[INFO] Auditing path $.affinity
[INFO] Auditing path $.apiVersions
[INFO] Auditing path $.args
[INFO] Auditing path $.automountServiceAccountToken
[INFO] Auditing path $.autoscaling.hpa
[INFO] Auditing path $.autoscaling.hpa.enabled
[INFO] Auditing path $.autoscaling.hpa.maxReplicas
[INFO] Auditing path $.autoscaling.hpa.minReplicas
[INFO] Auditing path $.autoscaling.hpa.targetCPU
[INFO] Auditing path $.autoscaling.hpa.targetMemory
[INFO] Auditing path $.autoscaling.vpa
[INFO] Auditing path $.autoscaling.vpa.annotations
[INFO] Auditing path $.autoscaling.vpa.controlledResources
[INFO] Auditing path $.autoscaling.vpa.enabled
[INFO] Auditing path $.autoscaling.vpa.maxAllowed
[INFO] Auditing path $.autoscaling.vpa.minAllowed
[INFO] Auditing path $.autoscaling.vpa.updatePolicy
[INFO] Auditing path $.autoscaling.vpa.updatePolicy.updateMode
[INFO] Auditing path $.autoscaling
[INFO] Auditing path $.certgen.affinity
[INFO] Auditing path $.certgen.annotations
[INFO] Auditing path $.certgen.annotations["helm.sh/hook"]
[INFO] Auditing path $.certgen.annotations["helm.sh/hook-delete-policy"]
[INFO] Auditing path $.certgen.annotations["helm.sh/hook-weight"]
[INFO] Auditing path $.certgen.args
[INFO] Auditing path $.certgen.automountServiceAccountToken
[INFO] Auditing path $.certgen.backoffLimit
[INFO] Auditing path $.certgen.command
[INFO] Auditing path $.certgen.completions
[INFO] Auditing path $.certgen.containerSecurityContext
[INFO] Auditing path $.certgen.containerSecurityContext.allowPrivilegeEscalation
[INFO] Auditing path $.certgen.containerSecurityContext.capabilities
[INFO] Auditing path $.certgen.containerSecurityContext.capabilities.drop
[INFO] Auditing path $.certgen.containerSecurityContext.enabled
[INFO] Auditing path $.certgen.containerSecurityContext.privileged
[INFO] Auditing path $.certgen.containerSecurityContext.readOnlyRootFilesystem
[INFO] Auditing path $.certgen.containerSecurityContext.runAsGroup
[INFO] Auditing path $.certgen.containerSecurityContext.runAsNonRoot
[INFO] Auditing path $.certgen.containerSecurityContext.runAsUser
[INFO] Auditing path $.certgen.containerSecurityContext.seLinuxOptions
[INFO] Auditing path $.certgen.containerSecurityContext.seccompProfile
[INFO] Auditing path $.certgen.containerSecurityContext.seccompProfile.type
[INFO] Auditing path $.certgen.customLivenessProbe
[INFO] Auditing path $.certgen.customReadinessProbe
[INFO] Auditing path $.certgen.customStartupProbe
[INFO] Auditing path $.certgen.enabled
[INFO] Auditing path $.certgen.extraEnvVars
[INFO] Auditing path $.certgen.extraEnvVarsCM
[INFO] Auditing path $.certgen.extraEnvVarsSecret
[INFO] Auditing path $.certgen.extraVolumeMounts
[INFO] Auditing path $.certgen.extraVolumes
[INFO] Auditing path $.certgen.hostAliases
[INFO] Auditing path $.certgen.initContainers
[INFO] Auditing path $.certgen.labels
[INFO] Auditing path $.certgen.livenessProbe
[INFO] Auditing path $.certgen.livenessProbe.enabled
[INFO] Auditing path $.certgen.livenessProbe.failureThreshold
[INFO] Auditing path $.certgen.livenessProbe.initialDelaySeconds
[INFO] Auditing path $.certgen.livenessProbe.periodSeconds
[INFO] Auditing path $.certgen.livenessProbe.successThreshold
[INFO] Auditing path $.certgen.livenessProbe.timeoutSeconds
[INFO] Auditing path $.certgen.networkPolicy
[INFO] Auditing path $.certgen.networkPolicy.allowExternal
[INFO] Auditing path $.certgen.networkPolicy.allowExternalEgress
[INFO] Auditing path $.certgen.networkPolicy.enabled
[INFO] Auditing path $.certgen.networkPolicy.extraEgress
[INFO] Auditing path $.certgen.networkPolicy.extraIngress
[INFO] Auditing path $.certgen.networkPolicy.kubeAPIServerPorts
[INFO] Auditing path $.certgen.networkPolicy.kubeAPIServerPorts[*]
[INFO] Auditing path $.certgen.nodeSelector
[INFO] Auditing path $.certgen.parallelism
[INFO] Auditing path $.certgen.podAnnotations
[INFO] Auditing path $.certgen.podLabels
[INFO] Auditing path $.certgen.podSecurityContext
[INFO] Auditing path $.certgen.podSecurityContext.enabled
[INFO] Auditing path $.certgen.podSecurityContext.fsGroup
[INFO] Auditing path $.certgen.podSecurityContext.fsGroupChangePolicy
[INFO] Auditing path $.certgen.podSecurityContext.supplementalGroups
[INFO] Auditing path $.certgen.podSecurityContext.sysctls
[INFO] Auditing path $.certgen.readinessProbe
[INFO] Auditing path $.certgen.readinessProbe.enabled
[INFO] Auditing path $.certgen.readinessProbe.failureThreshold
[INFO] Auditing path $.certgen.readinessProbe.initialDelaySeconds
[INFO] Auditing path $.certgen.readinessProbe.periodSeconds
[INFO] Auditing path $.certgen.readinessProbe.successThreshold
[INFO] Auditing path $.certgen.readinessProbe.timeoutSeconds
[INFO] Auditing path $.certgen.resources
[INFO] Auditing path $.certgen.resourcesPreset
[INFO] Auditing path $.certgen.serviceAccount
[INFO] Auditing path $.certgen.serviceAccount.annotations
[INFO] Auditing path $.certgen.serviceAccount.automountServiceAccountToken
[INFO] Auditing path $.certgen.serviceAccount.create
[INFO] Auditing path $.certgen.serviceAccount.name
[INFO] Auditing path $.certgen.sidecars
[INFO] Auditing path $.certgen.startupProbe
[INFO] Auditing path $.certgen.startupProbe.enabled
[INFO] Auditing path $.certgen.startupProbe.failureThreshold
[INFO] Auditing path $.certgen.startupProbe.initialDelaySeconds
[INFO] Auditing path $.certgen.startupProbe.periodSeconds
[INFO] Auditing path $.certgen.startupProbe.successThreshold
[INFO] Auditing path $.certgen.startupProbe.timeoutSeconds
[INFO] Auditing path $.certgen.tolerations
[INFO] Auditing path $.certgen
[INFO] Auditing path $.clusterDomain
[INFO] Auditing path $.command
[INFO] Auditing path $.commonAnnotations
[INFO] Auditing path $.commonLabels
[INFO] Auditing path $.containerPorts.admin
[INFO] Auditing path $.containerPorts
[INFO] Auditing path $.containerSecurityContext.allowPrivilegeEscalation
[INFO] Auditing path $.containerSecurityContext.capabilities
[INFO] Auditing path $.containerSecurityContext.capabilities.drop
[INFO] Auditing path $.containerSecurityContext.enabled
[INFO] Auditing path $.containerSecurityContext.privileged
[INFO] Auditing path $.containerSecurityContext.readOnlyRootFilesystem
[INFO] Auditing path $.containerSecurityContext.runAsGroup
[INFO] Auditing path $.containerSecurityContext.runAsNonRoot
[INFO] Auditing path $.containerSecurityContext.runAsUser
[INFO] Auditing path $.containerSecurityContext.seLinuxOptions
[INFO] Auditing path $.containerSecurityContext.seccompProfile
[INFO] Auditing path $.containerSecurityContext.seccompProfile.type
[INFO] Auditing path $.containerSecurityContext
[INFO] Auditing path $.controllerName
[INFO] Auditing path $.customLivenessProbe
[INFO] Auditing path $.customReadinessProbe
[INFO] Auditing path $.customStartupProbe
[INFO] Auditing path $.diagnosticMode.args
[INFO] Auditing path $.diagnosticMode.command
[INFO] Auditing path $.diagnosticMode.enabled
[INFO] Auditing path $.diagnosticMode
[INFO] Auditing path $.envoyImage.digest
[INFO] Auditing path $.envoyImage.registry
[INFO] Auditing path $.envoyImage.repository
[INFO] Auditing path $.envoyImage.tag
[INFO] Auditing path $.envoyImage
[INFO] Auditing path $.existingConfigMap
[INFO] Auditing path $.existingTLSSecret
[INFO] Auditing path $.exposeAdmin
[INFO] Auditing path $.extraContainerPorts[*]
[INFO] Auditing path $.extraContainerPorts
[INFO] Auditing path $.extraDeploy[*]
[INFO] Auditing path $.extraDeploy
[INFO] Auditing path $.extraEnvVars
[INFO] Auditing path $.extraEnvVarsCM
[INFO] Auditing path $.extraEnvVarsSecret
[INFO] Auditing path $.extraVolumeMounts
[INFO] Auditing path $.extraVolumes
[INFO] Auditing path $.fullnameOverride
[INFO] Auditing path $.global.compatibility
[INFO] Auditing path $.global.compatibility.openshift
[INFO] Auditing path $.global.compatibility.openshift.adaptSecurityContext
[INFO] Auditing path $.global.defaultStorageClass
[INFO] Auditing path $.global.imagePullSecrets
[INFO] Auditing path $.global.imageRegistry
[INFO] Auditing path $.global.security
[INFO] Auditing path $.global.security.allowInsecureImages
[INFO] Auditing path $.global
[INFO] Auditing path $.hostAliases
[INFO] Auditing path $.image.digest
[INFO] Auditing path $.image.pullPolicy
[INFO] Auditing path $.image.pullSecrets
[INFO] Auditing path $.image.registry
[INFO] Auditing path $.image.repository
[INFO] Auditing path $.image.tag
[INFO] Auditing path $.image
[INFO] Auditing path $.initContainers
[INFO] Auditing path $.kubeVersion
[INFO] Auditing path $.lifecycleHooks
[INFO] Auditing path $.livenessProbe.enabled
[INFO] Auditing path $.livenessProbe.failureThreshold
[INFO] Auditing path $.livenessProbe.initialDelaySeconds
[INFO] Auditing path $.livenessProbe.periodSeconds
[INFO] Auditing path $.livenessProbe.successThreshold
[INFO] Auditing path $.livenessProbe.timeoutSeconds
[INFO] Auditing path $.livenessProbe
[INFO] Auditing path $.logLevel
[INFO] Auditing path $.metrics.annotations
[INFO] Auditing path $.metrics.enabled
[INFO] Auditing path $.metrics.serviceMonitor
[INFO] Auditing path $.metrics.serviceMonitor.annotations
[INFO] Auditing path $.metrics.serviceMonitor.enabled
[INFO] Auditing path $.metrics.serviceMonitor.honorLabels
[INFO] Auditing path $.metrics.serviceMonitor.interval
[INFO] Auditing path $.metrics.serviceMonitor.jobLabel
[INFO] Auditing path $.metrics.serviceMonitor.labels
[INFO] Auditing path $.metrics.serviceMonitor.metricRelabelings
[INFO] Auditing path $.metrics.serviceMonitor.namespace
[INFO] Auditing path $.metrics.serviceMonitor.relabelings
[INFO] Auditing path $.metrics.serviceMonitor.scrapeTimeout
[INFO] Auditing path $.metrics.serviceMonitor.selector
[INFO] Auditing path $.metrics
[INFO] Auditing path $.nameOverride
[INFO] Auditing path $.namespaceOverride
[INFO] Auditing path $.networkPolicy.allowExternal
[INFO] Auditing path $.networkPolicy.allowExternalEgress
[INFO] Auditing path $.networkPolicy.enabled
[INFO] Auditing path $.networkPolicy.extraEgress
[INFO] Auditing path $.networkPolicy.extraIngress
[INFO] Auditing path $.networkPolicy.ingressNSMatchLabels
[INFO] Auditing path $.networkPolicy.ingressNSMatchLabels[*]
[INFO] Auditing path $.networkPolicy.ingressNSPodMatchLabels
[INFO] Auditing path $.networkPolicy.ingressNSPodMatchLabels[*]
[INFO] Auditing path $.networkPolicy.kubeAPIServerPorts
[INFO] Auditing path $.networkPolicy.kubeAPIServerPorts[*]
[INFO] Auditing path $.networkPolicy
[INFO] Auditing path $.nodeAffinityPreset.key
[INFO] Auditing path $.nodeAffinityPreset.type
[INFO] Auditing path $.nodeAffinityPreset.values
[INFO] Auditing path $.nodeAffinityPreset
[INFO] Auditing path $.nodeSelector
[INFO] Auditing path $.overrideConfiguration
[INFO] Auditing path $.pdb.create
[INFO] Auditing path $.pdb.maxUnavailable
[INFO] Auditing path $.pdb.minAvailable
[INFO] Auditing path $.pdb
[INFO] Auditing path $.podAffinityPreset
[INFO] Auditing path $.podAnnotations
[INFO] Auditing path $.podAntiAffinityPreset
[INFO] Auditing path $.podLabels
[INFO] Auditing path $.podSecurityContext.enabled
[INFO] Auditing path $.podSecurityContext.fsGroup
[INFO] Auditing path $.podSecurityContext.fsGroupChangePolicy
[INFO] Auditing path $.podSecurityContext.supplementalGroups
[INFO] Auditing path $.podSecurityContext.sysctls
[INFO] Auditing path $.podSecurityContext
[INFO] Auditing path $.priorityClassName
[INFO] Auditing path $.ratelimitImage.digest
[INFO] Auditing path $.ratelimitImage.pullPolicy
[INFO] Auditing path $.ratelimitImage.registry
[INFO] Auditing path $.ratelimitImage.repository
[INFO] Auditing path $.ratelimitImage.tag
[INFO] Auditing path $.ratelimitImage
[INFO] Auditing path $.rbac.create
[INFO] Auditing path $.rbac.rules
[INFO] Auditing path $.rbac
[INFO] Auditing path $.readinessProbe.enabled
[INFO] Auditing path $.readinessProbe.failureThreshold
[INFO] Auditing path $.readinessProbe.initialDelaySeconds
[INFO] Auditing path $.readinessProbe.periodSeconds
[INFO] Auditing path $.readinessProbe.successThreshold
[INFO] Auditing path $.readinessProbe.timeoutSeconds
[INFO] Auditing path $.readinessProbe
[INFO] Auditing path $.replicaCount
[INFO] Auditing path $.resources
[INFO] Auditing path $.resourcesPreset
[INFO] Auditing path $.schedulerName
[INFO] Auditing path $.service.annotations
[INFO] Auditing path $.service.clusterIP
[INFO] Auditing path $.service.externalTrafficPolicy
[INFO] Auditing path $.service.extraPorts
[INFO] Auditing path $.service.labels
[INFO] Auditing path $.service.loadBalancerClass
[INFO] Auditing path $.service.loadBalancerIP
[INFO] Auditing path $.service.loadBalancerSourceRanges
[INFO] Auditing path $.service.nodePorts
[INFO] Auditing path $.service.nodePorts.admin
[INFO] Auditing path $.service.nodePorts.grpc
[INFO] Auditing path $.service.nodePorts.metrics
[INFO] Auditing path $.service.nodePorts.ratelimit
[INFO] Auditing path $.service.nodePorts.wasm
[INFO] Auditing path $.service.nodePorts.webhook
[INFO] Auditing path $.service.ports
[INFO] Auditing path $.service.ports.admin
[INFO] Auditing path $.service.ports.metrics
[INFO] Auditing path $.service.sessionAffinity
[INFO] Auditing path $.service.sessionAffinityConfig
[INFO] Auditing path $.service.type
[INFO] Auditing path $.service
[INFO] Auditing path $.serviceAccount.annotations
[INFO] Auditing path $.serviceAccount.automountServiceAccountToken
[INFO] Auditing path $.serviceAccount.create
[INFO] Auditing path $.serviceAccount.name
[INFO] Auditing path $.serviceAccount
[INFO] Auditing path $.sidecars
[INFO] Auditing path $.startupProbe.enabled
[INFO] Auditing path $.startupProbe.failureThreshold
[INFO] Auditing path $.startupProbe.initialDelaySeconds
[INFO] Auditing path $.startupProbe.periodSeconds
[INFO] Auditing path $.startupProbe.successThreshold
[INFO] Auditing path $.startupProbe.timeoutSeconds
[INFO] Auditing path $.startupProbe
[INFO] Auditing path $.terminationGracePeriodSeconds
[INFO] Auditing path $.tolerations
[INFO] Auditing path $.topologyInjector.annotations
[INFO] Auditing path $.topologyInjector.annotations["helm.sh/hook"]
[INFO] Auditing path $.topologyInjector.annotations["helm.sh/hook-weight"]
[INFO] Auditing path $.topologyInjector.enabled
[INFO] Auditing path $.topologyInjector
[INFO] Auditing path $.topologySpreadConstraints
[INFO] Auditing path $.updateStrategy.type
[INFO] Auditing path $.updateStrategy
[INFO] Auditing path $.watchAllNamespaces
[INFO] Auditing path $.watchNamespaces
