[INFO] Auditing path $.additionalAnnotations
[INFO] Auditing path $.affinity
[INFO] Auditing path $.clusterDomain
[INFO] Auditing path $.configSecret.enabled
[INFO] Auditing path $.configSecret.key
[INFO] Auditing path $.configSecret.name
[INFO] Auditing path $.configSecret
[INFO] Auditing path $.containerSecurityContext
[INFO] Auditing path $.extraArgs[*]
[INFO] Auditing path $.extraArgs
[INFO] Auditing path $.extraVolumeMounts[*]
[INFO] Auditing path $.extraVolumeMounts
[INFO] Auditing path $.extraVolumes[*]
[INFO] Auditing path $.extraVolumes
[INFO] Auditing path $.image.pullPolicy
[INFO] Auditing path $.image.repository
[INFO] Auditing path $.image.tag
[INFO] Auditing path $.image
[INFO] Auditing path $.livenessProbe.failureThreshold
[INFO] Auditing path $.livenessProbe.httpGet
[INFO] Auditing path $.livenessProbe.httpGet.path
[INFO] Auditing path $.livenessProbe.httpGet.port
[INFO] Auditing path $.livenessProbe.httpGet.scheme
[INFO] Auditing path $.livenessProbe.initialDelaySeconds
[INFO] Auditing path $.livenessProbe.periodSeconds
[INFO] Auditing path $.livenessProbe.timeoutSeconds
[INFO] Auditing path $.livenessProbe
[INFO] Auditing path $.modules.advanced
[INFO] Auditing path $.modules.advanced.collector_cmd
[INFO] Auditing path $.modules.advanced.collector_cmd.ipmi
[INFO] Auditing path $.modules.advanced.collector_cmd.sel
[INFO] Auditing path $.modules.advanced.collectors
[INFO] Auditing path $.modules.advanced.custom_args
[INFO] Auditing path $.modules.advanced.custom_args.ipmi
[INFO] Auditing path $.modules.advanced.custom_args.sel
[INFO] Auditing path $.modules.advanced.driver
[INFO] Auditing path $.modules.advanced.pass
[INFO] Auditing path $.modules.advanced.privilege
[INFO] Auditing path $.modules.advanced.user
[INFO] Auditing path $.modules.dcmi
[INFO] Auditing path $.modules.dcmi.collectors
[INFO] Auditing path $.modules.dcmi.driver
[INFO] Auditing path $.modules.dcmi.pass
[INFO] Auditing path $.modules.dcmi.privilege
[INFO] Auditing path $.modules.dcmi.user
[INFO] Auditing path $.modules.default
[INFO] Auditing path $.modules.default.collectors
[INFO] Auditing path $.modules.default.driver
[INFO] Auditing path $.modules.default.exclude_sensor_ids
[INFO] Auditing path $.modules.default.pass
[INFO] Auditing path $.modules.default.privilege
[INFO] Auditing path $.modules.default.timeout
[INFO] Auditing path $.modules.default.user
[INFO] Auditing path $.modules.thatspecialhost
[INFO] Auditing path $.modules.thatspecialhost.collectors
[INFO] Auditing path $.modules.thatspecialhost.custom_args
[INFO] Auditing path $.modules.thatspecialhost.custom_args.ipmi
[INFO] Auditing path $.modules.thatspecialhost.driver
[INFO] Auditing path $.modules.thatspecialhost.pass
[INFO] Auditing path $.modules.thatspecialhost.privilege
[INFO] Auditing path $.modules.thatspecialhost.user
[INFO] Auditing path $.modules.thatspecialhost.workaround_flags
[INFO] Auditing path $.modules
[INFO] Auditing path $.nativeIPMI.enabled
[INFO] Auditing path $.nativeIPMI
[INFO] Auditing path $.nodeSelector
[INFO] Auditing path $.priorityClassName
[INFO] Auditing path $.readinessProbe.failureThreshold
[INFO] Auditing path $.readinessProbe.httpGet
[INFO] Auditing path $.readinessProbe.httpGet.path
[INFO] Auditing path $.readinessProbe.httpGet.port
[INFO] Auditing path $.readinessProbe.httpGet.scheme
[INFO] Auditing path $.readinessProbe.initialDelaySeconds
[INFO] Auditing path $.readinessProbe.periodSeconds
[INFO] Auditing path $.readinessProbe.timeoutSeconds
[INFO] Auditing path $.readinessProbe
[INFO] Auditing path $.replicaCount
[INFO] Auditing path $.resources.limits
[INFO] Auditing path $.resources.limits.cpu
[INFO] Auditing path $.resources.limits.memory
[INFO] Auditing path $.resources.requests
[INFO] Auditing path $.resources.requests.cpu
[INFO] Auditing path $.resources.requests.memory
[INFO] Auditing path $.resources
[INFO] Auditing path $.scrapeConfig.enabled
[INFO] Auditing path $.scrapeConfig.fileSDConfigs
[INFO] Auditing path $.scrapeConfig.fileSDConfigs[*]
[INFO] Auditing path $.scrapeConfig.jobName
[INFO] Auditing path $.scrapeConfig.labels
[INFO] Auditing path $.scrapeConfig.metricRelabelings
[INFO] Auditing path $.scrapeConfig.metricRelabelings[*]
[INFO] Auditing path $.scrapeConfig.metricsPath
[INFO] Auditing path $.scrapeConfig.mode
[INFO] Auditing path $.scrapeConfig.modules
[INFO] Auditing path $.scrapeConfig.modules[*]
[INFO] Auditing path $.scrapeConfig.namespace
[INFO] Auditing path $.scrapeConfig.relabelings
[INFO] Auditing path $.scrapeConfig.relabelings[*]
[INFO] Auditing path $.scrapeConfig.scheme
[INFO] Auditing path $.scrapeConfig.scrapeInterval
[INFO] Auditing path $.scrapeConfig.scrapeTimeout
[INFO] Auditing path $.scrapeConfig.staticConfigs
[INFO] Auditing path $.scrapeConfig.staticConfigs[*]
[INFO] Auditing path $.scrapeConfig
[INFO] Auditing path $.service.annotations
[INFO] Auditing path $.service.port
[INFO] Auditing path $.service.type
[INFO] Auditing path $.service
[INFO] Auditing path $.serviceMonitor.enabled
[INFO] Auditing path $.serviceMonitor.interval
[INFO] Auditing path $.serviceMonitor.labels
[INFO] Auditing path $.serviceMonitor.metricRelabelings
[INFO] Auditing path $.serviceMonitor.metricRelabelings[*]
[INFO] Auditing path $.serviceMonitor.namespace
[INFO] Auditing path $.serviceMonitor.targetLabels
[INFO] Auditing path $.serviceMonitor.targetLabels[*]
[INFO] Auditing path $.serviceMonitor.telemetryPath
[INFO] Auditing path $.serviceMonitor.timeout
[INFO] Auditing path $.serviceMonitor
[INFO] Auditing path $.tolerations[*]
[INFO] Auditing path $.tolerations
