[INFO] Auditing path $.affinity
[INFO] Auditing path $.automountServiceAccountToken
[INFO] Auditing path $.config.modules
[INFO] Auditing path $.config.modules.dns
[INFO] Auditing path $.config.modules.dns.dns
[INFO] Auditing path $.config.modules.dns.dns.preferred_ip_protocol
[INFO] Auditing path $.config.modules.dns.dns.query_name
[INFO] Auditing path $.config.modules.dns.dns.transport_protocol
[INFO] Auditing path $.config.modules.dns.prober
[INFO] Auditing path $.config.modules.dns_ipv6
[INFO] Auditing path $.config.modules.dns_ipv6.dns
[INFO] Auditing path $.config.modules.dns_ipv6.dns.preferred_ip_protocol
[INFO] Auditing path $.config.modules.dns_ipv6.dns.query_name
[INFO] Auditing path $.config.modules.dns_ipv6.dns.transport_protocol
[INFO] Auditing path $.config.modules.dns_ipv6.prober
[INFO] Auditing path $.config.modules.http_2xx
[INFO] Auditing path $.config.modules.http_2xx.http
[INFO] Auditing path $.config.modules.http_2xx.http.method
[INFO] Auditing path $.config.modules.http_2xx.http.preferred_ip_protocol
[INFO] Auditing path $.config.modules.http_2xx.http.valid_http_versions
[INFO] Auditing path $.config.modules.http_2xx.http.valid_status_codes
[INFO] Auditing path $.config.modules.http_2xx.prober
[INFO] Auditing path $.config.modules.http_2xx.timeout
[INFO] Auditing path $.config.modules.http_2xx_ipv6
[INFO] Auditing path $.config.modules.http_2xx_ipv6.http
[INFO] Auditing path $.config.modules.http_2xx_ipv6.http.method
[INFO] Auditing path $.config.modules.http_2xx_ipv6.http.preferred_ip_protocol
[INFO] Auditing path $.config.modules.http_2xx_ipv6.http.valid_http_versions
[INFO] Auditing path $.config.modules.http_2xx_ipv6.http.valid_status_codes
[INFO] Auditing path $.config.modules.http_2xx_ipv6.prober
[INFO] Auditing path $.config.modules.http_2xx_ipv6.timeout
[INFO] Auditing path $.config.modules.http_post_2xx
[INFO] Auditing path $.config.modules.http_post_2xx.http
[INFO] Auditing path $.config.modules.http_post_2xx.http.method
[INFO] Auditing path $.config.modules.http_post_2xx.http.preferred_ip_protocol
[INFO] Auditing path $.config.modules.http_post_2xx.http.valid_http_versions
[INFO] Auditing path $.config.modules.http_post_2xx.http.valid_status_codes
[INFO] Auditing path $.config.modules.http_post_2xx.prober
[INFO] Auditing path $.config.modules.http_post_2xx.timeout
[INFO] Auditing path $.config.modules.http_post_2xx_ipv6
[INFO] Auditing path $.config.modules.http_post_2xx_ipv6.http
[INFO] Auditing path $.config.modules.http_post_2xx_ipv6.http.method
[INFO] Auditing path $.config.modules.http_post_2xx_ipv6.http.preferred_ip_protocol
[INFO] Auditing path $.config.modules.http_post_2xx_ipv6.http.valid_http_versions
[INFO] Auditing path $.config.modules.http_post_2xx_ipv6.http.valid_status_codes
[INFO] Auditing path $.config.modules.http_post_2xx_ipv6.prober
[INFO] Auditing path $.config.modules.http_post_2xx_ipv6.timeout
[INFO] Auditing path $.config.modules.ping
[INFO] Auditing path $.config.modules.ping.icmp
[INFO] Auditing path $.config.modules.ping.icmp.preferred_ip_protocol
[INFO] Auditing path $.config.modules.ping.prober
[INFO] Auditing path $.config.modules.ping.timeout
[INFO] Auditing path $.config.modules.ping_ipv6
[INFO] Auditing path $.config.modules.ping_ipv6.icmp
[INFO] Auditing path $.config.modules.ping_ipv6.icmp.preferred_ip_protocol
[INFO] Auditing path $.config.modules.ping_ipv6.prober
[INFO] Auditing path $.config.modules.ping_ipv6.timeout
[INFO] Auditing path $.config.modules.tcp_connect
[INFO] Auditing path $.config.modules.tcp_connect.prober
[INFO] Auditing path $.config.modules.tcp_connect.timeout
[INFO] Auditing path $.config
[INFO] Auditing path $.configExistingSecretName
[INFO] Auditing path $.configPath
[INFO] Auditing path $.containerPort
[INFO] Auditing path $.dnsConfig.options
[INFO] Auditing path $.dnsConfig.options[*].name
[INFO] Auditing path $.dnsConfig.options[*].value
[INFO] Auditing path $.dnsConfig
[INFO] Auditing path $.dnsPolicy
[INFO] Auditing path $.extraArgs
[INFO] Auditing path $.extraConfigmapMounts[*].configMap
[INFO] Auditing path $.extraConfigmapMounts[*].defaultMode
[INFO] Auditing path $.extraConfigmapMounts[*].mountPath
[INFO] Auditing path $.extraConfigmapMounts[*].name
[INFO] Auditing path $.extraConfigmapMounts[*].readOnly
[INFO] Auditing path $.extraConfigmapMounts[*].subPath
[INFO] Auditing path $.extraConfigmapMounts
[INFO] Auditing path $.extraContainers
[INFO] Auditing path $.extraEnv[*]
[INFO] Auditing path $.extraEnv
[INFO] Auditing path $.extraInitContainers
[INFO] Auditing path $.extraSecretMounts[*].defaultMode
[INFO] Auditing path $.extraSecretMounts[*].mountPath
[INFO] Auditing path $.extraSecretMounts[*].name
[INFO] Auditing path $.extraSecretMounts[*].readOnly
[INFO] Auditing path $.extraSecretMounts[*].secretName
[INFO] Auditing path $.extraSecretMounts[*].subPath
[INFO] Auditing path $.extraSecretMounts
[INFO] Auditing path $.extraVolumeMounts
[INFO] Auditing path $.extraVolumes
[INFO] Auditing path $.hostAliases[*].hostNames
[INFO] Auditing path $.hostAliases[*].hostNames[*]
[INFO] Auditing path $.hostAliases[*].ip
[INFO] Auditing path $.hostAliases
[INFO] Auditing path $.hostNetwork
[INFO] Auditing path $.image.pullPolicy
[INFO] Auditing path $.image.pullSecrets
[INFO] Auditing path $.image.pullSecrets[*]
[INFO] Auditing path $.image.repository
[INFO] Auditing path $.image.tag
[INFO] Auditing path $.image
[INFO] Auditing path $.ingress.annotations
[INFO] Auditing path $.ingress.className
[INFO] Auditing path $.ingress.enabled
[INFO] Auditing path $.ingress.hosts
[INFO] Auditing path $.ingress.hosts[*].host
[INFO] Auditing path $.ingress.hosts[*].paths
[INFO] Auditing path $.ingress.hosts[*].paths[*].path
[INFO] Auditing path $.ingress.hosts[*].paths[*].pathType
[INFO] Auditing path $.ingress.labels
[INFO] Auditing path $.ingress.tls
[INFO] Auditing path $.ingress.tls[*].hosts
[INFO] Auditing path $.ingress.tls[*].hosts[*]
[INFO] Auditing path $.ingress.tls[*].secretName
[INFO] Auditing path $.ingress
[INFO] Auditing path $.kind
[INFO] Auditing path $.livenessProbe.httpGet
[INFO] Auditing path $.livenessProbe.httpGet.path
[INFO] Auditing path $.livenessProbe.httpGet.port
[INFO] Auditing path $.livenessProbe
[INFO] Auditing path $.namespaceOverride
[INFO] Auditing path $.networkPolicy.allowMonitoringNamespace
[INFO] Auditing path $.networkPolicy.enabled
[INFO] Auditing path $.networkPolicy
[INFO] Auditing path $.nodeSelector
[INFO] Auditing path $.pinglistConfig.mesh
[INFO] Auditing path $.pinglistConfig.mesh["add-ping-public"]
[INFO] Auditing path $.pinglistConfig.mesh["add-ping-public"].ips
[INFO] Auditing path $.pinglistConfig.mesh["add-ping-public"].name
[INFO] Auditing path $.pinglistConfig.mesh["add-ping-public"].type
[INFO] Auditing path $.pinglistConfig.setting
[INFO] Auditing path $.pinglistConfig.setting.concurrent_limit
[INFO] Auditing path $.pinglistConfig.setting.delay
[INFO] Auditing path $.pinglistConfig.setting.interval
[INFO] Auditing path $.pinglistConfig.setting.ip_protocol
[INFO] Auditing path $.pinglistConfig.setting.source_ip_addr
[INFO] Auditing path $.pinglistConfig.setting.timeout
[INFO] Auditing path $.pinglistConfig
[INFO] Auditing path $.pod.labels
[INFO] Auditing path $.pod
[INFO] Auditing path $.podAnnotations
[INFO] Auditing path $.podDisruptionBudget
[INFO] Auditing path $.podSecurityContext
[INFO] Auditing path $.priorityClassName
[INFO] Auditing path $.prometheusRule.additionalLabels
[INFO] Auditing path $.prometheusRule.enabled
[INFO] Auditing path $.prometheusRule.namespace
[INFO] Auditing path $.prometheusRule.rules
[INFO] Auditing path $.prometheusRule.rules[*].alert
[INFO] Auditing path $.prometheusRule.rules[*].annotations
[INFO] Auditing path $.prometheusRule.rules[*].annotations.description
[INFO] Auditing path $.prometheusRule.rules[*].expr
[INFO] Auditing path $.prometheusRule.rules[*].for
[INFO] Auditing path $.prometheusRule.rules[*].labels
[INFO] Auditing path $.prometheusRule.rules[*].labels.alertype
[INFO] Auditing path $.prometheusRule.rules[*].labels.severity
[INFO] Auditing path $.prometheusRule
[INFO] Auditing path $.readinessProbe.httpGet
[INFO] Auditing path $.readinessProbe.httpGet.path
[INFO] Auditing path $.readinessProbe.httpGet.port
[INFO] Auditing path $.readinessProbe
[INFO] Auditing path $.replicas
[INFO] Auditing path $.resources
[INFO] Auditing path $.restartPolicy
[INFO] Auditing path $.route[*].additionalRules
[INFO] Auditing path $.route[*].annotations
[INFO] Auditing path $.route[*].apiVersion
[INFO] Auditing path $.route[*].enabled
[INFO] Auditing path $.route[*].filters
[INFO] Auditing path $.route[*].hostnames
[INFO] Auditing path $.route[*].httpsRedirect
[INFO] Auditing path $.route[*].kind
[INFO] Auditing path $.route[*].labels
[INFO] Auditing path $.route[*].matches
[INFO] Auditing path $.route[*].name
[INFO] Auditing path $.route[*].parentRefs
[INFO] Auditing path $.route.main
[INFO] Auditing path $.route.main.additionalRules
[INFO] Auditing path $.route.main.annotations
[INFO] Auditing path $.route.main.apiVersion
[INFO] Auditing path $.route.main.enabled
[INFO] Auditing path $.route.main.filters
[INFO] Auditing path $.route.main.hostnames
[INFO] Auditing path $.route.main.httpsRedirect
[INFO] Auditing path $.route.main.kind
[INFO] Auditing path $.route.main.labels
[INFO] Auditing path $.route.main.matches
[INFO] Auditing path $.route.main.matches[*].path
[INFO] Auditing path $.route.main.matches[*].path.type
[INFO] Auditing path $.route.main.matches[*].path.value
[INFO] Auditing path $.route.main.name
[INFO] Auditing path $.route.main.parentRefs
[INFO] Auditing path $.route
[INFO] Auditing path $.secretConfig
[INFO] Auditing path $.securityContext.allowPrivilegeEscalation
[INFO] Auditing path $.securityContext.capabilities
[INFO] Auditing path $.securityContext.capabilities.drop
[INFO] Auditing path $.securityContext.privileged
[INFO] Auditing path $.securityContext.readOnlyRootFilesystem
[INFO] Auditing path $.securityContext.runAsGroup
[INFO] Auditing path $.securityContext.runAsNonRoot
[INFO] Auditing path $.securityContext.runAsUser
[INFO] Auditing path $.securityContext.seccompProfile
[INFO] Auditing path $.securityContext.seccompProfile.type
[INFO] Auditing path $.securityContext
[INFO] Auditing path $.service.annotations
[INFO] Auditing path $.service.externalIPs
[INFO] Auditing path $.service.externalTrafficPolicy
[INFO] Auditing path $.service.ipFamilies
[INFO] Auditing path $.service.ipFamilyPolicy
[INFO] Auditing path $.service.labels
[INFO] Auditing path $.service.port
[INFO] Auditing path $.service.type
[INFO] Auditing path $.service
[INFO] Auditing path $.serviceAccount.annotations
[INFO] Auditing path $.serviceAccount.create
[INFO] Auditing path $.serviceAccount.name
[INFO] Auditing path $.serviceAccount
[INFO] Auditing path $.serviceMonitor.bearerTokenFile
[INFO] Auditing path $.serviceMonitor.defaults
[INFO] Auditing path $.serviceMonitor.defaults.additionalMetricsRelabels
[INFO] Auditing path $.serviceMonitor.defaults.additionalRelabeling
[INFO] Auditing path $.serviceMonitor.defaults.interval
[INFO] Auditing path $.serviceMonitor.defaults.labels
[INFO] Auditing path $.serviceMonitor.defaults.module
[INFO] Auditing path $.serviceMonitor.defaults.scrapeTimeout
[INFO] Auditing path $.serviceMonitor.enabled
[INFO] Auditing path $.serviceMonitor.scheme
[INFO] Auditing path $.serviceMonitor.selfMonitor
[INFO] Auditing path $.serviceMonitor.selfMonitor.additionalMetricsRelabels
[INFO] Auditing path $.serviceMonitor.selfMonitor.additionalRelabeling
[INFO] Auditing path $.serviceMonitor.selfMonitor.enabled
[INFO] Auditing path $.serviceMonitor.selfMonitor.interval
[INFO] Auditing path $.serviceMonitor.selfMonitor.labels
[INFO] Auditing path $.serviceMonitor.selfMonitor.scrapeTimeout
[INFO] Auditing path $.serviceMonitor.targets
[INFO] Auditing path $.serviceMonitor.targets[*].additionalMetricsRelabels
[INFO] Auditing path $.serviceMonitor.targets[*].additionalRelabeling
[INFO] Auditing path $.serviceMonitor.targets[*].interval
[INFO] Auditing path $.serviceMonitor.targets[*].labels
[INFO] Auditing path $.serviceMonitor.targets[*].module
[INFO] Auditing path $.serviceMonitor.targets[*].name
[INFO] Auditing path $.serviceMonitor.targets[*].scrapeTimeout
[INFO] Auditing path $.serviceMonitor.targets[*].url
[INFO] Auditing path $.serviceMonitor.tlsConfig
[INFO] Auditing path $.serviceMonitor
[INFO] Auditing path $.strategy.rollingUpdate
[INFO] Auditing path $.strategy.rollingUpdate.maxSurge
[INFO] Auditing path $.strategy.rollingUpdate.maxUnavailable
[INFO] Auditing path $.strategy.type
[INFO] Auditing path $.strategy
[INFO] Auditing path $.tolerations[*].effect
[INFO] Auditing path $.tolerations[*].key
[INFO] Auditing path $.tolerations[*].operator
[INFO] Auditing path $.tolerations
