[INFO] Auditing path $.affinity
[INFO] Auditing path $.automountServiceAccountToken
[INFO] Auditing path $.certManager.caCertDuration
[INFO] Auditing path $.certManager.caCertRevisionHistoryLimit
[INFO] Auditing path $.certManager.certDuration
[INFO] Auditing path $.certManager.certRevisionHistoryLimit
[INFO] Auditing path $.certManager.enabled
[INFO] Auditing path $.certManager
[INFO] Auditing path $.customAnnotations
[INFO] Auditing path $.customLabels
[INFO] Auditing path $.deploymentAnnotations
[INFO] Auditing path $.dnsConfig
[INFO] Auditing path $.dnsPolicy
[INFO] Auditing path $.env
[INFO] Auditing path $.extraArguments
[INFO] Auditing path $.extraContainers
[INFO] Auditing path $.extraManifests[*]
[INFO] Auditing path $.extraManifests
[INFO] Auditing path $.extraVolumeMounts
[INFO] Auditing path $.extraVolumes
[INFO] Auditing path $.fullnameOverride
[INFO] Auditing path $.hostNetwork.enabled
[INFO] Auditing path $.hostNetwork
[INFO] Auditing path $.image.pullPolicy
[INFO] Auditing path $.image.pullSecrets
[INFO] Auditing path $.image.pullSecrets[*]
[INFO] Auditing path $.image.repository
[INFO] Auditing path $.image.tag
[INFO] Auditing path $.image
[INFO] Auditing path $.listenPort
[INFO] Auditing path $.livenessProbe.httpGet
[INFO] Auditing path $.livenessProbe.httpGet.path
[INFO] Auditing path $.livenessProbe.httpGet.port
[INFO] Auditing path $.livenessProbe.httpGet.scheme
[INFO] Auditing path $.livenessProbe.initialDelaySeconds
[INFO] Auditing path $.livenessProbe.timeoutSeconds
[INFO] Auditing path $.livenessProbe
[INFO] Auditing path $.logLevel
[INFO] Auditing path $.metricsRelistInterval
[INFO] Auditing path $.nameOverride
[INFO] Auditing path $.namespaceOverride
[INFO] Auditing path $.nodeSelector
[INFO] Auditing path $.podAnnotations
[INFO] Auditing path $.podDisruptionBudget.enabled
[INFO] Auditing path $.podDisruptionBudget.maxUnavailable
[INFO] Auditing path $.podDisruptionBudget.minAvailable
[INFO] Auditing path $.podDisruptionBudget.unhealthyPodEvictionPolicy
[INFO] Auditing path $.podDisruptionBudget
[INFO] Auditing path $.podLabels
[INFO] Auditing path $.podSecurityContext.fsGroup
[INFO] Auditing path $.podSecurityContext
[INFO] Auditing path $.priorityClassName
[INFO] Auditing path $.prometheus.path
[INFO] Auditing path $.prometheus.port
[INFO] Auditing path $.prometheus.url
[INFO] Auditing path $.prometheus
[INFO] Auditing path $.rbac.create
[INFO] Auditing path $.rbac.customMetrics
[INFO] Auditing path $.rbac.customMetrics.resources
[INFO] Auditing path $.rbac.externalMetrics
[INFO] Auditing path $.rbac.externalMetrics.resources
[INFO] Auditing path $.rbac.useAuthReaderClusterRole
[INFO] Auditing path $.rbac
[INFO] Auditing path $.readinessProbe.httpGet
[INFO] Auditing path $.readinessProbe.httpGet.path
[INFO] Auditing path $.readinessProbe.httpGet.port
[INFO] Auditing path $.readinessProbe.httpGet.scheme
[INFO] Auditing path $.readinessProbe.initialDelaySeconds
[INFO] Auditing path $.readinessProbe.timeoutSeconds
[INFO] Auditing path $.readinessProbe
[INFO] Auditing path $.replicas
[INFO] Auditing path $.resources
[INFO] Auditing path $.revisionHistoryLimit
[INFO] Auditing path $.rules.custom
[INFO] Auditing path $.rules.default
[INFO] Auditing path $.rules.existing
[INFO] Auditing path $.rules.external
[INFO] Auditing path $.rules.resource
[INFO] Auditing path $.rules
[INFO] Auditing path $.securityContext.allowPrivilegeEscalation
[INFO] Auditing path $.securityContext.capabilities
[INFO] Auditing path $.securityContext.capabilities.drop
[INFO] Auditing path $.securityContext.readOnlyRootFilesystem
[INFO] Auditing path $.securityContext.runAsNonRoot
[INFO] Auditing path $.securityContext.runAsUser
[INFO] Auditing path $.securityContext.seccompProfile
[INFO] Auditing path $.securityContext.seccompProfile.type
[INFO] Auditing path $.securityContext
[INFO] Auditing path $.service.annotations
[INFO] Auditing path $.service.clusterIP
[INFO] Auditing path $.service.ipDualStack
[INFO] Auditing path $.service.ipDualStack.enabled
[INFO] Auditing path $.service.ipDualStack.ipFamilies
[INFO] Auditing path $.service.ipDualStack.ipFamilyPolicy
[INFO] Auditing path $.service.port
[INFO] Auditing path $.service.type
[INFO] Auditing path $.service
[INFO] Auditing path $.serviceAccount.annotations
[INFO] Auditing path $.serviceAccount.automountServiceAccountToken
[INFO] Auditing path $.serviceAccount.create
[INFO] Auditing path $.serviceAccount.name
[INFO] Auditing path $.serviceAccount
[INFO] Auditing path $.startupProbe
[INFO] Auditing path $.strategy.rollingUpdate
[INFO] Auditing path $.strategy.rollingUpdate.maxSurge
[INFO] Auditing path $.strategy.rollingUpdate.maxUnavailable
[INFO] Auditing path $.strategy.type
[INFO] Auditing path $.strategy
[INFO] Auditing path $.tls.ca
[INFO] Auditing path $.tls.certificate
[INFO] Auditing path $.tls.enable
[INFO] Auditing path $.tls.key
[INFO] Auditing path $.tls
[INFO] Auditing path $.tolerations
[INFO] Auditing path $.topologySpreadConstraints
