[INFO] Auditing path $.affinity
[INFO] Auditing path $.commonLabels
[INFO] Auditing path $.configmaps[*].mountPath
[INFO] Auditing path $.configmaps[*].name
[INFO] Auditing path $.configmaps
[INFO] Auditing path $.containerSecurityContext.readOnlyRootFilesystem
[INFO] Auditing path $.containerSecurityContext
[INFO] Auditing path $.daemonsetAnnotations
[INFO] Auditing path $.dnsConfig
[INFO] Auditing path $.dnsPolicy
[INFO] Auditing path $.endpoints[*]
[INFO] Auditing path $.endpoints
[INFO] Auditing path $.env[*]
[INFO] Auditing path $.env
[INFO] Auditing path $.extraArgs
[INFO] Auditing path $.extraHostVolumeMounts[*].hostPath
[INFO] Auditing path $.extraHostVolumeMounts[*].mountPath
[INFO] Auditing path $.extraHostVolumeMounts[*].mountPropagation
[INFO] Auditing path $.extraHostVolumeMounts[*].name
[INFO] Auditing path $.extraHostVolumeMounts[*].readOnly
[INFO] Auditing path $.extraHostVolumeMounts[*].type
[INFO] Auditing path $.extraHostVolumeMounts
[INFO] Auditing path $.extraInitContainers
[INFO] Auditing path $.extraManifests[*]
[INFO] Auditing path $.extraManifests
[INFO] Auditing path $.extraVolumeMounts
[INFO] Auditing path $.extraVolumes
[INFO] Auditing path $.fullnameOverride
[INFO] Auditing path $.global.imagePullSecrets
[INFO] Auditing path $.global.imageRegistry
[INFO] Auditing path $.global
[INFO] Auditing path $.hostIPC
[INFO] Auditing path $.hostNetwork
[INFO] Auditing path $.hostPID
[INFO] Auditing path $.hostProcFsMount.mountPropagation
[INFO] Auditing path $.hostProcFsMount
[INFO] Auditing path $.hostRootFsMount.enabled
[INFO] Auditing path $.hostRootFsMount.mountPropagation
[INFO] Auditing path $.hostRootFsMount
[INFO] Auditing path $.hostSysFsMount.mountPropagation
[INFO] Auditing path $.hostSysFsMount
[INFO] Auditing path $.hostUsers
[INFO] Auditing path $.image.digest
[INFO] Auditing path $.image.distroless
[INFO] Auditing path $.image.pullPolicy
[INFO] Auditing path $.image.registry
[INFO] Auditing path $.image.repository
[INFO] Auditing path $.image.tag
[INFO] Auditing path $.image
[INFO] Auditing path $.imagePullSecrets
[INFO] Auditing path $.kubeRBACProxy.containerSecurityContext
[INFO] Auditing path $.kubeRBACProxy.enableHostPort
[INFO] Auditing path $.kubeRBACProxy.enableProxyEndpointsHostPort
[INFO] Auditing path $.kubeRBACProxy.enabled
[INFO] Auditing path $.kubeRBACProxy.env
[INFO] Auditing path $.kubeRBACProxy.env[*]
[INFO] Auditing path $.kubeRBACProxy.extraArgs
[INFO] Auditing path $.kubeRBACProxy.extraVolumeMounts
[INFO] Auditing path $.kubeRBACProxy.image
[INFO] Auditing path $.kubeRBACProxy.image.pullPolicy
[INFO] Auditing path $.kubeRBACProxy.image.registry
[INFO] Auditing path $.kubeRBACProxy.image.repository
[INFO] Auditing path $.kubeRBACProxy.image.sha
[INFO] Auditing path $.kubeRBACProxy.image.tag
[INFO] Auditing path $.kubeRBACProxy.listenHost
[INFO] Auditing path $.kubeRBACProxy.port
[INFO] Auditing path $.kubeRBACProxy.portName
[INFO] Auditing path $.kubeRBACProxy.proxyEndpointsPort
[INFO] Auditing path $.kubeRBACProxy.resources
[INFO] Auditing path $.kubeRBACProxy.tls
[INFO] Auditing path $.kubeRBACProxy.tls.enabled
[INFO] Auditing path $.kubeRBACProxy.tls.tlsClientAuth
[INFO] Auditing path $.kubeRBACProxy
[INFO] Auditing path $.livenessProbe.failureThreshold
[INFO] Auditing path $.livenessProbe.httpGet
[INFO] Auditing path $.livenessProbe.httpGet.httpHeaders
[INFO] Auditing path $.livenessProbe.httpGet.httpHeaders[*].name
[INFO] Auditing path $.livenessProbe.httpGet.httpHeaders[*].value
[INFO] Auditing path $.livenessProbe.httpGet.scheme
[INFO] Auditing path $.livenessProbe.initialDelaySeconds
[INFO] Auditing path $.livenessProbe.periodSeconds
[INFO] Auditing path $.livenessProbe.successThreshold
[INFO] Auditing path $.livenessProbe.timeoutSeconds
[INFO] Auditing path $.livenessProbe
[INFO] Auditing path $.nameOverride
[INFO] Auditing path $.namespaceOverride
[INFO] Auditing path $.networkPolicy.enabled
[INFO] Auditing path $.networkPolicy.ingress
[INFO] Auditing path $.networkPolicy
[INFO] Auditing path $.nodeSelector["kubernetes.io/os"]
[INFO] Auditing path $.nodeSelector
[INFO] Auditing path $.permissionInitContainer.extraCommands
[INFO] Auditing path $.permissionInitContainer.extraCommands[*]
[INFO] Auditing path $.permissionInitContainer.fixes
[INFO] Auditing path $.permissionInitContainer.fixes.rapl
[INFO] Auditing path $.permissionInitContainer.fixes.slabinfo
[INFO] Auditing path $.permissionInitContainer.image
[INFO] Auditing path $.permissionInitContainer.image.pullPolicy
[INFO] Auditing path $.permissionInitContainer.image.registry
[INFO] Auditing path $.permissionInitContainer.image.repository
[INFO] Auditing path $.permissionInitContainer.image.sha
[INFO] Auditing path $.permissionInitContainer.image.tag
[INFO] Auditing path $.permissionInitContainer.securityContext
[INFO] Auditing path $.permissionInitContainer.securityContext.runAsGroup
[INFO] Auditing path $.permissionInitContainer.securityContext.runAsNonRoot
[INFO] Auditing path $.permissionInitContainer.securityContext.runAsUser
[INFO] Auditing path $.permissionInitContainer
[INFO] Auditing path $.podAnnotations["cluster-autoscaler.kubernetes.io/safe-to-evict"]
[INFO] Auditing path $.podAnnotations
[INFO] Auditing path $.podLabels
[INFO] Auditing path $.priorityClassName
[INFO] Auditing path $.prometheus.monitor
[INFO] Auditing path $.prometheus.monitor.additionalLabels
[INFO] Auditing path $.prometheus.monitor.apiVersion
[INFO] Auditing path $.prometheus.monitor.attachMetadata
[INFO] Auditing path $.prometheus.monitor.attachMetadata.node
[INFO] Auditing path $.prometheus.monitor.basicAuth
[INFO] Auditing path $.prometheus.monitor.bearerTokenFile
[INFO] Auditing path $.prometheus.monitor.enabled
[INFO] Auditing path $.prometheus.monitor.interval
[INFO] Auditing path $.prometheus.monitor.jobLabel
[INFO] Auditing path $.prometheus.monitor.labelLimit
[INFO] Auditing path $.prometheus.monitor.labelNameLengthLimit
[INFO] Auditing path $.prometheus.monitor.labelValueLengthLimit
[INFO] Auditing path $.prometheus.monitor.metricRelabelings
[INFO] Auditing path $.prometheus.monitor.namespace
[INFO] Auditing path $.prometheus.monitor.podTargetLabels
[INFO] Auditing path $.prometheus.monitor.proxyUrl
[INFO] Auditing path $.prometheus.monitor.relabelings
[INFO] Auditing path $.prometheus.monitor.sampleLimit
[INFO] Auditing path $.prometheus.monitor.scheme
[INFO] Auditing path $.prometheus.monitor.scrapeTimeout
[INFO] Auditing path $.prometheus.monitor.selectorOverride
[INFO] Auditing path $.prometheus.monitor.targetLabels
[INFO] Auditing path $.prometheus.monitor.targetLimit
[INFO] Auditing path $.prometheus.monitor.tlsConfig
[INFO] Auditing path $.prometheus.podMonitor
[INFO] Auditing path $.prometheus.podMonitor.additionalLabels
[INFO] Auditing path $.prometheus.podMonitor.apiVersion
[INFO] Auditing path $.prometheus.podMonitor.attachMetadata
[INFO] Auditing path $.prometheus.podMonitor.attachMetadata.node
[INFO] Auditing path $.prometheus.podMonitor.authorization
[INFO] Auditing path $.prometheus.podMonitor.basicAuth
[INFO] Auditing path $.prometheus.podMonitor.bearerTokenSecret
[INFO] Auditing path $.prometheus.podMonitor.enableHttp2
[INFO] Auditing path $.prometheus.podMonitor.enabled
[INFO] Auditing path $.prometheus.podMonitor.filterRunning
[INFO] Auditing path $.prometheus.podMonitor.followRedirects
[INFO] Auditing path $.prometheus.podMonitor.honorLabels
[INFO] Auditing path $.prometheus.podMonitor.honorTimestamps
[INFO] Auditing path $.prometheus.podMonitor.interval
[INFO] Auditing path $.prometheus.podMonitor.jobLabel
[INFO] Auditing path $.prometheus.podMonitor.labelLimit
[INFO] Auditing path $.prometheus.podMonitor.labelNameLengthLimit
[INFO] Auditing path $.prometheus.podMonitor.labelValueLengthLimit
[INFO] Auditing path $.prometheus.podMonitor.metricRelabelings
[INFO] Auditing path $.prometheus.podMonitor.namespace
[INFO] Auditing path $.prometheus.podMonitor.oauth2
[INFO] Auditing path $.prometheus.podMonitor.params
[INFO] Auditing path $.prometheus.podMonitor.path
[INFO] Auditing path $.prometheus.podMonitor.podTargetLabels
[INFO] Auditing path $.prometheus.podMonitor.proxyUrl
[INFO] Auditing path $.prometheus.podMonitor.relabelings
[INFO] Auditing path $.prometheus.podMonitor.sampleLimit
[INFO] Auditing path $.prometheus.podMonitor.scheme
[INFO] Auditing path $.prometheus.podMonitor.scrapeTimeout
[INFO] Auditing path $.prometheus.podMonitor.selectorOverride
[INFO] Auditing path $.prometheus.podMonitor.targetLimit
[INFO] Auditing path $.prometheus.podMonitor.tlsConfig
[INFO] Auditing path $.prometheus
[INFO] Auditing path $.rbac.create
[INFO] Auditing path $.rbac.useExistingRole
[INFO] Auditing path $.rbac
[INFO] Auditing path $.readinessProbe.failureThreshold
[INFO] Auditing path $.readinessProbe.httpGet
[INFO] Auditing path $.readinessProbe.httpGet.httpHeaders
[INFO] Auditing path $.readinessProbe.httpGet.httpHeaders[*].name
[INFO] Auditing path $.readinessProbe.httpGet.httpHeaders[*].value
[INFO] Auditing path $.readinessProbe.httpGet.scheme
[INFO] Auditing path $.readinessProbe.initialDelaySeconds
[INFO] Auditing path $.readinessProbe.periodSeconds
[INFO] Auditing path $.readinessProbe.successThreshold
[INFO] Auditing path $.readinessProbe.timeoutSeconds
[INFO] Auditing path $.readinessProbe
[INFO] Auditing path $.releaseLabel
[INFO] Auditing path $.resources
[INFO] Auditing path $.restartPolicy
[INFO] Auditing path $.revisionHistoryLimit
[INFO] Auditing path $.secrets[*].mountPath
[INFO] Auditing path $.secrets[*].name
[INFO] Auditing path $.secrets
[INFO] Auditing path $.securityContext.fsGroup
[INFO] Auditing path $.securityContext.runAsGroup
[INFO] Auditing path $.securityContext.runAsNonRoot
[INFO] Auditing path $.securityContext.runAsUser
[INFO] Auditing path $.securityContext
[INFO] Auditing path $.service.annotations
[INFO] Auditing path $.service.annotations["prometheus.io/scrape"]
[INFO] Auditing path $.service.clusterIP
[INFO] Auditing path $.service.enabled
[INFO] Auditing path $.service.externalTrafficPolicy
[INFO] Auditing path $.service.internalTrafficPolicy
[INFO] Auditing path $.service.ipDualStack
[INFO] Auditing path $.service.ipDualStack.enabled
[INFO] Auditing path $.service.ipDualStack.ipFamilies
[INFO] Auditing path $.service.ipDualStack.ipFamilyPolicy
[INFO] Auditing path $.service.labels
[INFO] Auditing path $.service.listenOnAllInterfaces
[INFO] Auditing path $.service.nodePort
[INFO] Auditing path $.service.port
[INFO] Auditing path $.service.portName
[INFO] Auditing path $.service.servicePort
[INFO] Auditing path $.service.targetPort
[INFO] Auditing path $.service.type
[INFO] Auditing path $.service
[INFO] Auditing path $.serviceAccount.annotations
[INFO] Auditing path $.serviceAccount.automountServiceAccountToken
[INFO] Auditing path $.serviceAccount.create
[INFO] Auditing path $.serviceAccount.imagePullSecrets
[INFO] Auditing path $.serviceAccount.name
[INFO] Auditing path $.serviceAccount
[INFO] Auditing path $.sidecarHostVolumeMounts[*].hostPath
[INFO] Auditing path $.sidecarHostVolumeMounts[*].name
[INFO] Auditing path $.sidecarHostVolumeMounts
[INFO] Auditing path $.sidecarVolumeMount[*].mountPath
[INFO] Auditing path $.sidecarVolumeMount[*].name
[INFO] Auditing path $.sidecarVolumeMount
[INFO] Auditing path $.sidecars[*]
[INFO] Auditing path $.sidecars[*].volumeMounts
[INFO] Auditing path $.sidecars
[INFO] Auditing path $.terminationGracePeriodSeconds
[INFO] Auditing path $.terminationMessageParams.enabled
[INFO] Auditing path $.terminationMessageParams.terminationMessagePath
[INFO] Auditing path $.terminationMessageParams.terminationMessagePolicy
[INFO] Auditing path $.terminationMessageParams
[INFO] Auditing path $.tlsSecret.caItem
[INFO] Auditing path $.tlsSecret.certItem
[INFO] Auditing path $.tlsSecret.enabled
[INFO] Auditing path $.tlsSecret.keyItem
[INFO] Auditing path $.tlsSecret.secretName
[INFO] Auditing path $.tlsSecret.volumeName
[INFO] Auditing path $.tlsSecret
[INFO] Auditing path $.tolerations[*].effect
[INFO] Auditing path $.tolerations[*].operator
[INFO] Auditing path $.tolerations
[INFO] Auditing path $.updateStrategy.rollingUpdate
[INFO] Auditing path $.updateStrategy.rollingUpdate.maxUnavailable
[INFO] Auditing path $.updateStrategy.type
[INFO] Auditing path $.updateStrategy
[INFO] Auditing path $.version
[INFO] Auditing path $.verticalPodAutoscaler.controlledResources
[INFO] Auditing path $.verticalPodAutoscaler.controlledValues
[INFO] Auditing path $.verticalPodAutoscaler.enabled
[INFO] Auditing path $.verticalPodAutoscaler.maxAllowed
[INFO] Auditing path $.verticalPodAutoscaler.minAllowed
[INFO] Auditing path $.verticalPodAutoscaler.recommenders
[INFO] Auditing path $.verticalPodAutoscaler.updatePolicy
[INFO] Auditing path $.verticalPodAutoscaler
