[INFO] Auditing path $.clusterDomain
[INFO] Auditing path $.commonAnnotations
[INFO] Auditing path $.commonLabels
[INFO] Auditing path $.diagnosticMode.args
[INFO] Auditing path $.diagnosticMode.command
[INFO] Auditing path $.diagnosticMode.enabled
[INFO] Auditing path $.diagnosticMode
[INFO] Auditing path $.extraDeploy[*]
[INFO] Auditing path $.extraDeploy
[INFO] Auditing path $.fullnameOverride
[INFO] Auditing path $.global.compatibility
[INFO] Auditing path $.global.compatibility.openshift
[INFO] Auditing path $.global.compatibility.openshift.adaptSecurityContext
[INFO] Auditing path $.global.defaultStorageClass
[INFO] Auditing path $.global.imagePullSecrets
[INFO] Auditing path $.global.imageRegistry
[INFO] Auditing path $.global.security
[INFO] Auditing path $.global.security.allowInsecureImages
[INFO] Auditing path $.global.storageClass
[INFO] Auditing path $.global
[INFO] Auditing path $.hostNetwork
[INFO] Auditing path $.image.debug
[INFO] Auditing path $.image.digest
[INFO] Auditing path $.image.pullPolicy
[INFO] Auditing path $.image.pullSecrets
[INFO] Auditing path $.image.registry
[INFO] Auditing path $.image.repository
[INFO] Auditing path $.image.tag
[INFO] Auditing path $.image
[INFO] Auditing path $.ingress.annotations
[INFO] Auditing path $.ingress.apiVersion
[INFO] Auditing path $.ingress.enabled
[INFO] Auditing path $.ingress.extraHosts
[INFO] Auditing path $.ingress.extraHosts[*].name
[INFO] Auditing path $.ingress.extraHosts[*].path
[INFO] Auditing path $.ingress.extraHosts[*].pathType
[INFO] Auditing path $.ingress.extraPaths
[INFO] Auditing path $.ingress.extraRules
[INFO] Auditing path $.ingress.extraTls
[INFO] Auditing path $.ingress.hostname
[INFO] Auditing path $.ingress.ingressClassName
[INFO] Auditing path $.ingress.path
[INFO] Auditing path $.ingress.pathType
[INFO] Auditing path $.ingress.secrets
[INFO] Auditing path $.ingress.secrets[*].certificate
[INFO] Auditing path $.ingress.secrets[*].key
[INFO] Auditing path $.ingress.secrets[*].name
[INFO] Auditing path $.ingress.selfSigned
[INFO] Auditing path $.ingress.tls
[INFO] Auditing path $.ingress
[INFO] Auditing path $.initScripts
[INFO] Auditing path $.initScriptsCM
[INFO] Auditing path $.initScriptsSecret
[INFO] Auditing path $.kubeVersion
[INFO] Auditing path $.master.affinity
[INFO] Auditing path $.master.args
[INFO] Auditing path $.master.automountServiceAccountToken
[INFO] Auditing path $.master.command
[INFO] Auditing path $.master.configOptions
[INFO] Auditing path $.master.containerPorts
[INFO] Auditing path $.master.containerPorts.cluster
[INFO] Auditing path $.master.containerPorts.http
[INFO] Auditing path $.master.containerPorts.https
[INFO] Auditing path $.master.containerSecurityContext
[INFO] Auditing path $.master.containerSecurityContext.allowPrivilegeEscalation
[INFO] Auditing path $.master.containerSecurityContext.capabilities
[INFO] Auditing path $.master.containerSecurityContext.capabilities.drop
[INFO] Auditing path $.master.containerSecurityContext.enabled
[INFO] Auditing path $.master.containerSecurityContext.privileged
[INFO] Auditing path $.master.containerSecurityContext.readOnlyRootFilesystem
[INFO] Auditing path $.master.containerSecurityContext.runAsGroup
[INFO] Auditing path $.master.containerSecurityContext.runAsNonRoot
[INFO] Auditing path $.master.containerSecurityContext.runAsUser
[INFO] Auditing path $.master.containerSecurityContext.seLinuxOptions
[INFO] Auditing path $.master.containerSecurityContext.seccompProfile
[INFO] Auditing path $.master.containerSecurityContext.seccompProfile.type
[INFO] Auditing path $.master.customLivenessProbe
[INFO] Auditing path $.master.customReadinessProbe
[INFO] Auditing path $.master.customStartupProbe
[INFO] Auditing path $.master.daemonMemoryLimit
[INFO] Auditing path $.master.enabled
[INFO] Auditing path $.master.existingConfigmap
[INFO] Auditing path $.master.extraContainerPorts
[INFO] Auditing path $.master.extraEnvVars
[INFO] Auditing path $.master.extraEnvVarsCM
[INFO] Auditing path $.master.extraEnvVarsSecret
[INFO] Auditing path $.master.extraVolumeClaimTemplates
[INFO] Auditing path $.master.extraVolumeMounts
[INFO] Auditing path $.master.extraVolumes
[INFO] Auditing path $.master.hostAliases
[INFO] Auditing path $.master.initContainers
[INFO] Auditing path $.master.lifecycleHooks
[INFO] Auditing path $.master.livenessProbe
[INFO] Auditing path $.master.livenessProbe.enabled
[INFO] Auditing path $.master.livenessProbe.failureThreshold
[INFO] Auditing path $.master.livenessProbe.initialDelaySeconds
[INFO] Auditing path $.master.livenessProbe.periodSeconds
[INFO] Auditing path $.master.livenessProbe.successThreshold
[INFO] Auditing path $.master.livenessProbe.timeoutSeconds
[INFO] Auditing path $.master.networkPolicy
[INFO] Auditing path $.master.networkPolicy.allowExternal
[INFO] Auditing path $.master.networkPolicy.allowExternalEgress
[INFO] Auditing path $.master.networkPolicy.enabled
[INFO] Auditing path $.master.networkPolicy.extraEgress
[INFO] Auditing path $.master.networkPolicy.extraIngress
[INFO] Auditing path $.master.networkPolicy.ingressNSMatchLabels
[INFO] Auditing path $.master.networkPolicy.ingressNSMatchLabels[*]
[INFO] Auditing path $.master.networkPolicy.ingressNSPodMatchLabels
[INFO] Auditing path $.master.networkPolicy.ingressNSPodMatchLabels[*]
[INFO] Auditing path $.master.nodeAffinityPreset
[INFO] Auditing path $.master.nodeAffinityPreset.key
[INFO] Auditing path $.master.nodeAffinityPreset.type
[INFO] Auditing path $.master.nodeAffinityPreset.values
[INFO] Auditing path $.master.nodeSelector
[INFO] Auditing path $.master.pdb
[INFO] Auditing path $.master.pdb.create
[INFO] Auditing path $.master.pdb.maxUnavailable
[INFO] Auditing path $.master.pdb.minAvailable
[INFO] Auditing path $.master.podAffinityPreset
[INFO] Auditing path $.master.podAnnotations
[INFO] Auditing path $.master.podAntiAffinityPreset
[INFO] Auditing path $.master.podLabels
[INFO] Auditing path $.master.podSecurityContext
[INFO] Auditing path $.master.podSecurityContext.enabled
[INFO] Auditing path $.master.podSecurityContext.fsGroup
[INFO] Auditing path $.master.podSecurityContext.fsGroupChangePolicy
[INFO] Auditing path $.master.podSecurityContext.supplementalGroups
[INFO] Auditing path $.master.podSecurityContext.sysctls
[INFO] Auditing path $.master.priorityClassName
[INFO] Auditing path $.master.readinessProbe
[INFO] Auditing path $.master.readinessProbe.enabled
[INFO] Auditing path $.master.readinessProbe.failureThreshold
[INFO] Auditing path $.master.readinessProbe.initialDelaySeconds
[INFO] Auditing path $.master.readinessProbe.periodSeconds
[INFO] Auditing path $.master.readinessProbe.successThreshold
[INFO] Auditing path $.master.readinessProbe.timeoutSeconds
[INFO] Auditing path $.master.resources
[INFO] Auditing path $.master.resourcesPreset
[INFO] Auditing path $.master.schedulerName
[INFO] Auditing path $.master.sidecars
[INFO] Auditing path $.master.startupProbe
[INFO] Auditing path $.master.startupProbe.enabled
[INFO] Auditing path $.master.startupProbe.failureThreshold
[INFO] Auditing path $.master.startupProbe.initialDelaySeconds
[INFO] Auditing path $.master.startupProbe.periodSeconds
[INFO] Auditing path $.master.startupProbe.successThreshold
[INFO] Auditing path $.master.startupProbe.timeoutSeconds
[INFO] Auditing path $.master.terminationGracePeriodSeconds
[INFO] Auditing path $.master.tolerations
[INFO] Auditing path $.master.topologySpreadConstraints
[INFO] Auditing path $.master.updateStrategy
[INFO] Auditing path $.master.updateStrategy.type
[INFO] Auditing path $.master
[INFO] Auditing path $.metrics.enabled
[INFO] Auditing path $.metrics.masterAnnotations
[INFO] Auditing path $.metrics.masterAnnotations["prometheus.io/path"]
[INFO] Auditing path $.metrics.masterAnnotations["prometheus.io/port"]
[INFO] Auditing path $.metrics.masterAnnotations["prometheus.io/scrape"]
[INFO] Auditing path $.metrics.podMonitor
[INFO] Auditing path $.metrics.podMonitor.additionalLabels
[INFO] Auditing path $.metrics.podMonitor.enabled
[INFO] Auditing path $.metrics.podMonitor.extraMetricsEndpoints
[INFO] Auditing path $.metrics.podMonitor.extraMetricsEndpoints[*].path
[INFO] Auditing path $.metrics.podMonitor.extraMetricsEndpoints[*].port
[INFO] Auditing path $.metrics.podMonitor.interval
[INFO] Auditing path $.metrics.podMonitor.namespace
[INFO] Auditing path $.metrics.podMonitor.scrapeTimeout
[INFO] Auditing path $.metrics.prometheusRule
[INFO] Auditing path $.metrics.prometheusRule.additionalLabels
[INFO] Auditing path $.metrics.prometheusRule.enabled
[INFO] Auditing path $.metrics.prometheusRule.namespace
[INFO] Auditing path $.metrics.prometheusRule.rules
[INFO] Auditing path $.metrics.workerAnnotations
[INFO] Auditing path $.metrics.workerAnnotations["prometheus.io/path"]
[INFO] Auditing path $.metrics.workerAnnotations["prometheus.io/port"]
[INFO] Auditing path $.metrics.workerAnnotations["prometheus.io/scrape"]
[INFO] Auditing path $.metrics
[INFO] Auditing path $.nameOverride
[INFO] Auditing path $.namespaceOverride
[INFO] Auditing path $.security.certificatesSecretName
[INFO] Auditing path $.security.passwordsSecretName
[INFO] Auditing path $.security.rpc
[INFO] Auditing path $.security.rpc.authenticationEnabled
[INFO] Auditing path $.security.rpc.encryptionEnabled
[INFO] Auditing path $.security.ssl
[INFO] Auditing path $.security.ssl.autoGenerated
[INFO] Auditing path $.security.ssl.enabled
[INFO] Auditing path $.security.ssl.existingSecret
[INFO] Auditing path $.security.ssl.keystorePassword
[INFO] Auditing path $.security.ssl.needClientAuth
[INFO] Auditing path $.security.ssl.protocol
[INFO] Auditing path $.security.ssl.resources
[INFO] Auditing path $.security.ssl.resourcesPreset
[INFO] Auditing path $.security.ssl.truststorePassword
[INFO] Auditing path $.security.storageEncryptionEnabled
[INFO] Auditing path $.security
[INFO] Auditing path $.service.annotations
[INFO] Auditing path $.service.clusterIP
[INFO] Auditing path $.service.externalTrafficPolicy
[INFO] Auditing path $.service.extraPorts
[INFO] Auditing path $.service.headless
[INFO] Auditing path $.service.headless.annotations
[INFO] Auditing path $.service.loadBalancerIP
[INFO] Auditing path $.service.loadBalancerSourceRanges
[INFO] Auditing path $.service.nodePorts
[INFO] Auditing path $.service.nodePorts.cluster
[INFO] Auditing path $.service.nodePorts.http
[INFO] Auditing path $.service.nodePorts.https
[INFO] Auditing path $.service.ports
[INFO] Auditing path $.service.ports.cluster
[INFO] Auditing path $.service.ports.http
[INFO] Auditing path $.service.ports.https
[INFO] Auditing path $.service.sessionAffinity
[INFO] Auditing path $.service.sessionAffinityConfig
[INFO] Auditing path $.service.type
[INFO] Auditing path $.service
[INFO] Auditing path $.serviceAccount.annotations
[INFO] Auditing path $.serviceAccount.automountServiceAccountToken
[INFO] Auditing path $.serviceAccount.create
[INFO] Auditing path $.serviceAccount.name
[INFO] Auditing path $.serviceAccount
[INFO] Auditing path $.worker.affinity
[INFO] Auditing path $.worker.args
[INFO] Auditing path $.worker.automountServiceAccountToken
[INFO] Auditing path $.worker.autoscaling
[INFO] Auditing path $.worker.autoscaling.enabled
[INFO] Auditing path $.worker.autoscaling.maxReplicas
[INFO] Auditing path $.worker.autoscaling.minReplicas
[INFO] Auditing path $.worker.autoscaling.targetCPU
[INFO] Auditing path $.worker.autoscaling.targetMemory
[INFO] Auditing path $.worker.command
[INFO] Auditing path $.worker.configOptions
[INFO] Auditing path $.worker.containerPorts
[INFO] Auditing path $.worker.containerPorts.cluster
[INFO] Auditing path $.worker.containerPorts.http
[INFO] Auditing path $.worker.containerPorts.https
[INFO] Auditing path $.worker.containerSecurityContext
[INFO] Auditing path $.worker.containerSecurityContext.allowPrivilegeEscalation
[INFO] Auditing path $.worker.containerSecurityContext.capabilities
[INFO] Auditing path $.worker.containerSecurityContext.capabilities.drop
[INFO] Auditing path $.worker.containerSecurityContext.enabled
[INFO] Auditing path $.worker.containerSecurityContext.privileged
[INFO] Auditing path $.worker.containerSecurityContext.readOnlyRootFilesystem
[INFO] Auditing path $.worker.containerSecurityContext.runAsGroup
[INFO] Auditing path $.worker.containerSecurityContext.runAsNonRoot
[INFO] Auditing path $.worker.containerSecurityContext.runAsUser
[INFO] Auditing path $.worker.containerSecurityContext.seLinuxOptions
[INFO] Auditing path $.worker.containerSecurityContext.seccompProfile
[INFO] Auditing path $.worker.containerSecurityContext.seccompProfile.type
[INFO] Auditing path $.worker.coreLimit
[INFO] Auditing path $.worker.customLivenessProbe
[INFO] Auditing path $.worker.customReadinessProbe
[INFO] Auditing path $.worker.customStartupProbe
[INFO] Auditing path $.worker.daemonMemoryLimit
[INFO] Auditing path $.worker.dir
[INFO] Auditing path $.worker.enabled
[INFO] Auditing path $.worker.existingConfigmap
[INFO] Auditing path $.worker.extraContainerPorts
[INFO] Auditing path $.worker.extraEnvVars
[INFO] Auditing path $.worker.extraEnvVarsCM
[INFO] Auditing path $.worker.extraEnvVarsSecret
[INFO] Auditing path $.worker.extraVolumeClaimTemplates
[INFO] Auditing path $.worker.extraVolumeMounts
[INFO] Auditing path $.worker.extraVolumes
[INFO] Auditing path $.worker.hostAliases
[INFO] Auditing path $.worker.initContainers
[INFO] Auditing path $.worker.javaOptions
[INFO] Auditing path $.worker.lifecycleHooks
[INFO] Auditing path $.worker.livenessProbe
[INFO] Auditing path $.worker.livenessProbe.enabled
[INFO] Auditing path $.worker.livenessProbe.failureThreshold
[INFO] Auditing path $.worker.livenessProbe.initialDelaySeconds
[INFO] Auditing path $.worker.livenessProbe.periodSeconds
[INFO] Auditing path $.worker.livenessProbe.successThreshold
[INFO] Auditing path $.worker.livenessProbe.timeoutSeconds
[INFO] Auditing path $.worker.memoryLimit
[INFO] Auditing path $.worker.networkPolicy
[INFO] Auditing path $.worker.networkPolicy.allowExternal
[INFO] Auditing path $.worker.networkPolicy.allowExternalEgress
[INFO] Auditing path $.worker.networkPolicy.enabled
[INFO] Auditing path $.worker.networkPolicy.extraEgress
[INFO] Auditing path $.worker.networkPolicy.extraIngress
[INFO] Auditing path $.worker.networkPolicy.ingressNSMatchLabels
[INFO] Auditing path $.worker.networkPolicy.ingressNSMatchLabels[*]
[INFO] Auditing path $.worker.networkPolicy.ingressNSPodMatchLabels
[INFO] Auditing path $.worker.networkPolicy.ingressNSPodMatchLabels[*]
[INFO] Auditing path $.worker.nodeAffinityPreset
[INFO] Auditing path $.worker.nodeAffinityPreset.key
[INFO] Auditing path $.worker.nodeAffinityPreset.type
[INFO] Auditing path $.worker.nodeAffinityPreset.values
[INFO] Auditing path $.worker.nodeSelector
[INFO] Auditing path $.worker.pdb
[INFO] Auditing path $.worker.pdb.create
[INFO] Auditing path $.worker.pdb.maxUnavailable
[INFO] Auditing path $.worker.pdb.minAvailable
[INFO] Auditing path $.worker.podAffinityPreset
[INFO] Auditing path $.worker.podAnnotations
[INFO] Auditing path $.worker.podAntiAffinityPreset
[INFO] Auditing path $.worker.podLabels
[INFO] Auditing path $.worker.podManagementPolicy
[INFO] Auditing path $.worker.podSecurityContext
[INFO] Auditing path $.worker.podSecurityContext.enabled
[INFO] Auditing path $.worker.podSecurityContext.fsGroup
[INFO] Auditing path $.worker.podSecurityContext.fsGroupChangePolicy
[INFO] Auditing path $.worker.podSecurityContext.seLinuxOptions
[INFO] Auditing path $.worker.podSecurityContext.supplementalGroups
[INFO] Auditing path $.worker.podSecurityContext.sysctls
[INFO] Auditing path $.worker.priorityClassName
[INFO] Auditing path $.worker.readinessProbe
[INFO] Auditing path $.worker.readinessProbe.enabled
[INFO] Auditing path $.worker.readinessProbe.failureThreshold
[INFO] Auditing path $.worker.readinessProbe.initialDelaySeconds
[INFO] Auditing path $.worker.readinessProbe.periodSeconds
[INFO] Auditing path $.worker.readinessProbe.successThreshold
[INFO] Auditing path $.worker.readinessProbe.timeoutSeconds
[INFO] Auditing path $.worker.replicaCount
[INFO] Auditing path $.worker.resources
[INFO] Auditing path $.worker.resourcesPreset
[INFO] Auditing path $.worker.schedulerName
[INFO] Auditing path $.worker.sidecars
[INFO] Auditing path $.worker.startupProbe
[INFO] Auditing path $.worker.startupProbe.enabled
[INFO] Auditing path $.worker.startupProbe.failureThreshold
[INFO] Auditing path $.worker.startupProbe.initialDelaySeconds
[INFO] Auditing path $.worker.startupProbe.periodSeconds
[INFO] Auditing path $.worker.startupProbe.successThreshold
[INFO] Auditing path $.worker.startupProbe.timeoutSeconds
[INFO] Auditing path $.worker.terminationGracePeriodSeconds
[INFO] Auditing path $.worker.tolerations
[INFO] Auditing path $.worker.topologySpreadConstraints
[INFO] Auditing path $.worker.updateStrategy
[INFO] Auditing path $.worker.updateStrategy.type
[INFO] Auditing path $.worker
