[INFO] Auditing path $.affinity
[INFO] Auditing path $.apiVersions
[INFO] Auditing path $.args
[INFO] Auditing path $.automountServiceAccountToken
[INFO] Auditing path $.autoscaling.hpa
[INFO] Auditing path $.autoscaling.hpa.annotations
[INFO] Auditing path $.autoscaling.hpa.behavior
[INFO] Auditing path $.autoscaling.hpa.customRules
[INFO] Auditing path $.autoscaling.hpa.enabled
[INFO] Auditing path $.autoscaling.hpa.maxReplicas
[INFO] Auditing path $.autoscaling.hpa.minReplicas
[INFO] Auditing path $.autoscaling.hpa.targetCPUUtilizationPercentage
[INFO] Auditing path $.autoscaling.hpa.targetMemoryUtilizationPercentage
[INFO] Auditing path $.autoscaling.vpa
[INFO] Auditing path $.autoscaling.vpa.annotations
[INFO] Auditing path $.autoscaling.vpa.controlledResources
[INFO] Auditing path $.autoscaling.vpa.enabled
[INFO] Auditing path $.autoscaling.vpa.maxAllowed
[INFO] Auditing path $.autoscaling.vpa.minAllowed
[INFO] Auditing path $.autoscaling.vpa.updatePolicy
[INFO] Auditing path $.autoscaling.vpa.updatePolicy.updateMode
[INFO] Auditing path $.autoscaling
[INFO] Auditing path $.cluster.datacenter
[INFO] Auditing path $.cluster.enableUDF
[INFO] Auditing path $.cluster.endpointSnitch
[INFO] Auditing path $.cluster.extraSeeds
[INFO] Auditing path $.cluster.name
[INFO] Auditing path $.cluster.numTokens
[INFO] Auditing path $.cluster.rack
[INFO] Auditing path $.cluster.seedCount
[INFO] Auditing path $.cluster
[INFO] Auditing path $.clusterDomain
[INFO] Auditing path $.command
[INFO] Auditing path $.commonAnnotations
[INFO] Auditing path $.commonLabels
[INFO] Auditing path $.containerPorts.api
[INFO] Auditing path $.containerPorts.cql
[INFO] Auditing path $.containerPorts.cqlShard
[INFO] Auditing path $.containerPorts.intra
[INFO] Auditing path $.containerPorts.jmx
[INFO] Auditing path $.containerPorts.metrics
[INFO] Auditing path $.containerPorts.tls
[INFO] Auditing path $.containerPorts
[INFO] Auditing path $.containerSecurityContext.allowPrivilegeEscalation
[INFO] Auditing path $.containerSecurityContext.capabilities
[INFO] Auditing path $.containerSecurityContext.capabilities.drop
[INFO] Auditing path $.containerSecurityContext.enabled
[INFO] Auditing path $.containerSecurityContext.privileged
[INFO] Auditing path $.containerSecurityContext.readOnlyRootFilesystem
[INFO] Auditing path $.containerSecurityContext.runAsGroup
[INFO] Auditing path $.containerSecurityContext.runAsNonRoot
[INFO] Auditing path $.containerSecurityContext.runAsUser
[INFO] Auditing path $.containerSecurityContext.seLinuxOptions
[INFO] Auditing path $.containerSecurityContext.seccompProfile
[INFO] Auditing path $.containerSecurityContext.seccompProfile.type
[INFO] Auditing path $.containerSecurityContext
[INFO] Auditing path $.customLivenessProbe
[INFO] Auditing path $.customReadinessProbe
[INFO] Auditing path $.customStartupProbe
[INFO] Auditing path $.dbUser.existingSecret
[INFO] Auditing path $.dbUser.forcePassword
[INFO] Auditing path $.dbUser.password
[INFO] Auditing path $.dbUser.user
[INFO] Auditing path $.dbUser
[INFO] Auditing path $.diagnosticMode.args
[INFO] Auditing path $.diagnosticMode.command
[INFO] Auditing path $.diagnosticMode.enabled
[INFO] Auditing path $.diagnosticMode
[INFO] Auditing path $.existingConfiguration
[INFO] Auditing path $.extraContainerPorts[*].containerPort
[INFO] Auditing path $.extraContainerPorts
[INFO] Auditing path $.extraDeploy[*]
[INFO] Auditing path $.extraDeploy
[INFO] Auditing path $.extraEnvVars
[INFO] Auditing path $.extraEnvVarsCM
[INFO] Auditing path $.extraEnvVarsSecret
[INFO] Auditing path $.extraVolumeMounts
[INFO] Auditing path $.extraVolumes
[INFO] Auditing path $.fullnameOverride
[INFO] Auditing path $.global.compatibility
[INFO] Auditing path $.global.compatibility.openshift
[INFO] Auditing path $.global.compatibility.openshift.adaptSecurityContext
[INFO] Auditing path $.global.defaultStorageClass
[INFO] Auditing path $.global.imagePullSecrets
[INFO] Auditing path $.global.imageRegistry
[INFO] Auditing path $.global.security
[INFO] Auditing path $.global.security.allowInsecureImages
[INFO] Auditing path $.global.storageClass
[INFO] Auditing path $.global
[INFO] Auditing path $.hostAliases
[INFO] Auditing path $.hostNetwork
[INFO] Auditing path $.hostPorts.api
[INFO] Auditing path $.hostPorts.cql
[INFO] Auditing path $.hostPorts.cqlShard
[INFO] Auditing path $.hostPorts.intra
[INFO] Auditing path $.hostPorts.jmx
[INFO] Auditing path $.hostPorts.metrics
[INFO] Auditing path $.hostPorts.tls
[INFO] Auditing path $.hostPorts
[INFO] Auditing path $.image.debug
[INFO] Auditing path $.image.digest
[INFO] Auditing path $.image.pullPolicy
[INFO] Auditing path $.image.pullSecrets
[INFO] Auditing path $.image.registry
[INFO] Auditing path $.image.repository
[INFO] Auditing path $.image.tag
[INFO] Auditing path $.image
[INFO] Auditing path $.initContainers
[INFO] Auditing path $.initDBConfigMap
[INFO] Auditing path $.initDBSecret
[INFO] Auditing path $.jmxProxy.args
[INFO] Auditing path $.jmxProxy.command
[INFO] Auditing path $.jmxProxy.containerSecurityContext
[INFO] Auditing path $.jmxProxy.containerSecurityContext.allowPrivilegeEscalation
[INFO] Auditing path $.jmxProxy.containerSecurityContext.capabilities
[INFO] Auditing path $.jmxProxy.containerSecurityContext.capabilities.drop
[INFO] Auditing path $.jmxProxy.containerSecurityContext.enabled
[INFO] Auditing path $.jmxProxy.containerSecurityContext.privileged
[INFO] Auditing path $.jmxProxy.containerSecurityContext.readOnlyRootFilesystem
[INFO] Auditing path $.jmxProxy.containerSecurityContext.runAsGroup
[INFO] Auditing path $.jmxProxy.containerSecurityContext.runAsNonRoot
[INFO] Auditing path $.jmxProxy.containerSecurityContext.runAsUser
[INFO] Auditing path $.jmxProxy.containerSecurityContext.seLinuxOptions
[INFO] Auditing path $.jmxProxy.containerSecurityContext.seccompProfile
[INFO] Auditing path $.jmxProxy.containerSecurityContext.seccompProfile.type
[INFO] Auditing path $.jmxProxy.customLivenessProbe
[INFO] Auditing path $.jmxProxy.customReadinessProbe
[INFO] Auditing path $.jmxProxy.customStartupProbe
[INFO] Auditing path $.jmxProxy.enabled
[INFO] Auditing path $.jmxProxy.extraContainerPorts
[INFO] Auditing path $.jmxProxy.extraContainerPorts[*].containerPort
[INFO] Auditing path $.jmxProxy.extraEnvVars
[INFO] Auditing path $.jmxProxy.extraEnvVarsCM
[INFO] Auditing path $.jmxProxy.extraEnvVarsSecret
[INFO] Auditing path $.jmxProxy.extraVolumeMounts
[INFO] Auditing path $.jmxProxy.lifecycleHooks
[INFO] Auditing path $.jmxProxy.livenessProbe
[INFO] Auditing path $.jmxProxy.livenessProbe.enabled
[INFO] Auditing path $.jmxProxy.livenessProbe.failureThreshold
[INFO] Auditing path $.jmxProxy.livenessProbe.initialDelaySeconds
[INFO] Auditing path $.jmxProxy.livenessProbe.periodSeconds
[INFO] Auditing path $.jmxProxy.livenessProbe.successThreshold
[INFO] Auditing path $.jmxProxy.livenessProbe.timeoutSeconds
[INFO] Auditing path $.jmxProxy.readinessProbe
[INFO] Auditing path $.jmxProxy.readinessProbe.enabled
[INFO] Auditing path $.jmxProxy.readinessProbe.failureThreshold
[INFO] Auditing path $.jmxProxy.readinessProbe.initialDelaySeconds
[INFO] Auditing path $.jmxProxy.readinessProbe.periodSeconds
[INFO] Auditing path $.jmxProxy.readinessProbe.successThreshold
[INFO] Auditing path $.jmxProxy.readinessProbe.timeoutSeconds
[INFO] Auditing path $.jmxProxy.resources
[INFO] Auditing path $.jmxProxy.resourcesPreset
[INFO] Auditing path $.jmxProxy.startupProbe
[INFO] Auditing path $.jmxProxy.startupProbe.enabled
[INFO] Auditing path $.jmxProxy.startupProbe.failureThreshold
[INFO] Auditing path $.jmxProxy.startupProbe.initialDelaySeconds
[INFO] Auditing path $.jmxProxy.startupProbe.periodSeconds
[INFO] Auditing path $.jmxProxy.startupProbe.successThreshold
[INFO] Auditing path $.jmxProxy.startupProbe.timeoutSeconds
[INFO] Auditing path $.jmxProxy
[INFO] Auditing path $.jvm.extraOpts
[INFO] Auditing path $.jvm.maxHeapSize
[INFO] Auditing path $.jvm.newHeapSize
[INFO] Auditing path $.jvm
[INFO] Auditing path $.kubeVersion
[INFO] Auditing path $.lifecycleHooks
[INFO] Auditing path $.livenessProbe.enabled
[INFO] Auditing path $.livenessProbe.failureThreshold
[INFO] Auditing path $.livenessProbe.initialDelaySeconds
[INFO] Auditing path $.livenessProbe.periodSeconds
[INFO] Auditing path $.livenessProbe.successThreshold
[INFO] Auditing path $.livenessProbe.timeoutSeconds
[INFO] Auditing path $.livenessProbe
[INFO] Auditing path $.metrics.enabled
[INFO] Auditing path $.metrics.podAnnotations
[INFO] Auditing path $.metrics.podAnnotations["prometheus.io/port"]
[INFO] Auditing path $.metrics.podAnnotations["prometheus.io/scrape"]
[INFO] Auditing path $.metrics.serviceMonitor
[INFO] Auditing path $.metrics.serviceMonitor.enabled
[INFO] Auditing path $.metrics.serviceMonitor.honorLabels
[INFO] Auditing path $.metrics.serviceMonitor.interval
[INFO] Auditing path $.metrics.serviceMonitor.jobLabel
[INFO] Auditing path $.metrics.serviceMonitor.labels
[INFO] Auditing path $.metrics.serviceMonitor.metricRelabelings
[INFO] Auditing path $.metrics.serviceMonitor.namespace
[INFO] Auditing path $.metrics.serviceMonitor.relabelings
[INFO] Auditing path $.metrics.serviceMonitor.scrapeTimeout
[INFO] Auditing path $.metrics.serviceMonitor.selector
[INFO] Auditing path $.metrics
[INFO] Auditing path $.nameOverride
[INFO] Auditing path $.nameResolutionThreshold
[INFO] Auditing path $.nameResolutionTimeout
[INFO] Auditing path $.networkPolicy.allowExternal
[INFO] Auditing path $.networkPolicy.allowExternalEgress
[INFO] Auditing path $.networkPolicy.enabled
[INFO] Auditing path $.networkPolicy.extraEgress
[INFO] Auditing path $.networkPolicy.extraIngress
[INFO] Auditing path $.networkPolicy.ingressNSMatchLabels
[INFO] Auditing path $.networkPolicy.ingressNSMatchLabels[*]
[INFO] Auditing path $.networkPolicy.ingressNSPodMatchLabels
[INFO] Auditing path $.networkPolicy.ingressNSPodMatchLabels[*]
[INFO] Auditing path $.networkPolicy
[INFO] Auditing path $.nodeAffinityPreset.key
[INFO] Auditing path $.nodeAffinityPreset.type
[INFO] Auditing path $.nodeAffinityPreset.values
[INFO] Auditing path $.nodeAffinityPreset
[INFO] Auditing path $.nodeSelector
[INFO] Auditing path $.pdb.create
[INFO] Auditing path $.pdb.maxUnavailable
[INFO] Auditing path $.pdb.minAvailable
[INFO] Auditing path $.pdb
[INFO] Auditing path $.persistence.accessModes
[INFO] Auditing path $.persistence.annotations
[INFO] Auditing path $.persistence.commitLog
[INFO] Auditing path $.persistence.commitLog.accessModes
[INFO] Auditing path $.persistence.commitLog.annotations
[INFO] Auditing path $.persistence.commitLog.mountPath
[INFO] Auditing path $.persistence.commitLog.size
[INFO] Auditing path $.persistence.commitLog.storageClass
[INFO] Auditing path $.persistence.commitStorageClass
[INFO] Auditing path $.persistence.enabled
[INFO] Auditing path $.persistence.existingClaim
[INFO] Auditing path $.persistence.mountPath
[INFO] Auditing path $.persistence.size
[INFO] Auditing path $.persistence.storageClass
[INFO] Auditing path $.persistence
[INFO] Auditing path $.podAffinityPreset
[INFO] Auditing path $.podAnnotations
[INFO] Auditing path $.podAntiAffinityPreset
[INFO] Auditing path $.podLabels
[INFO] Auditing path $.podManagementPolicy
[INFO] Auditing path $.podSecurityContext.enabled
[INFO] Auditing path $.podSecurityContext.fsGroup
[INFO] Auditing path $.podSecurityContext.fsGroupChangePolicy
[INFO] Auditing path $.podSecurityContext.supplementalGroups
[INFO] Auditing path $.podSecurityContext.sysctls
[INFO] Auditing path $.podSecurityContext
[INFO] Auditing path $.priorityClassName
[INFO] Auditing path $.readinessProbe.enabled
[INFO] Auditing path $.readinessProbe.failureThreshold
[INFO] Auditing path $.readinessProbe.initialDelaySeconds
[INFO] Auditing path $.readinessProbe.periodSeconds
[INFO] Auditing path $.readinessProbe.successThreshold
[INFO] Auditing path $.readinessProbe.timeoutSeconds
[INFO] Auditing path $.readinessProbe
[INFO] Auditing path $.replicaCount
[INFO] Auditing path $.resources
[INFO] Auditing path $.resourcesPreset
[INFO] Auditing path $.schedulerName
[INFO] Auditing path $.service.annotations
[INFO] Auditing path $.service.clusterIP
[INFO] Auditing path $.service.externalTrafficPolicy
[INFO] Auditing path $.service.extraPorts
[INFO] Auditing path $.service.headless
[INFO] Auditing path $.service.headless.annotations
[INFO] Auditing path $.service.internal
[INFO] Auditing path $.service.internal.annotations
[INFO] Auditing path $.service.internal.enabled
[INFO] Auditing path $.service.internal.extraPorts
[INFO] Auditing path $.service.internal.labels
[INFO] Auditing path $.service.loadBalancerIP
[INFO] Auditing path $.service.loadBalancerSourceRanges
[INFO] Auditing path $.service.nodePorts
[INFO] Auditing path $.service.nodePorts.cql
[INFO] Auditing path $.service.nodePorts.cqlShard
[INFO] Auditing path $.service.nodePorts.metrics
[INFO] Auditing path $.service.ports
[INFO] Auditing path $.service.ports.cql
[INFO] Auditing path $.service.ports.cqlShard
[INFO] Auditing path $.service.ports.metrics
[INFO] Auditing path $.service.sessionAffinity
[INFO] Auditing path $.service.sessionAffinityConfig
[INFO] Auditing path $.service.type
[INFO] Auditing path $.service
[INFO] Auditing path $.serviceAccount.annotations
[INFO] Auditing path $.serviceAccount.automountServiceAccountToken
[INFO] Auditing path $.serviceAccount.create
[INFO] Auditing path $.serviceAccount.name
[INFO] Auditing path $.serviceAccount
[INFO] Auditing path $.sidecars
[INFO] Auditing path $.startupProbe.enabled
[INFO] Auditing path $.startupProbe.failureThreshold
[INFO] Auditing path $.startupProbe.initialDelaySeconds
[INFO] Auditing path $.startupProbe.periodSeconds
[INFO] Auditing path $.startupProbe.successThreshold
[INFO] Auditing path $.startupProbe.timeoutSeconds
[INFO] Auditing path $.startupProbe
[INFO] Auditing path $.statefulsetAnnotations
[INFO] Auditing path $.statefulsetLabels
[INFO] Auditing path $.sysctl.enabled
[INFO] Auditing path $.sysctl.image
[INFO] Auditing path $.sysctl.image.digest
[INFO] Auditing path $.sysctl.image.pullPolicy
[INFO] Auditing path $.sysctl.image.pullSecrets
[INFO] Auditing path $.sysctl.image.registry
[INFO] Auditing path $.sysctl.image.repository
[INFO] Auditing path $.sysctl.image.tag
[INFO] Auditing path $.sysctl.resources
[INFO] Auditing path $.sysctl.resourcesPreset
[INFO] Auditing path $.sysctl.sysctls
[INFO] Auditing path $.sysctl.sysctls[*]
[INFO] Auditing path $.sysctl.sysctls["fs.aio-max-nr"]
[INFO] Auditing path $.sysctl
[INFO] Auditing path $.terminationGracePeriodSeconds
[INFO] Auditing path $.tls.autoGenerated
[INFO] Auditing path $.tls.autoGenerated.certManager
[INFO] Auditing path $.tls.autoGenerated.certManager.duration
[INFO] Auditing path $.tls.autoGenerated.certManager.existingIssuer
[INFO] Auditing path $.tls.autoGenerated.certManager.existingIssuerKind
[INFO] Auditing path $.tls.autoGenerated.certManager.keyAlgorithm
[INFO] Auditing path $.tls.autoGenerated.certManager.keySize
[INFO] Auditing path $.tls.autoGenerated.certManager.renewBefore
[INFO] Auditing path $.tls.autoGenerated.enabled
[INFO] Auditing path $.tls.autoGenerated.engine
[INFO] Auditing path $.tls.certCAFilename
[INFO] Auditing path $.tls.certFilename
[INFO] Auditing path $.tls.certKeyFilename
[INFO] Auditing path $.tls.clientEncryption
[INFO] Auditing path $.tls.existingCASecret
[INFO] Auditing path $.tls.existingSecret
[INFO] Auditing path $.tls.internodeEncryption
[INFO] Auditing path $.tls
[INFO] Auditing path $.tolerations
[INFO] Auditing path $.topologySpreadConstraints
[INFO] Auditing path $.updateStrategy.type
[INFO] Auditing path $.updateStrategy
[INFO] Auditing path $.usePasswordFiles
[INFO] Auditing path $.volumePermissions.enabled
[INFO] Auditing path $.volumePermissions.image
[INFO] Auditing path $.volumePermissions.image.digest
[INFO] Auditing path $.volumePermissions.image.pullPolicy
[INFO] Auditing path $.volumePermissions.image.pullSecrets
[INFO] Auditing path $.volumePermissions.image.registry
[INFO] Auditing path $.volumePermissions.image.repository
[INFO] Auditing path $.volumePermissions.image.tag
[INFO] Auditing path $.volumePermissions.resources
[INFO] Auditing path $.volumePermissions.resourcesPreset
[INFO] Auditing path $.volumePermissions.securityContext
[INFO] Auditing path $.volumePermissions.securityContext.runAsUser
[INFO] Auditing path $.volumePermissions.securityContext.seLinuxOptions
[INFO] Auditing path $.volumePermissions
