[INFO] Auditing path $.clusterDomain
[INFO] Auditing path $.commonAnnotations
[INFO] Auditing path $.commonLabels
[INFO] Auditing path $.compactor.affinity
[INFO] Auditing path $.compactor.args
[INFO] Auditing path $.compactor.automountServiceAccountToken
[INFO] Auditing path $.compactor.command
[INFO] Auditing path $.compactor.containerSecurityContext
[INFO] Auditing path $.compactor.containerSecurityContext.allowPrivilegeEscalation
[INFO] Auditing path $.compactor.containerSecurityContext.capabilities
[INFO] Auditing path $.compactor.containerSecurityContext.capabilities.drop
[INFO] Auditing path $.compactor.containerSecurityContext.enabled
[INFO] Auditing path $.compactor.containerSecurityContext.privileged
[INFO] Auditing path $.compactor.containerSecurityContext.readOnlyRootFilesystem
[INFO] Auditing path $.compactor.containerSecurityContext.runAsGroup
[INFO] Auditing path $.compactor.containerSecurityContext.runAsNonRoot
[INFO] Auditing path $.compactor.containerSecurityContext.runAsUser
[INFO] Auditing path $.compactor.containerSecurityContext.seLinuxOptions
[INFO] Auditing path $.compactor.containerSecurityContext.seccompProfile
[INFO] Auditing path $.compactor.containerSecurityContext.seccompProfile.type
[INFO] Auditing path $.compactor.customLivenessProbe
[INFO] Auditing path $.compactor.customReadinessProbe
[INFO] Auditing path $.compactor.customStartupProbe
[INFO] Auditing path $.compactor.enableServiceLinks
[INFO] Auditing path $.compactor.enabled
[INFO] Auditing path $.compactor.extraEnvVars
[INFO] Auditing path $.compactor.extraEnvVarsCM
[INFO] Auditing path $.compactor.extraEnvVarsSecret
[INFO] Auditing path $.compactor.extraVolumeMounts
[INFO] Auditing path $.compactor.extraVolumes
[INFO] Auditing path $.compactor.hostAliases
[INFO] Auditing path $.compactor.initContainers
[INFO] Auditing path $.compactor.lifecycleHooks
[INFO] Auditing path $.compactor.livenessProbe
[INFO] Auditing path $.compactor.livenessProbe.enabled
[INFO] Auditing path $.compactor.livenessProbe.failureThreshold
[INFO] Auditing path $.compactor.livenessProbe.initialDelaySeconds
[INFO] Auditing path $.compactor.livenessProbe.periodSeconds
[INFO] Auditing path $.compactor.livenessProbe.successThreshold
[INFO] Auditing path $.compactor.livenessProbe.timeoutSeconds
[INFO] Auditing path $.compactor.networkPolicy
[INFO] Auditing path $.compactor.networkPolicy.addExternalClientAccess
[INFO] Auditing path $.compactor.networkPolicy.allowExternal
[INFO] Auditing path $.compactor.networkPolicy.allowExternalEgress
[INFO] Auditing path $.compactor.networkPolicy.enabled
[INFO] Auditing path $.compactor.networkPolicy.extraEgress
[INFO] Auditing path $.compactor.networkPolicy.extraIngress
[INFO] Auditing path $.compactor.networkPolicy.ingressNSMatchLabels
[INFO] Auditing path $.compactor.networkPolicy.ingressNSPodMatchLabels
[INFO] Auditing path $.compactor.networkPolicy.ingressPodMatchLabels
[INFO] Auditing path $.compactor.nodeAffinityPreset
[INFO] Auditing path $.compactor.nodeAffinityPreset.key
[INFO] Auditing path $.compactor.nodeAffinityPreset.type
[INFO] Auditing path $.compactor.nodeAffinityPreset.values
[INFO] Auditing path $.compactor.nodeSelector
[INFO] Auditing path $.compactor.pdb
[INFO] Auditing path $.compactor.pdb.create
[INFO] Auditing path $.compactor.pdb.maxUnavailable
[INFO] Auditing path $.compactor.pdb.minAvailable
[INFO] Auditing path $.compactor.podAffinityPreset
[INFO] Auditing path $.compactor.podAnnotations
[INFO] Auditing path $.compactor.podAntiAffinityPreset
[INFO] Auditing path $.compactor.podLabels
[INFO] Auditing path $.compactor.podSecurityContext
[INFO] Auditing path $.compactor.podSecurityContext.enabled
[INFO] Auditing path $.compactor.podSecurityContext.fsGroup
[INFO] Auditing path $.compactor.podSecurityContext.fsGroupChangePolicy
[INFO] Auditing path $.compactor.podSecurityContext.supplementalGroups
[INFO] Auditing path $.compactor.podSecurityContext.sysctls
[INFO] Auditing path $.compactor.priorityClassName
[INFO] Auditing path $.compactor.readinessProbe
[INFO] Auditing path $.compactor.readinessProbe.enabled
[INFO] Auditing path $.compactor.readinessProbe.failureThreshold
[INFO] Auditing path $.compactor.readinessProbe.initialDelaySeconds
[INFO] Auditing path $.compactor.readinessProbe.periodSeconds
[INFO] Auditing path $.compactor.readinessProbe.successThreshold
[INFO] Auditing path $.compactor.readinessProbe.timeoutSeconds
[INFO] Auditing path $.compactor.replicaCount
[INFO] Auditing path $.compactor.resources
[INFO] Auditing path $.compactor.resourcesPreset
[INFO] Auditing path $.compactor.schedulerName
[INFO] Auditing path $.compactor.service
[INFO] Auditing path $.compactor.service.annotations
[INFO] Auditing path $.compactor.service.clusterIP
[INFO] Auditing path $.compactor.service.externalTrafficPolicy
[INFO] Auditing path $.compactor.service.extraPorts
[INFO] Auditing path $.compactor.service.loadBalancerIP
[INFO] Auditing path $.compactor.service.loadBalancerSourceRanges
[INFO] Auditing path $.compactor.service.nodePorts
[INFO] Auditing path $.compactor.service.nodePorts.grpc
[INFO] Auditing path $.compactor.service.nodePorts.http
[INFO] Auditing path $.compactor.service.ports
[INFO] Auditing path $.compactor.service.ports.grpc
[INFO] Auditing path $.compactor.service.ports.http
[INFO] Auditing path $.compactor.service.sessionAffinity
[INFO] Auditing path $.compactor.service.sessionAffinityConfig
[INFO] Auditing path $.compactor.service.type
[INFO] Auditing path $.compactor.sidecars
[INFO] Auditing path $.compactor.startupProbe
[INFO] Auditing path $.compactor.startupProbe.enabled
[INFO] Auditing path $.compactor.startupProbe.failureThreshold
[INFO] Auditing path $.compactor.startupProbe.initialDelaySeconds
[INFO] Auditing path $.compactor.startupProbe.periodSeconds
[INFO] Auditing path $.compactor.startupProbe.successThreshold
[INFO] Auditing path $.compactor.startupProbe.timeoutSeconds
[INFO] Auditing path $.compactor.tolerations
[INFO] Auditing path $.compactor.topologySpreadConstraints
[INFO] Auditing path $.compactor.updateStrategy
[INFO] Auditing path $.compactor.updateStrategy.rollingUpdate
[INFO] Auditing path $.compactor.updateStrategy.type
[INFO] Auditing path $.compactor
[INFO] Auditing path $.diagnosticMode.args
[INFO] Auditing path $.diagnosticMode.command
[INFO] Auditing path $.diagnosticMode.enabled
[INFO] Auditing path $.diagnosticMode
[INFO] Auditing path $.distributor.affinity
[INFO] Auditing path $.distributor.args
[INFO] Auditing path $.distributor.automountServiceAccountToken
[INFO] Auditing path $.distributor.command
[INFO] Auditing path $.distributor.containerSecurityContext
[INFO] Auditing path $.distributor.containerSecurityContext.allowPrivilegeEscalation
[INFO] Auditing path $.distributor.containerSecurityContext.capabilities
[INFO] Auditing path $.distributor.containerSecurityContext.capabilities.drop
[INFO] Auditing path $.distributor.containerSecurityContext.enabled
[INFO] Auditing path $.distributor.containerSecurityContext.privileged
[INFO] Auditing path $.distributor.containerSecurityContext.readOnlyRootFilesystem
[INFO] Auditing path $.distributor.containerSecurityContext.runAsGroup
[INFO] Auditing path $.distributor.containerSecurityContext.runAsNonRoot
[INFO] Auditing path $.distributor.containerSecurityContext.runAsUser
[INFO] Auditing path $.distributor.containerSecurityContext.seLinuxOptions
[INFO] Auditing path $.distributor.containerSecurityContext.seccompProfile
[INFO] Auditing path $.distributor.containerSecurityContext.seccompProfile.type
[INFO] Auditing path $.distributor.customLivenessProbe
[INFO] Auditing path $.distributor.customReadinessProbe
[INFO] Auditing path $.distributor.customStartupProbe
[INFO] Auditing path $.distributor.enableServiceLinks
[INFO] Auditing path $.distributor.extraEnvVars
[INFO] Auditing path $.distributor.extraEnvVarsCM
[INFO] Auditing path $.distributor.extraEnvVarsSecret
[INFO] Auditing path $.distributor.extraVolumeMounts
[INFO] Auditing path $.distributor.extraVolumes
[INFO] Auditing path $.distributor.hostAliases
[INFO] Auditing path $.distributor.initContainers
[INFO] Auditing path $.distributor.lifecycleHooks
[INFO] Auditing path $.distributor.livenessProbe
[INFO] Auditing path $.distributor.livenessProbe.enabled
[INFO] Auditing path $.distributor.livenessProbe.failureThreshold
[INFO] Auditing path $.distributor.livenessProbe.initialDelaySeconds
[INFO] Auditing path $.distributor.livenessProbe.periodSeconds
[INFO] Auditing path $.distributor.livenessProbe.successThreshold
[INFO] Auditing path $.distributor.livenessProbe.timeoutSeconds
[INFO] Auditing path $.distributor.networkPolicy
[INFO] Auditing path $.distributor.networkPolicy.addExternalClientAccess
[INFO] Auditing path $.distributor.networkPolicy.allowExternal
[INFO] Auditing path $.distributor.networkPolicy.allowExternalEgress
[INFO] Auditing path $.distributor.networkPolicy.enabled
[INFO] Auditing path $.distributor.networkPolicy.extraEgress
[INFO] Auditing path $.distributor.networkPolicy.extraIngress
[INFO] Auditing path $.distributor.networkPolicy.ingressNSMatchLabels
[INFO] Auditing path $.distributor.networkPolicy.ingressNSPodMatchLabels
[INFO] Auditing path $.distributor.networkPolicy.ingressPodMatchLabels
[INFO] Auditing path $.distributor.nodeAffinityPreset
[INFO] Auditing path $.distributor.nodeAffinityPreset.key
[INFO] Auditing path $.distributor.nodeAffinityPreset.type
[INFO] Auditing path $.distributor.nodeAffinityPreset.values
[INFO] Auditing path $.distributor.nodeSelector
[INFO] Auditing path $.distributor.pdb
[INFO] Auditing path $.distributor.pdb.create
[INFO] Auditing path $.distributor.pdb.maxUnavailable
[INFO] Auditing path $.distributor.pdb.minAvailable
[INFO] Auditing path $.distributor.podAffinityPreset
[INFO] Auditing path $.distributor.podAnnotations
[INFO] Auditing path $.distributor.podAntiAffinityPreset
[INFO] Auditing path $.distributor.podLabels
[INFO] Auditing path $.distributor.podSecurityContext
[INFO] Auditing path $.distributor.podSecurityContext.enabled
[INFO] Auditing path $.distributor.podSecurityContext.fsGroup
[INFO] Auditing path $.distributor.podSecurityContext.fsGroupChangePolicy
[INFO] Auditing path $.distributor.podSecurityContext.supplementalGroups
[INFO] Auditing path $.distributor.podSecurityContext.sysctls
[INFO] Auditing path $.distributor.priorityClassName
[INFO] Auditing path $.distributor.readinessProbe
[INFO] Auditing path $.distributor.readinessProbe.enabled
[INFO] Auditing path $.distributor.readinessProbe.failureThreshold
[INFO] Auditing path $.distributor.readinessProbe.initialDelaySeconds
[INFO] Auditing path $.distributor.readinessProbe.periodSeconds
[INFO] Auditing path $.distributor.readinessProbe.successThreshold
[INFO] Auditing path $.distributor.readinessProbe.timeoutSeconds
[INFO] Auditing path $.distributor.replicaCount
[INFO] Auditing path $.distributor.resources
[INFO] Auditing path $.distributor.resourcesPreset
[INFO] Auditing path $.distributor.schedulerName
[INFO] Auditing path $.distributor.service
[INFO] Auditing path $.distributor.service.annotations
[INFO] Auditing path $.distributor.service.clusterIP
[INFO] Auditing path $.distributor.service.externalTrafficPolicy
[INFO] Auditing path $.distributor.service.extraPorts
[INFO] Auditing path $.distributor.service.loadBalancerIP
[INFO] Auditing path $.distributor.service.loadBalancerSourceRanges
[INFO] Auditing path $.distributor.service.nodePorts
[INFO] Auditing path $.distributor.service.nodePorts.grpc
[INFO] Auditing path $.distributor.service.nodePorts.http
[INFO] Auditing path $.distributor.service.ports
[INFO] Auditing path $.distributor.service.ports.grpc
[INFO] Auditing path $.distributor.service.ports.http
[INFO] Auditing path $.distributor.service.sessionAffinity
[INFO] Auditing path $.distributor.service.sessionAffinityConfig
[INFO] Auditing path $.distributor.service.type
[INFO] Auditing path $.distributor.sidecars
[INFO] Auditing path $.distributor.startupProbe
[INFO] Auditing path $.distributor.startupProbe.enabled
[INFO] Auditing path $.distributor.startupProbe.failureThreshold
[INFO] Auditing path $.distributor.startupProbe.initialDelaySeconds
[INFO] Auditing path $.distributor.startupProbe.periodSeconds
[INFO] Auditing path $.distributor.startupProbe.successThreshold
[INFO] Auditing path $.distributor.startupProbe.timeoutSeconds
[INFO] Auditing path $.distributor.tolerations
[INFO] Auditing path $.distributor.topologySpreadConstraints
[INFO] Auditing path $.distributor.updateStrategy
[INFO] Auditing path $.distributor.updateStrategy.rollingUpdate
[INFO] Auditing path $.distributor.updateStrategy.type
[INFO] Auditing path $.distributor
[INFO] Auditing path $.externalMemcached.host
[INFO] Auditing path $.externalMemcached.port
[INFO] Auditing path $.externalMemcached
[INFO] Auditing path $.extraDeploy[*]
[INFO] Auditing path $.extraDeploy
[INFO] Auditing path $.fullnameOverride
[INFO] Auditing path $.global.compatibility
[INFO] Auditing path $.global.compatibility.openshift
[INFO] Auditing path $.global.compatibility.openshift.adaptSecurityContext
[INFO] Auditing path $.global.defaultStorageClass
[INFO] Auditing path $.global.imagePullSecrets
[INFO] Auditing path $.global.imageRegistry
[INFO] Auditing path $.global.security
[INFO] Auditing path $.global.security.allowInsecureImages
[INFO] Auditing path $.global.storageClass
[INFO] Auditing path $.global
[INFO] Auditing path $.ingester.affinity
[INFO] Auditing path $.ingester.args
[INFO] Auditing path $.ingester.automountServiceAccountToken
[INFO] Auditing path $.ingester.command
[INFO] Auditing path $.ingester.containerSecurityContext
[INFO] Auditing path $.ingester.containerSecurityContext.allowPrivilegeEscalation
[INFO] Auditing path $.ingester.containerSecurityContext.capabilities
[INFO] Auditing path $.ingester.containerSecurityContext.capabilities.drop
[INFO] Auditing path $.ingester.containerSecurityContext.enabled
[INFO] Auditing path $.ingester.containerSecurityContext.privileged
[INFO] Auditing path $.ingester.containerSecurityContext.readOnlyRootFilesystem
[INFO] Auditing path $.ingester.containerSecurityContext.runAsGroup
[INFO] Auditing path $.ingester.containerSecurityContext.runAsNonRoot
[INFO] Auditing path $.ingester.containerSecurityContext.runAsUser
[INFO] Auditing path $.ingester.containerSecurityContext.seLinuxOptions
[INFO] Auditing path $.ingester.containerSecurityContext.seccompProfile
[INFO] Auditing path $.ingester.containerSecurityContext.seccompProfile.type
[INFO] Auditing path $.ingester.customLivenessProbe
[INFO] Auditing path $.ingester.customReadinessProbe
[INFO] Auditing path $.ingester.customStartupProbe
[INFO] Auditing path $.ingester.enableServiceLinks
[INFO] Auditing path $.ingester.extraEnvVars
[INFO] Auditing path $.ingester.extraEnvVarsCM
[INFO] Auditing path $.ingester.extraEnvVarsSecret
[INFO] Auditing path $.ingester.extraVolumeMounts
[INFO] Auditing path $.ingester.extraVolumes
[INFO] Auditing path $.ingester.hostAliases
[INFO] Auditing path $.ingester.initContainers
[INFO] Auditing path $.ingester.lifecycleHooks
[INFO] Auditing path $.ingester.livenessProbe
[INFO] Auditing path $.ingester.livenessProbe.enabled
[INFO] Auditing path $.ingester.livenessProbe.failureThreshold
[INFO] Auditing path $.ingester.livenessProbe.initialDelaySeconds
[INFO] Auditing path $.ingester.livenessProbe.periodSeconds
[INFO] Auditing path $.ingester.livenessProbe.successThreshold
[INFO] Auditing path $.ingester.livenessProbe.timeoutSeconds
[INFO] Auditing path $.ingester.networkPolicy
[INFO] Auditing path $.ingester.networkPolicy.addExternalClientAccess
[INFO] Auditing path $.ingester.networkPolicy.allowExternal
[INFO] Auditing path $.ingester.networkPolicy.allowExternalEgress
[INFO] Auditing path $.ingester.networkPolicy.enabled
[INFO] Auditing path $.ingester.networkPolicy.extraEgress
[INFO] Auditing path $.ingester.networkPolicy.extraIngress
[INFO] Auditing path $.ingester.networkPolicy.ingressNSMatchLabels
[INFO] Auditing path $.ingester.networkPolicy.ingressNSPodMatchLabels
[INFO] Auditing path $.ingester.networkPolicy.ingressPodMatchLabels
[INFO] Auditing path $.ingester.nodeAffinityPreset
[INFO] Auditing path $.ingester.nodeAffinityPreset.key
[INFO] Auditing path $.ingester.nodeAffinityPreset.type
[INFO] Auditing path $.ingester.nodeAffinityPreset.values
[INFO] Auditing path $.ingester.nodeSelector
[INFO] Auditing path $.ingester.pdb
[INFO] Auditing path $.ingester.pdb.create
[INFO] Auditing path $.ingester.pdb.maxUnavailable
[INFO] Auditing path $.ingester.pdb.minAvailable
[INFO] Auditing path $.ingester.persistence
[INFO] Auditing path $.ingester.persistence.accessModes
[INFO] Auditing path $.ingester.persistence.annotations
[INFO] Auditing path $.ingester.persistence.enabled
[INFO] Auditing path $.ingester.persistence.existingClaim
[INFO] Auditing path $.ingester.persistence.selector
[INFO] Auditing path $.ingester.persistence.size
[INFO] Auditing path $.ingester.persistence.storageClass
[INFO] Auditing path $.ingester.persistence.subPath
[INFO] Auditing path $.ingester.podAffinityPreset
[INFO] Auditing path $.ingester.podAnnotations
[INFO] Auditing path $.ingester.podAntiAffinityPreset
[INFO] Auditing path $.ingester.podLabels
[INFO] Auditing path $.ingester.podSecurityContext
[INFO] Auditing path $.ingester.podSecurityContext.enabled
[INFO] Auditing path $.ingester.podSecurityContext.fsGroup
[INFO] Auditing path $.ingester.podSecurityContext.fsGroupChangePolicy
[INFO] Auditing path $.ingester.podSecurityContext.supplementalGroups
[INFO] Auditing path $.ingester.podSecurityContext.sysctls
[INFO] Auditing path $.ingester.priorityClassName
[INFO] Auditing path $.ingester.readinessProbe
[INFO] Auditing path $.ingester.readinessProbe.enabled
[INFO] Auditing path $.ingester.readinessProbe.failureThreshold
[INFO] Auditing path $.ingester.readinessProbe.initialDelaySeconds
[INFO] Auditing path $.ingester.readinessProbe.periodSeconds
[INFO] Auditing path $.ingester.readinessProbe.successThreshold
[INFO] Auditing path $.ingester.readinessProbe.timeoutSeconds
[INFO] Auditing path $.ingester.replicaCount
[INFO] Auditing path $.ingester.resources
[INFO] Auditing path $.ingester.resourcesPreset
[INFO] Auditing path $.ingester.schedulerName
[INFO] Auditing path $.ingester.service
[INFO] Auditing path $.ingester.service.annotations
[INFO] Auditing path $.ingester.service.clusterIP
[INFO] Auditing path $.ingester.service.externalTrafficPolicy
[INFO] Auditing path $.ingester.service.extraPorts
[INFO] Auditing path $.ingester.service.loadBalancerIP
[INFO] Auditing path $.ingester.service.loadBalancerSourceRanges
[INFO] Auditing path $.ingester.service.nodePorts
[INFO] Auditing path $.ingester.service.nodePorts.grpc
[INFO] Auditing path $.ingester.service.nodePorts.http
[INFO] Auditing path $.ingester.service.ports
[INFO] Auditing path $.ingester.service.ports.grpc
[INFO] Auditing path $.ingester.service.ports.http
[INFO] Auditing path $.ingester.service.sessionAffinity
[INFO] Auditing path $.ingester.service.sessionAffinityConfig
[INFO] Auditing path $.ingester.service.type
[INFO] Auditing path $.ingester.sidecars
[INFO] Auditing path $.ingester.startupProbe
[INFO] Auditing path $.ingester.startupProbe.enabled
[INFO] Auditing path $.ingester.startupProbe.failureThreshold
[INFO] Auditing path $.ingester.startupProbe.initialDelaySeconds
[INFO] Auditing path $.ingester.startupProbe.periodSeconds
[INFO] Auditing path $.ingester.startupProbe.successThreshold
[INFO] Auditing path $.ingester.startupProbe.timeoutSeconds
[INFO] Auditing path $.ingester.tolerations
[INFO] Auditing path $.ingester.topologySpreadConstraints
[INFO] Auditing path $.ingester.updateStrategy
[INFO] Auditing path $.ingester.updateStrategy.rollingUpdate
[INFO] Auditing path $.ingester.updateStrategy.type
[INFO] Auditing path $.ingester
[INFO] Auditing path $.kubeVersion
[INFO] Auditing path $.memcached.auth
[INFO] Auditing path $.memcached.auth.enabled
[INFO] Auditing path $.memcached.auth.password
[INFO] Auditing path $.memcached.auth.username
[INFO] Auditing path $.memcached.containerPorts.memcached
[INFO] Auditing path $.memcached.enabled
[INFO] Auditing path $.memcached.resources
[INFO] Auditing path $.memcached.resourcesPreset
[INFO] Auditing path $.memcached.service
[INFO] Auditing path $.memcached.service.ports
[INFO] Auditing path $.memcached.service.ports.memcached
[INFO] Auditing path $.memcached
[INFO] Auditing path $.metrics.enabled
[INFO] Auditing path $.metrics.serviceMonitor
[INFO] Auditing path $.metrics.serviceMonitor.enabled
[INFO] Auditing path $.metrics.serviceMonitor.honorLabels
[INFO] Auditing path $.metrics.serviceMonitor.interval
[INFO] Auditing path $.metrics.serviceMonitor.jobLabel
[INFO] Auditing path $.metrics.serviceMonitor.labels
[INFO] Auditing path $.metrics.serviceMonitor.metricRelabelings
[INFO] Auditing path $.metrics.serviceMonitor.namespace
[INFO] Auditing path $.metrics.serviceMonitor.relabelings
[INFO] Auditing path $.metrics.serviceMonitor.scrapeTimeout
[INFO] Auditing path $.metrics.serviceMonitor.selector
[INFO] Auditing path $.metrics
[INFO] Auditing path $.metricsGenerator.affinity
[INFO] Auditing path $.metricsGenerator.args
[INFO] Auditing path $.metricsGenerator.automountServiceAccountToken
[INFO] Auditing path $.metricsGenerator.command
[INFO] Auditing path $.metricsGenerator.containerSecurityContext
[INFO] Auditing path $.metricsGenerator.containerSecurityContext.allowPrivilegeEscalation
[INFO] Auditing path $.metricsGenerator.containerSecurityContext.capabilities
[INFO] Auditing path $.metricsGenerator.containerSecurityContext.capabilities.drop
[INFO] Auditing path $.metricsGenerator.containerSecurityContext.enabled
[INFO] Auditing path $.metricsGenerator.containerSecurityContext.privileged
[INFO] Auditing path $.metricsGenerator.containerSecurityContext.readOnlyRootFilesystem
[INFO] Auditing path $.metricsGenerator.containerSecurityContext.runAsGroup
[INFO] Auditing path $.metricsGenerator.containerSecurityContext.runAsNonRoot
[INFO] Auditing path $.metricsGenerator.containerSecurityContext.runAsUser
[INFO] Auditing path $.metricsGenerator.containerSecurityContext.seLinuxOptions
[INFO] Auditing path $.metricsGenerator.containerSecurityContext.seccompProfile
[INFO] Auditing path $.metricsGenerator.containerSecurityContext.seccompProfile.type
[INFO] Auditing path $.metricsGenerator.customLivenessProbe
[INFO] Auditing path $.metricsGenerator.customReadinessProbe
[INFO] Auditing path $.metricsGenerator.customStartupProbe
[INFO] Auditing path $.metricsGenerator.enableServiceLinks
[INFO] Auditing path $.metricsGenerator.extraEnvVars
[INFO] Auditing path $.metricsGenerator.extraEnvVarsCM
[INFO] Auditing path $.metricsGenerator.extraEnvVarsSecret
[INFO] Auditing path $.metricsGenerator.extraVolumeMounts
[INFO] Auditing path $.metricsGenerator.extraVolumes
[INFO] Auditing path $.metricsGenerator.hostAliases
[INFO] Auditing path $.metricsGenerator.initContainers
[INFO] Auditing path $.metricsGenerator.lifecycleHooks
[INFO] Auditing path $.metricsGenerator.livenessProbe
[INFO] Auditing path $.metricsGenerator.livenessProbe.enabled
[INFO] Auditing path $.metricsGenerator.livenessProbe.failureThreshold
[INFO] Auditing path $.metricsGenerator.livenessProbe.initialDelaySeconds
[INFO] Auditing path $.metricsGenerator.livenessProbe.periodSeconds
[INFO] Auditing path $.metricsGenerator.livenessProbe.successThreshold
[INFO] Auditing path $.metricsGenerator.livenessProbe.timeoutSeconds
[INFO] Auditing path $.metricsGenerator.networkPolicy
[INFO] Auditing path $.metricsGenerator.networkPolicy.addExternalClientAccess
[INFO] Auditing path $.metricsGenerator.networkPolicy.allowExternal
[INFO] Auditing path $.metricsGenerator.networkPolicy.allowExternalEgress
[INFO] Auditing path $.metricsGenerator.networkPolicy.enabled
[INFO] Auditing path $.metricsGenerator.networkPolicy.extraEgress
[INFO] Auditing path $.metricsGenerator.networkPolicy.extraIngress
[INFO] Auditing path $.metricsGenerator.networkPolicy.ingressNSMatchLabels
[INFO] Auditing path $.metricsGenerator.networkPolicy.ingressNSPodMatchLabels
[INFO] Auditing path $.metricsGenerator.networkPolicy.ingressPodMatchLabels
[INFO] Auditing path $.metricsGenerator.nodeAffinityPreset
[INFO] Auditing path $.metricsGenerator.nodeAffinityPreset.key
[INFO] Auditing path $.metricsGenerator.nodeAffinityPreset.type
[INFO] Auditing path $.metricsGenerator.nodeAffinityPreset.values
[INFO] Auditing path $.metricsGenerator.nodeSelector
[INFO] Auditing path $.metricsGenerator.pdb
[INFO] Auditing path $.metricsGenerator.pdb.create
[INFO] Auditing path $.metricsGenerator.pdb.maxUnavailable
[INFO] Auditing path $.metricsGenerator.pdb.minAvailable
[INFO] Auditing path $.metricsGenerator.persistence
[INFO] Auditing path $.metricsGenerator.persistence.accessModes
[INFO] Auditing path $.metricsGenerator.persistence.annotations
[INFO] Auditing path $.metricsGenerator.persistence.enabled
[INFO] Auditing path $.metricsGenerator.persistence.existingClaim
[INFO] Auditing path $.metricsGenerator.persistence.selector
[INFO] Auditing path $.metricsGenerator.persistence.size
[INFO] Auditing path $.metricsGenerator.persistence.storageClass
[INFO] Auditing path $.metricsGenerator.persistence.subPath
[INFO] Auditing path $.metricsGenerator.podAffinityPreset
[INFO] Auditing path $.metricsGenerator.podAnnotations
[INFO] Auditing path $.metricsGenerator.podAntiAffinityPreset
[INFO] Auditing path $.metricsGenerator.podLabels
[INFO] Auditing path $.metricsGenerator.podSecurityContext
[INFO] Auditing path $.metricsGenerator.podSecurityContext.enabled
[INFO] Auditing path $.metricsGenerator.podSecurityContext.fsGroup
[INFO] Auditing path $.metricsGenerator.podSecurityContext.fsGroupChangePolicy
[INFO] Auditing path $.metricsGenerator.podSecurityContext.supplementalGroups
[INFO] Auditing path $.metricsGenerator.podSecurityContext.sysctls
[INFO] Auditing path $.metricsGenerator.priorityClassName
[INFO] Auditing path $.metricsGenerator.readinessProbe
[INFO] Auditing path $.metricsGenerator.readinessProbe.enabled
[INFO] Auditing path $.metricsGenerator.readinessProbe.failureThreshold
[INFO] Auditing path $.metricsGenerator.readinessProbe.initialDelaySeconds
[INFO] Auditing path $.metricsGenerator.readinessProbe.periodSeconds
[INFO] Auditing path $.metricsGenerator.readinessProbe.successThreshold
[INFO] Auditing path $.metricsGenerator.readinessProbe.timeoutSeconds
[INFO] Auditing path $.metricsGenerator.remoteWrite
[INFO] Auditing path $.metricsGenerator.replicaCount
[INFO] Auditing path $.metricsGenerator.resources
[INFO] Auditing path $.metricsGenerator.resourcesPreset
[INFO] Auditing path $.metricsGenerator.schedulerName
[INFO] Auditing path $.metricsGenerator.service
[INFO] Auditing path $.metricsGenerator.service.annotations
[INFO] Auditing path $.metricsGenerator.service.clusterIP
[INFO] Auditing path $.metricsGenerator.service.externalTrafficPolicy
[INFO] Auditing path $.metricsGenerator.service.extraPorts
[INFO] Auditing path $.metricsGenerator.service.loadBalancerIP
[INFO] Auditing path $.metricsGenerator.service.loadBalancerSourceRanges
[INFO] Auditing path $.metricsGenerator.service.nodePorts
[INFO] Auditing path $.metricsGenerator.service.nodePorts.grpc
[INFO] Auditing path $.metricsGenerator.service.nodePorts.http
[INFO] Auditing path $.metricsGenerator.service.ports
[INFO] Auditing path $.metricsGenerator.service.ports.grpc
[INFO] Auditing path $.metricsGenerator.service.ports.http
[INFO] Auditing path $.metricsGenerator.service.sessionAffinity
[INFO] Auditing path $.metricsGenerator.service.type
[INFO] Auditing path $.metricsGenerator.sidecars
[INFO] Auditing path $.metricsGenerator.startupProbe
[INFO] Auditing path $.metricsGenerator.startupProbe.enabled
[INFO] Auditing path $.metricsGenerator.startupProbe.failureThreshold
[INFO] Auditing path $.metricsGenerator.startupProbe.initialDelaySeconds
[INFO] Auditing path $.metricsGenerator.startupProbe.periodSeconds
[INFO] Auditing path $.metricsGenerator.startupProbe.successThreshold
[INFO] Auditing path $.metricsGenerator.startupProbe.timeoutSeconds
[INFO] Auditing path $.metricsGenerator.tolerations
[INFO] Auditing path $.metricsGenerator.topologySpreadConstraints
[INFO] Auditing path $.metricsGenerator.updateStrategy
[INFO] Auditing path $.metricsGenerator.updateStrategy.rollingUpdate
[INFO] Auditing path $.metricsGenerator.updateStrategy.type
[INFO] Auditing path $.metricsGenerator
[INFO] Auditing path $.nameOverride
[INFO] Auditing path $.querier.affinity
[INFO] Auditing path $.querier.args
[INFO] Auditing path $.querier.automountServiceAccountToken
[INFO] Auditing path $.querier.command
[INFO] Auditing path $.querier.containerSecurityContext
[INFO] Auditing path $.querier.containerSecurityContext.allowPrivilegeEscalation
[INFO] Auditing path $.querier.containerSecurityContext.capabilities
[INFO] Auditing path $.querier.containerSecurityContext.capabilities.drop
[INFO] Auditing path $.querier.containerSecurityContext.enabled
[INFO] Auditing path $.querier.containerSecurityContext.privileged
[INFO] Auditing path $.querier.containerSecurityContext.readOnlyRootFilesystem
[INFO] Auditing path $.querier.containerSecurityContext.runAsGroup
[INFO] Auditing path $.querier.containerSecurityContext.runAsNonRoot
[INFO] Auditing path $.querier.containerSecurityContext.runAsUser
[INFO] Auditing path $.querier.containerSecurityContext.seLinuxOptions
[INFO] Auditing path $.querier.containerSecurityContext.seccompProfile
[INFO] Auditing path $.querier.containerSecurityContext.seccompProfile.type
[INFO] Auditing path $.querier.customLivenessProbe
[INFO] Auditing path $.querier.customReadinessProbe
[INFO] Auditing path $.querier.customStartupProbe
[INFO] Auditing path $.querier.enableServiceLinks
[INFO] Auditing path $.querier.extraEnvVars
[INFO] Auditing path $.querier.extraEnvVarsCM
[INFO] Auditing path $.querier.extraEnvVarsSecret
[INFO] Auditing path $.querier.extraVolumeMounts
[INFO] Auditing path $.querier.extraVolumes
[INFO] Auditing path $.querier.hostAliases
[INFO] Auditing path $.querier.initContainers
[INFO] Auditing path $.querier.lifecycleHooks
[INFO] Auditing path $.querier.livenessProbe
[INFO] Auditing path $.querier.livenessProbe.enabled
[INFO] Auditing path $.querier.livenessProbe.failureThreshold
[INFO] Auditing path $.querier.livenessProbe.initialDelaySeconds
[INFO] Auditing path $.querier.livenessProbe.periodSeconds
[INFO] Auditing path $.querier.livenessProbe.successThreshold
[INFO] Auditing path $.querier.livenessProbe.timeoutSeconds
[INFO] Auditing path $.querier.networkPolicy
[INFO] Auditing path $.querier.networkPolicy.addExternalClientAccess
[INFO] Auditing path $.querier.networkPolicy.allowExternal
[INFO] Auditing path $.querier.networkPolicy.allowExternalEgress
[INFO] Auditing path $.querier.networkPolicy.enabled
[INFO] Auditing path $.querier.networkPolicy.extraEgress
[INFO] Auditing path $.querier.networkPolicy.extraIngress
[INFO] Auditing path $.querier.networkPolicy.ingressNSMatchLabels
[INFO] Auditing path $.querier.networkPolicy.ingressNSPodMatchLabels
[INFO] Auditing path $.querier.networkPolicy.ingressPodMatchLabels
[INFO] Auditing path $.querier.nodeAffinityPreset
[INFO] Auditing path $.querier.nodeAffinityPreset.key
[INFO] Auditing path $.querier.nodeAffinityPreset.type
[INFO] Auditing path $.querier.nodeAffinityPreset.values
[INFO] Auditing path $.querier.nodeSelector
[INFO] Auditing path $.querier.pdb
[INFO] Auditing path $.querier.pdb.create
[INFO] Auditing path $.querier.pdb.maxUnavailable
[INFO] Auditing path $.querier.pdb.minAvailable
[INFO] Auditing path $.querier.podAffinityPreset
[INFO] Auditing path $.querier.podAnnotations
[INFO] Auditing path $.querier.podAntiAffinityPreset
[INFO] Auditing path $.querier.podLabels
[INFO] Auditing path $.querier.podSecurityContext
[INFO] Auditing path $.querier.podSecurityContext.enabled
[INFO] Auditing path $.querier.podSecurityContext.fsGroup
[INFO] Auditing path $.querier.podSecurityContext.fsGroupChangePolicy
[INFO] Auditing path $.querier.podSecurityContext.supplementalGroups
[INFO] Auditing path $.querier.podSecurityContext.sysctls
[INFO] Auditing path $.querier.priorityClassName
[INFO] Auditing path $.querier.readinessProbe
[INFO] Auditing path $.querier.readinessProbe.enabled
[INFO] Auditing path $.querier.readinessProbe.failureThreshold
[INFO] Auditing path $.querier.readinessProbe.initialDelaySeconds
[INFO] Auditing path $.querier.readinessProbe.periodSeconds
[INFO] Auditing path $.querier.readinessProbe.successThreshold
[INFO] Auditing path $.querier.readinessProbe.timeoutSeconds
[INFO] Auditing path $.querier.replicaCount
[INFO] Auditing path $.querier.resources
[INFO] Auditing path $.querier.resourcesPreset
[INFO] Auditing path $.querier.schedulerName
[INFO] Auditing path $.querier.service
[INFO] Auditing path $.querier.service.annotations
[INFO] Auditing path $.querier.service.clusterIP
[INFO] Auditing path $.querier.service.externalTrafficPolicy
[INFO] Auditing path $.querier.service.extraPorts
[INFO] Auditing path $.querier.service.loadBalancerIP
[INFO] Auditing path $.querier.service.loadBalancerSourceRanges
[INFO] Auditing path $.querier.service.nodePorts
[INFO] Auditing path $.querier.service.nodePorts.grpc
[INFO] Auditing path $.querier.service.nodePorts.http
[INFO] Auditing path $.querier.service.ports
[INFO] Auditing path $.querier.service.ports.grpc
[INFO] Auditing path $.querier.service.ports.http
[INFO] Auditing path $.querier.service.sessionAffinity
[INFO] Auditing path $.querier.service.sessionAffinityConfig
[INFO] Auditing path $.querier.service.type
[INFO] Auditing path $.querier.sidecars
[INFO] Auditing path $.querier.startupProbe
[INFO] Auditing path $.querier.startupProbe.enabled
[INFO] Auditing path $.querier.startupProbe.failureThreshold
[INFO] Auditing path $.querier.startupProbe.initialDelaySeconds
[INFO] Auditing path $.querier.startupProbe.periodSeconds
[INFO] Auditing path $.querier.startupProbe.successThreshold
[INFO] Auditing path $.querier.startupProbe.timeoutSeconds
[INFO] Auditing path $.querier.tolerations
[INFO] Auditing path $.querier.topologySpreadConstraints
[INFO] Auditing path $.querier.updateStrategy
[INFO] Auditing path $.querier.updateStrategy.rollingUpdate
[INFO] Auditing path $.querier.updateStrategy.type
[INFO] Auditing path $.querier
[INFO] Auditing path $.queryFrontend.affinity
[INFO] Auditing path $.queryFrontend.args
[INFO] Auditing path $.queryFrontend.automountServiceAccountToken
[INFO] Auditing path $.queryFrontend.command
[INFO] Auditing path $.queryFrontend.containerSecurityContext
[INFO] Auditing path $.queryFrontend.containerSecurityContext.allowPrivilegeEscalation
[INFO] Auditing path $.queryFrontend.containerSecurityContext.capabilities
[INFO] Auditing path $.queryFrontend.containerSecurityContext.capabilities.drop
[INFO] Auditing path $.queryFrontend.containerSecurityContext.enabled
[INFO] Auditing path $.queryFrontend.containerSecurityContext.privileged
[INFO] Auditing path $.queryFrontend.containerSecurityContext.readOnlyRootFilesystem
[INFO] Auditing path $.queryFrontend.containerSecurityContext.runAsGroup
[INFO] Auditing path $.queryFrontend.containerSecurityContext.runAsNonRoot
[INFO] Auditing path $.queryFrontend.containerSecurityContext.runAsUser
[INFO] Auditing path $.queryFrontend.containerSecurityContext.seLinuxOptions
[INFO] Auditing path $.queryFrontend.containerSecurityContext.seccompProfile
[INFO] Auditing path $.queryFrontend.containerSecurityContext.seccompProfile.type
[INFO] Auditing path $.queryFrontend.customLivenessProbe
[INFO] Auditing path $.queryFrontend.customReadinessProbe
[INFO] Auditing path $.queryFrontend.customStartupProbe
[INFO] Auditing path $.queryFrontend.enableServiceLinks
[INFO] Auditing path $.queryFrontend.extraEnvVars
[INFO] Auditing path $.queryFrontend.extraEnvVarsCM
[INFO] Auditing path $.queryFrontend.extraEnvVarsSecret
[INFO] Auditing path $.queryFrontend.extraVolumeMounts
[INFO] Auditing path $.queryFrontend.extraVolumes
[INFO] Auditing path $.queryFrontend.hostAliases
[INFO] Auditing path $.queryFrontend.initContainers
[INFO] Auditing path $.queryFrontend.lifecycleHooks
[INFO] Auditing path $.queryFrontend.livenessProbe
[INFO] Auditing path $.queryFrontend.livenessProbe.enabled
[INFO] Auditing path $.queryFrontend.livenessProbe.failureThreshold
[INFO] Auditing path $.queryFrontend.livenessProbe.initialDelaySeconds
[INFO] Auditing path $.queryFrontend.livenessProbe.periodSeconds
[INFO] Auditing path $.queryFrontend.livenessProbe.successThreshold
[INFO] Auditing path $.queryFrontend.livenessProbe.timeoutSeconds
[INFO] Auditing path $.queryFrontend.networkPolicy
[INFO] Auditing path $.queryFrontend.networkPolicy.addExternalClientAccess
[INFO] Auditing path $.queryFrontend.networkPolicy.allowExternal
[INFO] Auditing path $.queryFrontend.networkPolicy.allowExternalEgress
[INFO] Auditing path $.queryFrontend.networkPolicy.enabled
[INFO] Auditing path $.queryFrontend.networkPolicy.extraEgress
[INFO] Auditing path $.queryFrontend.networkPolicy.extraIngress
[INFO] Auditing path $.queryFrontend.networkPolicy.ingressNSMatchLabels
[INFO] Auditing path $.queryFrontend.networkPolicy.ingressNSPodMatchLabels
[INFO] Auditing path $.queryFrontend.networkPolicy.ingressPodMatchLabels
[INFO] Auditing path $.queryFrontend.nodeAffinityPreset
[INFO] Auditing path $.queryFrontend.nodeAffinityPreset.key
[INFO] Auditing path $.queryFrontend.nodeAffinityPreset.type
[INFO] Auditing path $.queryFrontend.nodeAffinityPreset.values
[INFO] Auditing path $.queryFrontend.nodeSelector
[INFO] Auditing path $.queryFrontend.pdb
[INFO] Auditing path $.queryFrontend.pdb.create
[INFO] Auditing path $.queryFrontend.pdb.maxUnavailable
[INFO] Auditing path $.queryFrontend.pdb.minAvailable
[INFO] Auditing path $.queryFrontend.podAffinityPreset
[INFO] Auditing path $.queryFrontend.podAnnotations
[INFO] Auditing path $.queryFrontend.podAntiAffinityPreset
[INFO] Auditing path $.queryFrontend.podLabels
[INFO] Auditing path $.queryFrontend.podSecurityContext
[INFO] Auditing path $.queryFrontend.podSecurityContext.enabled
[INFO] Auditing path $.queryFrontend.podSecurityContext.fsGroup
[INFO] Auditing path $.queryFrontend.podSecurityContext.fsGroupChangePolicy
[INFO] Auditing path $.queryFrontend.podSecurityContext.supplementalGroups
[INFO] Auditing path $.queryFrontend.podSecurityContext.sysctls
[INFO] Auditing path $.queryFrontend.priorityClassName
[INFO] Auditing path $.queryFrontend.query
[INFO] Auditing path $.queryFrontend.query.args
[INFO] Auditing path $.queryFrontend.query.command
[INFO] Auditing path $.queryFrontend.query.configuration
[INFO] Auditing path $.queryFrontend.query.containerPorts
[INFO] Auditing path $.queryFrontend.query.containerPorts.grpcJaeger
[INFO] Auditing path $.queryFrontend.query.containerSecurityContext
[INFO] Auditing path $.queryFrontend.query.containerSecurityContext.allowPrivilegeEscalation
[INFO] Auditing path $.queryFrontend.query.containerSecurityContext.capabilities
[INFO] Auditing path $.queryFrontend.query.containerSecurityContext.capabilities.drop
[INFO] Auditing path $.queryFrontend.query.containerSecurityContext.enabled
[INFO] Auditing path $.queryFrontend.query.containerSecurityContext.privileged
[INFO] Auditing path $.queryFrontend.query.containerSecurityContext.readOnlyRootFilesystem
[INFO] Auditing path $.queryFrontend.query.containerSecurityContext.runAsGroup
[INFO] Auditing path $.queryFrontend.query.containerSecurityContext.runAsNonRoot
[INFO] Auditing path $.queryFrontend.query.containerSecurityContext.runAsUser
[INFO] Auditing path $.queryFrontend.query.containerSecurityContext.seLinuxOptions
[INFO] Auditing path $.queryFrontend.query.containerSecurityContext.seccompProfile
[INFO] Auditing path $.queryFrontend.query.containerSecurityContext.seccompProfile.type
[INFO] Auditing path $.queryFrontend.query.customLivenessProbe
[INFO] Auditing path $.queryFrontend.query.customReadinessProbe
[INFO] Auditing path $.queryFrontend.query.customStartupProbe
[INFO] Auditing path $.queryFrontend.query.enabled
[INFO] Auditing path $.queryFrontend.query.existingConfigmap
[INFO] Auditing path $.queryFrontend.query.extraEnvVars
[INFO] Auditing path $.queryFrontend.query.extraEnvVarsCM
[INFO] Auditing path $.queryFrontend.query.extraEnvVarsSecret
[INFO] Auditing path $.queryFrontend.query.extraVolumeMounts
[INFO] Auditing path $.queryFrontend.query.image
[INFO] Auditing path $.queryFrontend.query.image.digest
[INFO] Auditing path $.queryFrontend.query.image.pullPolicy
[INFO] Auditing path $.queryFrontend.query.image.pullSecrets
[INFO] Auditing path $.queryFrontend.query.image.registry
[INFO] Auditing path $.queryFrontend.query.image.repository
[INFO] Auditing path $.queryFrontend.query.image.tag
[INFO] Auditing path $.queryFrontend.query.lifecycleHooks
[INFO] Auditing path $.queryFrontend.query.livenessProbe
[INFO] Auditing path $.queryFrontend.query.livenessProbe.enabled
[INFO] Auditing path $.queryFrontend.query.livenessProbe.failureThreshold
[INFO] Auditing path $.queryFrontend.query.livenessProbe.initialDelaySeconds
[INFO] Auditing path $.queryFrontend.query.livenessProbe.periodSeconds
[INFO] Auditing path $.queryFrontend.query.livenessProbe.successThreshold
[INFO] Auditing path $.queryFrontend.query.livenessProbe.timeoutSeconds
[INFO] Auditing path $.queryFrontend.query.readinessProbe
[INFO] Auditing path $.queryFrontend.query.readinessProbe.enabled
[INFO] Auditing path $.queryFrontend.query.readinessProbe.failureThreshold
[INFO] Auditing path $.queryFrontend.query.readinessProbe.initialDelaySeconds
[INFO] Auditing path $.queryFrontend.query.readinessProbe.periodSeconds
[INFO] Auditing path $.queryFrontend.query.readinessProbe.successThreshold
[INFO] Auditing path $.queryFrontend.query.readinessProbe.timeoutSeconds
[INFO] Auditing path $.queryFrontend.query.resources
[INFO] Auditing path $.queryFrontend.query.resourcesPreset
[INFO] Auditing path $.queryFrontend.query.startupProbe
[INFO] Auditing path $.queryFrontend.query.startupProbe.enabled
[INFO] Auditing path $.queryFrontend.query.startupProbe.failureThreshold
[INFO] Auditing path $.queryFrontend.query.startupProbe.initialDelaySeconds
[INFO] Auditing path $.queryFrontend.query.startupProbe.periodSeconds
[INFO] Auditing path $.queryFrontend.query.startupProbe.successThreshold
[INFO] Auditing path $.queryFrontend.query.startupProbe.timeoutSeconds
[INFO] Auditing path $.queryFrontend.readinessProbe
[INFO] Auditing path $.queryFrontend.readinessProbe.enabled
[INFO] Auditing path $.queryFrontend.readinessProbe.failureThreshold
[INFO] Auditing path $.queryFrontend.readinessProbe.initialDelaySeconds
[INFO] Auditing path $.queryFrontend.readinessProbe.periodSeconds
[INFO] Auditing path $.queryFrontend.readinessProbe.successThreshold
[INFO] Auditing path $.queryFrontend.readinessProbe.timeoutSeconds
[INFO] Auditing path $.queryFrontend.replicaCount
[INFO] Auditing path $.queryFrontend.resources
[INFO] Auditing path $.queryFrontend.resourcesPreset
[INFO] Auditing path $.queryFrontend.schedulerName
[INFO] Auditing path $.queryFrontend.service
[INFO] Auditing path $.queryFrontend.service.annotations
[INFO] Auditing path $.queryFrontend.service.clusterIP
[INFO] Auditing path $.queryFrontend.service.externalTrafficPolicy
[INFO] Auditing path $.queryFrontend.service.extraPorts
[INFO] Auditing path $.queryFrontend.service.headless
[INFO] Auditing path $.queryFrontend.service.headless.annotations
[INFO] Auditing path $.queryFrontend.service.loadBalancerIP
[INFO] Auditing path $.queryFrontend.service.loadBalancerSourceRanges
[INFO] Auditing path $.queryFrontend.service.nodePorts
[INFO] Auditing path $.queryFrontend.service.nodePorts.grpc
[INFO] Auditing path $.queryFrontend.service.nodePorts.grpcJaeger
[INFO] Auditing path $.queryFrontend.service.nodePorts.http
[INFO] Auditing path $.queryFrontend.service.ports
[INFO] Auditing path $.queryFrontend.service.ports.grpc
[INFO] Auditing path $.queryFrontend.service.ports.grpcJaeger
[INFO] Auditing path $.queryFrontend.service.ports.http
[INFO] Auditing path $.queryFrontend.service.sessionAffinity
[INFO] Auditing path $.queryFrontend.service.sessionAffinityConfig
[INFO] Auditing path $.queryFrontend.service.type
[INFO] Auditing path $.queryFrontend.sidecars
[INFO] Auditing path $.queryFrontend.startupProbe
[INFO] Auditing path $.queryFrontend.startupProbe.enabled
[INFO] Auditing path $.queryFrontend.startupProbe.failureThreshold
[INFO] Auditing path $.queryFrontend.startupProbe.initialDelaySeconds
[INFO] Auditing path $.queryFrontend.startupProbe.periodSeconds
[INFO] Auditing path $.queryFrontend.startupProbe.successThreshold
[INFO] Auditing path $.queryFrontend.startupProbe.timeoutSeconds
[INFO] Auditing path $.queryFrontend.tolerations
[INFO] Auditing path $.queryFrontend.topologySpreadConstraints
[INFO] Auditing path $.queryFrontend.updateStrategy
[INFO] Auditing path $.queryFrontend.updateStrategy.rollingUpdate
[INFO] Auditing path $.queryFrontend.updateStrategy.type
[INFO] Auditing path $.queryFrontend
[INFO] Auditing path $.serviceAccount.annotations
[INFO] Auditing path $.serviceAccount.automountServiceAccountToken
[INFO] Auditing path $.serviceAccount.create
[INFO] Auditing path $.serviceAccount.name
[INFO] Auditing path $.serviceAccount
[INFO] Auditing path $.tempo.configuration
[INFO] Auditing path $.tempo.containerPorts
[INFO] Auditing path $.tempo.containerPorts.gossipRing
[INFO] Auditing path $.tempo.containerPorts.grpc
[INFO] Auditing path $.tempo.containerPorts.web
[INFO] Auditing path $.tempo.dataDir
[INFO] Auditing path $.tempo.existingConfigmap
[INFO] Auditing path $.tempo.existingOverridesConfigmap
[INFO] Auditing path $.tempo.gossipRing
[INFO] Auditing path $.tempo.gossipRing.service
[INFO] Auditing path $.tempo.gossipRing.service.annotations
[INFO] Auditing path $.tempo.gossipRing.service.ports
[INFO] Auditing path $.tempo.gossipRing.service.ports.http
[INFO] Auditing path $.tempo.image
[INFO] Auditing path $.tempo.image.digest
[INFO] Auditing path $.tempo.image.pullPolicy
[INFO] Auditing path $.tempo.image.pullSecrets
[INFO] Auditing path $.tempo.image.registry
[INFO] Auditing path $.tempo.image.repository
[INFO] Auditing path $.tempo.image.tag
[INFO] Auditing path $.tempo.memBallastSizeMbs
[INFO] Auditing path $.tempo.overridesConfiguration
[INFO] Auditing path $.tempo.traces
[INFO] Auditing path $.tempo.traces.jaeger
[INFO] Auditing path $.tempo.traces.jaeger.grpc
[INFO] Auditing path $.tempo.traces.jaeger.thriftBinary
[INFO] Auditing path $.tempo.traces.jaeger.thriftCompact
[INFO] Auditing path $.tempo.traces.jaeger.thriftHttp
[INFO] Auditing path $.tempo.traces.opencensus
[INFO] Auditing path $.tempo.traces.otlp
[INFO] Auditing path $.tempo.traces.otlp.grpc
[INFO] Auditing path $.tempo.traces.otlp.http
[INFO] Auditing path $.tempo.traces.zipkin
[INFO] Auditing path $.tempo
[INFO] Auditing path $.volumePermissions.containerSecurityContext
[INFO] Auditing path $.volumePermissions.containerSecurityContext.runAsUser
[INFO] Auditing path $.volumePermissions.containerSecurityContext.seLinuxOptions
[INFO] Auditing path $.volumePermissions.enabled
[INFO] Auditing path $.volumePermissions.image
[INFO] Auditing path $.volumePermissions.image.digest
[INFO] Auditing path $.volumePermissions.image.pullPolicy
[INFO] Auditing path $.volumePermissions.image.pullSecrets
[INFO] Auditing path $.volumePermissions.image.registry
[INFO] Auditing path $.volumePermissions.image.repository
[INFO] Auditing path $.volumePermissions.image.tag
[INFO] Auditing path $.volumePermissions.resources
[INFO] Auditing path $.volumePermissions.resourcesPreset
[INFO] Auditing path $.volumePermissions
[INFO] Auditing path $.vulture.affinity
[INFO] Auditing path $.vulture.args
[INFO] Auditing path $.vulture.automountServiceAccountToken
[INFO] Auditing path $.vulture.command
[INFO] Auditing path $.vulture.containerPorts
[INFO] Auditing path $.vulture.containerPorts.http
[INFO] Auditing path $.vulture.containerSecurityContext
[INFO] Auditing path $.vulture.containerSecurityContext.allowPrivilegeEscalation
[INFO] Auditing path $.vulture.containerSecurityContext.capabilities
[INFO] Auditing path $.vulture.containerSecurityContext.capabilities.drop
[INFO] Auditing path $.vulture.containerSecurityContext.enabled
[INFO] Auditing path $.vulture.containerSecurityContext.privileged
[INFO] Auditing path $.vulture.containerSecurityContext.readOnlyRootFilesystem
[INFO] Auditing path $.vulture.containerSecurityContext.runAsGroup
[INFO] Auditing path $.vulture.containerSecurityContext.runAsNonRoot
[INFO] Auditing path $.vulture.containerSecurityContext.runAsUser
[INFO] Auditing path $.vulture.containerSecurityContext.seLinuxOptions
[INFO] Auditing path $.vulture.containerSecurityContext.seccompProfile
[INFO] Auditing path $.vulture.containerSecurityContext.seccompProfile.type
[INFO] Auditing path $.vulture.customLivenessProbe
[INFO] Auditing path $.vulture.customReadinessProbe
[INFO] Auditing path $.vulture.customStartupProbe
[INFO] Auditing path $.vulture.enableServiceLinks
[INFO] Auditing path $.vulture.enabled
[INFO] Auditing path $.vulture.extraEnvVars
[INFO] Auditing path $.vulture.extraEnvVarsCM
[INFO] Auditing path $.vulture.extraEnvVarsSecret
[INFO] Auditing path $.vulture.extraVolumeMounts
[INFO] Auditing path $.vulture.extraVolumes
[INFO] Auditing path $.vulture.hostAliases
[INFO] Auditing path $.vulture.image
[INFO] Auditing path $.vulture.image.digest
[INFO] Auditing path $.vulture.image.pullPolicy
[INFO] Auditing path $.vulture.image.pullSecrets
[INFO] Auditing path $.vulture.image.registry
[INFO] Auditing path $.vulture.image.repository
[INFO] Auditing path $.vulture.image.tag
[INFO] Auditing path $.vulture.initContainers
[INFO] Auditing path $.vulture.lifecycleHooks
[INFO] Auditing path $.vulture.livenessProbe
[INFO] Auditing path $.vulture.livenessProbe.enabled
[INFO] Auditing path $.vulture.livenessProbe.failureThreshold
[INFO] Auditing path $.vulture.livenessProbe.initialDelaySeconds
[INFO] Auditing path $.vulture.livenessProbe.periodSeconds
[INFO] Auditing path $.vulture.livenessProbe.successThreshold
[INFO] Auditing path $.vulture.livenessProbe.timeoutSeconds
[INFO] Auditing path $.vulture.networkPolicy
[INFO] Auditing path $.vulture.networkPolicy.addExternalClientAccess
[INFO] Auditing path $.vulture.networkPolicy.allowExternal
[INFO] Auditing path $.vulture.networkPolicy.allowExternalEgress
[INFO] Auditing path $.vulture.networkPolicy.enabled
[INFO] Auditing path $.vulture.networkPolicy.extraEgress
[INFO] Auditing path $.vulture.networkPolicy.extraIngress
[INFO] Auditing path $.vulture.networkPolicy.ingressNSMatchLabels
[INFO] Auditing path $.vulture.networkPolicy.ingressNSPodMatchLabels
[INFO] Auditing path $.vulture.networkPolicy.ingressPodMatchLabels
[INFO] Auditing path $.vulture.nodeAffinityPreset
[INFO] Auditing path $.vulture.nodeAffinityPreset.key
[INFO] Auditing path $.vulture.nodeAffinityPreset.type
[INFO] Auditing path $.vulture.nodeAffinityPreset.values
[INFO] Auditing path $.vulture.nodeSelector
[INFO] Auditing path $.vulture.pdb
[INFO] Auditing path $.vulture.pdb.create
[INFO] Auditing path $.vulture.pdb.maxUnavailable
[INFO] Auditing path $.vulture.pdb.minAvailable
[INFO] Auditing path $.vulture.podAffinityPreset
[INFO] Auditing path $.vulture.podAnnotations
[INFO] Auditing path $.vulture.podAntiAffinityPreset
[INFO] Auditing path $.vulture.podLabels
[INFO] Auditing path $.vulture.podSecurityContext
[INFO] Auditing path $.vulture.podSecurityContext.enabled
[INFO] Auditing path $.vulture.podSecurityContext.fsGroup
[INFO] Auditing path $.vulture.podSecurityContext.fsGroupChangePolicy
[INFO] Auditing path $.vulture.podSecurityContext.supplementalGroups
[INFO] Auditing path $.vulture.podSecurityContext.sysctls
[INFO] Auditing path $.vulture.priorityClassName
[INFO] Auditing path $.vulture.readinessProbe
[INFO] Auditing path $.vulture.readinessProbe.enabled
[INFO] Auditing path $.vulture.readinessProbe.failureThreshold
[INFO] Auditing path $.vulture.readinessProbe.initialDelaySeconds
[INFO] Auditing path $.vulture.readinessProbe.periodSeconds
[INFO] Auditing path $.vulture.readinessProbe.successThreshold
[INFO] Auditing path $.vulture.readinessProbe.timeoutSeconds
[INFO] Auditing path $.vulture.replicaCount
[INFO] Auditing path $.vulture.resources
[INFO] Auditing path $.vulture.resourcesPreset
[INFO] Auditing path $.vulture.schedulerName
[INFO] Auditing path $.vulture.service
[INFO] Auditing path $.vulture.service.annotations
[INFO] Auditing path $.vulture.service.clusterIP
[INFO] Auditing path $.vulture.service.externalTrafficPolicy
[INFO] Auditing path $.vulture.service.extraPorts
[INFO] Auditing path $.vulture.service.loadBalancerIP
[INFO] Auditing path $.vulture.service.loadBalancerSourceRanges
[INFO] Auditing path $.vulture.service.nodePorts
[INFO] Auditing path $.vulture.service.nodePorts.http
[INFO] Auditing path $.vulture.service.ports
[INFO] Auditing path $.vulture.service.ports.http
[INFO] Auditing path $.vulture.service.sessionAffinity
[INFO] Auditing path $.vulture.service.sessionAffinityConfig
[INFO] Auditing path $.vulture.service.type
[INFO] Auditing path $.vulture.sidecars
[INFO] Auditing path $.vulture.startupProbe
[INFO] Auditing path $.vulture.startupProbe.enabled
[INFO] Auditing path $.vulture.startupProbe.failureThreshold
[INFO] Auditing path $.vulture.startupProbe.initialDelaySeconds
[INFO] Auditing path $.vulture.startupProbe.periodSeconds
[INFO] Auditing path $.vulture.startupProbe.successThreshold
[INFO] Auditing path $.vulture.startupProbe.timeoutSeconds
[INFO] Auditing path $.vulture.tolerations
[INFO] Auditing path $.vulture.topologySpreadConstraints
[INFO] Auditing path $.vulture.updateStrategy
[INFO] Auditing path $.vulture.updateStrategy.rollingUpdate
[INFO] Auditing path $.vulture.updateStrategy.type
[INFO] Auditing path $.vulture
