[INFO] Auditing path $.affinity
[INFO] Auditing path $.config
[INFO] Auditing path $.configmapReload.containerSecurityContext
[INFO] Auditing path $.configmapReload.enabled
[INFO] Auditing path $.configmapReload.extraArgs
[INFO] Auditing path $.configmapReload.extraVolumeMounts
[INFO] Auditing path $.configmapReload.image
[INFO] Auditing path $.configmapReload.image.pullPolicy
[INFO] Auditing path $.configmapReload.image.repository
[INFO] Auditing path $.configmapReload.image.tag
[INFO] Auditing path $.configmapReload.name
[INFO] Auditing path $.configmapReload.resources
[INFO] Auditing path $.configmapReload
[INFO] Auditing path $.containerSecurityContext.readOnlyRootFilesystem
[INFO] Auditing path $.containerSecurityContext.runAsNonRoot
[INFO] Auditing path $.containerSecurityContext.runAsUser
[INFO] Auditing path $.containerSecurityContext
[INFO] Auditing path $.customLabels
[INFO] Auditing path $.envFrom
[INFO] Auditing path $.extraArgs
[INFO] Auditing path $.extraConfigmapMounts[*].configMap
[INFO] Auditing path $.extraConfigmapMounts[*].defaultMode
[INFO] Auditing path $.extraConfigmapMounts[*].mountPath
[INFO] Auditing path $.extraConfigmapMounts[*].name
[INFO] Auditing path $.extraConfigmapMounts[*].readOnly
[INFO] Auditing path $.extraConfigmapMounts[*].subPath
[INFO] Auditing path $.extraConfigmapMounts
[INFO] Auditing path $.extraInitContainers
[INFO] Auditing path $.extraManifests[*]
[INFO] Auditing path $.extraManifests
[INFO] Auditing path $.extraSecretMounts[*].defaultMode
[INFO] Auditing path $.extraSecretMounts[*].mountPath
[INFO] Auditing path $.extraSecretMounts[*].name
[INFO] Auditing path $.extraSecretMounts[*].readOnly
[INFO] Auditing path $.extraSecretMounts[*].secretName
[INFO] Auditing path $.extraSecretMounts[*].subPath
[INFO] Auditing path $.extraSecretMounts
[INFO] Auditing path $.extraVolumeMounts
[INFO] Auditing path $.extraVolumes
[INFO] Auditing path $.image.pullPolicy
[INFO] Auditing path $.image.repository
[INFO] Auditing path $.image.tag
[INFO] Auditing path $.image
[INFO] Auditing path $.imagePullSecrets
[INFO] Auditing path $.ingress.annotations
[INFO] Auditing path $.ingress.className
[INFO] Auditing path $.ingress.enabled
[INFO] Auditing path $.ingress.hosts
[INFO] Auditing path $.ingress.hosts[*]
[INFO] Auditing path $.ingress.pathType
[INFO] Auditing path $.ingress.tls
[INFO] Auditing path $.ingress
[INFO] Auditing path $.kind
[INFO] Auditing path $.livenessProbe.httpGet
[INFO] Auditing path $.livenessProbe.httpGet.path
[INFO] Auditing path $.livenessProbe.httpGet.port
[INFO] Auditing path $.livenessProbe
[INFO] Auditing path $.namespaceOverride
[INFO] Auditing path $.nodeSelector
[INFO] Auditing path $.podAnnotations
[INFO] Auditing path $.podLabels
[INFO] Auditing path $.priorityClassName
[INFO] Auditing path $.rbac.create
[INFO] Auditing path $.rbac
[INFO] Auditing path $.readinessProbe.httpGet
[INFO] Auditing path $.readinessProbe.httpGet.path
[INFO] Auditing path $.readinessProbe.httpGet.port
[INFO] Auditing path $.readinessProbe
[INFO] Auditing path $.replicas
[INFO] Auditing path $.resources
[INFO] Auditing path $.restartPolicy
[INFO] Auditing path $.revisionHistoryLimit
[INFO] Auditing path $.route[*].additionalRules
[INFO] Auditing path $.route[*].annotations
[INFO] Auditing path $.route[*].apiVersion
[INFO] Auditing path $.route[*].enabled
[INFO] Auditing path $.route[*].filters
[INFO] Auditing path $.route[*].hostnames
[INFO] Auditing path $.route[*].httpsRedirect
[INFO] Auditing path $.route[*].kind
[INFO] Auditing path $.route[*].labels
[INFO] Auditing path $.route[*].matches
[INFO] Auditing path $.route[*].name
[INFO] Auditing path $.route[*].parentRefs
[INFO] Auditing path $.route.main
[INFO] Auditing path $.route.main.additionalRules
[INFO] Auditing path $.route.main.annotations
[INFO] Auditing path $.route.main.apiVersion
[INFO] Auditing path $.route.main.enabled
[INFO] Auditing path $.route.main.filters
[INFO] Auditing path $.route.main.hostnames
[INFO] Auditing path $.route.main.httpsRedirect
[INFO] Auditing path $.route.main.kind
[INFO] Auditing path $.route.main.labels
[INFO] Auditing path $.route.main.matches
[INFO] Auditing path $.route.main.matches[*].path
[INFO] Auditing path $.route.main.matches[*].path.type
[INFO] Auditing path $.route.main.matches[*].path.value
[INFO] Auditing path $.route.main.name
[INFO] Auditing path $.route.main.parentRefs
[INFO] Auditing path $.route
[INFO] Auditing path $.securityContext
[INFO] Auditing path $.service.annotations
[INFO] Auditing path $.service.externalIPs
[INFO] Auditing path $.service.ipDualStack
[INFO] Auditing path $.service.ipDualStack.enabled
[INFO] Auditing path $.service.ipDualStack.ipFamilies
[INFO] Auditing path $.service.ipDualStack.ipFamilyPolicy
[INFO] Auditing path $.service.labels
[INFO] Auditing path $.service.port
[INFO] Auditing path $.service.type
[INFO] Auditing path $.service
[INFO] Auditing path $.serviceAccount.create
[INFO] Auditing path $.serviceAccount.name
[INFO] Auditing path $.serviceAccount
[INFO] Auditing path $.serviceMonitor.additionalMetricsRelabelConfigs
[INFO] Auditing path $.serviceMonitor.additionalMetricsRelabels
[INFO] Auditing path $.serviceMonitor.auth
[INFO] Auditing path $.serviceMonitor.enabled
[INFO] Auditing path $.serviceMonitor.honorLabels
[INFO] Auditing path $.serviceMonitor.interval
[INFO] Auditing path $.serviceMonitor.module
[INFO] Auditing path $.serviceMonitor.namespace
[INFO] Auditing path $.serviceMonitor.params
[INFO] Auditing path $.serviceMonitor.params[*].additionalMetricsRelabelConfigs
[INFO] Auditing path $.serviceMonitor.params[*].additionalMetricsRelabels
[INFO] Auditing path $.serviceMonitor.params[*].auth
[INFO] Auditing path $.serviceMonitor.params[*].interval
[INFO] Auditing path $.serviceMonitor.params[*].labels
[INFO] Auditing path $.serviceMonitor.params[*].module
[INFO] Auditing path $.serviceMonitor.params[*].name
[INFO] Auditing path $.serviceMonitor.params[*].relabelings
[INFO] Auditing path $.serviceMonitor.params[*].scrapeTimeout
[INFO] Auditing path $.serviceMonitor.params[*].target
[INFO] Auditing path $.serviceMonitor.path
[INFO] Auditing path $.serviceMonitor.relabelings
[INFO] Auditing path $.serviceMonitor.scrapeTimeout
[INFO] Auditing path $.serviceMonitor.selector
[INFO] Auditing path $.serviceMonitor.selector.prometheus
[INFO] Auditing path $.serviceMonitor.selfMonitor
[INFO] Auditing path $.serviceMonitor.selfMonitor.additionalMetricsRelabels
[INFO] Auditing path $.serviceMonitor.selfMonitor.additionalRelabeling
[INFO] Auditing path $.serviceMonitor.selfMonitor.enabled
[INFO] Auditing path $.serviceMonitor.selfMonitor.interval
[INFO] Auditing path $.serviceMonitor.selfMonitor.labels
[INFO] Auditing path $.serviceMonitor.selfMonitor.path
[INFO] Auditing path $.serviceMonitor.selfMonitor.port
[INFO] Auditing path $.serviceMonitor.selfMonitor.scheme
[INFO] Auditing path $.serviceMonitor.selfMonitor.scrapeTimeout
[INFO] Auditing path $.serviceMonitor.selfMonitor.tlsConfig
[INFO] Auditing path $.serviceMonitor
[INFO] Auditing path $.strategy.rollingUpdate
[INFO] Auditing path $.strategy.rollingUpdate.maxSurge
[INFO] Auditing path $.strategy.rollingUpdate.maxUnavailable
[INFO] Auditing path $.strategy.type
[INFO] Auditing path $.strategy
[INFO] Auditing path $.tolerations
[INFO] Auditing path $.topologySpreadConstraints
