[INFO] Auditing path $.affinity
[INFO] Auditing path $.annotations
[INFO] Auditing path $.config
[INFO] Auditing path $.configFilePath
[INFO] Auditing path $.containerCommand[*]
[INFO] Auditing path $.containerCommand
[INFO] Auditing path $.deployment.annotations
[INFO] Auditing path $.deployment.labels
[INFO] Auditing path $.deployment
[INFO] Auditing path $.extraContainers[*]
[INFO] Auditing path $.extraContainers
[INFO] Auditing path $.extraEnvs[*]
[INFO] Auditing path $.extraEnvs[*].name
[INFO] Auditing path $.extraEnvs[*].value
[INFO] Auditing path $.extraEnvs[*].valueFrom
[INFO] Auditing path $.extraEnvs
[INFO] Auditing path $.extraManifests[*]
[INFO] Auditing path $.extraManifests[*].apiVersion
[INFO] Auditing path $.extraManifests[*].kind
[INFO] Auditing path $.extraManifests[*].metadata
[INFO] Auditing path $.extraManifests
[INFO] Auditing path $.extraVolumeMounts[*]
[INFO] Auditing path $.extraVolumeMounts
[INFO] Auditing path $.extraVolumes[*]
[INFO] Auditing path $.extraVolumes
[INFO] Auditing path $.hostAliases[*]
[INFO] Auditing path $.hostAliases[*].hostnames
[INFO] Auditing path $.hostAliases[*].hostnames[*]
[INFO] Auditing path $.hostAliases[*].ip
[INFO] Auditing path $.hostAliases
[INFO] Auditing path $.image.pullPolicy
[INFO] Auditing path $.image.pullSecrets
[INFO] Auditing path $.image.pullSecrets[*]
[INFO] Auditing path $.image.repository
[INFO] Auditing path $.image.tag
[INFO] Auditing path $.image
[INFO] Auditing path $.initContainers[*]
[INFO] Auditing path $.initContainers
[INFO] Auditing path $.livenessProbe.initialDelaySeconds
[INFO] Auditing path $.livenessProbe.timeoutSeconds
[INFO] Auditing path $.livenessProbe
[INFO] Auditing path $.networkPolicy.enabled
[INFO] Auditing path $.networkPolicy.labels
[INFO] Auditing path $.networkPolicy
[INFO] Auditing path $.nodeSelector
[INFO] Auditing path $.podDisruptionBudget.enabled
[INFO] Auditing path $.podDisruptionBudget.maxUnavailable
[INFO] Auditing path $.podDisruptionBudget
[INFO] Auditing path $.podLabels
[INFO] Auditing path $.podSecurityContext.runAsGroup
[INFO] Auditing path $.podSecurityContext.runAsNonRoot
[INFO] Auditing path $.podSecurityContext.runAsUser
[INFO] Auditing path $.podSecurityContext.seccompProfile
[INFO] Auditing path $.podSecurityContext.seccompProfile.type
[INFO] Auditing path $.podSecurityContext
[INFO] Auditing path $.prometheusRule.additionalLabels
[INFO] Auditing path $.prometheusRule.enabled
[INFO] Auditing path $.prometheusRule.namespace
[INFO] Auditing path $.prometheusRule.rules
[INFO] Auditing path $.prometheusRule.rules[*]
[INFO] Auditing path $.prometheusRule
[INFO] Auditing path $.readinessProbe.initialDelaySeconds
[INFO] Auditing path $.readinessProbe.timeoutSeconds
[INFO] Auditing path $.readinessProbe
[INFO] Auditing path $.replicaCount
[INFO] Auditing path $.resources
[INFO] Auditing path $.securityContext.allowPrivilegeEscalation
[INFO] Auditing path $.securityContext.capabilities
[INFO] Auditing path $.securityContext.capabilities.drop
[INFO] Auditing path $.securityContext.readOnlyRootFilesystem
[INFO] Auditing path $.securityContext.runAsGroup
[INFO] Auditing path $.securityContext.runAsNonRoot
[INFO] Auditing path $.securityContext.runAsUser
[INFO] Auditing path $.securityContext.seccompProfile
[INFO] Auditing path $.securityContext.seccompProfile.type
[INFO] Auditing path $.securityContext
[INFO] Auditing path $.service.annotations
[INFO] Auditing path $.service.labels
[INFO] Auditing path $.service.name
[INFO] Auditing path $.service.port
[INFO] Auditing path $.service.targetPort
[INFO] Auditing path $.service.type
[INFO] Auditing path $.service
[INFO] Auditing path $.serviceAccount.annotations
[INFO] Auditing path $.serviceAccount.create
[INFO] Auditing path $.serviceAccount.name
[INFO] Auditing path $.serviceAccount
[INFO] Auditing path $.serviceMonitor.enabled
[INFO] Auditing path $.serviceMonitor.interval
[INFO] Auditing path $.serviceMonitor.labels
[INFO] Auditing path $.serviceMonitor.metricRelabelings
[INFO] Auditing path $.serviceMonitor.namespace
[INFO] Auditing path $.serviceMonitor.relabelings
[INFO] Auditing path $.serviceMonitor.targetLabels
[INFO] Auditing path $.serviceMonitor.targetLabels[*]
[INFO] Auditing path $.serviceMonitor.telemetryPath
[INFO] Auditing path $.serviceMonitor.timeout
[INFO] Auditing path $.serviceMonitor
[INFO] Auditing path $.tolerations
