[INFO] Auditing path $.cluster.externalAccess
[INFO] Auditing path $.cluster.externalAccess.enabled
[INFO] Auditing path $.cluster.externalAccess.hostMode
[INFO] Auditing path $.cluster.externalAccess.service
[INFO] Auditing path $.cluster.externalAccess.service.annotations
[INFO] Auditing path $.cluster.externalAccess.service.disableLoadBalancerIP
[INFO] Auditing path $.cluster.externalAccess.service.loadBalancerIP
[INFO] Auditing path $.cluster.externalAccess.service.loadBalancerIP[*]
[INFO] Auditing path $.cluster.externalAccess.service.loadBalancerIPAnnotaion
[INFO] Auditing path $.cluster.externalAccess.service.loadBalancerSourceRanges
[INFO] Auditing path $.cluster.externalAccess.service.port
[INFO] Auditing path $.cluster.externalAccess.service.type
[INFO] Auditing path $.cluster.init
[INFO] Auditing path $.cluster.nodes
[INFO] Auditing path $.cluster.replicas
[INFO] Auditing path $.cluster.update
[INFO] Auditing path $.cluster.update.addNodes
[INFO] Auditing path $.cluster.update.currentNumberOfNodes
[INFO] Auditing path $.cluster.update.currentNumberOfReplicas
[INFO] Auditing path $.cluster.update.newExternalIPs
[INFO] Auditing path $.cluster
[INFO] Auditing path $.clusterDomain
[INFO] Auditing path $.commonAnnotations
[INFO] Auditing path $.commonLabels
[INFO] Auditing path $.containerSecurityContext.allowPrivilegeEscalation
[INFO] Auditing path $.containerSecurityContext.capabilities
[INFO] Auditing path $.containerSecurityContext.capabilities.drop
[INFO] Auditing path $.containerSecurityContext.enabled
[INFO] Auditing path $.containerSecurityContext.privileged
[INFO] Auditing path $.containerSecurityContext.readOnlyRootFilesystem
[INFO] Auditing path $.containerSecurityContext.runAsGroup
[INFO] Auditing path $.containerSecurityContext.runAsNonRoot
[INFO] Auditing path $.containerSecurityContext.runAsUser
[INFO] Auditing path $.containerSecurityContext.seLinuxOptions
[INFO] Auditing path $.containerSecurityContext.seccompProfile
[INFO] Auditing path $.containerSecurityContext.seccompProfile.type
[INFO] Auditing path $.containerSecurityContext
[INFO] Auditing path $.diagnosticMode.args
[INFO] Auditing path $.diagnosticMode.command
[INFO] Auditing path $.diagnosticMode.enabled
[INFO] Auditing path $.diagnosticMode
[INFO] Auditing path $.existingSecret
[INFO] Auditing path $.existingSecretPasswordKey
[INFO] Auditing path $.extraDeploy[*]
[INFO] Auditing path $.extraDeploy
[INFO] Auditing path $.fullnameOverride
[INFO] Auditing path $.global.compatibility
[INFO] Auditing path $.global.compatibility.openshift
[INFO] Auditing path $.global.compatibility.openshift.adaptSecurityContext
[INFO] Auditing path $.global.defaultStorageClass
[INFO] Auditing path $.global.imagePullSecrets
[INFO] Auditing path $.global.imageRegistry
[INFO] Auditing path $.global.security
[INFO] Auditing path $.global.security.allowInsecureImages
[INFO] Auditing path $.global.storageClass
[INFO] Auditing path $.global.valkey
[INFO] Auditing path $.global.valkey.password
[INFO] Auditing path $.global
[INFO] Auditing path $.image.debug
[INFO] Auditing path $.image.digest
[INFO] Auditing path $.image.pullPolicy
[INFO] Auditing path $.image.pullSecrets
[INFO] Auditing path $.image.registry
[INFO] Auditing path $.image.repository
[INFO] Auditing path $.image.tag
[INFO] Auditing path $.image
[INFO] Auditing path $.metrics.containerPorts
[INFO] Auditing path $.metrics.containerPorts.http
[INFO] Auditing path $.metrics.containerSecurityContext
[INFO] Auditing path $.metrics.containerSecurityContext.allowPrivilegeEscalation
[INFO] Auditing path $.metrics.containerSecurityContext.capabilities
[INFO] Auditing path $.metrics.containerSecurityContext.capabilities.drop
[INFO] Auditing path $.metrics.containerSecurityContext.enabled
[INFO] Auditing path $.metrics.containerSecurityContext.privileged
[INFO] Auditing path $.metrics.containerSecurityContext.readOnlyRootFilesystem
[INFO] Auditing path $.metrics.containerSecurityContext.runAsGroup
[INFO] Auditing path $.metrics.containerSecurityContext.runAsNonRoot
[INFO] Auditing path $.metrics.containerSecurityContext.runAsUser
[INFO] Auditing path $.metrics.containerSecurityContext.seLinuxOptions
[INFO] Auditing path $.metrics.containerSecurityContext.seccompProfile
[INFO] Auditing path $.metrics.containerSecurityContext.seccompProfile.type
[INFO] Auditing path $.metrics.enabled
[INFO] Auditing path $.metrics.extraArgs
[INFO] Auditing path $.metrics.extraEnvVars
[INFO] Auditing path $.metrics.image
[INFO] Auditing path $.metrics.image.digest
[INFO] Auditing path $.metrics.image.pullPolicy
[INFO] Auditing path $.metrics.image.pullSecrets
[INFO] Auditing path $.metrics.image.registry
[INFO] Auditing path $.metrics.image.repository
[INFO] Auditing path $.metrics.image.tag
[INFO] Auditing path $.metrics.podAnnotations
[INFO] Auditing path $.metrics.podAnnotations["prometheus.io/port"]
[INFO] Auditing path $.metrics.podAnnotations["prometheus.io/scrape"]
[INFO] Auditing path $.metrics.podLabels
[INFO] Auditing path $.metrics.priorityClassName
[INFO] Auditing path $.metrics.prometheusRule
[INFO] Auditing path $.metrics.prometheusRule.additionalLabels
[INFO] Auditing path $.metrics.prometheusRule.enabled
[INFO] Auditing path $.metrics.prometheusRule.namespace
[INFO] Auditing path $.metrics.prometheusRule.rules
[INFO] Auditing path $.metrics.resources
[INFO] Auditing path $.metrics.resourcesPreset
[INFO] Auditing path $.metrics.service
[INFO] Auditing path $.metrics.service.annotations
[INFO] Auditing path $.metrics.service.clusterIP
[INFO] Auditing path $.metrics.service.labels
[INFO] Auditing path $.metrics.service.loadBalancerIP
[INFO] Auditing path $.metrics.service.ports
[INFO] Auditing path $.metrics.service.ports.http
[INFO] Auditing path $.metrics.service.type
[INFO] Auditing path $.metrics.serviceMonitor
[INFO] Auditing path $.metrics.serviceMonitor.annotations
[INFO] Auditing path $.metrics.serviceMonitor.enabled
[INFO] Auditing path $.metrics.serviceMonitor.interval
[INFO] Auditing path $.metrics.serviceMonitor.jobLabel
[INFO] Auditing path $.metrics.serviceMonitor.labels
[INFO] Auditing path $.metrics.serviceMonitor.metricRelabelings
[INFO] Auditing path $.metrics.serviceMonitor.namespace
[INFO] Auditing path $.metrics.serviceMonitor.relabelings
[INFO] Auditing path $.metrics.serviceMonitor.scrapeTimeout
[INFO] Auditing path $.metrics.serviceMonitor.selector
[INFO] Auditing path $.metrics
[INFO] Auditing path $.nameOverride
[INFO] Auditing path $.networkPolicy.allowExternal
[INFO] Auditing path $.networkPolicy.allowExternalEgress
[INFO] Auditing path $.networkPolicy.enabled
[INFO] Auditing path $.networkPolicy.extraEgress
[INFO] Auditing path $.networkPolicy.extraIngress
[INFO] Auditing path $.networkPolicy.ingressNSMatchLabels
[INFO] Auditing path $.networkPolicy.ingressNSMatchLabels[*]
[INFO] Auditing path $.networkPolicy.ingressNSPodMatchLabels
[INFO] Auditing path $.networkPolicy.ingressNSPodMatchLabels[*]
[INFO] Auditing path $.networkPolicy
[INFO] Auditing path $.password
[INFO] Auditing path $.pdb.create
[INFO] Auditing path $.pdb.maxUnavailable
[INFO] Auditing path $.pdb.minAvailable
[INFO] Auditing path $.pdb
[INFO] Auditing path $.persistence.accessModes
[INFO] Auditing path $.persistence.accessModes[*]
[INFO] Auditing path $.persistence.annotations
[INFO] Auditing path $.persistence.enabled
[INFO] Auditing path $.persistence.labels
[INFO] Auditing path $.persistence.matchExpressions
[INFO] Auditing path $.persistence.matchLabels
[INFO] Auditing path $.persistence.path
[INFO] Auditing path $.persistence.size
[INFO] Auditing path $.persistence.storageClass
[INFO] Auditing path $.persistence.subPath
[INFO] Auditing path $.persistence
[INFO] Auditing path $.persistentVolumeClaimRetentionPolicy.enabled
[INFO] Auditing path $.persistentVolumeClaimRetentionPolicy.whenDeleted
[INFO] Auditing path $.persistentVolumeClaimRetentionPolicy.whenScaled
[INFO] Auditing path $.persistentVolumeClaimRetentionPolicy
[INFO] Auditing path $.podDisruptionBudget
[INFO] Auditing path $.podSecurityContext.enabled
[INFO] Auditing path $.podSecurityContext.fsGroup
[INFO] Auditing path $.podSecurityContext.fsGroupChangePolicy
[INFO] Auditing path $.podSecurityContext.supplementalGroups
[INFO] Auditing path $.podSecurityContext.sysctls
[INFO] Auditing path $.podSecurityContext
[INFO] Auditing path $.rbac.create
[INFO] Auditing path $.rbac.role
[INFO] Auditing path $.rbac.role.rules
[INFO] Auditing path $.rbac
[INFO] Auditing path $.service.annotations
[INFO] Auditing path $.service.clusterIP
[INFO] Auditing path $.service.externalTrafficPolicy
[INFO] Auditing path $.service.extraPorts
[INFO] Auditing path $.service.headless
[INFO] Auditing path $.service.headless.annotations
[INFO] Auditing path $.service.labels
[INFO] Auditing path $.service.loadBalancerIP
[INFO] Auditing path $.service.loadBalancerSourceRanges
[INFO] Auditing path $.service.nodePorts
[INFO] Auditing path $.service.nodePorts.valkey
[INFO] Auditing path $.service.ports
[INFO] Auditing path $.service.ports.valkey
[INFO] Auditing path $.service.sessionAffinity
[INFO] Auditing path $.service.sessionAffinityConfig
[INFO] Auditing path $.service.type
[INFO] Auditing path $.service
[INFO] Auditing path $.serviceAccount.annotations
[INFO] Auditing path $.serviceAccount.automountServiceAccountToken
[INFO] Auditing path $.serviceAccount.create
[INFO] Auditing path $.serviceAccount.name
[INFO] Auditing path $.serviceAccount
[INFO] Auditing path $.sysctlImage.command
[INFO] Auditing path $.sysctlImage.containerSecurityContext
[INFO] Auditing path $.sysctlImage.containerSecurityContext.enabled
[INFO] Auditing path $.sysctlImage.containerSecurityContext.privileged
[INFO] Auditing path $.sysctlImage.containerSecurityContext.runAsUser
[INFO] Auditing path $.sysctlImage.containerSecurityContext.seLinuxOptions
[INFO] Auditing path $.sysctlImage.digest
[INFO] Auditing path $.sysctlImage.enabled
[INFO] Auditing path $.sysctlImage.mountHostSys
[INFO] Auditing path $.sysctlImage.pullPolicy
[INFO] Auditing path $.sysctlImage.pullSecrets
[INFO] Auditing path $.sysctlImage.registry
[INFO] Auditing path $.sysctlImage.repository
[INFO] Auditing path $.sysctlImage.resources
[INFO] Auditing path $.sysctlImage.resourcesPreset
[INFO] Auditing path $.sysctlImage.tag
[INFO] Auditing path $.sysctlImage
[INFO] Auditing path $.tls.authClients
[INFO] Auditing path $.tls.autoGenerated
[INFO] Auditing path $.tls.certCAFilename
[INFO] Auditing path $.tls.certFilename
[INFO] Auditing path $.tls.certKeyFilename
[INFO] Auditing path $.tls.certificatesSecret
[INFO] Auditing path $.tls.dhParamsFilename
[INFO] Auditing path $.tls.enabled
[INFO] Auditing path $.tls.existingSecret
[INFO] Auditing path $.tls
[INFO] Auditing path $.updateJob.activeDeadlineSeconds
[INFO] Auditing path $.updateJob.affinity
[INFO] Auditing path $.updateJob.annotations
[INFO] Auditing path $.updateJob.args
[INFO] Auditing path $.updateJob.automountServiceAccountToken
[INFO] Auditing path $.updateJob.command
[INFO] Auditing path $.updateJob.extraEnvVars
[INFO] Auditing path $.updateJob.extraEnvVarsCM
[INFO] Auditing path $.updateJob.extraEnvVarsSecret
[INFO] Auditing path $.updateJob.extraVolumeMounts
[INFO] Auditing path $.updateJob.extraVolumes
[INFO] Auditing path $.updateJob.helmHook
[INFO] Auditing path $.updateJob.hostAliases
[INFO] Auditing path $.updateJob.initContainers
[INFO] Auditing path $.updateJob.nodeAffinityPreset
[INFO] Auditing path $.updateJob.nodeAffinityPreset.key
[INFO] Auditing path $.updateJob.nodeAffinityPreset.type
[INFO] Auditing path $.updateJob.nodeAffinityPreset.values
[INFO] Auditing path $.updateJob.nodeSelector
[INFO] Auditing path $.updateJob.podAffinityPreset
[INFO] Auditing path $.updateJob.podAnnotations
[INFO] Auditing path $.updateJob.podAntiAffinityPreset
[INFO] Auditing path $.updateJob.podLabels
[INFO] Auditing path $.updateJob.priorityClassName
[INFO] Auditing path $.updateJob.resources
[INFO] Auditing path $.updateJob.resourcesPreset
[INFO] Auditing path $.updateJob.tolerations
[INFO] Auditing path $.updateJob
[INFO] Auditing path $.usePassword
[INFO] Auditing path $.usePasswordFiles
[INFO] Auditing path $.valkey.affinity
[INFO] Auditing path $.valkey.args
[INFO] Auditing path $.valkey.automountServiceAccountToken
[INFO] Auditing path $.valkey.command
[INFO] Auditing path $.valkey.configmap
[INFO] Auditing path $.valkey.containerPorts
[INFO] Auditing path $.valkey.containerPorts.bus
[INFO] Auditing path $.valkey.containerPorts.valkey
[INFO] Auditing path $.valkey.customLivenessProbe
[INFO] Auditing path $.valkey.customReadinessProbe
[INFO] Auditing path $.valkey.customStartupProbe
[INFO] Auditing path $.valkey.defaultConfigOverride
[INFO] Auditing path $.valkey.extraEnvVars
[INFO] Auditing path $.valkey.extraEnvVarsCM
[INFO] Auditing path $.valkey.extraEnvVarsSecret
[INFO] Auditing path $.valkey.extraVolumeMounts
[INFO] Auditing path $.valkey.extraVolumes
[INFO] Auditing path $.valkey.hostAliases
[INFO] Auditing path $.valkey.hostNetwork
[INFO] Auditing path $.valkey.initContainers
[INFO] Auditing path $.valkey.lifecycleHooks
[INFO] Auditing path $.valkey.livenessProbe
[INFO] Auditing path $.valkey.livenessProbe.enabled
[INFO] Auditing path $.valkey.livenessProbe.failureThreshold
[INFO] Auditing path $.valkey.livenessProbe.initialDelaySeconds
[INFO] Auditing path $.valkey.livenessProbe.periodSeconds
[INFO] Auditing path $.valkey.livenessProbe.successThreshold
[INFO] Auditing path $.valkey.livenessProbe.timeoutSeconds
[INFO] Auditing path $.valkey.nodeAffinityPreset
[INFO] Auditing path $.valkey.nodeAffinityPreset.key
[INFO] Auditing path $.valkey.nodeAffinityPreset.type
[INFO] Auditing path $.valkey.nodeAffinityPreset.values
[INFO] Auditing path $.valkey.nodeSelector
[INFO] Auditing path $.valkey.podAffinityPreset
[INFO] Auditing path $.valkey.podAnnotations
[INFO] Auditing path $.valkey.podAntiAffinityPreset
[INFO] Auditing path $.valkey.podLabels
[INFO] Auditing path $.valkey.podManagementPolicy
[INFO] Auditing path $.valkey.priorityClassName
[INFO] Auditing path $.valkey.readinessProbe
[INFO] Auditing path $.valkey.readinessProbe.enabled
[INFO] Auditing path $.valkey.readinessProbe.failureThreshold
[INFO] Auditing path $.valkey.readinessProbe.initialDelaySeconds
[INFO] Auditing path $.valkey.readinessProbe.periodSeconds
[INFO] Auditing path $.valkey.readinessProbe.successThreshold
[INFO] Auditing path $.valkey.readinessProbe.timeoutSeconds
[INFO] Auditing path $.valkey.resources
[INFO] Auditing path $.valkey.resourcesPreset
[INFO] Auditing path $.valkey.schedulerName
[INFO] Auditing path $.valkey.shareProcessNamespace
[INFO] Auditing path $.valkey.sidecars
[INFO] Auditing path $.valkey.startupProbe
[INFO] Auditing path $.valkey.startupProbe.enabled
[INFO] Auditing path $.valkey.startupProbe.failureThreshold
[INFO] Auditing path $.valkey.startupProbe.initialDelaySeconds
[INFO] Auditing path $.valkey.startupProbe.path
[INFO] Auditing path $.valkey.startupProbe.periodSeconds
[INFO] Auditing path $.valkey.startupProbe.successThreshold
[INFO] Auditing path $.valkey.startupProbe.timeoutSeconds
[INFO] Auditing path $.valkey.tolerations
[INFO] Auditing path $.valkey.topologySpreadConstraints
[INFO] Auditing path $.valkey.updateStrategy
[INFO] Auditing path $.valkey.updateStrategy.rollingUpdate
[INFO] Auditing path $.valkey.updateStrategy.rollingUpdate.partition
[INFO] Auditing path $.valkey.updateStrategy.type
[INFO] Auditing path $.valkey.useAOFPersistence
[INFO] Auditing path $.valkey
[INFO] Auditing path $.volumePermissions.containerSecurityContext
[INFO] Auditing path $.volumePermissions.containerSecurityContext.enabled
[INFO] Auditing path $.volumePermissions.containerSecurityContext.privileged
[INFO] Auditing path $.volumePermissions.containerSecurityContext.runAsUser
[INFO] Auditing path $.volumePermissions.containerSecurityContext.seLinuxOptions
[INFO] Auditing path $.volumePermissions.enabled
[INFO] Auditing path $.volumePermissions.image
[INFO] Auditing path $.volumePermissions.image.digest
[INFO] Auditing path $.volumePermissions.image.pullPolicy
[INFO] Auditing path $.volumePermissions.image.pullSecrets
[INFO] Auditing path $.volumePermissions.image.registry
[INFO] Auditing path $.volumePermissions.image.repository
[INFO] Auditing path $.volumePermissions.image.tag
[INFO] Auditing path $.volumePermissions.resources
[INFO] Auditing path $.volumePermissions.resourcesPreset
[INFO] Auditing path $.volumePermissions
