[INFO] Chart 1/1: .
[INFO] Finite filtering unavailable: permutations need closed objects at (); set additionalProperties: false; prioritizing known inputs before robustness sampling
[INFO] Coalescing path $.bucketCacheConfig
[INFO] Coalescing path $.clusterDomain
[INFO] Coalescing path $.commonAnnotations
[INFO] Coalescing path $.commonLabels
[INFO] Coalescing path $.existingObjstoreSecret
[INFO] Coalescing path $.existingObjstoreSecretItems
[INFO] Coalescing path $.extraDeploy
[INFO] Coalescing path $.global
[INFO] Coalescing path $.httpConfig
[INFO] Coalescing path $.image
[INFO] Coalescing path $.indexCacheConfig
[INFO] Coalescing path $.objstoreConfig
[INFO] Coalescing path $.auth.basicAuthUsers
[INFO] Coalescing path $.bucketweb.affinity
[INFO] Coalescing path $.bucketweb.args
[INFO] Coalescing path $.bucketweb.automountServiceAccountToken
[INFO] Coalescing path $.bucketweb.command
[INFO] Coalescing path $.bucketweb.containerSecurityContext
[INFO] Coalescing path $.bucketweb.customLivenessProbe
[INFO] Coalescing path $.bucketweb.customReadinessProbe
[INFO] Coalescing path $.bucketweb.customStartupProbe
[INFO] Coalescing path $.bucketweb.dnsConfig
[INFO] Coalescing path $.bucketweb.dnsPolicy
[INFO] Coalescing path $.bucketweb.enabled
[INFO] Coalescing path $.bucketweb.externalAutoscaler
[INFO] Coalescing path $.bucketweb.extraEnvVars
[INFO] Coalescing path $.bucketweb.extraEnvVarsCM
[INFO] Coalescing path $.bucketweb.extraEnvVarsSecret
[INFO] Coalescing path $.bucketweb.extraFlags
[INFO] Coalescing path $.bucketweb.extraVolumeMounts
[INFO] Coalescing path $.bucketweb.extraVolumes
[INFO] Coalescing path $.bucketweb.hostAliases
[INFO] Coalescing path $.bucketweb.initContainers
[INFO] Coalescing path $.bucketweb.lifecycleHooks
[INFO] Coalescing path $.bucketweb.logFormat
[INFO] Coalescing path $.bucketweb.logLevel
[INFO] Coalescing path $.bucketweb.nodeSelector
[INFO] Coalescing path $.bucketweb.podAffinityPreset
[INFO] Coalescing path $.bucketweb.podAnnotations
[INFO] Coalescing path $.bucketweb.podAntiAffinityPreset
[INFO] Coalescing path $.bucketweb.podLabels
[INFO] Coalescing path $.bucketweb.podSecurityContext
[INFO] Coalescing path $.bucketweb.priorityClassName
[INFO] Coalescing path $.bucketweb.refresh
[INFO] Coalescing path $.bucketweb.replicaCount
[INFO] Coalescing path $.bucketweb.resources
[INFO] Coalescing path $.bucketweb.revisionHistoryLimit
[INFO] Coalescing path $.bucketweb.schedulerName
[INFO] Coalescing path $.bucketweb.sidecars
[INFO] Coalescing path $.bucketweb.timeout
[INFO] Coalescing path $.bucketweb.tolerations
[INFO] Coalescing path $.bucketweb.topologySpreadConstraints
[INFO] Coalescing path $.bucketweb.updateStrategy
[INFO] Coalescing path $.compactor.deploymentAnnotations
[INFO] Coalescing path $.compactor.enabled
[INFO] Coalescing path $.compactor.persistence
[INFO] Coalescing path $.compactor.podLabels
[INFO] Coalescing path $.compactor.revisionHistoryLimit
[INFO] Coalescing path $.compactor.updateStrategy
[INFO] Coalescing path $.extraDeploy[*]
[INFO] Coalescing path $.https.autoGenerated
[INFO] Coalescing path $.https.ca
[INFO] Coalescing path $.https.caFilename
[INFO] Coalescing path $.https.cert
[INFO] Coalescing path $.https.certFilename
[INFO] Coalescing path $.https.clientAuthType
[INFO] Coalescing path $.https.enabled
[INFO] Coalescing path $.https.existingSecret
[INFO] Coalescing path $.https.key
[INFO] Coalescing path $.https.keyFilename
[INFO] Coalescing path $.image.pullPolicy
[INFO] Coalescing path $.metrics.enabled
[INFO] Coalescing path $.minio.enabled
[INFO] Coalescing path $.query.affinity
[INFO] Coalescing path $.query.args
[INFO] Coalescing path $.query.automountServiceAccountToken
[INFO] Coalescing path $.query.command
[INFO] Coalescing path $.query.containerSecurityContext
[INFO] Coalescing path $.query.customLivenessProbe
[INFO] Coalescing path $.query.customReadinessProbe
[INFO] Coalescing path $.query.customStartupProbe
[INFO] Coalescing path $.query.dnsConfig
[INFO] Coalescing path $.query.dnsPolicy
[INFO] Coalescing path $.query.enabled
[INFO] Coalescing path $.query.existingSDConfigmap
[INFO] Coalescing path $.query.externalAutoscaler
[INFO] Coalescing path $.query.extraEnvVars
[INFO] Coalescing path $.query.extraEnvVarsCM
[INFO] Coalescing path $.query.extraEnvVarsSecret
[INFO] Coalescing path $.query.extraFlags
[INFO] Coalescing path $.query.extraVolumeMounts
[INFO] Coalescing path $.query.extraVolumes
[INFO] Coalescing path $.query.hostAliases
[INFO] Coalescing path $.query.initContainers
[INFO] Coalescing path $.query.lifecycleHooks
[INFO] Coalescing path $.query.logFormat
[INFO] Coalescing path $.query.logLevel
[INFO] Coalescing path $.query.nodeSelector
[INFO] Coalescing path $.query.podAffinityPreset
[INFO] Coalescing path $.query.podAnnotations
[INFO] Coalescing path $.query.podAntiAffinityPreset
[INFO] Coalescing path $.query.podAntiAffinityPresetTopologyKey
[INFO] Coalescing path $.query.podLabels
[INFO] Coalescing path $.query.podSecurityContext
[INFO] Coalescing path $.query.priorityClassName
[INFO] Coalescing path $.query.pspEnabled
[INFO] Coalescing path $.query.replicaCount
[INFO] Coalescing path $.query.replicaLabel
[INFO] Coalescing path $.query.resources
[INFO] Coalescing path $.query.revisionHistoryLimit
[INFO] Coalescing path $.query.schedulerName
[INFO] Coalescing path $.query.sidecars
[INFO] Coalescing path $.query.stores
[INFO] Coalescing path $.query.tolerations
[INFO] Coalescing path $.query.topologySpreadConstraints
[INFO] Coalescing path $.query.updateStrategy
[INFO] Coalescing path $.queryFrontend.affinity
[INFO] Coalescing path $.queryFrontend.args
[INFO] Coalescing path $.queryFrontend.automountServiceAccountToken
[INFO] Coalescing path $.queryFrontend.command
[INFO] Coalescing path $.queryFrontend.config
[INFO] Coalescing path $.queryFrontend.containerSecurityContext
[INFO] Coalescing path $.queryFrontend.customLivenessProbe
[INFO] Coalescing path $.queryFrontend.customReadinessProbe
[INFO] Coalescing path $.queryFrontend.customStartupProbe
[INFO] Coalescing path $.queryFrontend.dnsConfig
[INFO] Coalescing path $.queryFrontend.dnsPolicy
[INFO] Coalescing path $.queryFrontend.enabled
[INFO] Coalescing path $.queryFrontend.existingConfigmap
[INFO] Coalescing path $.queryFrontend.externalAutoscaler
[INFO] Coalescing path $.queryFrontend.extraEnvVars
[INFO] Coalescing path $.queryFrontend.extraEnvVarsCM
[INFO] Coalescing path $.queryFrontend.extraEnvVarsSecret
[INFO] Coalescing path $.queryFrontend.extraFlags
[INFO] Coalescing path $.queryFrontend.extraVolumeMounts
[INFO] Coalescing path $.queryFrontend.extraVolumes
[INFO] Coalescing path $.queryFrontend.hostAliases
[INFO] Coalescing path $.queryFrontend.initContainers
[INFO] Coalescing path $.queryFrontend.lifecycleHooks
[INFO] Coalescing path $.queryFrontend.logFormat
[INFO] Coalescing path $.queryFrontend.logLevel
[INFO] Coalescing path $.queryFrontend.nodeSelector
[INFO] Coalescing path $.queryFrontend.podAffinityPreset
[INFO] Coalescing path $.queryFrontend.podAnnotations
[INFO] Coalescing path $.queryFrontend.podAntiAffinityPreset
[INFO] Coalescing path $.queryFrontend.podLabels
[INFO] Coalescing path $.queryFrontend.podSecurityContext
[INFO] Coalescing path $.queryFrontend.priorityClassName
[INFO] Coalescing path $.queryFrontend.pspEnabled
[INFO] Coalescing path $.queryFrontend.replicaCount
[INFO] Coalescing path $.queryFrontend.resources
[INFO] Coalescing path $.queryFrontend.revisionHistoryLimit
[INFO] Coalescing path $.queryFrontend.schedulerName
[INFO] Coalescing path $.queryFrontend.sidecars
[INFO] Coalescing path $.queryFrontend.tolerations
[INFO] Coalescing path $.queryFrontend.topologySpreadConstraints
[INFO] Coalescing path $.queryFrontend.updateStrategy
[INFO] Coalescing path $.receive.affinity
[INFO] Coalescing path $.receive.args
[INFO] Coalescing path $.receive.automountServiceAccountToken
[INFO] Coalescing path $.receive.command
[INFO] Coalescing path $.receive.containerSecurityContext
[INFO] Coalescing path $.receive.customLivenessProbe
[INFO] Coalescing path $.receive.customReadinessProbe
[INFO] Coalescing path $.receive.customStartupProbe
[INFO] Coalescing path $.receive.dnsConfig
[INFO] Coalescing path $.receive.dnsPolicy
[INFO] Coalescing path $.receive.enabled
[INFO] Coalescing path $.receive.externalAutoscaler
[INFO] Coalescing path $.receive.extraEnvVars
[INFO] Coalescing path $.receive.extraEnvVarsCM
[INFO] Coalescing path $.receive.extraEnvVarsSecret
[INFO] Coalescing path $.receive.extraFlags
[INFO] Coalescing path $.receive.extraVolumeMounts
[INFO] Coalescing path $.receive.extraVolumes
[INFO] Coalescing path $.receive.hostAliases
[INFO] Coalescing path $.receive.initContainers
[INFO] Coalescing path $.receive.lifecycleHooks
[INFO] Coalescing path $.receive.logFormat
[INFO] Coalescing path $.receive.logLevel
[INFO] Coalescing path $.receive.minReadySeconds
[INFO] Coalescing path $.receive.mode
[INFO] Coalescing path $.receive.nodeSelector
[INFO] Coalescing path $.receive.podAffinityPreset
[INFO] Coalescing path $.receive.podAnnotations
[INFO] Coalescing path $.receive.podAntiAffinityPreset
[INFO] Coalescing path $.receive.podLabels
[INFO] Coalescing path $.receive.podManagementPolicy
[INFO] Coalescing path $.receive.podSecurityContext
[INFO] Coalescing path $.receive.priorityClassName
[INFO] Coalescing path $.receive.replicaCount
[INFO] Coalescing path $.receive.replicaLabel
[INFO] Coalescing path $.receive.replicationFactor
[INFO] Coalescing path $.receive.replicationProtocol
[INFO] Coalescing path $.receive.resources
[INFO] Coalescing path $.receive.revisionHistoryLimit
[INFO] Coalescing path $.receive.schedulerName
[INFO] Coalescing path $.receive.sidecars
[INFO] Coalescing path $.receive.statefulsetAnnotations
[INFO] Coalescing path $.receive.statefulsetLabels
[INFO] Coalescing path $.receive.terminationGracePeriodSeconds
[INFO] Coalescing path $.receive.tolerations
[INFO] Coalescing path $.receive.topologySpreadConstraints
[INFO] Coalescing path $.receive.tsdbPath
[INFO] Coalescing path $.receive.tsdbRetention
[INFO] Coalescing path $.receive.updateStrategy
[INFO] Coalescing path $.receiveDistributor.affinity
[INFO] Coalescing path $.receiveDistributor.args
[INFO] Coalescing path $.receiveDistributor.automountServiceAccountToken
[INFO] Coalescing path $.receiveDistributor.command
[INFO] Coalescing path $.receiveDistributor.containerSecurityContext
[INFO] Coalescing path $.receiveDistributor.customLivenessProbe
[INFO] Coalescing path $.receiveDistributor.customReadinessProbe
[INFO] Coalescing path $.receiveDistributor.customStartupProbe
[INFO] Coalescing path $.receiveDistributor.dnsConfig
[INFO] Coalescing path $.receiveDistributor.dnsPolicy
[INFO] Coalescing path $.receiveDistributor.enabled
[INFO] Coalescing path $.receiveDistributor.externalAutoscaler
[INFO] Coalescing path $.receiveDistributor.extraEnvVars
[INFO] Coalescing path $.receiveDistributor.extraEnvVarsCM
[INFO] Coalescing path $.receiveDistributor.extraEnvVarsSecret
[INFO] Coalescing path $.receiveDistributor.extraFlags
[INFO] Coalescing path $.receiveDistributor.extraVolumeMounts
[INFO] Coalescing path $.receiveDistributor.extraVolumes
[INFO] Coalescing path $.receiveDistributor.hostAliases
[INFO] Coalescing path $.receiveDistributor.initContainers
[INFO] Coalescing path $.receiveDistributor.lifecycleHooks
[INFO] Coalescing path $.receiveDistributor.logFormat
[INFO] Coalescing path $.receiveDistributor.logLevel
[INFO] Coalescing path $.receiveDistributor.nodeSelector
[INFO] Coalescing path $.receiveDistributor.podAffinityPreset
[INFO] Coalescing path $.receiveDistributor.podAnnotations
[INFO] Coalescing path $.receiveDistributor.podAntiAffinityPreset
[INFO] Coalescing path $.receiveDistributor.podLabels
[INFO] Coalescing path $.receiveDistributor.podSecurityContext
[INFO] Coalescing path $.receiveDistributor.priorityClassName
[INFO] Coalescing path $.receiveDistributor.replicaCount
[INFO] Coalescing path $.receiveDistributor.replicaLabel
[INFO] Coalescing path $.receiveDistributor.replicationFactor
[INFO] Coalescing path $.receiveDistributor.replicationProtocol
[INFO] Coalescing path $.receiveDistributor.resources
[INFO] Coalescing path $.receiveDistributor.revisionHistoryLimit
[INFO] Coalescing path $.receiveDistributor.schedulerName
[INFO] Coalescing path $.receiveDistributor.sidecars
[INFO] Coalescing path $.receiveDistributor.terminationGracePeriodSeconds
[INFO] Coalescing path $.receiveDistributor.tolerations
[INFO] Coalescing path $.receiveDistributor.topologySpreadConstraints
[INFO] Coalescing path $.receiveDistributor.updateStrategy
[INFO] Coalescing path $.ruler.affinity
[INFO] Coalescing path $.ruler.alertmanagers
[INFO] Coalescing path $.ruler.alertmanagersConfig
[INFO] Coalescing path $.ruler.args
[INFO] Coalescing path $.ruler.automountServiceAccountToken
[INFO] Coalescing path $.ruler.clusterName
[INFO] Coalescing path $.ruler.command
[INFO] Coalescing path $.ruler.containerSecurityContext
[INFO] Coalescing path $.ruler.customLivenessProbe
[INFO] Coalescing path $.ruler.customReadinessProbe
[INFO] Coalescing path $.ruler.customStartupProbe
[INFO] Coalescing path $.ruler.dataPath
[INFO] Coalescing path $.ruler.dnsConfig
[INFO] Coalescing path $.ruler.dnsPolicy
[INFO] Coalescing path $.ruler.enabled
[INFO] Coalescing path $.ruler.evalInterval
[INFO] Coalescing path $.ruler.externalAutoscaler
[INFO] Coalescing path $.ruler.extraEnvVars
[INFO] Coalescing path $.ruler.extraEnvVarsCM
[INFO] Coalescing path $.ruler.extraEnvVarsSecret
[INFO] Coalescing path $.ruler.extraFlags
[INFO] Coalescing path $.ruler.extraVolumeMounts
[INFO] Coalescing path $.ruler.extraVolumes
[INFO] Coalescing path $.ruler.hostAliases
[INFO] Coalescing path $.ruler.initContainers
[INFO] Coalescing path $.ruler.lifecycleHooks
[INFO] Coalescing path $.ruler.logFormat
[INFO] Coalescing path $.ruler.logLevel
[INFO] Coalescing path $.ruler.nodeSelector
[INFO] Coalescing path $.ruler.podAffinityPreset
[INFO] Coalescing path $.ruler.podAnnotations
[INFO] Coalescing path $.ruler.podAntiAffinityPreset
[INFO] Coalescing path $.ruler.podLabels
[INFO] Coalescing path $.ruler.podManagementPolicy
[INFO] Coalescing path $.ruler.podSecurityContext
[INFO] Coalescing path $.ruler.priorityClassName
[INFO] Coalescing path $.ruler.queries
[INFO] Coalescing path $.ruler.replicaCount
[INFO] Coalescing path $.ruler.replicaLabel
[INFO] Coalescing path $.ruler.resources
[INFO] Coalescing path $.ruler.revisionHistoryLimit
[INFO] Coalescing path $.ruler.ruleFile
[INFO] Coalescing path $.ruler.schedulerName
[INFO] Coalescing path $.ruler.sidecars
[INFO] Coalescing path $.ruler.statefulsetAnnotations
[INFO] Coalescing path $.ruler.statefulsetLabels
[INFO] Coalescing path $.ruler.tolerations
[INFO] Coalescing path $.ruler.topologySpreadConstraints
[INFO] Coalescing path $.ruler.updateStrategy
[INFO] Coalescing path $.storegateway.affinity
[INFO] Coalescing path $.storegateway.args
[INFO] Coalescing path $.storegateway.automountServiceAccountToken
[INFO] Coalescing path $.storegateway.command
[INFO] Coalescing path $.storegateway.config
[INFO] Coalescing path $.storegateway.containerSecurityContext
[INFO] Coalescing path $.storegateway.customLivenessProbe
[INFO] Coalescing path $.storegateway.customReadinessProbe
[INFO] Coalescing path $.storegateway.customStartupProbe
[INFO] Coalescing path $.storegateway.dnsConfig
[INFO] Coalescing path $.storegateway.dnsPolicy
[INFO] Coalescing path $.storegateway.enabled
[INFO] Coalescing path $.storegateway.existingConfigmap
[INFO] Coalescing path $.storegateway.externalAutoscaler
[INFO] Coalescing path $.storegateway.extraEnvVars
[INFO] Coalescing path $.storegateway.extraEnvVarsCM
[INFO] Coalescing path $.storegateway.extraEnvVarsSecret
[INFO] Coalescing path $.storegateway.extraFlags
[INFO] Coalescing path $.storegateway.extraVolumeMounts
[INFO] Coalescing path $.storegateway.extraVolumes
[INFO] Coalescing path $.storegateway.hostAliases
[INFO] Coalescing path $.storegateway.initContainers
[INFO] Coalescing path $.storegateway.lifecycleHooks
[INFO] Coalescing path $.storegateway.livenessProbe
[INFO] Coalescing path $.storegateway.logFormat
[INFO] Coalescing path $.storegateway.logLevel
[INFO] Coalescing path $.storegateway.nodeSelector
[INFO] Coalescing path $.storegateway.persistence
[INFO] Coalescing path $.storegateway.podAffinityPreset
[INFO] Coalescing path $.storegateway.podAnnotations
[INFO] Coalescing path $.storegateway.podAntiAffinityPreset
[INFO] Coalescing path $.storegateway.podLabels
[INFO] Coalescing path $.storegateway.podManagementPolicy
[INFO] Coalescing path $.storegateway.podSecurityContext
[INFO] Coalescing path $.storegateway.priorityClassName
[INFO] Coalescing path $.storegateway.readinessProbe
[INFO] Coalescing path $.storegateway.replicaCount
[INFO] Coalescing path $.storegateway.resources
[INFO] Coalescing path $.storegateway.resourcesPreset
[INFO] Coalescing path $.storegateway.revisionHistoryLimit
[INFO] Coalescing path $.storegateway.schedulerName
[INFO] Coalescing path $.storegateway.sidecars
[INFO] Coalescing path $.storegateway.startupProbe
[INFO] Coalescing path $.storegateway.statefulsetAnnotations
[INFO] Coalescing path $.storegateway.statefulsetLabels
[INFO] Coalescing path $.storegateway.tolerations
[INFO] Coalescing path $.storegateway.topologySpreadConstraints
[INFO] Coalescing path $.storegateway.updateStrategy
[INFO] Coalescing path $.storegateway.useEndpointGroup
[INFO] Coalescing path $.volumePermissions.enabled
[INFO] Coalescing path $.volumePermissions.image
[INFO] Coalescing path $.bucketweb.autoscaling.behavior
[INFO] Coalescing path $.bucketweb.autoscaling.enabled
[INFO] Coalescing path $.bucketweb.autoscaling.maxReplicas
[INFO] Coalescing path $.bucketweb.autoscaling.minReplicas
[INFO] Coalescing path $.bucketweb.autoscaling.targetCPU
[INFO] Coalescing path $.bucketweb.autoscaling.targetMemory
[INFO] Coalescing path $.bucketweb.containerPorts.http
[INFO] Coalescing path $.bucketweb.containerSecurityContext.enabled
[INFO] Coalescing path $.bucketweb.httpRoute.annotations
[INFO] Coalescing path $.bucketweb.httpRoute.enabled
[INFO] Coalescing path $.bucketweb.httpRoute.extraRules
[INFO] Coalescing path $.bucketweb.httpRoute.filters
[INFO] Coalescing path $.bucketweb.httpRoute.hostnames
[INFO] Coalescing path $.bucketweb.httpRoute.labels
[INFO] Coalescing path $.bucketweb.httpRoute.matches
[INFO] Coalescing path $.bucketweb.httpRoute.parentRefs
[INFO] Coalescing path $.bucketweb.httpRoute.timeouts
[INFO] Coalescing path $.bucketweb.ingress.annotations
[INFO] Coalescing path $.bucketweb.ingress.enabled
[INFO] Coalescing path $.bucketweb.ingress.extraHosts
[INFO] Coalescing path $.bucketweb.ingress.extraRules
[INFO] Coalescing path $.bucketweb.ingress.extraTls
[INFO] Coalescing path $.bucketweb.ingress.hostname
[INFO] Coalescing path $.bucketweb.ingress.ingressClassName
[INFO] Coalescing path $.bucketweb.ingress.labels
[INFO] Coalescing path $.bucketweb.ingress.path
[INFO] Coalescing path $.bucketweb.ingress.pathType
[INFO] Coalescing path $.bucketweb.ingress.secrets
[INFO] Coalescing path $.bucketweb.ingress.selfSigned
[INFO] Coalescing path $.bucketweb.ingress.tls
[INFO] Coalescing path $.bucketweb.networkPolicy.allowExternal
[INFO] Coalescing path $.bucketweb.networkPolicy.allowExternalEgress
[INFO] Coalescing path $.bucketweb.networkPolicy.enabled
[INFO] Coalescing path $.bucketweb.networkPolicy.extraIngress
[INFO] Coalescing path $.bucketweb.networkPolicy.ingressNSMatchLabels
[INFO] Coalescing path $.bucketweb.networkPolicy.ingressNSPodMatchLabels
[INFO] Coalescing path $.bucketweb.nodeAffinityPreset.key
[INFO] Coalescing path $.bucketweb.nodeAffinityPreset.type
[INFO] Coalescing path $.bucketweb.nodeAffinityPreset.values
[INFO] Coalescing path $.bucketweb.pdb.create
[INFO] Coalescing path $.bucketweb.pdb.maxUnavailable
[INFO] Coalescing path $.bucketweb.pdb.minAvailable
[INFO] Coalescing path $.bucketweb.podSecurityContext.enabled
[INFO] Coalescing path $.bucketweb.service.annotations
[INFO] Coalescing path $.bucketweb.service.clusterIP
[INFO] Coalescing path $.bucketweb.service.externalTrafficPolicy
[INFO] Coalescing path $.bucketweb.service.extraPorts
[INFO] Coalescing path $.bucketweb.service.ipFamilies
[INFO] Coalescing path $.bucketweb.service.ipFamilyPolicy
[INFO] Coalescing path $.bucketweb.service.labelSelectorsOverride
[INFO] Coalescing path $.bucketweb.service.labels
[INFO] Coalescing path $.bucketweb.service.loadBalancerIP
[INFO] Coalescing path $.bucketweb.service.loadBalancerSourceRanges
[INFO] Coalescing path $.bucketweb.service.type
[INFO] Coalescing path $.bucketweb.serviceAccount.annotations
[INFO] Coalescing path $.bucketweb.serviceAccount.automountServiceAccountToken
[INFO] Coalescing path $.bucketweb.serviceAccount.create
[INFO] Coalescing path $.compactor.containerPorts.http
[INFO] Coalescing path $.compactor.cronJob.activeDeadlineSeconds
[INFO] Coalescing path $.compactor.cronJob.backoffLimit
[INFO] Coalescing path $.compactor.cronJob.concurrencyPolicy
[INFO] Coalescing path $.compactor.cronJob.enabled
[INFO] Coalescing path $.compactor.cronJob.failedJobsHistoryLimit
[INFO] Coalescing path $.compactor.cronJob.schedule
[INFO] Coalescing path $.compactor.cronJob.startingDeadlineSeconds
[INFO] Coalescing path $.compactor.cronJob.successfulJobsHistoryLimit
[INFO] Coalescing path $.compactor.cronJob.suspend
[INFO] Coalescing path $.compactor.cronJob.timeZone
[INFO] Coalescing path $.compactor.cronJob.ttlSecondsAfterFinished
[INFO] Coalescing path $.compactor.httpRoute.annotations
[INFO] Coalescing path $.compactor.httpRoute.enabled
[INFO] Coalescing path $.compactor.httpRoute.extraRules
[INFO] Coalescing path $.compactor.httpRoute.filters
[INFO] Coalescing path $.compactor.httpRoute.hostnames
[INFO] Coalescing path $.compactor.httpRoute.labels
[INFO] Coalescing path $.compactor.httpRoute.matches
[INFO] Coalescing path $.compactor.httpRoute.parentRefs
[INFO] Coalescing path $.compactor.httpRoute.timeouts
[INFO] Coalescing path $.compactor.ingress.annotations
[INFO] Coalescing path $.compactor.ingress.enabled
[INFO] Coalescing path $.compactor.ingress.extraHosts
[INFO] Coalescing path $.compactor.ingress.extraRules
[INFO] Coalescing path $.compactor.ingress.extraTls
[INFO] Coalescing path $.compactor.ingress.hostname
[INFO] Coalescing path $.compactor.ingress.ingressClassName
[INFO] Coalescing path $.compactor.ingress.labels
[INFO] Coalescing path $.compactor.ingress.path
[INFO] Coalescing path $.compactor.ingress.pathType
[INFO] Coalescing path $.compactor.ingress.secrets
[INFO] Coalescing path $.compactor.ingress.selfSigned
[INFO] Coalescing path $.compactor.ingress.tls
[INFO] Coalescing path $.compactor.networkPolicy.allowExternal
[INFO] Coalescing path $.compactor.networkPolicy.allowExternalEgress
[INFO] Coalescing path $.compactor.networkPolicy.enabled
[INFO] Coalescing path $.compactor.networkPolicy.extraIngress
[INFO] Coalescing path $.compactor.networkPolicy.ingressNSMatchLabels
[INFO] Coalescing path $.compactor.networkPolicy.ingressNSPodMatchLabels
[INFO] Coalescing path $.compactor.persistence.accessModes
[INFO] Coalescing path $.compactor.persistence.annotations
[INFO] Coalescing path $.compactor.persistence.enabled
[INFO] Coalescing path $.compactor.persistence.ephemeral
[INFO] Coalescing path $.compactor.persistence.existingClaim
[INFO] Coalescing path $.compactor.persistence.labels
[INFO] Coalescing path $.compactor.persistence.size
[INFO] Coalescing path $.compactor.service.annotations
[INFO] Coalescing path $.compactor.service.clusterIP
[INFO] Coalescing path $.compactor.service.externalTrafficPolicy
[INFO] Coalescing path $.compactor.service.extraPorts
[INFO] Coalescing path $.compactor.service.ipFamilies
[INFO] Coalescing path $.compactor.service.ipFamilyPolicy
[INFO] Coalescing path $.compactor.service.labelSelectorsOverride
[INFO] Coalescing path $.compactor.service.labels
[INFO] Coalescing path $.compactor.service.loadBalancerIP
[INFO] Coalescing path $.compactor.service.loadBalancerSourceRanges
[INFO] Coalescing path $.compactor.service.type
[INFO] Coalescing path $.compactor.serviceAccount.annotations
[INFO] Coalescing path $.compactor.serviceAccount.automountServiceAccountToken
[INFO] Coalescing path $.compactor.serviceAccount.create
[INFO] Coalescing path $.metrics.prometheusRule.additionalLabels
[INFO] Coalescing path $.metrics.prometheusRule.enabled
[INFO] Coalescing path $.metrics.prometheusRule.groups
[INFO] Coalescing path $.metrics.prometheusRule.namespace
[INFO] Coalescing path $.metrics.prometheusRule.runbookUrl
[INFO] Coalescing path $.metrics.serviceMonitor.enabled
[INFO] Coalescing path $.metrics.serviceMonitor.extraParameters
[INFO] Coalescing path $.metrics.serviceMonitor.interval
[INFO] Coalescing path $.metrics.serviceMonitor.jobLabel
[INFO] Coalescing path $.metrics.serviceMonitor.labels
[INFO] Coalescing path $.metrics.serviceMonitor.metricRelabelings
[INFO] Coalescing path $.metrics.serviceMonitor.namespace
[INFO] Coalescing path $.metrics.serviceMonitor.relabelings
[INFO] Coalescing path $.metrics.serviceMonitor.scrapeTimeout
[INFO] Coalescing path $.metrics.serviceMonitor.selector
[INFO] Coalescing path $.minio.containerPorts.api
[INFO] Coalescing path $.query.autoscaling.behavior
[INFO] Coalescing path $.query.autoscaling.enabled
[INFO] Coalescing path $.query.autoscaling.maxReplicas
[INFO] Coalescing path $.query.autoscaling.minReplicas
[INFO] Coalescing path $.query.autoscaling.targetCPU
[INFO] Coalescing path $.query.autoscaling.targetMemory
[INFO] Coalescing path $.query.autoscaling.targetPodMetrics
[INFO] Coalescing path $.query.containerPorts.grpc
[INFO] Coalescing path $.query.containerPorts.http
[INFO] Coalescing path $.query.containerSecurityContext.enabled
[INFO] Coalescing path $.query.dnsDiscovery.enabled
[INFO] Coalescing path $.query.dnsDiscovery.sidecarsNamespace
[INFO] Coalescing path $.query.dnsDiscovery.sidecarsService
[INFO] Coalescing path $.query.httpRoute.annotations
[INFO] Coalescing path $.query.httpRoute.enabled
[INFO] Coalescing path $.query.httpRoute.extraRules
[INFO] Coalescing path $.query.httpRoute.filters
[INFO] Coalescing path $.query.httpRoute.hostnames
[INFO] Coalescing path $.query.httpRoute.labels
[INFO] Coalescing path $.query.httpRoute.matches
[INFO] Coalescing path $.query.httpRoute.parentRefs
[INFO] Coalescing path $.query.httpRoute.timeouts
[INFO] Coalescing path $.query.ingress.annotations
[INFO] Coalescing path $.query.ingress.enabled
[INFO] Coalescing path $.query.ingress.extraHosts
[INFO] Coalescing path $.query.ingress.extraRules
[INFO] Coalescing path $.query.ingress.extraTls
[INFO] Coalescing path $.query.ingress.hostname
[INFO] Coalescing path $.query.ingress.ingressClassName
[INFO] Coalescing path $.query.ingress.labels
[INFO] Coalescing path $.query.ingress.path
[INFO] Coalescing path $.query.ingress.pathType
[INFO] Coalescing path $.query.ingress.secretName
[INFO] Coalescing path $.query.ingress.secrets
[INFO] Coalescing path $.query.ingress.selfSigned
[INFO] Coalescing path $.query.ingress.tls
[INFO] Coalescing path $.query.networkPolicy.allowExternal
[INFO] Coalescing path $.query.networkPolicy.allowExternalEgress
[INFO] Coalescing path $.query.networkPolicy.enabled
[INFO] Coalescing path $.query.networkPolicy.extraEgress
[INFO] Coalescing path $.query.networkPolicy.extraIngress
[INFO] Coalescing path $.query.networkPolicy.ingressNSMatchLabels
[INFO] Coalescing path $.query.networkPolicy.ingressNSPodMatchLabels
[INFO] Coalescing path $.query.nodeAffinityPreset.key
[INFO] Coalescing path $.query.nodeAffinityPreset.type
[INFO] Coalescing path $.query.nodeAffinityPreset.values
[INFO] Coalescing path $.query.pdb.create
[INFO] Coalescing path $.query.pdb.maxUnavailable
[INFO] Coalescing path $.query.pdb.minAvailable
[INFO] Coalescing path $.query.podSecurityContext.enabled
[INFO] Coalescing path $.query.rbac.create
[INFO] Coalescing path $.query.rbac.rules
[INFO] Coalescing path $.query.replicaLabel[*]
[INFO] Coalescing path $.query.service.additionalHeadless
[INFO] Coalescing path $.query.service.annotations
[INFO] Coalescing path $.query.service.clusterIP
[INFO] Coalescing path $.query.service.externalTrafficPolicy
[INFO] Coalescing path $.query.service.extraPorts
[INFO] Coalescing path $.query.service.ipFamilies
[INFO] Coalescing path $.query.service.ipFamilyPolicy
[INFO] Coalescing path $.query.service.labelSelectorsOverride
[INFO] Coalescing path $.query.service.labels
[INFO] Coalescing path $.query.service.loadBalancerIP
[INFO] Coalescing path $.query.service.loadBalancerSourceRanges
[INFO] Coalescing path $.query.service.type
[INFO] Coalescing path $.query.serviceAccount.annotations
[INFO] Coalescing path $.query.serviceAccount.automountServiceAccountToken
[INFO] Coalescing path $.query.serviceAccount.create
[INFO] Coalescing path $.query.serviceGrpc.additionalHeadless
[INFO] Coalescing path $.query.serviceGrpc.annotations
[INFO] Coalescing path $.query.serviceGrpc.clusterIP
[INFO] Coalescing path $.query.serviceGrpc.externalTrafficPolicy
[INFO] Coalescing path $.query.serviceGrpc.extraPorts
[INFO] Coalescing path $.query.serviceGrpc.ipFamilies
[INFO] Coalescing path $.query.serviceGrpc.ipFamilyPolicy
[INFO] Coalescing path $.query.serviceGrpc.labelSelectorsOverride
[INFO] Coalescing path $.query.serviceGrpc.labels
[INFO] Coalescing path $.query.serviceGrpc.loadBalancerIP
[INFO] Coalescing path $.query.serviceGrpc.loadBalancerSourceRanges
[INFO] Coalescing path $.query.serviceGrpc.type
[INFO] Coalescing path $.query.stores[*]
[INFO] Coalescing path $.queryFrontend.autoscaling.behavior
[INFO] Coalescing path $.queryFrontend.autoscaling.enabled
[INFO] Coalescing path $.queryFrontend.autoscaling.maxReplicas
[INFO] Coalescing path $.queryFrontend.autoscaling.minReplicas
[INFO] Coalescing path $.queryFrontend.autoscaling.targetCPU
[INFO] Coalescing path $.queryFrontend.autoscaling.targetMemory
[INFO] Coalescing path $.queryFrontend.containerPorts.grpc
[INFO] Coalescing path $.queryFrontend.containerPorts.http
[INFO] Coalescing path $.queryFrontend.containerSecurityContext.enabled
[INFO] Coalescing path $.queryFrontend.httpRoute.annotations
[INFO] Coalescing path $.queryFrontend.httpRoute.enabled
[INFO] Coalescing path $.queryFrontend.httpRoute.extraRules
[INFO] Coalescing path $.queryFrontend.httpRoute.filters
[INFO] Coalescing path $.queryFrontend.httpRoute.hostnames
[INFO] Coalescing path $.queryFrontend.httpRoute.labels
[INFO] Coalescing path $.queryFrontend.httpRoute.matches
[INFO] Coalescing path $.queryFrontend.httpRoute.parentRefs
[INFO] Coalescing path $.queryFrontend.httpRoute.timeouts
[INFO] Coalescing path $.queryFrontend.ingress.annotations
[INFO] Coalescing path $.queryFrontend.ingress.enabled
[INFO] Coalescing path $.queryFrontend.ingress.extraHosts
[INFO] Coalescing path $.queryFrontend.ingress.extraRules
[INFO] Coalescing path $.queryFrontend.ingress.extraTls
[INFO] Coalescing path $.queryFrontend.ingress.hostname
[INFO] Coalescing path $.queryFrontend.ingress.ingressClassName
[INFO] Coalescing path $.queryFrontend.ingress.labels
[INFO] Coalescing path $.queryFrontend.ingress.path
[INFO] Coalescing path $.queryFrontend.ingress.pathType
[INFO] Coalescing path $.queryFrontend.ingress.secrets
[INFO] Coalescing path $.queryFrontend.ingress.selfSigned
[INFO] Coalescing path $.queryFrontend.ingress.tls
[INFO] Coalescing path $.queryFrontend.networkPolicy.allowExternal
[INFO] Coalescing path $.queryFrontend.networkPolicy.allowExternalEgress
[INFO] Coalescing path $.queryFrontend.networkPolicy.enabled
[INFO] Coalescing path $.queryFrontend.networkPolicy.extraIngress
[INFO] Coalescing path $.queryFrontend.networkPolicy.ingressNSMatchLabels
[INFO] Coalescing path $.queryFrontend.networkPolicy.ingressNSPodMatchLabels
[INFO] Coalescing path $.queryFrontend.nodeAffinityPreset.key
[INFO] Coalescing path $.queryFrontend.nodeAffinityPreset.type
[INFO] Coalescing path $.queryFrontend.nodeAffinityPreset.values
[INFO] Coalescing path $.queryFrontend.pdb.create
[INFO] Coalescing path $.queryFrontend.pdb.maxUnavailable
[INFO] Coalescing path $.queryFrontend.pdb.minAvailable
[INFO] Coalescing path $.queryFrontend.podSecurityContext.enabled
[INFO] Coalescing path $.queryFrontend.rbac.create
[INFO] Coalescing path $.queryFrontend.rbac.rules
[INFO] Coalescing path $.queryFrontend.service.annotations
[INFO] Coalescing path $.queryFrontend.service.clusterIP
[INFO] Coalescing path $.queryFrontend.service.externalTrafficPolicy
[INFO] Coalescing path $.queryFrontend.service.extraPorts
[INFO] Coalescing path $.queryFrontend.service.ipFamilies
[INFO] Coalescing path $.queryFrontend.service.ipFamilyPolicy
[INFO] Coalescing path $.queryFrontend.service.labelSelectorsOverride
[INFO] Coalescing path $.queryFrontend.service.labels
[INFO] Coalescing path $.queryFrontend.service.loadBalancerIP
[INFO] Coalescing path $.queryFrontend.service.loadBalancerSourceRanges
[INFO] Coalescing path $.queryFrontend.service.type
[INFO] Coalescing path $.queryFrontend.serviceAccount.annotations
[INFO] Coalescing path $.queryFrontend.serviceAccount.automountServiceAccountToken
[INFO] Coalescing path $.queryFrontend.serviceAccount.create
[INFO] Coalescing path $.receive.autoscaling.behavior
[INFO] Coalescing path $.receive.autoscaling.enabled
[INFO] Coalescing path $.receive.autoscaling.maxReplicas
[INFO] Coalescing path $.receive.autoscaling.minReplicas
[INFO] Coalescing path $.receive.autoscaling.targetCPU
[INFO] Coalescing path $.receive.autoscaling.targetMemory
[INFO] Coalescing path $.receive.containerPorts.capnproto
[INFO] Coalescing path $.receive.containerPorts.grpc
[INFO] Coalescing path $.receive.containerPorts.http
[INFO] Coalescing path $.receive.containerPorts.remote
[INFO] Coalescing path $.receive.containerSecurityContext.enabled
[INFO] Coalescing path $.receive.containerSecurityContext.runAsUser
[INFO] Coalescing path $.receive.httpRoute.annotations
[INFO] Coalescing path $.receive.httpRoute.enabled
[INFO] Coalescing path $.receive.httpRoute.extraRules
[INFO] Coalescing path $.receive.httpRoute.filters
[INFO] Coalescing path $.receive.httpRoute.hostnames
[INFO] Coalescing path $.receive.httpRoute.labels
[INFO] Coalescing path $.receive.httpRoute.matches
[INFO] Coalescing path $.receive.httpRoute.parentRefs
[INFO] Coalescing path $.receive.httpRoute.timeouts
[INFO] Coalescing path $.receive.ingress.annotations
[INFO] Coalescing path $.receive.ingress.enabled
[INFO] Coalescing path $.receive.ingress.extraHosts
[INFO] Coalescing path $.receive.ingress.extraRules
[INFO] Coalescing path $.receive.ingress.extraTls
[INFO] Coalescing path $.receive.ingress.hostname
[INFO] Coalescing path $.receive.ingress.ingressClassName
[INFO] Coalescing path $.receive.ingress.labels
[INFO] Coalescing path $.receive.ingress.path
[INFO] Coalescing path $.receive.ingress.pathType
[INFO] Coalescing path $.receive.ingress.secrets
[INFO] Coalescing path $.receive.ingress.selfSigned
[INFO] Coalescing path $.receive.ingress.tls
[INFO] Coalescing path $.receive.networkPolicy.allowExternal
[INFO] Coalescing path $.receive.networkPolicy.allowExternalEgress
[INFO] Coalescing path $.receive.networkPolicy.enabled
[INFO] Coalescing path $.receive.networkPolicy.extraEgress
[INFO] Coalescing path $.receive.networkPolicy.extraIngress
[INFO] Coalescing path $.receive.networkPolicy.ingressNSMatchLabels
[INFO] Coalescing path $.receive.networkPolicy.ingressNSPodMatchLabels
[INFO] Coalescing path $.receive.nodeAffinityPreset.key
[INFO] Coalescing path $.receive.nodeAffinityPreset.type
[INFO] Coalescing path $.receive.nodeAffinityPreset.values
[INFO] Coalescing path $.receive.pdb.create
[INFO] Coalescing path $.receive.pdb.maxUnavailable
[INFO] Coalescing path $.receive.pdb.minAvailable
[INFO] Coalescing path $.receive.persistence.enabled
[INFO] Coalescing path $.receive.persistence.existingClaim
[INFO] Coalescing path $.receive.podSecurityContext.enabled
[INFO] Coalescing path $.receive.podSecurityContext.fsGroup
[INFO] Coalescing path $.receive.service.additionalHeadless
[INFO] Coalescing path $.receive.service.annotations
[INFO] Coalescing path $.receive.service.clusterIP
[INFO] Coalescing path $.receive.service.externalTrafficPolicy
[INFO] Coalescing path $.receive.service.extraPorts
[INFO] Coalescing path $.receive.service.ipFamilies
[INFO] Coalescing path $.receive.service.ipFamilyPolicy
[INFO] Coalescing path $.receive.service.labelSelectorsOverride
[INFO] Coalescing path $.receive.service.labels
[INFO] Coalescing path $.receive.service.loadBalancerIP
[INFO] Coalescing path $.receive.service.loadBalancerSourceRanges
[INFO] Coalescing path $.receive.service.type
[INFO] Coalescing path $.receive.serviceAccount.annotations
[INFO] Coalescing path $.receive.serviceAccount.automountServiceAccountToken
[INFO] Coalescing path $.receive.serviceAccount.create
[INFO] Coalescing path $.receiveDistributor.autoscaling.behavior
[INFO] Coalescing path $.receiveDistributor.autoscaling.enabled
[INFO] Coalescing path $.receiveDistributor.autoscaling.maxReplicas
[INFO] Coalescing path $.receiveDistributor.autoscaling.minReplicas
[INFO] Coalescing path $.receiveDistributor.autoscaling.targetCPU
[INFO] Coalescing path $.receiveDistributor.autoscaling.targetMemory
[INFO] Coalescing path $.receiveDistributor.containerSecurityContext.enabled
[INFO] Coalescing path $.receiveDistributor.nodeAffinityPreset.key
[INFO] Coalescing path $.receiveDistributor.nodeAffinityPreset.type
[INFO] Coalescing path $.receiveDistributor.nodeAffinityPreset.values
[INFO] Coalescing path $.receiveDistributor.pdb.create
[INFO] Coalescing path $.receiveDistributor.pdb.maxUnavailable
[INFO] Coalescing path $.receiveDistributor.pdb.minAvailable
[INFO] Coalescing path $.receiveDistributor.podSecurityContext.enabled
[INFO] Coalescing path $.receiveDistributor.serviceAccount.annotations
[INFO] Coalescing path $.receiveDistributor.serviceAccount.automountServiceAccountToken
[INFO] Coalescing path $.receiveDistributor.serviceAccount.create
[INFO] Coalescing path $.ruler.alertmanagers[*]
[INFO] Coalescing path $.ruler.autoscaling.behavior
[INFO] Coalescing path $.ruler.autoscaling.enabled
[INFO] Coalescing path $.ruler.autoscaling.maxReplicas
[INFO] Coalescing path $.ruler.autoscaling.minReplicas
[INFO] Coalescing path $.ruler.autoscaling.targetCPU
[INFO] Coalescing path $.ruler.autoscaling.targetMemory
[INFO] Coalescing path $.ruler.containerPorts.grpc
[INFO] Coalescing path $.ruler.containerPorts.http
[INFO] Coalescing path $.ruler.containerSecurityContext.enabled
[INFO] Coalescing path $.ruler.containerSecurityContext.runAsUser
[INFO] Coalescing path $.ruler.dnsDiscovery.enabled
[INFO] Coalescing path $.ruler.httpRoute.annotations
[INFO] Coalescing path $.ruler.httpRoute.enabled
[INFO] Coalescing path $.ruler.httpRoute.extraRules
[INFO] Coalescing path $.ruler.httpRoute.filters
[INFO] Coalescing path $.ruler.httpRoute.hostnames
[INFO] Coalescing path $.ruler.httpRoute.labels
[INFO] Coalescing path $.ruler.httpRoute.matches
[INFO] Coalescing path $.ruler.httpRoute.parentRefs
[INFO] Coalescing path $.ruler.httpRoute.timeouts
[INFO] Coalescing path $.ruler.ingress.annotations
[INFO] Coalescing path $.ruler.ingress.enabled
[INFO] Coalescing path $.ruler.ingress.extraHosts
[INFO] Coalescing path $.ruler.ingress.extraRules
[INFO] Coalescing path $.ruler.ingress.extraTls
[INFO] Coalescing path $.ruler.ingress.hostname
[INFO] Coalescing path $.ruler.ingress.ingressClassName
[INFO] Coalescing path $.ruler.ingress.labels
[INFO] Coalescing path $.ruler.ingress.path
[INFO] Coalescing path $.ruler.ingress.pathType
[INFO] Coalescing path $.ruler.ingress.secrets
[INFO] Coalescing path $.ruler.ingress.selfSigned
[INFO] Coalescing path $.ruler.ingress.tls
[INFO] Coalescing path $.ruler.networkPolicy.allowExternal
[INFO] Coalescing path $.ruler.networkPolicy.allowExternalEgress
[INFO] Coalescing path $.ruler.networkPolicy.enabled
[INFO] Coalescing path $.ruler.networkPolicy.extraEgress
[INFO] Coalescing path $.ruler.networkPolicy.extraIngress
[INFO] Coalescing path $.ruler.networkPolicy.ingressNSMatchLabels
[INFO] Coalescing path $.ruler.networkPolicy.ingressNSPodMatchLabels
[INFO] Coalescing path $.ruler.nodeAffinityPreset.key
[INFO] Coalescing path $.ruler.nodeAffinityPreset.type
[INFO] Coalescing path $.ruler.nodeAffinityPreset.values
[INFO] Coalescing path $.ruler.pdb.create
[INFO] Coalescing path $.ruler.pdb.maxUnavailable
[INFO] Coalescing path $.ruler.pdb.minAvailable
[INFO] Coalescing path $.ruler.persistence.enabled
[INFO] Coalescing path $.ruler.persistence.existingClaim
[INFO] Coalescing path $.ruler.podSecurityContext.enabled
[INFO] Coalescing path $.ruler.podSecurityContext.fsGroup
[INFO] Coalescing path $.ruler.queries[*]
[INFO] Coalescing path $.ruler.service.additionalHeadless
[INFO] Coalescing path $.ruler.service.annotations
[INFO] Coalescing path $.ruler.service.clusterIP
[INFO] Coalescing path $.ruler.service.externalTrafficPolicy
[INFO] Coalescing path $.ruler.service.extraPorts
[INFO] Coalescing path $.ruler.service.ipFamilies
[INFO] Coalescing path $.ruler.service.ipFamilyPolicy
[INFO] Coalescing path $.ruler.service.labelSelectorsOverride
[INFO] Coalescing path $.ruler.service.labels
[INFO] Coalescing path $.ruler.service.loadBalancerIP
[INFO] Coalescing path $.ruler.service.loadBalancerSourceRanges
[INFO] Coalescing path $.ruler.service.type
[INFO] Coalescing path $.ruler.serviceAccount.annotations
[INFO] Coalescing path $.ruler.serviceAccount.automountServiceAccountToken
[INFO] Coalescing path $.ruler.serviceAccount.create
[INFO] Coalescing path $.storegateway.autoscaling.behavior
[INFO] Coalescing path $.storegateway.autoscaling.enabled
[INFO] Coalescing path $.storegateway.autoscaling.maxReplicas
[INFO] Coalescing path $.storegateway.autoscaling.minReplicas
[INFO] Coalescing path $.storegateway.autoscaling.targetCPU
[INFO] Coalescing path $.storegateway.autoscaling.targetMemory
[INFO] Coalescing path $.storegateway.containerPorts.grpc
[INFO] Coalescing path $.storegateway.containerPorts.http
[INFO] Coalescing path $.storegateway.containerSecurityContext.enabled
[INFO] Coalescing path $.storegateway.containerSecurityContext.runAsUser
[INFO] Coalescing path $.storegateway.httpRoute.annotations
[INFO] Coalescing path $.storegateway.httpRoute.enabled
[INFO] Coalescing path $.storegateway.httpRoute.extraRules
[INFO] Coalescing path $.storegateway.httpRoute.filters
[INFO] Coalescing path $.storegateway.httpRoute.hostnames
[INFO] Coalescing path $.storegateway.httpRoute.labels
[INFO] Coalescing path $.storegateway.httpRoute.matches
[INFO] Coalescing path $.storegateway.httpRoute.parentRefs
[INFO] Coalescing path $.storegateway.httpRoute.timeouts
[INFO] Coalescing path $.storegateway.ingress.annotations
[INFO] Coalescing path $.storegateway.ingress.enabled
[INFO] Coalescing path $.storegateway.ingress.extraHosts
[INFO] Coalescing path $.storegateway.ingress.extraRules
[INFO] Coalescing path $.storegateway.ingress.extraTls
[INFO] Coalescing path $.storegateway.ingress.hostname
[INFO] Coalescing path $.storegateway.ingress.ingressClassName
[INFO] Coalescing path $.storegateway.ingress.labels
[INFO] Coalescing path $.storegateway.ingress.path
[INFO] Coalescing path $.storegateway.ingress.pathType
[INFO] Coalescing path $.storegateway.ingress.secrets
[INFO] Coalescing path $.storegateway.ingress.selfSigned
[INFO] Coalescing path $.storegateway.ingress.tls
[INFO] Coalescing path $.storegateway.livenessProbe.enabled
[INFO] Coalescing path $.storegateway.networkPolicy.allowExternal
[INFO] Coalescing path $.storegateway.networkPolicy.allowExternalEgress
[INFO] Coalescing path $.storegateway.networkPolicy.enabled
[INFO] Coalescing path $.storegateway.networkPolicy.extraEgress
[INFO] Coalescing path $.storegateway.networkPolicy.extraIngress
[INFO] Coalescing path $.storegateway.networkPolicy.ingressNSMatchLabels
[INFO] Coalescing path $.storegateway.networkPolicy.ingressNSPodMatchLabels
[INFO] Coalescing path $.storegateway.nodeAffinityPreset.key
[INFO] Coalescing path $.storegateway.nodeAffinityPreset.type
[INFO] Coalescing path $.storegateway.nodeAffinityPreset.values
[INFO] Coalescing path $.storegateway.pdb.create
[INFO] Coalescing path $.storegateway.pdb.maxUnavailable
[INFO] Coalescing path $.storegateway.pdb.minAvailable
[INFO] Coalescing path $.storegateway.persistence.accessModes
[INFO] Coalescing path $.storegateway.persistence.annotations
[INFO] Coalescing path $.storegateway.persistence.enabled
[INFO] Coalescing path $.storegateway.persistence.existingClaim
[INFO] Coalescing path $.storegateway.persistence.labels
[INFO] Coalescing path $.storegateway.persistence.size
[INFO] Coalescing path $.storegateway.persistentVolumeClaimRetentionPolicy.enabled
[INFO] Coalescing path $.storegateway.persistentVolumeClaimRetentionPolicy.whenDeleted
[INFO] Coalescing path $.storegateway.persistentVolumeClaimRetentionPolicy.whenScaled
[INFO] Coalescing path $.storegateway.podSecurityContext.enabled
[INFO] Coalescing path $.storegateway.podSecurityContext.fsGroup
[INFO] Coalescing path $.storegateway.readinessProbe.enabled
[INFO] Coalescing path $.storegateway.service.additionalHeadless
[INFO] Coalescing path $.storegateway.service.annotations
[INFO] Coalescing path $.storegateway.service.clusterIP
[INFO] Coalescing path $.storegateway.service.externalTrafficPolicy
[INFO] Coalescing path $.storegateway.service.extraPorts
[INFO] Coalescing path $.storegateway.service.ipFamilies
[INFO] Coalescing path $.storegateway.service.ipFamilyPolicy
[INFO] Coalescing path $.storegateway.service.labelSelectorsOverride
[INFO] Coalescing path $.storegateway.service.labels
[INFO] Coalescing path $.storegateway.service.loadBalancerIP
[INFO] Coalescing path $.storegateway.service.loadBalancerSourceRanges
[INFO] Coalescing path $.storegateway.service.type
[INFO] Coalescing path $.storegateway.serviceAccount.annotations
[INFO] Coalescing path $.storegateway.serviceAccount.automountServiceAccountToken
[INFO] Coalescing path $.storegateway.serviceAccount.create
[INFO] Coalescing path $.storegateway.sharded.enabled
[INFO] Coalescing path $.storegateway.sharded.timePartitioning
[INFO] Coalescing path $.storegateway.startupProbe.enabled
[INFO] Coalescing path $.volumePermissions.image.pullPolicy
[INFO] Coalescing path $.bucketweb.networkPolicy.ingressNSMatchLabels[*]
[INFO] Coalescing path $.bucketweb.networkPolicy.ingressNSPodMatchLabels[*]
[INFO] Coalescing path $.bucketweb.service.nodePorts.http
[INFO] Coalescing path $.bucketweb.service.ports.http
[INFO] Coalescing path $.compactor.networkPolicy.ingressNSMatchLabels[*]
[INFO] Coalescing path $.compactor.networkPolicy.ingressNSPodMatchLabels[*]
[INFO] Coalescing path $.compactor.persistence.accessModes[*]
[INFO] Coalescing path $.compactor.service.nodePorts.http
[INFO] Coalescing path $.compactor.service.ports.http
[INFO] Coalescing path $.metrics.prometheusRule.default.absent_rules
[INFO] Coalescing path $.metrics.prometheusRule.default.compaction
[INFO] Coalescing path $.metrics.prometheusRule.default.create
[INFO] Coalescing path $.metrics.prometheusRule.default.query
[INFO] Coalescing path $.metrics.prometheusRule.default.receive
[INFO] Coalescing path $.metrics.prometheusRule.default.replicate
[INFO] Coalescing path $.metrics.prometheusRule.default.ruler
[INFO] Coalescing path $.metrics.prometheusRule.default.sidecar
[INFO] Coalescing path $.metrics.prometheusRule.default.sidecarJobRegex
[INFO] Coalescing path $.metrics.prometheusRule.default.store_gateway
[INFO] Coalescing path $.minio.service.ports.api
[INFO] Coalescing path $.query.grpc.client.serverName
[INFO] Coalescing path $.query.ingress.grpc.annotations
[INFO] Coalescing path $.query.ingress.grpc.enabled
[INFO] Coalescing path $.query.ingress.grpc.extraHosts
[INFO] Coalescing path $.query.ingress.grpc.extraRules
[INFO] Coalescing path $.query.ingress.grpc.extraTls
[INFO] Coalescing path $.query.ingress.grpc.hostname
[INFO] Coalescing path $.query.ingress.grpc.ingressClassName
[INFO] Coalescing path $.query.ingress.grpc.path
[INFO] Coalescing path $.query.ingress.grpc.pathType
[INFO] Coalescing path $.query.ingress.grpc.secretName
[INFO] Coalescing path $.query.ingress.grpc.secrets
[INFO] Coalescing path $.query.ingress.grpc.selfSigned
[INFO] Coalescing path $.query.ingress.grpc.tls
[INFO] Coalescing path $.query.networkPolicy.ingressNSMatchLabels[*]
[INFO] Coalescing path $.query.networkPolicy.ingressNSPodMatchLabels[*]
[INFO] Coalescing path $.query.service.headless.annotations
[INFO] Coalescing path $.query.service.nodePorts.http
[INFO] Coalescing path $.query.service.ports.http
[INFO] Coalescing path $.query.serviceGrpc.headless.annotations
[INFO] Coalescing path $.query.serviceGrpc.nodePorts.grpc
[INFO] Coalescing path $.query.serviceGrpc.ports.grpc
[INFO] Coalescing path $.queryFrontend.networkPolicy.ingressNSMatchLabels[*]
[INFO] Coalescing path $.queryFrontend.networkPolicy.ingressNSPodMatchLabels[*]
[INFO] Coalescing path $.queryFrontend.service.nodePorts.http
[INFO] Coalescing path $.queryFrontend.service.ports.grpc
[INFO] Coalescing path $.queryFrontend.service.ports.http
[INFO] Coalescing path $.receive.networkPolicy.ingressNSMatchLabels[*]
[INFO] Coalescing path $.receive.networkPolicy.ingressNSPodMatchLabels[*]
[INFO] Coalescing path $.receive.service.headless.annotations
[INFO] Coalescing path $.receive.service.nodePorts.capnproto
[INFO] Coalescing path $.receive.service.nodePorts.grpc
[INFO] Coalescing path $.receive.service.nodePorts.http
[INFO] Coalescing path $.receive.service.nodePorts.remote
[INFO] Coalescing path $.receive.service.ports.capnproto
[INFO] Coalescing path $.receive.service.ports.grpc
[INFO] Coalescing path $.receive.service.ports.http
[INFO] Coalescing path $.receive.service.ports.remote
[INFO] Coalescing path $.ruler.networkPolicy.ingressNSMatchLabels[*]
[INFO] Coalescing path $.ruler.networkPolicy.ingressNSPodMatchLabels[*]
[INFO] Coalescing path $.ruler.service.headless.annotations
[INFO] Coalescing path $.ruler.service.nodePorts.grpc
[INFO] Coalescing path $.ruler.service.nodePorts.http
[INFO] Coalescing path $.ruler.service.ports.grpc
[INFO] Coalescing path $.ruler.service.ports.http
[INFO] Coalescing path $.storegateway.ingress.grpc.annotations
[INFO] Coalescing path $.storegateway.ingress.grpc.enabled
[INFO] Coalescing path $.storegateway.ingress.grpc.extraHosts
[INFO] Coalescing path $.storegateway.ingress.grpc.extraRules
[INFO] Coalescing path $.storegateway.ingress.grpc.extraTls
[INFO] Coalescing path $.storegateway.ingress.grpc.hostname
[INFO] Coalescing path $.storegateway.ingress.grpc.ingressClassName
[INFO] Coalescing path $.storegateway.ingress.grpc.path
[INFO] Coalescing path $.storegateway.ingress.grpc.pathType
[INFO] Coalescing path $.storegateway.ingress.grpc.selfSigned
[INFO] Coalescing path $.storegateway.ingress.grpc.tls
[INFO] Coalescing path $.storegateway.networkPolicy.ingressNSMatchLabels[*]
[INFO] Coalescing path $.storegateway.networkPolicy.ingressNSPodMatchLabels[*]
[INFO] Coalescing path $.storegateway.persistence.accessModes[*]
[INFO] Coalescing path $.storegateway.service.headless.annotations
[INFO] Coalescing path $.storegateway.service.nodePorts.grpc
[INFO] Coalescing path $.storegateway.service.nodePorts.http
[INFO] Coalescing path $.storegateway.service.ports.grpc
[INFO] Coalescing path $.storegateway.service.ports.http
[INFO] Coalescing path $.storegateway.sharded.hashPartitioning.extraRelabelingConfigs
[INFO] Coalescing path $.storegateway.sharded.hashPartitioning.shards
[INFO] Coalescing path $.storegateway.sharded.service.clusterIPs
[INFO] Coalescing path $.storegateway.sharded.service.loadBalancerIPs
[INFO] Coalescing path $.bucketweb.ingress.extraHosts[*].name
[INFO] Coalescing path $.bucketweb.ingress.extraHosts[*].path
[INFO] Coalescing path $.bucketweb.ingress.extraHosts[*].pathType
[INFO] Coalescing path $.bucketweb.ingress.secrets[*].certificate
[INFO] Coalescing path $.bucketweb.ingress.secrets[*].key
[INFO] Coalescing path $.compactor.ingress.extraHosts[*].name
[INFO] Coalescing path $.compactor.ingress.extraHosts[*].path
[INFO] Coalescing path $.compactor.ingress.extraHosts[*].pathType
[INFO] Coalescing path $.compactor.ingress.secrets[*].certificate
[INFO] Coalescing path $.compactor.ingress.secrets[*].key
[INFO] Coalescing path $.metrics.prometheusRule.default.disabled.ThanosBucketReplicateErrorRate
[INFO] Coalescing path $.metrics.prometheusRule.default.disabled.ThanosBucketReplicateRunLatency
[INFO] Coalescing path $.metrics.prometheusRule.default.disabled.ThanosCompactBucketHighOperationFailures
[INFO] Coalescing path $.metrics.prometheusRule.default.disabled.ThanosCompactHalted
[INFO] Coalescing path $.metrics.prometheusRule.default.disabled.ThanosCompactHasNotRun
[INFO] Coalescing path $.metrics.prometheusRule.default.disabled.ThanosCompactHighCompactionFailures
[INFO] Coalescing path $.metrics.prometheusRule.default.disabled.ThanosCompactIsDown
[INFO] Coalescing path $.metrics.prometheusRule.default.disabled.ThanosCompactMultipleRunning
[INFO] Coalescing path $.metrics.prometheusRule.default.disabled.ThanosNoRuleEvaluations
[INFO] Coalescing path $.metrics.prometheusRule.default.disabled.ThanosQueryGrpcClientErrorRate
[INFO] Coalescing path $.metrics.prometheusRule.default.disabled.ThanosQueryGrpcServerErrorRate
[INFO] Coalescing path $.metrics.prometheusRule.default.disabled.ThanosQueryHighDNSFailures
[INFO] Coalescing path $.metrics.prometheusRule.default.disabled.ThanosQueryHttpRequestQueryErrorRateHigh
[INFO] Coalescing path $.metrics.prometheusRule.default.disabled.ThanosQueryHttpRequestQueryRangeErrorRateHigh
[INFO] Coalescing path $.metrics.prometheusRule.default.disabled.ThanosQueryInstantLatencyHigh
[INFO] Coalescing path $.metrics.prometheusRule.default.disabled.ThanosQueryIsDown
[INFO] Coalescing path $.metrics.prometheusRule.default.disabled.ThanosQueryOverload
[INFO] Coalescing path $.metrics.prometheusRule.default.disabled.ThanosQueryRangeLatencyHigh
[INFO] Coalescing path $.metrics.prometheusRule.default.disabled.ThanosReceiveConfigReloadFailure
[INFO] Coalescing path $.metrics.prometheusRule.default.disabled.ThanosReceiveHighForwardRequestFailures
[INFO] Coalescing path $.metrics.prometheusRule.default.disabled.ThanosReceiveHighHashringFileRefreshFailures
[INFO] Coalescing path $.metrics.prometheusRule.default.disabled.ThanosReceiveHighReplicationFailures
[INFO] Coalescing path $.metrics.prometheusRule.default.disabled.ThanosReceiveHttpRequestErrorRateHigh
[INFO] Coalescing path $.metrics.prometheusRule.default.disabled.ThanosReceiveHttpRequestLatencyHigh
[INFO] Coalescing path $.metrics.prometheusRule.default.disabled.ThanosReceiveIsDown
[INFO] Coalescing path $.metrics.prometheusRule.default.disabled.ThanosReceiveNoUpload
[INFO] Coalescing path $.metrics.prometheusRule.default.disabled.ThanosReceiveTrafficBelowThreshold
[INFO] Coalescing path $.metrics.prometheusRule.default.disabled.ThanosRuleAlertmanagerHighDNSFailures
[INFO] Coalescing path $.metrics.prometheusRule.default.disabled.ThanosRuleConfigReloadFailure
[INFO] Coalescing path $.metrics.prometheusRule.default.disabled.ThanosRuleGrpcErrorRate
[INFO] Coalescing path $.metrics.prometheusRule.default.disabled.ThanosRuleHighRuleEvaluationFailures
[INFO] Coalescing path $.metrics.prometheusRule.default.disabled.ThanosRuleHighRuleEvaluationWarnings
[INFO] Coalescing path $.metrics.prometheusRule.default.disabled.ThanosRuleIsDown
[INFO] Coalescing path $.metrics.prometheusRule.default.disabled.ThanosRuleNoEvaluationFor10Intervals
[INFO] Coalescing path $.metrics.prometheusRule.default.disabled.ThanosRuleQueryHighDNSFailures
[INFO] Coalescing path $.metrics.prometheusRule.default.disabled.ThanosRuleQueueIsDroppingAlerts
[INFO] Coalescing path $.metrics.prometheusRule.default.disabled.ThanosRuleRuleEvaluationLatencyHigh
[INFO] Coalescing path $.metrics.prometheusRule.default.disabled.ThanosRuleSenderIsFailingAlerts
[INFO] Coalescing path $.metrics.prometheusRule.default.disabled.ThanosSidecarBucketOperationsFailed
[INFO] Coalescing path $.metrics.prometheusRule.default.disabled.ThanosSidecarIsDown
[INFO] Coalescing path $.metrics.prometheusRule.default.disabled.ThanosSidecarNoConnectionToStartedPrometheus
[INFO] Coalescing path $.metrics.prometheusRule.default.disabled.ThanosStoreBucketHighOperationFailures
[INFO] Coalescing path $.metrics.prometheusRule.default.disabled.ThanosStoreGrpcErrorRate
[INFO] Coalescing path $.metrics.prometheusRule.default.disabled.ThanosStoreIsDown
[INFO] Coalescing path $.metrics.prometheusRule.default.disabled.ThanosStoreObjstoreOperationLatencyHigh
[INFO] Coalescing path $.metrics.prometheusRule.default.disabled.ThanosStoreSeriesGateLatencyHigh
[INFO] Coalescing path $.query.autoscaling.targetPodMetrics[*].averageValue
[INFO] Coalescing path $.query.autoscaling.targetPodMetrics[*].name
[INFO] Coalescing path $.query.grpc.client.tls.autoGenerated
[INFO] Coalescing path $.query.grpc.client.tls.ca
[INFO] Coalescing path $.query.grpc.client.tls.cert
[INFO] Coalescing path $.query.grpc.client.tls.enabled
[INFO] Coalescing path $.query.grpc.client.tls.existingSecret
[INFO] Coalescing path $.query.grpc.client.tls.key
[INFO] Coalescing path $.query.grpc.server.tls.autoGenerated
[INFO] Coalescing path $.query.grpc.server.tls.ca
[INFO] Coalescing path $.query.grpc.server.tls.cert
[INFO] Coalescing path $.query.grpc.server.tls.clientAuthEnabled
[INFO] Coalescing path $.query.grpc.server.tls.enabled
[INFO] Coalescing path $.query.grpc.server.tls.existingSecret
[INFO] Coalescing path $.query.grpc.server.tls.key
[INFO] Coalescing path $.query.ingress.extraHosts[*].name
[INFO] Coalescing path $.query.ingress.extraHosts[*].path
[INFO] Coalescing path $.query.ingress.extraHosts[*].pathType
[INFO] Coalescing path $.query.ingress.secrets[*].certificate
[INFO] Coalescing path $.query.ingress.secrets[*].key
[INFO] Coalescing path $.queryFrontend.ingress.extraHosts[*].name
[INFO] Coalescing path $.queryFrontend.ingress.extraHosts[*].path
[INFO] Coalescing path $.queryFrontend.ingress.extraHosts[*].pathType
[INFO] Coalescing path $.queryFrontend.ingress.secrets[*].certificate
[INFO] Coalescing path $.queryFrontend.ingress.secrets[*].key
[INFO] Coalescing path $.receive.grpc.server.tls.autoGenerated
[INFO] Coalescing path $.receive.grpc.server.tls.ca
[INFO] Coalescing path $.receive.grpc.server.tls.cert
[INFO] Coalescing path $.receive.grpc.server.tls.clientAuthEnabled
[INFO] Coalescing path $.receive.grpc.server.tls.enabled
[INFO] Coalescing path $.receive.grpc.server.tls.existingSecret
[INFO] Coalescing path $.receive.grpc.server.tls.key
[INFO] Coalescing path $.receive.ingress.extraHosts[*].name
[INFO] Coalescing path $.receive.ingress.extraHosts[*].path
[INFO] Coalescing path $.receive.ingress.extraHosts[*].pathType
[INFO] Coalescing path $.receive.ingress.extraHosts[*].portName
[INFO] Coalescing path $.receive.ingress.secrets[*].certificate
[INFO] Coalescing path $.receive.ingress.secrets[*].key
[INFO] Coalescing path $.ruler.ingress.extraHosts[*].name
[INFO] Coalescing path $.ruler.ingress.extraHosts[*].path
[INFO] Coalescing path $.ruler.ingress.extraHosts[*].pathType
[INFO] Coalescing path $.ruler.ingress.secrets[*].certificate
[INFO] Coalescing path $.ruler.ingress.secrets[*].key
[INFO] Coalescing path $.storegateway.grpc.server.tls.autoGenerated
[INFO] Coalescing path $.storegateway.grpc.server.tls.ca
[INFO] Coalescing path $.storegateway.grpc.server.tls.cert
[INFO] Coalescing path $.storegateway.grpc.server.tls.clientAuthEnabled
[INFO] Coalescing path $.storegateway.grpc.server.tls.enabled
[INFO] Coalescing path $.storegateway.grpc.server.tls.existingSecret
[INFO] Coalescing path $.storegateway.grpc.server.tls.key
[INFO] Coalescing path $.storegateway.ingress.extraHosts[*].name
[INFO] Coalescing path $.storegateway.ingress.extraHosts[*].path
[INFO] Coalescing path $.storegateway.ingress.extraHosts[*].pathType
[INFO] Coalescing path $.storegateway.ingress.secrets[*].certificate
[INFO] Coalescing path $.storegateway.ingress.secrets[*].key
[INFO] Coalescing path $.storegateway.sharded.service.clusterIPs[*]
[INFO] Coalescing path $.storegateway.sharded.service.grpc.nodePorts
[INFO] Coalescing path $.storegateway.sharded.service.http.nodePorts
[INFO] Coalescing path $.query.ingress.grpc.extraHosts[*].name
[INFO] Coalescing path $.query.ingress.grpc.extraHosts[*].path
[INFO] Coalescing path $.query.ingress.grpc.extraHosts[*].pathType
[INFO] Coalescing path $.query.ingress.grpc.secrets[*].certificate
[INFO] Coalescing path $.query.ingress.grpc.secrets[*].key
[INFO] Coalescing path $.storegateway.ingress.grpc.extraHosts[*].name
[INFO] Coalescing path $.storegateway.ingress.grpc.extraHosts[*].path
[INFO] Coalescing path $.storegateway.ingress.grpc.extraHosts[*].pathType
[INFO] Coalescing path $.storegateway.sharded.service.grpc.nodePorts[*]
[INFO] Coalescing path $.storegateway.sharded.service.http.nodePorts[*]
[INFO] Testing known inputs first; arbitrary extra-key cases are deferred
[INFO] Render hashes (run-local): 21 observed, 10 unique, 11 duplicate bundles; 11 successful validations reused
[INFO] Testing deferred arbitrary-key and original-schema robustness cases
[INFO] Render hashes (run-local): 101 observed, 1 unique, 100 duplicate bundles; 100 successful validations reused
[INFO] .: failed; 0 charts remain
