[INFO] Chart 1/1: .
[INFO] Finite filtering unavailable: permutations need closed objects at (); set additionalProperties: false; prioritizing known inputs before robustness sampling
[INFO] Coalescing path $.architecture
[INFO] Coalescing path $.clusterDomain
[INFO] Coalescing path $.commonAnnotations
[INFO] Coalescing path $.commonConfiguration
[INFO] Coalescing path $.commonLabels
[INFO] Coalescing path $.extraDeploy
[INFO] Coalescing path $.global
[INFO] Coalescing path $.image
[INFO] Coalescing path $.nameResolutionThreshold
[INFO] Coalescing path $.nameResolutionTimeout
[INFO] Coalescing path $.pdb
[INFO] Coalescing path $.secretAnnotations
[INFO] Coalescing path $.useHostnames
[INFO] Coalescing path $.auth.enabled
[INFO] Coalescing path $.auth.existingSecret
[INFO] Coalescing path $.auth.sentinel
[INFO] Coalescing path $.auth.usePasswordFileFromSecret
[INFO] Coalescing path $.auth.usePasswordFiles
[INFO] Coalescing path $.diagnosticMode.args
[INFO] Coalescing path $.diagnosticMode.command
[INFO] Coalescing path $.diagnosticMode.enabled
[INFO] Coalescing path $.extraDeploy[*]
[INFO] Coalescing path $.image.debug
[INFO] Coalescing path $.image.pullPolicy
[INFO] Coalescing path $.kubectl.command
[INFO] Coalescing path $.kubectl.containerSecurityContext
[INFO] Coalescing path $.kubectl.image
[INFO] Coalescing path $.kubectl.resources
[INFO] Coalescing path $.metrics.containerSecurityContext
[INFO] Coalescing path $.metrics.customLivenessProbe
[INFO] Coalescing path $.metrics.customReadinessProbe
[INFO] Coalescing path $.metrics.customStartupProbe
[INFO] Coalescing path $.metrics.enabled
[INFO] Coalescing path $.metrics.extraEnvVars
[INFO] Coalescing path $.metrics.extraVolumeMounts
[INFO] Coalescing path $.metrics.extraVolumes
[INFO] Coalescing path $.metrics.image
[INFO] Coalescing path $.metrics.podAnnotations
[INFO] Coalescing path $.metrics.podLabels
[INFO] Coalescing path $.metrics.resources
[INFO] Coalescing path $.metrics.valkeyTargetHost
[INFO] Coalescing path $.networkPolicy.allowExternal
[INFO] Coalescing path $.networkPolicy.allowExternalEgress
[INFO] Coalescing path $.networkPolicy.enabled
[INFO] Coalescing path $.networkPolicy.extraIngress
[INFO] Coalescing path $.networkPolicy.ingressNSMatchLabels
[INFO] Coalescing path $.networkPolicy.ingressNSPodMatchLabels
[INFO] Coalescing path $.podSecurityPolicy.create
[INFO] Coalescing path $.podSecurityPolicy.enabled
[INFO] Coalescing path $.primary.affinity
[INFO] Coalescing path $.primary.automountServiceAccountToken
[INFO] Coalescing path $.primary.configuration
[INFO] Coalescing path $.primary.containerSecurityContext
[INFO] Coalescing path $.primary.customLivenessProbe
[INFO] Coalescing path $.primary.customReadinessProbe
[INFO] Coalescing path $.primary.customStartupProbe
[INFO] Coalescing path $.primary.disableCommands
[INFO] Coalescing path $.primary.dnsConfig
[INFO] Coalescing path $.primary.dnsPolicy
[INFO] Coalescing path $.primary.enableServiceLinks
[INFO] Coalescing path $.primary.extraEnvVars
[INFO] Coalescing path $.primary.extraEnvVarsCM
[INFO] Coalescing path $.primary.extraEnvVarsSecret
[INFO] Coalescing path $.primary.extraVolumeMounts
[INFO] Coalescing path $.primary.extraVolumes
[INFO] Coalescing path $.primary.hostAliases
[INFO] Coalescing path $.primary.initContainers
[INFO] Coalescing path $.primary.kind
[INFO] Coalescing path $.primary.lifecycleHooks
[INFO] Coalescing path $.primary.minReadySeconds
[INFO] Coalescing path $.primary.nodeSelector
[INFO] Coalescing path $.primary.pdb
[INFO] Coalescing path $.primary.persistence
[INFO] Coalescing path $.primary.podAffinityPreset
[INFO] Coalescing path $.primary.podAnnotations
[INFO] Coalescing path $.primary.podAntiAffinityPreset
[INFO] Coalescing path $.primary.podLabels
[INFO] Coalescing path $.primary.podSecurityContext
[INFO] Coalescing path $.primary.priorityClassName
[INFO] Coalescing path $.primary.replicaCount
[INFO] Coalescing path $.primary.resources
[INFO] Coalescing path $.primary.schedulerName
[INFO] Coalescing path $.primary.shareProcessNamespace
[INFO] Coalescing path $.primary.sidecars
[INFO] Coalescing path $.primary.terminationGracePeriodSeconds
[INFO] Coalescing path $.primary.tolerations
[INFO] Coalescing path $.primary.topologySpreadConstraints
[INFO] Coalescing path $.primary.updateStrategy
[INFO] Coalescing path $.rbac.create
[INFO] Coalescing path $.rbac.rules
[INFO] Coalescing path $.replica.affinity
[INFO] Coalescing path $.replica.automountServiceAccountToken
[INFO] Coalescing path $.replica.command
[INFO] Coalescing path $.replica.configuration
[INFO] Coalescing path $.replica.containerSecurityContext
[INFO] Coalescing path $.replica.customLivenessProbe
[INFO] Coalescing path $.replica.customReadinessProbe
[INFO] Coalescing path $.replica.customStartupProbe
[INFO] Coalescing path $.replica.disableCommands
[INFO] Coalescing path $.replica.dnsConfig
[INFO] Coalescing path $.replica.dnsPolicy
[INFO] Coalescing path $.replica.enableServiceLinks
[INFO] Coalescing path $.replica.extraEnvVars
[INFO] Coalescing path $.replica.extraEnvVarsCM
[INFO] Coalescing path $.replica.extraEnvVarsSecret
[INFO] Coalescing path $.replica.extraFlags
[INFO] Coalescing path $.replica.extraVolumeMounts
[INFO] Coalescing path $.replica.extraVolumes
[INFO] Coalescing path $.replica.hostAliases
[INFO] Coalescing path $.replica.initContainers
[INFO] Coalescing path $.replica.kind
[INFO] Coalescing path $.replica.lifecycleHooks
[INFO] Coalescing path $.replica.minReadySeconds
[INFO] Coalescing path $.replica.nodeSelector
[INFO] Coalescing path $.replica.pdb
[INFO] Coalescing path $.replica.podAffinityPreset
[INFO] Coalescing path $.replica.podAnnotations
[INFO] Coalescing path $.replica.podAntiAffinityPreset
[INFO] Coalescing path $.replica.podLabels
[INFO] Coalescing path $.replica.podManagementPolicy
[INFO] Coalescing path $.replica.podSecurityContext
[INFO] Coalescing path $.replica.preExecCmds
[INFO] Coalescing path $.replica.priorityClassName
[INFO] Coalescing path $.replica.replicaCount
[INFO] Coalescing path $.replica.resources
[INFO] Coalescing path $.replica.schedulerName
[INFO] Coalescing path $.replica.shareProcessNamespace
[INFO] Coalescing path $.replica.sidecars
[INFO] Coalescing path $.replica.terminationGracePeriodSeconds
[INFO] Coalescing path $.replica.tolerations
[INFO] Coalescing path $.replica.topologySpreadConstraints
[INFO] Coalescing path $.replica.updateStrategy
[INFO] Coalescing path $.sentinel.annotations
[INFO] Coalescing path $.sentinel.automateClusterRecovery
[INFO] Coalescing path $.sentinel.configuration
[INFO] Coalescing path $.sentinel.containerSecurityContext
[INFO] Coalescing path $.sentinel.customLivenessProbe
[INFO] Coalescing path $.sentinel.customReadinessProbe
[INFO] Coalescing path $.sentinel.customStartupProbe
[INFO] Coalescing path $.sentinel.downAfterMilliseconds
[INFO] Coalescing path $.sentinel.enableServiceLinks
[INFO] Coalescing path $.sentinel.enabled
[INFO] Coalescing path $.sentinel.extraEnvVars
[INFO] Coalescing path $.sentinel.extraEnvVarsCM
[INFO] Coalescing path $.sentinel.extraEnvVarsSecret
[INFO] Coalescing path $.sentinel.extraVolumeMounts
[INFO] Coalescing path $.sentinel.extraVolumes
[INFO] Coalescing path $.sentinel.failoverTimeout
[INFO] Coalescing path $.sentinel.getPrimaryTimeout
[INFO] Coalescing path $.sentinel.image
[INFO] Coalescing path $.sentinel.lifecycleHooks
[INFO] Coalescing path $.sentinel.parallelSyncs
[INFO] Coalescing path $.sentinel.preExecCmds
[INFO] Coalescing path $.sentinel.primarySet
[INFO] Coalescing path $.sentinel.quorum
[INFO] Coalescing path $.sentinel.resources
[INFO] Coalescing path $.sentinel.terminationGracePeriodSeconds
[INFO] Coalescing path $.sentinel.valkeyShutdownWaitFailover
[INFO] Coalescing path $.serviceAccount.annotations
[INFO] Coalescing path $.serviceAccount.automountServiceAccountToken
[INFO] Coalescing path $.serviceAccount.create
[INFO] Coalescing path $.serviceBindings.enabled
[INFO] Coalescing path $.tls.authClients
[INFO] Coalescing path $.tls.dhParamsFilename
[INFO] Coalescing path $.tls.enabled
[INFO] Coalescing path $.useExternalDNS.enabled
[INFO] Coalescing path $.volumePermissions.containerSecurityContext
[INFO] Coalescing path $.volumePermissions.enabled
[INFO] Coalescing path $.volumePermissions.image
[INFO] Coalescing path $.volumePermissions.resources
[INFO] Coalescing path $.kubectl.containerSecurityContext.enabled
[INFO] Coalescing path $.kubectl.image.pullPolicy
[INFO] Coalescing path $.metrics.containerPorts.http
[INFO] Coalescing path $.metrics.containerSecurityContext.enabled
[INFO] Coalescing path $.metrics.image.pullPolicy
[INFO] Coalescing path $.metrics.podMonitor.additionalEndpoints
[INFO] Coalescing path $.metrics.podMonitor.additionalLabels
[INFO] Coalescing path $.metrics.podMonitor.enabled
[INFO] Coalescing path $.metrics.podMonitor.honorLabels
[INFO] Coalescing path $.metrics.podMonitor.interval
[INFO] Coalescing path $.metrics.podMonitor.metricRelabelings
[INFO] Coalescing path $.metrics.podMonitor.namespace
[INFO] Coalescing path $.metrics.podMonitor.podTargetLabels
[INFO] Coalescing path $.metrics.podMonitor.port
[INFO] Coalescing path $.metrics.podMonitor.relabelings
[INFO] Coalescing path $.metrics.podMonitor.sampleLimit
[INFO] Coalescing path $.metrics.podMonitor.scrapeTimeout
[INFO] Coalescing path $.metrics.podMonitor.targetLimit
[INFO] Coalescing path $.metrics.prometheusRule.additionalLabels
[INFO] Coalescing path $.metrics.prometheusRule.enabled
[INFO] Coalescing path $.metrics.prometheusRule.namespace
[INFO] Coalescing path $.metrics.prometheusRule.rules
[INFO] Coalescing path $.metrics.service.annotations
[INFO] Coalescing path $.metrics.service.clusterIP
[INFO] Coalescing path $.metrics.service.enabled
[INFO] Coalescing path $.metrics.service.externalTrafficPolicy
[INFO] Coalescing path $.metrics.service.extraPorts
[INFO] Coalescing path $.metrics.service.loadBalancerClass
[INFO] Coalescing path $.metrics.service.loadBalancerIP
[INFO] Coalescing path $.metrics.service.loadBalancerSourceRanges
[INFO] Coalescing path $.metrics.service.type
[INFO] Coalescing path $.metrics.serviceMonitor.additionalEndpoints
[INFO] Coalescing path $.metrics.serviceMonitor.additionalLabels
[INFO] Coalescing path $.metrics.serviceMonitor.enabled
[INFO] Coalescing path $.metrics.serviceMonitor.honorLabels
[INFO] Coalescing path $.metrics.serviceMonitor.interval
[INFO] Coalescing path $.metrics.serviceMonitor.metricRelabelings
[INFO] Coalescing path $.metrics.serviceMonitor.namespace
[INFO] Coalescing path $.metrics.serviceMonitor.podTargetLabels
[INFO] Coalescing path $.metrics.serviceMonitor.port
[INFO] Coalescing path $.metrics.serviceMonitor.relabelings
[INFO] Coalescing path $.metrics.serviceMonitor.sampleLimit
[INFO] Coalescing path $.metrics.serviceMonitor.scrapeTimeout
[INFO] Coalescing path $.metrics.serviceMonitor.targetLimit
[INFO] Coalescing path $.networkPolicy.ingressNSMatchLabels[*]
[INFO] Coalescing path $.networkPolicy.ingressNSPodMatchLabels[*]
[INFO] Coalescing path $.networkPolicy.metrics.allowExternal
[INFO] Coalescing path $.networkPolicy.metrics.ingressNSMatchLabels
[INFO] Coalescing path $.networkPolicy.metrics.ingressNSPodMatchLabels
[INFO] Coalescing path $.primary.containerPorts.valkey
[INFO] Coalescing path $.primary.containerSecurityContext.enabled
[INFO] Coalescing path $.primary.containerSecurityContext.runAsUser
[INFO] Coalescing path $.primary.disableCommands[*]
[INFO] Coalescing path $.primary.nodeAffinityPreset.key
[INFO] Coalescing path $.primary.nodeAffinityPreset.type
[INFO] Coalescing path $.primary.nodeAffinityPreset.values
[INFO] Coalescing path $.primary.persistence.accessModes
[INFO] Coalescing path $.primary.persistence.annotations
[INFO] Coalescing path $.primary.persistence.dataSource
[INFO] Coalescing path $.primary.persistence.enabled
[INFO] Coalescing path $.primary.persistence.existingClaim
[INFO] Coalescing path $.primary.persistence.labels
[INFO] Coalescing path $.primary.persistence.medium
[INFO] Coalescing path $.primary.persistence.path
[INFO] Coalescing path $.primary.persistence.selector
[INFO] Coalescing path $.primary.persistence.size
[INFO] Coalescing path $.primary.persistence.sizeLimit
[INFO] Coalescing path $.primary.persistence.subPath
[INFO] Coalescing path $.primary.podSecurityContext.enabled
[INFO] Coalescing path $.primary.podSecurityContext.fsGroup
[INFO] Coalescing path $.primary.service.annotations
[INFO] Coalescing path $.primary.service.clusterIP
[INFO] Coalescing path $.primary.service.externalIPs
[INFO] Coalescing path $.primary.service.externalTrafficPolicy
[INFO] Coalescing path $.primary.service.extraPorts
[INFO] Coalescing path $.primary.service.internalTrafficPolicy
[INFO] Coalescing path $.primary.service.loadBalancerClass
[INFO] Coalescing path $.primary.service.loadBalancerIP
[INFO] Coalescing path $.primary.service.loadBalancerSourceRanges
[INFO] Coalescing path $.primary.service.sessionAffinity
[INFO] Coalescing path $.primary.service.sessionAffinityConfig
[INFO] Coalescing path $.primary.service.type
[INFO] Coalescing path $.primary.serviceAccount.annotations
[INFO] Coalescing path $.primary.serviceAccount.automountServiceAccountToken
[INFO] Coalescing path $.primary.serviceAccount.create
[INFO] Coalescing path $.replica.autoscaling.enabled
[INFO] Coalescing path $.replica.containerPorts.valkey
[INFO] Coalescing path $.replica.containerSecurityContext.enabled
[INFO] Coalescing path $.replica.containerSecurityContext.runAsUser
[INFO] Coalescing path $.replica.disableCommands[*]
[INFO] Coalescing path $.replica.externalPrimary.enabled
[INFO] Coalescing path $.replica.externalPrimary.host
[INFO] Coalescing path $.replica.externalPrimary.port
[INFO] Coalescing path $.replica.extraFlags[*]
[INFO] Coalescing path $.replica.nodeAffinityPreset.key
[INFO] Coalescing path $.replica.nodeAffinityPreset.type
[INFO] Coalescing path $.replica.nodeAffinityPreset.values
[INFO] Coalescing path $.replica.persistence.enabled
[INFO] Coalescing path $.replica.persistence.medium
[INFO] Coalescing path $.replica.persistence.path
[INFO] Coalescing path $.replica.persistence.sizeLimit
[INFO] Coalescing path $.replica.persistence.subPath
[INFO] Coalescing path $.replica.podSecurityContext.enabled
[INFO] Coalescing path $.replica.podSecurityContext.fsGroup
[INFO] Coalescing path $.replica.service.annotations
[INFO] Coalescing path $.replica.service.clusterIP
[INFO] Coalescing path $.replica.service.externalTrafficPolicy
[INFO] Coalescing path $.replica.service.extraPorts
[INFO] Coalescing path $.replica.service.internalTrafficPolicy
[INFO] Coalescing path $.replica.service.loadBalancerClass
[INFO] Coalescing path $.replica.service.loadBalancerIP
[INFO] Coalescing path $.replica.service.loadBalancerSourceRanges
[INFO] Coalescing path $.replica.service.sessionAffinity
[INFO] Coalescing path $.replica.service.sessionAffinityConfig
[INFO] Coalescing path $.replica.service.type
[INFO] Coalescing path $.replica.serviceAccount.annotations
[INFO] Coalescing path $.replica.serviceAccount.automountServiceAccountToken
[INFO] Coalescing path $.replica.serviceAccount.create
[INFO] Coalescing path $.sentinel.containerPorts.sentinel
[INFO] Coalescing path $.sentinel.containerSecurityContext.enabled
[INFO] Coalescing path $.sentinel.externalPrimary.enabled
[INFO] Coalescing path $.sentinel.externalPrimary.host
[INFO] Coalescing path $.sentinel.externalPrimary.port
[INFO] Coalescing path $.sentinel.image.debug
[INFO] Coalescing path $.sentinel.image.pullPolicy
[INFO] Coalescing path $.sentinel.persistence.enabled
[INFO] Coalescing path $.sentinel.persistence.medium
[INFO] Coalescing path $.sentinel.persistence.sizeLimit
[INFO] Coalescing path $.sentinel.service.annotations
[INFO] Coalescing path $.sentinel.service.clusterIP
[INFO] Coalescing path $.sentinel.service.createPrimary
[INFO] Coalescing path $.sentinel.service.externalTrafficPolicy
[INFO] Coalescing path $.sentinel.service.extraPorts
[INFO] Coalescing path $.sentinel.service.loadBalancerClass
[INFO] Coalescing path $.sentinel.service.loadBalancerIP
[INFO] Coalescing path $.sentinel.service.loadBalancerSourceRanges
[INFO] Coalescing path $.sentinel.service.sessionAffinity
[INFO] Coalescing path $.sentinel.service.sessionAffinityConfig
[INFO] Coalescing path $.sentinel.service.type
[INFO] Coalescing path $.volumePermissions.containerSecurityContext.runAsUser
[INFO] Coalescing path $.volumePermissions.image.pullPolicy
[INFO] Coalescing path $.metrics.service.ports.http
[INFO] Coalescing path $.networkPolicy.metrics.ingressNSMatchLabels[*]
[INFO] Coalescing path $.networkPolicy.metrics.ingressNSPodMatchLabels[*]
[INFO] Coalescing path $.primary.persistence.accessModes[*]
[INFO] Coalescing path $.primary.service.nodePorts.valkey
[INFO] Coalescing path $.primary.service.ports.valkey
[INFO] Coalescing path $.replica.autoscaling.hpa.enabled
[INFO] Coalescing path $.replica.autoscaling.hpa.maxReplicas
[INFO] Coalescing path $.replica.autoscaling.hpa.minReplicas
[INFO] Coalescing path $.replica.autoscaling.hpa.targetCPU
[INFO] Coalescing path $.replica.autoscaling.hpa.targetMemory
[INFO] Coalescing path $.replica.autoscaling.vpa.annotations
[INFO] Coalescing path $.replica.autoscaling.vpa.controlledResources
[INFO] Coalescing path $.replica.autoscaling.vpa.enabled
[INFO] Coalescing path $.replica.autoscaling.vpa.maxAllowed
[INFO] Coalescing path $.replica.autoscaling.vpa.minAllowed
[INFO] Coalescing path $.replica.autoscaling.vpa.updatePolicy
[INFO] Coalescing path $.replica.service.nodePorts.valkey
[INFO] Coalescing path $.replica.service.ports.valkey
[INFO] Coalescing path $.sentinel.service.headless.annotations
[INFO] Coalescing path $.sentinel.service.nodePorts.sentinel
[INFO] Coalescing path $.sentinel.service.nodePorts.valkey
[INFO] Coalescing path $.sentinel.service.ports.valkey
[INFO] Coalescing path $.metrics.podMonitor.additionalEndpoints[*].honorLabels
[INFO] Coalescing path $.metrics.podMonitor.additionalEndpoints[*].interval
[INFO] Coalescing path $.metrics.podMonitor.additionalEndpoints[*].metricRelabelings
[INFO] Coalescing path $.metrics.podMonitor.additionalEndpoints[*].params
[INFO] Coalescing path $.metrics.podMonitor.additionalEndpoints[*].path
[INFO] Coalescing path $.metrics.podMonitor.additionalEndpoints[*].port
[INFO] Coalescing path $.metrics.podMonitor.additionalEndpoints[*].relabelings
[INFO] Coalescing path $.metrics.podMonitor.additionalEndpoints[*].scrapeTimeout
[INFO] Coalescing path $.metrics.serviceMonitor.additionalEndpoints[*].honorLabels
[INFO] Coalescing path $.metrics.serviceMonitor.additionalEndpoints[*].interval
[INFO] Coalescing path $.metrics.serviceMonitor.additionalEndpoints[*].metricRelabelings
[INFO] Coalescing path $.metrics.serviceMonitor.additionalEndpoints[*].params
[INFO] Coalescing path $.metrics.serviceMonitor.additionalEndpoints[*].path
[INFO] Coalescing path $.metrics.serviceMonitor.additionalEndpoints[*].port
[INFO] Coalescing path $.metrics.serviceMonitor.additionalEndpoints[*].scrapeTimeout
[INFO] Coalescing path $.replica.autoscaling.vpa.updatePolicy.updateMode
[INFO] Coalescing path $.metrics.podMonitor.additionalEndpoints[*].params[*]
[INFO] Coalescing path $.metrics.serviceMonitor.additionalEndpoints[*].params[*]
[INFO] Coalescing path $.metrics.podMonitor.additionalEndpoints[*].params[*][*]
[INFO] Coalescing path $.metrics.serviceMonitor.additionalEndpoints[*].params[*][*]
[INFO] Testing known inputs first; arbitrary extra-key cases are deferred
[INFO] Render hashes (run-local): 17 observed, 17 unique, 0 duplicate bundles; 0 successful validations reused
[INFO] Testing deferred arbitrary-key and original-schema robustness cases
[INFO] Render hashes (run-local): 101 observed, 101 unique, 0 duplicate bundles; 0 successful validations reused
[INFO] .: failed; 0 charts remain
