[INFO] Chart 1/1: .
[INFO] Finite filtering unavailable: permutations need closed objects at (); set additionalProperties: false; prioritizing known inputs before robustness sampling
[INFO] Coalescing path $.clusterDomain
[INFO] Coalescing path $.commonAnnotations
[INFO] Coalescing path $.commonLabels
[INFO] Coalescing path $.extraDeploy
[INFO] Coalescing path $.global
[INFO] Coalescing path $.vmstorage
[INFO] Coalescing path $.extraDeploy[*]
[INFO] Coalescing path $.vmagent.affinity
[INFO] Coalescing path $.vmagent.allowedMetricsEndpoints
[INFO] Coalescing path $.vmagent.annotations
[INFO] Coalescing path $.vmagent.args
[INFO] Coalescing path $.vmagent.automountServiceAccountToken
[INFO] Coalescing path $.vmagent.command
[INFO] Coalescing path $.vmagent.containerSecurityContext
[INFO] Coalescing path $.vmagent.customLivenessProbe
[INFO] Coalescing path $.vmagent.customReadinessProbe
[INFO] Coalescing path $.vmagent.customStartupProbe
[INFO] Coalescing path $.vmagent.enabled
[INFO] Coalescing path $.vmagent.existingScrapeConfigMap
[INFO] Coalescing path $.vmagent.extraEnvVars
[INFO] Coalescing path $.vmagent.extraEnvVarsCM
[INFO] Coalescing path $.vmagent.extraEnvVarsSecret
[INFO] Coalescing path $.vmagent.extraVolumeMounts
[INFO] Coalescing path $.vmagent.extraVolumes
[INFO] Coalescing path $.vmagent.hostAliases
[INFO] Coalescing path $.vmagent.image
[INFO] Coalescing path $.vmagent.initContainers
[INFO] Coalescing path $.vmagent.kind
[INFO] Coalescing path $.vmagent.lifecycleHooks
[INFO] Coalescing path $.vmagent.namespaced
[INFO] Coalescing path $.vmagent.nodeSelector
[INFO] Coalescing path $.vmagent.podAffinityPreset
[INFO] Coalescing path $.vmagent.podAnnotations
[INFO] Coalescing path $.vmagent.podAntiAffinityPreset
[INFO] Coalescing path $.vmagent.podLabels
[INFO] Coalescing path $.vmagent.podSecurityContext
[INFO] Coalescing path $.vmagent.priorityClassName
[INFO] Coalescing path $.vmagent.replicaCount
[INFO] Coalescing path $.vmagent.resources
[INFO] Coalescing path $.vmagent.schedulerName
[INFO] Coalescing path $.vmagent.scrapeConfigOverrides
[INFO] Coalescing path $.vmagent.sidecars
[INFO] Coalescing path $.vmagent.terminationGracePeriodSeconds
[INFO] Coalescing path $.vmagent.tolerations
[INFO] Coalescing path $.vmagent.topologySpreadConstraints
[INFO] Coalescing path $.vmagent.updateStrategy
[INFO] Coalescing path $.vmalert.affinity
[INFO] Coalescing path $.vmalert.args
[INFO] Coalescing path $.vmalert.automountServiceAccountToken
[INFO] Coalescing path $.vmalert.command
[INFO] Coalescing path $.vmalert.containerSecurityContext
[INFO] Coalescing path $.vmalert.customLivenessProbe
[INFO] Coalescing path $.vmalert.customReadinessProbe
[INFO] Coalescing path $.vmalert.customStartupProbe
[INFO] Coalescing path $.vmalert.deploymentAnnotations
[INFO] Coalescing path $.vmalert.enabled
[INFO] Coalescing path $.vmalert.existingRulesConfigMap
[INFO] Coalescing path $.vmalert.extraEnvVars
[INFO] Coalescing path $.vmalert.extraEnvVarsCM
[INFO] Coalescing path $.vmalert.extraEnvVarsSecret
[INFO] Coalescing path $.vmalert.extraVolumeMounts
[INFO] Coalescing path $.vmalert.extraVolumes
[INFO] Coalescing path $.vmalert.hostAliases
[INFO] Coalescing path $.vmalert.image
[INFO] Coalescing path $.vmalert.initContainers
[INFO] Coalescing path $.vmalert.lifecycleHooks
[INFO] Coalescing path $.vmalert.nodeSelector
[INFO] Coalescing path $.vmalert.podAffinityPreset
[INFO] Coalescing path $.vmalert.podAnnotations
[INFO] Coalescing path $.vmalert.podAntiAffinityPreset
[INFO] Coalescing path $.vmalert.podLabels
[INFO] Coalescing path $.vmalert.podSecurityContext
[INFO] Coalescing path $.vmalert.priorityClassName
[INFO] Coalescing path $.vmalert.replicaCount
[INFO] Coalescing path $.vmalert.resources
[INFO] Coalescing path $.vmalert.rulesConfigOverrides
[INFO] Coalescing path $.vmalert.schedulerName
[INFO] Coalescing path $.vmalert.sidecars
[INFO] Coalescing path $.vmalert.terminationGracePeriodSeconds
[INFO] Coalescing path $.vmalert.tolerations
[INFO] Coalescing path $.vmalert.topologySpreadConstraints
[INFO] Coalescing path $.vmalert.updateStrategy
[INFO] Coalescing path $.vmauth.affinity
[INFO] Coalescing path $.vmauth.annotations
[INFO] Coalescing path $.vmauth.args
[INFO] Coalescing path $.vmauth.automountServiceAccountToken
[INFO] Coalescing path $.vmauth.command
[INFO] Coalescing path $.vmauth.configOverrides
[INFO] Coalescing path $.vmauth.containerSecurityContext
[INFO] Coalescing path $.vmauth.customLivenessProbe
[INFO] Coalescing path $.vmauth.customReadinessProbe
[INFO] Coalescing path $.vmauth.customStartupProbe
[INFO] Coalescing path $.vmauth.enabled
[INFO] Coalescing path $.vmauth.existingSecret
[INFO] Coalescing path $.vmauth.extraEnvVars
[INFO] Coalescing path $.vmauth.extraEnvVarsCM
[INFO] Coalescing path $.vmauth.extraEnvVarsSecret
[INFO] Coalescing path $.vmauth.extraVolumeMounts
[INFO] Coalescing path $.vmauth.extraVolumes
[INFO] Coalescing path $.vmauth.hostAliases
[INFO] Coalescing path $.vmauth.image
[INFO] Coalescing path $.vmauth.initContainers
[INFO] Coalescing path $.vmauth.kind
[INFO] Coalescing path $.vmauth.lifecycleHooks
[INFO] Coalescing path $.vmauth.nodeSelector
[INFO] Coalescing path $.vmauth.podAffinityPreset
[INFO] Coalescing path $.vmauth.podAnnotations
[INFO] Coalescing path $.vmauth.podAntiAffinityPreset
[INFO] Coalescing path $.vmauth.podLabels
[INFO] Coalescing path $.vmauth.podSecurityContext
[INFO] Coalescing path $.vmauth.priorityClassName
[INFO] Coalescing path $.vmauth.replicaCount
[INFO] Coalescing path $.vmauth.resources
[INFO] Coalescing path $.vmauth.schedulerName
[INFO] Coalescing path $.vmauth.sidecars
[INFO] Coalescing path $.vmauth.terminationGracePeriodSeconds
[INFO] Coalescing path $.vmauth.tolerations
[INFO] Coalescing path $.vmauth.topologySpreadConstraints
[INFO] Coalescing path $.vmauth.updateStrategy
[INFO] Coalescing path $.vminsert.affinity
[INFO] Coalescing path $.vminsert.args
[INFO] Coalescing path $.vminsert.automountServiceAccountToken
[INFO] Coalescing path $.vminsert.command
[INFO] Coalescing path $.vminsert.containerSecurityContext
[INFO] Coalescing path $.vminsert.customLivenessProbe
[INFO] Coalescing path $.vminsert.customReadinessProbe
[INFO] Coalescing path $.vminsert.customStartupProbe
[INFO] Coalescing path $.vminsert.deploymentAnnotations
[INFO] Coalescing path $.vminsert.extraEnvVars
[INFO] Coalescing path $.vminsert.extraEnvVarsCM
[INFO] Coalescing path $.vminsert.extraEnvVarsSecret
[INFO] Coalescing path $.vminsert.extraVolumeMounts
[INFO] Coalescing path $.vminsert.extraVolumes
[INFO] Coalescing path $.vminsert.hostAliases
[INFO] Coalescing path $.vminsert.image
[INFO] Coalescing path $.vminsert.initContainers
[INFO] Coalescing path $.vminsert.lifecycleHooks
[INFO] Coalescing path $.vminsert.nodeSelector
[INFO] Coalescing path $.vminsert.podAffinityPreset
[INFO] Coalescing path $.vminsert.podAnnotations
[INFO] Coalescing path $.vminsert.podAntiAffinityPreset
[INFO] Coalescing path $.vminsert.podLabels
[INFO] Coalescing path $.vminsert.podSecurityContext
[INFO] Coalescing path $.vminsert.priorityClassName
[INFO] Coalescing path $.vminsert.replicaCount
[INFO] Coalescing path $.vminsert.resources
[INFO] Coalescing path $.vminsert.schedulerName
[INFO] Coalescing path $.vminsert.sidecars
[INFO] Coalescing path $.vminsert.terminationGracePeriodSeconds
[INFO] Coalescing path $.vminsert.tolerations
[INFO] Coalescing path $.vminsert.topologySpreadConstraints
[INFO] Coalescing path $.vminsert.updateStrategy
[INFO] Coalescing path $.vmselect.affinity
[INFO] Coalescing path $.vmselect.annotations
[INFO] Coalescing path $.vmselect.args
[INFO] Coalescing path $.vmselect.automountServiceAccountToken
[INFO] Coalescing path $.vmselect.command
[INFO] Coalescing path $.vmselect.containerSecurityContext
[INFO] Coalescing path $.vmselect.customLivenessProbe
[INFO] Coalescing path $.vmselect.customReadinessProbe
[INFO] Coalescing path $.vmselect.customStartupProbe
[INFO] Coalescing path $.vmselect.extraEnvVars
[INFO] Coalescing path $.vmselect.extraEnvVarsCM
[INFO] Coalescing path $.vmselect.extraEnvVarsSecret
[INFO] Coalescing path $.vmselect.extraVolumeMounts
[INFO] Coalescing path $.vmselect.extraVolumes
[INFO] Coalescing path $.vmselect.hostAliases
[INFO] Coalescing path $.vmselect.image
[INFO] Coalescing path $.vmselect.initContainers
[INFO] Coalescing path $.vmselect.kind
[INFO] Coalescing path $.vmselect.lifecycleHooks
[INFO] Coalescing path $.vmselect.nodeSelector
[INFO] Coalescing path $.vmselect.podAffinityPreset
[INFO] Coalescing path $.vmselect.podAnnotations
[INFO] Coalescing path $.vmselect.podAntiAffinityPreset
[INFO] Coalescing path $.vmselect.podLabels
[INFO] Coalescing path $.vmselect.podManagementPolicy
[INFO] Coalescing path $.vmselect.podSecurityContext
[INFO] Coalescing path $.vmselect.priorityClassName
[INFO] Coalescing path $.vmselect.replicaCount
[INFO] Coalescing path $.vmselect.resources
[INFO] Coalescing path $.vmselect.schedulerName
[INFO] Coalescing path $.vmselect.sidecars
[INFO] Coalescing path $.vmselect.terminationGracePeriodSeconds
[INFO] Coalescing path $.vmselect.tolerations
[INFO] Coalescing path $.vmselect.topologySpreadConstraints
[INFO] Coalescing path $.vmselect.updateStrategy
[INFO] Coalescing path $.vmstorage.affinity
[INFO] Coalescing path $.vmstorage.args
[INFO] Coalescing path $.vmstorage.automountServiceAccountToken
[INFO] Coalescing path $.vmstorage.command
[INFO] Coalescing path $.vmstorage.containerSecurityContext
[INFO] Coalescing path $.vmstorage.customLivenessProbe
[INFO] Coalescing path $.vmstorage.customReadinessProbe
[INFO] Coalescing path $.vmstorage.customStartupProbe
[INFO] Coalescing path $.vmstorage.extraEnvVars
[INFO] Coalescing path $.vmstorage.extraEnvVarsCM
[INFO] Coalescing path $.vmstorage.extraEnvVarsSecret
[INFO] Coalescing path $.vmstorage.extraVolumeMounts
[INFO] Coalescing path $.vmstorage.extraVolumes
[INFO] Coalescing path $.vmstorage.hostAliases
[INFO] Coalescing path $.vmstorage.image
[INFO] Coalescing path $.vmstorage.initContainers
[INFO] Coalescing path $.vmstorage.lifecycleHooks
[INFO] Coalescing path $.vmstorage.nodeSelector
[INFO] Coalescing path $.vmstorage.persistence
[INFO] Coalescing path $.vmstorage.podAffinityPreset
[INFO] Coalescing path $.vmstorage.podAnnotations
[INFO] Coalescing path $.vmstorage.podAntiAffinityPreset
[INFO] Coalescing path $.vmstorage.podLabels
[INFO] Coalescing path $.vmstorage.podManagementPolicy
[INFO] Coalescing path $.vmstorage.podSecurityContext
[INFO] Coalescing path $.vmstorage.priorityClassName
[INFO] Coalescing path $.vmstorage.replicaCount
[INFO] Coalescing path $.vmstorage.resources
[INFO] Coalescing path $.vmstorage.schedulerName
[INFO] Coalescing path $.vmstorage.sidecars
[INFO] Coalescing path $.vmstorage.statefulsetAnnotations
[INFO] Coalescing path $.vmstorage.terminationGracePeriodSeconds
[INFO] Coalescing path $.vmstorage.tolerations
[INFO] Coalescing path $.vmstorage.topologySpreadConstraints
[INFO] Coalescing path $.vmstorage.updateStrategy
[INFO] Coalescing path $.defaultInitContainers.volumePermissions.enabled
[INFO] Coalescing path $.defaultInitContainers.volumePermissions.image
[INFO] Coalescing path $.vmagent.containerPorts.graphite
[INFO] Coalescing path $.vmagent.containerPorts.http
[INFO] Coalescing path $.vmagent.containerPorts.influxdb
[INFO] Coalescing path $.vmagent.containerPorts.opentsdb
[INFO] Coalescing path $.vmagent.containerSecurityContext.enabled
[INFO] Coalescing path $.vmagent.enableListeners.graphite
[INFO] Coalescing path $.vmagent.enableListeners.influxdb
[INFO] Coalescing path $.vmagent.enableListeners.opentsdb
[INFO] Coalescing path $.vmagent.image.pullPolicy
[INFO] Coalescing path $.vmagent.metrics.annotations
[INFO] Coalescing path $.vmagent.metrics.enabled
[INFO] Coalescing path $.vmagent.networkPolicy.allowExternal
[INFO] Coalescing path $.vmagent.networkPolicy.allowExternalEgress
[INFO] Coalescing path $.vmagent.networkPolicy.enabled
[INFO] Coalescing path $.vmagent.networkPolicy.extraIngress
[INFO] Coalescing path $.vmagent.networkPolicy.ingressNSMatchLabels
[INFO] Coalescing path $.vmagent.networkPolicy.ingressNSPodMatchLabels
[INFO] Coalescing path $.vmagent.nodeAffinityPreset.key
[INFO] Coalescing path $.vmagent.nodeAffinityPreset.type
[INFO] Coalescing path $.vmagent.nodeAffinityPreset.values
[INFO] Coalescing path $.vmagent.pdb.create
[INFO] Coalescing path $.vmagent.pdb.maxUnavailable
[INFO] Coalescing path $.vmagent.pdb.minAvailable
[INFO] Coalescing path $.vmagent.podSecurityContext.enabled
[INFO] Coalescing path $.vmagent.rbac.create
[INFO] Coalescing path $.vmagent.rbac.rules
[INFO] Coalescing path $.vmagent.service.annotations
[INFO] Coalescing path $.vmagent.service.clusterIP
[INFO] Coalescing path $.vmagent.service.externalTrafficPolicy
[INFO] Coalescing path $.vmagent.service.extraPorts
[INFO] Coalescing path $.vmagent.service.loadBalancerIP
[INFO] Coalescing path $.vmagent.service.loadBalancerSourceRanges
[INFO] Coalescing path $.vmagent.service.sessionAffinity
[INFO] Coalescing path $.vmagent.service.sessionAffinityConfig
[INFO] Coalescing path $.vmagent.service.type
[INFO] Coalescing path $.vmagent.serviceAccount.annotations
[INFO] Coalescing path $.vmagent.serviceAccount.automountServiceAccountToken
[INFO] Coalescing path $.vmagent.serviceAccount.create
[INFO] Coalescing path $.vmalert.containerPorts.http
[INFO] Coalescing path $.vmalert.containerSecurityContext.enabled
[INFO] Coalescing path $.vmalert.image.pullPolicy
[INFO] Coalescing path $.vmalert.metrics.annotations
[INFO] Coalescing path $.vmalert.metrics.enabled
[INFO] Coalescing path $.vmalert.networkPolicy.allowExternal
[INFO] Coalescing path $.vmalert.networkPolicy.allowExternalEgress
[INFO] Coalescing path $.vmalert.networkPolicy.enabled
[INFO] Coalescing path $.vmalert.networkPolicy.extraEgress
[INFO] Coalescing path $.vmalert.networkPolicy.extraIngress
[INFO] Coalescing path $.vmalert.networkPolicy.ingressNSMatchLabels
[INFO] Coalescing path $.vmalert.networkPolicy.ingressNSPodMatchLabels
[INFO] Coalescing path $.vmalert.nodeAffinityPreset.key
[INFO] Coalescing path $.vmalert.nodeAffinityPreset.type
[INFO] Coalescing path $.vmalert.nodeAffinityPreset.values
[INFO] Coalescing path $.vmalert.pdb.create
[INFO] Coalescing path $.vmalert.pdb.maxUnavailable
[INFO] Coalescing path $.vmalert.pdb.minAvailable
[INFO] Coalescing path $.vmalert.podSecurityContext.enabled
[INFO] Coalescing path $.vmalert.service.annotations
[INFO] Coalescing path $.vmalert.service.clusterIP
[INFO] Coalescing path $.vmalert.service.externalTrafficPolicy
[INFO] Coalescing path $.vmalert.service.extraPorts
[INFO] Coalescing path $.vmalert.service.loadBalancerIP
[INFO] Coalescing path $.vmalert.service.loadBalancerSourceRanges
[INFO] Coalescing path $.vmalert.service.sessionAffinity
[INFO] Coalescing path $.vmalert.service.sessionAffinityConfig
[INFO] Coalescing path $.vmalert.service.type
[INFO] Coalescing path $.vmalert.serviceAccount.annotations
[INFO] Coalescing path $.vmalert.serviceAccount.automountServiceAccountToken
[INFO] Coalescing path $.vmalert.serviceAccount.create
[INFO] Coalescing path $.vmauth.containerPorts.http
[INFO] Coalescing path $.vmauth.containerSecurityContext.enabled
[INFO] Coalescing path $.vmauth.image.pullPolicy
[INFO] Coalescing path $.vmauth.ingress.annotations
[INFO] Coalescing path $.vmauth.ingress.enabled
[INFO] Coalescing path $.vmauth.ingress.extraHosts
[INFO] Coalescing path $.vmauth.ingress.extraPaths
[INFO] Coalescing path $.vmauth.ingress.extraRules
[INFO] Coalescing path $.vmauth.ingress.extraTls
[INFO] Coalescing path $.vmauth.ingress.hostname
[INFO] Coalescing path $.vmauth.ingress.ingressClassName
[INFO] Coalescing path $.vmauth.ingress.path
[INFO] Coalescing path $.vmauth.ingress.pathType
[INFO] Coalescing path $.vmauth.ingress.secrets
[INFO] Coalescing path $.vmauth.ingress.selfSigned
[INFO] Coalescing path $.vmauth.ingress.tls
[INFO] Coalescing path $.vmauth.metrics.annotations
[INFO] Coalescing path $.vmauth.metrics.enabled
[INFO] Coalescing path $.vmauth.networkPolicy.allowExternal
[INFO] Coalescing path $.vmauth.networkPolicy.allowExternalEgress
[INFO] Coalescing path $.vmauth.networkPolicy.enabled
[INFO] Coalescing path $.vmauth.networkPolicy.extraEgress
[INFO] Coalescing path $.vmauth.networkPolicy.extraIngress
[INFO] Coalescing path $.vmauth.networkPolicy.ingressNSMatchLabels
[INFO] Coalescing path $.vmauth.networkPolicy.ingressNSPodMatchLabels
[INFO] Coalescing path $.vmauth.nodeAffinityPreset.key
[INFO] Coalescing path $.vmauth.nodeAffinityPreset.type
[INFO] Coalescing path $.vmauth.nodeAffinityPreset.values
[INFO] Coalescing path $.vmauth.pdb.create
[INFO] Coalescing path $.vmauth.pdb.maxUnavailable
[INFO] Coalescing path $.vmauth.pdb.minAvailable
[INFO] Coalescing path $.vmauth.podSecurityContext.enabled
[INFO] Coalescing path $.vmauth.service.annotations
[INFO] Coalescing path $.vmauth.service.clusterIP
[INFO] Coalescing path $.vmauth.service.externalTrafficPolicy
[INFO] Coalescing path $.vmauth.service.extraPorts
[INFO] Coalescing path $.vmauth.service.loadBalancerIP
[INFO] Coalescing path $.vmauth.service.loadBalancerSourceRanges
[INFO] Coalescing path $.vmauth.service.sessionAffinity
[INFO] Coalescing path $.vmauth.service.sessionAffinityConfig
[INFO] Coalescing path $.vmauth.service.type
[INFO] Coalescing path $.vmauth.serviceAccount.annotations
[INFO] Coalescing path $.vmauth.serviceAccount.automountServiceAccountToken
[INFO] Coalescing path $.vmauth.serviceAccount.create
[INFO] Coalescing path $.vminsert.containerPorts.http
[INFO] Coalescing path $.vminsert.containerSecurityContext.enabled
[INFO] Coalescing path $.vminsert.image.pullPolicy
[INFO] Coalescing path $.vminsert.ingress.annotations
[INFO] Coalescing path $.vminsert.ingress.enabled
[INFO] Coalescing path $.vminsert.ingress.extraHosts
[INFO] Coalescing path $.vminsert.ingress.extraPaths
[INFO] Coalescing path $.vminsert.ingress.extraRules
[INFO] Coalescing path $.vminsert.ingress.extraTls
[INFO] Coalescing path $.vminsert.ingress.hostname
[INFO] Coalescing path $.vminsert.ingress.ingressClassName
[INFO] Coalescing path $.vminsert.ingress.path
[INFO] Coalescing path $.vminsert.ingress.pathType
[INFO] Coalescing path $.vminsert.ingress.secrets
[INFO] Coalescing path $.vminsert.ingress.selfSigned
[INFO] Coalescing path $.vminsert.ingress.tls
[INFO] Coalescing path $.vminsert.metrics.annotations
[INFO] Coalescing path $.vminsert.metrics.enabled
[INFO] Coalescing path $.vminsert.networkPolicy.allowExternal
[INFO] Coalescing path $.vminsert.networkPolicy.allowExternalEgress
[INFO] Coalescing path $.vminsert.networkPolicy.enabled
[INFO] Coalescing path $.vminsert.networkPolicy.extraEgress
[INFO] Coalescing path $.vminsert.networkPolicy.extraIngress
[INFO] Coalescing path $.vminsert.networkPolicy.ingressNSMatchLabels
[INFO] Coalescing path $.vminsert.networkPolicy.ingressNSPodMatchLabels
[INFO] Coalescing path $.vminsert.nodeAffinityPreset.key
[INFO] Coalescing path $.vminsert.nodeAffinityPreset.type
[INFO] Coalescing path $.vminsert.nodeAffinityPreset.values
[INFO] Coalescing path $.vminsert.pdb.create
[INFO] Coalescing path $.vminsert.pdb.maxUnavailable
[INFO] Coalescing path $.vminsert.pdb.minAvailable
[INFO] Coalescing path $.vminsert.podSecurityContext.enabled
[INFO] Coalescing path $.vminsert.service.annotations
[INFO] Coalescing path $.vminsert.service.clusterIP
[INFO] Coalescing path $.vminsert.service.externalTrafficPolicy
[INFO] Coalescing path $.vminsert.service.extraPorts
[INFO] Coalescing path $.vminsert.service.loadBalancerIP
[INFO] Coalescing path $.vminsert.service.loadBalancerSourceRanges
[INFO] Coalescing path $.vminsert.service.sessionAffinity
[INFO] Coalescing path $.vminsert.service.sessionAffinityConfig
[INFO] Coalescing path $.vminsert.service.type
[INFO] Coalescing path $.vminsert.serviceAccount.annotations
[INFO] Coalescing path $.vminsert.serviceAccount.automountServiceAccountToken
[INFO] Coalescing path $.vminsert.serviceAccount.create
[INFO] Coalescing path $.vmselect.containerPorts.http
[INFO] Coalescing path $.vmselect.containerSecurityContext.enabled
[INFO] Coalescing path $.vmselect.image.pullPolicy
[INFO] Coalescing path $.vmselect.ingress.annotations
[INFO] Coalescing path $.vmselect.ingress.enabled
[INFO] Coalescing path $.vmselect.ingress.extraHosts
[INFO] Coalescing path $.vmselect.ingress.extraPaths
[INFO] Coalescing path $.vmselect.ingress.extraRules
[INFO] Coalescing path $.vmselect.ingress.extraTls
[INFO] Coalescing path $.vmselect.ingress.hostname
[INFO] Coalescing path $.vmselect.ingress.ingressClassName
[INFO] Coalescing path $.vmselect.ingress.path
[INFO] Coalescing path $.vmselect.ingress.pathType
[INFO] Coalescing path $.vmselect.ingress.secrets
[INFO] Coalescing path $.vmselect.ingress.selfSigned
[INFO] Coalescing path $.vmselect.ingress.tls
[INFO] Coalescing path $.vmselect.metrics.annotations
[INFO] Coalescing path $.vmselect.metrics.enabled
[INFO] Coalescing path $.vmselect.networkPolicy.allowExternal
[INFO] Coalescing path $.vmselect.networkPolicy.allowExternalEgress
[INFO] Coalescing path $.vmselect.networkPolicy.enabled
[INFO] Coalescing path $.vmselect.networkPolicy.extraEgress
[INFO] Coalescing path $.vmselect.networkPolicy.extraIngress
[INFO] Coalescing path $.vmselect.networkPolicy.ingressNSMatchLabels
[INFO] Coalescing path $.vmselect.networkPolicy.ingressNSPodMatchLabels
[INFO] Coalescing path $.vmselect.nodeAffinityPreset.key
[INFO] Coalescing path $.vmselect.nodeAffinityPreset.type
[INFO] Coalescing path $.vmselect.nodeAffinityPreset.values
[INFO] Coalescing path $.vmselect.pdb.create
[INFO] Coalescing path $.vmselect.pdb.maxUnavailable
[INFO] Coalescing path $.vmselect.pdb.minAvailable
[INFO] Coalescing path $.vmselect.podSecurityContext.enabled
[INFO] Coalescing path $.vmselect.service.annotations
[INFO] Coalescing path $.vmselect.service.clusterIP
[INFO] Coalescing path $.vmselect.service.externalTrafficPolicy
[INFO] Coalescing path $.vmselect.service.extraPorts
[INFO] Coalescing path $.vmselect.service.loadBalancerIP
[INFO] Coalescing path $.vmselect.service.loadBalancerSourceRanges
[INFO] Coalescing path $.vmselect.service.sessionAffinity
[INFO] Coalescing path $.vmselect.service.sessionAffinityConfig
[INFO] Coalescing path $.vmselect.service.type
[INFO] Coalescing path $.vmselect.serviceAccount.annotations
[INFO] Coalescing path $.vmselect.serviceAccount.automountServiceAccountToken
[INFO] Coalescing path $.vmselect.serviceAccount.create
[INFO] Coalescing path $.vmstorage.containerPorts.http
[INFO] Coalescing path $.vmstorage.containerPorts.vminsert
[INFO] Coalescing path $.vmstorage.containerPorts.vmselect
[INFO] Coalescing path $.vmstorage.containerSecurityContext.enabled
[INFO] Coalescing path $.vmstorage.image.pullPolicy
[INFO] Coalescing path $.vmstorage.metrics.annotations
[INFO] Coalescing path $.vmstorage.metrics.enabled
[INFO] Coalescing path $.vmstorage.networkPolicy.allowExternal
[INFO] Coalescing path $.vmstorage.networkPolicy.allowExternalEgress
[INFO] Coalescing path $.vmstorage.networkPolicy.enabled
[INFO] Coalescing path $.vmstorage.networkPolicy.extraIngress
[INFO] Coalescing path $.vmstorage.networkPolicy.ingressNSMatchLabels
[INFO] Coalescing path $.vmstorage.networkPolicy.ingressNSPodMatchLabels
[INFO] Coalescing path $.vmstorage.nodeAffinityPreset.key
[INFO] Coalescing path $.vmstorage.nodeAffinityPreset.type
[INFO] Coalescing path $.vmstorage.nodeAffinityPreset.values
[INFO] Coalescing path $.vmstorage.pdb.create
[INFO] Coalescing path $.vmstorage.pdb.maxUnavailable
[INFO] Coalescing path $.vmstorage.pdb.minAvailable
[INFO] Coalescing path $.vmstorage.persistence.accessModes
[INFO] Coalescing path $.vmstorage.persistence.annotations
[INFO] Coalescing path $.vmstorage.persistence.dataSource
[INFO] Coalescing path $.vmstorage.persistence.enabled
[INFO] Coalescing path $.vmstorage.persistence.existingClaim
[INFO] Coalescing path $.vmstorage.persistence.extraVolumeClaimTemplates
[INFO] Coalescing path $.vmstorage.persistence.mountPath
[INFO] Coalescing path $.vmstorage.persistence.selector
[INFO] Coalescing path $.vmstorage.persistence.size
[INFO] Coalescing path $.vmstorage.podSecurityContext.enabled
[INFO] Coalescing path $.vmstorage.service.annotations
[INFO] Coalescing path $.vmstorage.service.clusterIP
[INFO] Coalescing path $.vmstorage.service.externalTrafficPolicy
[INFO] Coalescing path $.vmstorage.service.extraPorts
[INFO] Coalescing path $.vmstorage.service.loadBalancerIP
[INFO] Coalescing path $.vmstorage.service.loadBalancerSourceRanges
[INFO] Coalescing path $.vmstorage.service.sessionAffinity
[INFO] Coalescing path $.vmstorage.service.sessionAffinityConfig
[INFO] Coalescing path $.vmstorage.service.type
[INFO] Coalescing path $.vmstorage.serviceAccount.annotations
[INFO] Coalescing path $.vmstorage.serviceAccount.automountServiceAccountToken
[INFO] Coalescing path $.vmstorage.serviceAccount.create
[INFO] Coalescing path $.vmagent.autoscaling.hpa.enabled
[INFO] Coalescing path $.vmagent.autoscaling.hpa.maxReplicas
[INFO] Coalescing path $.vmagent.autoscaling.hpa.minReplicas
[INFO] Coalescing path $.vmagent.autoscaling.hpa.targetCPU
[INFO] Coalescing path $.vmagent.autoscaling.hpa.targetMemory
[INFO] Coalescing path $.vmagent.autoscaling.vpa.annotations
[INFO] Coalescing path $.vmagent.autoscaling.vpa.controlledResources
[INFO] Coalescing path $.vmagent.autoscaling.vpa.enabled
[INFO] Coalescing path $.vmagent.autoscaling.vpa.maxAllowed
[INFO] Coalescing path $.vmagent.autoscaling.vpa.minAllowed
[INFO] Coalescing path $.vmagent.autoscaling.vpa.updatePolicy
[INFO] Coalescing path $.vmagent.metrics.serviceMonitor.annotations
[INFO] Coalescing path $.vmagent.metrics.serviceMonitor.enabled
[INFO] Coalescing path $.vmagent.metrics.serviceMonitor.honorLabels
[INFO] Coalescing path $.vmagent.metrics.serviceMonitor.interval
[INFO] Coalescing path $.vmagent.metrics.serviceMonitor.jobLabel
[INFO] Coalescing path $.vmagent.metrics.serviceMonitor.metricRelabelings
[INFO] Coalescing path $.vmagent.metrics.serviceMonitor.namespace
[INFO] Coalescing path $.vmagent.metrics.serviceMonitor.relabelings
[INFO] Coalescing path $.vmagent.metrics.serviceMonitor.scrapeTimeout
[INFO] Coalescing path $.vmagent.metrics.serviceMonitor.selector
[INFO] Coalescing path $.vmagent.networkPolicy.ingressNSMatchLabels[*]
[INFO] Coalescing path $.vmagent.networkPolicy.ingressNSPodMatchLabels[*]
[INFO] Coalescing path $.vmagent.service.nodePorts.graphite
[INFO] Coalescing path $.vmagent.service.nodePorts.http
[INFO] Coalescing path $.vmagent.service.nodePorts.influxdb
[INFO] Coalescing path $.vmagent.service.nodePorts.opentsdb
[INFO] Coalescing path $.vmagent.service.ports.graphite
[INFO] Coalescing path $.vmagent.service.ports.http
[INFO] Coalescing path $.vmagent.service.ports.influxdb
[INFO] Coalescing path $.vmagent.service.ports.opentsdb
[INFO] Coalescing path $.vmalert.autoscaling.hpa.enabled
[INFO] Coalescing path $.vmalert.autoscaling.hpa.maxReplicas
[INFO] Coalescing path $.vmalert.autoscaling.hpa.minReplicas
[INFO] Coalescing path $.vmalert.autoscaling.hpa.targetCPU
[INFO] Coalescing path $.vmalert.autoscaling.hpa.targetMemory
[INFO] Coalescing path $.vmalert.autoscaling.vpa.annotations
[INFO] Coalescing path $.vmalert.autoscaling.vpa.controlledResources
[INFO] Coalescing path $.vmalert.autoscaling.vpa.enabled
[INFO] Coalescing path $.vmalert.autoscaling.vpa.maxAllowed
[INFO] Coalescing path $.vmalert.autoscaling.vpa.minAllowed
[INFO] Coalescing path $.vmalert.autoscaling.vpa.updatePolicy
[INFO] Coalescing path $.vmalert.metrics.serviceMonitor.annotations
[INFO] Coalescing path $.vmalert.metrics.serviceMonitor.enabled
[INFO] Coalescing path $.vmalert.metrics.serviceMonitor.honorLabels
[INFO] Coalescing path $.vmalert.metrics.serviceMonitor.interval
[INFO] Coalescing path $.vmalert.metrics.serviceMonitor.jobLabel
[INFO] Coalescing path $.vmalert.metrics.serviceMonitor.metricRelabelings
[INFO] Coalescing path $.vmalert.metrics.serviceMonitor.namespace
[INFO] Coalescing path $.vmalert.metrics.serviceMonitor.relabelings
[INFO] Coalescing path $.vmalert.metrics.serviceMonitor.scrapeTimeout
[INFO] Coalescing path $.vmalert.metrics.serviceMonitor.selector
[INFO] Coalescing path $.vmalert.networkPolicy.ingressNSMatchLabels[*]
[INFO] Coalescing path $.vmalert.networkPolicy.ingressNSPodMatchLabels[*]
[INFO] Coalescing path $.vmalert.service.nodePorts.http
[INFO] Coalescing path $.vmalert.service.ports.http
[INFO] Coalescing path $.vmauth.autoscaling.hpa.enabled
[INFO] Coalescing path $.vmauth.autoscaling.hpa.maxReplicas
[INFO] Coalescing path $.vmauth.autoscaling.hpa.minReplicas
[INFO] Coalescing path $.vmauth.autoscaling.hpa.targetCPU
[INFO] Coalescing path $.vmauth.autoscaling.hpa.targetMemory
[INFO] Coalescing path $.vmauth.autoscaling.vpa.annotations
[INFO] Coalescing path $.vmauth.autoscaling.vpa.controlledResources
[INFO] Coalescing path $.vmauth.autoscaling.vpa.enabled
[INFO] Coalescing path $.vmauth.autoscaling.vpa.maxAllowed
[INFO] Coalescing path $.vmauth.autoscaling.vpa.minAllowed
[INFO] Coalescing path $.vmauth.autoscaling.vpa.updatePolicy
[INFO] Coalescing path $.vmauth.metrics.serviceMonitor.annotations
[INFO] Coalescing path $.vmauth.metrics.serviceMonitor.enabled
[INFO] Coalescing path $.vmauth.metrics.serviceMonitor.honorLabels
[INFO] Coalescing path $.vmauth.metrics.serviceMonitor.interval
[INFO] Coalescing path $.vmauth.metrics.serviceMonitor.jobLabel
[INFO] Coalescing path $.vmauth.metrics.serviceMonitor.metricRelabelings
[INFO] Coalescing path $.vmauth.metrics.serviceMonitor.namespace
[INFO] Coalescing path $.vmauth.metrics.serviceMonitor.relabelings
[INFO] Coalescing path $.vmauth.metrics.serviceMonitor.scrapeTimeout
[INFO] Coalescing path $.vmauth.metrics.serviceMonitor.selector
[INFO] Coalescing path $.vmauth.networkPolicy.ingressNSMatchLabels[*]
[INFO] Coalescing path $.vmauth.networkPolicy.ingressNSPodMatchLabels[*]
[INFO] Coalescing path $.vmauth.service.nodePorts.http
[INFO] Coalescing path $.vmauth.service.ports.http
[INFO] Coalescing path $.vminsert.autoscaling.hpa.enabled
[INFO] Coalescing path $.vminsert.autoscaling.hpa.maxReplicas
[INFO] Coalescing path $.vminsert.autoscaling.hpa.minReplicas
[INFO] Coalescing path $.vminsert.autoscaling.hpa.targetCPU
[INFO] Coalescing path $.vminsert.autoscaling.hpa.targetMemory
[INFO] Coalescing path $.vminsert.autoscaling.vpa.annotations
[INFO] Coalescing path $.vminsert.autoscaling.vpa.controlledResources
[INFO] Coalescing path $.vminsert.autoscaling.vpa.enabled
[INFO] Coalescing path $.vminsert.autoscaling.vpa.maxAllowed
[INFO] Coalescing path $.vminsert.autoscaling.vpa.minAllowed
[INFO] Coalescing path $.vminsert.autoscaling.vpa.updatePolicy
[INFO] Coalescing path $.vminsert.metrics.serviceMonitor.annotations
[INFO] Coalescing path $.vminsert.metrics.serviceMonitor.enabled
[INFO] Coalescing path $.vminsert.metrics.serviceMonitor.honorLabels
[INFO] Coalescing path $.vminsert.metrics.serviceMonitor.interval
[INFO] Coalescing path $.vminsert.metrics.serviceMonitor.jobLabel
[INFO] Coalescing path $.vminsert.metrics.serviceMonitor.metricRelabelings
[INFO] Coalescing path $.vminsert.metrics.serviceMonitor.namespace
[INFO] Coalescing path $.vminsert.metrics.serviceMonitor.relabelings
[INFO] Coalescing path $.vminsert.metrics.serviceMonitor.scrapeTimeout
[INFO] Coalescing path $.vminsert.metrics.serviceMonitor.selector
[INFO] Coalescing path $.vminsert.networkPolicy.ingressNSMatchLabels[*]
[INFO] Coalescing path $.vminsert.networkPolicy.ingressNSPodMatchLabels[*]
[INFO] Coalescing path $.vminsert.service.nodePorts.http
[INFO] Coalescing path $.vminsert.service.ports.http
[INFO] Coalescing path $.vmselect.autoscaling.hpa.enabled
[INFO] Coalescing path $.vmselect.autoscaling.hpa.maxReplicas
[INFO] Coalescing path $.vmselect.autoscaling.hpa.minReplicas
[INFO] Coalescing path $.vmselect.autoscaling.hpa.targetCPU
[INFO] Coalescing path $.vmselect.autoscaling.hpa.targetMemory
[INFO] Coalescing path $.vmselect.autoscaling.vpa.annotations
[INFO] Coalescing path $.vmselect.autoscaling.vpa.controlledResources
[INFO] Coalescing path $.vmselect.autoscaling.vpa.enabled
[INFO] Coalescing path $.vmselect.autoscaling.vpa.maxAllowed
[INFO] Coalescing path $.vmselect.autoscaling.vpa.minAllowed
[INFO] Coalescing path $.vmselect.autoscaling.vpa.updatePolicy
[INFO] Coalescing path $.vmselect.metrics.serviceMonitor.annotations
[INFO] Coalescing path $.vmselect.metrics.serviceMonitor.enabled
[INFO] Coalescing path $.vmselect.metrics.serviceMonitor.honorLabels
[INFO] Coalescing path $.vmselect.metrics.serviceMonitor.interval
[INFO] Coalescing path $.vmselect.metrics.serviceMonitor.jobLabel
[INFO] Coalescing path $.vmselect.metrics.serviceMonitor.metricRelabelings
[INFO] Coalescing path $.vmselect.metrics.serviceMonitor.namespace
[INFO] Coalescing path $.vmselect.metrics.serviceMonitor.relabelings
[INFO] Coalescing path $.vmselect.metrics.serviceMonitor.scrapeTimeout
[INFO] Coalescing path $.vmselect.metrics.serviceMonitor.selector
[INFO] Coalescing path $.vmselect.networkPolicy.ingressNSMatchLabels[*]
[INFO] Coalescing path $.vmselect.networkPolicy.ingressNSPodMatchLabels[*]
[INFO] Coalescing path $.vmselect.service.headless.annotations
[INFO] Coalescing path $.vmselect.service.nodePorts.http
[INFO] Coalescing path $.vmselect.service.ports.http
[INFO] Coalescing path $.vmstorage.autoscaling.hpa.enabled
[INFO] Coalescing path $.vmstorage.autoscaling.hpa.maxReplicas
[INFO] Coalescing path $.vmstorage.autoscaling.hpa.minReplicas
[INFO] Coalescing path $.vmstorage.autoscaling.hpa.targetCPU
[INFO] Coalescing path $.vmstorage.autoscaling.hpa.targetMemory
[INFO] Coalescing path $.vmstorage.autoscaling.vpa.annotations
[INFO] Coalescing path $.vmstorage.autoscaling.vpa.controlledResources
[INFO] Coalescing path $.vmstorage.autoscaling.vpa.enabled
[INFO] Coalescing path $.vmstorage.autoscaling.vpa.maxAllowed
[INFO] Coalescing path $.vmstorage.autoscaling.vpa.minAllowed
[INFO] Coalescing path $.vmstorage.autoscaling.vpa.updatePolicy
[INFO] Coalescing path $.vmstorage.metrics.serviceMonitor.annotations
[INFO] Coalescing path $.vmstorage.metrics.serviceMonitor.enabled
[INFO] Coalescing path $.vmstorage.metrics.serviceMonitor.honorLabels
[INFO] Coalescing path $.vmstorage.metrics.serviceMonitor.interval
[INFO] Coalescing path $.vmstorage.metrics.serviceMonitor.jobLabel
[INFO] Coalescing path $.vmstorage.metrics.serviceMonitor.metricRelabelings
[INFO] Coalescing path $.vmstorage.metrics.serviceMonitor.namespace
[INFO] Coalescing path $.vmstorage.metrics.serviceMonitor.relabelings
[INFO] Coalescing path $.vmstorage.metrics.serviceMonitor.scrapeTimeout
[INFO] Coalescing path $.vmstorage.metrics.serviceMonitor.selector
[INFO] Coalescing path $.vmstorage.networkPolicy.ingressNSMatchLabels[*]
[INFO] Coalescing path $.vmstorage.networkPolicy.ingressNSPodMatchLabels[*]
[INFO] Coalescing path $.vmstorage.persistence.accessModes[*]
[INFO] Coalescing path $.vmstorage.service.headless.annotations
[INFO] Coalescing path $.vmstorage.service.nodePorts.http
[INFO] Coalescing path $.vmstorage.service.ports.http
[INFO] Coalescing path $.vmagent.autoscaling.vpa.updatePolicy.updateMode
[INFO] Coalescing path $.vmalert.autoscaling.vpa.updatePolicy.updateMode
[INFO] Coalescing path $.vmauth.autoscaling.vpa.updatePolicy.updateMode
[INFO] Coalescing path $.vmauth.ingress.extraHosts[*].name
[INFO] Coalescing path $.vmauth.ingress.extraHosts[*].path
[INFO] Coalescing path $.vmauth.ingress.extraHosts[*].pathType
[INFO] Coalescing path $.vmauth.ingress.secrets[*].certificate
[INFO] Coalescing path $.vmauth.ingress.secrets[*].key
[INFO] Coalescing path $.vmauth.ingress.secrets[*].name
[INFO] Coalescing path $.vminsert.autoscaling.vpa.updatePolicy.updateMode
[INFO] Coalescing path $.vminsert.ingress.extraHosts[*].name
[INFO] Coalescing path $.vminsert.ingress.extraHosts[*].path
[INFO] Coalescing path $.vminsert.ingress.extraHosts[*].pathType
[INFO] Coalescing path $.vminsert.ingress.secrets[*].certificate
[INFO] Coalescing path $.vminsert.ingress.secrets[*].key
[INFO] Coalescing path $.vminsert.ingress.secrets[*].name
[INFO] Coalescing path $.vmselect.autoscaling.vpa.updatePolicy.updateMode
[INFO] Coalescing path $.vmselect.ingress.extraHosts[*].name
[INFO] Coalescing path $.vmselect.ingress.extraHosts[*].path
[INFO] Coalescing path $.vmselect.ingress.extraHosts[*].pathType
[INFO] Coalescing path $.vmselect.ingress.secrets[*].certificate
[INFO] Coalescing path $.vmselect.ingress.secrets[*].key
[INFO] Coalescing path $.vmselect.ingress.secrets[*].name
[INFO] Coalescing path $.vmstorage.autoscaling.vpa.updatePolicy.updateMode
[INFO] Testing known inputs first; arbitrary extra-key cases are deferred
[INFO] Render hashes (run-local): 40 observed, 17 unique, 23 duplicate bundles; 23 successful validations reused
[INFO] Testing deferred arbitrary-key and original-schema robustness cases
[INFO] Render hashes (run-local): 101 observed, 1 unique, 100 duplicate bundles; 100 successful validations reused
[INFO] .: failed; 0 charts remain
