[INFO] Chart 1/1: .
[INFO] Finite filtering unavailable: permutations need closed objects at (); set additionalProperties: false; prioritizing known inputs before robustness sampling
[INFO] Coalescing path $.affinity
[INFO] Coalescing path $.args
[INFO] Coalescing path $.automountServiceAccountToken
[INFO] Coalescing path $.clusterDomain
[INFO] Coalescing path $.clusterName
[INFO] Coalescing path $.command
[INFO] Coalescing path $.commonAnnotations
[INFO] Coalescing path $.commonLabels
[INFO] Coalescing path $.configdFiles
[INFO] Coalescing path $.configuration
[INFO] Coalescing path $.containerSecurityContext
[INFO] Coalescing path $.customLivenessProbe
[INFO] Coalescing path $.customReadinessProbe
[INFO] Coalescing path $.customStartupProbe
[INFO] Coalescing path $.distributeReplicasByZone
[INFO] Coalescing path $.existingConfigdConfigmap
[INFO] Coalescing path $.existingConfigmap
[INFO] Coalescing path $.existingUsersdConfigmap
[INFO] Coalescing path $.existingUsersdSecret
[INFO] Coalescing path $.exposeMysql
[INFO] Coalescing path $.exposePostgresql
[INFO] Coalescing path $.extraDeploy
[INFO] Coalescing path $.extraEnvVars
[INFO] Coalescing path $.extraEnvVarsCM
[INFO] Coalescing path $.extraEnvVarsSecret
[INFO] Coalescing path $.extraVolumeClaimTemplates
[INFO] Coalescing path $.extraVolumeMounts
[INFO] Coalescing path $.extraVolumes
[INFO] Coalescing path $.global
[INFO] Coalescing path $.hostAliases
[INFO] Coalescing path $.image
[INFO] Coalescing path $.initContainers
[INFO] Coalescing path $.initdbScripts
[INFO] Coalescing path $.initdbScriptsSecret
[INFO] Coalescing path $.lifecycleHooks
[INFO] Coalescing path $.livenessProbe
[INFO] Coalescing path $.logLevel
[INFO] Coalescing path $.nodeSelector
[INFO] Coalescing path $.persistence
[INFO] Coalescing path $.podAffinityPreset
[INFO] Coalescing path $.podAnnotations
[INFO] Coalescing path $.podAntiAffinityPreset
[INFO] Coalescing path $.podLabels
[INFO] Coalescing path $.podManagementPolicy
[INFO] Coalescing path $.podSecurityContext
[INFO] Coalescing path $.priorityClassName
[INFO] Coalescing path $.readinessProbe
[INFO] Coalescing path $.replicaCount
[INFO] Coalescing path $.resources
[INFO] Coalescing path $.resourcesPreset
[INFO] Coalescing path $.schedulerName
[INFO] Coalescing path $.shards
[INFO] Coalescing path $.sidecars
[INFO] Coalescing path $.startdbScripts
[INFO] Coalescing path $.startdbScriptsSecret
[INFO] Coalescing path $.startupProbe
[INFO] Coalescing path $.terminationGracePeriodSeconds
[INFO] Coalescing path $.tolerations
[INFO] Coalescing path $.topologySpreadConstraints
[INFO] Coalescing path $.updateStrategy
[INFO] Coalescing path $.usePasswordFiles
[INFO] Coalescing path $.usersdFiles
[INFO] Coalescing path $.auth.existingSecret
[INFO] Coalescing path $.auth.username
[INFO] Coalescing path $.configdFiles[*]
[INFO] Coalescing path $.containerPorts.http
[INFO] Coalescing path $.containerPorts.https
[INFO] Coalescing path $.containerPorts.interserver
[INFO] Coalescing path $.containerPorts.metrics
[INFO] Coalescing path $.containerPorts.mysql
[INFO] Coalescing path $.containerPorts.postgresql
[INFO] Coalescing path $.containerPorts.tcp
[INFO] Coalescing path $.containerPorts.tcpSecure
[INFO] Coalescing path $.containerSecurityContext.enabled
[INFO] Coalescing path $.diagnosticMode.args
[INFO] Coalescing path $.diagnosticMode.command
[INFO] Coalescing path $.diagnosticMode.enabled
[INFO] Coalescing path $.externalZookeeper.port
[INFO] Coalescing path $.externalZookeeper.servers
[INFO] Coalescing path $.extraDeploy[*]
[INFO] Coalescing path $.image.debug
[INFO] Coalescing path $.image.pullPolicy
[INFO] Coalescing path $.ingress.annotations
[INFO] Coalescing path $.ingress.enabled
[INFO] Coalescing path $.ingress.extraHosts
[INFO] Coalescing path $.ingress.extraPaths
[INFO] Coalescing path $.ingress.extraRules
[INFO] Coalescing path $.ingress.extraTls
[INFO] Coalescing path $.ingress.hostname
[INFO] Coalescing path $.ingress.ingressClassName
[INFO] Coalescing path $.ingress.path
[INFO] Coalescing path $.ingress.pathType
[INFO] Coalescing path $.ingress.secrets
[INFO] Coalescing path $.ingress.selfSigned
[INFO] Coalescing path $.ingress.tls
[INFO] Coalescing path $.keeper.affinity
[INFO] Coalescing path $.keeper.automountServiceAccountToken
[INFO] Coalescing path $.keeper.configdFiles
[INFO] Coalescing path $.keeper.configuration
[INFO] Coalescing path $.keeper.containerSecurityContext
[INFO] Coalescing path $.keeper.customLivenessProbe
[INFO] Coalescing path $.keeper.customReadinessProbe
[INFO] Coalescing path $.keeper.customStartupProbe
[INFO] Coalescing path $.keeper.enabled
[INFO] Coalescing path $.keeper.existingConfigdConfigmap
[INFO] Coalescing path $.keeper.existingConfigmap
[INFO] Coalescing path $.keeper.existingUsersdConfigmap
[INFO] Coalescing path $.keeper.existingUsersdSecret
[INFO] Coalescing path $.keeper.extraContainerPorts
[INFO] Coalescing path $.keeper.extraEnvVars
[INFO] Coalescing path $.keeper.extraEnvVarsCM
[INFO] Coalescing path $.keeper.extraEnvVarsSecret
[INFO] Coalescing path $.keeper.extraVolumeMounts
[INFO] Coalescing path $.keeper.extraVolumes
[INFO] Coalescing path $.keeper.hostAliases
[INFO] Coalescing path $.keeper.image
[INFO] Coalescing path $.keeper.initContainers
[INFO] Coalescing path $.keeper.lifecycleHooks
[INFO] Coalescing path $.keeper.nodeSelector
[INFO] Coalescing path $.keeper.podAffinityPreset
[INFO] Coalescing path $.keeper.podAnnotations
[INFO] Coalescing path $.keeper.podAntiAffinityPreset
[INFO] Coalescing path $.keeper.podLabels
[INFO] Coalescing path $.keeper.podManagementPolicy
[INFO] Coalescing path $.keeper.podSecurityContext
[INFO] Coalescing path $.keeper.priorityClassName
[INFO] Coalescing path $.keeper.replicaCount
[INFO] Coalescing path $.keeper.resources
[INFO] Coalescing path $.keeper.schedulerName
[INFO] Coalescing path $.keeper.sidecars
[INFO] Coalescing path $.keeper.terminationGracePeriodSeconds
[INFO] Coalescing path $.keeper.tolerations
[INFO] Coalescing path $.keeper.topologySpreadConstraints
[INFO] Coalescing path $.keeper.updateStrategy
[INFO] Coalescing path $.keeper.usersdFiles
[INFO] Coalescing path $.livenessProbe.enabled
[INFO] Coalescing path $.metrics.enabled
[INFO] Coalescing path $.metrics.podAnnotations
[INFO] Coalescing path $.networkPolicy.addExternalClientAccess
[INFO] Coalescing path $.networkPolicy.allowExternal
[INFO] Coalescing path $.networkPolicy.allowExternalEgress
[INFO] Coalescing path $.networkPolicy.enabled
[INFO] Coalescing path $.networkPolicy.extraIngress
[INFO] Coalescing path $.networkPolicy.ingressNSMatchLabels
[INFO] Coalescing path $.networkPolicy.ingressNSPodMatchLabels
[INFO] Coalescing path $.nodeAffinityPreset.key
[INFO] Coalescing path $.nodeAffinityPreset.type
[INFO] Coalescing path $.nodeAffinityPreset.values
[INFO] Coalescing path $.pdb.create
[INFO] Coalescing path $.pdb.maxUnavailable
[INFO] Coalescing path $.pdb.minAvailable
[INFO] Coalescing path $.persistence.accessModes
[INFO] Coalescing path $.persistence.annotations
[INFO] Coalescing path $.persistence.dataSource
[INFO] Coalescing path $.persistence.enabled
[INFO] Coalescing path $.persistence.existingClaim
[INFO] Coalescing path $.persistence.labels
[INFO] Coalescing path $.persistence.mountPath
[INFO] Coalescing path $.persistence.selector
[INFO] Coalescing path $.persistence.size
[INFO] Coalescing path $.persistence.volumeName
[INFO] Coalescing path $.persistentVolumeClaimRetentionPolicy.enabled
[INFO] Coalescing path $.persistentVolumeClaimRetentionPolicy.whenDeleted
[INFO] Coalescing path $.persistentVolumeClaimRetentionPolicy.whenScaled
[INFO] Coalescing path $.podSecurityContext.enabled
[INFO] Coalescing path $.readinessProbe.enabled
[INFO] Coalescing path $.sampling.enabled
[INFO] Coalescing path $.service.perReplicaAccess
[INFO] Coalescing path $.service.type
[INFO] Coalescing path $.serviceAccount.annotations
[INFO] Coalescing path $.serviceAccount.automountServiceAccountToken
[INFO] Coalescing path $.serviceAccount.create
[INFO] Coalescing path $.startupProbe.enabled
[INFO] Coalescing path $.tls.enabled
[INFO] Coalescing path $.usersdFiles[*]
[INFO] Coalescing path $.autoscaling.vpa.annotations
[INFO] Coalescing path $.autoscaling.vpa.controlledResources
[INFO] Coalescing path $.autoscaling.vpa.enabled
[INFO] Coalescing path $.autoscaling.vpa.maxAllowed
[INFO] Coalescing path $.autoscaling.vpa.minAllowed
[INFO] Coalescing path $.autoscaling.vpa.updatePolicy
[INFO] Coalescing path $.defaultInitContainers.volumePermissions.enabled
[INFO] Coalescing path $.defaultInitContainers.volumePermissions.image
[INFO] Coalescing path $.keeper.configdFiles[*]
[INFO] Coalescing path $.keeper.containerPorts.raft
[INFO] Coalescing path $.keeper.containerPorts.tcp
[INFO] Coalescing path $.keeper.containerPorts.tcpSecure
[INFO] Coalescing path $.keeper.containerSecurityContext.enabled
[INFO] Coalescing path $.keeper.image.debug
[INFO] Coalescing path $.keeper.image.pullPolicy
[INFO] Coalescing path $.keeper.networkPolicy.addExternalClientAccess
[INFO] Coalescing path $.keeper.networkPolicy.allowExternal
[INFO] Coalescing path $.keeper.networkPolicy.allowExternalEgress
[INFO] Coalescing path $.keeper.networkPolicy.enabled
[INFO] Coalescing path $.keeper.networkPolicy.extraEgress
[INFO] Coalescing path $.keeper.networkPolicy.extraIngress
[INFO] Coalescing path $.keeper.networkPolicy.ingressNSMatchLabels
[INFO] Coalescing path $.keeper.networkPolicy.ingressNSPodMatchLabels
[INFO] Coalescing path $.keeper.nodeAffinityPreset.key
[INFO] Coalescing path $.keeper.nodeAffinityPreset.type
[INFO] Coalescing path $.keeper.nodeAffinityPreset.values
[INFO] Coalescing path $.keeper.pdb.create
[INFO] Coalescing path $.keeper.pdb.maxUnavailable
[INFO] Coalescing path $.keeper.pdb.minAvailable
[INFO] Coalescing path $.keeper.persistence.enabled
[INFO] Coalescing path $.keeper.persistence.mountPath
[INFO] Coalescing path $.keeper.podSecurityContext.enabled
[INFO] Coalescing path $.keeper.service.annotations
[INFO] Coalescing path $.keeper.service.clusterIP
[INFO] Coalescing path $.keeper.service.externalTrafficPolicy
[INFO] Coalescing path $.keeper.service.extraPorts
[INFO] Coalescing path $.keeper.service.loadBalancerIP
[INFO] Coalescing path $.keeper.service.loadBalancerSourceRanges
[INFO] Coalescing path $.keeper.service.sessionAffinity
[INFO] Coalescing path $.keeper.service.sessionAffinityConfig
[INFO] Coalescing path $.keeper.service.type
[INFO] Coalescing path $.keeper.usersdFiles[*]
[INFO] Coalescing path $.metrics.prometheusRule.additionalLabels
[INFO] Coalescing path $.metrics.prometheusRule.enabled
[INFO] Coalescing path $.metrics.prometheusRule.namespace
[INFO] Coalescing path $.metrics.prometheusRule.rules
[INFO] Coalescing path $.metrics.serviceMonitor.annotations
[INFO] Coalescing path $.metrics.serviceMonitor.enabled
[INFO] Coalescing path $.metrics.serviceMonitor.honorLabels
[INFO] Coalescing path $.metrics.serviceMonitor.interval
[INFO] Coalescing path $.metrics.serviceMonitor.jobLabel
[INFO] Coalescing path $.metrics.serviceMonitor.labels
[INFO] Coalescing path $.metrics.serviceMonitor.metricRelabelings
[INFO] Coalescing path $.metrics.serviceMonitor.namespace
[INFO] Coalescing path $.metrics.serviceMonitor.relabelings
[INFO] Coalescing path $.metrics.serviceMonitor.scrapeTimeout
[INFO] Coalescing path $.metrics.serviceMonitor.selector
[INFO] Coalescing path $.networkPolicy.ingressNSMatchLabels[*]
[INFO] Coalescing path $.networkPolicy.ingressNSPodMatchLabels[*]
[INFO] Coalescing path $.persistence.accessModes[*]
[INFO] Coalescing path $.service.headless.annotations
[INFO] Coalescing path $.service.headless.extraPorts
[INFO] Coalescing path $.service.ports.tcp
[INFO] Coalescing path $.service.ports.tcpSecure
[INFO] Coalescing path $.tls.autoGenerated.enabled
[INFO] Coalescing path $.tls.autoGenerated.engine
[INFO] Coalescing path $.autoscaling.vpa.updatePolicy.updateMode
[INFO] Coalescing path $.ingress.extraHosts[*].name
[INFO] Coalescing path $.ingress.extraHosts[*].path
[INFO] Coalescing path $.ingress.extraHosts[*].pathType
[INFO] Coalescing path $.ingress.secrets[*].certificate
[INFO] Coalescing path $.ingress.secrets[*].key
[INFO] Coalescing path $.ingress.secrets[*].name
[INFO] Coalescing path $.keeper.autoscaling.vpa.annotations
[INFO] Coalescing path $.keeper.autoscaling.vpa.controlledResources
[INFO] Coalescing path $.keeper.autoscaling.vpa.enabled
[INFO] Coalescing path $.keeper.autoscaling.vpa.maxAllowed
[INFO] Coalescing path $.keeper.autoscaling.vpa.minAllowed
[INFO] Coalescing path $.keeper.autoscaling.vpa.updatePolicy
[INFO] Coalescing path $.keeper.networkPolicy.ingressNSMatchLabels[*]
[INFO] Coalescing path $.keeper.networkPolicy.ingressNSPodMatchLabels[*]
[INFO] Coalescing path $.keeper.service.headless.annotations
[INFO] Coalescing path $.keeper.service.headless.extraPorts
[INFO] Coalescing path $.keeper.service.nodePorts.raft
[INFO] Coalescing path $.keeper.service.nodePorts.tcp
[INFO] Coalescing path $.keeper.service.nodePorts.tcpSecure
[INFO] Coalescing path $.keeper.service.ports.raft
[INFO] Coalescing path $.keeper.service.ports.tcp
[INFO] Coalescing path $.keeper.service.ports.tcpSecure
[INFO] Coalescing path $.tls.autoGenerated.certManager.duration
[INFO] Coalescing path $.tls.autoGenerated.certManager.existingIssuer
[INFO] Coalescing path $.tls.autoGenerated.certManager.existingIssuerKind
[INFO] Coalescing path $.tls.autoGenerated.certManager.keyAlgorithm
[INFO] Coalescing path $.tls.autoGenerated.certManager.keySize
[INFO] Coalescing path $.tls.autoGenerated.certManager.renewBefore
[INFO] Coalescing path $.keeper.autoscaling.vpa.updatePolicy.updateMode
[INFO] Testing known inputs first; arbitrary extra-key cases are deferred
[INFO] Render hashes (run-local): 58 observed, 58 unique, 0 duplicate bundles; 0 successful validations reused
[INFO] Testing deferred arbitrary-key and original-schema robustness cases
[INFO] Render hashes (run-local): 101 observed, 101 unique, 0 duplicate bundles; 0 successful validations reused
[INFO] .: failed; 0 charts remain
