[INFO] Chart 1/1: .
[INFO] Finite filtering unavailable: permutations need closed objects at (); set additionalProperties: false; prioritizing known inputs before robustness sampling
[INFO] Coalescing path $.commonAnnotations
[INFO] Coalescing path $.commonLabels
[INFO] Coalescing path $.extraDeploy
[INFO] Coalescing path $.global
[INFO] Coalescing path $.initContainers
[INFO] Coalescing path $.diagnosticMode.args
[INFO] Coalescing path $.diagnosticMode.command
[INFO] Coalescing path $.diagnosticMode.enabled
[INFO] Coalescing path $.extraDeploy[*]
[INFO] Coalescing path $.helmController.affinity
[INFO] Coalescing path $.helmController.automountServiceAccountToken
[INFO] Coalescing path $.helmController.containerSecurityContext
[INFO] Coalescing path $.helmController.customLivenessProbe
[INFO] Coalescing path $.helmController.customReadinessProbe
[INFO] Coalescing path $.helmController.customStartupProbe
[INFO] Coalescing path $.helmController.enabled
[INFO] Coalescing path $.helmController.extraEnvVars
[INFO] Coalescing path $.helmController.extraEnvVarsCM
[INFO] Coalescing path $.helmController.extraEnvVarsSecret
[INFO] Coalescing path $.helmController.extraVolumeMounts
[INFO] Coalescing path $.helmController.extraVolumes
[INFO] Coalescing path $.helmController.hostAliases
[INFO] Coalescing path $.helmController.image
[INFO] Coalescing path $.helmController.initContainers
[INFO] Coalescing path $.helmController.installCRDs
[INFO] Coalescing path $.helmController.lifecycleHooks
[INFO] Coalescing path $.helmController.nodeSelector
[INFO] Coalescing path $.helmController.podAffinityPreset
[INFO] Coalescing path $.helmController.podAnnotations
[INFO] Coalescing path $.helmController.podAntiAffinityPreset
[INFO] Coalescing path $.helmController.podLabels
[INFO] Coalescing path $.helmController.podSecurityContext
[INFO] Coalescing path $.helmController.priorityClassName
[INFO] Coalescing path $.helmController.replicaCount
[INFO] Coalescing path $.helmController.resources
[INFO] Coalescing path $.helmController.schedulerName
[INFO] Coalescing path $.helmController.sidecars
[INFO] Coalescing path $.helmController.terminationGracePeriodSeconds
[INFO] Coalescing path $.helmController.tolerations
[INFO] Coalescing path $.helmController.topologySpreadConstraints
[INFO] Coalescing path $.helmController.updateStrategy
[INFO] Coalescing path $.helmController.watchAllNamespaces
[INFO] Coalescing path $.imageAutomationController.affinity
[INFO] Coalescing path $.imageAutomationController.automountServiceAccountToken
[INFO] Coalescing path $.imageAutomationController.containerSecurityContext
[INFO] Coalescing path $.imageAutomationController.customLivenessProbe
[INFO] Coalescing path $.imageAutomationController.customReadinessProbe
[INFO] Coalescing path $.imageAutomationController.customStartupProbe
[INFO] Coalescing path $.imageAutomationController.enabled
[INFO] Coalescing path $.imageAutomationController.extraEnvVars
[INFO] Coalescing path $.imageAutomationController.extraEnvVarsCM
[INFO] Coalescing path $.imageAutomationController.extraEnvVarsSecret
[INFO] Coalescing path $.imageAutomationController.extraVolumeMounts
[INFO] Coalescing path $.imageAutomationController.extraVolumes
[INFO] Coalescing path $.imageAutomationController.hostAliases
[INFO] Coalescing path $.imageAutomationController.image
[INFO] Coalescing path $.imageAutomationController.initContainers
[INFO] Coalescing path $.imageAutomationController.installCRDs
[INFO] Coalescing path $.imageAutomationController.lifecycleHooks
[INFO] Coalescing path $.imageAutomationController.nodeSelector
[INFO] Coalescing path $.imageAutomationController.podAffinityPreset
[INFO] Coalescing path $.imageAutomationController.podAnnotations
[INFO] Coalescing path $.imageAutomationController.podAntiAffinityPreset
[INFO] Coalescing path $.imageAutomationController.podLabels
[INFO] Coalescing path $.imageAutomationController.podSecurityContext
[INFO] Coalescing path $.imageAutomationController.priorityClassName
[INFO] Coalescing path $.imageAutomationController.replicaCount
[INFO] Coalescing path $.imageAutomationController.resources
[INFO] Coalescing path $.imageAutomationController.schedulerName
[INFO] Coalescing path $.imageAutomationController.sidecars
[INFO] Coalescing path $.imageAutomationController.terminationGracePeriodSeconds
[INFO] Coalescing path $.imageAutomationController.tolerations
[INFO] Coalescing path $.imageAutomationController.topologySpreadConstraints
[INFO] Coalescing path $.imageAutomationController.updateStrategy
[INFO] Coalescing path $.imageAutomationController.watchAllNamespaces
[INFO] Coalescing path $.imageReflectorController.affinity
[INFO] Coalescing path $.imageReflectorController.automountServiceAccountToken
[INFO] Coalescing path $.imageReflectorController.containerSecurityContext
[INFO] Coalescing path $.imageReflectorController.customLivenessProbe
[INFO] Coalescing path $.imageReflectorController.customReadinessProbe
[INFO] Coalescing path $.imageReflectorController.customStartupProbe
[INFO] Coalescing path $.imageReflectorController.enabled
[INFO] Coalescing path $.imageReflectorController.extraEnvVars
[INFO] Coalescing path $.imageReflectorController.extraEnvVarsCM
[INFO] Coalescing path $.imageReflectorController.extraEnvVarsSecret
[INFO] Coalescing path $.imageReflectorController.extraVolumeMounts
[INFO] Coalescing path $.imageReflectorController.extraVolumes
[INFO] Coalescing path $.imageReflectorController.hostAliases
[INFO] Coalescing path $.imageReflectorController.image
[INFO] Coalescing path $.imageReflectorController.initContainers
[INFO] Coalescing path $.imageReflectorController.installCRDs
[INFO] Coalescing path $.imageReflectorController.lifecycleHooks
[INFO] Coalescing path $.imageReflectorController.nodeSelector
[INFO] Coalescing path $.imageReflectorController.persistence
[INFO] Coalescing path $.imageReflectorController.podAffinityPreset
[INFO] Coalescing path $.imageReflectorController.podAnnotations
[INFO] Coalescing path $.imageReflectorController.podAntiAffinityPreset
[INFO] Coalescing path $.imageReflectorController.podLabels
[INFO] Coalescing path $.imageReflectorController.podSecurityContext
[INFO] Coalescing path $.imageReflectorController.priorityClassName
[INFO] Coalescing path $.imageReflectorController.replicaCount
[INFO] Coalescing path $.imageReflectorController.resources
[INFO] Coalescing path $.imageReflectorController.schedulerName
[INFO] Coalescing path $.imageReflectorController.sidecars
[INFO] Coalescing path $.imageReflectorController.terminationGracePeriodSeconds
[INFO] Coalescing path $.imageReflectorController.tolerations
[INFO] Coalescing path $.imageReflectorController.topologySpreadConstraints
[INFO] Coalescing path $.imageReflectorController.updateStrategy
[INFO] Coalescing path $.imageReflectorController.watchAllNamespaces
[INFO] Coalescing path $.kustomizeController.affinity
[INFO] Coalescing path $.kustomizeController.automountServiceAccountToken
[INFO] Coalescing path $.kustomizeController.containerSecurityContext
[INFO] Coalescing path $.kustomizeController.customLivenessProbe
[INFO] Coalescing path $.kustomizeController.customReadinessProbe
[INFO] Coalescing path $.kustomizeController.customStartupProbe
[INFO] Coalescing path $.kustomizeController.enabled
[INFO] Coalescing path $.kustomizeController.extraEnvVars
[INFO] Coalescing path $.kustomizeController.extraEnvVarsCM
[INFO] Coalescing path $.kustomizeController.extraEnvVarsSecret
[INFO] Coalescing path $.kustomizeController.extraVolumeMounts
[INFO] Coalescing path $.kustomizeController.extraVolumes
[INFO] Coalescing path $.kustomizeController.hostAliases
[INFO] Coalescing path $.kustomizeController.image
[INFO] Coalescing path $.kustomizeController.initContainers
[INFO] Coalescing path $.kustomizeController.installCRDs
[INFO] Coalescing path $.kustomizeController.lifecycleHooks
[INFO] Coalescing path $.kustomizeController.nodeSelector
[INFO] Coalescing path $.kustomizeController.podAffinityPreset
[INFO] Coalescing path $.kustomizeController.podAnnotations
[INFO] Coalescing path $.kustomizeController.podAntiAffinityPreset
[INFO] Coalescing path $.kustomizeController.podLabels
[INFO] Coalescing path $.kustomizeController.podSecurityContext
[INFO] Coalescing path $.kustomizeController.priorityClassName
[INFO] Coalescing path $.kustomizeController.replicaCount
[INFO] Coalescing path $.kustomizeController.resources
[INFO] Coalescing path $.kustomizeController.schedulerName
[INFO] Coalescing path $.kustomizeController.sidecars
[INFO] Coalescing path $.kustomizeController.terminationGracePeriodSeconds
[INFO] Coalescing path $.kustomizeController.tolerations
[INFO] Coalescing path $.kustomizeController.topologySpreadConstraints
[INFO] Coalescing path $.kustomizeController.updateStrategy
[INFO] Coalescing path $.kustomizeController.watchAllNamespaces
[INFO] Coalescing path $.notificationController.affinity
[INFO] Coalescing path $.notificationController.automountServiceAccountToken
[INFO] Coalescing path $.notificationController.containerSecurityContext
[INFO] Coalescing path $.notificationController.customLivenessProbe
[INFO] Coalescing path $.notificationController.customReadinessProbe
[INFO] Coalescing path $.notificationController.customStartupProbe
[INFO] Coalescing path $.notificationController.enabled
[INFO] Coalescing path $.notificationController.extraEnvVars
[INFO] Coalescing path $.notificationController.extraEnvVarsCM
[INFO] Coalescing path $.notificationController.extraEnvVarsSecret
[INFO] Coalescing path $.notificationController.extraVolumeMounts
[INFO] Coalescing path $.notificationController.extraVolumes
[INFO] Coalescing path $.notificationController.hostAliases
[INFO] Coalescing path $.notificationController.image
[INFO] Coalescing path $.notificationController.initContainers
[INFO] Coalescing path $.notificationController.installCRDs
[INFO] Coalescing path $.notificationController.lifecycleHooks
[INFO] Coalescing path $.notificationController.nodeSelector
[INFO] Coalescing path $.notificationController.podAffinityPreset
[INFO] Coalescing path $.notificationController.podAnnotations
[INFO] Coalescing path $.notificationController.podAntiAffinityPreset
[INFO] Coalescing path $.notificationController.podLabels
[INFO] Coalescing path $.notificationController.podSecurityContext
[INFO] Coalescing path $.notificationController.priorityClassName
[INFO] Coalescing path $.notificationController.replicaCount
[INFO] Coalescing path $.notificationController.resources
[INFO] Coalescing path $.notificationController.schedulerName
[INFO] Coalescing path $.notificationController.sidecars
[INFO] Coalescing path $.notificationController.terminationGracePeriodSeconds
[INFO] Coalescing path $.notificationController.tolerations
[INFO] Coalescing path $.notificationController.topologySpreadConstraints
[INFO] Coalescing path $.notificationController.updateStrategy
[INFO] Coalescing path $.notificationController.watchAllNamespaces
[INFO] Coalescing path $.sourceController.affinity
[INFO] Coalescing path $.sourceController.automountServiceAccountToken
[INFO] Coalescing path $.sourceController.containerSecurityContext
[INFO] Coalescing path $.sourceController.customLivenessProbe
[INFO] Coalescing path $.sourceController.customReadinessProbe
[INFO] Coalescing path $.sourceController.customStartupProbe
[INFO] Coalescing path $.sourceController.enabled
[INFO] Coalescing path $.sourceController.extraEnvVars
[INFO] Coalescing path $.sourceController.extraEnvVarsCM
[INFO] Coalescing path $.sourceController.extraEnvVarsSecret
[INFO] Coalescing path $.sourceController.extraVolumeMounts
[INFO] Coalescing path $.sourceController.extraVolumes
[INFO] Coalescing path $.sourceController.hostAliases
[INFO] Coalescing path $.sourceController.image
[INFO] Coalescing path $.sourceController.initContainers
[INFO] Coalescing path $.sourceController.installCRDs
[INFO] Coalescing path $.sourceController.lifecycleHooks
[INFO] Coalescing path $.sourceController.nodeSelector
[INFO] Coalescing path $.sourceController.persistence
[INFO] Coalescing path $.sourceController.podAffinityPreset
[INFO] Coalescing path $.sourceController.podAnnotations
[INFO] Coalescing path $.sourceController.podAntiAffinityPreset
[INFO] Coalescing path $.sourceController.podLabels
[INFO] Coalescing path $.sourceController.podSecurityContext
[INFO] Coalescing path $.sourceController.priorityClassName
[INFO] Coalescing path $.sourceController.replicaCount
[INFO] Coalescing path $.sourceController.resources
[INFO] Coalescing path $.sourceController.schedulerName
[INFO] Coalescing path $.sourceController.sidecars
[INFO] Coalescing path $.sourceController.terminationGracePeriodSeconds
[INFO] Coalescing path $.sourceController.tolerations
[INFO] Coalescing path $.sourceController.topologySpreadConstraints
[INFO] Coalescing path $.sourceController.updateStrategy
[INFO] Coalescing path $.sourceController.watchAllNamespaces
[INFO] Coalescing path $.volumePermissions.containerSecurityContext
[INFO] Coalescing path $.volumePermissions.enabled
[INFO] Coalescing path $.volumePermissions.image
[INFO] Coalescing path $.volumePermissions.resources
[INFO] Coalescing path $.helmController.autoscaling.enabled
[INFO] Coalescing path $.helmController.containerPorts.health
[INFO] Coalescing path $.helmController.containerPorts.metrics
[INFO] Coalescing path $.helmController.containerSecurityContext.enabled
[INFO] Coalescing path $.helmController.image.pullPolicy
[INFO] Coalescing path $.helmController.metrics.enabled
[INFO] Coalescing path $.helmController.networkPolicy.allowExternal
[INFO] Coalescing path $.helmController.networkPolicy.allowExternalEgress
[INFO] Coalescing path $.helmController.networkPolicy.enabled
[INFO] Coalescing path $.helmController.networkPolicy.extraEgress
[INFO] Coalescing path $.helmController.networkPolicy.extraFromClauses
[INFO] Coalescing path $.helmController.networkPolicy.extraIngress
[INFO] Coalescing path $.helmController.networkPolicy.ingressNSMatchLabels
[INFO] Coalescing path $.helmController.networkPolicy.ingressNSPodMatchLabels
[INFO] Coalescing path $.helmController.networkPolicy.kubeAPIServerPorts
[INFO] Coalescing path $.helmController.nodeAffinityPreset.key
[INFO] Coalescing path $.helmController.nodeAffinityPreset.type
[INFO] Coalescing path $.helmController.nodeAffinityPreset.values
[INFO] Coalescing path $.helmController.pdb.create
[INFO] Coalescing path $.helmController.pdb.maxUnavailable
[INFO] Coalescing path $.helmController.pdb.minAvailable
[INFO] Coalescing path $.helmController.podSecurityContext.enabled
[INFO] Coalescing path $.helmController.rbac.create
[INFO] Coalescing path $.helmController.rbac.rules
[INFO] Coalescing path $.helmController.serviceAccount.annotations
[INFO] Coalescing path $.helmController.serviceAccount.automountServiceAccountToken
[INFO] Coalescing path $.helmController.serviceAccount.create
[INFO] Coalescing path $.imageAutomationController.autoscaling.enabled
[INFO] Coalescing path $.imageAutomationController.containerPorts.health
[INFO] Coalescing path $.imageAutomationController.containerPorts.metrics
[INFO] Coalescing path $.imageAutomationController.containerSecurityContext.enabled
[INFO] Coalescing path $.imageAutomationController.image.pullPolicy
[INFO] Coalescing path $.imageAutomationController.metrics.enabled
[INFO] Coalescing path $.imageAutomationController.networkPolicy.allowExternal
[INFO] Coalescing path $.imageAutomationController.networkPolicy.allowExternalEgress
[INFO] Coalescing path $.imageAutomationController.networkPolicy.enabled
[INFO] Coalescing path $.imageAutomationController.networkPolicy.extraEgress
[INFO] Coalescing path $.imageAutomationController.networkPolicy.extraFromClauses
[INFO] Coalescing path $.imageAutomationController.networkPolicy.extraIngress
[INFO] Coalescing path $.imageAutomationController.networkPolicy.ingressNSMatchLabels
[INFO] Coalescing path $.imageAutomationController.networkPolicy.ingressNSPodMatchLabels
[INFO] Coalescing path $.imageAutomationController.networkPolicy.kubeAPIServerPorts
[INFO] Coalescing path $.imageAutomationController.nodeAffinityPreset.key
[INFO] Coalescing path $.imageAutomationController.nodeAffinityPreset.type
[INFO] Coalescing path $.imageAutomationController.nodeAffinityPreset.values
[INFO] Coalescing path $.imageAutomationController.pdb.create
[INFO] Coalescing path $.imageAutomationController.pdb.maxUnavailable
[INFO] Coalescing path $.imageAutomationController.pdb.minAvailable
[INFO] Coalescing path $.imageAutomationController.podSecurityContext.enabled
[INFO] Coalescing path $.imageAutomationController.rbac.create
[INFO] Coalescing path $.imageAutomationController.rbac.rules
[INFO] Coalescing path $.imageAutomationController.serviceAccount.annotations
[INFO] Coalescing path $.imageAutomationController.serviceAccount.automountServiceAccountToken
[INFO] Coalescing path $.imageAutomationController.serviceAccount.create
[INFO] Coalescing path $.imageReflectorController.autoscaling.enabled
[INFO] Coalescing path $.imageReflectorController.containerPorts.health
[INFO] Coalescing path $.imageReflectorController.containerPorts.metrics
[INFO] Coalescing path $.imageReflectorController.containerSecurityContext.enabled
[INFO] Coalescing path $.imageReflectorController.containerSecurityContext.runAsUser
[INFO] Coalescing path $.imageReflectorController.image.pullPolicy
[INFO] Coalescing path $.imageReflectorController.metrics.enabled
[INFO] Coalescing path $.imageReflectorController.networkPolicy.allowExternal
[INFO] Coalescing path $.imageReflectorController.networkPolicy.allowExternalEgress
[INFO] Coalescing path $.imageReflectorController.networkPolicy.enabled
[INFO] Coalescing path $.imageReflectorController.networkPolicy.extraEgress
[INFO] Coalescing path $.imageReflectorController.networkPolicy.extraFromClauses
[INFO] Coalescing path $.imageReflectorController.networkPolicy.extraIngress
[INFO] Coalescing path $.imageReflectorController.networkPolicy.ingressNSMatchLabels
[INFO] Coalescing path $.imageReflectorController.networkPolicy.ingressNSPodMatchLabels
[INFO] Coalescing path $.imageReflectorController.networkPolicy.kubeAPIServerPorts
[INFO] Coalescing path $.imageReflectorController.nodeAffinityPreset.key
[INFO] Coalescing path $.imageReflectorController.nodeAffinityPreset.type
[INFO] Coalescing path $.imageReflectorController.nodeAffinityPreset.values
[INFO] Coalescing path $.imageReflectorController.pdb.create
[INFO] Coalescing path $.imageReflectorController.pdb.maxUnavailable
[INFO] Coalescing path $.imageReflectorController.pdb.minAvailable
[INFO] Coalescing path $.imageReflectorController.persistence.accessMode
[INFO] Coalescing path $.imageReflectorController.persistence.accessModes
[INFO] Coalescing path $.imageReflectorController.persistence.dataSource
[INFO] Coalescing path $.imageReflectorController.persistence.enabled
[INFO] Coalescing path $.imageReflectorController.persistence.existingClaim
[INFO] Coalescing path $.imageReflectorController.persistence.mountPath
[INFO] Coalescing path $.imageReflectorController.persistence.resourcePolicy
[INFO] Coalescing path $.imageReflectorController.persistence.selector
[INFO] Coalescing path $.imageReflectorController.persistence.size
[INFO] Coalescing path $.imageReflectorController.podSecurityContext.enabled
[INFO] Coalescing path $.imageReflectorController.podSecurityContext.fsGroup
[INFO] Coalescing path $.imageReflectorController.rbac.create
[INFO] Coalescing path $.imageReflectorController.rbac.rules
[INFO] Coalescing path $.imageReflectorController.serviceAccount.annotations
[INFO] Coalescing path $.imageReflectorController.serviceAccount.automountServiceAccountToken
[INFO] Coalescing path $.imageReflectorController.serviceAccount.create
[INFO] Coalescing path $.kustomizeController.autoscaling.enabled
[INFO] Coalescing path $.kustomizeController.containerPorts.health
[INFO] Coalescing path $.kustomizeController.containerPorts.metrics
[INFO] Coalescing path $.kustomizeController.containerSecurityContext.enabled
[INFO] Coalescing path $.kustomizeController.image.pullPolicy
[INFO] Coalescing path $.kustomizeController.metrics.enabled
[INFO] Coalescing path $.kustomizeController.networkPolicy.allowExternal
[INFO] Coalescing path $.kustomizeController.networkPolicy.allowExternalEgress
[INFO] Coalescing path $.kustomizeController.networkPolicy.enabled
[INFO] Coalescing path $.kustomizeController.networkPolicy.extraEgress
[INFO] Coalescing path $.kustomizeController.networkPolicy.extraFromClauses
[INFO] Coalescing path $.kustomizeController.networkPolicy.extraIngress
[INFO] Coalescing path $.kustomizeController.networkPolicy.ingressNSMatchLabels
[INFO] Coalescing path $.kustomizeController.networkPolicy.ingressNSPodMatchLabels
[INFO] Coalescing path $.kustomizeController.networkPolicy.kubeAPIServerPorts
[INFO] Coalescing path $.kustomizeController.nodeAffinityPreset.key
[INFO] Coalescing path $.kustomizeController.nodeAffinityPreset.type
[INFO] Coalescing path $.kustomizeController.nodeAffinityPreset.values
[INFO] Coalescing path $.kustomizeController.pdb.create
[INFO] Coalescing path $.kustomizeController.pdb.maxUnavailable
[INFO] Coalescing path $.kustomizeController.pdb.minAvailable
[INFO] Coalescing path $.kustomizeController.podSecurityContext.enabled
[INFO] Coalescing path $.kustomizeController.rbac.create
[INFO] Coalescing path $.kustomizeController.rbac.rules
[INFO] Coalescing path $.kustomizeController.serviceAccount.annotations
[INFO] Coalescing path $.kustomizeController.serviceAccount.automountServiceAccountToken
[INFO] Coalescing path $.kustomizeController.serviceAccount.create
[INFO] Coalescing path $.notificationController.autoscaling.enabled
[INFO] Coalescing path $.notificationController.containerPorts.health
[INFO] Coalescing path $.notificationController.containerPorts.metrics
[INFO] Coalescing path $.notificationController.containerPorts.receiver
[INFO] Coalescing path $.notificationController.containerPorts.webhook
[INFO] Coalescing path $.notificationController.containerSecurityContext.enabled
[INFO] Coalescing path $.notificationController.image.pullPolicy
[INFO] Coalescing path $.notificationController.metrics.enabled
[INFO] Coalescing path $.notificationController.networkPolicy.allowExternal
[INFO] Coalescing path $.notificationController.networkPolicy.allowExternalEgress
[INFO] Coalescing path $.notificationController.networkPolicy.enabled
[INFO] Coalescing path $.notificationController.networkPolicy.extraEgress
[INFO] Coalescing path $.notificationController.networkPolicy.extraFromClauses
[INFO] Coalescing path $.notificationController.networkPolicy.extraIngress
[INFO] Coalescing path $.notificationController.networkPolicy.ingressNSMatchLabels
[INFO] Coalescing path $.notificationController.networkPolicy.ingressNSPodMatchLabels
[INFO] Coalescing path $.notificationController.networkPolicy.kubeAPIServerPorts
[INFO] Coalescing path $.notificationController.nodeAffinityPreset.key
[INFO] Coalescing path $.notificationController.nodeAffinityPreset.type
[INFO] Coalescing path $.notificationController.nodeAffinityPreset.values
[INFO] Coalescing path $.notificationController.pdb.create
[INFO] Coalescing path $.notificationController.pdb.maxUnavailable
[INFO] Coalescing path $.notificationController.pdb.minAvailable
[INFO] Coalescing path $.notificationController.podSecurityContext.enabled
[INFO] Coalescing path $.notificationController.rbac.create
[INFO] Coalescing path $.notificationController.rbac.rules
[INFO] Coalescing path $.notificationController.serviceAccount.annotations
[INFO] Coalescing path $.notificationController.serviceAccount.automountServiceAccountToken
[INFO] Coalescing path $.notificationController.serviceAccount.create
[INFO] Coalescing path $.sourceController.autoscaling.enabled
[INFO] Coalescing path $.sourceController.containerPorts.health
[INFO] Coalescing path $.sourceController.containerPorts.http
[INFO] Coalescing path $.sourceController.containerPorts.metrics
[INFO] Coalescing path $.sourceController.containerSecurityContext.enabled
[INFO] Coalescing path $.sourceController.containerSecurityContext.runAsUser
[INFO] Coalescing path $.sourceController.image.pullPolicy
[INFO] Coalescing path $.sourceController.metrics.enabled
[INFO] Coalescing path $.sourceController.networkPolicy.allowExternal
[INFO] Coalescing path $.sourceController.networkPolicy.allowExternalEgress
[INFO] Coalescing path $.sourceController.networkPolicy.enabled
[INFO] Coalescing path $.sourceController.networkPolicy.extraEgress
[INFO] Coalescing path $.sourceController.networkPolicy.extraFromClauses
[INFO] Coalescing path $.sourceController.networkPolicy.extraIngress
[INFO] Coalescing path $.sourceController.networkPolicy.ingressNSMatchLabels
[INFO] Coalescing path $.sourceController.networkPolicy.ingressNSPodMatchLabels
[INFO] Coalescing path $.sourceController.networkPolicy.kubeAPIServerPorts
[INFO] Coalescing path $.sourceController.nodeAffinityPreset.key
[INFO] Coalescing path $.sourceController.nodeAffinityPreset.type
[INFO] Coalescing path $.sourceController.nodeAffinityPreset.values
[INFO] Coalescing path $.sourceController.pdb.create
[INFO] Coalescing path $.sourceController.pdb.maxUnavailable
[INFO] Coalescing path $.sourceController.pdb.minAvailable
[INFO] Coalescing path $.sourceController.persistence.accessMode
[INFO] Coalescing path $.sourceController.persistence.accessModes
[INFO] Coalescing path $.sourceController.persistence.dataSource
[INFO] Coalescing path $.sourceController.persistence.enabled
[INFO] Coalescing path $.sourceController.persistence.existingClaim
[INFO] Coalescing path $.sourceController.persistence.mountPath
[INFO] Coalescing path $.sourceController.persistence.resourcePolicy
[INFO] Coalescing path $.sourceController.persistence.selector
[INFO] Coalescing path $.sourceController.persistence.size
[INFO] Coalescing path $.sourceController.podSecurityContext.enabled
[INFO] Coalescing path $.sourceController.podSecurityContext.fsGroup
[INFO] Coalescing path $.sourceController.rbac.create
[INFO] Coalescing path $.sourceController.rbac.rules
[INFO] Coalescing path $.sourceController.service.annotations
[INFO] Coalescing path $.sourceController.service.clusterIP
[INFO] Coalescing path $.sourceController.service.externalTrafficPolicy
[INFO] Coalescing path $.sourceController.service.extraPorts
[INFO] Coalescing path $.sourceController.service.loadBalancerIP
[INFO] Coalescing path $.sourceController.service.loadBalancerSourceRanges
[INFO] Coalescing path $.sourceController.service.sessionAffinity
[INFO] Coalescing path $.sourceController.service.sessionAffinityConfig
[INFO] Coalescing path $.sourceController.service.type
[INFO] Coalescing path $.sourceController.serviceAccount.annotations
[INFO] Coalescing path $.sourceController.serviceAccount.automountServiceAccountToken
[INFO] Coalescing path $.sourceController.serviceAccount.create
[INFO] Coalescing path $.volumePermissions.containerSecurityContext.enabled
[INFO] Coalescing path $.volumePermissions.image.pullPolicy
[INFO] Coalescing path $.helmController.metrics.service.annotations
[INFO] Coalescing path $.helmController.metrics.service.clusterIP
[INFO] Coalescing path $.helmController.metrics.service.externalTrafficPolicy
[INFO] Coalescing path $.helmController.metrics.service.extraPorts
[INFO] Coalescing path $.helmController.metrics.service.loadBalancerIP
[INFO] Coalescing path $.helmController.metrics.service.loadBalancerSourceRanges
[INFO] Coalescing path $.helmController.metrics.service.sessionAffinity
[INFO] Coalescing path $.helmController.metrics.service.sessionAffinityConfig
[INFO] Coalescing path $.helmController.metrics.service.type
[INFO] Coalescing path $.helmController.metrics.serviceMonitor.annotations
[INFO] Coalescing path $.helmController.metrics.serviceMonitor.enabled
[INFO] Coalescing path $.helmController.metrics.serviceMonitor.honorLabels
[INFO] Coalescing path $.helmController.metrics.serviceMonitor.interval
[INFO] Coalescing path $.helmController.metrics.serviceMonitor.jobLabel
[INFO] Coalescing path $.helmController.metrics.serviceMonitor.labels
[INFO] Coalescing path $.helmController.metrics.serviceMonitor.metricRelabelings
[INFO] Coalescing path $.helmController.metrics.serviceMonitor.namespace
[INFO] Coalescing path $.helmController.metrics.serviceMonitor.relabelings
[INFO] Coalescing path $.helmController.metrics.serviceMonitor.scrapeTimeout
[INFO] Coalescing path $.helmController.metrics.serviceMonitor.selector
[INFO] Coalescing path $.helmController.networkPolicy.ingressNSMatchLabels[*]
[INFO] Coalescing path $.helmController.networkPolicy.ingressNSPodMatchLabels[*]
[INFO] Coalescing path $.helmController.networkPolicy.kubeAPIServerPorts[*]
[INFO] Coalescing path $.imageAutomationController.metrics.service.annotations
[INFO] Coalescing path $.imageAutomationController.metrics.service.clusterIP
[INFO] Coalescing path $.imageAutomationController.metrics.service.externalTrafficPolicy
[INFO] Coalescing path $.imageAutomationController.metrics.service.extraPorts
[INFO] Coalescing path $.imageAutomationController.metrics.service.loadBalancerIP
[INFO] Coalescing path $.imageAutomationController.metrics.service.loadBalancerSourceRanges
[INFO] Coalescing path $.imageAutomationController.metrics.service.sessionAffinity
[INFO] Coalescing path $.imageAutomationController.metrics.service.sessionAffinityConfig
[INFO] Coalescing path $.imageAutomationController.metrics.service.type
[INFO] Coalescing path $.imageAutomationController.metrics.serviceMonitor.annotations
[INFO] Coalescing path $.imageAutomationController.metrics.serviceMonitor.enabled
[INFO] Coalescing path $.imageAutomationController.metrics.serviceMonitor.honorLabels
[INFO] Coalescing path $.imageAutomationController.metrics.serviceMonitor.interval
[INFO] Coalescing path $.imageAutomationController.metrics.serviceMonitor.jobLabel
[INFO] Coalescing path $.imageAutomationController.metrics.serviceMonitor.labels
[INFO] Coalescing path $.imageAutomationController.metrics.serviceMonitor.metricRelabelings
[INFO] Coalescing path $.imageAutomationController.metrics.serviceMonitor.namespace
[INFO] Coalescing path $.imageAutomationController.metrics.serviceMonitor.relabelings
[INFO] Coalescing path $.imageAutomationController.metrics.serviceMonitor.scrapeTimeout
[INFO] Coalescing path $.imageAutomationController.metrics.serviceMonitor.selector
[INFO] Coalescing path $.imageAutomationController.networkPolicy.ingressNSMatchLabels[*]
[INFO] Coalescing path $.imageAutomationController.networkPolicy.ingressNSPodMatchLabels[*]
[INFO] Coalescing path $.imageAutomationController.networkPolicy.kubeAPIServerPorts[*]
[INFO] Coalescing path $.imageReflectorController.metrics.service.annotations
[INFO] Coalescing path $.imageReflectorController.metrics.service.clusterIP
[INFO] Coalescing path $.imageReflectorController.metrics.service.externalTrafficPolicy
[INFO] Coalescing path $.imageReflectorController.metrics.service.extraPorts
[INFO] Coalescing path $.imageReflectorController.metrics.service.loadBalancerIP
[INFO] Coalescing path $.imageReflectorController.metrics.service.loadBalancerSourceRanges
[INFO] Coalescing path $.imageReflectorController.metrics.service.sessionAffinity
[INFO] Coalescing path $.imageReflectorController.metrics.service.sessionAffinityConfig
[INFO] Coalescing path $.imageReflectorController.metrics.service.type
[INFO] Coalescing path $.imageReflectorController.metrics.serviceMonitor.annotations
[INFO] Coalescing path $.imageReflectorController.metrics.serviceMonitor.enabled
[INFO] Coalescing path $.imageReflectorController.metrics.serviceMonitor.honorLabels
[INFO] Coalescing path $.imageReflectorController.metrics.serviceMonitor.interval
[INFO] Coalescing path $.imageReflectorController.metrics.serviceMonitor.jobLabel
[INFO] Coalescing path $.imageReflectorController.metrics.serviceMonitor.labels
[INFO] Coalescing path $.imageReflectorController.metrics.serviceMonitor.metricRelabelings
[INFO] Coalescing path $.imageReflectorController.metrics.serviceMonitor.namespace
[INFO] Coalescing path $.imageReflectorController.metrics.serviceMonitor.relabelings
[INFO] Coalescing path $.imageReflectorController.metrics.serviceMonitor.scrapeTimeout
[INFO] Coalescing path $.imageReflectorController.metrics.serviceMonitor.selector
[INFO] Coalescing path $.imageReflectorController.networkPolicy.ingressNSMatchLabels[*]
[INFO] Coalescing path $.imageReflectorController.networkPolicy.ingressNSPodMatchLabels[*]
[INFO] Coalescing path $.imageReflectorController.networkPolicy.kubeAPIServerPorts[*]
[INFO] Coalescing path $.imageReflectorController.persistence.accessModes[*]
[INFO] Coalescing path $.kustomizeController.metrics.service.annotations
[INFO] Coalescing path $.kustomizeController.metrics.service.clusterIP
[INFO] Coalescing path $.kustomizeController.metrics.service.externalTrafficPolicy
[INFO] Coalescing path $.kustomizeController.metrics.service.extraPorts
[INFO] Coalescing path $.kustomizeController.metrics.service.loadBalancerIP
[INFO] Coalescing path $.kustomizeController.metrics.service.loadBalancerSourceRanges
[INFO] Coalescing path $.kustomizeController.metrics.service.sessionAffinity
[INFO] Coalescing path $.kustomizeController.metrics.service.sessionAffinityConfig
[INFO] Coalescing path $.kustomizeController.metrics.service.type
[INFO] Coalescing path $.kustomizeController.metrics.serviceMonitor.annotations
[INFO] Coalescing path $.kustomizeController.metrics.serviceMonitor.enabled
[INFO] Coalescing path $.kustomizeController.metrics.serviceMonitor.honorLabels
[INFO] Coalescing path $.kustomizeController.metrics.serviceMonitor.interval
[INFO] Coalescing path $.kustomizeController.metrics.serviceMonitor.jobLabel
[INFO] Coalescing path $.kustomizeController.metrics.serviceMonitor.labels
[INFO] Coalescing path $.kustomizeController.metrics.serviceMonitor.metricRelabelings
[INFO] Coalescing path $.kustomizeController.metrics.serviceMonitor.namespace
[INFO] Coalescing path $.kustomizeController.metrics.serviceMonitor.relabelings
[INFO] Coalescing path $.kustomizeController.metrics.serviceMonitor.scrapeTimeout
[INFO] Coalescing path $.kustomizeController.metrics.serviceMonitor.selector
[INFO] Coalescing path $.kustomizeController.networkPolicy.ingressNSMatchLabels[*]
[INFO] Coalescing path $.kustomizeController.networkPolicy.ingressNSPodMatchLabels[*]
[INFO] Coalescing path $.kustomizeController.networkPolicy.kubeAPIServerPorts[*]
[INFO] Coalescing path $.notificationController.metrics.service.annotations
[INFO] Coalescing path $.notificationController.metrics.service.clusterIP
[INFO] Coalescing path $.notificationController.metrics.service.externalTrafficPolicy
[INFO] Coalescing path $.notificationController.metrics.service.extraPorts
[INFO] Coalescing path $.notificationController.metrics.service.loadBalancerIP
[INFO] Coalescing path $.notificationController.metrics.service.loadBalancerSourceRanges
[INFO] Coalescing path $.notificationController.metrics.service.sessionAffinity
[INFO] Coalescing path $.notificationController.metrics.service.sessionAffinityConfig
[INFO] Coalescing path $.notificationController.metrics.service.type
[INFO] Coalescing path $.notificationController.metrics.serviceMonitor.annotations
[INFO] Coalescing path $.notificationController.metrics.serviceMonitor.enabled
[INFO] Coalescing path $.notificationController.metrics.serviceMonitor.honorLabels
[INFO] Coalescing path $.notificationController.metrics.serviceMonitor.interval
[INFO] Coalescing path $.notificationController.metrics.serviceMonitor.jobLabel
[INFO] Coalescing path $.notificationController.metrics.serviceMonitor.labels
[INFO] Coalescing path $.notificationController.metrics.serviceMonitor.metricRelabelings
[INFO] Coalescing path $.notificationController.metrics.serviceMonitor.namespace
[INFO] Coalescing path $.notificationController.metrics.serviceMonitor.relabelings
[INFO] Coalescing path $.notificationController.metrics.serviceMonitor.scrapeTimeout
[INFO] Coalescing path $.notificationController.metrics.serviceMonitor.selector
[INFO] Coalescing path $.notificationController.networkPolicy.ingressNSMatchLabels[*]
[INFO] Coalescing path $.notificationController.networkPolicy.ingressNSPodMatchLabels[*]
[INFO] Coalescing path $.notificationController.networkPolicy.kubeAPIServerPorts[*]
[INFO] Coalescing path $.notificationController.service.receiver.annotations
[INFO] Coalescing path $.notificationController.service.receiver.clusterIP
[INFO] Coalescing path $.notificationController.service.receiver.externalTrafficPolicy
[INFO] Coalescing path $.notificationController.service.receiver.extraPorts
[INFO] Coalescing path $.notificationController.service.receiver.loadBalancerIP
[INFO] Coalescing path $.notificationController.service.receiver.loadBalancerSourceRanges
[INFO] Coalescing path $.notificationController.service.receiver.sessionAffinity
[INFO] Coalescing path $.notificationController.service.receiver.sessionAffinityConfig
[INFO] Coalescing path $.notificationController.service.receiver.type
[INFO] Coalescing path $.notificationController.service.webhook.clusterIP
[INFO] Coalescing path $.notificationController.service.webhook.externalTrafficPolicy
[INFO] Coalescing path $.notificationController.service.webhook.extraPorts
[INFO] Coalescing path $.notificationController.service.webhook.loadBalancerIP
[INFO] Coalescing path $.notificationController.service.webhook.loadBalancerSourceRanges
[INFO] Coalescing path $.notificationController.service.webhook.sessionAffinity
[INFO] Coalescing path $.notificationController.service.webhook.sessionAffinityConfig
[INFO] Coalescing path $.notificationController.service.webhook.type
[INFO] Coalescing path $.sourceController.metrics.service.annotations
[INFO] Coalescing path $.sourceController.metrics.service.clusterIP
[INFO] Coalescing path $.sourceController.metrics.service.externalTrafficPolicy
[INFO] Coalescing path $.sourceController.metrics.service.extraPorts
[INFO] Coalescing path $.sourceController.metrics.service.loadBalancerIP
[INFO] Coalescing path $.sourceController.metrics.service.loadBalancerSourceRanges
[INFO] Coalescing path $.sourceController.metrics.service.sessionAffinity
[INFO] Coalescing path $.sourceController.metrics.service.sessionAffinityConfig
[INFO] Coalescing path $.sourceController.metrics.service.type
[INFO] Coalescing path $.sourceController.metrics.serviceMonitor.annotations
[INFO] Coalescing path $.sourceController.metrics.serviceMonitor.enabled
[INFO] Coalescing path $.sourceController.metrics.serviceMonitor.honorLabels
[INFO] Coalescing path $.sourceController.metrics.serviceMonitor.interval
[INFO] Coalescing path $.sourceController.metrics.serviceMonitor.jobLabel
[INFO] Coalescing path $.sourceController.metrics.serviceMonitor.labels
[INFO] Coalescing path $.sourceController.metrics.serviceMonitor.metricRelabelings
[INFO] Coalescing path $.sourceController.metrics.serviceMonitor.namespace
[INFO] Coalescing path $.sourceController.metrics.serviceMonitor.relabelings
[INFO] Coalescing path $.sourceController.metrics.serviceMonitor.scrapeTimeout
[INFO] Coalescing path $.sourceController.metrics.serviceMonitor.selector
[INFO] Coalescing path $.sourceController.networkPolicy.ingressNSMatchLabels[*]
[INFO] Coalescing path $.sourceController.networkPolicy.ingressNSPodMatchLabels[*]
[INFO] Coalescing path $.sourceController.networkPolicy.kubeAPIServerPorts[*]
[INFO] Coalescing path $.sourceController.persistence.accessModes[*]
[INFO] Coalescing path $.sourceController.service.nodePorts.http
[INFO] Coalescing path $.sourceController.service.ports.http
[INFO] Coalescing path $.helmController.metrics.service.nodePorts.metrics
[INFO] Coalescing path $.helmController.metrics.service.ports.metrics
[INFO] Coalescing path $.imageAutomationController.metrics.service.nodePorts.metrics
[INFO] Coalescing path $.imageAutomationController.metrics.service.ports.metrics
[INFO] Coalescing path $.imageReflectorController.metrics.service.nodePorts.metrics
[INFO] Coalescing path $.imageReflectorController.metrics.service.ports.metrics
[INFO] Coalescing path $.kustomizeController.metrics.service.nodePorts.metrics
[INFO] Coalescing path $.kustomizeController.metrics.service.ports.metrics
[INFO] Coalescing path $.notificationController.metrics.service.nodePorts.metrics
[INFO] Coalescing path $.notificationController.metrics.service.ports.metrics
[INFO] Coalescing path $.notificationController.service.receiver.nodePorts.http
[INFO] Coalescing path $.notificationController.service.receiver.ports.http
[INFO] Coalescing path $.notificationController.service.webhook.nodePorts.http
[INFO] Coalescing path $.notificationController.service.webhook.ports.http
[INFO] Coalescing path $.sourceController.metrics.service.nodePorts.metrics
[INFO] Coalescing path $.sourceController.metrics.service.ports.metrics
[INFO] Testing known inputs first; arbitrary extra-key cases are deferred
[INFO] Render hashes (run-local): 13 observed, 3 unique, 10 duplicate bundles; 10 successful validations reused
[INFO] Testing deferred arbitrary-key and original-schema robustness cases
[INFO] Render hashes (run-local): 101 observed, 1 unique, 100 duplicate bundles; 92 successful validations reused
[INFO] .: failed; 0 charts remain
