[INFO] Chart 1/1: .
[INFO] Finite filtering unavailable: permutations need closed objects at (); set additionalProperties: false; prioritizing known inputs before robustness sampling
[INFO] Coalescing path $.affinity
[INFO] Coalescing path $.allowEmptyPassword
[INFO] Coalescing path $.automountServiceAccountToken
[INFO] Coalescing path $.commonAnnotations
[INFO] Coalescing path $.commonLabels
[INFO] Coalescing path $.containerSecurityContext
[INFO] Coalescing path $.customLivenessProbe
[INFO] Coalescing path $.customReadinessProbe
[INFO] Coalescing path $.customStartupProbe
[INFO] Coalescing path $.existingSecret
[INFO] Coalescing path $.extraContainerPorts
[INFO] Coalescing path $.extraDeploy
[INFO] Coalescing path $.extraEnvVars
[INFO] Coalescing path $.extraEnvVarsCM
[INFO] Coalescing path $.extraEnvVarsSecret
[INFO] Coalescing path $.extraVolumeMounts
[INFO] Coalescing path $.extraVolumes
[INFO] Coalescing path $.ghostBlogTitle
[INFO] Coalescing path $.ghostEmail
[INFO] Coalescing path $.ghostEnableHttps
[INFO] Coalescing path $.ghostPassword
[INFO] Coalescing path $.ghostSkipInstall
[INFO] Coalescing path $.ghostUsername
[INFO] Coalescing path $.global
[INFO] Coalescing path $.hostAliases
[INFO] Coalescing path $.image
[INFO] Coalescing path $.initContainers
[INFO] Coalescing path $.lifecycleHooks
[INFO] Coalescing path $.nodeSelector
[INFO] Coalescing path $.persistence
[INFO] Coalescing path $.podAffinityPreset
[INFO] Coalescing path $.podAnnotations
[INFO] Coalescing path $.podAntiAffinityPreset
[INFO] Coalescing path $.podLabels
[INFO] Coalescing path $.podSecurityContext
[INFO] Coalescing path $.priorityClassName
[INFO] Coalescing path $.replicaCount
[INFO] Coalescing path $.resources
[INFO] Coalescing path $.schedulerName
[INFO] Coalescing path $.sidecars
[INFO] Coalescing path $.smtpExistingSecret
[INFO] Coalescing path $.smtpHost
[INFO] Coalescing path $.smtpPassword
[INFO] Coalescing path $.smtpPort
[INFO] Coalescing path $.smtpProtocol
[INFO] Coalescing path $.smtpService
[INFO] Coalescing path $.smtpUser
[INFO] Coalescing path $.tolerations
[INFO] Coalescing path $.topologySpreadConstraints
[INFO] Coalescing path $.updateStrategy
[INFO] Coalescing path $.usePasswordFiles
[INFO] Coalescing path $.containerPorts.http
[INFO] Coalescing path $.containerPorts.https
[INFO] Coalescing path $.containerSecurityContext.enabled
[INFO] Coalescing path $.containerSecurityContext.runAsUser
[INFO] Coalescing path $.diagnosticMode.args
[INFO] Coalescing path $.diagnosticMode.command
[INFO] Coalescing path $.diagnosticMode.enabled
[INFO] Coalescing path $.externalDatabase.database
[INFO] Coalescing path $.externalDatabase.existingSecret
[INFO] Coalescing path $.externalDatabase.host
[INFO] Coalescing path $.externalDatabase.password
[INFO] Coalescing path $.externalDatabase.ssl
[INFO] Coalescing path $.externalDatabase.sslCaFile
[INFO] Coalescing path $.externalDatabase.user
[INFO] Coalescing path $.extraDeploy[*]
[INFO] Coalescing path $.global.imagePullSecrets
[INFO] Coalescing path $.image.debug
[INFO] Coalescing path $.image.pullPolicy
[INFO] Coalescing path $.ingress.annotations
[INFO] Coalescing path $.ingress.enabled
[INFO] Coalescing path $.ingress.extraHosts
[INFO] Coalescing path $.ingress.extraPaths
[INFO] Coalescing path $.ingress.extraRules
[INFO] Coalescing path $.ingress.extraTls
[INFO] Coalescing path $.ingress.hostname
[INFO] Coalescing path $.ingress.ingressClassName
[INFO] Coalescing path $.ingress.path
[INFO] Coalescing path $.ingress.pathType
[INFO] Coalescing path $.ingress.secrets
[INFO] Coalescing path $.ingress.selfSigned
[INFO] Coalescing path $.ingress.tls
[INFO] Coalescing path $.mysql.enabled
[INFO] Coalescing path $.networkPolicy.allowExternal
[INFO] Coalescing path $.networkPolicy.allowExternalEgress
[INFO] Coalescing path $.networkPolicy.enabled
[INFO] Coalescing path $.networkPolicy.extraEgress
[INFO] Coalescing path $.networkPolicy.extraIngress
[INFO] Coalescing path $.networkPolicy.ingressNSMatchLabels
[INFO] Coalescing path $.networkPolicy.ingressNSPodMatchLabels
[INFO] Coalescing path $.nodeAffinityPreset.key
[INFO] Coalescing path $.nodeAffinityPreset.type
[INFO] Coalescing path $.nodeAffinityPreset.values
[INFO] Coalescing path $.pdb.create
[INFO] Coalescing path $.pdb.maxUnavailable
[INFO] Coalescing path $.pdb.minAvailable
[INFO] Coalescing path $.persistence.accessMode
[INFO] Coalescing path $.persistence.accessModes
[INFO] Coalescing path $.persistence.annotations
[INFO] Coalescing path $.persistence.enabled
[INFO] Coalescing path $.persistence.existingClaim
[INFO] Coalescing path $.persistence.size
[INFO] Coalescing path $.persistence.subPath
[INFO] Coalescing path $.podSecurityContext.enabled
[INFO] Coalescing path $.podSecurityContext.fsGroup
[INFO] Coalescing path $.service.annotations
[INFO] Coalescing path $.service.clusterIP
[INFO] Coalescing path $.service.externalTrafficPolicy
[INFO] Coalescing path $.service.extraPorts
[INFO] Coalescing path $.service.httpsPort
[INFO] Coalescing path $.service.loadBalancerIP
[INFO] Coalescing path $.service.loadBalancerSourceRanges
[INFO] Coalescing path $.service.port
[INFO] Coalescing path $.service.sessionAffinity
[INFO] Coalescing path $.service.sessionAffinityConfig
[INFO] Coalescing path $.service.type
[INFO] Coalescing path $.serviceAccount.annotations
[INFO] Coalescing path $.serviceAccount.automountServiceAccountToken
[INFO] Coalescing path $.serviceAccount.create
[INFO] Coalescing path $.volumePermissions.enabled
[INFO] Coalescing path $.volumePermissions.image
[INFO] Coalescing path $.volumePermissions.resources
[INFO] Coalescing path $.volumePermissions.securityContext
[INFO] Coalescing path $.extraContainerPorts[*].containerPort
[INFO] Coalescing path $.networkPolicy.ingressNSMatchLabels[*]
[INFO] Coalescing path $.networkPolicy.ingressNSPodMatchLabels[*]
[INFO] Coalescing path $.persistence.accessModes[*]
[INFO] Coalescing path $.service.nodePorts.http
[INFO] Coalescing path $.service.nodePorts.https
[INFO] Coalescing path $.service.ports.http
[INFO] Coalescing path $.service.ports.https
[INFO] Coalescing path $.volumePermissions.image.pullPolicy
[INFO] Coalescing path $.volumePermissions.securityContext.runAsUser
[INFO] Coalescing path $.ingress.extraHosts[*].name
[INFO] Coalescing path $.ingress.extraHosts[*].path
[INFO] Coalescing path $.ingress.extraHosts[*].pathType
[INFO] Coalescing path $.ingress.secrets[*].certificate
[INFO] Coalescing path $.ingress.secrets[*].key
[INFO] Coalescing path $.ingress.secrets[*].name
[INFO] Testing known inputs first; arbitrary extra-key cases are deferred
[INFO] Render hashes (run-local): 115 observed, 115 unique, 0 duplicate bundles; 0 successful validations reused
[INFO] Testing deferred arbitrary-key and original-schema robustness cases
[INFO] Render hashes (run-local): 219 observed, 219 unique, 0 duplicate bundles; 0 successful validations reused
[INFO] .: failed; 0 charts remain
