[INFO] Chart 1/1: .
[INFO] Finite filtering unavailable: permutations need closed objects at (); set additionalProperties: false; prioritizing known inputs before robustness sampling
[INFO] Coalescing path $.commonAnnotations
[INFO] Coalescing path $.commonLabels
[INFO] Coalescing path $.existingSecret
[INFO] Coalescing path $.exposureType
[INFO] Coalescing path $.externalRedis
[INFO] Coalescing path $.extraDeploy
[INFO] Coalescing path $.extraVolumes
[INFO] Coalescing path $.global
[INFO] Coalescing path $.logLevel
[INFO] Coalescing path $.podLabels
[INFO] Coalescing path $.cache.enabled
[INFO] Coalescing path $.cache.expireHours
[INFO] Coalescing path $.certificateVolume.resources
[INFO] Coalescing path $.core.affinity
[INFO] Coalescing path $.core.artifactPullAsyncFlushDuration
[INFO] Coalescing path $.core.automountServiceAccountToken
[INFO] Coalescing path $.core.configOverwriteJson
[INFO] Coalescing path $.core.configOverwriteJsonSecret
[INFO] Coalescing path $.core.containerSecurityContext
[INFO] Coalescing path $.core.customLivenessProbe
[INFO] Coalescing path $.core.customReadinessProbe
[INFO] Coalescing path $.core.customStartupProbe
[INFO] Coalescing path $.core.existingEnvVarsSecret
[INFO] Coalescing path $.core.existingSecret
[INFO] Coalescing path $.core.extraEnvVars
[INFO] Coalescing path $.core.extraEnvVarsCM
[INFO] Coalescing path $.core.extraEnvVarsSecret
[INFO] Coalescing path $.core.extraVolumeMounts
[INFO] Coalescing path $.core.extraVolumes
[INFO] Coalescing path $.core.hostAliases
[INFO] Coalescing path $.core.image
[INFO] Coalescing path $.core.initContainers
[INFO] Coalescing path $.core.lifecycleHooks
[INFO] Coalescing path $.core.nodeSelector
[INFO] Coalescing path $.core.podAffinityPreset
[INFO] Coalescing path $.core.podAnnotations
[INFO] Coalescing path $.core.podAntiAffinityPreset
[INFO] Coalescing path $.core.podLabels
[INFO] Coalescing path $.core.podSecurityContext
[INFO] Coalescing path $.core.priorityClassName
[INFO] Coalescing path $.core.quotaUpdateProvider
[INFO] Coalescing path $.core.replicaCount
[INFO] Coalescing path $.core.resources
[INFO] Coalescing path $.core.schedulerName
[INFO] Coalescing path $.core.secretName
[INFO] Coalescing path $.core.sessionLifetime
[INFO] Coalescing path $.core.sidecars
[INFO] Coalescing path $.core.tokenCert
[INFO] Coalescing path $.core.tokenKey
[INFO] Coalescing path $.core.tolerations
[INFO] Coalescing path $.core.topologySpreadConstraints
[INFO] Coalescing path $.core.uaaSecret
[INFO] Coalescing path $.core.updateStrategy
[INFO] Coalescing path $.database.maxIdleConns
[INFO] Coalescing path $.database.maxOpenConns
[INFO] Coalescing path $.diagnosticMode.args
[INFO] Coalescing path $.diagnosticMode.command
[INFO] Coalescing path $.diagnosticMode.enabled
[INFO] Coalescing path $.exporter.affinity
[INFO] Coalescing path $.exporter.automountServiceAccountToken
[INFO] Coalescing path $.exporter.cacheCleanInterval
[INFO] Coalescing path $.exporter.cacheDuration
[INFO] Coalescing path $.exporter.containerSecurityContext
[INFO] Coalescing path $.exporter.customLivenessProbe
[INFO] Coalescing path $.exporter.customReadinessProbe
[INFO] Coalescing path $.exporter.customStartupProbe
[INFO] Coalescing path $.exporter.extraEnvVars
[INFO] Coalescing path $.exporter.extraEnvVarsSecret
[INFO] Coalescing path $.exporter.extraVolumeMounts
[INFO] Coalescing path $.exporter.extraVolumes
[INFO] Coalescing path $.exporter.hostAliases
[INFO] Coalescing path $.exporter.image
[INFO] Coalescing path $.exporter.initContainers
[INFO] Coalescing path $.exporter.lifecycleHooks
[INFO] Coalescing path $.exporter.nodeSelector
[INFO] Coalescing path $.exporter.podAffinityPreset
[INFO] Coalescing path $.exporter.podAnnotations
[INFO] Coalescing path $.exporter.podAntiAffinityPreset
[INFO] Coalescing path $.exporter.podLabels
[INFO] Coalescing path $.exporter.podSecurityContext
[INFO] Coalescing path $.exporter.priorityClassName
[INFO] Coalescing path $.exporter.replicaCount
[INFO] Coalescing path $.exporter.resources
[INFO] Coalescing path $.exporter.schedulerName
[INFO] Coalescing path $.exporter.sidecars
[INFO] Coalescing path $.exporter.tolerations
[INFO] Coalescing path $.exporter.topologySpreadConstraints
[INFO] Coalescing path $.exporter.updateStrategy
[INFO] Coalescing path $.externalDatabase.existingSecret
[INFO] Coalescing path $.externalDatabase.existingSecretPasswordKey
[INFO] Coalescing path $.externalRedis.instancePerComponent
[INFO] Coalescing path $.externalRedis.registry
[INFO] Coalescing path $.extraDeploy[*]
[INFO] Coalescing path $.internalTLS.caBundleSecret
[INFO] Coalescing path $.internalTLS.enabled
[INFO] Coalescing path $.jobservice.affinity
[INFO] Coalescing path $.jobservice.automountServiceAccountToken
[INFO] Coalescing path $.jobservice.containerSecurityContext
[INFO] Coalescing path $.jobservice.customLivenessProbe
[INFO] Coalescing path $.jobservice.customReadinessProbe
[INFO] Coalescing path $.jobservice.customStartupProbe
[INFO] Coalescing path $.jobservice.existingEnvVarsSecret
[INFO] Coalescing path $.jobservice.existingSecret
[INFO] Coalescing path $.jobservice.extraEnvVars
[INFO] Coalescing path $.jobservice.extraEnvVarsCM
[INFO] Coalescing path $.jobservice.extraEnvVarsSecret
[INFO] Coalescing path $.jobservice.extraVolumeMounts
[INFO] Coalescing path $.jobservice.extraVolumes
[INFO] Coalescing path $.jobservice.hostAliases
[INFO] Coalescing path $.jobservice.image
[INFO] Coalescing path $.jobservice.initContainers
[INFO] Coalescing path $.jobservice.jobLogger
[INFO] Coalescing path $.jobservice.lifecycleHooks
[INFO] Coalescing path $.jobservice.maxJobWorkers
[INFO] Coalescing path $.jobservice.nodeSelector
[INFO] Coalescing path $.jobservice.podAffinityPreset
[INFO] Coalescing path $.jobservice.podAnnotations
[INFO] Coalescing path $.jobservice.podAntiAffinityPreset
[INFO] Coalescing path $.jobservice.podLabels
[INFO] Coalescing path $.jobservice.podSecurityContext
[INFO] Coalescing path $.jobservice.priorityClassName
[INFO] Coalescing path $.jobservice.redisNamespace
[INFO] Coalescing path $.jobservice.replicaCount
[INFO] Coalescing path $.jobservice.resources
[INFO] Coalescing path $.jobservice.schedulerName
[INFO] Coalescing path $.jobservice.sidecars
[INFO] Coalescing path $.jobservice.tolerations
[INFO] Coalescing path $.jobservice.topologySpreadConstraints
[INFO] Coalescing path $.jobservice.updateStrategy
[INFO] Coalescing path $.metrics.enabled
[INFO] Coalescing path $.metrics.path
[INFO] Coalescing path $.migration.annotations
[INFO] Coalescing path $.migration.args
[INFO] Coalescing path $.migration.automountServiceAccountToken
[INFO] Coalescing path $.migration.command
[INFO] Coalescing path $.migration.containerSecurityContext
[INFO] Coalescing path $.migration.enabled
[INFO] Coalescing path $.migration.extraEnvVars
[INFO] Coalescing path $.migration.extraEnvVarsCM
[INFO] Coalescing path $.migration.extraEnvVarsSecret
[INFO] Coalescing path $.migration.extraVolumeMounts
[INFO] Coalescing path $.migration.hostAliases
[INFO] Coalescing path $.migration.podAnnotations
[INFO] Coalescing path $.migration.podLabels
[INFO] Coalescing path $.migration.podSecurityContext
[INFO] Coalescing path $.migration.resources
[INFO] Coalescing path $.nginx.affinity
[INFO] Coalescing path $.nginx.automountServiceAccountToken
[INFO] Coalescing path $.nginx.behindReverseProxy
[INFO] Coalescing path $.nginx.containerSecurityContext
[INFO] Coalescing path $.nginx.customLivenessProbe
[INFO] Coalescing path $.nginx.customReadinessProbe
[INFO] Coalescing path $.nginx.customStartupProbe
[INFO] Coalescing path $.nginx.extraEnvVars
[INFO] Coalescing path $.nginx.extraEnvVarsCM
[INFO] Coalescing path $.nginx.extraEnvVarsSecret
[INFO] Coalescing path $.nginx.extraVolumeMounts
[INFO] Coalescing path $.nginx.extraVolumes
[INFO] Coalescing path $.nginx.hostAliases
[INFO] Coalescing path $.nginx.image
[INFO] Coalescing path $.nginx.initContainers
[INFO] Coalescing path $.nginx.lifecycleHooks
[INFO] Coalescing path $.nginx.nodeSelector
[INFO] Coalescing path $.nginx.podAffinityPreset
[INFO] Coalescing path $.nginx.podAnnotations
[INFO] Coalescing path $.nginx.podAntiAffinityPreset
[INFO] Coalescing path $.nginx.podLabels
[INFO] Coalescing path $.nginx.podSecurityContext
[INFO] Coalescing path $.nginx.priorityClassName
[INFO] Coalescing path $.nginx.replicaCount
[INFO] Coalescing path $.nginx.resources
[INFO] Coalescing path $.nginx.schedulerName
[INFO] Coalescing path $.nginx.sidecars
[INFO] Coalescing path $.nginx.tolerations
[INFO] Coalescing path $.nginx.topologySpreadConstraints
[INFO] Coalescing path $.nginx.updateStrategy
[INFO] Coalescing path $.persistence.enabled
[INFO] Coalescing path $.persistence.resourcePolicy
[INFO] Coalescing path $.portal.affinity
[INFO] Coalescing path $.portal.automountServiceAccountToken
[INFO] Coalescing path $.portal.containerSecurityContext
[INFO] Coalescing path $.portal.customLivenessProbe
[INFO] Coalescing path $.portal.customReadinessProbe
[INFO] Coalescing path $.portal.customStartupProbe
[INFO] Coalescing path $.portal.extraEnvVars
[INFO] Coalescing path $.portal.extraEnvVarsCM
[INFO] Coalescing path $.portal.extraEnvVarsSecret
[INFO] Coalescing path $.portal.extraVolumeMounts
[INFO] Coalescing path $.portal.extraVolumes
[INFO] Coalescing path $.portal.hostAliases
[INFO] Coalescing path $.portal.image
[INFO] Coalescing path $.portal.initContainers
[INFO] Coalescing path $.portal.lifecycleHooks
[INFO] Coalescing path $.portal.nodeSelector
[INFO] Coalescing path $.portal.podAffinityPreset
[INFO] Coalescing path $.portal.podAnnotations
[INFO] Coalescing path $.portal.podAntiAffinityPreset
[INFO] Coalescing path $.portal.podLabels
[INFO] Coalescing path $.portal.podSecurityContext
[INFO] Coalescing path $.portal.priorityClassName
[INFO] Coalescing path $.portal.replicaCount
[INFO] Coalescing path $.portal.resources
[INFO] Coalescing path $.portal.schedulerName
[INFO] Coalescing path $.portal.sidecars
[INFO] Coalescing path $.portal.tolerations
[INFO] Coalescing path $.portal.topologySpreadConstraints
[INFO] Coalescing path $.portal.updateStrategy
[INFO] Coalescing path $.postgresql.enabled
[INFO] Coalescing path $.proxy.components
[INFO] Coalescing path $.proxy.httpProxy
[INFO] Coalescing path $.proxy.httpsProxy
[INFO] Coalescing path $.redis.enabled
[INFO] Coalescing path $.registry.affinity
[INFO] Coalescing path $.registry.automountServiceAccountToken
[INFO] Coalescing path $.registry.existingSecret
[INFO] Coalescing path $.registry.extraVolumes
[INFO] Coalescing path $.registry.hostAliases
[INFO] Coalescing path $.registry.initContainers
[INFO] Coalescing path $.registry.nodeSelector
[INFO] Coalescing path $.registry.podAffinityPreset
[INFO] Coalescing path $.registry.podAnnotations
[INFO] Coalescing path $.registry.podAntiAffinityPreset
[INFO] Coalescing path $.registry.podLabels
[INFO] Coalescing path $.registry.podSecurityContext
[INFO] Coalescing path $.registry.priorityClassName
[INFO] Coalescing path $.registry.relativeurls
[INFO] Coalescing path $.registry.replicaCount
[INFO] Coalescing path $.registry.schedulerName
[INFO] Coalescing path $.registry.sidecars
[INFO] Coalescing path $.registry.tolerations
[INFO] Coalescing path $.registry.topologySpreadConstraints
[INFO] Coalescing path $.registry.updateStrategy
[INFO] Coalescing path $.service.annotations
[INFO] Coalescing path $.service.clusterIP
[INFO] Coalescing path $.service.externalTrafficPolicy
[INFO] Coalescing path $.service.extraPorts
[INFO] Coalescing path $.service.loadBalancerIP
[INFO] Coalescing path $.service.loadBalancerSourceRanges
[INFO] Coalescing path $.service.sessionAffinity
[INFO] Coalescing path $.service.sessionAffinityConfig
[INFO] Coalescing path $.service.type
[INFO] Coalescing path $.tracing.enabled
[INFO] Coalescing path $.trivy.affinity
[INFO] Coalescing path $.trivy.automountServiceAccountToken
[INFO] Coalescing path $.trivy.cacheDir
[INFO] Coalescing path $.trivy.containerSecurityContext
[INFO] Coalescing path $.trivy.customLivenessProbe
[INFO] Coalescing path $.trivy.customReadinessProbe
[INFO] Coalescing path $.trivy.customStartupProbe
[INFO] Coalescing path $.trivy.dbRepository
[INFO] Coalescing path $.trivy.debugMode
[INFO] Coalescing path $.trivy.enabled
[INFO] Coalescing path $.trivy.existingEnvVarsSecret
[INFO] Coalescing path $.trivy.extraEnvVars
[INFO] Coalescing path $.trivy.extraEnvVarsCM
[INFO] Coalescing path $.trivy.extraEnvVarsSecret
[INFO] Coalescing path $.trivy.extraVolumeMounts
[INFO] Coalescing path $.trivy.extraVolumes
[INFO] Coalescing path $.trivy.gitHubToken
[INFO] Coalescing path $.trivy.hostAliases
[INFO] Coalescing path $.trivy.ignoreUnfixed
[INFO] Coalescing path $.trivy.image
[INFO] Coalescing path $.trivy.initContainers
[INFO] Coalescing path $.trivy.insecure
[INFO] Coalescing path $.trivy.javaDbRepository
[INFO] Coalescing path $.trivy.lifecycleHooks
[INFO] Coalescing path $.trivy.nodeSelector
[INFO] Coalescing path $.trivy.podAffinityPreset
[INFO] Coalescing path $.trivy.podAnnotations
[INFO] Coalescing path $.trivy.podAntiAffinityPreset
[INFO] Coalescing path $.trivy.podLabels
[INFO] Coalescing path $.trivy.podSecurityContext
[INFO] Coalescing path $.trivy.priorityClassName
[INFO] Coalescing path $.trivy.replicaCount
[INFO] Coalescing path $.trivy.resources
[INFO] Coalescing path $.trivy.schedulerName
[INFO] Coalescing path $.trivy.severity
[INFO] Coalescing path $.trivy.sidecars
[INFO] Coalescing path $.trivy.skipJavaDbUpdate
[INFO] Coalescing path $.trivy.skipUpdate
[INFO] Coalescing path $.trivy.tolerations
[INFO] Coalescing path $.trivy.topologySpreadConstraints
[INFO] Coalescing path $.trivy.updateStrategy
[INFO] Coalescing path $.trivy.vulnType
[INFO] Coalescing path $.volumePermissions.containerSecurityContext
[INFO] Coalescing path $.volumePermissions.enabled
[INFO] Coalescing path $.volumePermissions.image
[INFO] Coalescing path $.volumePermissions.resources
[INFO] Coalescing path $.core.containerPorts.http
[INFO] Coalescing path $.core.containerPorts.https
[INFO] Coalescing path $.core.containerPorts.metrics
[INFO] Coalescing path $.core.containerSecurityContext.enabled
[INFO] Coalescing path $.core.gdpr.auditLogsCompliant
[INFO] Coalescing path $.core.gdpr.deleteUser
[INFO] Coalescing path $.core.image.debug
[INFO] Coalescing path $.core.image.pullPolicy
[INFO] Coalescing path $.core.networkPolicy.allowExternal
[INFO] Coalescing path $.core.networkPolicy.allowExternalEgress
[INFO] Coalescing path $.core.networkPolicy.enabled
[INFO] Coalescing path $.core.networkPolicy.extraEgress
[INFO] Coalescing path $.core.networkPolicy.extraIngress
[INFO] Coalescing path $.core.networkPolicy.ingressNSMatchLabels
[INFO] Coalescing path $.core.networkPolicy.ingressNSPodMatchLabels
[INFO] Coalescing path $.core.nodeAffinityPreset.key
[INFO] Coalescing path $.core.nodeAffinityPreset.type
[INFO] Coalescing path $.core.nodeAffinityPreset.values
[INFO] Coalescing path $.core.pdb.create
[INFO] Coalescing path $.core.pdb.maxUnavailable
[INFO] Coalescing path $.core.pdb.minAvailable
[INFO] Coalescing path $.core.podSecurityContext.enabled
[INFO] Coalescing path $.core.serviceAccount.annotations
[INFO] Coalescing path $.core.serviceAccount.automountServiceAccountToken
[INFO] Coalescing path $.core.serviceAccount.create
[INFO] Coalescing path $.core.tls.existingSecret
[INFO] Coalescing path $.exporter.containerPorts.metrics
[INFO] Coalescing path $.exporter.containerSecurityContext.enabled
[INFO] Coalescing path $.exporter.image.debug
[INFO] Coalescing path $.exporter.image.pullPolicy
[INFO] Coalescing path $.exporter.networkPolicy.allowExternal
[INFO] Coalescing path $.exporter.networkPolicy.allowExternalEgress
[INFO] Coalescing path $.exporter.networkPolicy.enabled
[INFO] Coalescing path $.exporter.networkPolicy.extraEgress
[INFO] Coalescing path $.exporter.networkPolicy.extraIngress
[INFO] Coalescing path $.exporter.networkPolicy.ingressNSMatchLabels
[INFO] Coalescing path $.exporter.networkPolicy.ingressNSPodMatchLabels
[INFO] Coalescing path $.exporter.nodeAffinityPreset.key
[INFO] Coalescing path $.exporter.nodeAffinityPreset.type
[INFO] Coalescing path $.exporter.nodeAffinityPreset.values
[INFO] Coalescing path $.exporter.pdb.create
[INFO] Coalescing path $.exporter.pdb.maxUnavailable
[INFO] Coalescing path $.exporter.pdb.minAvailable
[INFO] Coalescing path $.exporter.podSecurityContext.enabled
[INFO] Coalescing path $.exporter.serviceAccount.annotations
[INFO] Coalescing path $.exporter.serviceAccount.automountServiceAccountToken
[INFO] Coalescing path $.exporter.serviceAccount.create
[INFO] Coalescing path $.ingress.core.annotations
[INFO] Coalescing path $.ingress.core.controller
[INFO] Coalescing path $.ingress.core.extraHosts
[INFO] Coalescing path $.ingress.core.extraPaths
[INFO] Coalescing path $.ingress.core.extraRules
[INFO] Coalescing path $.ingress.core.extraTls
[INFO] Coalescing path $.ingress.core.hostname
[INFO] Coalescing path $.ingress.core.ingressClassName
[INFO] Coalescing path $.ingress.core.pathType
[INFO] Coalescing path $.ingress.core.secrets
[INFO] Coalescing path $.ingress.core.selfSigned
[INFO] Coalescing path $.ingress.core.tls
[INFO] Coalescing path $.ipFamily.ipv4.enabled
[INFO] Coalescing path $.ipFamily.ipv6.enabled
[INFO] Coalescing path $.jobservice.containerPorts.http
[INFO] Coalescing path $.jobservice.containerPorts.https
[INFO] Coalescing path $.jobservice.containerPorts.metrics
[INFO] Coalescing path $.jobservice.containerSecurityContext.enabled
[INFO] Coalescing path $.jobservice.containerSecurityContext.runAsUser
[INFO] Coalescing path $.jobservice.image.debug
[INFO] Coalescing path $.jobservice.image.pullPolicy
[INFO] Coalescing path $.jobservice.networkPolicy.allowExternal
[INFO] Coalescing path $.jobservice.networkPolicy.allowExternalEgress
[INFO] Coalescing path $.jobservice.networkPolicy.enabled
[INFO] Coalescing path $.jobservice.networkPolicy.extraEgress
[INFO] Coalescing path $.jobservice.networkPolicy.extraIngress
[INFO] Coalescing path $.jobservice.networkPolicy.ingressNSMatchLabels
[INFO] Coalescing path $.jobservice.networkPolicy.ingressNSPodMatchLabels
[INFO] Coalescing path $.jobservice.nodeAffinityPreset.key
[INFO] Coalescing path $.jobservice.nodeAffinityPreset.type
[INFO] Coalescing path $.jobservice.nodeAffinityPreset.values
[INFO] Coalescing path $.jobservice.notification.webhookJobHttpClientTimeout
[INFO] Coalescing path $.jobservice.notification.webhookJobMaxRetry
[INFO] Coalescing path $.jobservice.pdb.create
[INFO] Coalescing path $.jobservice.pdb.maxUnavailable
[INFO] Coalescing path $.jobservice.pdb.minAvailable
[INFO] Coalescing path $.jobservice.podSecurityContext.enabled
[INFO] Coalescing path $.jobservice.podSecurityContext.fsGroup
[INFO] Coalescing path $.jobservice.reaper.maxDanglingHours
[INFO] Coalescing path $.jobservice.reaper.maxUpdateHours
[INFO] Coalescing path $.jobservice.serviceAccount.annotations
[INFO] Coalescing path $.jobservice.serviceAccount.automountServiceAccountToken
[INFO] Coalescing path $.jobservice.serviceAccount.create
[INFO] Coalescing path $.jobservice.tls.existingSecret
[INFO] Coalescing path $.metrics.serviceMonitor.enabled
[INFO] Coalescing path $.metrics.serviceMonitor.honorLabels
[INFO] Coalescing path $.metrics.serviceMonitor.interval
[INFO] Coalescing path $.metrics.serviceMonitor.jobLabel
[INFO] Coalescing path $.metrics.serviceMonitor.labels
[INFO] Coalescing path $.metrics.serviceMonitor.metricRelabelings
[INFO] Coalescing path $.metrics.serviceMonitor.namespace
[INFO] Coalescing path $.metrics.serviceMonitor.relabelings
[INFO] Coalescing path $.metrics.serviceMonitor.scrapeTimeout
[INFO] Coalescing path $.metrics.serviceMonitor.selector
[INFO] Coalescing path $.migration.containerSecurityContext.enabled
[INFO] Coalescing path $.migration.networkPolicy.allowExternalEgress
[INFO] Coalescing path $.migration.networkPolicy.enabled
[INFO] Coalescing path $.migration.networkPolicy.extraEgress
[INFO] Coalescing path $.migration.networkPolicy.extraIngress
[INFO] Coalescing path $.migration.podSecurityContext.enabled
[INFO] Coalescing path $.nginx.containerPorts.http
[INFO] Coalescing path $.nginx.containerPorts.https
[INFO] Coalescing path $.nginx.containerSecurityContext.enabled
[INFO] Coalescing path $.nginx.image.debug
[INFO] Coalescing path $.nginx.image.pullPolicy
[INFO] Coalescing path $.nginx.networkPolicy.allowExternal
[INFO] Coalescing path $.nginx.networkPolicy.allowExternalEgress
[INFO] Coalescing path $.nginx.networkPolicy.enabled
[INFO] Coalescing path $.nginx.networkPolicy.extraEgress
[INFO] Coalescing path $.nginx.networkPolicy.extraIngress
[INFO] Coalescing path $.nginx.networkPolicy.ingressNSMatchLabels
[INFO] Coalescing path $.nginx.networkPolicy.ingressNSPodMatchLabels
[INFO] Coalescing path $.nginx.nodeAffinityPreset.key
[INFO] Coalescing path $.nginx.nodeAffinityPreset.type
[INFO] Coalescing path $.nginx.nodeAffinityPreset.values
[INFO] Coalescing path $.nginx.pdb.create
[INFO] Coalescing path $.nginx.pdb.maxUnavailable
[INFO] Coalescing path $.nginx.pdb.minAvailable
[INFO] Coalescing path $.nginx.podSecurityContext.enabled
[INFO] Coalescing path $.nginx.serviceAccount.annotations
[INFO] Coalescing path $.nginx.serviceAccount.automountServiceAccountToken
[INFO] Coalescing path $.nginx.serviceAccount.create
[INFO] Coalescing path $.nginx.tls.commonName
[INFO] Coalescing path $.nginx.tls.enabled
[INFO] Coalescing path $.nginx.tls.existingSecret
[INFO] Coalescing path $.persistence.imageChartStorage.caBundleSecret
[INFO] Coalescing path $.persistence.imageChartStorage.disableredirect
[INFO] Coalescing path $.persistence.imageChartStorage.type
[INFO] Coalescing path $.persistence.persistentVolumeClaim.jobservice
[INFO] Coalescing path $.persistence.persistentVolumeClaim.registry
[INFO] Coalescing path $.persistence.persistentVolumeClaim.trivy
[INFO] Coalescing path $.portal.containerPorts.http
[INFO] Coalescing path $.portal.containerPorts.https
[INFO] Coalescing path $.portal.containerSecurityContext.enabled
[INFO] Coalescing path $.portal.image.debug
[INFO] Coalescing path $.portal.image.pullPolicy
[INFO] Coalescing path $.portal.networkPolicy.allowExternal
[INFO] Coalescing path $.portal.networkPolicy.allowExternalEgress
[INFO] Coalescing path $.portal.networkPolicy.enabled
[INFO] Coalescing path $.portal.networkPolicy.extraEgress
[INFO] Coalescing path $.portal.networkPolicy.extraIngress
[INFO] Coalescing path $.portal.networkPolicy.ingressNSMatchLabels
[INFO] Coalescing path $.portal.networkPolicy.ingressNSPodMatchLabels
[INFO] Coalescing path $.portal.nodeAffinityPreset.key
[INFO] Coalescing path $.portal.nodeAffinityPreset.type
[INFO] Coalescing path $.portal.nodeAffinityPreset.values
[INFO] Coalescing path $.portal.pdb.create
[INFO] Coalescing path $.portal.pdb.maxUnavailable
[INFO] Coalescing path $.portal.pdb.minAvailable
[INFO] Coalescing path $.portal.podSecurityContext.enabled
[INFO] Coalescing path $.portal.serviceAccount.annotations
[INFO] Coalescing path $.portal.serviceAccount.automountServiceAccountToken
[INFO] Coalescing path $.portal.serviceAccount.create
[INFO] Coalescing path $.portal.tls.existingSecret
[INFO] Coalescing path $.redis.tls.enabled
[INFO] Coalescing path $.registry.controller.containerSecurityContext
[INFO] Coalescing path $.registry.controller.customLivenessProbe
[INFO] Coalescing path $.registry.controller.customReadinessProbe
[INFO] Coalescing path $.registry.controller.customStartupProbe
[INFO] Coalescing path $.registry.controller.extraEnvVars
[INFO] Coalescing path $.registry.controller.extraEnvVarsCM
[INFO] Coalescing path $.registry.controller.extraEnvVarsSecret
[INFO] Coalescing path $.registry.controller.extraVolumeMounts
[INFO] Coalescing path $.registry.controller.image
[INFO] Coalescing path $.registry.controller.lifecycleHooks
[INFO] Coalescing path $.registry.controller.resources
[INFO] Coalescing path $.registry.credentials.htpasswd
[INFO] Coalescing path $.registry.credentials.password
[INFO] Coalescing path $.registry.credentials.username
[INFO] Coalescing path $.registry.middleware.enabled
[INFO] Coalescing path $.registry.middleware.type
[INFO] Coalescing path $.registry.networkPolicy.allowExternal
[INFO] Coalescing path $.registry.networkPolicy.allowExternalEgress
[INFO] Coalescing path $.registry.networkPolicy.enabled
[INFO] Coalescing path $.registry.networkPolicy.extraEgress
[INFO] Coalescing path $.registry.networkPolicy.extraIngress
[INFO] Coalescing path $.registry.networkPolicy.ingressNSMatchLabels
[INFO] Coalescing path $.registry.networkPolicy.ingressNSPodMatchLabels
[INFO] Coalescing path $.registry.nodeAffinityPreset.key
[INFO] Coalescing path $.registry.nodeAffinityPreset.type
[INFO] Coalescing path $.registry.nodeAffinityPreset.values
[INFO] Coalescing path $.registry.pdb.create
[INFO] Coalescing path $.registry.pdb.maxUnavailable
[INFO] Coalescing path $.registry.pdb.minAvailable
[INFO] Coalescing path $.registry.podSecurityContext.enabled
[INFO] Coalescing path $.registry.podSecurityContext.fsGroup
[INFO] Coalescing path $.registry.server.containerSecurityContext
[INFO] Coalescing path $.registry.server.customLivenessProbe
[INFO] Coalescing path $.registry.server.customReadinessProbe
[INFO] Coalescing path $.registry.server.customStartupProbe
[INFO] Coalescing path $.registry.server.extraEnvVars
[INFO] Coalescing path $.registry.server.extraEnvVarsCM
[INFO] Coalescing path $.registry.server.extraEnvVarsSecret
[INFO] Coalescing path $.registry.server.extraVolumeMounts
[INFO] Coalescing path $.registry.server.image
[INFO] Coalescing path $.registry.server.lifecycleHooks
[INFO] Coalescing path $.registry.server.resources
[INFO] Coalescing path $.registry.serviceAccount.annotations
[INFO] Coalescing path $.registry.serviceAccount.automountServiceAccountToken
[INFO] Coalescing path $.registry.serviceAccount.create
[INFO] Coalescing path $.registry.tls.existingSecret
[INFO] Coalescing path $.registry.uploadPurging.age
[INFO] Coalescing path $.registry.uploadPurging.dryrun
[INFO] Coalescing path $.registry.uploadPurging.enabled
[INFO] Coalescing path $.registry.uploadPurging.interval
[INFO] Coalescing path $.service.nodePorts.http
[INFO] Coalescing path $.service.nodePorts.https
[INFO] Coalescing path $.service.ports.http
[INFO] Coalescing path $.service.ports.https
[INFO] Coalescing path $.trivy.containerPorts.http
[INFO] Coalescing path $.trivy.containerPorts.https
[INFO] Coalescing path $.trivy.containerPorts.metrics
[INFO] Coalescing path $.trivy.containerSecurityContext.enabled
[INFO] Coalescing path $.trivy.containerSecurityContext.runAsUser
[INFO] Coalescing path $.trivy.image.debug
[INFO] Coalescing path $.trivy.image.pullPolicy
[INFO] Coalescing path $.trivy.networkPolicy.allowExternal
[INFO] Coalescing path $.trivy.networkPolicy.allowExternalEgress
[INFO] Coalescing path $.trivy.networkPolicy.enabled
[INFO] Coalescing path $.trivy.networkPolicy.extraEgress
[INFO] Coalescing path $.trivy.networkPolicy.extraIngress
[INFO] Coalescing path $.trivy.networkPolicy.ingressNSMatchLabels
[INFO] Coalescing path $.trivy.networkPolicy.ingressNSPodMatchLabels
[INFO] Coalescing path $.trivy.nodeAffinityPreset.key
[INFO] Coalescing path $.trivy.nodeAffinityPreset.type
[INFO] Coalescing path $.trivy.nodeAffinityPreset.values
[INFO] Coalescing path $.trivy.pdb.create
[INFO] Coalescing path $.trivy.pdb.maxUnavailable
[INFO] Coalescing path $.trivy.pdb.minAvailable
[INFO] Coalescing path $.trivy.podSecurityContext.enabled
[INFO] Coalescing path $.trivy.podSecurityContext.fsGroup
[INFO] Coalescing path $.trivy.serviceAccount.annotations
[INFO] Coalescing path $.trivy.serviceAccount.automountServiceAccountToken
[INFO] Coalescing path $.trivy.serviceAccount.create
[INFO] Coalescing path $.trivy.tls.existingSecret
[INFO] Coalescing path $.volumePermissions.containerSecurityContext.enabled
[INFO] Coalescing path $.volumePermissions.image.pullPolicy
[INFO] Coalescing path $.core.networkPolicy.ingressNSMatchLabels[*]
[INFO] Coalescing path $.core.networkPolicy.ingressNSPodMatchLabels[*]
[INFO] Coalescing path $.core.service.ports.http
[INFO] Coalescing path $.core.service.ports.https
[INFO] Coalescing path $.core.service.ports.metrics
[INFO] Coalescing path $.exporter.networkPolicy.ingressNSMatchLabels[*]
[INFO] Coalescing path $.exporter.networkPolicy.ingressNSPodMatchLabels[*]
[INFO] Coalescing path $.exporter.service.ports.metrics
[INFO] Coalescing path $.externalRedis.registry.Values.externalRedis
[INFO] Coalescing path $.jobservice.networkPolicy.ingressNSMatchLabels[*]
[INFO] Coalescing path $.jobservice.networkPolicy.ingressNSPodMatchLabels[*]
[INFO] Coalescing path $.jobservice.service.ports.http
[INFO] Coalescing path $.jobservice.service.ports.https
[INFO] Coalescing path $.jobservice.service.ports.metrics
[INFO] Coalescing path $.nginx.networkPolicy.ingressNSMatchLabels[*]
[INFO] Coalescing path $.nginx.networkPolicy.ingressNSPodMatchLabels[*]
[INFO] Coalescing path $.persistence.imageChartStorage.azure.accountkey
[INFO] Coalescing path $.persistence.imageChartStorage.filesystem.maxthreads
[INFO] Coalescing path $.persistence.imageChartStorage.filesystem.rootdirectory
[INFO] Coalescing path $.persistence.imageChartStorage.gcs.encodedkey
[INFO] Coalescing path $.persistence.persistentVolumeClaim.jobservice.accessModes
[INFO] Coalescing path $.persistence.persistentVolumeClaim.jobservice.annotations
[INFO] Coalescing path $.persistence.persistentVolumeClaim.jobservice.existingClaim
[INFO] Coalescing path $.persistence.persistentVolumeClaim.jobservice.selector
[INFO] Coalescing path $.persistence.persistentVolumeClaim.jobservice.size
[INFO] Coalescing path $.persistence.persistentVolumeClaim.jobservice.subPath
[INFO] Coalescing path $.persistence.persistentVolumeClaim.registry.accessModes
[INFO] Coalescing path $.persistence.persistentVolumeClaim.registry.annotations
[INFO] Coalescing path $.persistence.persistentVolumeClaim.registry.existingClaim
[INFO] Coalescing path $.persistence.persistentVolumeClaim.registry.selector
[INFO] Coalescing path $.persistence.persistentVolumeClaim.registry.size
[INFO] Coalescing path $.persistence.persistentVolumeClaim.registry.subPath
[INFO] Coalescing path $.persistence.persistentVolumeClaim.trivy.accessModes
[INFO] Coalescing path $.persistence.persistentVolumeClaim.trivy.annotations
[INFO] Coalescing path $.persistence.persistentVolumeClaim.trivy.selector
[INFO] Coalescing path $.persistence.persistentVolumeClaim.trivy.size
[INFO] Coalescing path $.portal.networkPolicy.ingressNSMatchLabels[*]
[INFO] Coalescing path $.portal.networkPolicy.ingressNSPodMatchLabels[*]
[INFO] Coalescing path $.portal.service.ports.http
[INFO] Coalescing path $.portal.service.ports.https
[INFO] Coalescing path $.registry.controller.containerPorts.http
[INFO] Coalescing path $.registry.controller.containerPorts.https
[INFO] Coalescing path $.registry.controller.containerSecurityContext.enabled
[INFO] Coalescing path $.registry.controller.image.debug
[INFO] Coalescing path $.registry.controller.image.pullPolicy
[INFO] Coalescing path $.registry.middleware.cloudFront.baseurl
[INFO] Coalescing path $.registry.middleware.cloudFront.duration
[INFO] Coalescing path $.registry.middleware.cloudFront.ipfilteredby
[INFO] Coalescing path $.registry.middleware.cloudFront.keypairid
[INFO] Coalescing path $.registry.middleware.cloudFront.privateKeySecret
[INFO] Coalescing path $.registry.networkPolicy.ingressNSMatchLabels[*]
[INFO] Coalescing path $.registry.networkPolicy.ingressNSPodMatchLabels[*]
[INFO] Coalescing path $.registry.server.containerPorts.debug
[INFO] Coalescing path $.registry.server.containerPorts.http
[INFO] Coalescing path $.registry.server.containerPorts.https
[INFO] Coalescing path $.registry.server.containerPorts.metrics
[INFO] Coalescing path $.registry.server.containerSecurityContext.enabled
[INFO] Coalescing path $.registry.server.containerSecurityContext.runAsUser
[INFO] Coalescing path $.registry.server.image.debug
[INFO] Coalescing path $.registry.server.image.pullPolicy
[INFO] Coalescing path $.trivy.networkPolicy.ingressNSMatchLabels[*]
[INFO] Coalescing path $.trivy.networkPolicy.ingressNSPodMatchLabels[*]
[INFO] Coalescing path $.trivy.service.ports.http
[INFO] Coalescing path $.trivy.service.ports.https
[INFO] Coalescing path $.ingress.core.extraHosts[*].name
[INFO] Coalescing path $.ingress.core.extraHosts[*].path
[INFO] Coalescing path $.ingress.core.extraHosts[*].pathType
[INFO] Coalescing path $.ingress.core.secrets[*].certificate
[INFO] Coalescing path $.ingress.core.secrets[*].key
[INFO] Coalescing path $.ingress.core.secrets[*].name
[INFO] Coalescing path $.persistence.persistentVolumeClaim.jobservice.accessModes[*]
[INFO] Coalescing path $.persistence.persistentVolumeClaim.registry.accessModes[*]
[INFO] Coalescing path $.persistence.persistentVolumeClaim.trivy.accessModes[*]
[INFO] Coalescing path $.registry.controller.service.ports.http
[INFO] Coalescing path $.registry.controller.service.ports.https
[INFO] Coalescing path $.registry.server.service.ports.http
[INFO] Coalescing path $.registry.server.service.ports.https
[INFO] Coalescing path $.registry.server.service.ports.metrics
[INFO] Testing known inputs first; arbitrary extra-key cases are deferred
[INFO] Render hashes (run-local): 22 observed, 22 unique, 0 duplicate bundles; 0 successful validations reused
[INFO] Testing deferred arbitrary-key and original-schema robustness cases
[INFO] Render hashes (run-local): 101 observed, 101 unique, 0 duplicate bundles; 0 successful validations reused
[INFO] .: failed; 0 charts remain
