[INFO] Chart 1/1: .
[INFO] Finite filtering unavailable: permutations need closed objects at (); set additionalProperties: false; prioritizing known inputs before robustness sampling
[INFO] Coalescing path $.commonAnnotations
[INFO] Coalescing path $.commonLabels
[INFO] Coalescing path $.createAggregateRoles
[INFO] Coalescing path $.extraDeploy
[INFO] Coalescing path $.controller.affinity
[INFO] Coalescing path $.controller.args
[INFO] Coalescing path $.controller.automountServiceAccountToken
[INFO] Coalescing path $.controller.command
[INFO] Coalescing path $.controller.config
[INFO] Coalescing path $.controller.containerSecurityContext
[INFO] Coalescing path $.controller.customLivenessProbe
[INFO] Coalescing path $.controller.customReadinessProbe
[INFO] Coalescing path $.controller.customStartupProbe
[INFO] Coalescing path $.controller.existingConfigMap
[INFO] Coalescing path $.controller.extraArgs
[INFO] Coalescing path $.controller.extraEnvVars
[INFO] Coalescing path $.controller.extraEnvVarsCM
[INFO] Coalescing path $.controller.extraEnvVarsSecret
[INFO] Coalescing path $.controller.extraVolumeMounts
[INFO] Coalescing path $.controller.extraVolumes
[INFO] Coalescing path $.controller.hostAliases
[INFO] Coalescing path $.controller.image
[INFO] Coalescing path $.controller.initContainers
[INFO] Coalescing path $.controller.lifecycleHooks
[INFO] Coalescing path $.controller.nodeSelector
[INFO] Coalescing path $.controller.podAffinityPreset
[INFO] Coalescing path $.controller.podAnnotations
[INFO] Coalescing path $.controller.podAntiAffinityPreset
[INFO] Coalescing path $.controller.podLabels
[INFO] Coalescing path $.controller.podSecurityContext
[INFO] Coalescing path $.controller.priorityClassName
[INFO] Coalescing path $.controller.replicaCount
[INFO] Coalescing path $.controller.resources
[INFO] Coalescing path $.controller.schedulerName
[INFO] Coalescing path $.controller.sidecars
[INFO] Coalescing path $.controller.tolerations
[INFO] Coalescing path $.controller.topologySpreadConstraints
[INFO] Coalescing path $.controller.updateStrategy
[INFO] Coalescing path $.controller.workflowNamespaces
[INFO] Coalescing path $.controller.workflowWorkers
[INFO] Coalescing path $.executor.image
[INFO] Coalescing path $.externalDatabase.enabled
[INFO] Coalescing path $.externalDatabase.existingSecret
[INFO] Coalescing path $.externalDatabase.password
[INFO] Coalescing path $.extraDeploy[*]
[INFO] Coalescing path $.ingress.annotations
[INFO] Coalescing path $.ingress.enabled
[INFO] Coalescing path $.ingress.extraHosts
[INFO] Coalescing path $.ingress.extraPaths
[INFO] Coalescing path $.ingress.extraRules
[INFO] Coalescing path $.ingress.extraTls
[INFO] Coalescing path $.ingress.hostname
[INFO] Coalescing path $.ingress.ingressClassName
[INFO] Coalescing path $.ingress.path
[INFO] Coalescing path $.ingress.pathType
[INFO] Coalescing path $.ingress.secrets
[INFO] Coalescing path $.ingress.selfSigned
[INFO] Coalescing path $.ingress.tls
[INFO] Coalescing path $.mysql.enabled
[INFO] Coalescing path $.postgresql.enabled
[INFO] Coalescing path $.rbac.singleNamespace
[INFO] Coalescing path $.server.affinity
[INFO] Coalescing path $.server.args
[INFO] Coalescing path $.server.automountServiceAccountToken
[INFO] Coalescing path $.server.baseHref
[INFO] Coalescing path $.server.command
[INFO] Coalescing path $.server.containerSecurityContext
[INFO] Coalescing path $.server.customLivenessProbe
[INFO] Coalescing path $.server.customReadinessProbe
[INFO] Coalescing path $.server.customStartupProbe
[INFO] Coalescing path $.server.enabled
[INFO] Coalescing path $.server.extraArgs
[INFO] Coalescing path $.server.extraEnvVars
[INFO] Coalescing path $.server.extraEnvVarsCM
[INFO] Coalescing path $.server.extraEnvVarsSecret
[INFO] Coalescing path $.server.extraVolumeMounts
[INFO] Coalescing path $.server.extraVolumes
[INFO] Coalescing path $.server.hostAliases
[INFO] Coalescing path $.server.image
[INFO] Coalescing path $.server.initContainers
[INFO] Coalescing path $.server.lifecycleHooks
[INFO] Coalescing path $.server.nodeSelector
[INFO] Coalescing path $.server.podAffinityPreset
[INFO] Coalescing path $.server.podAnnotations
[INFO] Coalescing path $.server.podAntiAffinityPreset
[INFO] Coalescing path $.server.podLabels
[INFO] Coalescing path $.server.podSecurityContext
[INFO] Coalescing path $.server.priorityClassName
[INFO] Coalescing path $.server.replicaCount
[INFO] Coalescing path $.server.resources
[INFO] Coalescing path $.server.schedulerName
[INFO] Coalescing path $.server.secure
[INFO] Coalescing path $.server.sidecars
[INFO] Coalescing path $.server.tolerations
[INFO] Coalescing path $.server.topologySpreadConstraints
[INFO] Coalescing path $.server.updateStrategy
[INFO] Coalescing path $.controller.clusterWorkflowTemplates.enabled
[INFO] Coalescing path $.controller.containerPorts.metrics
[INFO] Coalescing path $.controller.containerPorts.telemetry
[INFO] Coalescing path $.controller.containerSecurityContext.enabled
[INFO] Coalescing path $.controller.image.pullPolicy
[INFO] Coalescing path $.controller.instanceID.enabled
[INFO] Coalescing path $.controller.instanceID.explicitID
[INFO] Coalescing path $.controller.instanceID.useReleaseName
[INFO] Coalescing path $.controller.logging.globalLevel
[INFO] Coalescing path $.controller.logging.level
[INFO] Coalescing path $.controller.metrics.enabled
[INFO] Coalescing path $.controller.metrics.path
[INFO] Coalescing path $.controller.networkPolicy.allowExternal
[INFO] Coalescing path $.controller.networkPolicy.allowExternalEgress
[INFO] Coalescing path $.controller.networkPolicy.enabled
[INFO] Coalescing path $.controller.networkPolicy.extraEgress
[INFO] Coalescing path $.controller.networkPolicy.extraIngress
[INFO] Coalescing path $.controller.networkPolicy.ingressNSMatchLabels
[INFO] Coalescing path $.controller.networkPolicy.ingressNSPodMatchLabels
[INFO] Coalescing path $.controller.networkPolicy.kubeAPIServerPorts
[INFO] Coalescing path $.controller.nodeAffinityPreset.key
[INFO] Coalescing path $.controller.nodeAffinityPreset.type
[INFO] Coalescing path $.controller.nodeAffinityPreset.values
[INFO] Coalescing path $.controller.pdb.enabled
[INFO] Coalescing path $.controller.pdb.maxUnavailable
[INFO] Coalescing path $.controller.pdb.minAvailable
[INFO] Coalescing path $.controller.podSecurityContext.enabled
[INFO] Coalescing path $.controller.rbac.create
[INFO] Coalescing path $.controller.service.annotations
[INFO] Coalescing path $.controller.service.clusterIP
[INFO] Coalescing path $.controller.service.externalTrafficPolicy
[INFO] Coalescing path $.controller.service.extraPorts
[INFO] Coalescing path $.controller.service.loadBalancerIP
[INFO] Coalescing path $.controller.service.loadBalancerSourceRanges
[INFO] Coalescing path $.controller.service.type
[INFO] Coalescing path $.controller.serviceAccount.annotations
[INFO] Coalescing path $.controller.serviceAccount.automountServiceAccountToken
[INFO] Coalescing path $.controller.serviceAccount.create
[INFO] Coalescing path $.controller.telemetry.enabled
[INFO] Coalescing path $.controller.telemetry.path
[INFO] Coalescing path $.controller.workflowNamespaces[*]
[INFO] Coalescing path $.executor.image.pullPolicy
[INFO] Coalescing path $.mysql.auth.password
[INFO] Coalescing path $.server.auth.enabled
[INFO] Coalescing path $.server.auth.mode
[INFO] Coalescing path $.server.clusterWorkflowTemplates.enableEditing
[INFO] Coalescing path $.server.clusterWorkflowTemplates.enabled
[INFO] Coalescing path $.server.containerPorts.web
[INFO] Coalescing path $.server.containerSecurityContext.enabled
[INFO] Coalescing path $.server.image.pullPolicy
[INFO] Coalescing path $.server.networkPolicy.allowExternal
[INFO] Coalescing path $.server.networkPolicy.allowExternalEgress
[INFO] Coalescing path $.server.networkPolicy.enabled
[INFO] Coalescing path $.server.networkPolicy.extraEgress
[INFO] Coalescing path $.server.networkPolicy.extraIngress
[INFO] Coalescing path $.server.networkPolicy.ingressNSMatchLabels
[INFO] Coalescing path $.server.networkPolicy.ingressNSPodMatchLabels
[INFO] Coalescing path $.server.networkPolicy.kubeAPIServerPorts
[INFO] Coalescing path $.server.nodeAffinityPreset.key
[INFO] Coalescing path $.server.nodeAffinityPreset.type
[INFO] Coalescing path $.server.nodeAffinityPreset.values
[INFO] Coalescing path $.server.pdb.enabled
[INFO] Coalescing path $.server.pdb.maxUnavailable
[INFO] Coalescing path $.server.pdb.minAvailable
[INFO] Coalescing path $.server.podSecurityContext.enabled
[INFO] Coalescing path $.server.rbac.create
[INFO] Coalescing path $.server.service.annotations
[INFO] Coalescing path $.server.service.clusterIP
[INFO] Coalescing path $.server.service.externalTrafficPolicy
[INFO] Coalescing path $.server.service.extraPorts
[INFO] Coalescing path $.server.service.loadBalancerIP
[INFO] Coalescing path $.server.service.loadBalancerSourceRanges
[INFO] Coalescing path $.server.service.type
[INFO] Coalescing path $.server.serviceAccount.annotations
[INFO] Coalescing path $.server.serviceAccount.automountServiceAccountToken
[INFO] Coalescing path $.server.serviceAccount.create
[INFO] Coalescing path $.workflows.rbac.create
[INFO] Coalescing path $.workflows.serviceAccount.annotations
[INFO] Coalescing path $.workflows.serviceAccount.automountServiceAccountToken
[INFO] Coalescing path $.workflows.serviceAccount.create
[INFO] Coalescing path $.controller.metrics.serviceMonitor.enabled
[INFO] Coalescing path $.controller.networkPolicy.ingressNSMatchLabels[*]
[INFO] Coalescing path $.controller.networkPolicy.ingressNSPodMatchLabels[*]
[INFO] Coalescing path $.controller.networkPolicy.kubeAPIServerPorts[*]
[INFO] Coalescing path $.controller.service.nodePorts.metrics
[INFO] Coalescing path $.controller.service.nodePorts.telemetry
[INFO] Coalescing path $.controller.service.ports.metrics
[INFO] Coalescing path $.controller.service.ports.telemetry
[INFO] Coalescing path $.ingress.extraHosts[*].name
[INFO] Coalescing path $.ingress.extraHosts[*].path
[INFO] Coalescing path $.ingress.extraHosts[*].pathType
[INFO] Coalescing path $.ingress.secrets[*].certificate
[INFO] Coalescing path $.ingress.secrets[*].key
[INFO] Coalescing path $.ingress.secrets[*].name
[INFO] Coalescing path $.server.auth.sso.enabled
[INFO] Coalescing path $.server.auth.sso.rbac
[INFO] Coalescing path $.server.networkPolicy.ingressNSMatchLabels[*]
[INFO] Coalescing path $.server.networkPolicy.ingressNSPodMatchLabels[*]
[INFO] Coalescing path $.server.networkPolicy.kubeAPIServerPorts[*]
[INFO] Coalescing path $.server.service.nodePorts.http
[INFO] Coalescing path $.server.service.ports.http
[INFO] Coalescing path $.server.auth.sso.rbac.secretWhitelist
[INFO] Testing known inputs first; arbitrary extra-key cases are deferred
[INFO] Render hashes (run-local): 25 observed, 25 unique, 0 duplicate bundles; 0 successful validations reused
[INFO] Testing deferred arbitrary-key and original-schema robustness cases
[INFO] Render hashes (run-local): 101 observed, 101 unique, 0 duplicate bundles; 0 successful validations reused
[INFO] .: failed; 0 charts remain
