[INFO] Chart 1/1: .
[INFO] Finite filtering unavailable: permutations need closed objects at (); set additionalProperties: false; prioritizing known inputs before robustness sampling
[INFO] Coalescing path $.clusterDomain
[INFO] Coalescing path $.commonAnnotations
[INFO] Coalescing path $.commonLabels
[INFO] Coalescing path $.extraDeploy
[INFO] Coalescing path $.gitImage
[INFO] Coalescing path $.global
[INFO] Coalescing path $.image
[INFO] Coalescing path $.diagnosticMode.args
[INFO] Coalescing path $.diagnosticMode.command
[INFO] Coalescing path $.diagnosticMode.enabled
[INFO] Coalescing path $.externalAzureBlob.clientSecretKey
[INFO] Coalescing path $.externalAzureBlob.existingAccessKeyKey
[INFO] Coalescing path $.externalAzureBlob.existingConnectionStringKey
[INFO] Coalescing path $.externalAzureBlob.existingSecret
[INFO] Coalescing path $.externalAzureBlob.useCredentialsInSecret
[INFO] Coalescing path $.externalDatabase.existingSecret
[INFO] Coalescing path $.externalDatabase.password
[INFO] Coalescing path $.externalGCS.existingSecret
[INFO] Coalescing path $.externalGCS.existingSecretKey
[INFO] Coalescing path $.externalGCS.googleCloudProject
[INFO] Coalescing path $.externalGCS.useCredentialsInSecret
[INFO] Coalescing path $.externalS3.accessKeyID
[INFO] Coalescing path $.externalS3.accessKeySecret
[INFO] Coalescing path $.externalS3.existingSecret
[INFO] Coalescing path $.externalS3.existingSecretAccessKeyIDKey
[INFO] Coalescing path $.externalS3.existingSecretKeySecretKey
[INFO] Coalescing path $.externalS3.useCredentialsInSecret
[INFO] Coalescing path $.extraDeploy[*]
[INFO] Coalescing path $.image.debug
[INFO] Coalescing path $.image.pullPolicy
[INFO] Coalescing path $.minio.enabled
[INFO] Coalescing path $.postgresql.enabled
[INFO] Coalescing path $.run.affinity
[INFO] Coalescing path $.run.annotations
[INFO] Coalescing path $.run.automountServiceAccountToken
[INFO] Coalescing path $.run.backoffLimit
[INFO] Coalescing path $.run.containerSecurityContext
[INFO] Coalescing path $.run.customLivenessProbe
[INFO] Coalescing path $.run.customReadinessProbe
[INFO] Coalescing path $.run.customStartupProbe
[INFO] Coalescing path $.run.enableDefaultInitContainers
[INFO] Coalescing path $.run.enabled
[INFO] Coalescing path $.run.extraEnvVars
[INFO] Coalescing path $.run.extraEnvVarsCM
[INFO] Coalescing path $.run.extraEnvVarsSecret
[INFO] Coalescing path $.run.extraVolumeMounts
[INFO] Coalescing path $.run.extraVolumes
[INFO] Coalescing path $.run.hostAliases
[INFO] Coalescing path $.run.initContainers
[INFO] Coalescing path $.run.labels
[INFO] Coalescing path $.run.lifecycleHooks
[INFO] Coalescing path $.run.nodeSelector
[INFO] Coalescing path $.run.persistence
[INFO] Coalescing path $.run.podAffinityPreset
[INFO] Coalescing path $.run.podAnnotations
[INFO] Coalescing path $.run.podAntiAffinityPreset
[INFO] Coalescing path $.run.podLabels
[INFO] Coalescing path $.run.podSecurityContext
[INFO] Coalescing path $.run.priorityClassName
[INFO] Coalescing path $.run.resources
[INFO] Coalescing path $.run.restartPolicy
[INFO] Coalescing path $.run.runtimeClassName
[INFO] Coalescing path $.run.schedulerName
[INFO] Coalescing path $.run.sidecars
[INFO] Coalescing path $.run.terminationGracePeriodSeconds
[INFO] Coalescing path $.run.tolerations
[INFO] Coalescing path $.run.topologySpreadConstraints
[INFO] Coalescing path $.run.useJob
[INFO] Coalescing path $.tracking.affinity
[INFO] Coalescing path $.tracking.automountServiceAccountToken
[INFO] Coalescing path $.tracking.containerSecurityContext
[INFO] Coalescing path $.tracking.customLivenessProbe
[INFO] Coalescing path $.tracking.customReadinessProbe
[INFO] Coalescing path $.tracking.customStartupProbe
[INFO] Coalescing path $.tracking.enableDefaultInitContainers
[INFO] Coalescing path $.tracking.enabled
[INFO] Coalescing path $.tracking.extraEnvVars
[INFO] Coalescing path $.tracking.extraEnvVarsCM
[INFO] Coalescing path $.tracking.extraEnvVarsSecret
[INFO] Coalescing path $.tracking.extraVolumeMounts
[INFO] Coalescing path $.tracking.extraVolumes
[INFO] Coalescing path $.tracking.hostAliases
[INFO] Coalescing path $.tracking.initContainers
[INFO] Coalescing path $.tracking.lifecycleHooks
[INFO] Coalescing path $.tracking.nodeSelector
[INFO] Coalescing path $.tracking.persistence
[INFO] Coalescing path $.tracking.podAffinityPreset
[INFO] Coalescing path $.tracking.podAnnotations
[INFO] Coalescing path $.tracking.podAntiAffinityPreset
[INFO] Coalescing path $.tracking.podLabels
[INFO] Coalescing path $.tracking.podSecurityContext
[INFO] Coalescing path $.tracking.priorityClassName
[INFO] Coalescing path $.tracking.replicaCount
[INFO] Coalescing path $.tracking.resources
[INFO] Coalescing path $.tracking.runUpgradeDB
[INFO] Coalescing path $.tracking.schedulerName
[INFO] Coalescing path $.tracking.sidecars
[INFO] Coalescing path $.tracking.terminationGracePeriodSeconds
[INFO] Coalescing path $.tracking.tolerations
[INFO] Coalescing path $.tracking.topologySpreadConstraints
[INFO] Coalescing path $.tracking.updateStrategy
[INFO] Coalescing path $.volumePermissions.enabled
[INFO] Coalescing path $.volumePermissions.image
[INFO] Coalescing path $.waitContainer.image
[INFO] Coalescing path $.minio.containerPorts.api
[INFO] Coalescing path $.run.containerSecurityContext.enabled
[INFO] Coalescing path $.run.networkPolicy.allowExternalEgress
[INFO] Coalescing path $.run.networkPolicy.enabled
[INFO] Coalescing path $.run.networkPolicy.extraIngress
[INFO] Coalescing path $.run.nodeAffinityPreset.key
[INFO] Coalescing path $.run.nodeAffinityPreset.type
[INFO] Coalescing path $.run.nodeAffinityPreset.values
[INFO] Coalescing path $.run.persistence.accessMode
[INFO] Coalescing path $.run.persistence.accessModes
[INFO] Coalescing path $.run.persistence.annotations
[INFO] Coalescing path $.run.persistence.dataSource
[INFO] Coalescing path $.run.persistence.enabled
[INFO] Coalescing path $.run.persistence.existingClaim
[INFO] Coalescing path $.run.persistence.labels
[INFO] Coalescing path $.run.persistence.mountPath
[INFO] Coalescing path $.run.persistence.selector
[INFO] Coalescing path $.run.persistence.size
[INFO] Coalescing path $.run.persistence.subPath
[INFO] Coalescing path $.run.podSecurityContext.enabled
[INFO] Coalescing path $.run.serviceAccount.annotations
[INFO] Coalescing path $.run.serviceAccount.automountServiceAccountToken
[INFO] Coalescing path $.run.serviceAccount.create
[INFO] Coalescing path $.run.source.configMap
[INFO] Coalescing path $.run.source.existingConfigMap
[INFO] Coalescing path $.run.source.type
[INFO] Coalescing path $.tracking.auth.enabled
[INFO] Coalescing path $.tracking.auth.existingSecret
[INFO] Coalescing path $.tracking.auth.extraOverrides
[INFO] Coalescing path $.tracking.auth.overridesConfigMap
[INFO] Coalescing path $.tracking.containerPorts.http
[INFO] Coalescing path $.tracking.containerSecurityContext.enabled
[INFO] Coalescing path $.tracking.httproute.annotations
[INFO] Coalescing path $.tracking.httproute.enabled
[INFO] Coalescing path $.tracking.httproute.extraRules
[INFO] Coalescing path $.tracking.httproute.filters
[INFO] Coalescing path $.tracking.httproute.hostnames
[INFO] Coalescing path $.tracking.httproute.labels
[INFO] Coalescing path $.tracking.httproute.matches
[INFO] Coalescing path $.tracking.httproute.parentRefs
[INFO] Coalescing path $.tracking.ingress.annotations
[INFO] Coalescing path $.tracking.ingress.enabled
[INFO] Coalescing path $.tracking.ingress.extraHosts
[INFO] Coalescing path $.tracking.ingress.extraPaths
[INFO] Coalescing path $.tracking.ingress.extraRules
[INFO] Coalescing path $.tracking.ingress.extraTls
[INFO] Coalescing path $.tracking.ingress.hostname
[INFO] Coalescing path $.tracking.ingress.ingressClassName
[INFO] Coalescing path $.tracking.ingress.path
[INFO] Coalescing path $.tracking.ingress.pathType
[INFO] Coalescing path $.tracking.ingress.secrets
[INFO] Coalescing path $.tracking.ingress.selfSigned
[INFO] Coalescing path $.tracking.ingress.tls
[INFO] Coalescing path $.tracking.metrics.enabled
[INFO] Coalescing path $.tracking.networkPolicy.allowExternal
[INFO] Coalescing path $.tracking.networkPolicy.allowExternalEgress
[INFO] Coalescing path $.tracking.networkPolicy.enabled
[INFO] Coalescing path $.tracking.networkPolicy.extraEgress
[INFO] Coalescing path $.tracking.networkPolicy.extraIngress
[INFO] Coalescing path $.tracking.networkPolicy.ingressNSMatchLabels
[INFO] Coalescing path $.tracking.networkPolicy.ingressNSPodMatchLabels
[INFO] Coalescing path $.tracking.nodeAffinityPreset.key
[INFO] Coalescing path $.tracking.nodeAffinityPreset.type
[INFO] Coalescing path $.tracking.nodeAffinityPreset.values
[INFO] Coalescing path $.tracking.pdb.create
[INFO] Coalescing path $.tracking.pdb.maxUnavailable
[INFO] Coalescing path $.tracking.pdb.minAvailable
[INFO] Coalescing path $.tracking.persistence.accessMode
[INFO] Coalescing path $.tracking.persistence.accessModes
[INFO] Coalescing path $.tracking.persistence.annotations
[INFO] Coalescing path $.tracking.persistence.dataSource
[INFO] Coalescing path $.tracking.persistence.enabled
[INFO] Coalescing path $.tracking.persistence.existingClaim
[INFO] Coalescing path $.tracking.persistence.labels
[INFO] Coalescing path $.tracking.persistence.mountPath
[INFO] Coalescing path $.tracking.persistence.selector
[INFO] Coalescing path $.tracking.persistence.size
[INFO] Coalescing path $.tracking.persistence.subPath
[INFO] Coalescing path $.tracking.podSecurityContext.enabled
[INFO] Coalescing path $.tracking.service.annotations
[INFO] Coalescing path $.tracking.service.clusterIP
[INFO] Coalescing path $.tracking.service.externalTrafficPolicy
[INFO] Coalescing path $.tracking.service.extraPorts
[INFO] Coalescing path $.tracking.service.labels
[INFO] Coalescing path $.tracking.service.loadBalancerIP
[INFO] Coalescing path $.tracking.service.loadBalancerSourceRanges
[INFO] Coalescing path $.tracking.service.nodePorts
[INFO] Coalescing path $.tracking.service.ports
[INFO] Coalescing path $.tracking.service.sessionAffinity
[INFO] Coalescing path $.tracking.service.sessionAffinityConfig
[INFO] Coalescing path $.tracking.service.type
[INFO] Coalescing path $.tracking.serviceAccount.annotations
[INFO] Coalescing path $.tracking.serviceAccount.automountServiceAccountToken
[INFO] Coalescing path $.tracking.serviceAccount.create
[INFO] Coalescing path $.tracking.tls.autoGenerated
[INFO] Coalescing path $.tracking.tls.enabled
[INFO] Coalescing path $.run.persistence.accessModes[*]
[INFO] Coalescing path $.tracking.auth.extraOverrides[*]
[INFO] Coalescing path $.tracking.autoscaling.hpa.enabled
[INFO] Coalescing path $.tracking.autoscaling.hpa.maxReplicas
[INFO] Coalescing path $.tracking.autoscaling.hpa.minReplicas
[INFO] Coalescing path $.tracking.autoscaling.hpa.targetCPU
[INFO] Coalescing path $.tracking.autoscaling.hpa.targetMemory
[INFO] Coalescing path $.tracking.autoscaling.vpa.annotations
[INFO] Coalescing path $.tracking.autoscaling.vpa.controlledResources
[INFO] Coalescing path $.tracking.autoscaling.vpa.enabled
[INFO] Coalescing path $.tracking.autoscaling.vpa.maxAllowed
[INFO] Coalescing path $.tracking.autoscaling.vpa.minAllowed
[INFO] Coalescing path $.tracking.autoscaling.vpa.updatePolicy
[INFO] Coalescing path $.tracking.metrics.serviceMonitor.annotations
[INFO] Coalescing path $.tracking.metrics.serviceMonitor.enabled
[INFO] Coalescing path $.tracking.metrics.serviceMonitor.honorLabels
[INFO] Coalescing path $.tracking.metrics.serviceMonitor.interval
[INFO] Coalescing path $.tracking.metrics.serviceMonitor.jobLabel
[INFO] Coalescing path $.tracking.metrics.serviceMonitor.labels
[INFO] Coalescing path $.tracking.metrics.serviceMonitor.metricRelabelings
[INFO] Coalescing path $.tracking.metrics.serviceMonitor.namespace
[INFO] Coalescing path $.tracking.metrics.serviceMonitor.relabelings
[INFO] Coalescing path $.tracking.metrics.serviceMonitor.scrapeTimeout
[INFO] Coalescing path $.tracking.metrics.serviceMonitor.selector
[INFO] Coalescing path $.tracking.networkPolicy.ingressNSMatchLabels[*]
[INFO] Coalescing path $.tracking.networkPolicy.ingressNSPodMatchLabels[*]
[INFO] Coalescing path $.tracking.persistence.accessModes[*]
[INFO] Coalescing path $.tracking.service.ports.http
[INFO] Coalescing path $.tracking.service.ports.https
[INFO] Coalescing path $.tracking.tmpVolume.ephemeral.enabled
[INFO] Coalescing path $.tracking.tmpVolume.ephemeral.volumeClaimTemplate
[INFO] Coalescing path $.tracking.autoscaling.vpa.updatePolicy.updateMode
[INFO] Coalescing path $.tracking.ingress.extraHosts[*].name
[INFO] Coalescing path $.tracking.ingress.extraHosts[*].path
[INFO] Coalescing path $.tracking.ingress.extraHosts[*].pathType
[INFO] Coalescing path $.tracking.ingress.secrets[*].certificate
[INFO] Coalescing path $.tracking.ingress.secrets[*].key
[INFO] Coalescing path $.tracking.ingress.secrets[*].name
[INFO] Coalescing path $.tracking.service.nodePorts[*][*]["mlflow.v0.tracking.protocol"][*]
[INFO] Coalescing path $.tracking.service.ports[*][*]["mlflow.v0.tracking.protocol"][*]
[INFO] Testing known inputs first; arbitrary extra-key cases are deferred
[INFO] Render hashes (run-local): 47 observed, 47 unique, 0 duplicate bundles; 0 successful validations reused
[INFO] Testing deferred arbitrary-key and original-schema robustness cases
[INFO] Render hashes (run-local): 48 observed, 48 unique, 0 duplicate bundles; 0 successful validations reused
[INFO] .: failed; 0 charts remain
