[INFO] Auditing path $.apiVersions
[INFO] Auditing path $.clusterDomain
[INFO] Auditing path $.commonAnnotations
[INFO] Auditing path $.commonLabels
[INFO] Auditing path $.diagnosticMode.args
[INFO] Auditing path $.diagnosticMode.args[*]
[INFO] Auditing path $.diagnosticMode.command
[INFO] Auditing path $.diagnosticMode.command[*]
[INFO] Auditing path $.diagnosticMode.enabled
[INFO] Auditing path $.diagnosticMode
[INFO] Auditing path $.externalAzureBlob.accessKey
[INFO] Auditing path $.externalAzureBlob.clientId
[INFO] Auditing path $.externalAzureBlob.clientSecret
[INFO] Auditing path $.externalAzureBlob.clientSecretKey
[INFO] Auditing path $.externalAzureBlob.connectionString
[INFO] Auditing path $.externalAzureBlob.containerName
[INFO] Auditing path $.externalAzureBlob.existingAccessKeyKey
[INFO] Auditing path $.externalAzureBlob.existingConnectionStringKey
[INFO] Auditing path $.externalAzureBlob.existingSecret
[INFO] Auditing path $.externalAzureBlob.serveArtifacts
[INFO] Auditing path $.externalAzureBlob.storageAccount
[INFO] Auditing path $.externalAzureBlob.tenantId
[INFO] Auditing path $.externalAzureBlob.useCredentialsInSecret
[INFO] Auditing path $.externalAzureBlob
[INFO] Auditing path $.externalDatabase.authDatabase
[INFO] Auditing path $.externalDatabase.database
[INFO] Auditing path $.externalDatabase.dialectDriver
[INFO] Auditing path $.externalDatabase.existingSecret
[INFO] Auditing path $.externalDatabase.existingSecretPasswordKey
[INFO] Auditing path $.externalDatabase.host
[INFO] Auditing path $.externalDatabase.password
[INFO] Auditing path $.externalDatabase.port
[INFO] Auditing path $.externalDatabase.user
[INFO] Auditing path $.externalDatabase
[INFO] Auditing path $.externalGCS.bucket
[INFO] Auditing path $.externalGCS.existingSecret
[INFO] Auditing path $.externalGCS.existingSecretKey
[INFO] Auditing path $.externalGCS.googleCloudProject
[INFO] Auditing path $.externalGCS.serveArtifacts
[INFO] Auditing path $.externalGCS.useCredentialsInSecret
[INFO] Auditing path $.externalGCS
[INFO] Auditing path $.externalS3.accessKeyID
[INFO] Auditing path $.externalS3.accessKeySecret
[INFO] Auditing path $.externalS3.bucket
[INFO] Auditing path $.externalS3.existingSecret
[INFO] Auditing path $.externalS3.existingSecretAccessKeyIDKey
[INFO] Auditing path $.externalS3.existingSecretKeySecretKey
[INFO] Auditing path $.externalS3.host
[INFO] Auditing path $.externalS3.port
[INFO] Auditing path $.externalS3.protocol
[INFO] Auditing path $.externalS3.serveArtifacts
[INFO] Auditing path $.externalS3.useCredentialsInSecret
[INFO] Auditing path $.externalS3
[INFO] Auditing path $.extraDeploy[*]
[INFO] Auditing path $.extraDeploy
[INFO] Auditing path $.fullnameOverride
[INFO] Auditing path $.gitImage.digest
[INFO] Auditing path $.gitImage.pullPolicy
[INFO] Auditing path $.gitImage.pullSecrets
[INFO] Auditing path $.gitImage.pullSecrets[*]
[INFO] Auditing path $.gitImage.registry
[INFO] Auditing path $.gitImage.repository
[INFO] Auditing path $.gitImage.tag
[INFO] Auditing path $.gitImage
[INFO] Auditing path $.global.compatibility
[INFO] Auditing path $.global.compatibility.openshift
[INFO] Auditing path $.global.compatibility.openshift.adaptSecurityContext
[INFO] Auditing path $.global.defaultStorageClass
[INFO] Auditing path $.global.imagePullSecrets
[INFO] Auditing path $.global.imagePullSecrets[*]
[INFO] Auditing path $.global.imageRegistry
[INFO] Auditing path $.global.security
[INFO] Auditing path $.global.security.allowInsecureImages
[INFO] Auditing path $.global.storageClass
[INFO] Auditing path $.global
[INFO] Auditing path $.image.debug
[INFO] Auditing path $.image.digest
[INFO] Auditing path $.image.pullPolicy
[INFO] Auditing path $.image.pullSecrets
[INFO] Auditing path $.image.pullSecrets[*]
[INFO] Auditing path $.image.registry
[INFO] Auditing path $.image.repository
[INFO] Auditing path $.image.tag
[INFO] Auditing path $.image
[INFO] Auditing path $.kubeVersion
[INFO] Auditing path $.minio.auth
[INFO] Auditing path $.minio.auth.existingSecret
[INFO] Auditing path $.minio.auth.rootPassword
[INFO] Auditing path $.minio.auth.rootUser
[INFO] Auditing path $.minio.console
[INFO] Auditing path $.minio.console.enabled
[INFO] Auditing path $.minio.containerPorts.api
[INFO] Auditing path $.minio.defaultBuckets
[INFO] Auditing path $.minio.enabled
[INFO] Auditing path $.minio.provisioning
[INFO] Auditing path $.minio.provisioning.enabled
[INFO] Auditing path $.minio.provisioning.extraCommands
[INFO] Auditing path $.minio.provisioning.extraCommands[*]
[INFO] Auditing path $.minio.service
[INFO] Auditing path $.minio.service.loadBalancerIP
[INFO] Auditing path $.minio.service.ports
[INFO] Auditing path $.minio.service.ports.api
[INFO] Auditing path $.minio.service.type
[INFO] Auditing path $.minio.tls
[INFO] Auditing path $.minio.tls.enabled
[INFO] Auditing path $.minio
[INFO] Auditing path $.nameOverride
[INFO] Auditing path $.namespaceOverride
[INFO] Auditing path $.postgresql.architecture
[INFO] Auditing path $.postgresql.auth
[INFO] Auditing path $.postgresql.auth.database
[INFO] Auditing path $.postgresql.auth.existingSecret
[INFO] Auditing path $.postgresql.auth.password
[INFO] Auditing path $.postgresql.auth.username
[INFO] Auditing path $.postgresql.enabled
[INFO] Auditing path $.postgresql.primary
[INFO] Auditing path $.postgresql.primary.initdb
[INFO] Auditing path $.postgresql.primary.initdb.scripts
[INFO] Auditing path $.postgresql.primary.initdb.scripts["create_auth_db.sh"]
[INFO] Auditing path $.postgresql.primary.service
[INFO] Auditing path $.postgresql.primary.service.ports
[INFO] Auditing path $.postgresql.primary.service.ports.postgresql
[INFO] Auditing path $.postgresql
[INFO] Auditing path $.run.affinity
[INFO] Auditing path $.run.annotations
[INFO] Auditing path $.run.args
[INFO] Auditing path $.run.args[*]
[INFO] Auditing path $.run.automountServiceAccountToken
[INFO] Auditing path $.run.backoffLimit
[INFO] Auditing path $.run.command
[INFO] Auditing path $.run.command[*]
[INFO] Auditing path $.run.containerSecurityContext
[INFO] Auditing path $.run.containerSecurityContext.allowPrivilegeEscalation
[INFO] Auditing path $.run.containerSecurityContext.capabilities
[INFO] Auditing path $.run.containerSecurityContext.capabilities.drop
[INFO] Auditing path $.run.containerSecurityContext.capabilities.drop[*]
[INFO] Auditing path $.run.containerSecurityContext.enabled
[INFO] Auditing path $.run.containerSecurityContext.privileged
[INFO] Auditing path $.run.containerSecurityContext.readOnlyRootFilesystem
[INFO] Auditing path $.run.containerSecurityContext.runAsGroup
[INFO] Auditing path $.run.containerSecurityContext.runAsNonRoot
[INFO] Auditing path $.run.containerSecurityContext.runAsUser
[INFO] Auditing path $.run.containerSecurityContext.seLinuxOptions
[INFO] Auditing path $.run.containerSecurityContext.seccompProfile
[INFO] Auditing path $.run.containerSecurityContext.seccompProfile.type
[INFO] Auditing path $.run.customLivenessProbe
[INFO] Auditing path $.run.customReadinessProbe
[INFO] Auditing path $.run.customStartupProbe
[INFO] Auditing path $.run.enableDefaultInitContainers
[INFO] Auditing path $.run.enabled
[INFO] Auditing path $.run.extraEnvVars
[INFO] Auditing path $.run.extraEnvVars[*]
[INFO] Auditing path $.run.extraEnvVarsCM
[INFO] Auditing path $.run.extraEnvVarsSecret
[INFO] Auditing path $.run.extraVolumeMounts
[INFO] Auditing path $.run.extraVolumeMounts[*]
[INFO] Auditing path $.run.extraVolumes
[INFO] Auditing path $.run.extraVolumes[*]
[INFO] Auditing path $.run.hostAliases
[INFO] Auditing path $.run.hostAliases[*]
[INFO] Auditing path $.run.initContainers
[INFO] Auditing path $.run.initContainers[*]
[INFO] Auditing path $.run.labels
[INFO] Auditing path $.run.lifecycleHooks
[INFO] Auditing path $.run.livenessProbe
[INFO] Auditing path $.run.livenessProbe.enabled
[INFO] Auditing path $.run.livenessProbe.failureThreshold
[INFO] Auditing path $.run.livenessProbe.initialDelaySeconds
[INFO] Auditing path $.run.livenessProbe.periodSeconds
[INFO] Auditing path $.run.livenessProbe.successThreshold
[INFO] Auditing path $.run.livenessProbe.timeoutSeconds
[INFO] Auditing path $.run.networkPolicy
[INFO] Auditing path $.run.networkPolicy.allowExternal
[INFO] Auditing path $.run.networkPolicy.allowExternalEgress
[INFO] Auditing path $.run.networkPolicy.enabled
[INFO] Auditing path $.run.networkPolicy.extraEgress
[INFO] Auditing path $.run.networkPolicy.extraEgress[*]
[INFO] Auditing path $.run.networkPolicy.extraIngress
[INFO] Auditing path $.run.networkPolicy.extraIngress[*]
[INFO] Auditing path $.run.networkPolicy.ingressNSMatchLabels
[INFO] Auditing path $.run.networkPolicy.ingressNSPodMatchLabels
[INFO] Auditing path $.run.nodeAffinityPreset
[INFO] Auditing path $.run.nodeAffinityPreset.key
[INFO] Auditing path $.run.nodeAffinityPreset.type
[INFO] Auditing path $.run.nodeAffinityPreset.values
[INFO] Auditing path $.run.nodeAffinityPreset.values[*]
[INFO] Auditing path $.run.nodeSelector
[INFO] Auditing path $.run.persistence
[INFO] Auditing path $.run.persistence.accessMode
[INFO] Auditing path $.run.persistence.accessModes
[INFO] Auditing path $.run.persistence.accessModes[*]
[INFO] Auditing path $.run.persistence.annotations
[INFO] Auditing path $.run.persistence.dataSource
[INFO] Auditing path $.run.persistence.enabled
[INFO] Auditing path $.run.persistence.existingClaim
[INFO] Auditing path $.run.persistence.labels
[INFO] Auditing path $.run.persistence.mountPath
[INFO] Auditing path $.run.persistence.selector
[INFO] Auditing path $.run.persistence.size
[INFO] Auditing path $.run.persistence.storageClass
[INFO] Auditing path $.run.persistence.subPath
[INFO] Auditing path $.run.podAffinityPreset
[INFO] Auditing path $.run.podAnnotations
[INFO] Auditing path $.run.podAntiAffinityPreset
[INFO] Auditing path $.run.podLabels
[INFO] Auditing path $.run.podSecurityContext
[INFO] Auditing path $.run.podSecurityContext.enabled
[INFO] Auditing path $.run.podSecurityContext.fsGroup
[INFO] Auditing path $.run.podSecurityContext.fsGroupChangePolicy
[INFO] Auditing path $.run.podSecurityContext.supplementalGroups
[INFO] Auditing path $.run.podSecurityContext.supplementalGroups[*]
[INFO] Auditing path $.run.podSecurityContext.sysctls
[INFO] Auditing path $.run.podSecurityContext.sysctls[*]
[INFO] Auditing path $.run.priorityClassName
[INFO] Auditing path $.run.readinessProbe
[INFO] Auditing path $.run.readinessProbe.enabled
[INFO] Auditing path $.run.readinessProbe.failureThreshold
[INFO] Auditing path $.run.readinessProbe.initialDelaySeconds
[INFO] Auditing path $.run.readinessProbe.periodSeconds
[INFO] Auditing path $.run.readinessProbe.successThreshold
[INFO] Auditing path $.run.readinessProbe.timeoutSeconds
[INFO] Auditing path $.run.resources
[INFO] Auditing path $.run.resources.limits
[INFO] Auditing path $.run.resources.requests
[INFO] Auditing path $.run.resourcesPreset
[INFO] Auditing path $.run.restartPolicy
[INFO] Auditing path $.run.runtimeClassName
[INFO] Auditing path $.run.schedulerName
[INFO] Auditing path $.run.serviceAccount
[INFO] Auditing path $.run.serviceAccount.annotations
[INFO] Auditing path $.run.serviceAccount.automountServiceAccountToken
[INFO] Auditing path $.run.serviceAccount.create
[INFO] Auditing path $.run.serviceAccount.name
[INFO] Auditing path $.run.sidecars
[INFO] Auditing path $.run.sidecars[*]
[INFO] Auditing path $.run.source
[INFO] Auditing path $.run.source.configMap
[INFO] Auditing path $.run.source.existingConfigMap
[INFO] Auditing path $.run.source.git
[INFO] Auditing path $.run.source.git.extraVolumeMounts
[INFO] Auditing path $.run.source.git.extraVolumeMounts[*]
[INFO] Auditing path $.run.source.git.repository
[INFO] Auditing path $.run.source.git.revision
[INFO] Auditing path $.run.source.launchCommand
[INFO] Auditing path $.run.source.type
[INFO] Auditing path $.run.startupProbe
[INFO] Auditing path $.run.startupProbe.enabled
[INFO] Auditing path $.run.startupProbe.failureThreshold
[INFO] Auditing path $.run.startupProbe.initialDelaySeconds
[INFO] Auditing path $.run.startupProbe.periodSeconds
[INFO] Auditing path $.run.startupProbe.successThreshold
[INFO] Auditing path $.run.startupProbe.timeoutSeconds
[INFO] Auditing path $.run.terminationGracePeriodSeconds
[INFO] Auditing path $.run.tolerations
[INFO] Auditing path $.run.tolerations[*]
[INFO] Auditing path $.run.topologySpreadConstraints
[INFO] Auditing path $.run.topologySpreadConstraints[*]
[INFO] Auditing path $.run.updateStrategy
[INFO] Auditing path $.run.updateStrategy.rollingUpdate
[INFO] Auditing path $.run.updateStrategy.type
[INFO] Auditing path $.run.useJob
[INFO] Auditing path $.run
[INFO] Auditing path $.tracking.affinity
[INFO] Auditing path $.tracking.args
[INFO] Auditing path $.tracking.args[*]
[INFO] Auditing path $.tracking.auth
[INFO] Auditing path $.tracking.auth.enabled
[INFO] Auditing path $.tracking.auth.existingSecret
[INFO] Auditing path $.tracking.auth.existingSecretFlaskServerSecretKey
[INFO] Auditing path $.tracking.auth.existingSecretPasswordKey
[INFO] Auditing path $.tracking.auth.existingSecretUserKey
[INFO] Auditing path $.tracking.auth.extraOverrides
[INFO] Auditing path $.tracking.auth.extraOverrides[*]
[INFO] Auditing path $.tracking.auth.flaskServerSecretKey
[INFO] Auditing path $.tracking.auth.overridesConfigMap
[INFO] Auditing path $.tracking.auth.password
[INFO] Auditing path $.tracking.auth.username
[INFO] Auditing path $.tracking.automountServiceAccountToken
[INFO] Auditing path $.tracking.autoscaling
[INFO] Auditing path $.tracking.autoscaling.hpa
[INFO] Auditing path $.tracking.autoscaling.hpa.enabled
[INFO] Auditing path $.tracking.autoscaling.hpa.maxReplicas
[INFO] Auditing path $.tracking.autoscaling.hpa.minReplicas
[INFO] Auditing path $.tracking.autoscaling.hpa.targetCPU
[INFO] Auditing path $.tracking.autoscaling.hpa.targetMemory
[INFO] Auditing path $.tracking.autoscaling.vpa
[INFO] Auditing path $.tracking.autoscaling.vpa.annotations
[INFO] Auditing path $.tracking.autoscaling.vpa.controlledResources
[INFO] Auditing path $.tracking.autoscaling.vpa.controlledResources[*]
[INFO] Auditing path $.tracking.autoscaling.vpa.enabled
[INFO] Auditing path $.tracking.autoscaling.vpa.maxAllowed
[INFO] Auditing path $.tracking.autoscaling.vpa.minAllowed
[INFO] Auditing path $.tracking.autoscaling.vpa.updatePolicy
[INFO] Auditing path $.tracking.autoscaling.vpa.updatePolicy.updateMode
[INFO] Auditing path $.tracking.command
[INFO] Auditing path $.tracking.command[*]
[INFO] Auditing path $.tracking.containerPorts
[INFO] Auditing path $.tracking.containerPorts.http
[INFO] Auditing path $.tracking.containerSecurityContext
[INFO] Auditing path $.tracking.containerSecurityContext.allowPrivilegeEscalation
[INFO] Auditing path $.tracking.containerSecurityContext.capabilities
[INFO] Auditing path $.tracking.containerSecurityContext.capabilities.drop
[INFO] Auditing path $.tracking.containerSecurityContext.capabilities.drop[*]
[INFO] Auditing path $.tracking.containerSecurityContext.enabled
[INFO] Auditing path $.tracking.containerSecurityContext.privileged
[INFO] Auditing path $.tracking.containerSecurityContext.readOnlyRootFilesystem
[INFO] Auditing path $.tracking.containerSecurityContext.runAsGroup
[INFO] Auditing path $.tracking.containerSecurityContext.runAsNonRoot
[INFO] Auditing path $.tracking.containerSecurityContext.runAsUser
[INFO] Auditing path $.tracking.containerSecurityContext.seLinuxOptions
[INFO] Auditing path $.tracking.containerSecurityContext.seccompProfile
[INFO] Auditing path $.tracking.containerSecurityContext.seccompProfile.type
[INFO] Auditing path $.tracking.customLivenessProbe
[INFO] Auditing path $.tracking.customReadinessProbe
[INFO] Auditing path $.tracking.customStartupProbe
[INFO] Auditing path $.tracking.enableDefaultInitContainers
[INFO] Auditing path $.tracking.enabled
[INFO] Auditing path $.tracking.extraArgs
[INFO] Auditing path $.tracking.extraArgs[*]
[INFO] Auditing path $.tracking.extraEnvVars
[INFO] Auditing path $.tracking.extraEnvVars[*]
[INFO] Auditing path $.tracking.extraEnvVarsCM
[INFO] Auditing path $.tracking.extraEnvVarsSecret
[INFO] Auditing path $.tracking.extraVolumeMounts
[INFO] Auditing path $.tracking.extraVolumeMounts[*]
[INFO] Auditing path $.tracking.extraVolumes
[INFO] Auditing path $.tracking.extraVolumes[*]
[INFO] Auditing path $.tracking.host
[INFO] Auditing path $.tracking.hostAliases
[INFO] Auditing path $.tracking.hostAliases[*]
[INFO] Auditing path $.tracking.httproute
[INFO] Auditing path $.tracking.httproute.annotations
[INFO] Auditing path $.tracking.httproute.enabled
[INFO] Auditing path $.tracking.httproute.extraHostnames
[INFO] Auditing path $.tracking.httproute.extraHostnames[*]
[INFO] Auditing path $.tracking.httproute.extraRules
[INFO] Auditing path $.tracking.httproute.extraRules[*]
[INFO] Auditing path $.tracking.httproute.filters
[INFO] Auditing path $.tracking.httproute.hostname
[INFO] Auditing path $.tracking.httproute.hostnames
[INFO] Auditing path $.tracking.httproute.labels
[INFO] Auditing path $.tracking.httproute.matches
[INFO] Auditing path $.tracking.httproute.matches[*].path
[INFO] Auditing path $.tracking.httproute.matches[*].path.type
[INFO] Auditing path $.tracking.httproute.matches[*].path.value
[INFO] Auditing path $.tracking.httproute.parentRefs
[INFO] Auditing path $.tracking.httproute.parentRefs[*]
[INFO] Auditing path $.tracking.httproute.path
[INFO] Auditing path $.tracking.ingress
[INFO] Auditing path $.tracking.ingress.annotations
[INFO] Auditing path $.tracking.ingress.enabled
[INFO] Auditing path $.tracking.ingress.extraHosts
[INFO] Auditing path $.tracking.ingress.extraHosts[*]
[INFO] Auditing path $.tracking.ingress.extraHosts[*].name
[INFO] Auditing path $.tracking.ingress.extraHosts[*].path
[INFO] Auditing path $.tracking.ingress.extraHosts[*].pathType
[INFO] Auditing path $.tracking.ingress.extraPaths
[INFO] Auditing path $.tracking.ingress.extraPaths[*]
[INFO] Auditing path $.tracking.ingress.extraRules
[INFO] Auditing path $.tracking.ingress.extraRules[*]
[INFO] Auditing path $.tracking.ingress.extraTls
[INFO] Auditing path $.tracking.ingress.extraTls[*]
[INFO] Auditing path $.tracking.ingress.hostname
[INFO] Auditing path $.tracking.ingress.ingressClassName
[INFO] Auditing path $.tracking.ingress.path
[INFO] Auditing path $.tracking.ingress.pathType
[INFO] Auditing path $.tracking.ingress.secrets
[INFO] Auditing path $.tracking.ingress.secrets[*]
[INFO] Auditing path $.tracking.ingress.secrets[*].certificate
[INFO] Auditing path $.tracking.ingress.secrets[*].key
[INFO] Auditing path $.tracking.ingress.secrets[*].name
[INFO] Auditing path $.tracking.ingress.selfSigned
[INFO] Auditing path $.tracking.ingress.tls
[INFO] Auditing path $.tracking.initContainers
[INFO] Auditing path $.tracking.initContainers[*]
[INFO] Auditing path $.tracking.lifecycleHooks
[INFO] Auditing path $.tracking.livenessProbe
[INFO] Auditing path $.tracking.livenessProbe.enabled
[INFO] Auditing path $.tracking.livenessProbe.failureThreshold
[INFO] Auditing path $.tracking.livenessProbe.initialDelaySeconds
[INFO] Auditing path $.tracking.livenessProbe.periodSeconds
[INFO] Auditing path $.tracking.livenessProbe.successThreshold
[INFO] Auditing path $.tracking.livenessProbe.timeoutSeconds
[INFO] Auditing path $.tracking.metrics
[INFO] Auditing path $.tracking.metrics.annotations
[INFO] Auditing path $.tracking.metrics.annotations["prometheus.io/port"]
[INFO] Auditing path $.tracking.metrics.annotations["prometheus.io/scrape"]
[INFO] Auditing path $.tracking.metrics.enabled
[INFO] Auditing path $.tracking.metrics.serviceMonitor
[INFO] Auditing path $.tracking.metrics.serviceMonitor.annotations
[INFO] Auditing path $.tracking.metrics.serviceMonitor.enabled
[INFO] Auditing path $.tracking.metrics.serviceMonitor.honorLabels
[INFO] Auditing path $.tracking.metrics.serviceMonitor.interval
[INFO] Auditing path $.tracking.metrics.serviceMonitor.jobLabel
[INFO] Auditing path $.tracking.metrics.serviceMonitor.labels
[INFO] Auditing path $.tracking.metrics.serviceMonitor.metricRelabelings
[INFO] Auditing path $.tracking.metrics.serviceMonitor.metricRelabelings[*]
[INFO] Auditing path $.tracking.metrics.serviceMonitor.namespace
[INFO] Auditing path $.tracking.metrics.serviceMonitor.relabelings
[INFO] Auditing path $.tracking.metrics.serviceMonitor.relabelings[*]
[INFO] Auditing path $.tracking.metrics.serviceMonitor.scrapeTimeout
[INFO] Auditing path $.tracking.metrics.serviceMonitor.selector
[INFO] Auditing path $.tracking.networkPolicy
[INFO] Auditing path $.tracking.networkPolicy.allowExternal
[INFO] Auditing path $.tracking.networkPolicy.allowExternalEgress
[INFO] Auditing path $.tracking.networkPolicy.enabled
[INFO] Auditing path $.tracking.networkPolicy.extraEgress
[INFO] Auditing path $.tracking.networkPolicy.extraEgress[*]
[INFO] Auditing path $.tracking.networkPolicy.extraIngress
[INFO] Auditing path $.tracking.networkPolicy.extraIngress[*]
[INFO] Auditing path $.tracking.networkPolicy.ingressNSMatchLabels
[INFO] Auditing path $.tracking.networkPolicy.ingressNSMatchLabels[*]
[INFO] Auditing path $.tracking.networkPolicy.ingressNSPodMatchLabels
[INFO] Auditing path $.tracking.networkPolicy.ingressNSPodMatchLabels[*]
[INFO] Auditing path $.tracking.nodeAffinityPreset
[INFO] Auditing path $.tracking.nodeAffinityPreset.key
[INFO] Auditing path $.tracking.nodeAffinityPreset.type
[INFO] Auditing path $.tracking.nodeAffinityPreset.values
[INFO] Auditing path $.tracking.nodeAffinityPreset.values[*]
[INFO] Auditing path $.tracking.nodeSelector
[INFO] Auditing path $.tracking.pdb
[INFO] Auditing path $.tracking.pdb.create
[INFO] Auditing path $.tracking.pdb.maxUnavailable
[INFO] Auditing path $.tracking.pdb.minAvailable
[INFO] Auditing path $.tracking.persistence
[INFO] Auditing path $.tracking.persistence.accessMode
[INFO] Auditing path $.tracking.persistence.accessModes
[INFO] Auditing path $.tracking.persistence.accessModes[*]
[INFO] Auditing path $.tracking.persistence.annotations
[INFO] Auditing path $.tracking.persistence.dataSource
[INFO] Auditing path $.tracking.persistence.enabled
[INFO] Auditing path $.tracking.persistence.existingClaim
[INFO] Auditing path $.tracking.persistence.labels
[INFO] Auditing path $.tracking.persistence.mountPath
[INFO] Auditing path $.tracking.persistence.selector
[INFO] Auditing path $.tracking.persistence.size
[INFO] Auditing path $.tracking.persistence.storageClass
[INFO] Auditing path $.tracking.persistence.subPath
[INFO] Auditing path $.tracking.podAffinityPreset
[INFO] Auditing path $.tracking.podAnnotations
[INFO] Auditing path $.tracking.podAntiAffinityPreset
[INFO] Auditing path $.tracking.podLabels
[INFO] Auditing path $.tracking.podSecurityContext
[INFO] Auditing path $.tracking.podSecurityContext.enabled
[INFO] Auditing path $.tracking.podSecurityContext.fsGroup
[INFO] Auditing path $.tracking.podSecurityContext.fsGroupChangePolicy
[INFO] Auditing path $.tracking.podSecurityContext.supplementalGroups
[INFO] Auditing path $.tracking.podSecurityContext.supplementalGroups[*]
[INFO] Auditing path $.tracking.podSecurityContext.sysctls
[INFO] Auditing path $.tracking.podSecurityContext.sysctls[*]
[INFO] Auditing path $.tracking.priorityClassName
[INFO] Auditing path $.tracking.readinessProbe
[INFO] Auditing path $.tracking.readinessProbe.enabled
[INFO] Auditing path $.tracking.readinessProbe.failureThreshold
[INFO] Auditing path $.tracking.readinessProbe.initialDelaySeconds
[INFO] Auditing path $.tracking.readinessProbe.periodSeconds
[INFO] Auditing path $.tracking.readinessProbe.successThreshold
[INFO] Auditing path $.tracking.readinessProbe.timeoutSeconds
[INFO] Auditing path $.tracking.replicaCount
[INFO] Auditing path $.tracking.resources
[INFO] Auditing path $.tracking.resources.limits
[INFO] Auditing path $.tracking.resources.requests
[INFO] Auditing path $.tracking.resourcesPreset
[INFO] Auditing path $.tracking.runUpgradeDB
[INFO] Auditing path $.tracking.schedulerName
[INFO] Auditing path $.tracking.service
[INFO] Auditing path $.tracking.service.annotations
[INFO] Auditing path $.tracking.service.clusterIP
[INFO] Auditing path $.tracking.service.externalTrafficPolicy
[INFO] Auditing path $.tracking.service.extraPorts
[INFO] Auditing path $.tracking.service.extraPorts[*]
[INFO] Auditing path $.tracking.service.labels
[INFO] Auditing path $.tracking.service.loadBalancerIP
[INFO] Auditing path $.tracking.service.loadBalancerSourceRanges
[INFO] Auditing path $.tracking.service.loadBalancerSourceRanges[*]
[INFO] Auditing path $.tracking.service.nodePorts
[INFO] Auditing path $.tracking.service.nodePorts[*][*]["mlflow.v0.tracking.protocol"][*]
[INFO] Auditing path $.tracking.service.nodePorts.http
[INFO] Auditing path $.tracking.service.nodePorts.https
[INFO] Auditing path $.tracking.service.ports
[INFO] Auditing path $.tracking.service.ports[*][*]["mlflow.v0.tracking.protocol"][*]
[INFO] Auditing path $.tracking.service.ports.http
[INFO] Auditing path $.tracking.service.ports.https
[INFO] Auditing path $.tracking.service.sessionAffinity
[INFO] Auditing path $.tracking.service.sessionAffinityConfig
[INFO] Auditing path $.tracking.service.type
[INFO] Auditing path $.tracking.serviceAccount
[INFO] Auditing path $.tracking.serviceAccount.annotations
[INFO] Auditing path $.tracking.serviceAccount.automountServiceAccountToken
[INFO] Auditing path $.tracking.serviceAccount.create
[INFO] Auditing path $.tracking.serviceAccount.name
[INFO] Auditing path $.tracking.sidecars
[INFO] Auditing path $.tracking.sidecars[*]
[INFO] Auditing path $.tracking.startupProbe
[INFO] Auditing path $.tracking.startupProbe.enabled
[INFO] Auditing path $.tracking.startupProbe.failureThreshold
[INFO] Auditing path $.tracking.startupProbe.initialDelaySeconds
[INFO] Auditing path $.tracking.startupProbe.periodSeconds
[INFO] Auditing path $.tracking.startupProbe.successThreshold
[INFO] Auditing path $.tracking.startupProbe.timeoutSeconds
[INFO] Auditing path $.tracking.terminationGracePeriodSeconds
[INFO] Auditing path $.tracking.tls
[INFO] Auditing path $.tracking.tls.autoGenerated
[INFO] Auditing path $.tracking.tls.certCAFilename
[INFO] Auditing path $.tracking.tls.certFilename
[INFO] Auditing path $.tracking.tls.certKeyFilename
[INFO] Auditing path $.tracking.tls.certificatesSecret
[INFO] Auditing path $.tracking.tls.enabled
[INFO] Auditing path $.tracking.tmpVolume
[INFO] Auditing path $.tracking.tmpVolume.ephemeral
[INFO] Auditing path $.tracking.tmpVolume.ephemeral.enabled
[INFO] Auditing path $.tracking.tmpVolume.ephemeral.volumeClaimTemplate
[INFO] Auditing path $.tracking.tolerations
[INFO] Auditing path $.tracking.tolerations[*]
[INFO] Auditing path $.tracking.topologySpreadConstraints
[INFO] Auditing path $.tracking.topologySpreadConstraints[*]
[INFO] Auditing path $.tracking.updateStrategy
[INFO] Auditing path $.tracking.updateStrategy.type
[INFO] Auditing path $.tracking
[INFO] Auditing path $.volumePermissions.containerSecurityContext
[INFO] Auditing path $.volumePermissions.containerSecurityContext.enabled
[INFO] Auditing path $.volumePermissions.containerSecurityContext.runAsUser
[INFO] Auditing path $.volumePermissions.containerSecurityContext.seLinuxOptions
[INFO] Auditing path $.volumePermissions.enabled
[INFO] Auditing path $.volumePermissions.image
[INFO] Auditing path $.volumePermissions.image.pullPolicy
[INFO] Auditing path $.volumePermissions.image.pullSecrets
[INFO] Auditing path $.volumePermissions.image.pullSecrets[*]
[INFO] Auditing path $.volumePermissions.image.registry
[INFO] Auditing path $.volumePermissions.image.repository
[INFO] Auditing path $.volumePermissions.image.tag
[INFO] Auditing path $.volumePermissions.resources
[INFO] Auditing path $.volumePermissions.resources.limits
[INFO] Auditing path $.volumePermissions.resources.requests
[INFO] Auditing path $.volumePermissions.resourcesPreset
[INFO] Auditing path $.volumePermissions
[INFO] Auditing path $.waitContainer.containerSecurityContext
[INFO] Auditing path $.waitContainer.containerSecurityContext.allowPrivilegeEscalation
[INFO] Auditing path $.waitContainer.containerSecurityContext.capabilities
[INFO] Auditing path $.waitContainer.containerSecurityContext.capabilities.drop
[INFO] Auditing path $.waitContainer.containerSecurityContext.capabilities.drop[*]
[INFO] Auditing path $.waitContainer.containerSecurityContext.enabled
[INFO] Auditing path $.waitContainer.containerSecurityContext.privileged
[INFO] Auditing path $.waitContainer.containerSecurityContext.readOnlyRootFilesystem
[INFO] Auditing path $.waitContainer.containerSecurityContext.runAsGroup
[INFO] Auditing path $.waitContainer.containerSecurityContext.runAsNonRoot
[INFO] Auditing path $.waitContainer.containerSecurityContext.runAsUser
[INFO] Auditing path $.waitContainer.containerSecurityContext.seLinuxOptions
[INFO] Auditing path $.waitContainer.containerSecurityContext.seccompProfile
[INFO] Auditing path $.waitContainer.containerSecurityContext.seccompProfile.type
[INFO] Auditing path $.waitContainer.image
[INFO] Auditing path $.waitContainer.image.digest
[INFO] Auditing path $.waitContainer.image.pullPolicy
[INFO] Auditing path $.waitContainer.image.pullSecrets
[INFO] Auditing path $.waitContainer.image.pullSecrets[*]
[INFO] Auditing path $.waitContainer.image.registry
[INFO] Auditing path $.waitContainer.image.repository
[INFO] Auditing path $.waitContainer.image.tag
[INFO] Auditing path $.waitContainer
