[INFO] Auditing path $.affinity
[INFO] Auditing path $.annotations
[INFO] Auditing path $.common.config
[INFO] Auditing path $.common.config.bind_to
[INFO] Auditing path $.common.config.collect_not_more_than_period
[INFO] Auditing path $.common.config.smartctl_location
[INFO] Auditing path $.common.config.url_path
[INFO] Auditing path $.common
[INFO] Auditing path $.config
[INFO] Auditing path $.extraArgs
[INFO] Auditing path $.extraInstances
[INFO] Auditing path $.hostNetwork
[INFO] Auditing path $.image.pullPolicy
[INFO] Auditing path $.image.pullSecrets
[INFO] Auditing path $.image.pullSecrets[*]
[INFO] Auditing path $.image.repository
[INFO] Auditing path $.image.tag
[INFO] Auditing path $.image
[INFO] Auditing path $.nodeSelector
[INFO] Auditing path $.podAnnotations
[INFO] Auditing path $.podLabels
[INFO] Auditing path $.priorityClassName
[INFO] Auditing path $.prometheusRules.enabled
[INFO] Auditing path $.prometheusRules.extraLabels
[INFO] Auditing path $.prometheusRules.namespace
[INFO] Auditing path $.prometheusRules.rules
[INFO] Auditing path $.prometheusRules.rules[*].alert
[INFO] Auditing path $.prometheusRules.rules[*].annotations
[INFO] Auditing path $.prometheusRules.rules[*].enabled
[INFO] Auditing path $.prometheusRules.rules[*].expr
[INFO] Auditing path $.prometheusRules.rules[*].for
[INFO] Auditing path $.prometheusRules.rules[*].keep_firing_for
[INFO] Auditing path $.prometheusRules.rules[*].labels
[INFO] Auditing path $.prometheusRules.rules.smartCTLDDeviceTemperature
[INFO] Auditing path $.prometheusRules.rules.smartCTLDDeviceTemperature.alert
[INFO] Auditing path $.prometheusRules.rules.smartCTLDDeviceTemperature.annotations
[INFO] Auditing path $.prometheusRules.rules.smartCTLDDeviceTemperature.annotations.description
[INFO] Auditing path $.prometheusRules.rules.smartCTLDDeviceTemperature.annotations.summary
[INFO] Auditing path $.prometheusRules.rules.smartCTLDDeviceTemperature.enabled
[INFO] Auditing path $.prometheusRules.rules.smartCTLDDeviceTemperature.expr
[INFO] Auditing path $.prometheusRules.rules.smartCTLDDeviceTemperature.for
[INFO] Auditing path $.prometheusRules.rules.smartCTLDDeviceTemperature.labels
[INFO] Auditing path $.prometheusRules.rules.smartCTLDDeviceTemperature.labels.severity
[INFO] Auditing path $.prometheusRules.rules.smartCTLDInterfaceSlow
[INFO] Auditing path $.prometheusRules.rules.smartCTLDInterfaceSlow.alert
[INFO] Auditing path $.prometheusRules.rules.smartCTLDInterfaceSlow.annotations
[INFO] Auditing path $.prometheusRules.rules.smartCTLDInterfaceSlow.annotations.description
[INFO] Auditing path $.prometheusRules.rules.smartCTLDInterfaceSlow.annotations.summary
[INFO] Auditing path $.prometheusRules.rules.smartCTLDInterfaceSlow.enabled
[INFO] Auditing path $.prometheusRules.rules.smartCTLDInterfaceSlow.expr
[INFO] Auditing path $.prometheusRules.rules.smartCTLDInterfaceSlow.for
[INFO] Auditing path $.prometheusRules.rules.smartCTLDInterfaceSlow.labels
[INFO] Auditing path $.prometheusRules.rules.smartCTLDInterfaceSlow.labels.severity
[INFO] Auditing path $.prometheusRules.rules.smartCTLDeviceAvailableSpareUnderThreshold
[INFO] Auditing path $.prometheusRules.rules.smartCTLDeviceAvailableSpareUnderThreshold.alert
[INFO] Auditing path $.prometheusRules.rules.smartCTLDeviceAvailableSpareUnderThreshold.annotations
[INFO] Auditing path $.prometheusRules.rules.smartCTLDeviceAvailableSpareUnderThreshold.annotations.description
[INFO] Auditing path $.prometheusRules.rules.smartCTLDeviceAvailableSpareUnderThreshold.annotations.summary
[INFO] Auditing path $.prometheusRules.rules.smartCTLDeviceAvailableSpareUnderThreshold.enabled
[INFO] Auditing path $.prometheusRules.rules.smartCTLDeviceAvailableSpareUnderThreshold.expr
[INFO] Auditing path $.prometheusRules.rules.smartCTLDeviceAvailableSpareUnderThreshold.for
[INFO] Auditing path $.prometheusRules.rules.smartCTLDeviceAvailableSpareUnderThreshold.labels
[INFO] Auditing path $.prometheusRules.rules.smartCTLDeviceAvailableSpareUnderThreshold.labels.severity
[INFO] Auditing path $.prometheusRules.rules.smartCTLDeviceCriticalWarning
[INFO] Auditing path $.prometheusRules.rules.smartCTLDeviceCriticalWarning.alert
[INFO] Auditing path $.prometheusRules.rules.smartCTLDeviceCriticalWarning.annotations
[INFO] Auditing path $.prometheusRules.rules.smartCTLDeviceCriticalWarning.annotations.description
[INFO] Auditing path $.prometheusRules.rules.smartCTLDeviceCriticalWarning.annotations.summary
[INFO] Auditing path $.prometheusRules.rules.smartCTLDeviceCriticalWarning.enabled
[INFO] Auditing path $.prometheusRules.rules.smartCTLDeviceCriticalWarning.expr
[INFO] Auditing path $.prometheusRules.rules.smartCTLDeviceCriticalWarning.for
[INFO] Auditing path $.prometheusRules.rules.smartCTLDeviceCriticalWarning.labels
[INFO] Auditing path $.prometheusRules.rules.smartCTLDeviceCriticalWarning.labels.severity
[INFO] Auditing path $.prometheusRules.rules.smartCTLDeviceMediaErrors
[INFO] Auditing path $.prometheusRules.rules.smartCTLDeviceMediaErrors.alert
[INFO] Auditing path $.prometheusRules.rules.smartCTLDeviceMediaErrors.annotations
[INFO] Auditing path $.prometheusRules.rules.smartCTLDeviceMediaErrors.annotations.description
[INFO] Auditing path $.prometheusRules.rules.smartCTLDeviceMediaErrors.annotations.summary
[INFO] Auditing path $.prometheusRules.rules.smartCTLDeviceMediaErrors.enabled
[INFO] Auditing path $.prometheusRules.rules.smartCTLDeviceMediaErrors.expr
[INFO] Auditing path $.prometheusRules.rules.smartCTLDeviceMediaErrors.for
[INFO] Auditing path $.prometheusRules.rules.smartCTLDeviceMediaErrors.labels
[INFO] Auditing path $.prometheusRules.rules.smartCTLDeviceMediaErrors.labels.severity
[INFO] Auditing path $.prometheusRules.rules.smartCTLDeviceStatus
[INFO] Auditing path $.prometheusRules.rules.smartCTLDeviceStatus.alert
[INFO] Auditing path $.prometheusRules.rules.smartCTLDeviceStatus.annotations
[INFO] Auditing path $.prometheusRules.rules.smartCTLDeviceStatus.annotations.description
[INFO] Auditing path $.prometheusRules.rules.smartCTLDeviceStatus.annotations.summary
[INFO] Auditing path $.prometheusRules.rules.smartCTLDeviceStatus.enabled
[INFO] Auditing path $.prometheusRules.rules.smartCTLDeviceStatus.expr
[INFO] Auditing path $.prometheusRules.rules.smartCTLDeviceStatus.for
[INFO] Auditing path $.prometheusRules.rules.smartCTLDeviceStatus.labels
[INFO] Auditing path $.prometheusRules.rules.smartCTLDeviceStatus.labels.severity
[INFO] Auditing path $.prometheusRules
[INFO] Auditing path $.rbac.create
[INFO] Auditing path $.rbac.podSecurityPolicy
[INFO] Auditing path $.rbac
[INFO] Auditing path $.resources
[INFO] Auditing path $.service.ipDualStack
[INFO] Auditing path $.service.ipDualStack.enabled
[INFO] Auditing path $.service.ipDualStack.ipFamilies
[INFO] Auditing path $.service.ipDualStack.ipFamilyPolicy
[INFO] Auditing path $.service.port
[INFO] Auditing path $.service.type
[INFO] Auditing path $.service
[INFO] Auditing path $.serviceAccount.annotations
[INFO] Auditing path $.serviceAccount.create
[INFO] Auditing path $.serviceAccount.name
[INFO] Auditing path $.serviceAccount
[INFO] Auditing path $.serviceMonitor.attachMetadata
[INFO] Auditing path $.serviceMonitor.attachMetadata.node
[INFO] Auditing path $.serviceMonitor.enabled
[INFO] Auditing path $.serviceMonitor.extraLabels
[INFO] Auditing path $.serviceMonitor.interval
[INFO] Auditing path $.serviceMonitor.metricRelabelings
[INFO] Auditing path $.serviceMonitor.namespace
[INFO] Auditing path $.serviceMonitor.relabelings
[INFO] Auditing path $.serviceMonitor.scrapeTimeout
[INFO] Auditing path $.serviceMonitor
[INFO] Auditing path $.tolerations[*].effect
[INFO] Auditing path $.tolerations[*].operator
[INFO] Auditing path $.tolerations
[INFO] Auditing path $.updateStrategy.rollingUpdate
[INFO] Auditing path $.updateStrategy.rollingUpdate.maxUnavailable
[INFO] Auditing path $.updateStrategy.type
[INFO] Auditing path $.updateStrategy
