[INFO] Auditing path $.affinity
[INFO] Auditing path $.configMapFile
[INFO] Auditing path $.configReloaderSidecar.enable
[INFO] Auditing path $.configReloaderSidecar.enabled
[INFO] Auditing path $.configReloaderSidecar.image
[INFO] Auditing path $.configReloaderSidecar.image.pullPolicy
[INFO] Auditing path $.configReloaderSidecar.image.registry
[INFO] Auditing path $.configReloaderSidecar.image.repository
[INFO] Auditing path $.configReloaderSidecar.image.tag
[INFO] Auditing path $.configReloaderSidecar
[INFO] Auditing path $.fullnameOverride
[INFO] Auditing path $.image.pullPolicy
[INFO] Auditing path $.image.registry
[INFO] Auditing path $.image.repository
[INFO] Auditing path $.image.tag
[INFO] Auditing path $.image
[INFO] Auditing path $.imagePullSecrets
[INFO] Auditing path $.log.format
[INFO] Auditing path $.log.level
[INFO] Auditing path $.log
[INFO] Auditing path $.modules[*].metrics
[INFO] Auditing path $.modules[*].metrics[*].address
[INFO] Auditing path $.modules[*].metrics[*].bitOffset
[INFO] Auditing path $.modules[*].metrics[*].dataType
[INFO] Auditing path $.modules[*].metrics[*].endianness
[INFO] Auditing path $.modules[*].metrics[*].factor
[INFO] Auditing path $.modules[*].metrics[*].help
[INFO] Auditing path $.modules[*].metrics[*].labels
[INFO] Auditing path $.modules[*].metrics[*].labels.phase
[INFO] Auditing path $.modules[*].metrics[*].metricType
[INFO] Auditing path $.modules[*].metrics[*].name
[INFO] Auditing path $.modules[*].name
[INFO] Auditing path $.modules[*].protocol
[INFO] Auditing path $.modules
[INFO] Auditing path $.nameOverride
[INFO] Auditing path $.nodeSelector
[INFO] Auditing path $.podAnnotations
[INFO] Auditing path $.podSecurityContext.runAsNonRoot
[INFO] Auditing path $.podSecurityContext.seccompProfile
[INFO] Auditing path $.podSecurityContext.seccompProfile.type
[INFO] Auditing path $.podSecurityContext
[INFO] Auditing path $.resources
[INFO] Auditing path $.securityContext.capabilities
[INFO] Auditing path $.securityContext.capabilities.drop
[INFO] Auditing path $.securityContext.readOnlyRootFilesystem
[INFO] Auditing path $.securityContext.runAsNonRoot
[INFO] Auditing path $.securityContext
[INFO] Auditing path $.service.port
[INFO] Auditing path $.service.type
[INFO] Auditing path $.service
[INFO] Auditing path $.serviceAccount.annotations
[INFO] Auditing path $.serviceAccount.create
[INFO] Auditing path $.serviceAccount.name
[INFO] Auditing path $.serviceAccount
[INFO] Auditing path $.serviceMonitor.annotations
[INFO] Auditing path $.serviceMonitor.enabled
[INFO] Auditing path $.serviceMonitor.endpointsCommonConfig
[INFO] Auditing path $.serviceMonitor.endpointsCommonConfig.followRedirects
[INFO] Auditing path $.serviceMonitor.endpointsCommonConfig.interval
[INFO] Auditing path $.serviceMonitor.endpointsCommonConfig.metricRelabelings
[INFO] Auditing path $.serviceMonitor.endpointsCommonConfig.relabelings
[INFO] Auditing path $.serviceMonitor.endpointsCommonConfig.scheme
[INFO] Auditing path $.serviceMonitor.endpointsCommonConfig.scrapeTimeout
[INFO] Auditing path $.serviceMonitor.endpointsConfig
[INFO] Auditing path $.serviceMonitor.endpointsConfig[*]
[INFO] Auditing path $.serviceMonitor.endpointsConfig[*].params
[INFO] Auditing path $.serviceMonitor.endpointsConfig[*].params.module
[INFO] Auditing path $.serviceMonitor.endpointsConfig[*].params.sub_target
[INFO] Auditing path $.serviceMonitor.endpointsConfig[*].params.target
[INFO] Auditing path $.serviceMonitor.labels
[INFO] Auditing path $.serviceMonitor.labels.release
[INFO] Auditing path $.serviceMonitor
[INFO] Auditing path $.serviceMonitorExporterItself.annotations
[INFO] Auditing path $.serviceMonitorExporterItself.enabled
[INFO] Auditing path $.serviceMonitorExporterItself.labels
[INFO] Auditing path $.serviceMonitorExporterItself.labels.release
[INFO] Auditing path $.serviceMonitorExporterItself
[INFO] Auditing path $.tolerations
