[INFO] Auditing path $.affinity
[INFO] Auditing path $.autoscaling.enabled
[INFO] Auditing path $.autoscaling.maxReplicas
[INFO] Auditing path $.autoscaling.minReplicas
[INFO] Auditing path $.autoscaling.targetCPUUtilizationPercentage
[INFO] Auditing path $.autoscaling.targetMemoryUtilizationPercentage
[INFO] Auditing path $.autoscaling
[INFO] Auditing path $.extraConfigmapMounts[*].configMap
[INFO] Auditing path $.extraConfigmapMounts[*].defaultMode
[INFO] Auditing path $.extraConfigmapMounts[*].mountPath
[INFO] Auditing path $.extraConfigmapMounts[*].name
[INFO] Auditing path $.extraConfigmapMounts[*].readOnly
[INFO] Auditing path $.extraConfigmapMounts[*].subPath
[INFO] Auditing path $.extraConfigmapMounts
[INFO] Auditing path $.extraSecretMounts[*].defaultMode
[INFO] Auditing path $.extraSecretMounts[*].mountPath
[INFO] Auditing path $.extraSecretMounts[*].name
[INFO] Auditing path $.extraSecretMounts[*].readOnly
[INFO] Auditing path $.extraSecretMounts[*].secretName
[INFO] Auditing path $.extraSecretMounts[*].subPath
[INFO] Auditing path $.extraSecretMounts
[INFO] Auditing path $.fullnameOverride
[INFO] Auditing path $.image.pullPolicy
[INFO] Auditing path $.image.repository
[INFO] Auditing path $.image.tag
[INFO] Auditing path $.image
[INFO] Auditing path $.imagePullSecrets[*]
[INFO] Auditing path $.imagePullSecrets[*].name
[INFO] Auditing path $.imagePullSecrets
[INFO] Auditing path $.ingress.annotations
[INFO] Auditing path $.ingress.className
[INFO] Auditing path $.ingress.enabled
[INFO] Auditing path $.ingress.hosts
[INFO] Auditing path $.ingress.hosts[*]
[INFO] Auditing path $.ingress.hosts[*].host
[INFO] Auditing path $.ingress.hosts[*].paths
[INFO] Auditing path $.ingress.hosts[*].paths[*]
[INFO] Auditing path $.ingress.hosts[*].paths[*].path
[INFO] Auditing path $.ingress.hosts[*].paths[*].pathType
[INFO] Auditing path $.ingress.tls
[INFO] Auditing path $.ingress.tls[*]
[INFO] Auditing path $.ingress.tls[*].hosts
[INFO] Auditing path $.ingress.tls[*].hosts[*]
[INFO] Auditing path $.ingress.tls[*].secretName
[INFO] Auditing path $.ingress
[INFO] Auditing path $.nameOverride
[INFO] Auditing path $.namespaceOverride
[INFO] Auditing path $.nodeSelector
[INFO] Auditing path $.podAnnotations
[INFO] Auditing path $.podSecurityContext.fsGroup
[INFO] Auditing path $.podSecurityContext.runAsGroup
[INFO] Auditing path $.podSecurityContext.runAsUser
[INFO] Auditing path $.podSecurityContext
[INFO] Auditing path $.replicaCount
[INFO] Auditing path $.resources.limits
[INFO] Auditing path $.resources.limits.cpu
[INFO] Auditing path $.resources.limits.memory
[INFO] Auditing path $.resources.requests
[INFO] Auditing path $.resources.requests.cpu
[INFO] Auditing path $.resources.requests.memory
[INFO] Auditing path $.resources
[INFO] Auditing path $.route[*].additionalRules
[INFO] Auditing path $.route[*].annotations
[INFO] Auditing path $.route[*].apiVersion
[INFO] Auditing path $.route[*].enabled
[INFO] Auditing path $.route[*].filters
[INFO] Auditing path $.route[*].hostnames
[INFO] Auditing path $.route[*].httpsRedirect
[INFO] Auditing path $.route[*].kind
[INFO] Auditing path $.route[*].labels
[INFO] Auditing path $.route[*].matches
[INFO] Auditing path $.route[*].name
[INFO] Auditing path $.route[*].parentRefs
[INFO] Auditing path $.route.main
[INFO] Auditing path $.route.main.additionalRules
[INFO] Auditing path $.route.main.annotations
[INFO] Auditing path $.route.main.apiVersion
[INFO] Auditing path $.route.main.enabled
[INFO] Auditing path $.route.main.filters
[INFO] Auditing path $.route.main.hostnames
[INFO] Auditing path $.route.main.httpsRedirect
[INFO] Auditing path $.route.main.kind
[INFO] Auditing path $.route.main.labels
[INFO] Auditing path $.route.main.matches
[INFO] Auditing path $.route.main.matches[*].path
[INFO] Auditing path $.route.main.matches[*].path.type
[INFO] Auditing path $.route.main.matches[*].path.value
[INFO] Auditing path $.route.main.name
[INFO] Auditing path $.route.main.parentRefs
[INFO] Auditing path $.route
[INFO] Auditing path $.securityContext.capabilities
[INFO] Auditing path $.securityContext.capabilities.drop
[INFO] Auditing path $.securityContext.capabilities.drop[*]
[INFO] Auditing path $.securityContext.readOnlyRootFilesystem
[INFO] Auditing path $.securityContext.runAsGroup
[INFO] Auditing path $.securityContext.runAsNonRoot
[INFO] Auditing path $.securityContext.runAsUser
[INFO] Auditing path $.securityContext
[INFO] Auditing path $.service.annotations
[INFO] Auditing path $.service.ipDualStack
[INFO] Auditing path $.service.ipDualStack.enabled
[INFO] Auditing path $.service.ipDualStack.ipFamilies
[INFO] Auditing path $.service.ipDualStack.ipFamilyPolicy
[INFO] Auditing path $.service.port
[INFO] Auditing path $.service.type
[INFO] Auditing path $.service
[INFO] Auditing path $.serviceAccount.annotations
[INFO] Auditing path $.serviceAccount.create
[INFO] Auditing path $.serviceAccount.name
[INFO] Auditing path $.serviceAccount
[INFO] Auditing path $.serviceMonitor.enabled
[INFO] Auditing path $.serviceMonitor.interval
[INFO] Auditing path $.serviceMonitor.labels
[INFO] Auditing path $.serviceMonitor.metricRelabelings
[INFO] Auditing path $.serviceMonitor.metricRelabelings[*]
[INFO] Auditing path $.serviceMonitor.namespace
[INFO] Auditing path $.serviceMonitor.relabelings
[INFO] Auditing path $.serviceMonitor.relabelings[*]
[INFO] Auditing path $.serviceMonitor.targetLabels
[INFO] Auditing path $.serviceMonitor.targetLabels[*]
[INFO] Auditing path $.serviceMonitor.telemetryPath
[INFO] Auditing path $.serviceMonitor.timeout
[INFO] Auditing path $.serviceMonitor
[INFO] Auditing path $.snmpNotifier.extraArgs
[INFO] Auditing path $.snmpNotifier.extraArgs[*]
[INFO] Auditing path $.snmpNotifier.snmpAuthenticationPassword
[INFO] Auditing path $.snmpNotifier.snmpAuthenticationPasswordSecret
[INFO] Auditing path $.snmpNotifier.snmpAuthenticationPasswordSecret.key
[INFO] Auditing path $.snmpNotifier.snmpAuthenticationPasswordSecret.name
[INFO] Auditing path $.snmpNotifier.snmpAuthenticationUsername
[INFO] Auditing path $.snmpNotifier.snmpAuthenticationUsernameSecret
[INFO] Auditing path $.snmpNotifier.snmpAuthenticationUsernameSecret.key
[INFO] Auditing path $.snmpNotifier.snmpAuthenticationUsernameSecret.name
[INFO] Auditing path $.snmpNotifier.snmpCommunity
[INFO] Auditing path $.snmpNotifier.snmpCommunitySecret
[INFO] Auditing path $.snmpNotifier.snmpCommunitySecret.key
[INFO] Auditing path $.snmpNotifier.snmpCommunitySecret.name
[INFO] Auditing path $.snmpNotifier.snmpDestinations
[INFO] Auditing path $.snmpNotifier.snmpDestinations[*]
[INFO] Auditing path $.snmpNotifier.snmpPrivatePassword
[INFO] Auditing path $.snmpNotifier.snmpPrivatePasswordSecret
[INFO] Auditing path $.snmpNotifier.snmpPrivatePasswordSecret.key
[INFO] Auditing path $.snmpNotifier.snmpPrivatePasswordSecret.name
[INFO] Auditing path $.snmpNotifier.trapTemplates
[INFO] Auditing path $.snmpNotifier.trapTemplates.description
[INFO] Auditing path $.snmpNotifier.trapTemplates.userObjects
[INFO] Auditing path $.snmpNotifier.trapTemplates.userObjects[*]
[INFO] Auditing path $.snmpNotifier.trapTemplates.userObjects[*].subOid
[INFO] Auditing path $.snmpNotifier.trapTemplates.userObjects[*].template
[INFO] Auditing path $.snmpNotifier
[INFO] Auditing path $.tolerations
