[INFO] Auditing path $.admin.existingSecret
[INFO] Auditing path $.admin.existingSecretPasswordKey
[INFO] Auditing path $.admin.password
[INFO] Auditing path $.admin.user
[INFO] Auditing path $.admin
[INFO] Auditing path $.alerting.configMapName
[INFO] Auditing path $.alerting
[INFO] Auditing path $.clusterDomain
[INFO] Auditing path $.commonAnnotations
[INFO] Auditing path $.commonLabels
[INFO] Auditing path $.config.grafanaIniConfigMap
[INFO] Auditing path $.config.grafanaIniSecret
[INFO] Auditing path $.config.useGrafanaIniFile
[INFO] Auditing path $.config
[INFO] Auditing path $.dashboardsConfigMaps[*].configMapName
[INFO] Auditing path $.dashboardsConfigMaps[*].fileName
[INFO] Auditing path $.dashboardsConfigMaps[*].folderName
[INFO] Auditing path $.dashboardsConfigMaps
[INFO] Auditing path $.dashboardsProvider.configMapName
[INFO] Auditing path $.dashboardsProvider.enabled
[INFO] Auditing path $.dashboardsProvider
[INFO] Auditing path $.datasources.secretDefinition
[INFO] Auditing path $.datasources.secretName
[INFO] Auditing path $.datasources
[INFO] Auditing path $.diagnosticMode.args
[INFO] Auditing path $.diagnosticMode.command
[INFO] Auditing path $.diagnosticMode.enabled
[INFO] Auditing path $.diagnosticMode
[INFO] Auditing path $.extraDeploy[*]
[INFO] Auditing path $.extraDeploy
[INFO] Auditing path $.fullnameOverride
[INFO] Auditing path $.global.compatibility
[INFO] Auditing path $.global.compatibility.openshift
[INFO] Auditing path $.global.compatibility.openshift.adaptSecurityContext
[INFO] Auditing path $.global.defaultStorageClass
[INFO] Auditing path $.global.imagePullSecrets
[INFO] Auditing path $.global.imageRegistry
[INFO] Auditing path $.global.security
[INFO] Auditing path $.global.security.allowInsecureImages
[INFO] Auditing path $.global.storageClass
[INFO] Auditing path $.global
[INFO] Auditing path $.grafana.affinity
[INFO] Auditing path $.grafana.args
[INFO] Auditing path $.grafana.automountServiceAccountToken
[INFO] Auditing path $.grafana.command
[INFO] Auditing path $.grafana.containerPorts
[INFO] Auditing path $.grafana.containerPorts.grafana
[INFO] Auditing path $.grafana.containerSecurityContext
[INFO] Auditing path $.grafana.containerSecurityContext.allowPrivilegeEscalation
[INFO] Auditing path $.grafana.containerSecurityContext.capabilities
[INFO] Auditing path $.grafana.containerSecurityContext.capabilities.drop
[INFO] Auditing path $.grafana.containerSecurityContext.enabled
[INFO] Auditing path $.grafana.containerSecurityContext.privileged
[INFO] Auditing path $.grafana.containerSecurityContext.readOnlyRootFilesystem
[INFO] Auditing path $.grafana.containerSecurityContext.runAsGroup
[INFO] Auditing path $.grafana.containerSecurityContext.runAsNonRoot
[INFO] Auditing path $.grafana.containerSecurityContext.runAsUser
[INFO] Auditing path $.grafana.containerSecurityContext.seLinuxOptions
[INFO] Auditing path $.grafana.containerSecurityContext.seccompProfile
[INFO] Auditing path $.grafana.containerSecurityContext.seccompProfile.type
[INFO] Auditing path $.grafana.customLivenessProbe
[INFO] Auditing path $.grafana.customReadinessProbe
[INFO] Auditing path $.grafana.customStartupProbe
[INFO] Auditing path $.grafana.enableServiceLinks
[INFO] Auditing path $.grafana.extraConfigmaps
[INFO] Auditing path $.grafana.extraConfigmaps[*].mountPath
[INFO] Auditing path $.grafana.extraConfigmaps[*].name
[INFO] Auditing path $.grafana.extraConfigmaps[*].readOnly
[INFO] Auditing path $.grafana.extraConfigmaps[*].subPath
[INFO] Auditing path $.grafana.extraEnvVars
[INFO] Auditing path $.grafana.extraEnvVarsCM
[INFO] Auditing path $.grafana.extraEnvVarsCMOptional
[INFO] Auditing path $.grafana.extraEnvVarsSecret
[INFO] Auditing path $.grafana.extraEnvVarsSecretOptional
[INFO] Auditing path $.grafana.extraPorts
[INFO] Auditing path $.grafana.extraVolumeMounts
[INFO] Auditing path $.grafana.extraVolumes
[INFO] Auditing path $.grafana.hostAliases
[INFO] Auditing path $.grafana.initContainers
[INFO] Auditing path $.grafana.kind
[INFO] Auditing path $.grafana.lifecycleHooks
[INFO] Auditing path $.grafana.livenessProbe
[INFO] Auditing path $.grafana.livenessProbe.enabled
[INFO] Auditing path $.grafana.livenessProbe.failureThreshold
[INFO] Auditing path $.grafana.livenessProbe.initialDelaySeconds
[INFO] Auditing path $.grafana.livenessProbe.periodSeconds
[INFO] Auditing path $.grafana.livenessProbe.successThreshold
[INFO] Auditing path $.grafana.livenessProbe.timeoutSeconds
[INFO] Auditing path $.grafana.nodeAffinityPreset
[INFO] Auditing path $.grafana.nodeAffinityPreset.key
[INFO] Auditing path $.grafana.nodeAffinityPreset.type
[INFO] Auditing path $.grafana.nodeAffinityPreset.values
[INFO] Auditing path $.grafana.nodeSelector
[INFO] Auditing path $.grafana.pdb
[INFO] Auditing path $.grafana.pdb.create
[INFO] Auditing path $.grafana.pdb.maxUnavailable
[INFO] Auditing path $.grafana.pdb.minAvailable
[INFO] Auditing path $.grafana.podAffinityPreset
[INFO] Auditing path $.grafana.podAnnotations
[INFO] Auditing path $.grafana.podAntiAffinityPreset
[INFO] Auditing path $.grafana.podLabels
[INFO] Auditing path $.grafana.podManagementPolicy
[INFO] Auditing path $.grafana.podSecurityContext
[INFO] Auditing path $.grafana.podSecurityContext.enabled
[INFO] Auditing path $.grafana.podSecurityContext.fsGroup
[INFO] Auditing path $.grafana.podSecurityContext.fsGroupChangePolicy
[INFO] Auditing path $.grafana.podSecurityContext.supplementalGroups
[INFO] Auditing path $.grafana.podSecurityContext.sysctls
[INFO] Auditing path $.grafana.priorityClassName
[INFO] Auditing path $.grafana.readinessProbe
[INFO] Auditing path $.grafana.readinessProbe.enabled
[INFO] Auditing path $.grafana.readinessProbe.failureThreshold
[INFO] Auditing path $.grafana.readinessProbe.initialDelaySeconds
[INFO] Auditing path $.grafana.readinessProbe.path
[INFO] Auditing path $.grafana.readinessProbe.periodSeconds
[INFO] Auditing path $.grafana.readinessProbe.scheme
[INFO] Auditing path $.grafana.readinessProbe.successThreshold
[INFO] Auditing path $.grafana.readinessProbe.timeoutSeconds
[INFO] Auditing path $.grafana.replicaCount
[INFO] Auditing path $.grafana.resources
[INFO] Auditing path $.grafana.resourcesPreset
[INFO] Auditing path $.grafana.schedulerName
[INFO] Auditing path $.grafana.sidecars
[INFO] Auditing path $.grafana.startupProbe
[INFO] Auditing path $.grafana.startupProbe.enabled
[INFO] Auditing path $.grafana.startupProbe.failureThreshold
[INFO] Auditing path $.grafana.startupProbe.initialDelaySeconds
[INFO] Auditing path $.grafana.startupProbe.path
[INFO] Auditing path $.grafana.startupProbe.periodSeconds
[INFO] Auditing path $.grafana.startupProbe.scheme
[INFO] Auditing path $.grafana.startupProbe.successThreshold
[INFO] Auditing path $.grafana.startupProbe.timeoutSeconds
[INFO] Auditing path $.grafana.terminationGracePeriodSeconds
[INFO] Auditing path $.grafana.tolerations
[INFO] Auditing path $.grafana.topologySpreadConstraints
[INFO] Auditing path $.grafana.updateStrategy
[INFO] Auditing path $.grafana.updateStrategy.type
[INFO] Auditing path $.grafana
[INFO] Auditing path $.image.digest
[INFO] Auditing path $.image.pullPolicy
[INFO] Auditing path $.image.pullSecrets
[INFO] Auditing path $.image.registry
[INFO] Auditing path $.image.repository
[INFO] Auditing path $.image.tag
[INFO] Auditing path $.image
[INFO] Auditing path $.imageRenderer.callbackURL
[INFO] Auditing path $.imageRenderer.enabled
[INFO] Auditing path $.imageRenderer.serverURL
[INFO] Auditing path $.imageRenderer
[INFO] Auditing path $.ingress.annotations
[INFO] Auditing path $.ingress.apiVersion
[INFO] Auditing path $.ingress.certManager
[INFO] Auditing path $.ingress.enabled
[INFO] Auditing path $.ingress.extraHosts
[INFO] Auditing path $.ingress.extraHosts[*].name
[INFO] Auditing path $.ingress.extraHosts[*].path
[INFO] Auditing path $.ingress.extraHosts[*].pathType
[INFO] Auditing path $.ingress.extraPaths
[INFO] Auditing path $.ingress.extraRules
[INFO] Auditing path $.ingress.extraTls
[INFO] Auditing path $.ingress.hostname
[INFO] Auditing path $.ingress.ingressClassName
[INFO] Auditing path $.ingress.path
[INFO] Auditing path $.ingress.pathType
[INFO] Auditing path $.ingress.secrets
[INFO] Auditing path $.ingress.secrets[*]
[INFO] Auditing path $.ingress.secrets[*].certificate
[INFO] Auditing path $.ingress.secrets[*].key
[INFO] Auditing path $.ingress.secrets[*].name
[INFO] Auditing path $.ingress.selfSigned
[INFO] Auditing path $.ingress.tls
[INFO] Auditing path $.ingress
[INFO] Auditing path $.kubeVersion
[INFO] Auditing path $.ldap.allowSignUp
[INFO] Auditing path $.ldap.basedn
[INFO] Auditing path $.ldap.binddn
[INFO] Auditing path $.ldap.bindpw
[INFO] Auditing path $.ldap.configMapName
[INFO] Auditing path $.ldap.configuration
[INFO] Auditing path $.ldap.enabled
[INFO] Auditing path $.ldap.extraConfiguration
[INFO] Auditing path $.ldap.searchAttribute
[INFO] Auditing path $.ldap.searchFilter
[INFO] Auditing path $.ldap.secretName
[INFO] Auditing path $.ldap.tls
[INFO] Auditing path $.ldap.tls.CAFilename
[INFO] Auditing path $.ldap.tls.certFilename
[INFO] Auditing path $.ldap.tls.certKeyFilename
[INFO] Auditing path $.ldap.tls.certificatesMountPath
[INFO] Auditing path $.ldap.tls.certificatesSecret
[INFO] Auditing path $.ldap.tls.enabled
[INFO] Auditing path $.ldap.tls.skipVerify
[INFO] Auditing path $.ldap.tls.startTls
[INFO] Auditing path $.ldap.uri
[INFO] Auditing path $.ldap
[INFO] Auditing path $.metrics.enabled
[INFO] Auditing path $.metrics.prometheusRule
[INFO] Auditing path $.metrics.prometheusRule.additionalLabels
[INFO] Auditing path $.metrics.prometheusRule.enabled
[INFO] Auditing path $.metrics.prometheusRule.namespace
[INFO] Auditing path $.metrics.prometheusRule.rules
[INFO] Auditing path $.metrics.service
[INFO] Auditing path $.metrics.service.annotations
[INFO] Auditing path $.metrics.service.annotations["prometheus.io/path"]
[INFO] Auditing path $.metrics.service.annotations["prometheus.io/port"]
[INFO] Auditing path $.metrics.service.annotations["prometheus.io/scrape"]
[INFO] Auditing path $.metrics.serviceMonitor
[INFO] Auditing path $.metrics.serviceMonitor.additionalLabels
[INFO] Auditing path $.metrics.serviceMonitor.enabled
[INFO] Auditing path $.metrics.serviceMonitor.honorLabels
[INFO] Auditing path $.metrics.serviceMonitor.interval
[INFO] Auditing path $.metrics.serviceMonitor.jobLabel
[INFO] Auditing path $.metrics.serviceMonitor.labels
[INFO] Auditing path $.metrics.serviceMonitor.metricRelabelings
[INFO] Auditing path $.metrics.serviceMonitor.namespace
[INFO] Auditing path $.metrics.serviceMonitor.relabelings
[INFO] Auditing path $.metrics.serviceMonitor.scrapeTimeout
[INFO] Auditing path $.metrics.serviceMonitor.selector
[INFO] Auditing path $.metrics
[INFO] Auditing path $.nameOverride
[INFO] Auditing path $.namespaceOverride
[INFO] Auditing path $.networkPolicy.addExternalClientAccess
[INFO] Auditing path $.networkPolicy.allowExternal
[INFO] Auditing path $.networkPolicy.allowExternalEgress
[INFO] Auditing path $.networkPolicy.enabled
[INFO] Auditing path $.networkPolicy.extraEgress
[INFO] Auditing path $.networkPolicy.extraIngress
[INFO] Auditing path $.networkPolicy.ingressNSMatchLabels
[INFO] Auditing path $.networkPolicy.ingressNSPodMatchLabels
[INFO] Auditing path $.networkPolicy.ingressPodMatchLabels
[INFO] Auditing path $.networkPolicy
[INFO] Auditing path $.notifiers.configMapName
[INFO] Auditing path $.notifiers
[INFO] Auditing path $.persistence.accessMode
[INFO] Auditing path $.persistence.accessModes
[INFO] Auditing path $.persistence.accessModes[*]
[INFO] Auditing path $.persistence.annotations
[INFO] Auditing path $.persistence.enabled
[INFO] Auditing path $.persistence.existingClaim
[INFO] Auditing path $.persistence.labels
[INFO] Auditing path $.persistence.selector
[INFO] Auditing path $.persistence.size
[INFO] Auditing path $.persistence.storageClass
[INFO] Auditing path $.persistence
[INFO] Auditing path $.plugins
[INFO] Auditing path $.podLabels
[INFO] Auditing path $.service.annotations
[INFO] Auditing path $.service.clusterIP
[INFO] Auditing path $.service.externalTrafficPolicy
[INFO] Auditing path $.service.extraPorts
[INFO] Auditing path $.service.loadBalancerClass
[INFO] Auditing path $.service.loadBalancerIP
[INFO] Auditing path $.service.loadBalancerSourceRanges
[INFO] Auditing path $.service.nodePorts
[INFO] Auditing path $.service.nodePorts.grafana
[INFO] Auditing path $.service.ports
[INFO] Auditing path $.service.ports.grafana
[INFO] Auditing path $.service.sessionAffinity
[INFO] Auditing path $.service.sessionAffinityConfig
[INFO] Auditing path $.service.type
[INFO] Auditing path $.service
[INFO] Auditing path $.serviceAccount.annotations
[INFO] Auditing path $.serviceAccount.automountServiceAccountToken
[INFO] Auditing path $.serviceAccount.create
[INFO] Auditing path $.serviceAccount.name
[INFO] Auditing path $.serviceAccount
[INFO] Auditing path $.smtp.enabled
[INFO] Auditing path $.smtp.existingSecret
[INFO] Auditing path $.smtp.existingSecretPasswordKey
[INFO] Auditing path $.smtp.existingSecretUserKey
[INFO] Auditing path $.smtp.fromAddress
[INFO] Auditing path $.smtp.fromName
[INFO] Auditing path $.smtp.host
[INFO] Auditing path $.smtp.password
[INFO] Auditing path $.smtp.skipVerify
[INFO] Auditing path $.smtp.user
[INFO] Auditing path $.smtp
[INFO] Auditing path $.usePasswordFiles
[INFO] Auditing path $.volumePermissions.containerSecurityContext
[INFO] Auditing path $.volumePermissions.containerSecurityContext.runAsUser
[INFO] Auditing path $.volumePermissions.containerSecurityContext.seLinuxOptions
[INFO] Auditing path $.volumePermissions.enabled
[INFO] Auditing path $.volumePermissions.image
[INFO] Auditing path $.volumePermissions.image.digest
[INFO] Auditing path $.volumePermissions.image.pullPolicy
[INFO] Auditing path $.volumePermissions.image.pullSecrets
[INFO] Auditing path $.volumePermissions.image.registry
[INFO] Auditing path $.volumePermissions.image.repository
[INFO] Auditing path $.volumePermissions.image.tag
[INFO] Auditing path $.volumePermissions.resources
[INFO] Auditing path $.volumePermissions.resourcesPreset
[INFO] Auditing path $.volumePermissions
