[INFO] Auditing path $.affinity
[INFO] Auditing path $.couchdb.databases
[INFO] Auditing path $.couchdb.password
[INFO] Auditing path $.couchdb.uri
[INFO] Auditing path $.couchdb.username
[INFO] Auditing path $.couchdb
[INFO] Auditing path $.image.pullPolicy
[INFO] Auditing path $.image.repository
[INFO] Auditing path $.image.tag
[INFO] Auditing path $.image
[INFO] Auditing path $.ingress.annotations
[INFO] Auditing path $.ingress.enabled
[INFO] Auditing path $.ingress.hosts
[INFO] Auditing path $.ingress.hosts[*]
[INFO] Auditing path $.ingress.path
[INFO] Auditing path $.ingress.tls
[INFO] Auditing path $.ingress.tls[*].hosts
[INFO] Auditing path $.ingress.tls[*].hosts[*]
[INFO] Auditing path $.ingress.tls[*].secretName
[INFO] Auditing path $.ingress
[INFO] Auditing path $.nodeSelector
[INFO] Auditing path $.rbac.create
[INFO] Auditing path $.rbac.pspEnabled
[INFO] Auditing path $.rbac
[INFO] Auditing path $.replicaCount
[INFO] Auditing path $.resources
[INFO] Auditing path $.service.port
[INFO] Auditing path $.service.type
[INFO] Auditing path $.service
[INFO] Auditing path $.serviceAccount.create
[INFO] Auditing path $.serviceAccount.name
[INFO] Auditing path $.serviceAccount
[INFO] Auditing path $.tolerations
