[INFO] Auditing path $.apiVersions
[INFO] Auditing path $.auth.email
[INFO] Auditing path $.auth.existingSecret
[INFO] Auditing path $.auth.password
[INFO] Auditing path $.auth.secretKey
[INFO] Auditing path $.auth.usePasswordFiles
[INFO] Auditing path $.auth.username
[INFO] Auditing path $.auth
[INFO] Auditing path $.beat.affinity
[INFO] Auditing path $.beat.args
[INFO] Auditing path $.beat.automountServiceAccountToken
[INFO] Auditing path $.beat.command
[INFO] Auditing path $.beat.containerSecurityContext
[INFO] Auditing path $.beat.containerSecurityContext.allowPrivilegeEscalation
[INFO] Auditing path $.beat.containerSecurityContext.capabilities
[INFO] Auditing path $.beat.containerSecurityContext.capabilities.drop
[INFO] Auditing path $.beat.containerSecurityContext.enabled
[INFO] Auditing path $.beat.containerSecurityContext.privileged
[INFO] Auditing path $.beat.containerSecurityContext.readOnlyRootFilesystem
[INFO] Auditing path $.beat.containerSecurityContext.runAsGroup
[INFO] Auditing path $.beat.containerSecurityContext.runAsNonRoot
[INFO] Auditing path $.beat.containerSecurityContext.runAsUser
[INFO] Auditing path $.beat.containerSecurityContext.seLinuxOptions
[INFO] Auditing path $.beat.containerSecurityContext.seccompProfile
[INFO] Auditing path $.beat.containerSecurityContext.seccompProfile.type
[INFO] Auditing path $.beat.customLivenessProbe
[INFO] Auditing path $.beat.customReadinessProbe
[INFO] Auditing path $.beat.customStartupProbe
[INFO] Auditing path $.beat.deploymentAnnotations
[INFO] Auditing path $.beat.enabled
[INFO] Auditing path $.beat.extraEnvVars
[INFO] Auditing path $.beat.extraEnvVarsCM
[INFO] Auditing path $.beat.extraEnvVarsSecret
[INFO] Auditing path $.beat.extraVolumeMounts
[INFO] Auditing path $.beat.extraVolumes
[INFO] Auditing path $.beat.hostAliases
[INFO] Auditing path $.beat.initContainers
[INFO] Auditing path $.beat.lifecycleHooks
[INFO] Auditing path $.beat.livenessProbe
[INFO] Auditing path $.beat.livenessProbe.enabled
[INFO] Auditing path $.beat.livenessProbe.failureThreshold
[INFO] Auditing path $.beat.livenessProbe.initialDelaySeconds
[INFO] Auditing path $.beat.livenessProbe.periodSeconds
[INFO] Auditing path $.beat.livenessProbe.successThreshold
[INFO] Auditing path $.beat.livenessProbe.timeoutSeconds
[INFO] Auditing path $.beat.networkPolicy
[INFO] Auditing path $.beat.networkPolicy.allowExternal
[INFO] Auditing path $.beat.networkPolicy.allowExternalEgress
[INFO] Auditing path $.beat.networkPolicy.enabled
[INFO] Auditing path $.beat.networkPolicy.extraEgress
[INFO] Auditing path $.beat.networkPolicy.extraIngress
[INFO] Auditing path $.beat.nodeAffinityPreset
[INFO] Auditing path $.beat.nodeAffinityPreset.key
[INFO] Auditing path $.beat.nodeAffinityPreset.type
[INFO] Auditing path $.beat.nodeAffinityPreset.values
[INFO] Auditing path $.beat.nodeSelector
[INFO] Auditing path $.beat.pdb
[INFO] Auditing path $.beat.pdb.create
[INFO] Auditing path $.beat.pdb.maxUnavailable
[INFO] Auditing path $.beat.pdb.minAvailable
[INFO] Auditing path $.beat.podAffinityPreset
[INFO] Auditing path $.beat.podAnnotations
[INFO] Auditing path $.beat.podAntiAffinityPreset
[INFO] Auditing path $.beat.podLabels
[INFO] Auditing path $.beat.podSecurityContext
[INFO] Auditing path $.beat.podSecurityContext.enabled
[INFO] Auditing path $.beat.podSecurityContext.fsGroup
[INFO] Auditing path $.beat.podSecurityContext.fsGroupChangePolicy
[INFO] Auditing path $.beat.podSecurityContext.supplementalGroups
[INFO] Auditing path $.beat.podSecurityContext.sysctls
[INFO] Auditing path $.beat.priorityClassName
[INFO] Auditing path $.beat.readinessProbe
[INFO] Auditing path $.beat.readinessProbe.enabled
[INFO] Auditing path $.beat.readinessProbe.failureThreshold
[INFO] Auditing path $.beat.readinessProbe.initialDelaySeconds
[INFO] Auditing path $.beat.readinessProbe.periodSeconds
[INFO] Auditing path $.beat.readinessProbe.successThreshold
[INFO] Auditing path $.beat.readinessProbe.timeoutSeconds
[INFO] Auditing path $.beat.resources
[INFO] Auditing path $.beat.resourcesPreset
[INFO] Auditing path $.beat.schedulerName
[INFO] Auditing path $.beat.sidecars
[INFO] Auditing path $.beat.startupProbe
[INFO] Auditing path $.beat.startupProbe.enabled
[INFO] Auditing path $.beat.startupProbe.failureThreshold
[INFO] Auditing path $.beat.startupProbe.initialDelaySeconds
[INFO] Auditing path $.beat.startupProbe.periodSeconds
[INFO] Auditing path $.beat.startupProbe.successThreshold
[INFO] Auditing path $.beat.startupProbe.timeoutSeconds
[INFO] Auditing path $.beat.terminationGracePeriodSeconds
[INFO] Auditing path $.beat.tolerations
[INFO] Auditing path $.beat.topologySpreadConstraints
[INFO] Auditing path $.beat.updateStrategy
[INFO] Auditing path $.beat.updateStrategy.type
[INFO] Auditing path $.beat
[INFO] Auditing path $.clusterDomain
[INFO] Auditing path $.commonAnnotations
[INFO] Auditing path $.commonLabels
[INFO] Auditing path $.config
[INFO] Auditing path $.defaultInitContainers.waitForDB
[INFO] Auditing path $.defaultInitContainers.waitForDB.containerSecurityContext
[INFO] Auditing path $.defaultInitContainers.waitForDB.containerSecurityContext.allowPrivilegeEscalation
[INFO] Auditing path $.defaultInitContainers.waitForDB.containerSecurityContext.capabilities
[INFO] Auditing path $.defaultInitContainers.waitForDB.containerSecurityContext.capabilities.drop
[INFO] Auditing path $.defaultInitContainers.waitForDB.containerSecurityContext.enabled
[INFO] Auditing path $.defaultInitContainers.waitForDB.containerSecurityContext.privileged
[INFO] Auditing path $.defaultInitContainers.waitForDB.containerSecurityContext.readOnlyRootFilesystem
[INFO] Auditing path $.defaultInitContainers.waitForDB.containerSecurityContext.runAsGroup
[INFO] Auditing path $.defaultInitContainers.waitForDB.containerSecurityContext.runAsNonRoot
[INFO] Auditing path $.defaultInitContainers.waitForDB.containerSecurityContext.runAsUser
[INFO] Auditing path $.defaultInitContainers.waitForDB.containerSecurityContext.seLinuxOptions
[INFO] Auditing path $.defaultInitContainers.waitForDB.containerSecurityContext.seccompProfile
[INFO] Auditing path $.defaultInitContainers.waitForDB.containerSecurityContext.seccompProfile.type
[INFO] Auditing path $.defaultInitContainers.waitForDB.enabled
[INFO] Auditing path $.defaultInitContainers.waitForDB.resources
[INFO] Auditing path $.defaultInitContainers.waitForDB.resourcesPreset
[INFO] Auditing path $.defaultInitContainers.waitForRedis
[INFO] Auditing path $.defaultInitContainers.waitForRedis.containerSecurityContext
[INFO] Auditing path $.defaultInitContainers.waitForRedis.containerSecurityContext.allowPrivilegeEscalation
[INFO] Auditing path $.defaultInitContainers.waitForRedis.containerSecurityContext.capabilities
[INFO] Auditing path $.defaultInitContainers.waitForRedis.containerSecurityContext.capabilities.drop
[INFO] Auditing path $.defaultInitContainers.waitForRedis.containerSecurityContext.enabled
[INFO] Auditing path $.defaultInitContainers.waitForRedis.containerSecurityContext.privileged
[INFO] Auditing path $.defaultInitContainers.waitForRedis.containerSecurityContext.readOnlyRootFilesystem
[INFO] Auditing path $.defaultInitContainers.waitForRedis.containerSecurityContext.runAsGroup
[INFO] Auditing path $.defaultInitContainers.waitForRedis.containerSecurityContext.runAsNonRoot
[INFO] Auditing path $.defaultInitContainers.waitForRedis.containerSecurityContext.runAsUser
[INFO] Auditing path $.defaultInitContainers.waitForRedis.containerSecurityContext.seLinuxOptions
[INFO] Auditing path $.defaultInitContainers.waitForRedis.containerSecurityContext.seccompProfile
[INFO] Auditing path $.defaultInitContainers.waitForRedis.containerSecurityContext.seccompProfile.type
[INFO] Auditing path $.defaultInitContainers.waitForRedis.enabled
[INFO] Auditing path $.defaultInitContainers.waitForRedis.resources
[INFO] Auditing path $.defaultInitContainers.waitForRedis.resourcesPreset
[INFO] Auditing path $.defaultInitContainers
[INFO] Auditing path $.diagnosticMode.args
[INFO] Auditing path $.diagnosticMode.command
[INFO] Auditing path $.diagnosticMode.enabled
[INFO] Auditing path $.diagnosticMode
[INFO] Auditing path $.existingConfigmap
[INFO] Auditing path $.externalDatabase.database
[INFO] Auditing path $.externalDatabase.existingSecret
[INFO] Auditing path $.externalDatabase.existingSecretPasswordKey
[INFO] Auditing path $.externalDatabase.host
[INFO] Auditing path $.externalDatabase.password
[INFO] Auditing path $.externalDatabase.port
[INFO] Auditing path $.externalDatabase.user
[INFO] Auditing path $.externalDatabase
[INFO] Auditing path $.externalRedis.existingSecret
[INFO] Auditing path $.externalRedis.existingSecretPasswordKey
[INFO] Auditing path $.externalRedis.host
[INFO] Auditing path $.externalRedis.password
[INFO] Auditing path $.externalRedis.port
[INFO] Auditing path $.externalRedis.username
[INFO] Auditing path $.externalRedis
[INFO] Auditing path $.extraDeploy[*]
[INFO] Auditing path $.extraDeploy
[INFO] Auditing path $.flower.affinity
[INFO] Auditing path $.flower.args
[INFO] Auditing path $.flower.auth
[INFO] Auditing path $.flower.auth.enabled
[INFO] Auditing path $.flower.auth.existingSecret
[INFO] Auditing path $.flower.auth.password
[INFO] Auditing path $.flower.auth.username
[INFO] Auditing path $.flower.automountServiceAccountToken
[INFO] Auditing path $.flower.autoscaling
[INFO] Auditing path $.flower.autoscaling.hpa
[INFO] Auditing path $.flower.autoscaling.hpa.enabled
[INFO] Auditing path $.flower.autoscaling.hpa.maxReplicas
[INFO] Auditing path $.flower.autoscaling.hpa.minReplicas
[INFO] Auditing path $.flower.autoscaling.hpa.targetCPU
[INFO] Auditing path $.flower.autoscaling.hpa.targetMemory
[INFO] Auditing path $.flower.autoscaling.vpa
[INFO] Auditing path $.flower.autoscaling.vpa.annotations
[INFO] Auditing path $.flower.autoscaling.vpa.controlledResources
[INFO] Auditing path $.flower.autoscaling.vpa.enabled
[INFO] Auditing path $.flower.autoscaling.vpa.maxAllowed
[INFO] Auditing path $.flower.autoscaling.vpa.minAllowed
[INFO] Auditing path $.flower.autoscaling.vpa.updatePolicy
[INFO] Auditing path $.flower.autoscaling.vpa.updatePolicy.updateMode
[INFO] Auditing path $.flower.command
[INFO] Auditing path $.flower.containerPorts
[INFO] Auditing path $.flower.containerPorts.flower
[INFO] Auditing path $.flower.containerSecurityContext
[INFO] Auditing path $.flower.containerSecurityContext.allowPrivilegeEscalation
[INFO] Auditing path $.flower.containerSecurityContext.capabilities
[INFO] Auditing path $.flower.containerSecurityContext.capabilities.drop
[INFO] Auditing path $.flower.containerSecurityContext.enabled
[INFO] Auditing path $.flower.containerSecurityContext.privileged
[INFO] Auditing path $.flower.containerSecurityContext.readOnlyRootFilesystem
[INFO] Auditing path $.flower.containerSecurityContext.runAsGroup
[INFO] Auditing path $.flower.containerSecurityContext.runAsNonRoot
[INFO] Auditing path $.flower.containerSecurityContext.runAsUser
[INFO] Auditing path $.flower.containerSecurityContext.seLinuxOptions
[INFO] Auditing path $.flower.containerSecurityContext.seccompProfile
[INFO] Auditing path $.flower.containerSecurityContext.seccompProfile.type
[INFO] Auditing path $.flower.customLivenessProbe
[INFO] Auditing path $.flower.customReadinessProbe
[INFO] Auditing path $.flower.customStartupProbe
[INFO] Auditing path $.flower.deploymentAnnotations
[INFO] Auditing path $.flower.enabled
[INFO] Auditing path $.flower.extraContainerPorts
[INFO] Auditing path $.flower.extraEnvVars
[INFO] Auditing path $.flower.extraEnvVarsCM
[INFO] Auditing path $.flower.extraEnvVarsSecret
[INFO] Auditing path $.flower.extraVolumeMounts
[INFO] Auditing path $.flower.extraVolumes
[INFO] Auditing path $.flower.hostAliases
[INFO] Auditing path $.flower.initContainers
[INFO] Auditing path $.flower.lifecycleHooks
[INFO] Auditing path $.flower.livenessProbe
[INFO] Auditing path $.flower.livenessProbe.enabled
[INFO] Auditing path $.flower.livenessProbe.failureThreshold
[INFO] Auditing path $.flower.livenessProbe.initialDelaySeconds
[INFO] Auditing path $.flower.livenessProbe.periodSeconds
[INFO] Auditing path $.flower.livenessProbe.successThreshold
[INFO] Auditing path $.flower.livenessProbe.timeoutSeconds
[INFO] Auditing path $.flower.networkPolicy
[INFO] Auditing path $.flower.networkPolicy.addExternalClientAccess
[INFO] Auditing path $.flower.networkPolicy.allowExternal
[INFO] Auditing path $.flower.networkPolicy.allowExternalEgress
[INFO] Auditing path $.flower.networkPolicy.enabled
[INFO] Auditing path $.flower.networkPolicy.extraEgress
[INFO] Auditing path $.flower.networkPolicy.extraIngress
[INFO] Auditing path $.flower.networkPolicy.ingressNSMatchLabels
[INFO] Auditing path $.flower.networkPolicy.ingressNSPodMatchLabels
[INFO] Auditing path $.flower.networkPolicy.ingressPodMatchLabels
[INFO] Auditing path $.flower.nodeAffinityPreset
[INFO] Auditing path $.flower.nodeAffinityPreset.key
[INFO] Auditing path $.flower.nodeAffinityPreset.type
[INFO] Auditing path $.flower.nodeAffinityPreset.values
[INFO] Auditing path $.flower.nodeSelector
[INFO] Auditing path $.flower.pdb
[INFO] Auditing path $.flower.pdb.create
[INFO] Auditing path $.flower.pdb.maxUnavailable
[INFO] Auditing path $.flower.pdb.minAvailable
[INFO] Auditing path $.flower.podAffinityPreset
[INFO] Auditing path $.flower.podAnnotations
[INFO] Auditing path $.flower.podAntiAffinityPreset
[INFO] Auditing path $.flower.podLabels
[INFO] Auditing path $.flower.podSecurityContext
[INFO] Auditing path $.flower.podSecurityContext.enabled
[INFO] Auditing path $.flower.podSecurityContext.fsGroup
[INFO] Auditing path $.flower.podSecurityContext.fsGroupChangePolicy
[INFO] Auditing path $.flower.podSecurityContext.supplementalGroups
[INFO] Auditing path $.flower.podSecurityContext.sysctls
[INFO] Auditing path $.flower.priorityClassName
[INFO] Auditing path $.flower.readinessProbe
[INFO] Auditing path $.flower.readinessProbe.enabled
[INFO] Auditing path $.flower.readinessProbe.failureThreshold
[INFO] Auditing path $.flower.readinessProbe.initialDelaySeconds
[INFO] Auditing path $.flower.readinessProbe.periodSeconds
[INFO] Auditing path $.flower.readinessProbe.successThreshold
[INFO] Auditing path $.flower.readinessProbe.timeoutSeconds
[INFO] Auditing path $.flower.replicaCount
[INFO] Auditing path $.flower.resources
[INFO] Auditing path $.flower.resourcesPreset
[INFO] Auditing path $.flower.schedulerName
[INFO] Auditing path $.flower.service
[INFO] Auditing path $.flower.service.annotations
[INFO] Auditing path $.flower.service.clusterIP
[INFO] Auditing path $.flower.service.externalTrafficPolicy
[INFO] Auditing path $.flower.service.extraPorts
[INFO] Auditing path $.flower.service.loadBalancerIP
[INFO] Auditing path $.flower.service.loadBalancerSourceRanges
[INFO] Auditing path $.flower.service.nodePorts
[INFO] Auditing path $.flower.service.nodePorts.flower
[INFO] Auditing path $.flower.service.ports
[INFO] Auditing path $.flower.service.ports.flower
[INFO] Auditing path $.flower.service.sessionAffinity
[INFO] Auditing path $.flower.service.sessionAffinityConfig
[INFO] Auditing path $.flower.service.type
[INFO] Auditing path $.flower.sidecars
[INFO] Auditing path $.flower.startupProbe
[INFO] Auditing path $.flower.startupProbe.enabled
[INFO] Auditing path $.flower.startupProbe.failureThreshold
[INFO] Auditing path $.flower.startupProbe.initialDelaySeconds
[INFO] Auditing path $.flower.startupProbe.periodSeconds
[INFO] Auditing path $.flower.startupProbe.successThreshold
[INFO] Auditing path $.flower.startupProbe.timeoutSeconds
[INFO] Auditing path $.flower.terminationGracePeriodSeconds
[INFO] Auditing path $.flower.tolerations
[INFO] Auditing path $.flower.topologySpreadConstraints
[INFO] Auditing path $.flower.updateStrategy
[INFO] Auditing path $.flower.updateStrategy.type
[INFO] Auditing path $.flower
[INFO] Auditing path $.fullnameOverride
[INFO] Auditing path $.global.compatibility
[INFO] Auditing path $.global.compatibility.openshift
[INFO] Auditing path $.global.compatibility.openshift.adaptSecurityContext
[INFO] Auditing path $.global.imagePullSecrets
[INFO] Auditing path $.global.imageRegistry
[INFO] Auditing path $.global.storageClass
[INFO] Auditing path $.global
[INFO] Auditing path $.image.debug
[INFO] Auditing path $.image.digest
[INFO] Auditing path $.image.pullPolicy
[INFO] Auditing path $.image.pullSecrets
[INFO] Auditing path $.image.registry
[INFO] Auditing path $.image.repository
[INFO] Auditing path $.image.tag
[INFO] Auditing path $.image
[INFO] Auditing path $.ingress.annotations
[INFO] Auditing path $.ingress.apiVersion
[INFO] Auditing path $.ingress.enabled
[INFO] Auditing path $.ingress.extraHosts
[INFO] Auditing path $.ingress.extraHosts[*].name
[INFO] Auditing path $.ingress.extraHosts[*].path
[INFO] Auditing path $.ingress.extraHosts[*].pathType
[INFO] Auditing path $.ingress.extraPaths
[INFO] Auditing path $.ingress.extraRules
[INFO] Auditing path $.ingress.extraTls
[INFO] Auditing path $.ingress.hostname
[INFO] Auditing path $.ingress.ingressClassName
[INFO] Auditing path $.ingress.path
[INFO] Auditing path $.ingress.pathType
[INFO] Auditing path $.ingress.secrets
[INFO] Auditing path $.ingress.secrets[*].certificate
[INFO] Auditing path $.ingress.secrets[*].key
[INFO] Auditing path $.ingress.secrets[*].name
[INFO] Auditing path $.ingress.selfSigned
[INFO] Auditing path $.ingress.tls
[INFO] Auditing path $.ingress
[INFO] Auditing path $.init.args
[INFO] Auditing path $.init.automountServiceAccountToken
[INFO] Auditing path $.init.backoffLimit
[INFO] Auditing path $.init.command
[INFO] Auditing path $.init.containerSecurityContext
[INFO] Auditing path $.init.containerSecurityContext.allowPrivilegeEscalation
[INFO] Auditing path $.init.containerSecurityContext.capabilities
[INFO] Auditing path $.init.containerSecurityContext.capabilities.drop
[INFO] Auditing path $.init.containerSecurityContext.enabled
[INFO] Auditing path $.init.containerSecurityContext.privileged
[INFO] Auditing path $.init.containerSecurityContext.readOnlyRootFilesystem
[INFO] Auditing path $.init.containerSecurityContext.runAsGroup
[INFO] Auditing path $.init.containerSecurityContext.runAsNonRoot
[INFO] Auditing path $.init.containerSecurityContext.runAsUser
[INFO] Auditing path $.init.containerSecurityContext.seLinuxOptions
[INFO] Auditing path $.init.containerSecurityContext.seccompProfile
[INFO] Auditing path $.init.containerSecurityContext.seccompProfile.type
[INFO] Auditing path $.init.enabled
[INFO] Auditing path $.init.extraEnvVars
[INFO] Auditing path $.init.extraEnvVarsCM
[INFO] Auditing path $.init.extraEnvVarsSecret
[INFO] Auditing path $.init.extraVolumeMounts
[INFO] Auditing path $.init.extraVolumes
[INFO] Auditing path $.init.hostAliases
[INFO] Auditing path $.init.initContainers
[INFO] Auditing path $.init.jobAnnotations
[INFO] Auditing path $.init.networkPolicy
[INFO] Auditing path $.init.networkPolicy.allowExternal
[INFO] Auditing path $.init.networkPolicy.allowExternalEgress
[INFO] Auditing path $.init.networkPolicy.enabled
[INFO] Auditing path $.init.networkPolicy.extraEgress
[INFO] Auditing path $.init.networkPolicy.extraIngress
[INFO] Auditing path $.init.podAnnotations
[INFO] Auditing path $.init.podLabels
[INFO] Auditing path $.init.podSecurityContext
[INFO] Auditing path $.init.podSecurityContext.enabled
[INFO] Auditing path $.init.podSecurityContext.fsGroup
[INFO] Auditing path $.init.podSecurityContext.fsGroupChangePolicy
[INFO] Auditing path $.init.podSecurityContext.supplementalGroups
[INFO] Auditing path $.init.podSecurityContext.sysctls
[INFO] Auditing path $.init.resources
[INFO] Auditing path $.init.resourcesPreset
[INFO] Auditing path $.init.sidecars
[INFO] Auditing path $.init
[INFO] Auditing path $.kubeVersion
[INFO] Auditing path $.loadExamples
[INFO] Auditing path $.nameOverride
[INFO] Auditing path $.namespaceOverride
[INFO] Auditing path $.postgresql.architecture
[INFO] Auditing path $.postgresql.auth
[INFO] Auditing path $.postgresql.auth.database
[INFO] Auditing path $.postgresql.auth.enablePostgresUser
[INFO] Auditing path $.postgresql.auth.existingSecret
[INFO] Auditing path $.postgresql.auth.password
[INFO] Auditing path $.postgresql.auth.username
[INFO] Auditing path $.postgresql.enabled
[INFO] Auditing path $.postgresql.primary
[INFO] Auditing path $.postgresql.primary.resources
[INFO] Auditing path $.postgresql.primary.resourcesPreset
[INFO] Auditing path $.postgresql.primary.service
[INFO] Auditing path $.postgresql.primary.service.ports
[INFO] Auditing path $.postgresql.primary.service.ports.postgresql
[INFO] Auditing path $.postgresql
[INFO] Auditing path $.redis.architecture
[INFO] Auditing path $.redis.auth
[INFO] Auditing path $.redis.auth.enabled
[INFO] Auditing path $.redis.auth.existingSecret
[INFO] Auditing path $.redis.auth.password
[INFO] Auditing path $.redis.enabled
[INFO] Auditing path $.redis.master
[INFO] Auditing path $.redis.master.resources
[INFO] Auditing path $.redis.master.resourcesPreset
[INFO] Auditing path $.redis.master.service
[INFO] Auditing path $.redis.master.service.ports
[INFO] Auditing path $.redis.master.service.ports.redis
[INFO] Auditing path $.redis
[INFO] Auditing path $.serviceAccount.annotations
[INFO] Auditing path $.serviceAccount.automountServiceAccountToken
[INFO] Auditing path $.serviceAccount.create
[INFO] Auditing path $.serviceAccount.name
[INFO] Auditing path $.serviceAccount
[INFO] Auditing path $.usePasswordFiles
[INFO] Auditing path $.web.affinity
[INFO] Auditing path $.web.args
[INFO] Auditing path $.web.automountServiceAccountToken
[INFO] Auditing path $.web.autoscaling
[INFO] Auditing path $.web.autoscaling.hpa
[INFO] Auditing path $.web.autoscaling.hpa.enabled
[INFO] Auditing path $.web.autoscaling.hpa.maxReplicas
[INFO] Auditing path $.web.autoscaling.hpa.minReplicas
[INFO] Auditing path $.web.autoscaling.hpa.targetCPU
[INFO] Auditing path $.web.autoscaling.hpa.targetMemory
[INFO] Auditing path $.web.autoscaling.vpa
[INFO] Auditing path $.web.autoscaling.vpa.annotations
[INFO] Auditing path $.web.autoscaling.vpa.controlledResources
[INFO] Auditing path $.web.autoscaling.vpa.enabled
[INFO] Auditing path $.web.autoscaling.vpa.maxAllowed
[INFO] Auditing path $.web.autoscaling.vpa.minAllowed
[INFO] Auditing path $.web.autoscaling.vpa.updatePolicy
[INFO] Auditing path $.web.autoscaling.vpa.updatePolicy.updateMode
[INFO] Auditing path $.web.command
[INFO] Auditing path $.web.containerPorts
[INFO] Auditing path $.web.containerPorts.http
[INFO] Auditing path $.web.containerSecurityContext
[INFO] Auditing path $.web.containerSecurityContext.allowPrivilegeEscalation
[INFO] Auditing path $.web.containerSecurityContext.capabilities
[INFO] Auditing path $.web.containerSecurityContext.capabilities.drop
[INFO] Auditing path $.web.containerSecurityContext.enabled
[INFO] Auditing path $.web.containerSecurityContext.privileged
[INFO] Auditing path $.web.containerSecurityContext.readOnlyRootFilesystem
[INFO] Auditing path $.web.containerSecurityContext.runAsGroup
[INFO] Auditing path $.web.containerSecurityContext.runAsNonRoot
[INFO] Auditing path $.web.containerSecurityContext.runAsUser
[INFO] Auditing path $.web.containerSecurityContext.seLinuxOptions
[INFO] Auditing path $.web.containerSecurityContext.seccompProfile
[INFO] Auditing path $.web.containerSecurityContext.seccompProfile.type
[INFO] Auditing path $.web.customLivenessProbe
[INFO] Auditing path $.web.customReadinessProbe
[INFO] Auditing path $.web.customStartupProbe
[INFO] Auditing path $.web.deploymentAnnotations
[INFO] Auditing path $.web.extraContainerPorts
[INFO] Auditing path $.web.extraContainerPorts[*].containerPort
[INFO] Auditing path $.web.extraEnvVars
[INFO] Auditing path $.web.extraEnvVarsCM
[INFO] Auditing path $.web.extraEnvVarsSecret
[INFO] Auditing path $.web.extraVolumeMounts
[INFO] Auditing path $.web.extraVolumes
[INFO] Auditing path $.web.hostAliases
[INFO] Auditing path $.web.initContainers
[INFO] Auditing path $.web.lifecycleHooks
[INFO] Auditing path $.web.livenessProbe
[INFO] Auditing path $.web.livenessProbe.enabled
[INFO] Auditing path $.web.livenessProbe.failureThreshold
[INFO] Auditing path $.web.livenessProbe.initialDelaySeconds
[INFO] Auditing path $.web.livenessProbe.periodSeconds
[INFO] Auditing path $.web.livenessProbe.successThreshold
[INFO] Auditing path $.web.livenessProbe.timeoutSeconds
[INFO] Auditing path $.web.networkPolicy
[INFO] Auditing path $.web.networkPolicy.addExternalClientAccess
[INFO] Auditing path $.web.networkPolicy.allowExternal
[INFO] Auditing path $.web.networkPolicy.allowExternalEgress
[INFO] Auditing path $.web.networkPolicy.enabled
[INFO] Auditing path $.web.networkPolicy.extraEgress
[INFO] Auditing path $.web.networkPolicy.extraIngress
[INFO] Auditing path $.web.networkPolicy.ingressNSMatchLabels
[INFO] Auditing path $.web.networkPolicy.ingressNSPodMatchLabels
[INFO] Auditing path $.web.networkPolicy.ingressPodMatchLabels
[INFO] Auditing path $.web.nodeAffinityPreset
[INFO] Auditing path $.web.nodeAffinityPreset.key
[INFO] Auditing path $.web.nodeAffinityPreset.type
[INFO] Auditing path $.web.nodeAffinityPreset.values
[INFO] Auditing path $.web.nodeSelector
[INFO] Auditing path $.web.pdb
[INFO] Auditing path $.web.pdb.create
[INFO] Auditing path $.web.pdb.maxUnavailable
[INFO] Auditing path $.web.pdb.minAvailable
[INFO] Auditing path $.web.podAffinityPreset
[INFO] Auditing path $.web.podAnnotations
[INFO] Auditing path $.web.podAntiAffinityPreset
[INFO] Auditing path $.web.podLabels
[INFO] Auditing path $.web.podSecurityContext
[INFO] Auditing path $.web.podSecurityContext.enabled
[INFO] Auditing path $.web.podSecurityContext.fsGroup
[INFO] Auditing path $.web.podSecurityContext.fsGroupChangePolicy
[INFO] Auditing path $.web.podSecurityContext.supplementalGroups
[INFO] Auditing path $.web.podSecurityContext.sysctls
[INFO] Auditing path $.web.priorityClassName
[INFO] Auditing path $.web.readinessProbe
[INFO] Auditing path $.web.readinessProbe.enabled
[INFO] Auditing path $.web.readinessProbe.failureThreshold
[INFO] Auditing path $.web.readinessProbe.initialDelaySeconds
[INFO] Auditing path $.web.readinessProbe.periodSeconds
[INFO] Auditing path $.web.readinessProbe.successThreshold
[INFO] Auditing path $.web.readinessProbe.timeoutSeconds
[INFO] Auditing path $.web.replicaCount
[INFO] Auditing path $.web.resources
[INFO] Auditing path $.web.resourcesPreset
[INFO] Auditing path $.web.schedulerName
[INFO] Auditing path $.web.service
[INFO] Auditing path $.web.service.annotations
[INFO] Auditing path $.web.service.clusterIP
[INFO] Auditing path $.web.service.externalTrafficPolicy
[INFO] Auditing path $.web.service.extraPorts
[INFO] Auditing path $.web.service.loadBalancerIP
[INFO] Auditing path $.web.service.loadBalancerSourceRanges
[INFO] Auditing path $.web.service.nodePorts
[INFO] Auditing path $.web.service.nodePorts.http
[INFO] Auditing path $.web.service.ports
[INFO] Auditing path $.web.service.ports.http
[INFO] Auditing path $.web.service.sessionAffinity
[INFO] Auditing path $.web.service.sessionAffinityConfig
[INFO] Auditing path $.web.service.type
[INFO] Auditing path $.web.sidecars
[INFO] Auditing path $.web.startupProbe
[INFO] Auditing path $.web.startupProbe.enabled
[INFO] Auditing path $.web.startupProbe.failureThreshold
[INFO] Auditing path $.web.startupProbe.initialDelaySeconds
[INFO] Auditing path $.web.startupProbe.periodSeconds
[INFO] Auditing path $.web.startupProbe.successThreshold
[INFO] Auditing path $.web.startupProbe.timeoutSeconds
[INFO] Auditing path $.web.terminationGracePeriodSeconds
[INFO] Auditing path $.web.tolerations
[INFO] Auditing path $.web.topologySpreadConstraints
[INFO] Auditing path $.web.updateStrategy
[INFO] Auditing path $.web.updateStrategy.type
[INFO] Auditing path $.web.waitForExamples
[INFO] Auditing path $.web.waitForExamples.containerSecurityContext
[INFO] Auditing path $.web.waitForExamples.containerSecurityContext.allowPrivilegeEscalation
[INFO] Auditing path $.web.waitForExamples.containerSecurityContext.capabilities
[INFO] Auditing path $.web.waitForExamples.containerSecurityContext.capabilities.drop
[INFO] Auditing path $.web.waitForExamples.containerSecurityContext.enabled
[INFO] Auditing path $.web.waitForExamples.containerSecurityContext.privileged
[INFO] Auditing path $.web.waitForExamples.containerSecurityContext.readOnlyRootFilesystem
[INFO] Auditing path $.web.waitForExamples.containerSecurityContext.runAsGroup
[INFO] Auditing path $.web.waitForExamples.containerSecurityContext.runAsNonRoot
[INFO] Auditing path $.web.waitForExamples.containerSecurityContext.runAsUser
[INFO] Auditing path $.web.waitForExamples.containerSecurityContext.seLinuxOptions
[INFO] Auditing path $.web.waitForExamples.containerSecurityContext.seccompProfile
[INFO] Auditing path $.web.waitForExamples.containerSecurityContext.seccompProfile.type
[INFO] Auditing path $.web.waitForExamples.enabled
[INFO] Auditing path $.web.waitForExamples.resources
[INFO] Auditing path $.web.waitForExamples.resourcesPreset
[INFO] Auditing path $.web
[INFO] Auditing path $.worker.affinity
[INFO] Auditing path $.worker.args
[INFO] Auditing path $.worker.automountServiceAccountToken
[INFO] Auditing path $.worker.autoscaling
[INFO] Auditing path $.worker.autoscaling.hpa
[INFO] Auditing path $.worker.autoscaling.hpa.enabled
[INFO] Auditing path $.worker.autoscaling.hpa.maxReplicas
[INFO] Auditing path $.worker.autoscaling.hpa.minReplicas
[INFO] Auditing path $.worker.autoscaling.hpa.targetCPU
[INFO] Auditing path $.worker.autoscaling.hpa.targetMemory
[INFO] Auditing path $.worker.autoscaling.vpa
[INFO] Auditing path $.worker.autoscaling.vpa.annotations
[INFO] Auditing path $.worker.autoscaling.vpa.controlledResources
[INFO] Auditing path $.worker.autoscaling.vpa.enabled
[INFO] Auditing path $.worker.autoscaling.vpa.maxAllowed
[INFO] Auditing path $.worker.autoscaling.vpa.minAllowed
[INFO] Auditing path $.worker.autoscaling.vpa.updatePolicy
[INFO] Auditing path $.worker.autoscaling.vpa.updatePolicy.updateMode
[INFO] Auditing path $.worker.command
[INFO] Auditing path $.worker.containerSecurityContext
[INFO] Auditing path $.worker.containerSecurityContext.allowPrivilegeEscalation
[INFO] Auditing path $.worker.containerSecurityContext.capabilities
[INFO] Auditing path $.worker.containerSecurityContext.capabilities.drop
[INFO] Auditing path $.worker.containerSecurityContext.enabled
[INFO] Auditing path $.worker.containerSecurityContext.privileged
[INFO] Auditing path $.worker.containerSecurityContext.readOnlyRootFilesystem
[INFO] Auditing path $.worker.containerSecurityContext.runAsGroup
[INFO] Auditing path $.worker.containerSecurityContext.runAsNonRoot
[INFO] Auditing path $.worker.containerSecurityContext.runAsUser
[INFO] Auditing path $.worker.containerSecurityContext.seLinuxOptions
[INFO] Auditing path $.worker.containerSecurityContext.seccompProfile
[INFO] Auditing path $.worker.containerSecurityContext.seccompProfile.type
[INFO] Auditing path $.worker.customLivenessProbe
[INFO] Auditing path $.worker.customReadinessProbe
[INFO] Auditing path $.worker.customStartupProbe
[INFO] Auditing path $.worker.deploymentAnnotations
[INFO] Auditing path $.worker.extraEnvVars
[INFO] Auditing path $.worker.extraEnvVarsCM
[INFO] Auditing path $.worker.extraEnvVarsSecret
[INFO] Auditing path $.worker.extraVolumeMounts
[INFO] Auditing path $.worker.extraVolumes
[INFO] Auditing path $.worker.hostAliases
[INFO] Auditing path $.worker.initContainers
[INFO] Auditing path $.worker.lifecycleHooks
[INFO] Auditing path $.worker.livenessProbe
[INFO] Auditing path $.worker.livenessProbe.enabled
[INFO] Auditing path $.worker.livenessProbe.failureThreshold
[INFO] Auditing path $.worker.livenessProbe.initialDelaySeconds
[INFO] Auditing path $.worker.livenessProbe.periodSeconds
[INFO] Auditing path $.worker.livenessProbe.successThreshold
[INFO] Auditing path $.worker.livenessProbe.timeoutSeconds
[INFO] Auditing path $.worker.networkPolicy
[INFO] Auditing path $.worker.networkPolicy.allowExternal
[INFO] Auditing path $.worker.networkPolicy.allowExternalEgress
[INFO] Auditing path $.worker.networkPolicy.enabled
[INFO] Auditing path $.worker.networkPolicy.extraEgress
[INFO] Auditing path $.worker.networkPolicy.extraIngress
[INFO] Auditing path $.worker.nodeAffinityPreset
[INFO] Auditing path $.worker.nodeAffinityPreset.key
[INFO] Auditing path $.worker.nodeAffinityPreset.type
[INFO] Auditing path $.worker.nodeAffinityPreset.values
[INFO] Auditing path $.worker.nodeSelector
[INFO] Auditing path $.worker.pdb
[INFO] Auditing path $.worker.pdb.create
[INFO] Auditing path $.worker.pdb.maxUnavailable
[INFO] Auditing path $.worker.pdb.minAvailable
[INFO] Auditing path $.worker.podAffinityPreset
[INFO] Auditing path $.worker.podAnnotations
[INFO] Auditing path $.worker.podAntiAffinityPreset
[INFO] Auditing path $.worker.podLabels
[INFO] Auditing path $.worker.podSecurityContext
[INFO] Auditing path $.worker.podSecurityContext.enabled
[INFO] Auditing path $.worker.podSecurityContext.fsGroup
[INFO] Auditing path $.worker.podSecurityContext.fsGroupChangePolicy
[INFO] Auditing path $.worker.podSecurityContext.supplementalGroups
[INFO] Auditing path $.worker.podSecurityContext.sysctls
[INFO] Auditing path $.worker.priorityClassName
[INFO] Auditing path $.worker.readinessProbe
[INFO] Auditing path $.worker.readinessProbe.enabled
[INFO] Auditing path $.worker.readinessProbe.failureThreshold
[INFO] Auditing path $.worker.readinessProbe.initialDelaySeconds
[INFO] Auditing path $.worker.readinessProbe.periodSeconds
[INFO] Auditing path $.worker.readinessProbe.successThreshold
[INFO] Auditing path $.worker.readinessProbe.timeoutSeconds
[INFO] Auditing path $.worker.replicaCount
[INFO] Auditing path $.worker.resources
[INFO] Auditing path $.worker.resourcesPreset
[INFO] Auditing path $.worker.schedulerName
[INFO] Auditing path $.worker.sidecars
[INFO] Auditing path $.worker.startupProbe
[INFO] Auditing path $.worker.startupProbe.enabled
[INFO] Auditing path $.worker.startupProbe.failureThreshold
[INFO] Auditing path $.worker.startupProbe.initialDelaySeconds
[INFO] Auditing path $.worker.startupProbe.periodSeconds
[INFO] Auditing path $.worker.startupProbe.successThreshold
[INFO] Auditing path $.worker.startupProbe.timeoutSeconds
[INFO] Auditing path $.worker.terminationGracePeriodSeconds
[INFO] Auditing path $.worker.tolerations
[INFO] Auditing path $.worker.topologySpreadConstraints
[INFO] Auditing path $.worker.updateStrategy
[INFO] Auditing path $.worker.updateStrategy.type
[INFO] Auditing path $.worker
