[INFO] Auditing path $.affinity
[INFO] Auditing path $.aws.aws_access_key_id
[INFO] Auditing path $.aws.aws_secret_access_key
[INFO] Auditing path $.aws.role
[INFO] Auditing path $.aws.secret
[INFO] Auditing path $.aws.secret.includesSessionToken
[INFO] Auditing path $.aws.secret.name
[INFO] Auditing path $.aws
[INFO] Auditing path $.config
[INFO] Auditing path $.configMap.enabled
[INFO] Auditing path $.configMap
[INFO] Auditing path $.containerPort
[INFO] Auditing path $.deployment.labels
[INFO] Auditing path $.deployment
[INFO] Auditing path $.extraArgs[*]
[INFO] Auditing path $.extraArgs
[INFO] Auditing path $.extraEnv
[INFO] Auditing path $.extraEnvFrom
[INFO] Auditing path $.extraVolumeMounts
[INFO] Auditing path $.extraVolumes
[INFO] Auditing path $.fullnameOverride
[INFO] Auditing path $.image.pullPolicy
[INFO] Auditing path $.image.registry
[INFO] Auditing path $.image.repository
[INFO] Auditing path $.image.tag
[INFO] Auditing path $.image
[INFO] Auditing path $.imagePullSecrets
[INFO] Auditing path $.ingress.annotations
[INFO] Auditing path $.ingress.className
[INFO] Auditing path $.ingress.enabled
[INFO] Auditing path $.ingress.hosts
[INFO] Auditing path $.ingress.hosts[*].host
[INFO] Auditing path $.ingress.hosts[*].paths
[INFO] Auditing path $.ingress.hosts[*].paths[*].path
[INFO] Auditing path $.ingress.hosts[*].paths[*].pathType
[INFO] Auditing path $.ingress.tls
[INFO] Auditing path $.ingress.tls[*].hosts
[INFO] Auditing path $.ingress.tls[*].hosts[*]
[INFO] Auditing path $.ingress.tls[*].secretName
[INFO] Auditing path $.ingress
[INFO] Auditing path $.lifecycle
[INFO] Auditing path $.nameOverride
[INFO] Auditing path $.nodeSelector
[INFO] Auditing path $.podAnnotations
[INFO] Auditing path $.podDisruptionBudget.enabled
[INFO] Auditing path $.podDisruptionBudget.minAvailable
[INFO] Auditing path $.podDisruptionBudget.unhealthyPodEvictionPolicy
[INFO] Auditing path $.podDisruptionBudget
[INFO] Auditing path $.podLabels
[INFO] Auditing path $.podSecurityContext
[INFO] Auditing path $.portName
[INFO] Auditing path $.priorityClassName
[INFO] Auditing path $.prometheusRule.enabled
[INFO] Auditing path $.prometheusRule.labels
[INFO] Auditing path $.prometheusRule.namespace
[INFO] Auditing path $.prometheusRule.rules
[INFO] Auditing path $.prometheusRule
[INFO] Auditing path $.replicaCount
[INFO] Auditing path $.resources
[INFO] Auditing path $.securityContext
[INFO] Auditing path $.service.annotations
[INFO] Auditing path $.service.port
[INFO] Auditing path $.service.type
[INFO] Auditing path $.service
[INFO] Auditing path $.serviceAccount.annotations
[INFO] Auditing path $.serviceAccount.annotations[*]
[INFO] Auditing path $.serviceAccount.automountServiceAccountToken
[INFO] Auditing path $.serviceAccount.create
[INFO] Auditing path $.serviceAccount.labels
[INFO] Auditing path $.serviceAccount.name
[INFO] Auditing path $.serviceAccount
[INFO] Auditing path $.serviceMonitor.enabled
[INFO] Auditing path $.serviceMonitor.honorTimestamps
[INFO] Auditing path $.serviceMonitor.interval
[INFO] Auditing path $.serviceMonitor.labels
[INFO] Auditing path $.serviceMonitor.metricRelabelings
[INFO] Auditing path $.serviceMonitor.namespace
[INFO] Auditing path $.serviceMonitor.relabelings
[INFO] Auditing path $.serviceMonitor.telemetryPath
[INFO] Auditing path $.serviceMonitor.timeout
[INFO] Auditing path $.serviceMonitor
[INFO] Auditing path $.testConnection
[INFO] Auditing path $.tolerations
