[INFO] Auditing path $.affinity
[INFO] Auditing path $.automountServiceAccountToken
[INFO] Auditing path $.caBundle
[INFO] Auditing path $.certManager.enabled
[INFO] Auditing path $.certManager.issuerRef
[INFO] Auditing path $.certManager.rootCert
[INFO] Auditing path $.certManager.rootCert.duration
[INFO] Auditing path $.certManager.rootCert.revisionHistoryLimit
[INFO] Auditing path $.certManager.webhookCert
[INFO] Auditing path $.certManager.webhookCert.duration
[INFO] Auditing path $.certManager.webhookCert.revisionHistoryLimit
[INFO] Auditing path $.certManager
[INFO] Auditing path $.commonLabels
[INFO] Auditing path $.containerPort
[INFO] Auditing path $.containerSecurityContext.allowPrivilegeEscalation
[INFO] Auditing path $.containerSecurityContext.capabilities
[INFO] Auditing path $.containerSecurityContext.capabilities.drop
[INFO] Auditing path $.containerSecurityContext.capabilities.drop[*]
[INFO] Auditing path $.containerSecurityContext.readOnlyRootFilesystem
[INFO] Auditing path $.containerSecurityContext.runAsGroup
[INFO] Auditing path $.containerSecurityContext.runAsNonRoot
[INFO] Auditing path $.containerSecurityContext.runAsUser
[INFO] Auditing path $.containerSecurityContext.seccompProfile
[INFO] Auditing path $.containerSecurityContext.seccompProfile.type
[INFO] Auditing path $.containerSecurityContext
[INFO] Auditing path $.deployment.annotations
[INFO] Auditing path $.deployment.labels
[INFO] Auditing path $.deployment
[INFO] Auditing path $.env
[INFO] Auditing path $.extraArgs
[INFO] Auditing path $.extraContainers
[INFO] Auditing path $.fullnameOverride
[INFO] Auditing path $.image.digest
[INFO] Auditing path $.image.pullPolicy
[INFO] Auditing path $.image.pullSecrets
[INFO] Auditing path $.image.pullSecrets[*]
[INFO] Auditing path $.image.registry
[INFO] Auditing path $.image.repository
[INFO] Auditing path $.image.tag
[INFO] Auditing path $.image
[INFO] Auditing path $.initContainers
[INFO] Auditing path $.jobs.affinity
[INFO] Auditing path $.jobs.annotations
[INFO] Auditing path $.jobs.containerSecurityContext
[INFO] Auditing path $.jobs.containerSecurityContext.allowPrivilegeEscalation
[INFO] Auditing path $.jobs.containerSecurityContext.capabilities
[INFO] Auditing path $.jobs.containerSecurityContext.capabilities.drop
[INFO] Auditing path $.jobs.containerSecurityContext.capabilities.drop[*]
[INFO] Auditing path $.jobs.containerSecurityContext.readOnlyRootFilesystem
[INFO] Auditing path $.jobs.containerSecurityContext.runAsGroup
[INFO] Auditing path $.jobs.containerSecurityContext.runAsNonRoot
[INFO] Auditing path $.jobs.containerSecurityContext.runAsUser
[INFO] Auditing path $.jobs.containerSecurityContext.seccompProfile
[INFO] Auditing path $.jobs.containerSecurityContext.seccompProfile.type
[INFO] Auditing path $.jobs.createSecret
[INFO] Auditing path $.jobs.createSecret.annotations
[INFO] Auditing path $.jobs.createSecret.labels
[INFO] Auditing path $.jobs.enabled
[INFO] Auditing path $.jobs.image
[INFO] Auditing path $.jobs.image.digest
[INFO] Auditing path $.jobs.image.pullPolicy
[INFO] Auditing path $.jobs.image.pullSecrets
[INFO] Auditing path $.jobs.image.registry
[INFO] Auditing path $.jobs.image.repository
[INFO] Auditing path $.jobs.image.tag
[INFO] Auditing path $.jobs.imagePullSecrets
[INFO] Auditing path $.jobs.labels
[INFO] Auditing path $.jobs.nodeSelector
[INFO] Auditing path $.jobs.patchWebhook
[INFO] Auditing path $.jobs.patchWebhook.annotations
[INFO] Auditing path $.jobs.patchWebhook.labels
[INFO] Auditing path $.jobs.priorityClassName
[INFO] Auditing path $.jobs.resources
[INFO] Auditing path $.jobs.securityContext
[INFO] Auditing path $.jobs.tolerations
[INFO] Auditing path $.jobs
[INFO] Auditing path $.kubeVersionOverride
[INFO] Auditing path $.livenessProbe.httpGet
[INFO] Auditing path $.livenessProbe.httpGet.path
[INFO] Auditing path $.livenessProbe.httpGet.port
[INFO] Auditing path $.livenessProbe.httpGet.scheme
[INFO] Auditing path $.livenessProbe.initialDelaySeconds
[INFO] Auditing path $.livenessProbe.periodSeconds
[INFO] Auditing path $.livenessProbe
[INFO] Auditing path $.nameOverride
[INFO] Auditing path $.namespaceOverride
[INFO] Auditing path $.networkPolicy.annotations
[INFO] Auditing path $.networkPolicy.enabled
[INFO] Auditing path $.networkPolicy.labels
[INFO] Auditing path $.networkPolicy
[INFO] Auditing path $.nodeSelector
[INFO] Auditing path $.pod.annotations
[INFO] Auditing path $.pod.labels
[INFO] Auditing path $.pod
[INFO] Auditing path $.podDisruptionBudget
[INFO] Auditing path $.priorityClassName
[INFO] Auditing path $.prometheusRule.annotations
[INFO] Auditing path $.prometheusRule.enabled
[INFO] Auditing path $.prometheusRule.labels
[INFO] Auditing path $.prometheusRule.namespace
[INFO] Auditing path $.prometheusRule.rules
[INFO] Auditing path $.prometheusRule
[INFO] Auditing path $.rbac.create
[INFO] Auditing path $.rbac
[INFO] Auditing path $.readinessProbe.httpGet
[INFO] Auditing path $.readinessProbe.httpGet.path
[INFO] Auditing path $.readinessProbe.httpGet.port
[INFO] Auditing path $.readinessProbe.httpGet.scheme
[INFO] Auditing path $.readinessProbe.periodSeconds
[INFO] Auditing path $.readinessProbe
[INFO] Auditing path $.replicas
[INFO] Auditing path $.resources
[INFO] Auditing path $.restartPolicy
[INFO] Auditing path $.revisionHistoryLimit
[INFO] Auditing path $.securityContext.fsGroup
[INFO] Auditing path $.securityContext
[INFO] Auditing path $.service.annotations
[INFO] Auditing path $.service.labels
[INFO] Auditing path $.service.port
[INFO] Auditing path $.service
[INFO] Auditing path $.serviceAccount.annotations
[INFO] Auditing path $.serviceAccount.create
[INFO] Auditing path $.serviceAccount.labels
[INFO] Auditing path $.serviceAccount.name
[INFO] Auditing path $.serviceAccount
[INFO] Auditing path $.serviceMonitor.annotations
[INFO] Auditing path $.serviceMonitor.attachMetadata
[INFO] Auditing path $.serviceMonitor.attachMetadata.node
[INFO] Auditing path $.serviceMonitor.enabled
[INFO] Auditing path $.serviceMonitor.honorLabels
[INFO] Auditing path $.serviceMonitor.interval
[INFO] Auditing path $.serviceMonitor.jobLabel
[INFO] Auditing path $.serviceMonitor.labels
[INFO] Auditing path $.serviceMonitor.metricRelabeling
[INFO] Auditing path $.serviceMonitor.metricRelabelings
[INFO] Auditing path $.serviceMonitor.namespace
[INFO] Auditing path $.serviceMonitor.relabelings
[INFO] Auditing path $.serviceMonitor.scrapeTimeout
[INFO] Auditing path $.serviceMonitor.targetLabels
[INFO] Auditing path $.serviceMonitor.tlsConfig
[INFO] Auditing path $.serviceMonitor
[INFO] Auditing path $.tlsMinVersion
[INFO] Auditing path $.tlsSecret.certItem
[INFO] Auditing path $.tlsSecret.keyItem
[INFO] Auditing path $.tlsSecret.name
[INFO] Auditing path $.tlsSecret
[INFO] Auditing path $.tolerations
[INFO] Auditing path $.updateStrategy.rollingUpdate
[INFO] Auditing path $.updateStrategy.rollingUpdate.maxSurge
[INFO] Auditing path $.updateStrategy.rollingUpdate.maxUnavailable
[INFO] Auditing path $.updateStrategy.type
[INFO] Auditing path $.updateStrategy
[INFO] Auditing path $.webhooks.annotations
[INFO] Auditing path $.webhooks.enabled
[INFO] Auditing path $.webhooks.enabled.alertmanagerconfigsValidate
[INFO] Auditing path $.webhooks.enabled.prometheusruleMutate
[INFO] Auditing path $.webhooks.enabled.prometheusruleValidate
[INFO] Auditing path $.webhooks.failurePolicy
[INFO] Auditing path $.webhooks.labels
[INFO] Auditing path $.webhooks.namespaceSelector
[INFO] Auditing path $.webhooks.objectSelector
[INFO] Auditing path $.webhooks.timeoutSeconds
[INFO] Auditing path $.webhooks
