[INFO] Auditing path $.apiVersions
[INFO] Auditing path $.clusterDomain
[INFO] Auditing path $.commonAnnotations
[INFO] Auditing path $.commonLabels
[INFO] Auditing path $.controlPlane.affinity
[INFO] Auditing path $.controlPlane.apiTokenAdmin
[INFO] Auditing path $.controlPlane.apiTokenViewer
[INFO] Auditing path $.controlPlane.args
[INFO] Auditing path $.controlPlane.args[*]
[INFO] Auditing path $.controlPlane.automountServiceAccountToken
[INFO] Auditing path $.controlPlane.autoscaling
[INFO] Auditing path $.controlPlane.autoscaling.hpa
[INFO] Auditing path $.controlPlane.autoscaling.hpa.enabled
[INFO] Auditing path $.controlPlane.autoscaling.hpa.maxReplicas
[INFO] Auditing path $.controlPlane.autoscaling.hpa.minReplicas
[INFO] Auditing path $.controlPlane.autoscaling.hpa.targetCPU
[INFO] Auditing path $.controlPlane.autoscaling.hpa.targetMemory
[INFO] Auditing path $.controlPlane.autoscaling.vpa
[INFO] Auditing path $.controlPlane.autoscaling.vpa.annotations
[INFO] Auditing path $.controlPlane.autoscaling.vpa.controlledResources
[INFO] Auditing path $.controlPlane.autoscaling.vpa.controlledResources[*]
[INFO] Auditing path $.controlPlane.autoscaling.vpa.enabled
[INFO] Auditing path $.controlPlane.autoscaling.vpa.maxAllowed
[INFO] Auditing path $.controlPlane.autoscaling.vpa.minAllowed
[INFO] Auditing path $.controlPlane.autoscaling.vpa.updatePolicy
[INFO] Auditing path $.controlPlane.autoscaling.vpa.updatePolicy.updateMode
[INFO] Auditing path $.controlPlane.command
[INFO] Auditing path $.controlPlane.command[*]
[INFO] Auditing path $.controlPlane.containerPorts
[INFO] Auditing path $.controlPlane.containerPorts.adminAPI
[INFO] Auditing path $.controlPlane.containerPorts.configServer
[INFO] Auditing path $.controlPlane.containerPorts.control
[INFO] Auditing path $.controlPlane.containerPorts.metrics
[INFO] Auditing path $.controlPlane.containerSecurityContext
[INFO] Auditing path $.controlPlane.containerSecurityContext.allowPrivilegeEscalation
[INFO] Auditing path $.controlPlane.containerSecurityContext.capabilities
[INFO] Auditing path $.controlPlane.containerSecurityContext.capabilities.drop
[INFO] Auditing path $.controlPlane.containerSecurityContext.capabilities.drop[*]
[INFO] Auditing path $.controlPlane.containerSecurityContext.enabled
[INFO] Auditing path $.controlPlane.containerSecurityContext.privileged
[INFO] Auditing path $.controlPlane.containerSecurityContext.readOnlyRootFilesystem
[INFO] Auditing path $.controlPlane.containerSecurityContext.runAsGroup
[INFO] Auditing path $.controlPlane.containerSecurityContext.runAsNonRoot
[INFO] Auditing path $.controlPlane.containerSecurityContext.runAsUser
[INFO] Auditing path $.controlPlane.containerSecurityContext.seLinuxOptions
[INFO] Auditing path $.controlPlane.containerSecurityContext.seccompProfile
[INFO] Auditing path $.controlPlane.containerSecurityContext.seccompProfile.type
[INFO] Auditing path $.controlPlane.customLivenessProbe
[INFO] Auditing path $.controlPlane.customReadinessProbe
[INFO] Auditing path $.controlPlane.customStartupProbe
[INFO] Auditing path $.controlPlane.dashboardEnabled
[INFO] Auditing path $.controlPlane.defaultConfig
[INFO] Auditing path $.controlPlane.dnsPolicy
[INFO] Auditing path $.controlPlane.enabled
[INFO] Auditing path $.controlPlane.existingConfigMap
[INFO] Auditing path $.controlPlane.existingSecret
[INFO] Auditing path $.controlPlane.existingSecretAdminTokenKey
[INFO] Auditing path $.controlPlane.existingSecretViewerTokenKey
[INFO] Auditing path $.controlPlane.extraConfig
[INFO] Auditing path $.controlPlane.extraConfigExistingConfigMap
[INFO] Auditing path $.controlPlane.extraEnvVars
[INFO] Auditing path $.controlPlane.extraEnvVars[*]
[INFO] Auditing path $.controlPlane.extraEnvVarsCM
[INFO] Auditing path $.controlPlane.extraEnvVarsSecret
[INFO] Auditing path $.controlPlane.extraVolumeMounts
[INFO] Auditing path $.controlPlane.extraVolumeMounts[*]
[INFO] Auditing path $.controlPlane.extraVolumes
[INFO] Auditing path $.controlPlane.extraVolumes[*]
[INFO] Auditing path $.controlPlane.hostAliases
[INFO] Auditing path $.controlPlane.hostAliases[*]
[INFO] Auditing path $.controlPlane.hostNetwork
[INFO] Auditing path $.controlPlane.ingress
[INFO] Auditing path $.controlPlane.ingress.annotations
[INFO] Auditing path $.controlPlane.ingress.apiVersion
[INFO] Auditing path $.controlPlane.ingress.enabled
[INFO] Auditing path $.controlPlane.ingress.extraHosts
[INFO] Auditing path $.controlPlane.ingress.extraHosts[*]
[INFO] Auditing path $.controlPlane.ingress.extraHosts[*].name
[INFO] Auditing path $.controlPlane.ingress.extraHosts[*].path
[INFO] Auditing path $.controlPlane.ingress.extraHosts[*].pathType
[INFO] Auditing path $.controlPlane.ingress.extraPaths
[INFO] Auditing path $.controlPlane.ingress.extraPaths[*]
[INFO] Auditing path $.controlPlane.ingress.extraRules
[INFO] Auditing path $.controlPlane.ingress.extraRules[*]
[INFO] Auditing path $.controlPlane.ingress.extraTls
[INFO] Auditing path $.controlPlane.ingress.extraTls[*]
[INFO] Auditing path $.controlPlane.ingress.hostname
[INFO] Auditing path $.controlPlane.ingress.ingressClassName
[INFO] Auditing path $.controlPlane.ingress.path
[INFO] Auditing path $.controlPlane.ingress.pathType
[INFO] Auditing path $.controlPlane.ingress.secrets
[INFO] Auditing path $.controlPlane.ingress.secrets[*]
[INFO] Auditing path $.controlPlane.ingress.secrets[*].certificate
[INFO] Auditing path $.controlPlane.ingress.secrets[*].key
[INFO] Auditing path $.controlPlane.ingress.secrets[*].name
[INFO] Auditing path $.controlPlane.ingress.selfSigned
[INFO] Auditing path $.controlPlane.ingress.tls
[INFO] Auditing path $.controlPlane.initContainers
[INFO] Auditing path $.controlPlane.initContainers[*]
[INFO] Auditing path $.controlPlane.lifecycleHooks
[INFO] Auditing path $.controlPlane.livenessProbe
[INFO] Auditing path $.controlPlane.livenessProbe.enabled
[INFO] Auditing path $.controlPlane.livenessProbe.failureThreshold
[INFO] Auditing path $.controlPlane.livenessProbe.initialDelaySeconds
[INFO] Auditing path $.controlPlane.livenessProbe.periodSeconds
[INFO] Auditing path $.controlPlane.livenessProbe.successThreshold
[INFO] Auditing path $.controlPlane.livenessProbe.timeoutSeconds
[INFO] Auditing path $.controlPlane.metrics
[INFO] Auditing path $.controlPlane.metrics.annotations
[INFO] Auditing path $.controlPlane.metrics.annotations.prometheus
[INFO] Auditing path $.controlPlane.metrics.annotations.prometheus["io/path"]
[INFO] Auditing path $.controlPlane.metrics.annotations.prometheus["io/port"]
[INFO] Auditing path $.controlPlane.metrics.annotations.prometheus["io/scrape"]
[INFO] Auditing path $.controlPlane.metrics.annotations["prometheus.io/path"]
[INFO] Auditing path $.controlPlane.metrics.annotations["prometheus.io/port"]
[INFO] Auditing path $.controlPlane.metrics.annotations["prometheus.io/scrape"]
[INFO] Auditing path $.controlPlane.metrics.enabled
[INFO] Auditing path $.controlPlane.metrics.serviceMonitor
[INFO] Auditing path $.controlPlane.metrics.serviceMonitor.annotations
[INFO] Auditing path $.controlPlane.metrics.serviceMonitor.enabled
[INFO] Auditing path $.controlPlane.metrics.serviceMonitor.honorLabels
[INFO] Auditing path $.controlPlane.metrics.serviceMonitor.interval
[INFO] Auditing path $.controlPlane.metrics.serviceMonitor.jobLabel
[INFO] Auditing path $.controlPlane.metrics.serviceMonitor.labels
[INFO] Auditing path $.controlPlane.metrics.serviceMonitor.metricRelabelings
[INFO] Auditing path $.controlPlane.metrics.serviceMonitor.metricRelabelings[*]
[INFO] Auditing path $.controlPlane.metrics.serviceMonitor.namespace
[INFO] Auditing path $.controlPlane.metrics.serviceMonitor.relabelings
[INFO] Auditing path $.controlPlane.metrics.serviceMonitor.relabelings[*]
[INFO] Auditing path $.controlPlane.metrics.serviceMonitor.scrapeTimeout
[INFO] Auditing path $.controlPlane.metrics.serviceMonitor.selector
[INFO] Auditing path $.controlPlane.networkPolicy
[INFO] Auditing path $.controlPlane.networkPolicy.allowExternal
[INFO] Auditing path $.controlPlane.networkPolicy.allowExternalEgress
[INFO] Auditing path $.controlPlane.networkPolicy.enabled
[INFO] Auditing path $.controlPlane.networkPolicy.extraEgress
[INFO] Auditing path $.controlPlane.networkPolicy.extraIngress
[INFO] Auditing path $.controlPlane.networkPolicy.ingressNSMatchLabels
[INFO] Auditing path $.controlPlane.networkPolicy.ingressNSMatchLabels[*]
[INFO] Auditing path $.controlPlane.networkPolicy.ingressNSPodMatchLabels
[INFO] Auditing path $.controlPlane.networkPolicy.ingressNSPodMatchLabels[*]
[INFO] Auditing path $.controlPlane.networkPolicy.kubeAPIServerPorts
[INFO] Auditing path $.controlPlane.networkPolicy.kubeAPIServerPorts[*]
[INFO] Auditing path $.controlPlane.nodeAffinityPreset
[INFO] Auditing path $.controlPlane.nodeAffinityPreset.key
[INFO] Auditing path $.controlPlane.nodeAffinityPreset.type
[INFO] Auditing path $.controlPlane.nodeAffinityPreset.values
[INFO] Auditing path $.controlPlane.nodeAffinityPreset.values[*]
[INFO] Auditing path $.controlPlane.nodeSelector
[INFO] Auditing path $.controlPlane.pdb
[INFO] Auditing path $.controlPlane.pdb.create
[INFO] Auditing path $.controlPlane.pdb.maxUnavailable
[INFO] Auditing path $.controlPlane.pdb.minAvailable
[INFO] Auditing path $.controlPlane.podAffinityPreset
[INFO] Auditing path $.controlPlane.podAnnotations
[INFO] Auditing path $.controlPlane.podAntiAffinityPreset
[INFO] Auditing path $.controlPlane.podLabels
[INFO] Auditing path $.controlPlane.podSecurityContext
[INFO] Auditing path $.controlPlane.podSecurityContext.enabled
[INFO] Auditing path $.controlPlane.podSecurityContext.fsGroup
[INFO] Auditing path $.controlPlane.podSecurityContext.fsGroupChangePolicy
[INFO] Auditing path $.controlPlane.podSecurityContext.seccompProfile
[INFO] Auditing path $.controlPlane.podSecurityContext.seccompProfile.type
[INFO] Auditing path $.controlPlane.podSecurityContext.supplementalGroups
[INFO] Auditing path $.controlPlane.podSecurityContext.sysctls
[INFO] Auditing path $.controlPlane.priorityClassName
[INFO] Auditing path $.controlPlane.rbac
[INFO] Auditing path $.controlPlane.rbac.create
[INFO] Auditing path $.controlPlane.rbac.rules
[INFO] Auditing path $.controlPlane.rbac.rules[*]
[INFO] Auditing path $.controlPlane.readinessProbe
[INFO] Auditing path $.controlPlane.readinessProbe.enabled
[INFO] Auditing path $.controlPlane.readinessProbe.failureThreshold
[INFO] Auditing path $.controlPlane.readinessProbe.initialDelaySeconds
[INFO] Auditing path $.controlPlane.readinessProbe.periodSeconds
[INFO] Auditing path $.controlPlane.readinessProbe.successThreshold
[INFO] Auditing path $.controlPlane.readinessProbe.timeoutSeconds
[INFO] Auditing path $.controlPlane.replicaCount
[INFO] Auditing path $.controlPlane.resources
[INFO] Auditing path $.controlPlane.resources.limits
[INFO] Auditing path $.controlPlane.resources.requests
[INFO] Auditing path $.controlPlane.resourcesPreset
[INFO] Auditing path $.controlPlane.schedulerName
[INFO] Auditing path $.controlPlane.service
[INFO] Auditing path $.controlPlane.service.annotations
[INFO] Auditing path $.controlPlane.service.clusterIP
[INFO] Auditing path $.controlPlane.service.externalIPs
[INFO] Auditing path $.controlPlane.service.externalTrafficPolicy
[INFO] Auditing path $.controlPlane.service.extraPorts
[INFO] Auditing path $.controlPlane.service.extraPorts[*]
[INFO] Auditing path $.controlPlane.service.loadBalancerIP
[INFO] Auditing path $.controlPlane.service.loadBalancerSourceRanges
[INFO] Auditing path $.controlPlane.service.loadBalancerSourceRanges[*]
[INFO] Auditing path $.controlPlane.service.nodePorts
[INFO] Auditing path $.controlPlane.service.nodePorts.adminAPI
[INFO] Auditing path $.controlPlane.service.nodePorts.configServer
[INFO] Auditing path $.controlPlane.service.nodePorts.metrics
[INFO] Auditing path $.controlPlane.service.ports
[INFO] Auditing path $.controlPlane.service.ports.adminAPI
[INFO] Auditing path $.controlPlane.service.ports.configServer
[INFO] Auditing path $.controlPlane.service.ports.metrics
[INFO] Auditing path $.controlPlane.service.sessionAffinity
[INFO] Auditing path $.controlPlane.service.sessionAffinityConfig
[INFO] Auditing path $.controlPlane.service.type
[INFO] Auditing path $.controlPlane.serviceAccount
[INFO] Auditing path $.controlPlane.serviceAccount.annotations
[INFO] Auditing path $.controlPlane.serviceAccount.automountServiceAccountToken
[INFO] Auditing path $.controlPlane.serviceAccount.create
[INFO] Auditing path $.controlPlane.serviceAccount.name
[INFO] Auditing path $.controlPlane.sidecars
[INFO] Auditing path $.controlPlane.sidecars[*]
[INFO] Auditing path $.controlPlane.startupProbe
[INFO] Auditing path $.controlPlane.startupProbe.enabled
[INFO] Auditing path $.controlPlane.startupProbe.failureThreshold
[INFO] Auditing path $.controlPlane.startupProbe.initialDelaySeconds
[INFO] Auditing path $.controlPlane.startupProbe.periodSeconds
[INFO] Auditing path $.controlPlane.startupProbe.successThreshold
[INFO] Auditing path $.controlPlane.startupProbe.timeoutSeconds
[INFO] Auditing path $.controlPlane.terminationGracePeriodSeconds
[INFO] Auditing path $.controlPlane.tls
[INFO] Auditing path $.controlPlane.tls.autoGenerated
[INFO] Auditing path $.controlPlane.tls.ca
[INFO] Auditing path $.controlPlane.tls.cert
[INFO] Auditing path $.controlPlane.tls.certCAFilename
[INFO] Auditing path $.controlPlane.tls.certFilename
[INFO] Auditing path $.controlPlane.tls.certKeyFilename
[INFO] Auditing path $.controlPlane.tls.enabled
[INFO] Auditing path $.controlPlane.tls.existingSecret
[INFO] Auditing path $.controlPlane.tls.key
[INFO] Auditing path $.controlPlane.tolerations
[INFO] Auditing path $.controlPlane.tolerations[*]
[INFO] Auditing path $.controlPlane.topologySpreadConstraints
[INFO] Auditing path $.controlPlane.topologySpreadConstraints[*]
[INFO] Auditing path $.controlPlane.updateStrategy
[INFO] Auditing path $.controlPlane.updateStrategy.type
[INFO] Auditing path $.controlPlane.useDaemonSet
[INFO] Auditing path $.controlPlane
[INFO] Auditing path $.dataPlane.affinity
[INFO] Auditing path $.dataPlane.args
[INFO] Auditing path $.dataPlane.args[*]
[INFO] Auditing path $.dataPlane.automountServiceAccountToken
[INFO] Auditing path $.dataPlane.autoscaling
[INFO] Auditing path $.dataPlane.autoscaling.hpa
[INFO] Auditing path $.dataPlane.autoscaling.hpa.enabled
[INFO] Auditing path $.dataPlane.autoscaling.hpa.maxReplicas
[INFO] Auditing path $.dataPlane.autoscaling.hpa.minReplicas
[INFO] Auditing path $.dataPlane.autoscaling.hpa.targetCPU
[INFO] Auditing path $.dataPlane.autoscaling.hpa.targetMemory
[INFO] Auditing path $.dataPlane.autoscaling.vpa
[INFO] Auditing path $.dataPlane.autoscaling.vpa.annotations
[INFO] Auditing path $.dataPlane.autoscaling.vpa.controlledResources
[INFO] Auditing path $.dataPlane.autoscaling.vpa.controlledResources[*]
[INFO] Auditing path $.dataPlane.autoscaling.vpa.enabled
[INFO] Auditing path $.dataPlane.autoscaling.vpa.maxAllowed
[INFO] Auditing path $.dataPlane.autoscaling.vpa.minAllowed
[INFO] Auditing path $.dataPlane.autoscaling.vpa.updatePolicy
[INFO] Auditing path $.dataPlane.autoscaling.vpa.updatePolicy.updateMode
[INFO] Auditing path $.dataPlane.command
[INFO] Auditing path $.dataPlane.command[*]
[INFO] Auditing path $.dataPlane.containerPorts
[INFO] Auditing path $.dataPlane.containerPorts.control
[INFO] Auditing path $.dataPlane.containerPorts.http
[INFO] Auditing path $.dataPlane.containerPorts.https
[INFO] Auditing path $.dataPlane.containerPorts.metrics
[INFO] Auditing path $.dataPlane.containerSecurityContext
[INFO] Auditing path $.dataPlane.containerSecurityContext.allowPrivilegeEscalation
[INFO] Auditing path $.dataPlane.containerSecurityContext.capabilities
[INFO] Auditing path $.dataPlane.containerSecurityContext.capabilities.drop
[INFO] Auditing path $.dataPlane.containerSecurityContext.capabilities.drop[*]
[INFO] Auditing path $.dataPlane.containerSecurityContext.enabled
[INFO] Auditing path $.dataPlane.containerSecurityContext.privileged
[INFO] Auditing path $.dataPlane.containerSecurityContext.readOnlyRootFilesystem
[INFO] Auditing path $.dataPlane.containerSecurityContext.runAsGroup
[INFO] Auditing path $.dataPlane.containerSecurityContext.runAsNonRoot
[INFO] Auditing path $.dataPlane.containerSecurityContext.runAsUser
[INFO] Auditing path $.dataPlane.containerSecurityContext.seLinuxOptions
[INFO] Auditing path $.dataPlane.containerSecurityContext.seccompProfile
[INFO] Auditing path $.dataPlane.containerSecurityContext.seccompProfile.type
[INFO] Auditing path $.dataPlane.customLivenessProbe
[INFO] Auditing path $.dataPlane.customReadinessProbe
[INFO] Auditing path $.dataPlane.customStartupProbe
[INFO] Auditing path $.dataPlane.defaultConfig
[INFO] Auditing path $.dataPlane.dnsPolicy
[INFO] Auditing path $.dataPlane.enabled
[INFO] Auditing path $.dataPlane.existingConfigMap
[INFO] Auditing path $.dataPlane.extraConfig
[INFO] Auditing path $.dataPlane.extraConfigExistingConfigMap
[INFO] Auditing path $.dataPlane.extraEnvVars
[INFO] Auditing path $.dataPlane.extraEnvVars[*]
[INFO] Auditing path $.dataPlane.extraEnvVarsCM
[INFO] Auditing path $.dataPlane.extraEnvVarsSecret
[INFO] Auditing path $.dataPlane.extraVolumeMounts
[INFO] Auditing path $.dataPlane.extraVolumeMounts[*]
[INFO] Auditing path $.dataPlane.extraVolumes
[INFO] Auditing path $.dataPlane.extraVolumes[*]
[INFO] Auditing path $.dataPlane.hostAliases
[INFO] Auditing path $.dataPlane.hostAliases[*]
[INFO] Auditing path $.dataPlane.hostNetwork
[INFO] Auditing path $.dataPlane.ingress
[INFO] Auditing path $.dataPlane.ingress.annotations
[INFO] Auditing path $.dataPlane.ingress.apiVersion
[INFO] Auditing path $.dataPlane.ingress.enabled
[INFO] Auditing path $.dataPlane.ingress.extraHosts
[INFO] Auditing path $.dataPlane.ingress.extraHosts[*]
[INFO] Auditing path $.dataPlane.ingress.extraHosts[*].name
[INFO] Auditing path $.dataPlane.ingress.extraHosts[*].path
[INFO] Auditing path $.dataPlane.ingress.extraHosts[*].pathType
[INFO] Auditing path $.dataPlane.ingress.extraPaths
[INFO] Auditing path $.dataPlane.ingress.extraPaths[*]
[INFO] Auditing path $.dataPlane.ingress.extraRules
[INFO] Auditing path $.dataPlane.ingress.extraRules[*]
[INFO] Auditing path $.dataPlane.ingress.extraTls
[INFO] Auditing path $.dataPlane.ingress.extraTls[*]
[INFO] Auditing path $.dataPlane.ingress.hostname
[INFO] Auditing path $.dataPlane.ingress.ingressClassName
[INFO] Auditing path $.dataPlane.ingress.path
[INFO] Auditing path $.dataPlane.ingress.pathType
[INFO] Auditing path $.dataPlane.ingress.secrets
[INFO] Auditing path $.dataPlane.ingress.secrets[*]
[INFO] Auditing path $.dataPlane.ingress.secrets[*].certificate
[INFO] Auditing path $.dataPlane.ingress.secrets[*].key
[INFO] Auditing path $.dataPlane.ingress.secrets[*].name
[INFO] Auditing path $.dataPlane.ingress.selfSigned
[INFO] Auditing path $.dataPlane.ingress.tls
[INFO] Auditing path $.dataPlane.initContainers
[INFO] Auditing path $.dataPlane.initContainers[*]
[INFO] Auditing path $.dataPlane.lifecycleHooks
[INFO] Auditing path $.dataPlane.livenessProbe
[INFO] Auditing path $.dataPlane.livenessProbe.enabled
[INFO] Auditing path $.dataPlane.livenessProbe.failureThreshold
[INFO] Auditing path $.dataPlane.livenessProbe.initialDelaySeconds
[INFO] Auditing path $.dataPlane.livenessProbe.periodSeconds
[INFO] Auditing path $.dataPlane.livenessProbe.successThreshold
[INFO] Auditing path $.dataPlane.livenessProbe.timeoutSeconds
[INFO] Auditing path $.dataPlane.metrics
[INFO] Auditing path $.dataPlane.metrics.annotations
[INFO] Auditing path $.dataPlane.metrics.annotations.prometheus
[INFO] Auditing path $.dataPlane.metrics.annotations.prometheus["io/path"]
[INFO] Auditing path $.dataPlane.metrics.annotations.prometheus["io/port"]
[INFO] Auditing path $.dataPlane.metrics.annotations.prometheus["io/scrape"]
[INFO] Auditing path $.dataPlane.metrics.annotations["prometheus.io/path"]
[INFO] Auditing path $.dataPlane.metrics.annotations["prometheus.io/port"]
[INFO] Auditing path $.dataPlane.metrics.annotations["prometheus.io/scrape"]
[INFO] Auditing path $.dataPlane.metrics.enabled
[INFO] Auditing path $.dataPlane.metrics.serviceMonitor
[INFO] Auditing path $.dataPlane.metrics.serviceMonitor.annotations
[INFO] Auditing path $.dataPlane.metrics.serviceMonitor.enabled
[INFO] Auditing path $.dataPlane.metrics.serviceMonitor.honorLabels
[INFO] Auditing path $.dataPlane.metrics.serviceMonitor.interval
[INFO] Auditing path $.dataPlane.metrics.serviceMonitor.jobLabel
[INFO] Auditing path $.dataPlane.metrics.serviceMonitor.labels
[INFO] Auditing path $.dataPlane.metrics.serviceMonitor.metricRelabelings
[INFO] Auditing path $.dataPlane.metrics.serviceMonitor.metricRelabelings[*]
[INFO] Auditing path $.dataPlane.metrics.serviceMonitor.namespace
[INFO] Auditing path $.dataPlane.metrics.serviceMonitor.relabelings
[INFO] Auditing path $.dataPlane.metrics.serviceMonitor.relabelings[*]
[INFO] Auditing path $.dataPlane.metrics.serviceMonitor.scrapeTimeout
[INFO] Auditing path $.dataPlane.metrics.serviceMonitor.selector
[INFO] Auditing path $.dataPlane.networkPolicy
[INFO] Auditing path $.dataPlane.networkPolicy.allowExternal
[INFO] Auditing path $.dataPlane.networkPolicy.allowExternalEgress
[INFO] Auditing path $.dataPlane.networkPolicy.enabled
[INFO] Auditing path $.dataPlane.networkPolicy.extraEgress
[INFO] Auditing path $.dataPlane.networkPolicy.extraIngress
[INFO] Auditing path $.dataPlane.networkPolicy.ingressNSMatchLabels
[INFO] Auditing path $.dataPlane.networkPolicy.ingressNSMatchLabels[*]
[INFO] Auditing path $.dataPlane.networkPolicy.ingressNSPodMatchLabels
[INFO] Auditing path $.dataPlane.networkPolicy.ingressNSPodMatchLabels[*]
[INFO] Auditing path $.dataPlane.networkPolicy.kubeAPIServerPorts
[INFO] Auditing path $.dataPlane.networkPolicy.kubeAPIServerPorts[*]
[INFO] Auditing path $.dataPlane.nodeAffinityPreset
[INFO] Auditing path $.dataPlane.nodeAffinityPreset.key
[INFO] Auditing path $.dataPlane.nodeAffinityPreset.type
[INFO] Auditing path $.dataPlane.nodeAffinityPreset.values
[INFO] Auditing path $.dataPlane.nodeAffinityPreset.values[*]
[INFO] Auditing path $.dataPlane.nodeSelector
[INFO] Auditing path $.dataPlane.pdb
[INFO] Auditing path $.dataPlane.pdb.create
[INFO] Auditing path $.dataPlane.pdb.maxUnavailable
[INFO] Auditing path $.dataPlane.pdb.minAvailable
[INFO] Auditing path $.dataPlane.podAffinityPreset
[INFO] Auditing path $.dataPlane.podAnnotations
[INFO] Auditing path $.dataPlane.podAntiAffinityPreset
[INFO] Auditing path $.dataPlane.podLabels
[INFO] Auditing path $.dataPlane.podSecurityContext
[INFO] Auditing path $.dataPlane.podSecurityContext.enabled
[INFO] Auditing path $.dataPlane.podSecurityContext.fsGroup
[INFO] Auditing path $.dataPlane.podSecurityContext.fsGroupChangePolicy
[INFO] Auditing path $.dataPlane.podSecurityContext.seccompProfile
[INFO] Auditing path $.dataPlane.podSecurityContext.seccompProfile.type
[INFO] Auditing path $.dataPlane.podSecurityContext.supplementalGroups
[INFO] Auditing path $.dataPlane.podSecurityContext.sysctls
[INFO] Auditing path $.dataPlane.priorityClassName
[INFO] Auditing path $.dataPlane.rbac
[INFO] Auditing path $.dataPlane.rbac.create
[INFO] Auditing path $.dataPlane.rbac.rules
[INFO] Auditing path $.dataPlane.rbac.rules[*]
[INFO] Auditing path $.dataPlane.readinessProbe
[INFO] Auditing path $.dataPlane.readinessProbe.enabled
[INFO] Auditing path $.dataPlane.readinessProbe.failureThreshold
[INFO] Auditing path $.dataPlane.readinessProbe.initialDelaySeconds
[INFO] Auditing path $.dataPlane.readinessProbe.periodSeconds
[INFO] Auditing path $.dataPlane.readinessProbe.successThreshold
[INFO] Auditing path $.dataPlane.readinessProbe.timeoutSeconds
[INFO] Auditing path $.dataPlane.replicaCount
[INFO] Auditing path $.dataPlane.resources
[INFO] Auditing path $.dataPlane.resources.limits
[INFO] Auditing path $.dataPlane.resources.requests
[INFO] Auditing path $.dataPlane.resourcesPreset
[INFO] Auditing path $.dataPlane.schedulerName
[INFO] Auditing path $.dataPlane.service
[INFO] Auditing path $.dataPlane.service.annotations
[INFO] Auditing path $.dataPlane.service.clusterIP
[INFO] Auditing path $.dataPlane.service.externalIPs
[INFO] Auditing path $.dataPlane.service.externalTrafficPolicy
[INFO] Auditing path $.dataPlane.service.extraPorts
[INFO] Auditing path $.dataPlane.service.extraPorts[*]
[INFO] Auditing path $.dataPlane.service.loadBalancerIP
[INFO] Auditing path $.dataPlane.service.loadBalancerSourceRanges
[INFO] Auditing path $.dataPlane.service.loadBalancerSourceRanges[*]
[INFO] Auditing path $.dataPlane.service.nodePorts
[INFO] Auditing path $.dataPlane.service.nodePorts.http
[INFO] Auditing path $.dataPlane.service.nodePorts.https
[INFO] Auditing path $.dataPlane.service.nodePorts.metrics
[INFO] Auditing path $.dataPlane.service.ports
[INFO] Auditing path $.dataPlane.service.ports.http
[INFO] Auditing path $.dataPlane.service.ports.https
[INFO] Auditing path $.dataPlane.service.ports.metrics
[INFO] Auditing path $.dataPlane.service.sessionAffinity
[INFO] Auditing path $.dataPlane.service.sessionAffinityConfig
[INFO] Auditing path $.dataPlane.service.type
[INFO] Auditing path $.dataPlane.serviceAccount
[INFO] Auditing path $.dataPlane.serviceAccount.annotations
[INFO] Auditing path $.dataPlane.serviceAccount.automountServiceAccountToken
[INFO] Auditing path $.dataPlane.serviceAccount.create
[INFO] Auditing path $.dataPlane.serviceAccount.name
[INFO] Auditing path $.dataPlane.sidecars
[INFO] Auditing path $.dataPlane.sidecars[*]
[INFO] Auditing path $.dataPlane.startupProbe
[INFO] Auditing path $.dataPlane.startupProbe.enabled
[INFO] Auditing path $.dataPlane.startupProbe.failureThreshold
[INFO] Auditing path $.dataPlane.startupProbe.initialDelaySeconds
[INFO] Auditing path $.dataPlane.startupProbe.periodSeconds
[INFO] Auditing path $.dataPlane.startupProbe.successThreshold
[INFO] Auditing path $.dataPlane.startupProbe.timeoutSeconds
[INFO] Auditing path $.dataPlane.terminationGracePeriodSeconds
[INFO] Auditing path $.dataPlane.tls
[INFO] Auditing path $.dataPlane.tls.autoGenerated
[INFO] Auditing path $.dataPlane.tls.ca
[INFO] Auditing path $.dataPlane.tls.cert
[INFO] Auditing path $.dataPlane.tls.certCAFilename
[INFO] Auditing path $.dataPlane.tls.certFilename
[INFO] Auditing path $.dataPlane.tls.certKeyFilename
[INFO] Auditing path $.dataPlane.tls.enabled
[INFO] Auditing path $.dataPlane.tls.existingSecret
[INFO] Auditing path $.dataPlane.tls.key
[INFO] Auditing path $.dataPlane.tolerations
[INFO] Auditing path $.dataPlane.tolerations[*]
[INFO] Auditing path $.dataPlane.topologySpreadConstraints
[INFO] Auditing path $.dataPlane.topologySpreadConstraints[*]
[INFO] Auditing path $.dataPlane.updateStrategy
[INFO] Auditing path $.dataPlane.updateStrategy.type
[INFO] Auditing path $.dataPlane.useDaemonSet
[INFO] Auditing path $.dataPlane
[INFO] Auditing path $.diagnosticMode.args
[INFO] Auditing path $.diagnosticMode.args[*]
[INFO] Auditing path $.diagnosticMode.command
[INFO] Auditing path $.diagnosticMode.command[*]
[INFO] Auditing path $.diagnosticMode.enabled
[INFO] Auditing path $.diagnosticMode
[INFO] Auditing path $.etcd.auth
[INFO] Auditing path $.etcd.auth.client
[INFO] Auditing path $.etcd.auth.client.secureTransport
[INFO] Auditing path $.etcd.auth.rbac
[INFO] Auditing path $.etcd.auth.rbac.create
[INFO] Auditing path $.etcd.auth.rbac.rootPassword
[INFO] Auditing path $.etcd.containerPorts
[INFO] Auditing path $.etcd.containerPorts.client
[INFO] Auditing path $.etcd.enabled
[INFO] Auditing path $.etcd.replicaCount
[INFO] Auditing path $.etcd.resources
[INFO] Auditing path $.etcd.resourcesPreset
[INFO] Auditing path $.etcd
[INFO] Auditing path $.externalEtcd.existingSecret
[INFO] Auditing path $.externalEtcd.existingSecretPasswordKey
[INFO] Auditing path $.externalEtcd.password
[INFO] Auditing path $.externalEtcd.port
[INFO] Auditing path $.externalEtcd.secureTransport
[INFO] Auditing path $.externalEtcd.servers
[INFO] Auditing path $.externalEtcd.servers[*]
[INFO] Auditing path $.externalEtcd.user
[INFO] Auditing path $.externalEtcd
[INFO] Auditing path $.extraDeploy[*]
[INFO] Auditing path $.extraDeploy
[INFO] Auditing path $.fullnameOverride
[INFO] Auditing path $.global.compatibility
[INFO] Auditing path $.global.compatibility.openshift
[INFO] Auditing path $.global.compatibility.openshift.adaptSecurityContext
[INFO] Auditing path $.global.defaultStorageClass
[INFO] Auditing path $.global.imagePullSecrets
[INFO] Auditing path $.global.imagePullSecrets[*]
[INFO] Auditing path $.global.imageRegistry
[INFO] Auditing path $.global.security
[INFO] Auditing path $.global.security.allowInsecureImages
[INFO] Auditing path $.global.storageClass
[INFO] Auditing path $.global
[INFO] Auditing path $.image.debug
[INFO] Auditing path $.image.digest
[INFO] Auditing path $.image.pullPolicy
[INFO] Auditing path $.image.pullSecrets
[INFO] Auditing path $.image.pullSecrets[*]
[INFO] Auditing path $.image.registry
[INFO] Auditing path $.image.repository
[INFO] Auditing path $.image.tag
[INFO] Auditing path $.image
[INFO] Auditing path $.ingressController.affinity
[INFO] Auditing path $.ingressController.args
[INFO] Auditing path $.ingressController.args[*]
[INFO] Auditing path $.ingressController.automountServiceAccountToken
[INFO] Auditing path $.ingressController.autoscaling
[INFO] Auditing path $.ingressController.autoscaling.hpa
[INFO] Auditing path $.ingressController.autoscaling.hpa.enabled
[INFO] Auditing path $.ingressController.autoscaling.hpa.maxReplicas
[INFO] Auditing path $.ingressController.autoscaling.hpa.minReplicas
[INFO] Auditing path $.ingressController.autoscaling.hpa.targetCPU
[INFO] Auditing path $.ingressController.autoscaling.hpa.targetMemory
[INFO] Auditing path $.ingressController.autoscaling.vpa
[INFO] Auditing path $.ingressController.autoscaling.vpa.annotations
[INFO] Auditing path $.ingressController.autoscaling.vpa.controlledResources
[INFO] Auditing path $.ingressController.autoscaling.vpa.controlledResources[*]
[INFO] Auditing path $.ingressController.autoscaling.vpa.enabled
[INFO] Auditing path $.ingressController.autoscaling.vpa.maxAllowed
[INFO] Auditing path $.ingressController.autoscaling.vpa.minAllowed
[INFO] Auditing path $.ingressController.autoscaling.vpa.updatePolicy
[INFO] Auditing path $.ingressController.autoscaling.vpa.updatePolicy.updateMode
[INFO] Auditing path $.ingressController.command
[INFO] Auditing path $.ingressController.command[*]
[INFO] Auditing path $.ingressController.containerPorts
[INFO] Auditing path $.ingressController.containerPorts.http
[INFO] Auditing path $.ingressController.containerPorts.https
[INFO] Auditing path $.ingressController.containerSecurityContext
[INFO] Auditing path $.ingressController.containerSecurityContext.allowPrivilegeEscalation
[INFO] Auditing path $.ingressController.containerSecurityContext.capabilities
[INFO] Auditing path $.ingressController.containerSecurityContext.capabilities.drop
[INFO] Auditing path $.ingressController.containerSecurityContext.capabilities.drop[*]
[INFO] Auditing path $.ingressController.containerSecurityContext.enabled
[INFO] Auditing path $.ingressController.containerSecurityContext.privileged
[INFO] Auditing path $.ingressController.containerSecurityContext.readOnlyRootFilesystem
[INFO] Auditing path $.ingressController.containerSecurityContext.runAsGroup
[INFO] Auditing path $.ingressController.containerSecurityContext.runAsNonRoot
[INFO] Auditing path $.ingressController.containerSecurityContext.runAsUser
[INFO] Auditing path $.ingressController.containerSecurityContext.seLinuxOptions
[INFO] Auditing path $.ingressController.containerSecurityContext.seccompProfile
[INFO] Auditing path $.ingressController.containerSecurityContext.seccompProfile.type
[INFO] Auditing path $.ingressController.customLivenessProbe
[INFO] Auditing path $.ingressController.customReadinessProbe
[INFO] Auditing path $.ingressController.customStartupProbe
[INFO] Auditing path $.ingressController.defaultConfig
[INFO] Auditing path $.ingressController.enabled
[INFO] Auditing path $.ingressController.existingConfigMap
[INFO] Auditing path $.ingressController.extraConfig
[INFO] Auditing path $.ingressController.extraConfigExistingConfigMap
[INFO] Auditing path $.ingressController.extraEnvVars
[INFO] Auditing path $.ingressController.extraEnvVars[*]
[INFO] Auditing path $.ingressController.extraEnvVarsCM
[INFO] Auditing path $.ingressController.extraEnvVarsSecret
[INFO] Auditing path $.ingressController.extraVolumeMounts
[INFO] Auditing path $.ingressController.extraVolumeMounts[*]
[INFO] Auditing path $.ingressController.extraVolumes
[INFO] Auditing path $.ingressController.extraVolumes[*]
[INFO] Auditing path $.ingressController.hostAliases
[INFO] Auditing path $.ingressController.hostAliases[*]
[INFO] Auditing path $.ingressController.image
[INFO] Auditing path $.ingressController.image.debug
[INFO] Auditing path $.ingressController.image.digest
[INFO] Auditing path $.ingressController.image.pullPolicy
[INFO] Auditing path $.ingressController.image.pullSecrets
[INFO] Auditing path $.ingressController.image.pullSecrets[*]
[INFO] Auditing path $.ingressController.image.registry
[INFO] Auditing path $.ingressController.image.repository
[INFO] Auditing path $.ingressController.image.tag
[INFO] Auditing path $.ingressController.ingress
[INFO] Auditing path $.ingressController.ingress.annotations
[INFO] Auditing path $.ingressController.ingress.apiVersion
[INFO] Auditing path $.ingressController.ingress.enabled
[INFO] Auditing path $.ingressController.ingress.extraHosts
[INFO] Auditing path $.ingressController.ingress.extraHosts[*]
[INFO] Auditing path $.ingressController.ingress.extraHosts[*].name
[INFO] Auditing path $.ingressController.ingress.extraHosts[*].path
[INFO] Auditing path $.ingressController.ingress.extraHosts[*].pathType
[INFO] Auditing path $.ingressController.ingress.extraPaths
[INFO] Auditing path $.ingressController.ingress.extraPaths[*]
[INFO] Auditing path $.ingressController.ingress.extraRules
[INFO] Auditing path $.ingressController.ingress.extraRules[*]
[INFO] Auditing path $.ingressController.ingress.extraTls
[INFO] Auditing path $.ingressController.ingress.extraTls[*]
[INFO] Auditing path $.ingressController.ingress.hostname
[INFO] Auditing path $.ingressController.ingress.ingressClassName
[INFO] Auditing path $.ingressController.ingress.path
[INFO] Auditing path $.ingressController.ingress.pathType
[INFO] Auditing path $.ingressController.ingress.secrets
[INFO] Auditing path $.ingressController.ingress.secrets[*]
[INFO] Auditing path $.ingressController.ingress.secrets[*].certificate
[INFO] Auditing path $.ingressController.ingress.secrets[*].key
[INFO] Auditing path $.ingressController.ingress.secrets[*].name
[INFO] Auditing path $.ingressController.ingress.selfSigned
[INFO] Auditing path $.ingressController.ingress.tls
[INFO] Auditing path $.ingressController.ingressClass
[INFO] Auditing path $.ingressController.ingressClass.annotations
[INFO] Auditing path $.ingressController.ingressClass.create
[INFO] Auditing path $.ingressController.ingressClass.name
[INFO] Auditing path $.ingressController.initContainers
[INFO] Auditing path $.ingressController.initContainers[*]
[INFO] Auditing path $.ingressController.lifecycleHooks
[INFO] Auditing path $.ingressController.livenessProbe
[INFO] Auditing path $.ingressController.livenessProbe.enabled
[INFO] Auditing path $.ingressController.livenessProbe.failureThreshold
[INFO] Auditing path $.ingressController.livenessProbe.initialDelaySeconds
[INFO] Auditing path $.ingressController.livenessProbe.periodSeconds
[INFO] Auditing path $.ingressController.livenessProbe.successThreshold
[INFO] Auditing path $.ingressController.livenessProbe.timeoutSeconds
[INFO] Auditing path $.ingressController.metrics
[INFO] Auditing path $.ingressController.metrics.annotations
[INFO] Auditing path $.ingressController.metrics.annotations.prometheus
[INFO] Auditing path $.ingressController.metrics.annotations.prometheus["io/port"]
[INFO] Auditing path $.ingressController.metrics.annotations.prometheus["io/scrape"]
[INFO] Auditing path $.ingressController.metrics.annotations["prometheus.io/port"]
[INFO] Auditing path $.ingressController.metrics.annotations["prometheus.io/scrape"]
[INFO] Auditing path $.ingressController.metrics.enabled
[INFO] Auditing path $.ingressController.metrics.serviceMonitor
[INFO] Auditing path $.ingressController.metrics.serviceMonitor.annotations
[INFO] Auditing path $.ingressController.metrics.serviceMonitor.enabled
[INFO] Auditing path $.ingressController.metrics.serviceMonitor.honorLabels
[INFO] Auditing path $.ingressController.metrics.serviceMonitor.interval
[INFO] Auditing path $.ingressController.metrics.serviceMonitor.jobLabel
[INFO] Auditing path $.ingressController.metrics.serviceMonitor.labels
[INFO] Auditing path $.ingressController.metrics.serviceMonitor.metricRelabelings
[INFO] Auditing path $.ingressController.metrics.serviceMonitor.metricRelabelings[*]
[INFO] Auditing path $.ingressController.metrics.serviceMonitor.namespace
[INFO] Auditing path $.ingressController.metrics.serviceMonitor.relabelings
[INFO] Auditing path $.ingressController.metrics.serviceMonitor.relabelings[*]
[INFO] Auditing path $.ingressController.metrics.serviceMonitor.scrapeTimeout
[INFO] Auditing path $.ingressController.metrics.serviceMonitor.selector
[INFO] Auditing path $.ingressController.networkPolicy
[INFO] Auditing path $.ingressController.networkPolicy.allowExternal
[INFO] Auditing path $.ingressController.networkPolicy.allowExternalEgress
[INFO] Auditing path $.ingressController.networkPolicy.enabled
[INFO] Auditing path $.ingressController.networkPolicy.extraEgress
[INFO] Auditing path $.ingressController.networkPolicy.extraIngress
[INFO] Auditing path $.ingressController.networkPolicy.ingressNSMatchLabels
[INFO] Auditing path $.ingressController.networkPolicy.ingressNSMatchLabels[*]
[INFO] Auditing path $.ingressController.networkPolicy.ingressNSPodMatchLabels
[INFO] Auditing path $.ingressController.networkPolicy.ingressNSPodMatchLabels[*]
[INFO] Auditing path $.ingressController.networkPolicy.kubeAPIServerPorts
[INFO] Auditing path $.ingressController.networkPolicy.kubeAPIServerPorts[*]
[INFO] Auditing path $.ingressController.nodeAffinityPreset
[INFO] Auditing path $.ingressController.nodeAffinityPreset.key
[INFO] Auditing path $.ingressController.nodeAffinityPreset.type
[INFO] Auditing path $.ingressController.nodeAffinityPreset.values
[INFO] Auditing path $.ingressController.nodeAffinityPreset.values[*]
[INFO] Auditing path $.ingressController.nodeSelector
[INFO] Auditing path $.ingressController.pdb
[INFO] Auditing path $.ingressController.pdb.create
[INFO] Auditing path $.ingressController.pdb.maxUnavailable
[INFO] Auditing path $.ingressController.pdb.minAvailable
[INFO] Auditing path $.ingressController.podAffinityPreset
[INFO] Auditing path $.ingressController.podAnnotations
[INFO] Auditing path $.ingressController.podAntiAffinityPreset
[INFO] Auditing path $.ingressController.podLabels
[INFO] Auditing path $.ingressController.podSecurityContext
[INFO] Auditing path $.ingressController.podSecurityContext.enabled
[INFO] Auditing path $.ingressController.podSecurityContext.fsGroup
[INFO] Auditing path $.ingressController.podSecurityContext.fsGroupChangePolicy
[INFO] Auditing path $.ingressController.podSecurityContext.seccompProfile
[INFO] Auditing path $.ingressController.podSecurityContext.seccompProfile.type
[INFO] Auditing path $.ingressController.podSecurityContext.supplementalGroups
[INFO] Auditing path $.ingressController.podSecurityContext.sysctls
[INFO] Auditing path $.ingressController.priorityClassName
[INFO] Auditing path $.ingressController.rbac
[INFO] Auditing path $.ingressController.rbac.create
[INFO] Auditing path $.ingressController.rbac.rules
[INFO] Auditing path $.ingressController.rbac.rules[*]
[INFO] Auditing path $.ingressController.readinessProbe
[INFO] Auditing path $.ingressController.readinessProbe.enabled
[INFO] Auditing path $.ingressController.readinessProbe.failureThreshold
[INFO] Auditing path $.ingressController.readinessProbe.initialDelaySeconds
[INFO] Auditing path $.ingressController.readinessProbe.periodSeconds
[INFO] Auditing path $.ingressController.readinessProbe.successThreshold
[INFO] Auditing path $.ingressController.readinessProbe.timeoutSeconds
[INFO] Auditing path $.ingressController.replicaCount
[INFO] Auditing path $.ingressController.resources
[INFO] Auditing path $.ingressController.resources.limits
[INFO] Auditing path $.ingressController.resources.requests
[INFO] Auditing path $.ingressController.resourcesPreset
[INFO] Auditing path $.ingressController.schedulerName
[INFO] Auditing path $.ingressController.service
[INFO] Auditing path $.ingressController.service.annotations
[INFO] Auditing path $.ingressController.service.clusterIP
[INFO] Auditing path $.ingressController.service.externalIPs
[INFO] Auditing path $.ingressController.service.externalTrafficPolicy
[INFO] Auditing path $.ingressController.service.extraPorts
[INFO] Auditing path $.ingressController.service.extraPorts[*]
[INFO] Auditing path $.ingressController.service.loadBalancerIP
[INFO] Auditing path $.ingressController.service.loadBalancerSourceRanges
[INFO] Auditing path $.ingressController.service.loadBalancerSourceRanges[*]
[INFO] Auditing path $.ingressController.service.nodePorts
[INFO] Auditing path $.ingressController.service.nodePorts.http
[INFO] Auditing path $.ingressController.service.nodePorts.https
[INFO] Auditing path $.ingressController.service.ports
[INFO] Auditing path $.ingressController.service.ports.http
[INFO] Auditing path $.ingressController.service.ports.https
[INFO] Auditing path $.ingressController.service.sessionAffinity
[INFO] Auditing path $.ingressController.service.sessionAffinityConfig
[INFO] Auditing path $.ingressController.service.type
[INFO] Auditing path $.ingressController.serviceAccount
[INFO] Auditing path $.ingressController.serviceAccount.annotations
[INFO] Auditing path $.ingressController.serviceAccount.automountServiceAccountToken
[INFO] Auditing path $.ingressController.serviceAccount.create
[INFO] Auditing path $.ingressController.serviceAccount.name
[INFO] Auditing path $.ingressController.sidecars
[INFO] Auditing path $.ingressController.sidecars[*]
[INFO] Auditing path $.ingressController.startupProbe
[INFO] Auditing path $.ingressController.startupProbe.enabled
[INFO] Auditing path $.ingressController.startupProbe.failureThreshold
[INFO] Auditing path $.ingressController.startupProbe.initialDelaySeconds
[INFO] Auditing path $.ingressController.startupProbe.periodSeconds
[INFO] Auditing path $.ingressController.startupProbe.successThreshold
[INFO] Auditing path $.ingressController.startupProbe.timeoutSeconds
[INFO] Auditing path $.ingressController.terminationGracePeriodSeconds
[INFO] Auditing path $.ingressController.tls
[INFO] Auditing path $.ingressController.tls.autoGenerated
[INFO] Auditing path $.ingressController.tls.ca
[INFO] Auditing path $.ingressController.tls.cert
[INFO] Auditing path $.ingressController.tls.certCAFilename
[INFO] Auditing path $.ingressController.tls.certFilename
[INFO] Auditing path $.ingressController.tls.certKeyFilename
[INFO] Auditing path $.ingressController.tls.enabled
[INFO] Auditing path $.ingressController.tls.existingSecret
[INFO] Auditing path $.ingressController.tls.key
[INFO] Auditing path $.ingressController.tolerations
[INFO] Auditing path $.ingressController.tolerations[*]
[INFO] Auditing path $.ingressController.topologySpreadConstraints
[INFO] Auditing path $.ingressController.topologySpreadConstraints[*]
[INFO] Auditing path $.ingressController.updateStrategy
[INFO] Auditing path $.ingressController.updateStrategy.type
[INFO] Auditing path $.ingressController
[INFO] Auditing path $.kubeVersion
[INFO] Auditing path $.nameOverride
[INFO] Auditing path $.namespaceOverride
[INFO] Auditing path $.usePasswordFiles
[INFO] Auditing path $.waitContainer.containerSecurityContext
[INFO] Auditing path $.waitContainer.containerSecurityContext.allowPrivilegeEscalation
[INFO] Auditing path $.waitContainer.containerSecurityContext.capabilities
[INFO] Auditing path $.waitContainer.containerSecurityContext.capabilities.drop
[INFO] Auditing path $.waitContainer.containerSecurityContext.capabilities.drop[*]
[INFO] Auditing path $.waitContainer.containerSecurityContext.enabled
[INFO] Auditing path $.waitContainer.containerSecurityContext.privileged
[INFO] Auditing path $.waitContainer.containerSecurityContext.readOnlyRootFilesystem
[INFO] Auditing path $.waitContainer.containerSecurityContext.runAsGroup
[INFO] Auditing path $.waitContainer.containerSecurityContext.runAsNonRoot
[INFO] Auditing path $.waitContainer.containerSecurityContext.runAsUser
[INFO] Auditing path $.waitContainer.containerSecurityContext.seLinuxOptions
[INFO] Auditing path $.waitContainer.containerSecurityContext.seccompProfile
[INFO] Auditing path $.waitContainer.containerSecurityContext.seccompProfile.type
[INFO] Auditing path $.waitContainer.image
[INFO] Auditing path $.waitContainer.image.digest
[INFO] Auditing path $.waitContainer.image.pullPolicy
[INFO] Auditing path $.waitContainer.image.pullSecrets
[INFO] Auditing path $.waitContainer.image.pullSecrets[*]
[INFO] Auditing path $.waitContainer.image.registry
[INFO] Auditing path $.waitContainer.image.repository
[INFO] Auditing path $.waitContainer.image.tag
[INFO] Auditing path $.waitContainer
