[INFO] Chart 1/1: .
[INFO] Finite filtering unavailable: permutations need closed objects at (); set additionalProperties: false; prioritizing known inputs before robustness sampling
[INFO] Coalescing path $.clusterResourceNamespace
[INFO] Coalescing path $.commonAnnotations
[INFO] Coalescing path $.commonLabels
[INFO] Coalescing path $.extraDeploy
[INFO] Coalescing path $.installCRDs
[INFO] Coalescing path $.logLevel
[INFO] Coalescing path $.cainjector.affinity
[INFO] Coalescing path $.cainjector.args
[INFO] Coalescing path $.cainjector.automountServiceAccountToken
[INFO] Coalescing path $.cainjector.command
[INFO] Coalescing path $.cainjector.containerSecurityContext
[INFO] Coalescing path $.cainjector.customLivenessProbe
[INFO] Coalescing path $.cainjector.customReadinessProbe
[INFO] Coalescing path $.cainjector.customStartupProbe
[INFO] Coalescing path $.cainjector.extraArgs
[INFO] Coalescing path $.cainjector.extraEnvVars
[INFO] Coalescing path $.cainjector.extraEnvVarsCM
[INFO] Coalescing path $.cainjector.extraEnvVarsSecret
[INFO] Coalescing path $.cainjector.extraVolumeMounts
[INFO] Coalescing path $.cainjector.extraVolumes
[INFO] Coalescing path $.cainjector.hostAliases
[INFO] Coalescing path $.cainjector.image
[INFO] Coalescing path $.cainjector.initContainers
[INFO] Coalescing path $.cainjector.lifecycleHooks
[INFO] Coalescing path $.cainjector.nodeSelector
[INFO] Coalescing path $.cainjector.podAffinityPreset
[INFO] Coalescing path $.cainjector.podAnnotations
[INFO] Coalescing path $.cainjector.podAntiAffinityPreset
[INFO] Coalescing path $.cainjector.podLabels
[INFO] Coalescing path $.cainjector.podSecurityContext
[INFO] Coalescing path $.cainjector.priorityClassName
[INFO] Coalescing path $.cainjector.replicaCount
[INFO] Coalescing path $.cainjector.resources
[INFO] Coalescing path $.cainjector.runtimeClassName
[INFO] Coalescing path $.cainjector.schedulerName
[INFO] Coalescing path $.cainjector.sidecars
[INFO] Coalescing path $.cainjector.tolerations
[INFO] Coalescing path $.cainjector.topologySpreadConstraints
[INFO] Coalescing path $.cainjector.updateStrategy
[INFO] Coalescing path $.controller.affinity
[INFO] Coalescing path $.controller.args
[INFO] Coalescing path $.controller.automountServiceAccountToken
[INFO] Coalescing path $.controller.command
[INFO] Coalescing path $.controller.containerPort
[INFO] Coalescing path $.controller.containerSecurityContext
[INFO] Coalescing path $.controller.customLivenessProbe
[INFO] Coalescing path $.controller.customReadinessProbe
[INFO] Coalescing path $.controller.customStartupProbe
[INFO] Coalescing path $.controller.dnsConfig
[INFO] Coalescing path $.controller.dnsPolicy
[INFO] Coalescing path $.controller.extraArgs
[INFO] Coalescing path $.controller.extraEnvVars
[INFO] Coalescing path $.controller.extraEnvVarsCM
[INFO] Coalescing path $.controller.extraEnvVarsSecret
[INFO] Coalescing path $.controller.extraVolumeMounts
[INFO] Coalescing path $.controller.extraVolumes
[INFO] Coalescing path $.controller.hostAliases
[INFO] Coalescing path $.controller.image
[INFO] Coalescing path $.controller.initContainers
[INFO] Coalescing path $.controller.lifecycleHooks
[INFO] Coalescing path $.controller.nodeSelector
[INFO] Coalescing path $.controller.podAffinityPreset
[INFO] Coalescing path $.controller.podAnnotations
[INFO] Coalescing path $.controller.podAntiAffinityPreset
[INFO] Coalescing path $.controller.podLabels
[INFO] Coalescing path $.controller.podSecurityContext
[INFO] Coalescing path $.controller.priorityClassName
[INFO] Coalescing path $.controller.replicaCount
[INFO] Coalescing path $.controller.resources
[INFO] Coalescing path $.controller.runtimeClassName
[INFO] Coalescing path $.controller.schedulerName
[INFO] Coalescing path $.controller.sidecars
[INFO] Coalescing path $.controller.tolerations
[INFO] Coalescing path $.controller.topologySpreadConstraints
[INFO] Coalescing path $.controller.updateStrategy
[INFO] Coalescing path $.extraDeploy[*]
[INFO] Coalescing path $.leaderElection.namespace
[INFO] Coalescing path $.metrics.enabled
[INFO] Coalescing path $.metrics.podAnnotations
[INFO] Coalescing path $.rbac.create
[INFO] Coalescing path $.webhook.affinity
[INFO] Coalescing path $.webhook.args
[INFO] Coalescing path $.webhook.automountServiceAccountToken
[INFO] Coalescing path $.webhook.command
[INFO] Coalescing path $.webhook.containerPort
[INFO] Coalescing path $.webhook.containerSecurityContext
[INFO] Coalescing path $.webhook.customLivenessProbe
[INFO] Coalescing path $.webhook.customReadinessProbe
[INFO] Coalescing path $.webhook.customStartupProbe
[INFO] Coalescing path $.webhook.extraArgs
[INFO] Coalescing path $.webhook.extraEnvVars
[INFO] Coalescing path $.webhook.extraEnvVarsCM
[INFO] Coalescing path $.webhook.extraEnvVarsSecret
[INFO] Coalescing path $.webhook.extraVolumeMounts
[INFO] Coalescing path $.webhook.extraVolumes
[INFO] Coalescing path $.webhook.hostAliases
[INFO] Coalescing path $.webhook.hostNetwork
[INFO] Coalescing path $.webhook.httpsPort
[INFO] Coalescing path $.webhook.image
[INFO] Coalescing path $.webhook.initContainers
[INFO] Coalescing path $.webhook.lifecycleHooks
[INFO] Coalescing path $.webhook.nodeSelector
[INFO] Coalescing path $.webhook.podAffinityPreset
[INFO] Coalescing path $.webhook.podAnnotations
[INFO] Coalescing path $.webhook.podAntiAffinityPreset
[INFO] Coalescing path $.webhook.podLabels
[INFO] Coalescing path $.webhook.podSecurityContext
[INFO] Coalescing path $.webhook.priorityClassName
[INFO] Coalescing path $.webhook.replicaCount
[INFO] Coalescing path $.webhook.resources
[INFO] Coalescing path $.webhook.runtimeClassName
[INFO] Coalescing path $.webhook.schedulerName
[INFO] Coalescing path $.webhook.sidecars
[INFO] Coalescing path $.webhook.timeoutSeconds
[INFO] Coalescing path $.webhook.tolerations
[INFO] Coalescing path $.webhook.topologySpreadConstraints
[INFO] Coalescing path $.webhook.updateStrategy
[INFO] Coalescing path $.cainjector.containerSecurityContext.enabled
[INFO] Coalescing path $.cainjector.image.debug
[INFO] Coalescing path $.cainjector.image.pullPolicy
[INFO] Coalescing path $.cainjector.networkPolicy.allowExternalEgress
[INFO] Coalescing path $.cainjector.networkPolicy.enabled
[INFO] Coalescing path $.cainjector.networkPolicy.extraEgress
[INFO] Coalescing path $.cainjector.networkPolicy.extraIngress
[INFO] Coalescing path $.cainjector.networkPolicy.kubeAPIServerPorts
[INFO] Coalescing path $.cainjector.nodeAffinityPreset.key
[INFO] Coalescing path $.cainjector.nodeAffinityPreset.type
[INFO] Coalescing path $.cainjector.nodeAffinityPreset.values
[INFO] Coalescing path $.cainjector.pdb.create
[INFO] Coalescing path $.cainjector.pdb.maxUnavailable
[INFO] Coalescing path $.cainjector.pdb.minAvailable
[INFO] Coalescing path $.cainjector.podSecurityContext.enabled
[INFO] Coalescing path $.cainjector.serviceAccount.annotations
[INFO] Coalescing path $.cainjector.serviceAccount.automountServiceAccountToken
[INFO] Coalescing path $.cainjector.serviceAccount.create
[INFO] Coalescing path $.controller.acmesolver.image
[INFO] Coalescing path $.controller.containerPorts.health
[INFO] Coalescing path $.controller.containerPorts.http
[INFO] Coalescing path $.controller.containerSecurityContext.enabled
[INFO] Coalescing path $.controller.image.debug
[INFO] Coalescing path $.controller.image.pullPolicy
[INFO] Coalescing path $.controller.networkPolicy.allowExternal
[INFO] Coalescing path $.controller.networkPolicy.allowExternalEgress
[INFO] Coalescing path $.controller.networkPolicy.enabled
[INFO] Coalescing path $.controller.networkPolicy.extraEgress
[INFO] Coalescing path $.controller.networkPolicy.extraIngress
[INFO] Coalescing path $.controller.networkPolicy.ingressNSMatchLabels
[INFO] Coalescing path $.controller.networkPolicy.ingressNSPodMatchLabels
[INFO] Coalescing path $.controller.networkPolicy.kubeAPIServerPorts
[INFO] Coalescing path $.controller.nodeAffinityPreset.key
[INFO] Coalescing path $.controller.nodeAffinityPreset.type
[INFO] Coalescing path $.controller.nodeAffinityPreset.values
[INFO] Coalescing path $.controller.pdb.create
[INFO] Coalescing path $.controller.pdb.maxUnavailable
[INFO] Coalescing path $.controller.pdb.minAvailable
[INFO] Coalescing path $.controller.podSecurityContext.enabled
[INFO] Coalescing path $.controller.serviceAccount.annotations
[INFO] Coalescing path $.controller.serviceAccount.automountServiceAccountToken
[INFO] Coalescing path $.controller.serviceAccount.create
[INFO] Coalescing path $.metrics.serviceMonitor.additionalLabels
[INFO] Coalescing path $.metrics.serviceMonitor.enabled
[INFO] Coalescing path $.metrics.serviceMonitor.honorLabels
[INFO] Coalescing path $.metrics.serviceMonitor.interval
[INFO] Coalescing path $.metrics.serviceMonitor.jobLabel
[INFO] Coalescing path $.metrics.serviceMonitor.labels
[INFO] Coalescing path $.metrics.serviceMonitor.metricRelabelings
[INFO] Coalescing path $.metrics.serviceMonitor.namespace
[INFO] Coalescing path $.metrics.serviceMonitor.path
[INFO] Coalescing path $.metrics.serviceMonitor.relabelings
[INFO] Coalescing path $.metrics.serviceMonitor.scrapeTimeout
[INFO] Coalescing path $.metrics.serviceMonitor.selector
[INFO] Coalescing path $.metrics.serviceMonitor.targetPort
[INFO] Coalescing path $.webhook.containerPorts.health
[INFO] Coalescing path $.webhook.containerPorts.https
[INFO] Coalescing path $.webhook.containerSecurityContext.enabled
[INFO] Coalescing path $.webhook.image.debug
[INFO] Coalescing path $.webhook.image.pullPolicy
[INFO] Coalescing path $.webhook.networkPolicy.allowExternal
[INFO] Coalescing path $.webhook.networkPolicy.allowExternalEgress
[INFO] Coalescing path $.webhook.networkPolicy.enabled
[INFO] Coalescing path $.webhook.networkPolicy.extraEgress
[INFO] Coalescing path $.webhook.networkPolicy.extraIngress
[INFO] Coalescing path $.webhook.networkPolicy.ingressNSMatchLabels
[INFO] Coalescing path $.webhook.networkPolicy.ingressNSPodMatchLabels
[INFO] Coalescing path $.webhook.networkPolicy.kubeAPIServerPorts
[INFO] Coalescing path $.webhook.nodeAffinityPreset.key
[INFO] Coalescing path $.webhook.nodeAffinityPreset.type
[INFO] Coalescing path $.webhook.nodeAffinityPreset.values
[INFO] Coalescing path $.webhook.pdb.create
[INFO] Coalescing path $.webhook.pdb.maxUnavailable
[INFO] Coalescing path $.webhook.pdb.minAvailable
[INFO] Coalescing path $.webhook.podSecurityContext.enabled
[INFO] Coalescing path $.webhook.serviceAccount.annotations
[INFO] Coalescing path $.webhook.serviceAccount.automountServiceAccountToken
[INFO] Coalescing path $.webhook.serviceAccount.create
[INFO] Coalescing path $.cainjector.networkPolicy.kubeAPIServerPorts[*]
[INFO] Coalescing path $.controller.networkPolicy.ingressNSMatchLabels[*]
[INFO] Coalescing path $.controller.networkPolicy.ingressNSPodMatchLabels[*]
[INFO] Coalescing path $.controller.networkPolicy.kubeAPIServerPorts[*]
[INFO] Coalescing path $.webhook.networkPolicy.ingressNSMatchLabels[*]
[INFO] Coalescing path $.webhook.networkPolicy.ingressNSPodMatchLabels[*]
[INFO] Coalescing path $.webhook.networkPolicy.kubeAPIServerPorts[*]
[INFO] Coalescing path $.webhook.service.ports.https
[INFO] Testing known inputs first; arbitrary extra-key cases are deferred
[INFO] Render hashes (run-local): 46 observed, 25 unique, 21 duplicate bundles; 21 successful validations reused
[INFO] Testing deferred arbitrary-key and original-schema robustness cases
[INFO] Render hashes (run-local): 101 observed, 1 unique, 100 duplicate bundles; 100 successful validations reused
[INFO] .: failed; 0 charts remain
