[INFO] Chart 1/1: .
[INFO] Finite filtering unavailable: permutations need closed objects at (); set additionalProperties: false; prioritizing known inputs before robustness sampling
[INFO] Coalescing path $.affinity
[INFO] Coalescing path $.automountServiceAccountToken
[INFO] Coalescing path $.cloudBootstrap
[INFO] Coalescing path $.cloudEnabled
[INFO] Coalescing path $.clusterDomain
[INFO] Coalescing path $.collection
[INFO] Coalescing path $.collectionReplicas
[INFO] Coalescing path $.collectionShards
[INFO] Coalescing path $.commonAnnotations
[INFO] Coalescing path $.commonLabels
[INFO] Coalescing path $.containerSecurityContext
[INFO] Coalescing path $.coreNames
[INFO] Coalescing path $.customLivenessProbe
[INFO] Coalescing path $.customReadinessProbe
[INFO] Coalescing path $.customStartupProbe
[INFO] Coalescing path $.enableServiceLinks
[INFO] Coalescing path $.extraDeploy
[INFO] Coalescing path $.extraEnvVars
[INFO] Coalescing path $.extraEnvVarsCM
[INFO] Coalescing path $.extraEnvVarsSecret
[INFO] Coalescing path $.extraVolumeMounts
[INFO] Coalescing path $.extraVolumes
[INFO] Coalescing path $.global
[INFO] Coalescing path $.heap
[INFO] Coalescing path $.hostAliases
[INFO] Coalescing path $.image
[INFO] Coalescing path $.initContainers
[INFO] Coalescing path $.javaMem
[INFO] Coalescing path $.lifecycleHooks
[INFO] Coalescing path $.nodeSelector
[INFO] Coalescing path $.persistence
[INFO] Coalescing path $.podAffinityPreset
[INFO] Coalescing path $.podAnnotations
[INFO] Coalescing path $.podAntiAffinityPreset
[INFO] Coalescing path $.podLabels
[INFO] Coalescing path $.podManagementPolicy
[INFO] Coalescing path $.podSecurityContext
[INFO] Coalescing path $.priorityClassName
[INFO] Coalescing path $.replicaCount
[INFO] Coalescing path $.resources
[INFO] Coalescing path $.revisionHistoryLimit
[INFO] Coalescing path $.schedulerName
[INFO] Coalescing path $.serverDirectory
[INFO] Coalescing path $.sidecars
[INFO] Coalescing path $.tolerations
[INFO] Coalescing path $.topologySpreadConstraints
[INFO] Coalescing path $.updateStrategy
[INFO] Coalescing path $.usePasswordFiles
[INFO] Coalescing path $.auth.adminUsername
[INFO] Coalescing path $.auth.enabled
[INFO] Coalescing path $.containerPorts.http
[INFO] Coalescing path $.containerSecurityContext.enabled
[INFO] Coalescing path $.containerSecurityContext.runAsUser
[INFO] Coalescing path $.diagnosticMode.args
[INFO] Coalescing path $.diagnosticMode.command
[INFO] Coalescing path $.diagnosticMode.enabled
[INFO] Coalescing path $.extraDeploy[*]
[INFO] Coalescing path $.image.debug
[INFO] Coalescing path $.image.pullPolicy
[INFO] Coalescing path $.ingress.annotations
[INFO] Coalescing path $.ingress.enabled
[INFO] Coalescing path $.ingress.extraHosts
[INFO] Coalescing path $.ingress.extraPaths
[INFO] Coalescing path $.ingress.extraRules
[INFO] Coalescing path $.ingress.extraTls
[INFO] Coalescing path $.ingress.hostname
[INFO] Coalescing path $.ingress.ingressClassName
[INFO] Coalescing path $.ingress.path
[INFO] Coalescing path $.ingress.pathType
[INFO] Coalescing path $.ingress.secrets
[INFO] Coalescing path $.ingress.selfSigned
[INFO] Coalescing path $.ingress.tls
[INFO] Coalescing path $.metrics.affinity
[INFO] Coalescing path $.metrics.automountServiceAccountToken
[INFO] Coalescing path $.metrics.containerSecurityContext
[INFO] Coalescing path $.metrics.customLivenessProbe
[INFO] Coalescing path $.metrics.customReadinessProbe
[INFO] Coalescing path $.metrics.customStartupProbe
[INFO] Coalescing path $.metrics.enabled
[INFO] Coalescing path $.metrics.extraEnvVars
[INFO] Coalescing path $.metrics.extraEnvVarsCM
[INFO] Coalescing path $.metrics.extraEnvVarsSecret
[INFO] Coalescing path $.metrics.extraVolumeMounts
[INFO] Coalescing path $.metrics.extraVolumes
[INFO] Coalescing path $.metrics.hostAliases
[INFO] Coalescing path $.metrics.initContainers
[INFO] Coalescing path $.metrics.nodeSelector
[INFO] Coalescing path $.metrics.podAffinityPreset
[INFO] Coalescing path $.metrics.podAnnotations
[INFO] Coalescing path $.metrics.podAntiAffinityPreset
[INFO] Coalescing path $.metrics.podLabels
[INFO] Coalescing path $.metrics.podSecurityContext
[INFO] Coalescing path $.metrics.priorityClassName
[INFO] Coalescing path $.metrics.resources
[INFO] Coalescing path $.metrics.revisionHistoryLimit
[INFO] Coalescing path $.metrics.schedulerName
[INFO] Coalescing path $.metrics.sidecars
[INFO] Coalescing path $.metrics.tolerations
[INFO] Coalescing path $.metrics.topologySpreadConstraints
[INFO] Coalescing path $.metrics.updateStrategy
[INFO] Coalescing path $.networkPolicy.allowExternal
[INFO] Coalescing path $.networkPolicy.allowExternalEgress
[INFO] Coalescing path $.networkPolicy.enabled
[INFO] Coalescing path $.networkPolicy.extraEgress
[INFO] Coalescing path $.networkPolicy.extraIngress
[INFO] Coalescing path $.networkPolicy.ingressNSMatchLabels
[INFO] Coalescing path $.networkPolicy.ingressNSPodMatchLabels
[INFO] Coalescing path $.nodeAffinityPreset.key
[INFO] Coalescing path $.nodeAffinityPreset.type
[INFO] Coalescing path $.nodeAffinityPreset.values
[INFO] Coalescing path $.pdb.create
[INFO] Coalescing path $.pdb.maxUnavailable
[INFO] Coalescing path $.pdb.minAvailable
[INFO] Coalescing path $.persistence.accessModes
[INFO] Coalescing path $.persistence.annotations
[INFO] Coalescing path $.persistence.enabled
[INFO] Coalescing path $.persistence.existingClaim
[INFO] Coalescing path $.persistence.mountPath
[INFO] Coalescing path $.persistence.selector
[INFO] Coalescing path $.persistence.size
[INFO] Coalescing path $.persistence.subPath
[INFO] Coalescing path $.persistentVolumeClaimRetentionPolicy.enabled
[INFO] Coalescing path $.persistentVolumeClaimRetentionPolicy.whenDeleted
[INFO] Coalescing path $.persistentVolumeClaimRetentionPolicy.whenScaled
[INFO] Coalescing path $.podSecurityContext.enabled
[INFO] Coalescing path $.podSecurityContext.fsGroup
[INFO] Coalescing path $.service.annotations
[INFO] Coalescing path $.service.clusterIP
[INFO] Coalescing path $.service.externalTrafficPolicy
[INFO] Coalescing path $.service.extraPorts
[INFO] Coalescing path $.service.loadBalancerIP
[INFO] Coalescing path $.service.loadBalancerSourceRanges
[INFO] Coalescing path $.service.sessionAffinity
[INFO] Coalescing path $.service.sessionAffinityConfig
[INFO] Coalescing path $.service.type
[INFO] Coalescing path $.serviceAccount.annotations
[INFO] Coalescing path $.serviceAccount.automountServiceAccountToken
[INFO] Coalescing path $.serviceAccount.create
[INFO] Coalescing path $.tls.enabled
[INFO] Coalescing path $.tls.keystorePassword
[INFO] Coalescing path $.tls.resources
[INFO] Coalescing path $.tls.truststorePassword
[INFO] Coalescing path $.volumePermissions.containerSecurityContext
[INFO] Coalescing path $.volumePermissions.enabled
[INFO] Coalescing path $.volumePermissions.image
[INFO] Coalescing path $.volumePermissions.resources
[INFO] Coalescing path $.zookeeper.enabled
[INFO] Coalescing path $.metrics.containerPorts.http
[INFO] Coalescing path $.metrics.containerSecurityContext.enabled
[INFO] Coalescing path $.metrics.nodeAffinityPreset.key
[INFO] Coalescing path $.metrics.nodeAffinityPreset.type
[INFO] Coalescing path $.metrics.nodeAffinityPreset.values
[INFO] Coalescing path $.metrics.podSecurityContext.enabled
[INFO] Coalescing path $.metrics.prometheusRule.additionalLabels
[INFO] Coalescing path $.metrics.prometheusRule.enabled
[INFO] Coalescing path $.metrics.prometheusRule.namespace
[INFO] Coalescing path $.metrics.prometheusRule.rules
[INFO] Coalescing path $.metrics.service.annotations
[INFO] Coalescing path $.metrics.service.clusterIP
[INFO] Coalescing path $.metrics.service.labels
[INFO] Coalescing path $.metrics.service.sessionAffinity
[INFO] Coalescing path $.metrics.serviceMonitor.additionalLabels
[INFO] Coalescing path $.metrics.serviceMonitor.enabled
[INFO] Coalescing path $.metrics.serviceMonitor.honorLabels
[INFO] Coalescing path $.metrics.serviceMonitor.interval
[INFO] Coalescing path $.metrics.serviceMonitor.jobLabel
[INFO] Coalescing path $.metrics.serviceMonitor.metricRelabelings
[INFO] Coalescing path $.metrics.serviceMonitor.namespace
[INFO] Coalescing path $.metrics.serviceMonitor.relabelings
[INFO] Coalescing path $.metrics.serviceMonitor.scrapeTimeout
[INFO] Coalescing path $.metrics.serviceMonitor.selector
[INFO] Coalescing path $.networkPolicy.ingressNSMatchLabels[*]
[INFO] Coalescing path $.networkPolicy.ingressNSPodMatchLabels[*]
[INFO] Coalescing path $.persistence.accessModes[*]
[INFO] Coalescing path $.service.headless.annotations
[INFO] Coalescing path $.service.nodePorts.http
[INFO] Coalescing path $.service.ports.http
[INFO] Coalescing path $.volumePermissions.containerSecurityContext.enabled
[INFO] Coalescing path $.volumePermissions.image.pullPolicy
[INFO] Coalescing path $.ingress.extraHosts[*].name
[INFO] Coalescing path $.ingress.extraHosts[*].path
[INFO] Coalescing path $.ingress.extraHosts[*].pathType
[INFO] Coalescing path $.ingress.secrets[*].certificate
[INFO] Coalescing path $.ingress.secrets[*].key
[INFO] Coalescing path $.ingress.secrets[*].name
[INFO] Coalescing path $.metrics.service.ports.http
[INFO] Testing known inputs first; arbitrary extra-key cases are deferred
[INFO] Render hashes (run-local): 46 observed, 46 unique, 0 duplicate bundles; 0 successful validations reused
[INFO] Testing deferred arbitrary-key and original-schema robustness cases
[INFO] Render hashes (run-local): 101 observed, 101 unique, 0 duplicate bundles; 0 successful validations reused
[INFO] .: failed; 0 charts remain
