[INFO] Chart 1/1: .
[INFO] Finite filtering unavailable: permutations need closed objects at (); set additionalProperties: false; prioritizing known inputs before robustness sampling
[INFO] Coalescing path $.clusterDomain
[INFO] Coalescing path $.commonAnnotations
[INFO] Coalescing path $.commonLabels
[INFO] Coalescing path $.containerSecurityContext
[INFO] Coalescing path $.existingSecret
[INFO] Coalescing path $.extraDeploy
[INFO] Coalescing path $.global
[INFO] Coalescing path $.image
[INFO] Coalescing path $.persistence
[INFO] Coalescing path $.podDisruptionBudget
[INFO] Coalescing path $.podSecurityContext
[INFO] Coalescing path $.sysctlImage
[INFO] Coalescing path $.usePassword
[INFO] Coalescing path $.usePasswordFiles
[INFO] Coalescing path $.cluster.nodes
[INFO] Coalescing path $.cluster.replicas
[INFO] Coalescing path $.containerSecurityContext.enabled
[INFO] Coalescing path $.containerSecurityContext.runAsUser
[INFO] Coalescing path $.diagnosticMode.args
[INFO] Coalescing path $.diagnosticMode.command
[INFO] Coalescing path $.diagnosticMode.enabled
[INFO] Coalescing path $.extraDeploy[*]
[INFO] Coalescing path $.image.debug
[INFO] Coalescing path $.image.pullPolicy
[INFO] Coalescing path $.metrics.containerSecurityContext
[INFO] Coalescing path $.metrics.enabled
[INFO] Coalescing path $.metrics.extraEnvVars
[INFO] Coalescing path $.metrics.image
[INFO] Coalescing path $.metrics.podAnnotations
[INFO] Coalescing path $.metrics.podLabels
[INFO] Coalescing path $.metrics.resources
[INFO] Coalescing path $.networkPolicy.allowExternal
[INFO] Coalescing path $.networkPolicy.allowExternalEgress
[INFO] Coalescing path $.networkPolicy.enabled
[INFO] Coalescing path $.networkPolicy.extraEgress
[INFO] Coalescing path $.networkPolicy.extraIngress
[INFO] Coalescing path $.networkPolicy.ingressNSMatchLabels
[INFO] Coalescing path $.networkPolicy.ingressNSPodMatchLabels
[INFO] Coalescing path $.pdb.create
[INFO] Coalescing path $.persistence.accessModes
[INFO] Coalescing path $.persistence.annotations
[INFO] Coalescing path $.persistence.enabled
[INFO] Coalescing path $.persistence.labels
[INFO] Coalescing path $.persistence.matchExpressions
[INFO] Coalescing path $.persistence.matchLabels
[INFO] Coalescing path $.persistence.path
[INFO] Coalescing path $.persistence.size
[INFO] Coalescing path $.persistence.subPath
[INFO] Coalescing path $.persistentVolumeClaimRetentionPolicy.enabled
[INFO] Coalescing path $.persistentVolumeClaimRetentionPolicy.whenDeleted
[INFO] Coalescing path $.persistentVolumeClaimRetentionPolicy.whenScaled
[INFO] Coalescing path $.podSecurityContext.enabled
[INFO] Coalescing path $.podSecurityContext.fsGroup
[INFO] Coalescing path $.rbac.create
[INFO] Coalescing path $.service.annotations
[INFO] Coalescing path $.service.clusterIP
[INFO] Coalescing path $.service.externalTrafficPolicy
[INFO] Coalescing path $.service.extraPorts
[INFO] Coalescing path $.service.labels
[INFO] Coalescing path $.service.loadBalancerIP
[INFO] Coalescing path $.service.loadBalancerSourceRanges
[INFO] Coalescing path $.service.sessionAffinity
[INFO] Coalescing path $.service.sessionAffinityConfig
[INFO] Coalescing path $.service.type
[INFO] Coalescing path $.serviceAccount.annotations
[INFO] Coalescing path $.serviceAccount.automountServiceAccountToken
[INFO] Coalescing path $.serviceAccount.create
[INFO] Coalescing path $.sysctlImage.command
[INFO] Coalescing path $.sysctlImage.containerSecurityContext
[INFO] Coalescing path $.sysctlImage.enabled
[INFO] Coalescing path $.sysctlImage.mountHostSys
[INFO] Coalescing path $.sysctlImage.pullPolicy
[INFO] Coalescing path $.sysctlImage.resources
[INFO] Coalescing path $.tls.authClients
[INFO] Coalescing path $.tls.certificatesSecret
[INFO] Coalescing path $.tls.dhParamsFilename
[INFO] Coalescing path $.tls.enabled
[INFO] Coalescing path $.updateJob.activeDeadlineSeconds
[INFO] Coalescing path $.updateJob.affinity
[INFO] Coalescing path $.updateJob.annotations
[INFO] Coalescing path $.updateJob.automountServiceAccountToken
[INFO] Coalescing path $.updateJob.extraEnvVars
[INFO] Coalescing path $.updateJob.extraEnvVarsCM
[INFO] Coalescing path $.updateJob.extraEnvVarsSecret
[INFO] Coalescing path $.updateJob.extraVolumeMounts
[INFO] Coalescing path $.updateJob.extraVolumes
[INFO] Coalescing path $.updateJob.helmHook
[INFO] Coalescing path $.updateJob.hostAliases
[INFO] Coalescing path $.updateJob.initContainers
[INFO] Coalescing path $.updateJob.nodeSelector
[INFO] Coalescing path $.updateJob.podAffinityPreset
[INFO] Coalescing path $.updateJob.podAnnotations
[INFO] Coalescing path $.updateJob.podAntiAffinityPreset
[INFO] Coalescing path $.updateJob.podLabels
[INFO] Coalescing path $.updateJob.priorityClassName
[INFO] Coalescing path $.updateJob.resources
[INFO] Coalescing path $.updateJob.tolerations
[INFO] Coalescing path $.valkey.affinity
[INFO] Coalescing path $.valkey.automountServiceAccountToken
[INFO] Coalescing path $.valkey.configmap
[INFO] Coalescing path $.valkey.customLivenessProbe
[INFO] Coalescing path $.valkey.customReadinessProbe
[INFO] Coalescing path $.valkey.customStartupProbe
[INFO] Coalescing path $.valkey.defaultConfigOverride
[INFO] Coalescing path $.valkey.extraEnvVars
[INFO] Coalescing path $.valkey.extraEnvVarsCM
[INFO] Coalescing path $.valkey.extraEnvVarsSecret
[INFO] Coalescing path $.valkey.extraVolumeMounts
[INFO] Coalescing path $.valkey.extraVolumes
[INFO] Coalescing path $.valkey.hostAliases
[INFO] Coalescing path $.valkey.hostNetwork
[INFO] Coalescing path $.valkey.initContainers
[INFO] Coalescing path $.valkey.lifecycleHooks
[INFO] Coalescing path $.valkey.nodeSelector
[INFO] Coalescing path $.valkey.podAffinityPreset
[INFO] Coalescing path $.valkey.podAnnotations
[INFO] Coalescing path $.valkey.podAntiAffinityPreset
[INFO] Coalescing path $.valkey.podLabels
[INFO] Coalescing path $.valkey.podManagementPolicy
[INFO] Coalescing path $.valkey.priorityClassName
[INFO] Coalescing path $.valkey.resources
[INFO] Coalescing path $.valkey.schedulerName
[INFO] Coalescing path $.valkey.shareProcessNamespace
[INFO] Coalescing path $.valkey.sidecars
[INFO] Coalescing path $.valkey.tolerations
[INFO] Coalescing path $.valkey.topologySpreadConstraints
[INFO] Coalescing path $.valkey.updateStrategy
[INFO] Coalescing path $.valkey.useAOFPersistence
[INFO] Coalescing path $.volumePermissions.enabled
[INFO] Coalescing path $.volumePermissions.image
[INFO] Coalescing path $.volumePermissions.resources
[INFO] Coalescing path $.cluster.externalAccess.enabled
[INFO] Coalescing path $.cluster.externalAccess.hostMode
[INFO] Coalescing path $.cluster.update.addNodes
[INFO] Coalescing path $.metrics.containerPorts.http
[INFO] Coalescing path $.metrics.containerSecurityContext.enabled
[INFO] Coalescing path $.metrics.image.pullPolicy
[INFO] Coalescing path $.metrics.prometheusRule.additionalLabels
[INFO] Coalescing path $.metrics.prometheusRule.enabled
[INFO] Coalescing path $.metrics.prometheusRule.namespace
[INFO] Coalescing path $.metrics.prometheusRule.rules
[INFO] Coalescing path $.metrics.service.annotations
[INFO] Coalescing path $.metrics.service.clusterIP
[INFO] Coalescing path $.metrics.service.labels
[INFO] Coalescing path $.metrics.service.loadBalancerIP
[INFO] Coalescing path $.metrics.service.type
[INFO] Coalescing path $.metrics.serviceMonitor.annotations
[INFO] Coalescing path $.metrics.serviceMonitor.enabled
[INFO] Coalescing path $.metrics.serviceMonitor.interval
[INFO] Coalescing path $.metrics.serviceMonitor.jobLabel
[INFO] Coalescing path $.metrics.serviceMonitor.labels
[INFO] Coalescing path $.metrics.serviceMonitor.metricRelabelings
[INFO] Coalescing path $.metrics.serviceMonitor.namespace
[INFO] Coalescing path $.metrics.serviceMonitor.relabelings
[INFO] Coalescing path $.metrics.serviceMonitor.scrapeTimeout
[INFO] Coalescing path $.metrics.serviceMonitor.selector
[INFO] Coalescing path $.networkPolicy.ingressNSMatchLabels[*]
[INFO] Coalescing path $.networkPolicy.ingressNSPodMatchLabels[*]
[INFO] Coalescing path $.persistence.accessModes[*]
[INFO] Coalescing path $.rbac.role.rules
[INFO] Coalescing path $.service.headless.annotations
[INFO] Coalescing path $.service.nodePorts.valkey
[INFO] Coalescing path $.service.ports.valkey
[INFO] Coalescing path $.sysctlImage.containerSecurityContext.enabled
[INFO] Coalescing path $.updateJob.nodeAffinityPreset.key
[INFO] Coalescing path $.updateJob.nodeAffinityPreset.type
[INFO] Coalescing path $.updateJob.nodeAffinityPreset.values
[INFO] Coalescing path $.valkey.containerPorts.bus
[INFO] Coalescing path $.valkey.containerPorts.valkey
[INFO] Coalescing path $.valkey.nodeAffinityPreset.key
[INFO] Coalescing path $.valkey.nodeAffinityPreset.type
[INFO] Coalescing path $.valkey.nodeAffinityPreset.values
[INFO] Coalescing path $.volumePermissions.image.pullPolicy
[INFO] Coalescing path $.cluster.externalAccess.service.annotations
[INFO] Coalescing path $.cluster.externalAccess.service.disableLoadBalancerIP
[INFO] Coalescing path $.cluster.externalAccess.service.loadBalancerIP
[INFO] Coalescing path $.cluster.externalAccess.service.loadBalancerIPAnnotaion
[INFO] Coalescing path $.cluster.externalAccess.service.loadBalancerSourceRanges
[INFO] Coalescing path $.cluster.externalAccess.service.port
[INFO] Coalescing path $.cluster.externalAccess.service.type
[INFO] Coalescing path $.metrics.service.ports.http
[INFO] Coalescing path $.cluster.externalAccess.service.loadBalancerIP[*]
[INFO] Testing known inputs first; arbitrary extra-key cases are deferred
[INFO] Render hashes (run-local): 24 observed, 24 unique, 0 duplicate bundles; 0 successful validations reused
[INFO] Testing deferred arbitrary-key and original-schema robustness cases
[INFO] Render hashes (run-local): 101 observed, 101 unique, 0 duplicate bundles; 0 successful validations reused
[INFO] .: failed; 0 charts remain
