[INFO] Chart 1/1: .
[INFO] Finite filtering unavailable: permutations need closed objects at (); set additionalProperties: false; prioritizing known inputs before robustness sampling
[INFO] Coalescing path $.clusterDomain
[INFO] Coalescing path $.commonAnnotations
[INFO] Coalescing path $.commonLabels
[INFO] Coalescing path $.extraDeploy
[INFO] Coalescing path $.image
[INFO] Coalescing path $.diagnosticMode.args
[INFO] Coalescing path $.diagnosticMode.command
[INFO] Coalescing path $.diagnosticMode.enabled
[INFO] Coalescing path $.extraDeploy[*]
[INFO] Coalescing path $.image.debug
[INFO] Coalescing path $.image.pullPolicy
[INFO] Coalescing path $.jobmanager.affinity
[INFO] Coalescing path $.jobmanager.automountServiceAccountToken
[INFO] Coalescing path $.jobmanager.containerSecurityContext
[INFO] Coalescing path $.jobmanager.customLivenessProbe
[INFO] Coalescing path $.jobmanager.customReadinessProbe
[INFO] Coalescing path $.jobmanager.customStartupProbe
[INFO] Coalescing path $.jobmanager.extraEnvVars
[INFO] Coalescing path $.jobmanager.extraEnvVarsCM
[INFO] Coalescing path $.jobmanager.extraEnvVarsSecret
[INFO] Coalescing path $.jobmanager.extraVolumeMounts
[INFO] Coalescing path $.jobmanager.extraVolumes
[INFO] Coalescing path $.jobmanager.hostAliases
[INFO] Coalescing path $.jobmanager.initContainers
[INFO] Coalescing path $.jobmanager.lifecycleHooks
[INFO] Coalescing path $.jobmanager.nodeSelector
[INFO] Coalescing path $.jobmanager.podAffinityPreset
[INFO] Coalescing path $.jobmanager.podAnnotations
[INFO] Coalescing path $.jobmanager.podAntiAffinityPreset
[INFO] Coalescing path $.jobmanager.podLabels
[INFO] Coalescing path $.jobmanager.podSecurityContext
[INFO] Coalescing path $.jobmanager.priorityClassName
[INFO] Coalescing path $.jobmanager.replicaCount
[INFO] Coalescing path $.jobmanager.resources
[INFO] Coalescing path $.jobmanager.schedulerName
[INFO] Coalescing path $.jobmanager.sidecars
[INFO] Coalescing path $.jobmanager.tolerations
[INFO] Coalescing path $.jobmanager.topologySpreadConstraints
[INFO] Coalescing path $.jobmanager.updateStrategy
[INFO] Coalescing path $.taskmanager.affinity
[INFO] Coalescing path $.taskmanager.automountServiceAccountToken
[INFO] Coalescing path $.taskmanager.containerSecurityContext
[INFO] Coalescing path $.taskmanager.customLivenessProbe
[INFO] Coalescing path $.taskmanager.customReadinessProbe
[INFO] Coalescing path $.taskmanager.customStartupProbe
[INFO] Coalescing path $.taskmanager.extraEnvVars
[INFO] Coalescing path $.taskmanager.extraEnvVarsCM
[INFO] Coalescing path $.taskmanager.extraEnvVarsSecret
[INFO] Coalescing path $.taskmanager.extraVolumeMounts
[INFO] Coalescing path $.taskmanager.extraVolumes
[INFO] Coalescing path $.taskmanager.hostAliases
[INFO] Coalescing path $.taskmanager.initContainers
[INFO] Coalescing path $.taskmanager.lifecycleHooks
[INFO] Coalescing path $.taskmanager.nodeSelector
[INFO] Coalescing path $.taskmanager.podAffinityPreset
[INFO] Coalescing path $.taskmanager.podAnnotations
[INFO] Coalescing path $.taskmanager.podAntiAffinityPreset
[INFO] Coalescing path $.taskmanager.podLabels
[INFO] Coalescing path $.taskmanager.podManagementPolicy
[INFO] Coalescing path $.taskmanager.podSecurityContext
[INFO] Coalescing path $.taskmanager.priorityClassName
[INFO] Coalescing path $.taskmanager.replicaCount
[INFO] Coalescing path $.taskmanager.resources
[INFO] Coalescing path $.taskmanager.schedulerName
[INFO] Coalescing path $.taskmanager.sidecars
[INFO] Coalescing path $.taskmanager.tolerations
[INFO] Coalescing path $.taskmanager.topologySpreadConstraints
[INFO] Coalescing path $.taskmanager.updateStrategy
[INFO] Coalescing path $.jobmanager.containerPorts.blob
[INFO] Coalescing path $.jobmanager.containerPorts.http
[INFO] Coalescing path $.jobmanager.containerPorts.rpc
[INFO] Coalescing path $.jobmanager.containerSecurityContext.enabled
[INFO] Coalescing path $.jobmanager.networkPolicy.allowExternal
[INFO] Coalescing path $.jobmanager.networkPolicy.allowExternalEgress
[INFO] Coalescing path $.jobmanager.networkPolicy.enabled
[INFO] Coalescing path $.jobmanager.networkPolicy.extraEgress
[INFO] Coalescing path $.jobmanager.networkPolicy.extraIngress
[INFO] Coalescing path $.jobmanager.networkPolicy.ingressNSMatchLabels
[INFO] Coalescing path $.jobmanager.networkPolicy.ingressNSPodMatchLabels
[INFO] Coalescing path $.jobmanager.nodeAffinityPreset.key
[INFO] Coalescing path $.jobmanager.nodeAffinityPreset.type
[INFO] Coalescing path $.jobmanager.nodeAffinityPreset.values
[INFO] Coalescing path $.jobmanager.pdb.create
[INFO] Coalescing path $.jobmanager.pdb.maxUnavailable
[INFO] Coalescing path $.jobmanager.pdb.minAvailable
[INFO] Coalescing path $.jobmanager.podSecurityContext.enabled
[INFO] Coalescing path $.jobmanager.service.annotations
[INFO] Coalescing path $.jobmanager.service.clusterIP
[INFO] Coalescing path $.jobmanager.service.externalTrafficPolicy
[INFO] Coalescing path $.jobmanager.service.extraPorts
[INFO] Coalescing path $.jobmanager.service.loadBalancerIP
[INFO] Coalescing path $.jobmanager.service.loadBalancerSourceRanges
[INFO] Coalescing path $.jobmanager.service.sessionAffinity
[INFO] Coalescing path $.jobmanager.service.sessionAffinityConfig
[INFO] Coalescing path $.jobmanager.service.type
[INFO] Coalescing path $.jobmanager.serviceAccount.annotations
[INFO] Coalescing path $.jobmanager.serviceAccount.automountServiceAccountToken
[INFO] Coalescing path $.jobmanager.serviceAccount.create
[INFO] Coalescing path $.taskmanager.containerPorts.data
[INFO] Coalescing path $.taskmanager.containerPorts.internalMetrics
[INFO] Coalescing path $.taskmanager.containerPorts.rpc
[INFO] Coalescing path $.taskmanager.containerSecurityContext.enabled
[INFO] Coalescing path $.taskmanager.networkPolicy.allowExternal
[INFO] Coalescing path $.taskmanager.networkPolicy.allowExternalEgress
[INFO] Coalescing path $.taskmanager.networkPolicy.enabled
[INFO] Coalescing path $.taskmanager.networkPolicy.extraEgress
[INFO] Coalescing path $.taskmanager.networkPolicy.extraIngress
[INFO] Coalescing path $.taskmanager.networkPolicy.ingressNSMatchLabels
[INFO] Coalescing path $.taskmanager.networkPolicy.ingressNSPodMatchLabels
[INFO] Coalescing path $.taskmanager.nodeAffinityPreset.key
[INFO] Coalescing path $.taskmanager.nodeAffinityPreset.type
[INFO] Coalescing path $.taskmanager.nodeAffinityPreset.values
[INFO] Coalescing path $.taskmanager.pdb.create
[INFO] Coalescing path $.taskmanager.pdb.maxUnavailable
[INFO] Coalescing path $.taskmanager.pdb.minAvailable
[INFO] Coalescing path $.taskmanager.podSecurityContext.enabled
[INFO] Coalescing path $.taskmanager.service.annotations
[INFO] Coalescing path $.taskmanager.service.clusterIP
[INFO] Coalescing path $.taskmanager.service.externalTrafficPolicy
[INFO] Coalescing path $.taskmanager.service.extraPorts
[INFO] Coalescing path $.taskmanager.service.loadBalancerIP
[INFO] Coalescing path $.taskmanager.service.loadBalancerSourceRanges
[INFO] Coalescing path $.taskmanager.service.sessionAffinity
[INFO] Coalescing path $.taskmanager.service.sessionAffinityConfig
[INFO] Coalescing path $.taskmanager.service.type
[INFO] Coalescing path $.taskmanager.serviceAccount.annotations
[INFO] Coalescing path $.taskmanager.serviceAccount.automountServiceAccountToken
[INFO] Coalescing path $.taskmanager.serviceAccount.create
[INFO] Coalescing path $.jobmanager.networkPolicy.ingressNSMatchLabels[*]
[INFO] Coalescing path $.jobmanager.networkPolicy.ingressNSPodMatchLabels[*]
[INFO] Coalescing path $.jobmanager.service.nodePorts.blob
[INFO] Coalescing path $.jobmanager.service.nodePorts.http
[INFO] Coalescing path $.jobmanager.service.nodePorts.rpc
[INFO] Coalescing path $.jobmanager.service.ports.blob
[INFO] Coalescing path $.jobmanager.service.ports.http
[INFO] Coalescing path $.jobmanager.service.ports.rpc
[INFO] Coalescing path $.taskmanager.networkPolicy.ingressNSMatchLabels[*]
[INFO] Coalescing path $.taskmanager.networkPolicy.ingressNSPodMatchLabels[*]
[INFO] Coalescing path $.taskmanager.service.nodePorts.data
[INFO] Coalescing path $.taskmanager.service.nodePorts.internalMetrics
[INFO] Coalescing path $.taskmanager.service.nodePorts.rpc
[INFO] Coalescing path $.taskmanager.service.ports.data
[INFO] Coalescing path $.taskmanager.service.ports.internalMetrics
[INFO] Coalescing path $.taskmanager.service.ports.rpc
[INFO] Testing known inputs first; arbitrary extra-key cases are deferred
[INFO] Render hashes (run-local): 15 observed, 5 unique, 10 duplicate bundles; 10 successful validations reused
[INFO] Testing deferred arbitrary-key and original-schema robustness cases
[INFO] Render hashes (run-local): 101 observed, 1 unique, 100 duplicate bundles; 100 successful validations reused
[INFO] .: failed; 0 charts remain
