[INFO] Chart 1/1: .
[INFO] Finite filtering unavailable: permutations need closed objects at (); set additionalProperties: false; prioritizing known inputs before robustness sampling
[INFO] Coalescing path $.commonAnnotations
[INFO] Coalescing path $.commonLabels
[INFO] Coalescing path $.dashboardsConfigMaps
[INFO] Coalescing path $.extraDeploy
[INFO] Coalescing path $.global
[INFO] Coalescing path $.image
[INFO] Coalescing path $.persistence
[INFO] Coalescing path $.plugins
[INFO] Coalescing path $.podLabels
[INFO] Coalescing path $.usePasswordFiles
[INFO] Coalescing path $.admin.user
[INFO] Coalescing path $.alerting.configMapName
[INFO] Coalescing path $.config.grafanaIniConfigMap
[INFO] Coalescing path $.config.useGrafanaIniFile
[INFO] Coalescing path $.dashboardsProvider.configMapName
[INFO] Coalescing path $.dashboardsProvider.enabled
[INFO] Coalescing path $.datasources.secretDefinition
[INFO] Coalescing path $.datasources.secretName
[INFO] Coalescing path $.diagnosticMode.args
[INFO] Coalescing path $.diagnosticMode.command
[INFO] Coalescing path $.diagnosticMode.enabled
[INFO] Coalescing path $.extraDeploy[*]
[INFO] Coalescing path $.grafana.affinity
[INFO] Coalescing path $.grafana.automountServiceAccountToken
[INFO] Coalescing path $.grafana.containerSecurityContext
[INFO] Coalescing path $.grafana.customLivenessProbe
[INFO] Coalescing path $.grafana.customReadinessProbe
[INFO] Coalescing path $.grafana.customStartupProbe
[INFO] Coalescing path $.grafana.enableServiceLinks
[INFO] Coalescing path $.grafana.extraConfigmaps
[INFO] Coalescing path $.grafana.extraEnvVars
[INFO] Coalescing path $.grafana.extraEnvVarsCM
[INFO] Coalescing path $.grafana.extraEnvVarsCMOptional
[INFO] Coalescing path $.grafana.extraEnvVarsSecret
[INFO] Coalescing path $.grafana.extraEnvVarsSecretOptional
[INFO] Coalescing path $.grafana.extraPorts
[INFO] Coalescing path $.grafana.extraVolumeMounts
[INFO] Coalescing path $.grafana.extraVolumes
[INFO] Coalescing path $.grafana.hostAliases
[INFO] Coalescing path $.grafana.initContainers
[INFO] Coalescing path $.grafana.kind
[INFO] Coalescing path $.grafana.lifecycleHooks
[INFO] Coalescing path $.grafana.nodeSelector
[INFO] Coalescing path $.grafana.podAffinityPreset
[INFO] Coalescing path $.grafana.podAnnotations
[INFO] Coalescing path $.grafana.podAntiAffinityPreset
[INFO] Coalescing path $.grafana.podLabels
[INFO] Coalescing path $.grafana.podManagementPolicy
[INFO] Coalescing path $.grafana.podSecurityContext
[INFO] Coalescing path $.grafana.priorityClassName
[INFO] Coalescing path $.grafana.replicaCount
[INFO] Coalescing path $.grafana.resources
[INFO] Coalescing path $.grafana.schedulerName
[INFO] Coalescing path $.grafana.sidecars
[INFO] Coalescing path $.grafana.terminationGracePeriodSeconds
[INFO] Coalescing path $.grafana.tolerations
[INFO] Coalescing path $.grafana.topologySpreadConstraints
[INFO] Coalescing path $.grafana.updateStrategy
[INFO] Coalescing path $.image.pullPolicy
[INFO] Coalescing path $.imageRenderer.callbackURL
[INFO] Coalescing path $.imageRenderer.enabled
[INFO] Coalescing path $.imageRenderer.serverURL
[INFO] Coalescing path $.ingress.annotations
[INFO] Coalescing path $.ingress.certManager
[INFO] Coalescing path $.ingress.enabled
[INFO] Coalescing path $.ingress.extraHosts
[INFO] Coalescing path $.ingress.extraPaths
[INFO] Coalescing path $.ingress.extraRules
[INFO] Coalescing path $.ingress.extraTls
[INFO] Coalescing path $.ingress.hostname
[INFO] Coalescing path $.ingress.ingressClassName
[INFO] Coalescing path $.ingress.path
[INFO] Coalescing path $.ingress.pathType
[INFO] Coalescing path $.ingress.secrets
[INFO] Coalescing path $.ingress.selfSigned
[INFO] Coalescing path $.ingress.tls
[INFO] Coalescing path $.ldap.allowSignUp
[INFO] Coalescing path $.ldap.configMapName
[INFO] Coalescing path $.ldap.configuration
[INFO] Coalescing path $.ldap.enabled
[INFO] Coalescing path $.ldap.secretName
[INFO] Coalescing path $.ldap.uri
[INFO] Coalescing path $.metrics.enabled
[INFO] Coalescing path $.networkPolicy.addExternalClientAccess
[INFO] Coalescing path $.networkPolicy.allowExternal
[INFO] Coalescing path $.networkPolicy.allowExternalEgress
[INFO] Coalescing path $.networkPolicy.enabled
[INFO] Coalescing path $.networkPolicy.extraIngress
[INFO] Coalescing path $.networkPolicy.ingressNSMatchLabels
[INFO] Coalescing path $.networkPolicy.ingressNSPodMatchLabels
[INFO] Coalescing path $.networkPolicy.ingressPodMatchLabels
[INFO] Coalescing path $.notifiers.configMapName
[INFO] Coalescing path $.persistence.accessMode
[INFO] Coalescing path $.persistence.accessModes
[INFO] Coalescing path $.persistence.annotations
[INFO] Coalescing path $.persistence.enabled
[INFO] Coalescing path $.persistence.existingClaim
[INFO] Coalescing path $.persistence.labels
[INFO] Coalescing path $.persistence.selector
[INFO] Coalescing path $.persistence.size
[INFO] Coalescing path $.service.annotations
[INFO] Coalescing path $.service.clusterIP
[INFO] Coalescing path $.service.externalTrafficPolicy
[INFO] Coalescing path $.service.extraPorts
[INFO] Coalescing path $.service.loadBalancerClass
[INFO] Coalescing path $.service.loadBalancerIP
[INFO] Coalescing path $.service.loadBalancerSourceRanges
[INFO] Coalescing path $.service.sessionAffinity
[INFO] Coalescing path $.service.sessionAffinityConfig
[INFO] Coalescing path $.service.type
[INFO] Coalescing path $.serviceAccount.annotations
[INFO] Coalescing path $.serviceAccount.automountServiceAccountToken
[INFO] Coalescing path $.serviceAccount.create
[INFO] Coalescing path $.smtp.enabled
[INFO] Coalescing path $.smtp.fromAddress
[INFO] Coalescing path $.smtp.fromName
[INFO] Coalescing path $.smtp.host
[INFO] Coalescing path $.smtp.password
[INFO] Coalescing path $.smtp.skipVerify
[INFO] Coalescing path $.smtp.user
[INFO] Coalescing path $.volumePermissions.containerSecurityContext
[INFO] Coalescing path $.volumePermissions.enabled
[INFO] Coalescing path $.volumePermissions.image
[INFO] Coalescing path $.volumePermissions.resources
[INFO] Coalescing path $.dashboardsConfigMaps[*].configMapName
[INFO] Coalescing path $.dashboardsConfigMaps[*].fileName
[INFO] Coalescing path $.dashboardsConfigMaps[*].folderName
[INFO] Coalescing path $.grafana.containerPorts.grafana
[INFO] Coalescing path $.grafana.containerSecurityContext.enabled
[INFO] Coalescing path $.grafana.containerSecurityContext.runAsUser
[INFO] Coalescing path $.grafana.nodeAffinityPreset.key
[INFO] Coalescing path $.grafana.nodeAffinityPreset.type
[INFO] Coalescing path $.grafana.nodeAffinityPreset.values
[INFO] Coalescing path $.grafana.pdb.create
[INFO] Coalescing path $.grafana.pdb.maxUnavailable
[INFO] Coalescing path $.grafana.pdb.minAvailable
[INFO] Coalescing path $.grafana.podSecurityContext.enabled
[INFO] Coalescing path $.grafana.podSecurityContext.fsGroup
[INFO] Coalescing path $.ingress.secrets[*]
[INFO] Coalescing path $.ldap.tls.certificatesMountPath
[INFO] Coalescing path $.ldap.tls.certificatesSecret
[INFO] Coalescing path $.ldap.tls.enabled
[INFO] Coalescing path $.metrics.prometheusRule.additionalLabels
[INFO] Coalescing path $.metrics.prometheusRule.enabled
[INFO] Coalescing path $.metrics.prometheusRule.namespace
[INFO] Coalescing path $.metrics.prometheusRule.rules
[INFO] Coalescing path $.metrics.service.annotations
[INFO] Coalescing path $.metrics.serviceMonitor.additionalLabels
[INFO] Coalescing path $.metrics.serviceMonitor.enabled
[INFO] Coalescing path $.metrics.serviceMonitor.honorLabels
[INFO] Coalescing path $.metrics.serviceMonitor.interval
[INFO] Coalescing path $.metrics.serviceMonitor.jobLabel
[INFO] Coalescing path $.metrics.serviceMonitor.labels
[INFO] Coalescing path $.metrics.serviceMonitor.metricRelabelings
[INFO] Coalescing path $.metrics.serviceMonitor.namespace
[INFO] Coalescing path $.metrics.serviceMonitor.relabelings
[INFO] Coalescing path $.metrics.serviceMonitor.scrapeTimeout
[INFO] Coalescing path $.metrics.serviceMonitor.selector
[INFO] Coalescing path $.persistence.accessModes[*]
[INFO] Coalescing path $.service.nodePorts.grafana
[INFO] Coalescing path $.service.ports.grafana
[INFO] Coalescing path $.volumePermissions.image.pullPolicy
[INFO] Coalescing path $.grafana.extraConfigmaps[*].mountPath
[INFO] Coalescing path $.grafana.extraConfigmaps[*].name
[INFO] Coalescing path $.grafana.extraConfigmaps[*].readOnly
[INFO] Coalescing path $.grafana.extraConfigmaps[*].subPath
[INFO] Coalescing path $.ingress.extraHosts[*].name
[INFO] Coalescing path $.ingress.extraHosts[*].path
[INFO] Coalescing path $.ingress.extraHosts[*].pathType
[INFO] Coalescing path $.ingress.secrets[*].certificate
[INFO] Coalescing path $.ingress.secrets[*].key
[INFO] Coalescing path $.ingress.secrets[*].name
[INFO] Testing known inputs first; arbitrary extra-key cases are deferred
[INFO] Render hashes (run-local): 59 observed, 59 unique, 0 duplicate bundles; 0 successful validations reused
[INFO] Testing deferred arbitrary-key and original-schema robustness cases
[INFO] Render hashes (run-local): 101 observed, 101 unique, 0 duplicate bundles; 0 successful validations reused
[INFO] .: failed; 0 charts remain
