[INFO] Chart 1/1: .
[INFO] Finite filtering unavailable: permutations need closed objects at (); set additionalProperties: false; prioritizing known inputs before robustness sampling
[INFO] Coalescing path $.clusterDomain
[INFO] Coalescing path $.commonAnnotations
[INFO] Coalescing path $.commonLabels
[INFO] Coalescing path $.extraDeploy
[INFO] Coalescing path $.alertmanager.affinity
[INFO] Coalescing path $.alertmanager.automountServiceAccountToken
[INFO] Coalescing path $.alertmanager.containerSecurityContext
[INFO] Coalescing path $.alertmanager.customLivenessProbe
[INFO] Coalescing path $.alertmanager.customReadinessProbe
[INFO] Coalescing path $.alertmanager.customStartupProbe
[INFO] Coalescing path $.alertmanager.enabled
[INFO] Coalescing path $.alertmanager.extraEnvVars
[INFO] Coalescing path $.alertmanager.extraEnvVarsCM
[INFO] Coalescing path $.alertmanager.extraEnvVarsSecret
[INFO] Coalescing path $.alertmanager.extraVolumeMounts
[INFO] Coalescing path $.alertmanager.extraVolumes
[INFO] Coalescing path $.alertmanager.hostAliases
[INFO] Coalescing path $.alertmanager.initContainers
[INFO] Coalescing path $.alertmanager.lifecycleHooks
[INFO] Coalescing path $.alertmanager.nodeSelector
[INFO] Coalescing path $.alertmanager.podAffinityPreset
[INFO] Coalescing path $.alertmanager.podAnnotations
[INFO] Coalescing path $.alertmanager.podAntiAffinityPreset
[INFO] Coalescing path $.alertmanager.podLabels
[INFO] Coalescing path $.alertmanager.podManagementPolicy
[INFO] Coalescing path $.alertmanager.podSecurityContext
[INFO] Coalescing path $.alertmanager.priorityClassName
[INFO] Coalescing path $.alertmanager.replicaCount
[INFO] Coalescing path $.alertmanager.resources
[INFO] Coalescing path $.alertmanager.schedulerName
[INFO] Coalescing path $.alertmanager.sidecars
[INFO] Coalescing path $.alertmanager.terminationGracePeriodSeconds
[INFO] Coalescing path $.alertmanager.tolerations
[INFO] Coalescing path $.alertmanager.topologySpreadConstraints
[INFO] Coalescing path $.alertmanager.updateStrategy
[INFO] Coalescing path $.compactor.affinity
[INFO] Coalescing path $.compactor.automountServiceAccountToken
[INFO] Coalescing path $.compactor.containerSecurityContext
[INFO] Coalescing path $.compactor.customLivenessProbe
[INFO] Coalescing path $.compactor.customReadinessProbe
[INFO] Coalescing path $.compactor.customStartupProbe
[INFO] Coalescing path $.compactor.extraEnvVars
[INFO] Coalescing path $.compactor.extraEnvVarsCM
[INFO] Coalescing path $.compactor.extraEnvVarsSecret
[INFO] Coalescing path $.compactor.extraVolumeMounts
[INFO] Coalescing path $.compactor.extraVolumes
[INFO] Coalescing path $.compactor.hostAliases
[INFO] Coalescing path $.compactor.initContainers
[INFO] Coalescing path $.compactor.lifecycleHooks
[INFO] Coalescing path $.compactor.nodeSelector
[INFO] Coalescing path $.compactor.podAffinityPreset
[INFO] Coalescing path $.compactor.podAnnotations
[INFO] Coalescing path $.compactor.podAntiAffinityPreset
[INFO] Coalescing path $.compactor.podLabels
[INFO] Coalescing path $.compactor.podManagementPolicy
[INFO] Coalescing path $.compactor.podSecurityContext
[INFO] Coalescing path $.compactor.priorityClassName
[INFO] Coalescing path $.compactor.replicaCount
[INFO] Coalescing path $.compactor.resources
[INFO] Coalescing path $.compactor.schedulerName
[INFO] Coalescing path $.compactor.sidecars
[INFO] Coalescing path $.compactor.terminationGracePeriodSeconds
[INFO] Coalescing path $.compactor.tolerations
[INFO] Coalescing path $.compactor.topologySpreadConstraints
[INFO] Coalescing path $.compactor.updateStrategy
[INFO] Coalescing path $.diagnosticMode.args
[INFO] Coalescing path $.diagnosticMode.command
[INFO] Coalescing path $.diagnosticMode.enabled
[INFO] Coalescing path $.distributor.affinity
[INFO] Coalescing path $.distributor.automountServiceAccountToken
[INFO] Coalescing path $.distributor.containerSecurityContext
[INFO] Coalescing path $.distributor.customLivenessProbe
[INFO] Coalescing path $.distributor.customReadinessProbe
[INFO] Coalescing path $.distributor.customStartupProbe
[INFO] Coalescing path $.distributor.extraEnvVarsCM
[INFO] Coalescing path $.distributor.extraEnvVarsSecret
[INFO] Coalescing path $.distributor.extraVolumeMounts
[INFO] Coalescing path $.distributor.extraVolumes
[INFO] Coalescing path $.distributor.hostAliases
[INFO] Coalescing path $.distributor.initContainers
[INFO] Coalescing path $.distributor.lifecycleHooks
[INFO] Coalescing path $.distributor.nodeSelector
[INFO] Coalescing path $.distributor.podAffinityPreset
[INFO] Coalescing path $.distributor.podAnnotations
[INFO] Coalescing path $.distributor.podAntiAffinityPreset
[INFO] Coalescing path $.distributor.podLabels
[INFO] Coalescing path $.distributor.podSecurityContext
[INFO] Coalescing path $.distributor.priorityClassName
[INFO] Coalescing path $.distributor.replicaCount
[INFO] Coalescing path $.distributor.resources
[INFO] Coalescing path $.distributor.schedulerName
[INFO] Coalescing path $.distributor.sidecars
[INFO] Coalescing path $.distributor.terminationGracePeriodSeconds
[INFO] Coalescing path $.distributor.tolerations
[INFO] Coalescing path $.distributor.topologySpreadConstraints
[INFO] Coalescing path $.distributor.updateStrategy
[INFO] Coalescing path $.externalMemcachedChunks.port
[INFO] Coalescing path $.externalMemcachedFrontend.port
[INFO] Coalescing path $.externalMemcachedIndex.port
[INFO] Coalescing path $.externalMemcachedMetadata.port
[INFO] Coalescing path $.extraDeploy[*]
[INFO] Coalescing path $.gateway.affinity
[INFO] Coalescing path $.gateway.automountServiceAccountToken
[INFO] Coalescing path $.gateway.containerSecurityContext
[INFO] Coalescing path $.gateway.customLivenessProbe
[INFO] Coalescing path $.gateway.customReadinessProbe
[INFO] Coalescing path $.gateway.customStartupProbe
[INFO] Coalescing path $.gateway.enabled
[INFO] Coalescing path $.gateway.extraEnvVars
[INFO] Coalescing path $.gateway.extraEnvVarsCM
[INFO] Coalescing path $.gateway.extraEnvVarsSecret
[INFO] Coalescing path $.gateway.extraVolumeMounts
[INFO] Coalescing path $.gateway.extraVolumes
[INFO] Coalescing path $.gateway.hostAliases
[INFO] Coalescing path $.gateway.image
[INFO] Coalescing path $.gateway.initContainers
[INFO] Coalescing path $.gateway.lifecycleHooks
[INFO] Coalescing path $.gateway.nodeSelector
[INFO] Coalescing path $.gateway.podAffinityPreset
[INFO] Coalescing path $.gateway.podAnnotations
[INFO] Coalescing path $.gateway.podAntiAffinityPreset
[INFO] Coalescing path $.gateway.podLabels
[INFO] Coalescing path $.gateway.podSecurityContext
[INFO] Coalescing path $.gateway.priorityClassName
[INFO] Coalescing path $.gateway.replicaCount
[INFO] Coalescing path $.gateway.resources
[INFO] Coalescing path $.gateway.schedulerName
[INFO] Coalescing path $.gateway.sidecars
[INFO] Coalescing path $.gateway.tolerations
[INFO] Coalescing path $.gateway.topologySpreadConstraints
[INFO] Coalescing path $.gateway.updateStrategy
[INFO] Coalescing path $.gateway.verboseLogging
[INFO] Coalescing path $.ingester.affinity
[INFO] Coalescing path $.ingester.automountServiceAccountToken
[INFO] Coalescing path $.ingester.containerSecurityContext
[INFO] Coalescing path $.ingester.customLivenessProbe
[INFO] Coalescing path $.ingester.customReadinessProbe
[INFO] Coalescing path $.ingester.customStartupProbe
[INFO] Coalescing path $.ingester.extraEnvVars
[INFO] Coalescing path $.ingester.extraEnvVarsCM
[INFO] Coalescing path $.ingester.extraEnvVarsSecret
[INFO] Coalescing path $.ingester.extraVolumeMounts
[INFO] Coalescing path $.ingester.extraVolumes
[INFO] Coalescing path $.ingester.hostAliases
[INFO] Coalescing path $.ingester.initContainers
[INFO] Coalescing path $.ingester.lifecycleHooks
[INFO] Coalescing path $.ingester.nodeSelector
[INFO] Coalescing path $.ingester.podAffinityPreset
[INFO] Coalescing path $.ingester.podAnnotations
[INFO] Coalescing path $.ingester.podAntiAffinityPreset
[INFO] Coalescing path $.ingester.podLabels
[INFO] Coalescing path $.ingester.podManagementPolicy
[INFO] Coalescing path $.ingester.podSecurityContext
[INFO] Coalescing path $.ingester.priorityClassName
[INFO] Coalescing path $.ingester.replicaCount
[INFO] Coalescing path $.ingester.resources
[INFO] Coalescing path $.ingester.schedulerName
[INFO] Coalescing path $.ingester.sidecars
[INFO] Coalescing path $.ingester.terminationGracePeriodSeconds
[INFO] Coalescing path $.ingester.tolerations
[INFO] Coalescing path $.ingester.topologySpreadConstraints
[INFO] Coalescing path $.ingester.updateStrategy
[INFO] Coalescing path $.memcachedchunks.enabled
[INFO] Coalescing path $.memcachedchunks.image
[INFO] Coalescing path $.memcachedfrontend.enabled
[INFO] Coalescing path $.memcachedfrontend.image
[INFO] Coalescing path $.memcachedindex.enabled
[INFO] Coalescing path $.memcachedindex.image
[INFO] Coalescing path $.memcachedmetadata.enabled
[INFO] Coalescing path $.memcachedmetadata.image
[INFO] Coalescing path $.metrics.enabled
[INFO] Coalescing path $.mimir.configuration
[INFO] Coalescing path $.mimir.dataDir
[INFO] Coalescing path $.mimir.existingConfigmap
[INFO] Coalescing path $.mimir.image
[INFO] Coalescing path $.mimir.overrideConfiguration
[INFO] Coalescing path $.minio.enabled
[INFO] Coalescing path $.overridesExporter.affinity
[INFO] Coalescing path $.overridesExporter.automountServiceAccountToken
[INFO] Coalescing path $.overridesExporter.containerSecurityContext
[INFO] Coalescing path $.overridesExporter.customLivenessProbe
[INFO] Coalescing path $.overridesExporter.customReadinessProbe
[INFO] Coalescing path $.overridesExporter.customStartupProbe
[INFO] Coalescing path $.overridesExporter.enabled
[INFO] Coalescing path $.overridesExporter.extraEnvVarsCM
[INFO] Coalescing path $.overridesExporter.extraEnvVarsSecret
[INFO] Coalescing path $.overridesExporter.extraVolumeMounts
[INFO] Coalescing path $.overridesExporter.extraVolumes
[INFO] Coalescing path $.overridesExporter.hostAliases
[INFO] Coalescing path $.overridesExporter.initContainers
[INFO] Coalescing path $.overridesExporter.lifecycleHooks
[INFO] Coalescing path $.overridesExporter.nodeSelector
[INFO] Coalescing path $.overridesExporter.podAffinityPreset
[INFO] Coalescing path $.overridesExporter.podAnnotations
[INFO] Coalescing path $.overridesExporter.podAntiAffinityPreset
[INFO] Coalescing path $.overridesExporter.podLabels
[INFO] Coalescing path $.overridesExporter.podSecurityContext
[INFO] Coalescing path $.overridesExporter.priorityClassName
[INFO] Coalescing path $.overridesExporter.replicaCount
[INFO] Coalescing path $.overridesExporter.resources
[INFO] Coalescing path $.overridesExporter.schedulerName
[INFO] Coalescing path $.overridesExporter.sidecars
[INFO] Coalescing path $.overridesExporter.terminationGracePeriodSeconds
[INFO] Coalescing path $.overridesExporter.tolerations
[INFO] Coalescing path $.overridesExporter.topologySpreadConstraints
[INFO] Coalescing path $.overridesExporter.updateStrategy
[INFO] Coalescing path $.querier.affinity
[INFO] Coalescing path $.querier.automountServiceAccountToken
[INFO] Coalescing path $.querier.containerSecurityContext
[INFO] Coalescing path $.querier.customLivenessProbe
[INFO] Coalescing path $.querier.customReadinessProbe
[INFO] Coalescing path $.querier.customStartupProbe
[INFO] Coalescing path $.querier.extraEnvVars
[INFO] Coalescing path $.querier.extraEnvVarsCM
[INFO] Coalescing path $.querier.extraEnvVarsSecret
[INFO] Coalescing path $.querier.extraVolumeMounts
[INFO] Coalescing path $.querier.extraVolumes
[INFO] Coalescing path $.querier.hostAliases
[INFO] Coalescing path $.querier.initContainers
[INFO] Coalescing path $.querier.lifecycleHooks
[INFO] Coalescing path $.querier.nodeSelector
[INFO] Coalescing path $.querier.podAffinityPreset
[INFO] Coalescing path $.querier.podAnnotations
[INFO] Coalescing path $.querier.podAntiAffinityPreset
[INFO] Coalescing path $.querier.podLabels
[INFO] Coalescing path $.querier.podSecurityContext
[INFO] Coalescing path $.querier.priorityClassName
[INFO] Coalescing path $.querier.replicaCount
[INFO] Coalescing path $.querier.resources
[INFO] Coalescing path $.querier.schedulerName
[INFO] Coalescing path $.querier.sidecars
[INFO] Coalescing path $.querier.terminationGracePeriodSeconds
[INFO] Coalescing path $.querier.tolerations
[INFO] Coalescing path $.querier.topologySpreadConstraints
[INFO] Coalescing path $.querier.updateStrategy
[INFO] Coalescing path $.queryFrontend.affinity
[INFO] Coalescing path $.queryFrontend.automountServiceAccountToken
[INFO] Coalescing path $.queryFrontend.containerSecurityContext
[INFO] Coalescing path $.queryFrontend.customLivenessProbe
[INFO] Coalescing path $.queryFrontend.customReadinessProbe
[INFO] Coalescing path $.queryFrontend.customStartupProbe
[INFO] Coalescing path $.queryFrontend.extraEnvVarsCM
[INFO] Coalescing path $.queryFrontend.extraEnvVarsSecret
[INFO] Coalescing path $.queryFrontend.extraVolumeMounts
[INFO] Coalescing path $.queryFrontend.extraVolumes
[INFO] Coalescing path $.queryFrontend.hostAliases
[INFO] Coalescing path $.queryFrontend.initContainers
[INFO] Coalescing path $.queryFrontend.lifecycleHooks
[INFO] Coalescing path $.queryFrontend.nodeSelector
[INFO] Coalescing path $.queryFrontend.podAffinityPreset
[INFO] Coalescing path $.queryFrontend.podAnnotations
[INFO] Coalescing path $.queryFrontend.podAntiAffinityPreset
[INFO] Coalescing path $.queryFrontend.podLabels
[INFO] Coalescing path $.queryFrontend.podSecurityContext
[INFO] Coalescing path $.queryFrontend.priorityClassName
[INFO] Coalescing path $.queryFrontend.replicaCount
[INFO] Coalescing path $.queryFrontend.resources
[INFO] Coalescing path $.queryFrontend.schedulerName
[INFO] Coalescing path $.queryFrontend.sidecars
[INFO] Coalescing path $.queryFrontend.terminationGracePeriodSeconds
[INFO] Coalescing path $.queryFrontend.tolerations
[INFO] Coalescing path $.queryFrontend.topologySpreadConstraints
[INFO] Coalescing path $.queryFrontend.updateStrategy
[INFO] Coalescing path $.queryScheduler.affinity
[INFO] Coalescing path $.queryScheduler.automountServiceAccountToken
[INFO] Coalescing path $.queryScheduler.containerSecurityContext
[INFO] Coalescing path $.queryScheduler.customLivenessProbe
[INFO] Coalescing path $.queryScheduler.customReadinessProbe
[INFO] Coalescing path $.queryScheduler.customStartupProbe
[INFO] Coalescing path $.queryScheduler.enabled
[INFO] Coalescing path $.queryScheduler.extraEnvVarsCM
[INFO] Coalescing path $.queryScheduler.extraEnvVarsSecret
[INFO] Coalescing path $.queryScheduler.extraVolumeMounts
[INFO] Coalescing path $.queryScheduler.extraVolumes
[INFO] Coalescing path $.queryScheduler.hostAliases
[INFO] Coalescing path $.queryScheduler.initContainers
[INFO] Coalescing path $.queryScheduler.lifecycleHooks
[INFO] Coalescing path $.queryScheduler.nodeSelector
[INFO] Coalescing path $.queryScheduler.podAffinityPreset
[INFO] Coalescing path $.queryScheduler.podAnnotations
[INFO] Coalescing path $.queryScheduler.podAntiAffinityPreset
[INFO] Coalescing path $.queryScheduler.podLabels
[INFO] Coalescing path $.queryScheduler.podSecurityContext
[INFO] Coalescing path $.queryScheduler.priorityClassName
[INFO] Coalescing path $.queryScheduler.replicaCount
[INFO] Coalescing path $.queryScheduler.resources
[INFO] Coalescing path $.queryScheduler.schedulerName
[INFO] Coalescing path $.queryScheduler.sidecars
[INFO] Coalescing path $.queryScheduler.terminationGracePeriodSeconds
[INFO] Coalescing path $.queryScheduler.tolerations
[INFO] Coalescing path $.queryScheduler.topologySpreadConstraints
[INFO] Coalescing path $.queryScheduler.updateStrategy
[INFO] Coalescing path $.ruler.affinity
[INFO] Coalescing path $.ruler.automountServiceAccountToken
[INFO] Coalescing path $.ruler.containerSecurityContext
[INFO] Coalescing path $.ruler.customLivenessProbe
[INFO] Coalescing path $.ruler.customReadinessProbe
[INFO] Coalescing path $.ruler.customStartupProbe
[INFO] Coalescing path $.ruler.enabled
[INFO] Coalescing path $.ruler.extraEnvVars
[INFO] Coalescing path $.ruler.extraEnvVarsCM
[INFO] Coalescing path $.ruler.extraEnvVarsSecret
[INFO] Coalescing path $.ruler.extraVolumeMounts
[INFO] Coalescing path $.ruler.extraVolumes
[INFO] Coalescing path $.ruler.hostAliases
[INFO] Coalescing path $.ruler.initContainers
[INFO] Coalescing path $.ruler.lifecycleHooks
[INFO] Coalescing path $.ruler.nodeSelector
[INFO] Coalescing path $.ruler.podAffinityPreset
[INFO] Coalescing path $.ruler.podAnnotations
[INFO] Coalescing path $.ruler.podAntiAffinityPreset
[INFO] Coalescing path $.ruler.podLabels
[INFO] Coalescing path $.ruler.podSecurityContext
[INFO] Coalescing path $.ruler.priorityClassName
[INFO] Coalescing path $.ruler.replicaCount
[INFO] Coalescing path $.ruler.resources
[INFO] Coalescing path $.ruler.schedulerName
[INFO] Coalescing path $.ruler.sidecars
[INFO] Coalescing path $.ruler.terminationGracePeriodSeconds
[INFO] Coalescing path $.ruler.tolerations
[INFO] Coalescing path $.ruler.topologySpreadConstraints
[INFO] Coalescing path $.ruler.updateStrategy
[INFO] Coalescing path $.service.type
[INFO] Coalescing path $.serviceAccount.annotations
[INFO] Coalescing path $.serviceAccount.automountServiceAccountToken
[INFO] Coalescing path $.serviceAccount.create
[INFO] Coalescing path $.storeGateway.affinity
[INFO] Coalescing path $.storeGateway.automountServiceAccountToken
[INFO] Coalescing path $.storeGateway.containerSecurityContext
[INFO] Coalescing path $.storeGateway.customLivenessProbe
[INFO] Coalescing path $.storeGateway.customReadinessProbe
[INFO] Coalescing path $.storeGateway.customStartupProbe
[INFO] Coalescing path $.storeGateway.extraEnvVars
[INFO] Coalescing path $.storeGateway.extraEnvVarsCM
[INFO] Coalescing path $.storeGateway.extraEnvVarsSecret
[INFO] Coalescing path $.storeGateway.extraVolumeMounts
[INFO] Coalescing path $.storeGateway.extraVolumes
[INFO] Coalescing path $.storeGateway.hostAliases
[INFO] Coalescing path $.storeGateway.initContainers
[INFO] Coalescing path $.storeGateway.lifecycleHooks
[INFO] Coalescing path $.storeGateway.nodeSelector
[INFO] Coalescing path $.storeGateway.podAffinityPreset
[INFO] Coalescing path $.storeGateway.podAnnotations
[INFO] Coalescing path $.storeGateway.podAntiAffinityPreset
[INFO] Coalescing path $.storeGateway.podLabels
[INFO] Coalescing path $.storeGateway.podManagementPolicy
[INFO] Coalescing path $.storeGateway.podSecurityContext
[INFO] Coalescing path $.storeGateway.priorityClassName
[INFO] Coalescing path $.storeGateway.replicaCount
[INFO] Coalescing path $.storeGateway.resources
[INFO] Coalescing path $.storeGateway.schedulerName
[INFO] Coalescing path $.storeGateway.sidecars
[INFO] Coalescing path $.storeGateway.terminationGracePeriodSeconds
[INFO] Coalescing path $.storeGateway.tolerations
[INFO] Coalescing path $.storeGateway.topologySpreadConstraints
[INFO] Coalescing path $.storeGateway.updateStrategy
[INFO] Coalescing path $.volumePermissions.containerSecurityContext
[INFO] Coalescing path $.volumePermissions.enabled
[INFO] Coalescing path $.volumePermissions.image
[INFO] Coalescing path $.volumePermissions.resources
[INFO] Coalescing path $.alertmanager.containerSecurityContext.enabled
[INFO] Coalescing path $.alertmanager.containerSecurityContext.runAsUser
[INFO] Coalescing path $.alertmanager.networkPolicy.allowExternal
[INFO] Coalescing path $.alertmanager.networkPolicy.allowExternalEgress
[INFO] Coalescing path $.alertmanager.networkPolicy.enabled
[INFO] Coalescing path $.alertmanager.networkPolicy.extraEgress
[INFO] Coalescing path $.alertmanager.networkPolicy.extraIngress
[INFO] Coalescing path $.alertmanager.networkPolicy.ingressNSMatchLabels
[INFO] Coalescing path $.alertmanager.networkPolicy.ingressNSPodMatchLabels
[INFO] Coalescing path $.alertmanager.nodeAffinityPreset.key
[INFO] Coalescing path $.alertmanager.nodeAffinityPreset.type
[INFO] Coalescing path $.alertmanager.nodeAffinityPreset.values
[INFO] Coalescing path $.alertmanager.pdb.create
[INFO] Coalescing path $.alertmanager.pdb.maxUnavailable
[INFO] Coalescing path $.alertmanager.pdb.minAvailable
[INFO] Coalescing path $.alertmanager.persistence.enabled
[INFO] Coalescing path $.alertmanager.podSecurityContext.enabled
[INFO] Coalescing path $.alertmanager.podSecurityContext.fsGroup
[INFO] Coalescing path $.alertmanager.service.annotations
[INFO] Coalescing path $.alertmanager.service.clusterIP
[INFO] Coalescing path $.alertmanager.service.externalTrafficPolicy
[INFO] Coalescing path $.alertmanager.service.extraPorts
[INFO] Coalescing path $.alertmanager.service.loadBalancerIP
[INFO] Coalescing path $.alertmanager.service.loadBalancerSourceRanges
[INFO] Coalescing path $.alertmanager.service.sessionAffinity
[INFO] Coalescing path $.alertmanager.service.sessionAffinityConfig
[INFO] Coalescing path $.alertmanager.service.type
[INFO] Coalescing path $.compactor.containerSecurityContext.enabled
[INFO] Coalescing path $.compactor.containerSecurityContext.runAsUser
[INFO] Coalescing path $.compactor.networkPolicy.allowExternal
[INFO] Coalescing path $.compactor.networkPolicy.allowExternalEgress
[INFO] Coalescing path $.compactor.networkPolicy.enabled
[INFO] Coalescing path $.compactor.networkPolicy.extraEgress
[INFO] Coalescing path $.compactor.networkPolicy.extraIngress
[INFO] Coalescing path $.compactor.networkPolicy.ingressNSMatchLabels
[INFO] Coalescing path $.compactor.networkPolicy.ingressNSPodMatchLabels
[INFO] Coalescing path $.compactor.nodeAffinityPreset.key
[INFO] Coalescing path $.compactor.nodeAffinityPreset.type
[INFO] Coalescing path $.compactor.nodeAffinityPreset.values
[INFO] Coalescing path $.compactor.pdb.create
[INFO] Coalescing path $.compactor.pdb.maxUnavailable
[INFO] Coalescing path $.compactor.pdb.minAvailable
[INFO] Coalescing path $.compactor.persistence.enabled
[INFO] Coalescing path $.compactor.podSecurityContext.enabled
[INFO] Coalescing path $.compactor.podSecurityContext.fsGroup
[INFO] Coalescing path $.compactor.service.annotations
[INFO] Coalescing path $.compactor.service.clusterIP
[INFO] Coalescing path $.compactor.service.externalTrafficPolicy
[INFO] Coalescing path $.compactor.service.extraPorts
[INFO] Coalescing path $.compactor.service.loadBalancerIP
[INFO] Coalescing path $.compactor.service.loadBalancerSourceRanges
[INFO] Coalescing path $.compactor.service.sessionAffinity
[INFO] Coalescing path $.compactor.service.sessionAffinityConfig
[INFO] Coalescing path $.compactor.service.type
[INFO] Coalescing path $.distributor.containerSecurityContext.enabled
[INFO] Coalescing path $.distributor.networkPolicy.allowExternal
[INFO] Coalescing path $.distributor.networkPolicy.allowExternalEgress
[INFO] Coalescing path $.distributor.networkPolicy.enabled
[INFO] Coalescing path $.distributor.networkPolicy.extraEgress
[INFO] Coalescing path $.distributor.networkPolicy.extraIngress
[INFO] Coalescing path $.distributor.networkPolicy.ingressNSMatchLabels
[INFO] Coalescing path $.distributor.networkPolicy.ingressNSPodMatchLabels
[INFO] Coalescing path $.distributor.nodeAffinityPreset.key
[INFO] Coalescing path $.distributor.nodeAffinityPreset.type
[INFO] Coalescing path $.distributor.nodeAffinityPreset.values
[INFO] Coalescing path $.distributor.pdb.create
[INFO] Coalescing path $.distributor.pdb.maxUnavailable
[INFO] Coalescing path $.distributor.pdb.minAvailable
[INFO] Coalescing path $.distributor.podSecurityContext.enabled
[INFO] Coalescing path $.distributor.service.annotations
[INFO] Coalescing path $.distributor.service.clusterIP
[INFO] Coalescing path $.distributor.service.externalTrafficPolicy
[INFO] Coalescing path $.distributor.service.extraPorts
[INFO] Coalescing path $.distributor.service.loadBalancerIP
[INFO] Coalescing path $.distributor.service.loadBalancerSourceRanges
[INFO] Coalescing path $.distributor.service.sessionAffinity
[INFO] Coalescing path $.distributor.service.sessionAffinityConfig
[INFO] Coalescing path $.distributor.service.type
[INFO] Coalescing path $.gateway.auth.enabled
[INFO] Coalescing path $.gateway.auth.existingSecret
[INFO] Coalescing path $.gateway.auth.username
[INFO] Coalescing path $.gateway.containerPorts.http
[INFO] Coalescing path $.gateway.containerSecurityContext.enabled
[INFO] Coalescing path $.gateway.image.debug
[INFO] Coalescing path $.gateway.image.pullPolicy
[INFO] Coalescing path $.gateway.ingress.annotations
[INFO] Coalescing path $.gateway.ingress.enabled
[INFO] Coalescing path $.gateway.ingress.extraHosts
[INFO] Coalescing path $.gateway.ingress.extraPaths
[INFO] Coalescing path $.gateway.ingress.extraTls
[INFO] Coalescing path $.gateway.ingress.hostname
[INFO] Coalescing path $.gateway.ingress.ingressClassName
[INFO] Coalescing path $.gateway.ingress.path
[INFO] Coalescing path $.gateway.ingress.pathType
[INFO] Coalescing path $.gateway.ingress.secrets
[INFO] Coalescing path $.gateway.ingress.selfSigned
[INFO] Coalescing path $.gateway.ingress.tls
[INFO] Coalescing path $.gateway.networkPolicy.allowExternal
[INFO] Coalescing path $.gateway.networkPolicy.allowExternalEgress
[INFO] Coalescing path $.gateway.networkPolicy.enabled
[INFO] Coalescing path $.gateway.networkPolicy.extraEgress
[INFO] Coalescing path $.gateway.networkPolicy.extraIngress
[INFO] Coalescing path $.gateway.networkPolicy.ingressNSMatchLabels
[INFO] Coalescing path $.gateway.networkPolicy.ingressNSPodMatchLabels
[INFO] Coalescing path $.gateway.nodeAffinityPreset.key
[INFO] Coalescing path $.gateway.nodeAffinityPreset.type
[INFO] Coalescing path $.gateway.nodeAffinityPreset.values
[INFO] Coalescing path $.gateway.pdb.create
[INFO] Coalescing path $.gateway.pdb.maxUnavailable
[INFO] Coalescing path $.gateway.pdb.minAvailable
[INFO] Coalescing path $.gateway.podSecurityContext.enabled
[INFO] Coalescing path $.gateway.service.annotations
[INFO] Coalescing path $.gateway.service.clusterIP
[INFO] Coalescing path $.gateway.service.externalTrafficPolicy
[INFO] Coalescing path $.gateway.service.extraPorts
[INFO] Coalescing path $.gateway.service.loadBalancerIP
[INFO] Coalescing path $.gateway.service.loadBalancerSourceRanges
[INFO] Coalescing path $.gateway.service.sessionAffinity
[INFO] Coalescing path $.gateway.service.sessionAffinityConfig
[INFO] Coalescing path $.gateway.service.type
[INFO] Coalescing path $.ingester.containerSecurityContext.enabled
[INFO] Coalescing path $.ingester.containerSecurityContext.runAsUser
[INFO] Coalescing path $.ingester.networkPolicy.allowExternal
[INFO] Coalescing path $.ingester.networkPolicy.allowExternalEgress
[INFO] Coalescing path $.ingester.networkPolicy.enabled
[INFO] Coalescing path $.ingester.networkPolicy.extraEgress
[INFO] Coalescing path $.ingester.networkPolicy.extraIngress
[INFO] Coalescing path $.ingester.networkPolicy.ingressNSMatchLabels
[INFO] Coalescing path $.ingester.networkPolicy.ingressNSPodMatchLabels
[INFO] Coalescing path $.ingester.nodeAffinityPreset.key
[INFO] Coalescing path $.ingester.nodeAffinityPreset.type
[INFO] Coalescing path $.ingester.nodeAffinityPreset.values
[INFO] Coalescing path $.ingester.pdb.create
[INFO] Coalescing path $.ingester.pdb.maxUnavailable
[INFO] Coalescing path $.ingester.pdb.minAvailable
[INFO] Coalescing path $.ingester.persistence.enabled
[INFO] Coalescing path $.ingester.podSecurityContext.enabled
[INFO] Coalescing path $.ingester.podSecurityContext.fsGroup
[INFO] Coalescing path $.ingester.service.annotations
[INFO] Coalescing path $.ingester.service.clusterIP
[INFO] Coalescing path $.ingester.service.externalTrafficPolicy
[INFO] Coalescing path $.ingester.service.extraPorts
[INFO] Coalescing path $.ingester.service.loadBalancerIP
[INFO] Coalescing path $.ingester.service.loadBalancerSourceRanges
[INFO] Coalescing path $.ingester.service.sessionAffinity
[INFO] Coalescing path $.ingester.service.sessionAffinityConfig
[INFO] Coalescing path $.ingester.service.type
[INFO] Coalescing path $.memcachedchunks.containerPorts.memcached
[INFO] Coalescing path $.memcachedfrontend.containerPorts.memcached
[INFO] Coalescing path $.memcachedindex.containerPorts.memcached
[INFO] Coalescing path $.memcachedmetadata.containerPorts.memcached
[INFO] Coalescing path $.metrics.serviceMonitor.annotations
[INFO] Coalescing path $.metrics.serviceMonitor.enabled
[INFO] Coalescing path $.metrics.serviceMonitor.honorLabels
[INFO] Coalescing path $.metrics.serviceMonitor.interval
[INFO] Coalescing path $.metrics.serviceMonitor.jobLabel
[INFO] Coalescing path $.metrics.serviceMonitor.labels
[INFO] Coalescing path $.metrics.serviceMonitor.metricRelabelings
[INFO] Coalescing path $.metrics.serviceMonitor.namespace
[INFO] Coalescing path $.metrics.serviceMonitor.relabelings
[INFO] Coalescing path $.metrics.serviceMonitor.scrapeTimeout
[INFO] Coalescing path $.metrics.serviceMonitor.selector
[INFO] Coalescing path $.mimir.containerPorts.gossipRing
[INFO] Coalescing path $.mimir.containerPorts.grpc
[INFO] Coalescing path $.mimir.containerPorts.http
[INFO] Coalescing path $.mimir.httpPrefix.alertmanager
[INFO] Coalescing path $.mimir.httpPrefix.prometheus
[INFO] Coalescing path $.mimir.image.pullPolicy
[INFO] Coalescing path $.minio.containerPorts.api
[INFO] Coalescing path $.overridesExporter.containerSecurityContext.enabled
[INFO] Coalescing path $.overridesExporter.networkPolicy.allowExternal
[INFO] Coalescing path $.overridesExporter.networkPolicy.allowExternalEgress
[INFO] Coalescing path $.overridesExporter.networkPolicy.enabled
[INFO] Coalescing path $.overridesExporter.networkPolicy.extraEgress
[INFO] Coalescing path $.overridesExporter.networkPolicy.extraIngress
[INFO] Coalescing path $.overridesExporter.networkPolicy.ingressNSMatchLabels
[INFO] Coalescing path $.overridesExporter.networkPolicy.ingressNSPodMatchLabels
[INFO] Coalescing path $.overridesExporter.nodeAffinityPreset.key
[INFO] Coalescing path $.overridesExporter.nodeAffinityPreset.type
[INFO] Coalescing path $.overridesExporter.nodeAffinityPreset.values
[INFO] Coalescing path $.overridesExporter.pdb.create
[INFO] Coalescing path $.overridesExporter.pdb.maxUnavailable
[INFO] Coalescing path $.overridesExporter.pdb.minAvailable
[INFO] Coalescing path $.overridesExporter.podSecurityContext.enabled
[INFO] Coalescing path $.overridesExporter.service.annotations
[INFO] Coalescing path $.overridesExporter.service.clusterIP
[INFO] Coalescing path $.overridesExporter.service.externalTrafficPolicy
[INFO] Coalescing path $.overridesExporter.service.extraPorts
[INFO] Coalescing path $.overridesExporter.service.loadBalancerIP
[INFO] Coalescing path $.overridesExporter.service.loadBalancerSourceRanges
[INFO] Coalescing path $.overridesExporter.service.sessionAffinity
[INFO] Coalescing path $.overridesExporter.service.sessionAffinityConfig
[INFO] Coalescing path $.overridesExporter.service.type
[INFO] Coalescing path $.querier.containerSecurityContext.enabled
[INFO] Coalescing path $.querier.networkPolicy.allowExternal
[INFO] Coalescing path $.querier.networkPolicy.allowExternalEgress
[INFO] Coalescing path $.querier.networkPolicy.enabled
[INFO] Coalescing path $.querier.networkPolicy.extraEgress
[INFO] Coalescing path $.querier.networkPolicy.extraIngress
[INFO] Coalescing path $.querier.networkPolicy.ingressNSMatchLabels
[INFO] Coalescing path $.querier.networkPolicy.ingressNSPodMatchLabels
[INFO] Coalescing path $.querier.nodeAffinityPreset.key
[INFO] Coalescing path $.querier.nodeAffinityPreset.type
[INFO] Coalescing path $.querier.nodeAffinityPreset.values
[INFO] Coalescing path $.querier.pdb.create
[INFO] Coalescing path $.querier.pdb.maxUnavailable
[INFO] Coalescing path $.querier.pdb.minAvailable
[INFO] Coalescing path $.querier.podSecurityContext.enabled
[INFO] Coalescing path $.querier.service.annotations
[INFO] Coalescing path $.querier.service.clusterIP
[INFO] Coalescing path $.querier.service.externalTrafficPolicy
[INFO] Coalescing path $.querier.service.extraPorts
[INFO] Coalescing path $.querier.service.loadBalancerIP
[INFO] Coalescing path $.querier.service.loadBalancerSourceRanges
[INFO] Coalescing path $.querier.service.sessionAffinity
[INFO] Coalescing path $.querier.service.sessionAffinityConfig
[INFO] Coalescing path $.querier.service.type
[INFO] Coalescing path $.queryFrontend.containerSecurityContext.enabled
[INFO] Coalescing path $.queryFrontend.networkPolicy.allowExternal
[INFO] Coalescing path $.queryFrontend.networkPolicy.allowExternalEgress
[INFO] Coalescing path $.queryFrontend.networkPolicy.enabled
[INFO] Coalescing path $.queryFrontend.networkPolicy.extraEgress
[INFO] Coalescing path $.queryFrontend.networkPolicy.extraIngress
[INFO] Coalescing path $.queryFrontend.networkPolicy.ingressNSMatchLabels
[INFO] Coalescing path $.queryFrontend.networkPolicy.ingressNSPodMatchLabels
[INFO] Coalescing path $.queryFrontend.nodeAffinityPreset.key
[INFO] Coalescing path $.queryFrontend.nodeAffinityPreset.type
[INFO] Coalescing path $.queryFrontend.nodeAffinityPreset.values
[INFO] Coalescing path $.queryFrontend.pdb.create
[INFO] Coalescing path $.queryFrontend.pdb.maxUnavailable
[INFO] Coalescing path $.queryFrontend.pdb.minAvailable
[INFO] Coalescing path $.queryFrontend.podSecurityContext.enabled
[INFO] Coalescing path $.queryFrontend.service.annotations
[INFO] Coalescing path $.queryFrontend.service.clusterIP
[INFO] Coalescing path $.queryFrontend.service.externalTrafficPolicy
[INFO] Coalescing path $.queryFrontend.service.extraPorts
[INFO] Coalescing path $.queryFrontend.service.loadBalancerIP
[INFO] Coalescing path $.queryFrontend.service.loadBalancerSourceRanges
[INFO] Coalescing path $.queryFrontend.service.sessionAffinity
[INFO] Coalescing path $.queryFrontend.service.sessionAffinityConfig
[INFO] Coalescing path $.queryFrontend.service.type
[INFO] Coalescing path $.queryScheduler.containerSecurityContext.enabled
[INFO] Coalescing path $.queryScheduler.networkPolicy.allowExternal
[INFO] Coalescing path $.queryScheduler.networkPolicy.allowExternalEgress
[INFO] Coalescing path $.queryScheduler.networkPolicy.enabled
[INFO] Coalescing path $.queryScheduler.networkPolicy.extraEgress
[INFO] Coalescing path $.queryScheduler.networkPolicy.extraIngress
[INFO] Coalescing path $.queryScheduler.networkPolicy.ingressNSMatchLabels
[INFO] Coalescing path $.queryScheduler.networkPolicy.ingressNSPodMatchLabels
[INFO] Coalescing path $.queryScheduler.nodeAffinityPreset.key
[INFO] Coalescing path $.queryScheduler.nodeAffinityPreset.type
[INFO] Coalescing path $.queryScheduler.nodeAffinityPreset.values
[INFO] Coalescing path $.queryScheduler.pdb.create
[INFO] Coalescing path $.queryScheduler.pdb.maxUnavailable
[INFO] Coalescing path $.queryScheduler.pdb.minAvailable
[INFO] Coalescing path $.queryScheduler.podSecurityContext.enabled
[INFO] Coalescing path $.queryScheduler.service.annotations
[INFO] Coalescing path $.queryScheduler.service.clusterIP
[INFO] Coalescing path $.queryScheduler.service.externalTrafficPolicy
[INFO] Coalescing path $.queryScheduler.service.extraPorts
[INFO] Coalescing path $.queryScheduler.service.loadBalancerIP
[INFO] Coalescing path $.queryScheduler.service.loadBalancerSourceRanges
[INFO] Coalescing path $.queryScheduler.service.sessionAffinity
[INFO] Coalescing path $.queryScheduler.service.sessionAffinityConfig
[INFO] Coalescing path $.queryScheduler.service.type
[INFO] Coalescing path $.ruler.containerSecurityContext.enabled
[INFO] Coalescing path $.ruler.networkPolicy.allowExternal
[INFO] Coalescing path $.ruler.networkPolicy.allowExternalEgress
[INFO] Coalescing path $.ruler.networkPolicy.enabled
[INFO] Coalescing path $.ruler.networkPolicy.extraEgress
[INFO] Coalescing path $.ruler.networkPolicy.extraIngress
[INFO] Coalescing path $.ruler.networkPolicy.ingressNSMatchLabels
[INFO] Coalescing path $.ruler.networkPolicy.ingressNSPodMatchLabels
[INFO] Coalescing path $.ruler.nodeAffinityPreset.key
[INFO] Coalescing path $.ruler.nodeAffinityPreset.type
[INFO] Coalescing path $.ruler.nodeAffinityPreset.values
[INFO] Coalescing path $.ruler.pdb.create
[INFO] Coalescing path $.ruler.pdb.maxUnavailable
[INFO] Coalescing path $.ruler.pdb.minAvailable
[INFO] Coalescing path $.ruler.podSecurityContext.enabled
[INFO] Coalescing path $.ruler.service.annotations
[INFO] Coalescing path $.ruler.service.clusterIP
[INFO] Coalescing path $.ruler.service.externalTrafficPolicy
[INFO] Coalescing path $.ruler.service.extraPorts
[INFO] Coalescing path $.ruler.service.loadBalancerIP
[INFO] Coalescing path $.ruler.service.loadBalancerSourceRanges
[INFO] Coalescing path $.ruler.service.sessionAffinity
[INFO] Coalescing path $.ruler.service.sessionAffinityConfig
[INFO] Coalescing path $.ruler.service.type
[INFO] Coalescing path $.storeGateway.containerSecurityContext.enabled
[INFO] Coalescing path $.storeGateway.containerSecurityContext.runAsUser
[INFO] Coalescing path $.storeGateway.networkPolicy.allowExternal
[INFO] Coalescing path $.storeGateway.networkPolicy.allowExternalEgress
[INFO] Coalescing path $.storeGateway.networkPolicy.enabled
[INFO] Coalescing path $.storeGateway.networkPolicy.extraEgress
[INFO] Coalescing path $.storeGateway.networkPolicy.extraIngress
[INFO] Coalescing path $.storeGateway.networkPolicy.ingressNSMatchLabels
[INFO] Coalescing path $.storeGateway.networkPolicy.ingressNSPodMatchLabels
[INFO] Coalescing path $.storeGateway.nodeAffinityPreset.key
[INFO] Coalescing path $.storeGateway.nodeAffinityPreset.type
[INFO] Coalescing path $.storeGateway.nodeAffinityPreset.values
[INFO] Coalescing path $.storeGateway.pdb.create
[INFO] Coalescing path $.storeGateway.pdb.maxUnavailable
[INFO] Coalescing path $.storeGateway.pdb.minAvailable
[INFO] Coalescing path $.storeGateway.persistence.enabled
[INFO] Coalescing path $.storeGateway.podSecurityContext.enabled
[INFO] Coalescing path $.storeGateway.podSecurityContext.fsGroup
[INFO] Coalescing path $.storeGateway.service.annotations
[INFO] Coalescing path $.storeGateway.service.clusterIP
[INFO] Coalescing path $.storeGateway.service.externalTrafficPolicy
[INFO] Coalescing path $.storeGateway.service.extraPorts
[INFO] Coalescing path $.storeGateway.service.loadBalancerIP
[INFO] Coalescing path $.storeGateway.service.loadBalancerSourceRanges
[INFO] Coalescing path $.storeGateway.service.sessionAffinity
[INFO] Coalescing path $.storeGateway.service.sessionAffinityConfig
[INFO] Coalescing path $.storeGateway.service.type
[INFO] Coalescing path $.volumePermissions.containerSecurityContext.runAsUser
[INFO] Coalescing path $.volumePermissions.image.pullPolicy
[INFO] Coalescing path $.alertmanager.networkPolicy.ingressNSMatchLabels[*]
[INFO] Coalescing path $.alertmanager.networkPolicy.ingressNSPodMatchLabels[*]
[INFO] Coalescing path $.alertmanager.service.headless.annotations
[INFO] Coalescing path $.alertmanager.service.nodePorts.grpc
[INFO] Coalescing path $.alertmanager.service.nodePorts.http
[INFO] Coalescing path $.alertmanager.service.ports.grpc
[INFO] Coalescing path $.alertmanager.service.ports.http
[INFO] Coalescing path $.compactor.networkPolicy.ingressNSMatchLabels[*]
[INFO] Coalescing path $.compactor.networkPolicy.ingressNSPodMatchLabels[*]
[INFO] Coalescing path $.compactor.service.nodePorts.grpc
[INFO] Coalescing path $.compactor.service.nodePorts.http
[INFO] Coalescing path $.compactor.service.ports.grpc
[INFO] Coalescing path $.compactor.service.ports.http
[INFO] Coalescing path $.distributor.networkPolicy.ingressNSMatchLabels[*]
[INFO] Coalescing path $.distributor.networkPolicy.ingressNSPodMatchLabels[*]
[INFO] Coalescing path $.distributor.service.headless.annotations
[INFO] Coalescing path $.distributor.service.nodePorts.grpc
[INFO] Coalescing path $.distributor.service.nodePorts.http
[INFO] Coalescing path $.distributor.service.ports.grpc
[INFO] Coalescing path $.distributor.service.ports.http
[INFO] Coalescing path $.gateway.networkPolicy.ingressNSMatchLabels[*]
[INFO] Coalescing path $.gateway.networkPolicy.ingressNSPodMatchLabels[*]
[INFO] Coalescing path $.gateway.service.nodePorts.http
[INFO] Coalescing path $.gateway.service.ports.http
[INFO] Coalescing path $.ingester.networkPolicy.ingressNSMatchLabels[*]
[INFO] Coalescing path $.ingester.networkPolicy.ingressNSPodMatchLabels[*]
[INFO] Coalescing path $.ingester.service.headless.annotations
[INFO] Coalescing path $.ingester.service.nodePorts.grpc
[INFO] Coalescing path $.ingester.service.nodePorts.http
[INFO] Coalescing path $.ingester.service.ports.grpc
[INFO] Coalescing path $.ingester.service.ports.http
[INFO] Coalescing path $.mimir.gossipRing.service.annotations
[INFO] Coalescing path $.overridesExporter.networkPolicy.ingressNSMatchLabels[*]
[INFO] Coalescing path $.overridesExporter.networkPolicy.ingressNSPodMatchLabels[*]
[INFO] Coalescing path $.overridesExporter.service.headless.annotations
[INFO] Coalescing path $.overridesExporter.service.nodePorts.grpc
[INFO] Coalescing path $.overridesExporter.service.nodePorts.http
[INFO] Coalescing path $.overridesExporter.service.ports.grpc
[INFO] Coalescing path $.overridesExporter.service.ports.http
[INFO] Coalescing path $.querier.networkPolicy.ingressNSMatchLabels[*]
[INFO] Coalescing path $.querier.networkPolicy.ingressNSPodMatchLabels[*]
[INFO] Coalescing path $.querier.service.headless.annotations
[INFO] Coalescing path $.querier.service.nodePorts.grpc
[INFO] Coalescing path $.querier.service.nodePorts.http
[INFO] Coalescing path $.querier.service.ports.grpc
[INFO] Coalescing path $.querier.service.ports.http
[INFO] Coalescing path $.queryFrontend.networkPolicy.ingressNSMatchLabels[*]
[INFO] Coalescing path $.queryFrontend.networkPolicy.ingressNSPodMatchLabels[*]
[INFO] Coalescing path $.queryFrontend.service.headless.annotations
[INFO] Coalescing path $.queryFrontend.service.nodePorts.grpc
[INFO] Coalescing path $.queryFrontend.service.nodePorts.http
[INFO] Coalescing path $.queryFrontend.service.ports.grpc
[INFO] Coalescing path $.queryFrontend.service.ports.http
[INFO] Coalescing path $.queryScheduler.networkPolicy.ingressNSMatchLabels[*]
[INFO] Coalescing path $.queryScheduler.networkPolicy.ingressNSPodMatchLabels[*]
[INFO] Coalescing path $.queryScheduler.service.headless.annotations
[INFO] Coalescing path $.queryScheduler.service.nodePorts.grpc
[INFO] Coalescing path $.queryScheduler.service.nodePorts.http
[INFO] Coalescing path $.queryScheduler.service.ports.grpc
[INFO] Coalescing path $.queryScheduler.service.ports.http
[INFO] Coalescing path $.ruler.networkPolicy.ingressNSMatchLabels[*]
[INFO] Coalescing path $.ruler.networkPolicy.ingressNSPodMatchLabels[*]
[INFO] Coalescing path $.ruler.service.nodePorts.grpc
[INFO] Coalescing path $.ruler.service.nodePorts.http
[INFO] Coalescing path $.ruler.service.ports.grpc
[INFO] Coalescing path $.ruler.service.ports.http
[INFO] Coalescing path $.storeGateway.networkPolicy.ingressNSMatchLabels[*]
[INFO] Coalescing path $.storeGateway.networkPolicy.ingressNSPodMatchLabels[*]
[INFO] Coalescing path $.storeGateway.service.headless.annotations
[INFO] Coalescing path $.storeGateway.service.nodePorts.grpc
[INFO] Coalescing path $.storeGateway.service.nodePorts.http
[INFO] Coalescing path $.storeGateway.service.ports.grpc
[INFO] Coalescing path $.storeGateway.service.ports.http
[INFO] Coalescing path $.gateway.ingress.extraHosts[*].name
[INFO] Coalescing path $.gateway.ingress.extraHosts[*].path
[INFO] Coalescing path $.gateway.ingress.extraHosts[*].pathType
[INFO] Coalescing path $.gateway.ingress.secrets[*].certificate
[INFO] Coalescing path $.gateway.ingress.secrets[*].key
[INFO] Coalescing path $.gateway.ingress.secrets[*].name
[INFO] Coalescing path $.mimir.gossipRing.service.ports.http
[INFO] Testing known inputs first; arbitrary extra-key cases are deferred
[INFO] Render hashes (run-local): 18 observed, 18 unique, 0 duplicate bundles; 0 successful validations reused
[INFO] Testing deferred arbitrary-key and original-schema robustness cases
[INFO] Render hashes (run-local): 101 observed, 101 unique, 0 duplicate bundles; 0 successful validations reused
[INFO] .: failed; 0 charts remain
