[INFO] Chart 1/1: .
[INFO] Finite filtering unavailable: permutations need closed objects at (); set additionalProperties: false; prioritizing known inputs before robustness sampling
[INFO] Coalescing path $.auxiliaryImage
[INFO] Coalescing path $.commonAnnotations
[INFO] Coalescing path $.commonLabels
[INFO] Coalescing path $.extraDeploy
[INFO] Coalescing path $.global
[INFO] Coalescing path $.auxiliaryImage.pullPolicy
[INFO] Coalescing path $.diagnosticMode.args
[INFO] Coalescing path $.diagnosticMode.command
[INFO] Coalescing path $.diagnosticMode.enabled
[INFO] Coalescing path $.externalDatabase.database
[INFO] Coalescing path $.externalDatabase.host
[INFO] Coalescing path $.externalDatabase.password
[INFO] Coalescing path $.externalDatabase.port
[INFO] Coalescing path $.externalDatabase.user
[INFO] Coalescing path $.extraDeploy[*]
[INFO] Coalescing path $.hub.adminUser
[INFO] Coalescing path $.hub.affinity
[INFO] Coalescing path $.hub.automountServiceAccountToken
[INFO] Coalescing path $.hub.configuration
[INFO] Coalescing path $.hub.containerSecurityContext
[INFO] Coalescing path $.hub.customLivenessProbe
[INFO] Coalescing path $.hub.customReadinessProbe
[INFO] Coalescing path $.hub.customStartupProbe
[INFO] Coalescing path $.hub.existingConfigmap
[INFO] Coalescing path $.hub.existingSecret
[INFO] Coalescing path $.hub.extraEnvVars
[INFO] Coalescing path $.hub.extraEnvVarsCM
[INFO] Coalescing path $.hub.extraEnvVarsSecret
[INFO] Coalescing path $.hub.extraVolumeMounts
[INFO] Coalescing path $.hub.extraVolumes
[INFO] Coalescing path $.hub.hostAliases
[INFO] Coalescing path $.hub.image
[INFO] Coalescing path $.hub.initContainers
[INFO] Coalescing path $.hub.lifecycleHooks
[INFO] Coalescing path $.hub.nodeSelector
[INFO] Coalescing path $.hub.podAffinityPreset
[INFO] Coalescing path $.hub.podAnnotations
[INFO] Coalescing path $.hub.podAntiAffinityPreset
[INFO] Coalescing path $.hub.podLabels
[INFO] Coalescing path $.hub.podSecurityContext
[INFO] Coalescing path $.hub.priorityClassName
[INFO] Coalescing path $.hub.resources
[INFO] Coalescing path $.hub.schedulerName
[INFO] Coalescing path $.hub.services
[INFO] Coalescing path $.hub.sidecars
[INFO] Coalescing path $.hub.terminationGracePeriodSeconds
[INFO] Coalescing path $.hub.tolerations
[INFO] Coalescing path $.hub.topologySpreadConstraints
[INFO] Coalescing path $.hub.updateStrategy
[INFO] Coalescing path $.imagePuller.affinity
[INFO] Coalescing path $.imagePuller.automountServiceAccountToken
[INFO] Coalescing path $.imagePuller.containerSecurityContext
[INFO] Coalescing path $.imagePuller.customLivenessProbe
[INFO] Coalescing path $.imagePuller.customReadinessProbe
[INFO] Coalescing path $.imagePuller.customStartupProbe
[INFO] Coalescing path $.imagePuller.enabled
[INFO] Coalescing path $.imagePuller.extraEnvVars
[INFO] Coalescing path $.imagePuller.extraEnvVarsCM
[INFO] Coalescing path $.imagePuller.extraEnvVarsSecret
[INFO] Coalescing path $.imagePuller.extraVolumeMounts
[INFO] Coalescing path $.imagePuller.extraVolumes
[INFO] Coalescing path $.imagePuller.hostAliases
[INFO] Coalescing path $.imagePuller.initContainers
[INFO] Coalescing path $.imagePuller.lifecycleHooks
[INFO] Coalescing path $.imagePuller.nodeSelector
[INFO] Coalescing path $.imagePuller.podAffinityPreset
[INFO] Coalescing path $.imagePuller.podAnnotations
[INFO] Coalescing path $.imagePuller.podAntiAffinityPreset
[INFO] Coalescing path $.imagePuller.podLabels
[INFO] Coalescing path $.imagePuller.podSecurityContext
[INFO] Coalescing path $.imagePuller.priorityClassName
[INFO] Coalescing path $.imagePuller.resources
[INFO] Coalescing path $.imagePuller.resourcesPreset
[INFO] Coalescing path $.imagePuller.schedulerName
[INFO] Coalescing path $.imagePuller.sidecars
[INFO] Coalescing path $.imagePuller.terminationGracePeriodSeconds
[INFO] Coalescing path $.imagePuller.tolerations
[INFO] Coalescing path $.imagePuller.topologySpreadConstraints
[INFO] Coalescing path $.imagePuller.updateStrategy
[INFO] Coalescing path $.postgresql.enabled
[INFO] Coalescing path $.postgresql.image
[INFO] Coalescing path $.proxy.affinity
[INFO] Coalescing path $.proxy.automountServiceAccountToken
[INFO] Coalescing path $.proxy.containerSecurityContext
[INFO] Coalescing path $.proxy.customLivenessProbe
[INFO] Coalescing path $.proxy.customReadinessProbe
[INFO] Coalescing path $.proxy.customStartupProbe
[INFO] Coalescing path $.proxy.extraEnvVars
[INFO] Coalescing path $.proxy.extraEnvVarsCM
[INFO] Coalescing path $.proxy.extraEnvVarsSecret
[INFO] Coalescing path $.proxy.extraVolumeMounts
[INFO] Coalescing path $.proxy.extraVolumes
[INFO] Coalescing path $.proxy.hostAliases
[INFO] Coalescing path $.proxy.image
[INFO] Coalescing path $.proxy.initContainers
[INFO] Coalescing path $.proxy.lifecycleHooks
[INFO] Coalescing path $.proxy.nodeSelector
[INFO] Coalescing path $.proxy.podAffinityPreset
[INFO] Coalescing path $.proxy.podAnnotations
[INFO] Coalescing path $.proxy.podAntiAffinityPreset
[INFO] Coalescing path $.proxy.podLabels
[INFO] Coalescing path $.proxy.podSecurityContext
[INFO] Coalescing path $.proxy.priorityClassName
[INFO] Coalescing path $.proxy.resources
[INFO] Coalescing path $.proxy.schedulerName
[INFO] Coalescing path $.proxy.secretToken
[INFO] Coalescing path $.proxy.sidecars
[INFO] Coalescing path $.proxy.terminationGracePeriodSeconds
[INFO] Coalescing path $.proxy.tolerations
[INFO] Coalescing path $.proxy.topologySpreadConstraints
[INFO] Coalescing path $.proxy.updateStrategy
[INFO] Coalescing path $.singleuser.image
[INFO] Coalescing path $.hub.containerPorts.http
[INFO] Coalescing path $.hub.containerSecurityContext.enabled
[INFO] Coalescing path $.hub.image.pullPolicy
[INFO] Coalescing path $.hub.networkPolicy.allowExternal
[INFO] Coalescing path $.hub.networkPolicy.allowExternalEgress
[INFO] Coalescing path $.hub.networkPolicy.allowInterspaceAccess
[INFO] Coalescing path $.hub.networkPolicy.enabled
[INFO] Coalescing path $.hub.networkPolicy.extraEgress
[INFO] Coalescing path $.hub.networkPolicy.extraIngress
[INFO] Coalescing path $.hub.nodeAffinityPreset.key
[INFO] Coalescing path $.hub.nodeAffinityPreset.type
[INFO] Coalescing path $.hub.nodeAffinityPreset.values
[INFO] Coalescing path $.hub.pdb.create
[INFO] Coalescing path $.hub.pdb.maxUnavailable
[INFO] Coalescing path $.hub.pdb.minAvailable
[INFO] Coalescing path $.hub.podSecurityContext.enabled
[INFO] Coalescing path $.hub.rbac.create
[INFO] Coalescing path $.hub.rbac.rules
[INFO] Coalescing path $.hub.service.annotations
[INFO] Coalescing path $.hub.service.clusterIP
[INFO] Coalescing path $.hub.service.externalTrafficPolicy
[INFO] Coalescing path $.hub.service.extraPorts
[INFO] Coalescing path $.hub.service.loadBalancerIP
[INFO] Coalescing path $.hub.service.loadBalancerSourceRanges
[INFO] Coalescing path $.hub.service.sessionAffinity
[INFO] Coalescing path $.hub.service.sessionAffinityConfig
[INFO] Coalescing path $.hub.service.type
[INFO] Coalescing path $.hub.serviceAccount.annotations
[INFO] Coalescing path $.hub.serviceAccount.automountServiceAccountToken
[INFO] Coalescing path $.hub.serviceAccount.create
[INFO] Coalescing path $.imagePuller.containerSecurityContext.enabled
[INFO] Coalescing path $.imagePuller.networkPolicy.allowExternalEgress
[INFO] Coalescing path $.imagePuller.networkPolicy.enabled
[INFO] Coalescing path $.imagePuller.networkPolicy.extraIngress
[INFO] Coalescing path $.imagePuller.nodeAffinityPreset.key
[INFO] Coalescing path $.imagePuller.nodeAffinityPreset.type
[INFO] Coalescing path $.imagePuller.nodeAffinityPreset.values
[INFO] Coalescing path $.imagePuller.podSecurityContext.enabled
[INFO] Coalescing path $.imagePuller.serviceAccount.annotations
[INFO] Coalescing path $.imagePuller.serviceAccount.automountServiceAccountToken
[INFO] Coalescing path $.imagePuller.serviceAccount.create
[INFO] Coalescing path $.postgresql.auth.database
[INFO] Coalescing path $.postgresql.auth.username
[INFO] Coalescing path $.postgresql.image.pullPolicy
[INFO] Coalescing path $.proxy.containerPort.api
[INFO] Coalescing path $.proxy.containerPort.http
[INFO] Coalescing path $.proxy.containerPort.metrics
[INFO] Coalescing path $.proxy.containerSecurityContext.enabled
[INFO] Coalescing path $.proxy.image.pullPolicy
[INFO] Coalescing path $.proxy.ingress.annotations
[INFO] Coalescing path $.proxy.ingress.certManager
[INFO] Coalescing path $.proxy.ingress.enabled
[INFO] Coalescing path $.proxy.ingress.extraHosts
[INFO] Coalescing path $.proxy.ingress.extraPaths
[INFO] Coalescing path $.proxy.ingress.extraRules
[INFO] Coalescing path $.proxy.ingress.extraTls
[INFO] Coalescing path $.proxy.ingress.hostname
[INFO] Coalescing path $.proxy.ingress.ingressClassName
[INFO] Coalescing path $.proxy.ingress.path
[INFO] Coalescing path $.proxy.ingress.pathType
[INFO] Coalescing path $.proxy.ingress.secrets
[INFO] Coalescing path $.proxy.ingress.selfSigned
[INFO] Coalescing path $.proxy.ingress.tls
[INFO] Coalescing path $.proxy.networkPolicy.allowExternal
[INFO] Coalescing path $.proxy.networkPolicy.allowInterspaceAccess
[INFO] Coalescing path $.proxy.networkPolicy.enabled
[INFO] Coalescing path $.proxy.networkPolicy.extraEgress
[INFO] Coalescing path $.proxy.networkPolicy.extraIngress
[INFO] Coalescing path $.proxy.networkPolicy.ingressNSMatchLabels
[INFO] Coalescing path $.proxy.networkPolicy.ingressNSPodMatchLabels
[INFO] Coalescing path $.proxy.nodeAffinityPreset.key
[INFO] Coalescing path $.proxy.nodeAffinityPreset.type
[INFO] Coalescing path $.proxy.nodeAffinityPreset.values
[INFO] Coalescing path $.proxy.pdb.create
[INFO] Coalescing path $.proxy.pdb.maxUnavailable
[INFO] Coalescing path $.proxy.pdb.minAvailable
[INFO] Coalescing path $.proxy.podSecurityContext.enabled
[INFO] Coalescing path $.proxy.serviceAccount.annotations
[INFO] Coalescing path $.proxy.serviceAccount.automountServiceAccountToken
[INFO] Coalescing path $.proxy.serviceAccount.create
[INFO] Coalescing path $.singleuser.containerPorts.http
[INFO] Coalescing path $.singleuser.networkPolicy.allowCloudMetadataAccess
[INFO] Coalescing path $.singleuser.networkPolicy.allowExternal
[INFO] Coalescing path $.singleuser.networkPolicy.allowExternalEgress
[INFO] Coalescing path $.singleuser.networkPolicy.allowInterspaceAccess
[INFO] Coalescing path $.singleuser.networkPolicy.enabled
[INFO] Coalescing path $.singleuser.networkPolicy.extraEgress
[INFO] Coalescing path $.singleuser.networkPolicy.extraIngress
[INFO] Coalescing path $.singleuser.networkPolicy.ingressNSMatchLabels
[INFO] Coalescing path $.singleuser.networkPolicy.ingressNSPodMatchLabels
[INFO] Coalescing path $.singleuser.serviceAccount.annotations
[INFO] Coalescing path $.singleuser.serviceAccount.automountServiceAccountToken
[INFO] Coalescing path $.singleuser.serviceAccount.create
[INFO] Coalescing path $.hub.metrics.serviceMonitor.enabled
[INFO] Coalescing path $.hub.metrics.serviceMonitor.honorLabels
[INFO] Coalescing path $.hub.metrics.serviceMonitor.interval
[INFO] Coalescing path $.hub.metrics.serviceMonitor.jobLabel
[INFO] Coalescing path $.hub.metrics.serviceMonitor.labels
[INFO] Coalescing path $.hub.metrics.serviceMonitor.metricRelabelings
[INFO] Coalescing path $.hub.metrics.serviceMonitor.namespace
[INFO] Coalescing path $.hub.metrics.serviceMonitor.path
[INFO] Coalescing path $.hub.metrics.serviceMonitor.relabelings
[INFO] Coalescing path $.hub.metrics.serviceMonitor.scrapeTimeout
[INFO] Coalescing path $.hub.metrics.serviceMonitor.selector
[INFO] Coalescing path $.hub.service.nodePorts.http
[INFO] Coalescing path $.hub.service.ports.http
[INFO] Coalescing path $.postgresql.service.ports.postgresql
[INFO] Coalescing path $.proxy.metrics.serviceMonitor.enabled
[INFO] Coalescing path $.proxy.metrics.serviceMonitor.honorLabels
[INFO] Coalescing path $.proxy.metrics.serviceMonitor.interval
[INFO] Coalescing path $.proxy.metrics.serviceMonitor.jobLabel
[INFO] Coalescing path $.proxy.metrics.serviceMonitor.labels
[INFO] Coalescing path $.proxy.metrics.serviceMonitor.metricRelabelings
[INFO] Coalescing path $.proxy.metrics.serviceMonitor.namespace
[INFO] Coalescing path $.proxy.metrics.serviceMonitor.path
[INFO] Coalescing path $.proxy.metrics.serviceMonitor.relabelings
[INFO] Coalescing path $.proxy.metrics.serviceMonitor.scrapeTimeout
[INFO] Coalescing path $.proxy.metrics.serviceMonitor.selector
[INFO] Coalescing path $.proxy.networkPolicy.ingressNSMatchLabels[*]
[INFO] Coalescing path $.proxy.networkPolicy.ingressNSPodMatchLabels[*]
[INFO] Coalescing path $.proxy.service.api.annotations
[INFO] Coalescing path $.proxy.service.api.clusterIP
[INFO] Coalescing path $.proxy.service.api.externalTrafficPolicy
[INFO] Coalescing path $.proxy.service.api.extraPorts
[INFO] Coalescing path $.proxy.service.api.loadBalancerIP
[INFO] Coalescing path $.proxy.service.api.loadBalancerSourceRanges
[INFO] Coalescing path $.proxy.service.api.sessionAffinity
[INFO] Coalescing path $.proxy.service.api.sessionAffinityConfig
[INFO] Coalescing path $.proxy.service.api.type
[INFO] Coalescing path $.proxy.service.metrics.annotations
[INFO] Coalescing path $.proxy.service.metrics.clusterIP
[INFO] Coalescing path $.proxy.service.metrics.externalTrafficPolicy
[INFO] Coalescing path $.proxy.service.metrics.extraPorts
[INFO] Coalescing path $.proxy.service.metrics.loadBalancerIP
[INFO] Coalescing path $.proxy.service.metrics.loadBalancerSourceRanges
[INFO] Coalescing path $.proxy.service.metrics.sessionAffinity
[INFO] Coalescing path $.proxy.service.metrics.sessionAffinityConfig
[INFO] Coalescing path $.proxy.service.metrics.type
[INFO] Coalescing path $.proxy.service.public.annotations
[INFO] Coalescing path $.proxy.service.public.clusterIP
[INFO] Coalescing path $.proxy.service.public.externalTrafficPolicy
[INFO] Coalescing path $.proxy.service.public.extraPorts
[INFO] Coalescing path $.proxy.service.public.loadBalancerIP
[INFO] Coalescing path $.proxy.service.public.loadBalancerSourceRanges
[INFO] Coalescing path $.proxy.service.public.sessionAffinity
[INFO] Coalescing path $.proxy.service.public.sessionAffinityConfig
[INFO] Coalescing path $.proxy.service.public.type
[INFO] Coalescing path $.singleuser.networkPolicy.ingressNSMatchLabels[*]
[INFO] Coalescing path $.singleuser.networkPolicy.ingressNSPodMatchLabels[*]
[INFO] Coalescing path $.proxy.ingress.extraHosts[*].name
[INFO] Coalescing path $.proxy.ingress.extraHosts[*].path
[INFO] Coalescing path $.proxy.ingress.extraHosts[*].pathType
[INFO] Coalescing path $.proxy.ingress.secrets[*].certificate
[INFO] Coalescing path $.proxy.ingress.secrets[*].key
[INFO] Coalescing path $.proxy.ingress.secrets[*].name
[INFO] Coalescing path $.proxy.service.api.nodePorts.http
[INFO] Coalescing path $.proxy.service.api.ports.http
[INFO] Coalescing path $.proxy.service.metrics.nodePorts.http
[INFO] Coalescing path $.proxy.service.metrics.ports.http
[INFO] Coalescing path $.proxy.service.public.nodePorts.http
[INFO] Coalescing path $.proxy.service.public.ports.http
[INFO] Testing known inputs first; arbitrary extra-key cases are deferred
[INFO] Render hashes (run-local): 20 observed, 20 unique, 0 duplicate bundles; 0 successful validations reused
[INFO] Testing deferred arbitrary-key and original-schema robustness cases
[INFO] Render hashes (run-local): 101 observed, 101 unique, 0 duplicate bundles; 0 successful validations reused
[INFO] .: failed; 0 charts remain
