[INFO] Chart 1/1: .
[INFO] Finite filtering unavailable: permutations need closed objects at (); set additionalProperties: false; prioritizing known inputs before robustness sampling
[INFO] Coalescing path $.clusterDomain
[INFO] Coalescing path $.commonAnnotations
[INFO] Coalescing path $.commonLabels
[INFO] Coalescing path $.extraDeploy
[INFO] Coalescing path $.global
[INFO] Coalescing path $.alertmanager.affinity
[INFO] Coalescing path $.alertmanager.automountServiceAccountToken
[INFO] Coalescing path $.alertmanager.configuration
[INFO] Coalescing path $.alertmanager.containerSecurityContext
[INFO] Coalescing path $.alertmanager.customLivenessProbe
[INFO] Coalescing path $.alertmanager.customReadinessProbe
[INFO] Coalescing path $.alertmanager.customStartupProbe
[INFO] Coalescing path $.alertmanager.enabled
[INFO] Coalescing path $.alertmanager.existingConfigmap
[INFO] Coalescing path $.alertmanager.extraEnvVars
[INFO] Coalescing path $.alertmanager.extraEnvVarsCM
[INFO] Coalescing path $.alertmanager.extraEnvVarsSecret
[INFO] Coalescing path $.alertmanager.extraVolumeMounts
[INFO] Coalescing path $.alertmanager.extraVolumes
[INFO] Coalescing path $.alertmanager.hostAliases
[INFO] Coalescing path $.alertmanager.image
[INFO] Coalescing path $.alertmanager.initContainers
[INFO] Coalescing path $.alertmanager.lifecycleHooks
[INFO] Coalescing path $.alertmanager.nodeSelector
[INFO] Coalescing path $.alertmanager.persistence
[INFO] Coalescing path $.alertmanager.podAffinityPreset
[INFO] Coalescing path $.alertmanager.podAnnotations
[INFO] Coalescing path $.alertmanager.podAntiAffinityPreset
[INFO] Coalescing path $.alertmanager.podLabels
[INFO] Coalescing path $.alertmanager.podManagementPolicy
[INFO] Coalescing path $.alertmanager.podSecurityContext
[INFO] Coalescing path $.alertmanager.priorityClassName
[INFO] Coalescing path $.alertmanager.replicaCount
[INFO] Coalescing path $.alertmanager.resources
[INFO] Coalescing path $.alertmanager.schedulerName
[INFO] Coalescing path $.alertmanager.sidecars
[INFO] Coalescing path $.alertmanager.terminationGracePeriodSeconds
[INFO] Coalescing path $.alertmanager.tolerations
[INFO] Coalescing path $.alertmanager.topologySpreadConstraints
[INFO] Coalescing path $.alertmanager.updateStrategy
[INFO] Coalescing path $.diagnosticMode.args
[INFO] Coalescing path $.diagnosticMode.command
[INFO] Coalescing path $.diagnosticMode.enabled
[INFO] Coalescing path $.extraDeploy[*]
[INFO] Coalescing path $.server.affinity
[INFO] Coalescing path $.server.alertingRules
[INFO] Coalescing path $.server.automountServiceAccountToken
[INFO] Coalescing path $.server.configuration
[INFO] Coalescing path $.server.containerSecurityContext
[INFO] Coalescing path $.server.customLivenessProbe
[INFO] Coalescing path $.server.customReadinessProbe
[INFO] Coalescing path $.server.customStartupProbe
[INFO] Coalescing path $.server.existingConfigmap
[INFO] Coalescing path $.server.extraEnvVars
[INFO] Coalescing path $.server.extraEnvVarsCM
[INFO] Coalescing path $.server.extraEnvVarsSecret
[INFO] Coalescing path $.server.extraVolumeMounts
[INFO] Coalescing path $.server.extraVolumes
[INFO] Coalescing path $.server.hostAliases
[INFO] Coalescing path $.server.image
[INFO] Coalescing path $.server.initContainers
[INFO] Coalescing path $.server.lifecycleHooks
[INFO] Coalescing path $.server.nodeSelector
[INFO] Coalescing path $.server.persistence
[INFO] Coalescing path $.server.podAffinityPreset
[INFO] Coalescing path $.server.podAnnotations
[INFO] Coalescing path $.server.podAntiAffinityPreset
[INFO] Coalescing path $.server.podLabels
[INFO] Coalescing path $.server.podSecurityContext
[INFO] Coalescing path $.server.priorityClassName
[INFO] Coalescing path $.server.replicaCount
[INFO] Coalescing path $.server.resources
[INFO] Coalescing path $.server.schedulerName
[INFO] Coalescing path $.server.sidecars
[INFO] Coalescing path $.server.terminationGracePeriodSeconds
[INFO] Coalescing path $.server.tolerations
[INFO] Coalescing path $.server.topologySpreadConstraints
[INFO] Coalescing path $.server.updateStrategy
[INFO] Coalescing path $.server.useStatefulSet
[INFO] Coalescing path $.volumePermissions.containerSecurityContext
[INFO] Coalescing path $.volumePermissions.enabled
[INFO] Coalescing path $.volumePermissions.image
[INFO] Coalescing path $.volumePermissions.resources
[INFO] Coalescing path $.alertmanager.containerPorts.cluster
[INFO] Coalescing path $.alertmanager.containerPorts.http
[INFO] Coalescing path $.alertmanager.containerSecurityContext.enabled
[INFO] Coalescing path $.alertmanager.containerSecurityContext.runAsUser
[INFO] Coalescing path $.alertmanager.image.pullPolicy
[INFO] Coalescing path $.alertmanager.ingress.annotations
[INFO] Coalescing path $.alertmanager.ingress.enabled
[INFO] Coalescing path $.alertmanager.ingress.extraHosts
[INFO] Coalescing path $.alertmanager.ingress.extraPaths
[INFO] Coalescing path $.alertmanager.ingress.extraRules
[INFO] Coalescing path $.alertmanager.ingress.extraTls
[INFO] Coalescing path $.alertmanager.ingress.hostname
[INFO] Coalescing path $.alertmanager.ingress.ingressClassName
[INFO] Coalescing path $.alertmanager.ingress.path
[INFO] Coalescing path $.alertmanager.ingress.pathType
[INFO] Coalescing path $.alertmanager.ingress.secrets
[INFO] Coalescing path $.alertmanager.ingress.selfSigned
[INFO] Coalescing path $.alertmanager.ingress.tls
[INFO] Coalescing path $.alertmanager.networkPolicy.addExternalClientAccess
[INFO] Coalescing path $.alertmanager.networkPolicy.allowExternal
[INFO] Coalescing path $.alertmanager.networkPolicy.allowExternalEgress
[INFO] Coalescing path $.alertmanager.networkPolicy.enabled
[INFO] Coalescing path $.alertmanager.networkPolicy.extraIngress
[INFO] Coalescing path $.alertmanager.networkPolicy.ingressNSMatchLabels
[INFO] Coalescing path $.alertmanager.networkPolicy.ingressNSPodMatchLabels
[INFO] Coalescing path $.alertmanager.networkPolicy.ingressPodMatchLabels
[INFO] Coalescing path $.alertmanager.nodeAffinityPreset.key
[INFO] Coalescing path $.alertmanager.nodeAffinityPreset.type
[INFO] Coalescing path $.alertmanager.nodeAffinityPreset.values
[INFO] Coalescing path $.alertmanager.pdb.create
[INFO] Coalescing path $.alertmanager.pdb.maxUnavailable
[INFO] Coalescing path $.alertmanager.pdb.minAvailable
[INFO] Coalescing path $.alertmanager.persistence.accessModes
[INFO] Coalescing path $.alertmanager.persistence.annotations
[INFO] Coalescing path $.alertmanager.persistence.enabled
[INFO] Coalescing path $.alertmanager.persistence.mountPath
[INFO] Coalescing path $.alertmanager.persistence.selector
[INFO] Coalescing path $.alertmanager.persistence.size
[INFO] Coalescing path $.alertmanager.persistence.subPath
[INFO] Coalescing path $.alertmanager.podSecurityContext.enabled
[INFO] Coalescing path $.alertmanager.podSecurityContext.fsGroup
[INFO] Coalescing path $.alertmanager.service.annotations
[INFO] Coalescing path $.alertmanager.service.clusterIP
[INFO] Coalescing path $.alertmanager.service.externalTrafficPolicy
[INFO] Coalescing path $.alertmanager.service.extraPorts
[INFO] Coalescing path $.alertmanager.service.loadBalancerClass
[INFO] Coalescing path $.alertmanager.service.loadBalancerIP
[INFO] Coalescing path $.alertmanager.service.loadBalancerSourceRanges
[INFO] Coalescing path $.alertmanager.service.sessionAffinity
[INFO] Coalescing path $.alertmanager.service.sessionAffinityConfig
[INFO] Coalescing path $.alertmanager.service.type
[INFO] Coalescing path $.alertmanager.serviceAccount.annotations
[INFO] Coalescing path $.alertmanager.serviceAccount.automountServiceAccountToken
[INFO] Coalescing path $.alertmanager.serviceAccount.create
[INFO] Coalescing path $.server.containerPorts.http
[INFO] Coalescing path $.server.containerSecurityContext.enabled
[INFO] Coalescing path $.server.containerSecurityContext.runAsUser
[INFO] Coalescing path $.server.image.pullPolicy
[INFO] Coalescing path $.server.ingress.annotations
[INFO] Coalescing path $.server.ingress.enabled
[INFO] Coalescing path $.server.ingress.extraHosts
[INFO] Coalescing path $.server.ingress.extraPaths
[INFO] Coalescing path $.server.ingress.extraRules
[INFO] Coalescing path $.server.ingress.extraTls
[INFO] Coalescing path $.server.ingress.hostname
[INFO] Coalescing path $.server.ingress.ingressClassName
[INFO] Coalescing path $.server.ingress.path
[INFO] Coalescing path $.server.ingress.pathType
[INFO] Coalescing path $.server.ingress.secrets
[INFO] Coalescing path $.server.ingress.selfSigned
[INFO] Coalescing path $.server.ingress.tls
[INFO] Coalescing path $.server.networkPolicy.addExternalClientAccess
[INFO] Coalescing path $.server.networkPolicy.allowExternal
[INFO] Coalescing path $.server.networkPolicy.allowExternalEgress
[INFO] Coalescing path $.server.networkPolicy.enabled
[INFO] Coalescing path $.server.networkPolicy.extraIngress
[INFO] Coalescing path $.server.networkPolicy.ingressNSMatchLabels
[INFO] Coalescing path $.server.networkPolicy.ingressNSPodMatchLabels
[INFO] Coalescing path $.server.networkPolicy.ingressPodMatchLabels
[INFO] Coalescing path $.server.nodeAffinityPreset.key
[INFO] Coalescing path $.server.nodeAffinityPreset.type
[INFO] Coalescing path $.server.nodeAffinityPreset.values
[INFO] Coalescing path $.server.pdb.create
[INFO] Coalescing path $.server.pdb.maxUnavailable
[INFO] Coalescing path $.server.pdb.minAvailable
[INFO] Coalescing path $.server.persistence.accessModes
[INFO] Coalescing path $.server.persistence.annotations
[INFO] Coalescing path $.server.persistence.dataSource
[INFO] Coalescing path $.server.persistence.enabled
[INFO] Coalescing path $.server.persistence.existingClaim
[INFO] Coalescing path $.server.persistence.mountPath
[INFO] Coalescing path $.server.persistence.selector
[INFO] Coalescing path $.server.persistence.size
[INFO] Coalescing path $.server.persistence.subPath
[INFO] Coalescing path $.server.podSecurityContext.enabled
[INFO] Coalescing path $.server.podSecurityContext.fsGroup
[INFO] Coalescing path $.server.rbac.create
[INFO] Coalescing path $.server.rbac.includeDefaultRules
[INFO] Coalescing path $.server.rbac.rules
[INFO] Coalescing path $.server.service.annotations
[INFO] Coalescing path $.server.service.clusterIP
[INFO] Coalescing path $.server.service.externalTrafficPolicy
[INFO] Coalescing path $.server.service.extraPorts
[INFO] Coalescing path $.server.service.loadBalancerClass
[INFO] Coalescing path $.server.service.loadBalancerIP
[INFO] Coalescing path $.server.service.loadBalancerSourceRanges
[INFO] Coalescing path $.server.service.sessionAffinity
[INFO] Coalescing path $.server.service.sessionAffinityConfig
[INFO] Coalescing path $.server.service.type
[INFO] Coalescing path $.server.serviceAccount.annotations
[INFO] Coalescing path $.server.serviceAccount.automountServiceAccountToken
[INFO] Coalescing path $.server.serviceAccount.create
[INFO] Coalescing path $.server.thanos.containerSecurityContext
[INFO] Coalescing path $.server.thanos.create
[INFO] Coalescing path $.server.thanos.customLivenessProbe
[INFO] Coalescing path $.server.thanos.customReadinessProbe
[INFO] Coalescing path $.server.thanos.extraArgs
[INFO] Coalescing path $.server.thanos.extraEnvVars
[INFO] Coalescing path $.server.thanos.extraEnvVarsCM
[INFO] Coalescing path $.server.thanos.extraEnvVarsSecret
[INFO] Coalescing path $.server.thanos.extraVolumeMounts
[INFO] Coalescing path $.server.thanos.image
[INFO] Coalescing path $.server.thanos.prometheusUrl
[INFO] Coalescing path $.server.thanos.resources
[INFO] Coalescing path $.volumePermissions.image.pullPolicy
[INFO] Coalescing path $.alertmanager.persistence.accessModes[*]
[INFO] Coalescing path $.alertmanager.service.nodePorts.http
[INFO] Coalescing path $.alertmanager.service.ports.cluster
[INFO] Coalescing path $.alertmanager.service.ports.http
[INFO] Coalescing path $.server.persistence.accessModes[*]
[INFO] Coalescing path $.server.service.nodePorts.http
[INFO] Coalescing path $.server.service.ports.http
[INFO] Coalescing path $.server.thanos.containerSecurityContext.enabled
[INFO] Coalescing path $.server.thanos.image.pullPolicy
[INFO] Coalescing path $.server.thanos.ingress.annotations
[INFO] Coalescing path $.server.thanos.ingress.enabled
[INFO] Coalescing path $.server.thanos.ingress.extraHosts
[INFO] Coalescing path $.server.thanos.ingress.extraPaths
[INFO] Coalescing path $.server.thanos.ingress.extraRules
[INFO] Coalescing path $.server.thanos.ingress.extraTls
[INFO] Coalescing path $.server.thanos.ingress.hostname
[INFO] Coalescing path $.server.thanos.ingress.ingressClassName
[INFO] Coalescing path $.server.thanos.ingress.path
[INFO] Coalescing path $.server.thanos.ingress.pathType
[INFO] Coalescing path $.server.thanos.ingress.secrets
[INFO] Coalescing path $.server.thanos.ingress.selfSigned
[INFO] Coalescing path $.server.thanos.ingress.tls
[INFO] Coalescing path $.server.thanos.objectStorageConfig.secretKey
[INFO] Coalescing path $.server.thanos.objectStorageConfig.secretName
[INFO] Coalescing path $.server.thanos.service.annotations
[INFO] Coalescing path $.server.thanos.service.clusterIP
[INFO] Coalescing path $.server.thanos.service.externalTrafficPolicy
[INFO] Coalescing path $.server.thanos.service.extraPorts
[INFO] Coalescing path $.server.thanos.service.loadBalancerClass
[INFO] Coalescing path $.server.thanos.service.loadBalancerIP
[INFO] Coalescing path $.server.thanos.service.loadBalancerSourceRanges
[INFO] Coalescing path $.server.thanos.service.sessionAffinity
[INFO] Coalescing path $.server.thanos.service.sessionAffinityConfig
[INFO] Coalescing path $.server.thanos.service.type
[INFO] Coalescing path $.alertmanager.ingress.extraHosts[*].name
[INFO] Coalescing path $.alertmanager.ingress.extraHosts[*].path
[INFO] Coalescing path $.alertmanager.ingress.extraHosts[*].pathType
[INFO] Coalescing path $.alertmanager.ingress.secrets[*].certificate
[INFO] Coalescing path $.alertmanager.ingress.secrets[*].key
[INFO] Coalescing path $.alertmanager.ingress.secrets[*].name
[INFO] Coalescing path $.server.ingress.extraHosts[*].name
[INFO] Coalescing path $.server.ingress.extraHosts[*].path
[INFO] Coalescing path $.server.ingress.extraHosts[*].pathType
[INFO] Coalescing path $.server.ingress.secrets[*].certificate
[INFO] Coalescing path $.server.ingress.secrets[*].key
[INFO] Coalescing path $.server.ingress.secrets[*].name
[INFO] Coalescing path $.server.thanos.service.nodePorts.grpc
[INFO] Coalescing path $.server.thanos.service.ports.grpc
[INFO] Coalescing path $.server.thanos.ingress.extraHosts[*].name
[INFO] Coalescing path $.server.thanos.ingress.extraHosts[*].path
[INFO] Coalescing path $.server.thanos.ingress.extraHosts[*].pathType
[INFO] Coalescing path $.server.thanos.ingress.secrets[*].certificate
[INFO] Coalescing path $.server.thanos.ingress.secrets[*].key
[INFO] Coalescing path $.server.thanos.ingress.secrets[*].name
[INFO] Testing known inputs first; arbitrary extra-key cases are deferred
[INFO] Render hashes (run-local): 41 observed, 24 unique, 17 duplicate bundles; 17 successful validations reused
[INFO] Testing deferred arbitrary-key and original-schema robustness cases
[INFO] Render hashes (run-local): 225 observed, 5 unique, 220 duplicate bundles; 220 successful validations reused
[INFO] .: failed; 0 charts remain
