[INFO] Auditing path $.affinity
[INFO] Auditing path $.automountServiceAccountToken
[INFO] Auditing path $.containerSecurityContext
[INFO] Auditing path $.deploymentAnnotations
[INFO] Auditing path $.extraArgs
[INFO] Auditing path $.extraContainers
[INFO] Auditing path $.extraInitContainers
[INFO] Auditing path $.extraManifests[*]
[INFO] Auditing path $.extraManifests
[INFO] Auditing path $.extraVars
[INFO] Auditing path $.extraVolumeMounts
[INFO] Auditing path $.extraVolumes
[INFO] Auditing path $.fullnameOverride
[INFO] Auditing path $.global.imagePullSecrets
[INFO] Auditing path $.global.imageRegistry
[INFO] Auditing path $.global
[INFO] Auditing path $.hostAliases
[INFO] Auditing path $.image.pullPolicy
[INFO] Auditing path $.image.registry
[INFO] Auditing path $.image.repository
[INFO] Auditing path $.image.tag
[INFO] Auditing path $.image
[INFO] Auditing path $.imagePullSecrets
[INFO] Auditing path $.ingress.annotations
[INFO] Auditing path $.ingress.className
[INFO] Auditing path $.ingress.enabled
[INFO] Auditing path $.ingress.extraPaths
[INFO] Auditing path $.ingress.hosts
[INFO] Auditing path $.ingress.hosts[*]
[INFO] Auditing path $.ingress.path
[INFO] Auditing path $.ingress.pathType
[INFO] Auditing path $.ingress.tls
[INFO] Auditing path $.ingress
[INFO] Auditing path $.lifecycle
[INFO] Auditing path $.liveness.enabled
[INFO] Auditing path $.liveness.probe
[INFO] Auditing path $.liveness.probe.httpGet
[INFO] Auditing path $.liveness.probe.httpGet.path
[INFO] Auditing path $.liveness.probe.httpGet.port
[INFO] Auditing path $.liveness.probe.httpGet.scheme
[INFO] Auditing path $.liveness.probe.initialDelaySeconds
[INFO] Auditing path $.liveness.probe.timeoutSeconds
[INFO] Auditing path $.liveness
[INFO] Auditing path $.nameOverride
[INFO] Auditing path $.namespaceOverride
[INFO] Auditing path $.networkPolicy.customSelectors
[INFO] Auditing path $.networkPolicy
[INFO] Auditing path $.nodeSelector
[INFO] Auditing path $.persistentVolume.accessModes
[INFO] Auditing path $.persistentVolume.annotations
[INFO] Auditing path $.persistentVolume.emptyDir
[INFO] Auditing path $.persistentVolume.enabled
[INFO] Auditing path $.persistentVolume.existingClaim
[INFO] Auditing path $.persistentVolume.mountPath
[INFO] Auditing path $.persistentVolume.size
[INFO] Auditing path $.persistentVolume.storageClass
[INFO] Auditing path $.persistentVolume.subPath
[INFO] Auditing path $.persistentVolume
[INFO] Auditing path $.persistentVolumeLabels
[INFO] Auditing path $.podAnnotations
[INFO] Auditing path $.podAntiAffinity
[INFO] Auditing path $.podAntiAffinityTopologyKey
[INFO] Auditing path $.podDisruptionBudget
[INFO] Auditing path $.podLabels
[INFO] Auditing path $.priorityClassName
[INFO] Auditing path $.readiness.enabled
[INFO] Auditing path $.readiness.probe
[INFO] Auditing path $.readiness.probe.httpGet
[INFO] Auditing path $.readiness.probe.httpGet.path
[INFO] Auditing path $.readiness.probe.httpGet.port
[INFO] Auditing path $.readiness.probe.httpGet.scheme
[INFO] Auditing path $.readiness.probe.initialDelaySeconds
[INFO] Auditing path $.readiness.probe.timeoutSeconds
[INFO] Auditing path $.readiness
[INFO] Auditing path $.replicaCount
[INFO] Auditing path $.resources
[INFO] Auditing path $.route[*].additionalRules
[INFO] Auditing path $.route[*].annotations
[INFO] Auditing path $.route[*].apiVersion
[INFO] Auditing path $.route[*].enabled
[INFO] Auditing path $.route[*].filters
[INFO] Auditing path $.route[*].hostnames
[INFO] Auditing path $.route[*].httpsRedirect
[INFO] Auditing path $.route[*].kind
[INFO] Auditing path $.route[*].labels
[INFO] Auditing path $.route[*].matches
[INFO] Auditing path $.route[*].parentRefs
[INFO] Auditing path $.route.main
[INFO] Auditing path $.route.main.additionalRules
[INFO] Auditing path $.route.main.annotations
[INFO] Auditing path $.route.main.apiVersion
[INFO] Auditing path $.route.main.enabled
[INFO] Auditing path $.route.main.filters
[INFO] Auditing path $.route.main.hostnames
[INFO] Auditing path $.route.main.httpsRedirect
[INFO] Auditing path $.route.main.kind
[INFO] Auditing path $.route.main.labels
[INFO] Auditing path $.route.main.matches
[INFO] Auditing path $.route.main.matches[*].path
[INFO] Auditing path $.route.main.matches[*].path.type
[INFO] Auditing path $.route.main.matches[*].path.value
[INFO] Auditing path $.route.main.parentRefs
[INFO] Auditing path $.route
[INFO] Auditing path $.runAsStatefulSet
[INFO] Auditing path $.securityContext.fsGroup
[INFO] Auditing path $.securityContext.runAsNonRoot
[INFO] Auditing path $.securityContext.runAsUser
[INFO] Auditing path $.securityContext
[INFO] Auditing path $.service.clusterIP
[INFO] Auditing path $.service.ipDualStack
[INFO] Auditing path $.service.ipDualStack.enabled
[INFO] Auditing path $.service.ipDualStack.ipFamilies
[INFO] Auditing path $.service.ipDualStack.ipFamilyPolicy
[INFO] Auditing path $.service.loadBalancerIP
[INFO] Auditing path $.service.loadBalancerSourceRanges
[INFO] Auditing path $.service.loadBalancerSourceRanges[*]
[INFO] Auditing path $.service.nodePort
[INFO] Auditing path $.service.port
[INFO] Auditing path $.service.portName
[INFO] Auditing path $.service.targetPort
[INFO] Auditing path $.service.type
[INFO] Auditing path $.service
[INFO] Auditing path $.serviceAccount.annotations
[INFO] Auditing path $.serviceAccount.create
[INFO] Auditing path $.serviceAccount.name
[INFO] Auditing path $.serviceAccount
[INFO] Auditing path $.serviceAccountLabels
[INFO] Auditing path $.serviceAnnotations
[INFO] Auditing path $.serviceLabels
[INFO] Auditing path $.serviceMonitor.additionalLabels
[INFO] Auditing path $.serviceMonitor.basicAuth
[INFO] Auditing path $.serviceMonitor.bearerTokenFile
[INFO] Auditing path $.serviceMonitor.enabled
[INFO] Auditing path $.serviceMonitor.honorLabels
[INFO] Auditing path $.serviceMonitor.interval
[INFO] Auditing path $.serviceMonitor.metricRelabelings
[INFO] Auditing path $.serviceMonitor.namespace
[INFO] Auditing path $.serviceMonitor.relabelings
[INFO] Auditing path $.serviceMonitor.scheme
[INFO] Auditing path $.serviceMonitor.scrapeTimeout
[INFO] Auditing path $.serviceMonitor.telemetryPath
[INFO] Auditing path $.serviceMonitor.tlsConfig
[INFO] Auditing path $.serviceMonitor
[INFO] Auditing path $.strategy.type
[INFO] Auditing path $.strategy
[INFO] Auditing path $.tolerations
[INFO] Auditing path $.topologySpreadConstraints
[INFO] Auditing path $.webConfiguration.basicAuthUsers
[INFO] Auditing path $.webConfiguration
