[INFO] Auditing path $.affinity
[INFO] Auditing path $.args
[INFO] Auditing path $.automountServiceAccountToken
[INFO] Auditing path $.autoscaling.enabled
[INFO] Auditing path $.autoscaling.maxReplicas
[INFO] Auditing path $.autoscaling.minReplicas
[INFO] Auditing path $.autoscaling.targetCPU
[INFO] Auditing path $.autoscaling.targetMemory
[INFO] Auditing path $.autoscaling
[INFO] Auditing path $.cloneStaticSiteFromGit.branch
[INFO] Auditing path $.cloneStaticSiteFromGit.enabled
[INFO] Auditing path $.cloneStaticSiteFromGit.extraEnvVars
[INFO] Auditing path $.cloneStaticSiteFromGit.extraEnvVarsSecret
[INFO] Auditing path $.cloneStaticSiteFromGit.extraVolumeMounts
[INFO] Auditing path $.cloneStaticSiteFromGit.gitClone
[INFO] Auditing path $.cloneStaticSiteFromGit.gitClone.args
[INFO] Auditing path $.cloneStaticSiteFromGit.gitClone.command
[INFO] Auditing path $.cloneStaticSiteFromGit.gitSync
[INFO] Auditing path $.cloneStaticSiteFromGit.gitSync.args
[INFO] Auditing path $.cloneStaticSiteFromGit.gitSync.command
[INFO] Auditing path $.cloneStaticSiteFromGit.gitSync.resources
[INFO] Auditing path $.cloneStaticSiteFromGit.gitSync.resourcesPreset
[INFO] Auditing path $.cloneStaticSiteFromGit.image
[INFO] Auditing path $.cloneStaticSiteFromGit.image.digest
[INFO] Auditing path $.cloneStaticSiteFromGit.image.pullPolicy
[INFO] Auditing path $.cloneStaticSiteFromGit.image.pullSecrets
[INFO] Auditing path $.cloneStaticSiteFromGit.image.registry
[INFO] Auditing path $.cloneStaticSiteFromGit.image.repository
[INFO] Auditing path $.cloneStaticSiteFromGit.image.tag
[INFO] Auditing path $.cloneStaticSiteFromGit.interval
[INFO] Auditing path $.cloneStaticSiteFromGit.repository
[INFO] Auditing path $.cloneStaticSiteFromGit
[INFO] Auditing path $.clusterDomain
[INFO] Auditing path $.command
[INFO] Auditing path $.commonAnnotations
[INFO] Auditing path $.commonLabels
[INFO] Auditing path $.containerPorts.http
[INFO] Auditing path $.containerPorts.https
[INFO] Auditing path $.containerPorts
[INFO] Auditing path $.containerSecurityContext.allowPrivilegeEscalation
[INFO] Auditing path $.containerSecurityContext.capabilities
[INFO] Auditing path $.containerSecurityContext.capabilities.drop
[INFO] Auditing path $.containerSecurityContext.enabled
[INFO] Auditing path $.containerSecurityContext.privileged
[INFO] Auditing path $.containerSecurityContext.readOnlyRootFilesystem
[INFO] Auditing path $.containerSecurityContext.runAsGroup
[INFO] Auditing path $.containerSecurityContext.runAsNonRoot
[INFO] Auditing path $.containerSecurityContext.runAsUser
[INFO] Auditing path $.containerSecurityContext.seLinuxOptions
[INFO] Auditing path $.containerSecurityContext.seccompProfile
[INFO] Auditing path $.containerSecurityContext.seccompProfile.type
[INFO] Auditing path $.containerSecurityContext
[INFO] Auditing path $.contextIncludes.events
[INFO] Auditing path $.contextIncludes.http
[INFO] Auditing path $.contextIncludes.main
[INFO] Auditing path $.contextIncludes
[INFO] Auditing path $.customLivenessProbe
[INFO] Auditing path $.customReadinessProbe
[INFO] Auditing path $.customStartupProbe
[INFO] Auditing path $.diagnosticMode.args
[INFO] Auditing path $.diagnosticMode.command
[INFO] Auditing path $.diagnosticMode.enabled
[INFO] Auditing path $.diagnosticMode
[INFO] Auditing path $.dnsConfig
[INFO] Auditing path $.dnsPolicy
[INFO] Auditing path $.enableDefaultInitContainers
[INFO] Auditing path $.existingContextEventsConfigmaps[*]
[INFO] Auditing path $.existingContextEventsConfigmaps
[INFO] Auditing path $.existingContextHttpConfigmaps[*]
[INFO] Auditing path $.existingContextHttpConfigmaps
[INFO] Auditing path $.existingContextMainConfigmaps[*]
[INFO] Auditing path $.existingContextMainConfigmaps
[INFO] Auditing path $.existingServerBlockConfigmap
[INFO] Auditing path $.existingStreamServerBlockConfigmap
[INFO] Auditing path $.extraContainerPorts
[INFO] Auditing path $.extraDeploy[*]
[INFO] Auditing path $.extraDeploy
[INFO] Auditing path $.extraEnvVars
[INFO] Auditing path $.extraEnvVarsCM
[INFO] Auditing path $.extraEnvVarsSecret
[INFO] Auditing path $.extraVolumeMounts
[INFO] Auditing path $.extraVolumes
[INFO] Auditing path $.fullnameOverride
[INFO] Auditing path $.global.clusterDomain
[INFO] Auditing path $.global.compatibility
[INFO] Auditing path $.global.compatibility.openshift
[INFO] Auditing path $.global.compatibility.openshift.adaptSecurityContext
[INFO] Auditing path $.global.imagePullSecrets
[INFO] Auditing path $.global.imageRegistry
[INFO] Auditing path $.global.security
[INFO] Auditing path $.global.security.allowInsecureImages
[INFO] Auditing path $.global
[INFO] Auditing path $.healthIngress.annotations
[INFO] Auditing path $.healthIngress.enabled
[INFO] Auditing path $.healthIngress.extraHosts
[INFO] Auditing path $.healthIngress.extraHosts[*].name
[INFO] Auditing path $.healthIngress.extraHosts[*].path
[INFO] Auditing path $.healthIngress.extraHosts[*].pathType
[INFO] Auditing path $.healthIngress.extraPaths
[INFO] Auditing path $.healthIngress.extraRules
[INFO] Auditing path $.healthIngress.extraTls
[INFO] Auditing path $.healthIngress.hostname
[INFO] Auditing path $.healthIngress.ingressClassName
[INFO] Auditing path $.healthIngress.path
[INFO] Auditing path $.healthIngress.pathType
[INFO] Auditing path $.healthIngress.secrets
[INFO] Auditing path $.healthIngress.secrets[*].certificate
[INFO] Auditing path $.healthIngress.secrets[*].key
[INFO] Auditing path $.healthIngress.secrets[*].name
[INFO] Auditing path $.healthIngress.selfSigned
[INFO] Auditing path $.healthIngress.tls
[INFO] Auditing path $.healthIngress
[INFO] Auditing path $.hostAliases
[INFO] Auditing path $.hostIPC
[INFO] Auditing path $.hostNetwork
[INFO] Auditing path $.image.debug
[INFO] Auditing path $.image.digest
[INFO] Auditing path $.image.pullPolicy
[INFO] Auditing path $.image.pullSecrets
[INFO] Auditing path $.image.registry
[INFO] Auditing path $.image.repository
[INFO] Auditing path $.image.tag
[INFO] Auditing path $.image
[INFO] Auditing path $.ingress.annotations
[INFO] Auditing path $.ingress.annotations["nginx.ingress.kubernetes.io/from-to-www-redirect"]
[INFO] Auditing path $.ingress.apiVersion
[INFO] Auditing path $.ingress.enabled
[INFO] Auditing path $.ingress.extraHosts
[INFO] Auditing path $.ingress.extraHosts[*].name
[INFO] Auditing path $.ingress.extraHosts[*].path
[INFO] Auditing path $.ingress.extraHosts[*].pathType
[INFO] Auditing path $.ingress.extraPaths
[INFO] Auditing path $.ingress.extraRules
[INFO] Auditing path $.ingress.extraTls
[INFO] Auditing path $.ingress.hostname
[INFO] Auditing path $.ingress.ingressClassName
[INFO] Auditing path $.ingress.path
[INFO] Auditing path $.ingress.pathType
[INFO] Auditing path $.ingress.secrets
[INFO] Auditing path $.ingress.secrets[*].certificate
[INFO] Auditing path $.ingress.secrets[*].key
[INFO] Auditing path $.ingress.secrets[*].name
[INFO] Auditing path $.ingress.selfSigned
[INFO] Auditing path $.ingress.tls
[INFO] Auditing path $.ingress.tlsWwwPrefix
[INFO] Auditing path $.ingress
[INFO] Auditing path $.initContainers
[INFO] Auditing path $.kubeVersion
[INFO] Auditing path $.lifecycleHooks
[INFO] Auditing path $.livenessProbe.enabled
[INFO] Auditing path $.livenessProbe.failureThreshold
[INFO] Auditing path $.livenessProbe.initialDelaySeconds
[INFO] Auditing path $.livenessProbe.periodSeconds
[INFO] Auditing path $.livenessProbe.successThreshold
[INFO] Auditing path $.livenessProbe.timeoutSeconds
[INFO] Auditing path $.livenessProbe
[INFO] Auditing path $.metrics.containerPorts
[INFO] Auditing path $.metrics.containerPorts.metrics
[INFO] Auditing path $.metrics.customLivenessProbe
[INFO] Auditing path $.metrics.customReadinessProbe
[INFO] Auditing path $.metrics.customStartupProbe
[INFO] Auditing path $.metrics.enabled
[INFO] Auditing path $.metrics.extraArgs
[INFO] Auditing path $.metrics.image
[INFO] Auditing path $.metrics.image.digest
[INFO] Auditing path $.metrics.image.pullPolicy
[INFO] Auditing path $.metrics.image.pullSecrets
[INFO] Auditing path $.metrics.image.registry
[INFO] Auditing path $.metrics.image.repository
[INFO] Auditing path $.metrics.image.tag
[INFO] Auditing path $.metrics.livenessProbe
[INFO] Auditing path $.metrics.livenessProbe.enabled
[INFO] Auditing path $.metrics.livenessProbe.failureThreshold
[INFO] Auditing path $.metrics.livenessProbe.initialDelaySeconds
[INFO] Auditing path $.metrics.livenessProbe.periodSeconds
[INFO] Auditing path $.metrics.livenessProbe.successThreshold
[INFO] Auditing path $.metrics.livenessProbe.timeoutSeconds
[INFO] Auditing path $.metrics.podAnnotations
[INFO] Auditing path $.metrics.port
[INFO] Auditing path $.metrics.prometheusRule
[INFO] Auditing path $.metrics.prometheusRule.additionalLabels
[INFO] Auditing path $.metrics.prometheusRule.enabled
[INFO] Auditing path $.metrics.prometheusRule.namespace
[INFO] Auditing path $.metrics.prometheusRule.rules
[INFO] Auditing path $.metrics.readinessProbe
[INFO] Auditing path $.metrics.readinessProbe.enabled
[INFO] Auditing path $.metrics.readinessProbe.failureThreshold
[INFO] Auditing path $.metrics.readinessProbe.initialDelaySeconds
[INFO] Auditing path $.metrics.readinessProbe.periodSeconds
[INFO] Auditing path $.metrics.readinessProbe.successThreshold
[INFO] Auditing path $.metrics.readinessProbe.timeoutSeconds
[INFO] Auditing path $.metrics.resources
[INFO] Auditing path $.metrics.resourcesPreset
[INFO] Auditing path $.metrics.securityContext
[INFO] Auditing path $.metrics.securityContext.enabled
[INFO] Auditing path $.metrics.securityContext.runAsUser
[INFO] Auditing path $.metrics.securityContext.seLinuxOptions
[INFO] Auditing path $.metrics.service
[INFO] Auditing path $.metrics.service.annotations
[INFO] Auditing path $.metrics.service.annotations["prometheus.io/port"]
[INFO] Auditing path $.metrics.service.annotations["prometheus.io/scrape"]
[INFO] Auditing path $.metrics.service.port
[INFO] Auditing path $.metrics.serviceMonitor
[INFO] Auditing path $.metrics.serviceMonitor.enabled
[INFO] Auditing path $.metrics.serviceMonitor.honorLabels
[INFO] Auditing path $.metrics.serviceMonitor.interval
[INFO] Auditing path $.metrics.serviceMonitor.jobLabel
[INFO] Auditing path $.metrics.serviceMonitor.labels
[INFO] Auditing path $.metrics.serviceMonitor.metricRelabelings
[INFO] Auditing path $.metrics.serviceMonitor.namespace
[INFO] Auditing path $.metrics.serviceMonitor.relabelings
[INFO] Auditing path $.metrics.serviceMonitor.scrapeTimeout
[INFO] Auditing path $.metrics.serviceMonitor.selector
[INFO] Auditing path $.metrics.serviceMonitor.tlsConfig
[INFO] Auditing path $.metrics.startupProbe
[INFO] Auditing path $.metrics.startupProbe.enabled
[INFO] Auditing path $.metrics.startupProbe.failureThreshold
[INFO] Auditing path $.metrics.startupProbe.initialDelaySeconds
[INFO] Auditing path $.metrics.startupProbe.periodSeconds
[INFO] Auditing path $.metrics.startupProbe.successThreshold
[INFO] Auditing path $.metrics.startupProbe.timeoutSeconds
[INFO] Auditing path $.metrics
[INFO] Auditing path $.nameOverride
[INFO] Auditing path $.namespaceOverride
[INFO] Auditing path $.networkPolicy.allowExternal
[INFO] Auditing path $.networkPolicy.allowExternalEgress
[INFO] Auditing path $.networkPolicy.enabled
[INFO] Auditing path $.networkPolicy.extraEgress
[INFO] Auditing path $.networkPolicy.extraIngress
[INFO] Auditing path $.networkPolicy.ingressNSMatchLabels
[INFO] Auditing path $.networkPolicy.ingressNSMatchLabels[*]
[INFO] Auditing path $.networkPolicy.ingressNSPodMatchLabels
[INFO] Auditing path $.networkPolicy.ingressNSPodMatchLabels[*]
[INFO] Auditing path $.networkPolicy
[INFO] Auditing path $.nodeAffinityPreset.key
[INFO] Auditing path $.nodeAffinityPreset.type
[INFO] Auditing path $.nodeAffinityPreset.values
[INFO] Auditing path $.nodeAffinityPreset
[INFO] Auditing path $.nodeSelector
[INFO] Auditing path $.pdb.create
[INFO] Auditing path $.pdb.maxUnavailable
[INFO] Auditing path $.pdb.minAvailable
[INFO] Auditing path $.pdb
[INFO] Auditing path $.podAffinityPreset
[INFO] Auditing path $.podAnnotations
[INFO] Auditing path $.podAntiAffinityPreset
[INFO] Auditing path $.podLabels
[INFO] Auditing path $.podSecurityContext.enabled
[INFO] Auditing path $.podSecurityContext.fsGroup
[INFO] Auditing path $.podSecurityContext.fsGroupChangePolicy
[INFO] Auditing path $.podSecurityContext.supplementalGroups
[INFO] Auditing path $.podSecurityContext.sysctls
[INFO] Auditing path $.podSecurityContext
[INFO] Auditing path $.priorityClassName
[INFO] Auditing path $.readinessProbe.enabled
[INFO] Auditing path $.readinessProbe.failureThreshold
[INFO] Auditing path $.readinessProbe.initialDelaySeconds
[INFO] Auditing path $.readinessProbe.path
[INFO] Auditing path $.readinessProbe.periodSeconds
[INFO] Auditing path $.readinessProbe.successThreshold
[INFO] Auditing path $.readinessProbe.timeoutSeconds
[INFO] Auditing path $.readinessProbe
[INFO] Auditing path $.replicaCount
[INFO] Auditing path $.resources
[INFO] Auditing path $.resourcesPreset
[INFO] Auditing path $.revisionHistoryLimit
[INFO] Auditing path $.schedulerName
[INFO] Auditing path $.serverBlock
[INFO] Auditing path $.service.annotations
[INFO] Auditing path $.service.clusterIP
[INFO] Auditing path $.service.externalTrafficPolicy
[INFO] Auditing path $.service.extraPorts
[INFO] Auditing path $.service.loadBalancerClass
[INFO] Auditing path $.service.loadBalancerIP
[INFO] Auditing path $.service.loadBalancerSourceRanges
[INFO] Auditing path $.service.nodePorts
[INFO] Auditing path $.service.nodePorts.http
[INFO] Auditing path $.service.nodePorts.https
[INFO] Auditing path $.service.ports
[INFO] Auditing path $.service.ports.http
[INFO] Auditing path $.service.ports.https
[INFO] Auditing path $.service.sessionAffinity
[INFO] Auditing path $.service.sessionAffinityConfig
[INFO] Auditing path $.service.targetPort
[INFO] Auditing path $.service.targetPort.http
[INFO] Auditing path $.service.targetPort.https
[INFO] Auditing path $.service.type
[INFO] Auditing path $.service
[INFO] Auditing path $.serviceAccount.annotations
[INFO] Auditing path $.serviceAccount.automountServiceAccountToken
[INFO] Auditing path $.serviceAccount.create
[INFO] Auditing path $.serviceAccount.name
[INFO] Auditing path $.serviceAccount
[INFO] Auditing path $.sidecarSingleProcessNamespace
[INFO] Auditing path $.sidecars
[INFO] Auditing path $.startupProbe.enabled
[INFO] Auditing path $.startupProbe.failureThreshold
[INFO] Auditing path $.startupProbe.initialDelaySeconds
[INFO] Auditing path $.startupProbe.periodSeconds
[INFO] Auditing path $.startupProbe.successThreshold
[INFO] Auditing path $.startupProbe.timeoutSeconds
[INFO] Auditing path $.startupProbe
[INFO] Auditing path $.staticSiteConfigmap
[INFO] Auditing path $.staticSitePVC
[INFO] Auditing path $.streamServerBlock
[INFO] Auditing path $.terminationGracePeriodSeconds
[INFO] Auditing path $.tls.autoGenerated
[INFO] Auditing path $.tls.ca
[INFO] Auditing path $.tls.cert
[INFO] Auditing path $.tls.certCAFilename
[INFO] Auditing path $.tls.certFilename
[INFO] Auditing path $.tls.certKeyFilename
[INFO] Auditing path $.tls.enabled
[INFO] Auditing path $.tls.existingSecret
[INFO] Auditing path $.tls.key
[INFO] Auditing path $.tls
[INFO] Auditing path $.tolerations
[INFO] Auditing path $.topologySpreadConstraints
[INFO] Auditing path $.updateStrategy.rollingUpdate
[INFO] Auditing path $.updateStrategy.type
[INFO] Auditing path $.updateStrategy
