[INFO] Chart 1/1: .
[INFO] Finite filtering unavailable: permutations need closed objects at (); set additionalProperties: false; prioritizing known inputs before robustness sampling
[INFO] Coalescing path $.additionalPeers
[INFO] Coalescing path $.affinity
[INFO] Coalescing path $.automountServiceAccountToken
[INFO] Coalescing path $.baseURL
[INFO] Coalescing path $.command
[INFO] Coalescing path $.config
[INFO] Coalescing path $.configAnnotations
[INFO] Coalescing path $.containerPortName
[INFO] Coalescing path $.dnsConfig
[INFO] Coalescing path $.extraArgs
[INFO] Coalescing path $.extraContainers
[INFO] Coalescing path $.extraEnv
[INFO] Coalescing path $.extraInitContainers
[INFO] Coalescing path $.extraPodConfigs
[INFO] Coalescing path $.extraSecretMounts
[INFO] Coalescing path $.extraVolumeMounts
[INFO] Coalescing path $.extraVolumes
[INFO] Coalescing path $.hostAliases
[INFO] Coalescing path $.hostUsers
[INFO] Coalescing path $.imagePullSecrets
[INFO] Coalescing path $.ingressPerReplica
[INFO] Coalescing path $.livenessProbe
[INFO] Coalescing path $.minReadySeconds
[INFO] Coalescing path $.nodeSelector
[INFO] Coalescing path $.podAnnotations
[INFO] Coalescing path $.podAntiAffinity
[INFO] Coalescing path $.podAntiAffinityTopologyKey
[INFO] Coalescing path $.podDisruptionBudget
[INFO] Coalescing path $.podLabels
[INFO] Coalescing path $.podSecurityContext
[INFO] Coalescing path $.priorityClassName
[INFO] Coalescing path $.readinessProbe
[INFO] Coalescing path $.replicaCount
[INFO] Coalescing path $.resources
[INFO] Coalescing path $.revisionHistoryLimit
[INFO] Coalescing path $.route
[INFO] Coalescing path $.schedulerName
[INFO] Coalescing path $.securityContext
[INFO] Coalescing path $.servicePerReplica
[INFO] Coalescing path $.templates
[INFO] Coalescing path $.tolerations
[INFO] Coalescing path $.topologySpreadConstraints
[INFO] Coalescing path $.additionalPeers[*]
[INFO] Coalescing path $.config.enabled
[INFO] Coalescing path $.configmapReload.containerPort
[INFO] Coalescing path $.configmapReload.enabled
[INFO] Coalescing path $.configmapReload.extraArgs
[INFO] Coalescing path $.configmapReload.extraEnv
[INFO] Coalescing path $.configmapReload.extraVolumeMounts
[INFO] Coalescing path $.configmapReload.livenessProbe
[INFO] Coalescing path $.configmapReload.name
[INFO] Coalescing path $.configmapReload.readinessProbe
[INFO] Coalescing path $.configmapReload.resources
[INFO] Coalescing path $.configmapReload.securityContext
[INFO] Coalescing path $.extraArgs[*]
[INFO] Coalescing path $.image.pullPolicy
[INFO] Coalescing path $.image.repository
[INFO] Coalescing path $.image.tag
[INFO] Coalescing path $.ingress.annotations
[INFO] Coalescing path $.ingress.className
[INFO] Coalescing path $.ingress.enabled
[INFO] Coalescing path $.ingress.hosts
[INFO] Coalescing path $.ingress.labels
[INFO] Coalescing path $.ingress.tls
[INFO] Coalescing path $.ingressPerReplica.annotations
[INFO] Coalescing path $.ingressPerReplica.className
[INFO] Coalescing path $.ingressPerReplica.enabled
[INFO] Coalescing path $.ingressPerReplica.hostDomain
[INFO] Coalescing path $.ingressPerReplica.hostPrefix
[INFO] Coalescing path $.ingressPerReplica.labels
[INFO] Coalescing path $.ingressPerReplica.pathType
[INFO] Coalescing path $.ingressPerReplica.paths
[INFO] Coalescing path $.ingressPerReplica.tlsSecretName
[INFO] Coalescing path $.persistence.accessModes
[INFO] Coalescing path $.persistence.annotations
[INFO] Coalescing path $.persistence.emptyDir
[INFO] Coalescing path $.persistence.enabled
[INFO] Coalescing path $.persistence.labels
[INFO] Coalescing path $.persistence.size
[INFO] Coalescing path $.persistence.storageClass
[INFO] Coalescing path $.service.annotations
[INFO] Coalescing path $.service.clusterPort
[INFO] Coalescing path $.service.extraPorts
[INFO] Coalescing path $.service.labels
[INFO] Coalescing path $.service.loadBalancerIP
[INFO] Coalescing path $.service.loadBalancerSourceRanges
[INFO] Coalescing path $.service.nodePort
[INFO] Coalescing path $.service.port
[INFO] Coalescing path $.service.type
[INFO] Coalescing path $.serviceAccount.annotations
[INFO] Coalescing path $.serviceAccount.create
[INFO] Coalescing path $.serviceMonitor.additionalLabels
[INFO] Coalescing path $.serviceMonitor.basicAuth
[INFO] Coalescing path $.serviceMonitor.bearerTokenFile
[INFO] Coalescing path $.serviceMonitor.enabled
[INFO] Coalescing path $.serviceMonitor.honorLabels
[INFO] Coalescing path $.serviceMonitor.interval
[INFO] Coalescing path $.serviceMonitor.metricRelabelings
[INFO] Coalescing path $.serviceMonitor.namespace
[INFO] Coalescing path $.serviceMonitor.path
[INFO] Coalescing path $.serviceMonitor.relabelings
[INFO] Coalescing path $.serviceMonitor.scheme
[INFO] Coalescing path $.serviceMonitor.scrapeTimeout
[INFO] Coalescing path $.serviceMonitor.tlsConfig
[INFO] Coalescing path $.servicePerReplica.annotations
[INFO] Coalescing path $.servicePerReplica.clusterIP
[INFO] Coalescing path $.servicePerReplica.enabled
[INFO] Coalescing path $.servicePerReplica.externalTrafficPolicy
[INFO] Coalescing path $.servicePerReplica.loadBalancerSourceRanges
[INFO] Coalescing path $.servicePerReplica.type
[INFO] Coalescing path $.statefulSet.annotations
[INFO] Coalescing path $.templates[*]
[INFO] Coalescing path $.testFramework.annotations
[INFO] Coalescing path $.testFramework.enabled
[INFO] Coalescing path $.verticalPodAutoscaler.enabled
[INFO] Coalescing path $.verticalPodAutoscaler.recommenders
[INFO] Coalescing path $.verticalPodAutoscaler.resourcePolicy
[INFO] Coalescing path $.verticalPodAutoscaler.updatePolicy
[INFO] Coalescing path $.configmapReload.extraArgs[*]
[INFO] Coalescing path $.configmapReload.image.pullPolicy
[INFO] Coalescing path $.configmapReload.image.repository
[INFO] Coalescing path $.configmapReload.image.tag
[INFO] Coalescing path $.extraSecretMounts[*].mountPath
[INFO] Coalescing path $.extraSecretMounts[*].name
[INFO] Coalescing path $.extraSecretMounts[*].optional
[INFO] Coalescing path $.extraSecretMounts[*].readOnly
[INFO] Coalescing path $.extraSecretMounts[*].secretName
[INFO] Coalescing path $.extraSecretMounts[*].subPath
[INFO] Coalescing path $.ingressPerReplica.paths[*]
[INFO] Coalescing path $.ingressPerReplica.tlsSecretPerReplica.enabled
[INFO] Coalescing path $.ingressPerReplica.tlsSecretPerReplica.prefix
[INFO] Coalescing path $.route[*].additionalRules
[INFO] Coalescing path $.route[*].annotations
[INFO] Coalescing path $.route[*].apiVersion
[INFO] Coalescing path $.route[*].enabled
[INFO] Coalescing path $.route[*].filters
[INFO] Coalescing path $.route[*].hostnames
[INFO] Coalescing path $.route[*].httpsRedirect
[INFO] Coalescing path $.route[*].kind
[INFO] Coalescing path $.route[*].labels
[INFO] Coalescing path $.route[*].matches
[INFO] Coalescing path $.route[*].parentRefs
[INFO] Coalescing path $.service.ipDualStack.enabled
[INFO] Coalescing path $.service.ipDualStack.ipFamilies
[INFO] Coalescing path $.service.ipDualStack.ipFamilyPolicy
[INFO] Coalescing path $.service.loadBalancerSourceRanges[*]
[INFO] Coalescing path $.servicePerReplica.loadBalancerSourceRanges[*]
[INFO] Coalescing path $.ingress.hosts[*].host
[INFO] Coalescing path $.ingress.hosts[*].paths
[INFO] Coalescing path $.ingress.tls[*].hosts
[INFO] Coalescing path $.ingress.tls[*].secretName
[INFO] Coalescing path $.verticalPodAutoscaler.recommenders[*].name
[INFO] Coalescing path $.ingress.tls[*].hosts[*]
[INFO] Coalescing path $.ingress.hosts[*].paths[*].path
[INFO] Coalescing path $.ingress.hosts[*].paths[*].pathType
[INFO] Testing deferred arbitrary-key and original-schema robustness cases
[INFO] Compiler input baseline: 120 statically named fields
[INFO] Render hashes (run-local): 0 observed, 0 unique, 0 duplicate bundles; 0 successful validations reused
[INFO] .: failed; 0 charts remain
