[INFO] Chart 1/1: .
[INFO] Finite filtering unavailable: permutations need closed objects at (); set additionalProperties: false; prioritizing known inputs before robustness sampling
[INFO] Coalescing path $.config
[INFO] Coalescing path $.configExistingSecretName
[INFO] Coalescing path $.deploymentAnnotations
[INFO] Coalescing path $.extraManifests
[INFO] Coalescing path $.kind
[INFO] Coalescing path $.podAnnotations
[INFO] Coalescing path $.podDisruptionBudget
[INFO] Coalescing path $.replicas
[INFO] Coalescing path $.revisionHistoryLimit
[INFO] Coalescing path $.route
[INFO] Coalescing path $.secretAnnotations
[INFO] Coalescing path $.secretConfig
[INFO] Coalescing path $.strategy
[INFO] Coalescing path $.configReloader.enabled
[INFO] Coalescing path $.extraManifests[*]
[INFO] Coalescing path $.ingress.annotations
[INFO] Coalescing path $.ingress.className
[INFO] Coalescing path $.ingress.enabled
[INFO] Coalescing path $.ingress.hosts
[INFO] Coalescing path $.ingress.labels
[INFO] Coalescing path $.ingress.tls
[INFO] Coalescing path $.networkPolicy.allowMonitoringNamespace
[INFO] Coalescing path $.networkPolicy.enabled
[INFO] Coalescing path $.networkPolicy.monitoringNamespaceName
[INFO] Coalescing path $.pod.labels
[INFO] Coalescing path $.podMonitoring.enabled
[INFO] Coalescing path $.podMonitoring.path
[INFO] Coalescing path $.podMonitoring.scheme
[INFO] Coalescing path $.podMonitoring.targets
[INFO] Coalescing path $.podMonitoring.tlsConfig
[INFO] Coalescing path $.prometheusRule.additionalLabels
[INFO] Coalescing path $.prometheusRule.enabled
[INFO] Coalescing path $.prometheusRule.namespace
[INFO] Coalescing path $.prometheusRule.rules
[INFO] Coalescing path $.service.annotations
[INFO] Coalescing path $.service.externalIPs
[INFO] Coalescing path $.service.labels
[INFO] Coalescing path $.service.port
[INFO] Coalescing path $.service.type
[INFO] Coalescing path $.serviceAccount.annotations
[INFO] Coalescing path $.serviceAccount.create
[INFO] Coalescing path $.serviceMonitor.apiVersion
[INFO] Coalescing path $.serviceMonitor.bearerTokenFile
[INFO] Coalescing path $.serviceMonitor.enabled
[INFO] Coalescing path $.serviceMonitor.path
[INFO] Coalescing path $.serviceMonitor.scheme
[INFO] Coalescing path $.serviceMonitor.targets
[INFO] Coalescing path $.serviceMonitor.tlsConfig
[INFO] Coalescing path $.verticalPodAutoscaler.controlledResources
[INFO] Coalescing path $.verticalPodAutoscaler.controlledValues
[INFO] Coalescing path $.verticalPodAutoscaler.enabled
[INFO] Coalescing path $.verticalPodAutoscaler.maxAllowed
[INFO] Coalescing path $.verticalPodAutoscaler.minAllowed
[INFO] Coalescing path $.verticalPodAutoscaler.recommenders
[INFO] Coalescing path $.verticalPodAutoscaler.updatePolicy
[INFO] Coalescing path $.configReloader.service.port
[INFO] Coalescing path $.podMonitoring.defaults.additionalMetricsRelabels
[INFO] Coalescing path $.podMonitoring.defaults.interval
[INFO] Coalescing path $.podMonitoring.defaults.labels
[INFO] Coalescing path $.podMonitoring.defaults.module
[INFO] Coalescing path $.podMonitoring.defaults.scrapeTimeout
[INFO] Coalescing path $.podMonitoring.selfMonitor.additionalMetricsRelabels
[INFO] Coalescing path $.podMonitoring.selfMonitor.enabled
[INFO] Coalescing path $.podMonitoring.selfMonitor.interval
[INFO] Coalescing path $.podMonitoring.selfMonitor.labels
[INFO] Coalescing path $.podMonitoring.selfMonitor.path
[INFO] Coalescing path $.podMonitoring.selfMonitor.scrapeTimeout
[INFO] Coalescing path $.route[*].additionalRules
[INFO] Coalescing path $.route[*].annotations
[INFO] Coalescing path $.route[*].apiVersion
[INFO] Coalescing path $.route[*].enabled
[INFO] Coalescing path $.route[*].filters
[INFO] Coalescing path $.route[*].hostnames
[INFO] Coalescing path $.route[*].httpsRedirect
[INFO] Coalescing path $.route[*].kind
[INFO] Coalescing path $.route[*].labels
[INFO] Coalescing path $.route[*].matches
[INFO] Coalescing path $.route[*].name
[INFO] Coalescing path $.route[*].parentRefs
[INFO] Coalescing path $.service.ipDualStack.enabled
[INFO] Coalescing path $.service.ipDualStack.ipFamilies
[INFO] Coalescing path $.service.ipDualStack.ipFamilyPolicy
[INFO] Coalescing path $.serviceMonitor.defaults.additionalMetricsRelabels
[INFO] Coalescing path $.serviceMonitor.defaults.additionalRelabeling
[INFO] Coalescing path $.serviceMonitor.defaults.honorTimestamps
[INFO] Coalescing path $.serviceMonitor.defaults.interval
[INFO] Coalescing path $.serviceMonitor.defaults.labels
[INFO] Coalescing path $.serviceMonitor.defaults.module
[INFO] Coalescing path $.serviceMonitor.defaults.scrapeTimeout
[INFO] Coalescing path $.serviceMonitor.selfMonitor.additionalMetricsRelabels
[INFO] Coalescing path $.serviceMonitor.selfMonitor.additionalRelabeling
[INFO] Coalescing path $.serviceMonitor.selfMonitor.enabled
[INFO] Coalescing path $.serviceMonitor.selfMonitor.interval
[INFO] Coalescing path $.serviceMonitor.selfMonitor.labels
[INFO] Coalescing path $.serviceMonitor.selfMonitor.path
[INFO] Coalescing path $.serviceMonitor.selfMonitor.port
[INFO] Coalescing path $.serviceMonitor.selfMonitor.scheme
[INFO] Coalescing path $.serviceMonitor.selfMonitor.scrapeTimeout
[INFO] Coalescing path $.serviceMonitor.selfMonitor.tlsConfig
[INFO] Coalescing path $.serviceMonitor.targets[*]
[INFO] Coalescing path $.configReloader.serviceMonitor.selfMonitor.additionalMetricsRelabels
[INFO] Coalescing path $.configReloader.serviceMonitor.selfMonitor.additionalRelabeling
[INFO] Coalescing path $.configReloader.serviceMonitor.selfMonitor.interval
[INFO] Coalescing path $.configReloader.serviceMonitor.selfMonitor.path
[INFO] Coalescing path $.configReloader.serviceMonitor.selfMonitor.scheme
[INFO] Coalescing path $.configReloader.serviceMonitor.selfMonitor.scrapeTimeout
[INFO] Coalescing path $.configReloader.serviceMonitor.selfMonitor.tlsConfig
[INFO] Coalescing path $.ingress.hosts[*].host
[INFO] Coalescing path $.ingress.hosts[*].paths
[INFO] Coalescing path $.ingress.tls[*].hosts
[INFO] Coalescing path $.ingress.tls[*].secretName
[INFO] Coalescing path $.podMonitoring.targets[*].additionalMetricsRelabels
[INFO] Coalescing path $.podMonitoring.targets[*].hostname
[INFO] Coalescing path $.podMonitoring.targets[*].interval
[INFO] Coalescing path $.podMonitoring.targets[*].labels
[INFO] Coalescing path $.podMonitoring.targets[*].module
[INFO] Coalescing path $.podMonitoring.targets[*].name
[INFO] Coalescing path $.podMonitoring.targets[*].scrapeTimeout
[INFO] Coalescing path $.podMonitoring.targets[*].url
[INFO] Coalescing path $.ingress.tls[*].hosts[*]
[INFO] Coalescing path $.ingress.hosts[*].paths[*].path
[INFO] Coalescing path $.ingress.hosts[*].paths[*].pathType
[INFO] Testing known inputs first; arbitrary extra-key cases are deferred
[INFO] Compiler input baseline: 93 statically named fields
[INFO] Render hashes (run-local): 21 observed, 8 unique, 13 duplicate bundles; 13 successful validations reused
[INFO] Testing deferred arbitrary-key and original-schema robustness cases
[INFO] Compiler input baseline: 93 statically named fields
[INFO] Render hashes (run-local): 101 observed, 1 unique, 100 duplicate bundles; 100 successful validations reused
[INFO] .: failed; 0 charts remain
