[INFO] Chart 1/1: .
[INFO] Finite filtering unavailable: permutations need closed objects at (); set additionalProperties: false; prioritizing known inputs before robustness sampling
[INFO] Coalescing path $.imagePullSecrets
[INFO] Coalescing path $.nodeSelector
[INFO] Coalescing path $.podAnnotations
[INFO] Coalescing path $.podLabels
[INFO] Coalescing path $.podSecurityContext
[INFO] Coalescing path $.resources
[INFO] Coalescing path $.securityContext
[INFO] Coalescing path $.tolerations
[INFO] Coalescing path $.image.pullPolicy
[INFO] Coalescing path $.image.repository
[INFO] Coalescing path $.image.tag
[INFO] Coalescing path $.podMonitor.enabled
[INFO] Coalescing path $.podMonitor.honorLabels
[INFO] Coalescing path $.podMonitor.interval
[INFO] Coalescing path $.podMonitor.labels
[INFO] Coalescing path $.podMonitor.metricRelabelings
[INFO] Coalescing path $.podMonitor.relabelings
[INFO] Coalescing path $.podMonitor.scrapeTimeout
[INFO] Coalescing path $.podMonitor.selectorOverride
[INFO] Coalescing path $.serviceAccount.annotations
[INFO] Coalescing path $.serviceAccount.create
[INFO] Testing known inputs first; arbitrary extra-key cases are deferred
[INFO] Compiler input baseline: 21 statically named fields
[INFO] Render hashes (run-local): 18 observed, 4 unique, 14 duplicate bundles; 5 successful validations reused
[INFO] Testing deferred arbitrary-key and original-schema robustness cases
[INFO] Compiler input baseline: 21 statically named fields
[INFO] Render hashes (run-local): 101 observed, 1 unique, 100 duplicate bundles; 100 successful validations reused
[INFO] .: failed; 0 charts remain
