[INFO] Chart 1/1: .
[INFO] Finite filtering unavailable: permutations need closed objects at (); set additionalProperties: false; prioritizing known inputs before robustness sampling
[INFO] Coalescing path $.affinity
[INFO] Coalescing path $.annotations
[INFO] Coalescing path $.containerSecurityContext
[INFO] Coalescing path $.druidURL
[INFO] Coalescing path $.exporterPort
[INFO] Coalescing path $.extraEnv
[INFO] Coalescing path $.imagePullSecrets
[INFO] Coalescing path $.logFormat
[INFO] Coalescing path $.logLevel
[INFO] Coalescing path $.nodeSelector
[INFO] Coalescing path $.podAnnotations
[INFO] Coalescing path $.securityContext
[INFO] Coalescing path $.serviceType
[INFO] Coalescing path $.tolerations
[INFO] Coalescing path $.image.name
[INFO] Coalescing path $.image.pullPolicy
[INFO] Coalescing path $.image.tag
[INFO] Coalescing path $.serviceAccount.create
[INFO] Coalescing path $.serviceMonitor.additionalLabels
[INFO] Coalescing path $.serviceMonitor.enabled
[INFO] Coalescing path $.serviceMonitor.interval
[INFO] Coalescing path $.serviceMonitor.namespace
[INFO] Coalescing path $.serviceMonitor.scrapeTimeout
[INFO] Coalescing path $.serviceMonitor.targetLabels
[INFO] Coalescing path $.serviceMonitor.additionalLabels[*]
[INFO] Coalescing path $.serviceMonitor.targetLabels[*]
[INFO] Testing known inputs first; arbitrary extra-key cases are deferred
[INFO] Compiler input baseline: 24 statically named fields
[INFO] Render hashes (run-local): 31 observed, 16 unique, 15 duplicate bundles; 15 successful validations reused
[INFO] Testing deferred arbitrary-key and original-schema robustness cases
[INFO] Compiler input baseline: 24 statically named fields
[INFO] Render hashes (run-local): 101 observed, 1 unique, 100 duplicate bundles; 100 successful validations reused
[INFO] .: failed; 0 charts remain
