[INFO] Chart 1/1: .
[INFO] Finite filtering unavailable: permutations need closed objects at (); set additionalProperties: false; prioritizing known inputs before robustness sampling
[INFO] Coalescing path $.affinity
[INFO] Coalescing path $.dnsConfig
[INFO] Coalescing path $.env
[INFO] Coalescing path $.envFromSecret
[INFO] Coalescing path $.extraArgs
[INFO] Coalescing path $.extraEnvSecrets
[INFO] Coalescing path $.extraManifests
[INFO] Coalescing path $.extraVolumeMounts
[INFO] Coalescing path $.extraVolumes
[INFO] Coalescing path $.initContainers
[INFO] Coalescing path $.livenessProbe
[INFO] Coalescing path $.nodeSelector
[INFO] Coalescing path $.podAnnotations
[INFO] Coalescing path $.podLabels
[INFO] Coalescing path $.podSecurityContext
[INFO] Coalescing path $.priorityClassName
[INFO] Coalescing path $.readinessProbe
[INFO] Coalescing path $.replicaCount
[INFO] Coalescing path $.resources
[INFO] Coalescing path $.restartPolicy
[INFO] Coalescing path $.revisionHistoryLimit
[INFO] Coalescing path $.secretMounts
[INFO] Coalescing path $.securityContext
[INFO] Coalescing path $.tolerations
[INFO] Coalescing path $.topologySpreadConstraints
[INFO] Coalescing path $.deployment.annotations
[INFO] Coalescing path $.deployment.labels
[INFO] Coalescing path $.env[*]
[INFO] Coalescing path $.es.aliases
[INFO] Coalescing path $.es.all
[INFO] Coalescing path $.es.cluster_settings
[INFO] Coalescing path $.es.data_stream
[INFO] Coalescing path $.es.ilm
[INFO] Coalescing path $.es.indices
[INFO] Coalescing path $.es.indices_mappings
[INFO] Coalescing path $.es.indices_settings
[INFO] Coalescing path $.es.shards
[INFO] Coalescing path $.es.slm
[INFO] Coalescing path $.es.snapshots
[INFO] Coalescing path $.es.sslSkipVerify
[INFO] Coalescing path $.es.timeout
[INFO] Coalescing path $.es.uri
[INFO] Coalescing path $.extraArgs[*]
[INFO] Coalescing path $.extraManifests[*]
[INFO] Coalescing path $.global.imagePullSecrets
[INFO] Coalescing path $.image.pullPolicy
[INFO] Coalescing path $.image.pullSecret
[INFO] Coalescing path $.image.tag
[INFO] Coalescing path $.log.format
[INFO] Coalescing path $.log.level
[INFO] Coalescing path $.podMonitor.enabled
[INFO] Coalescing path $.prometheusRule.enabled
[INFO] Coalescing path $.prometheusRule.labels
[INFO] Coalescing path $.prometheusRule.namespace
[INFO] Coalescing path $.prometheusRule.rules
[INFO] Coalescing path $.service.annotations
[INFO] Coalescing path $.service.enabled
[INFO] Coalescing path $.service.httpPort
[INFO] Coalescing path $.service.labels
[INFO] Coalescing path $.service.type
[INFO] Coalescing path $.serviceAccount.annotations
[INFO] Coalescing path $.serviceAccount.automountServiceAccountToken
[INFO] Coalescing path $.serviceAccount.create
[INFO] Coalescing path $.serviceMonitor.apiVersion
[INFO] Coalescing path $.serviceMonitor.enabled
[INFO] Coalescing path $.serviceMonitor.interval
[INFO] Coalescing path $.serviceMonitor.jobLabel
[INFO] Coalescing path $.serviceMonitor.labels
[INFO] Coalescing path $.serviceMonitor.metricRelabelings
[INFO] Coalescing path $.serviceMonitor.namespace
[INFO] Coalescing path $.serviceMonitor.relabelings
[INFO] Coalescing path $.serviceMonitor.sampleLimit
[INFO] Coalescing path $.serviceMonitor.scheme
[INFO] Coalescing path $.serviceMonitor.scrapeTimeout
[INFO] Coalescing path $.serviceMonitor.targetLabels
[INFO] Coalescing path $.web.path
[INFO] Coalescing path $.es.ssl.enabled
[INFO] Coalescing path $.es.ssl.useExistingSecrets
[INFO] Coalescing path $.extraEnvSecrets[*].key
[INFO] Coalescing path $.extraEnvSecrets[*].secret
[INFO] Coalescing path $.secretMounts[*].name
[INFO] Coalescing path $.secretMounts[*].path
[INFO] Coalescing path $.secretMounts[*].secretName
[INFO] Coalescing path $.secretMounts[*].subPath
[INFO] Coalescing path $.service.metricsPort.name
[INFO] Coalescing path $.serviceMonitor.targetLabels[*]
[INFO] Coalescing path $.es.ssl.ca.path
[INFO] Coalescing path $.es.ssl.ca.pem
[INFO] Coalescing path $.es.ssl.client.enabled
[INFO] Coalescing path $.es.ssl.client.key
[INFO] Coalescing path $.es.ssl.client.keyPath
[INFO] Coalescing path $.es.ssl.client.pem
[INFO] Coalescing path $.es.ssl.client.pemPath
[INFO] Testing known inputs first; arbitrary extra-key cases are deferred
[INFO] Compiler input baseline: 83 statically named fields
[INFO] Render hashes (run-local): 17 observed, 5 unique, 12 duplicate bundles; 12 successful validations reused
[INFO] Testing deferred arbitrary-key and original-schema robustness cases
[INFO] Compiler input baseline: 83 statically named fields
[INFO] Render hashes (run-local): 101 observed, 1 unique, 100 duplicate bundles; 100 successful validations reused
[INFO] .: failed; 0 charts remain
