[INFO] Chart 1/1: .
[INFO] Finite filtering unavailable: permutations need closed objects at (); set additionalProperties: false; prioritizing known inputs before robustness sampling
[INFO] Coalescing path $.modules
[INFO] Coalescing path $.resources
[INFO] Coalescing path $.scrapeConfig
[INFO] Coalescing path $.serviceMonitor
[INFO] Coalescing path $.configSecret.enabled
[INFO] Coalescing path $.scrapeConfig.enabled
[INFO] Coalescing path $.scrapeConfig.fileSDConfigs
[INFO] Coalescing path $.scrapeConfig.jobName
[INFO] Coalescing path $.scrapeConfig.labels
[INFO] Coalescing path $.scrapeConfig.metricRelabelings
[INFO] Coalescing path $.scrapeConfig.metricsPath
[INFO] Coalescing path $.scrapeConfig.mode
[INFO] Coalescing path $.scrapeConfig.modules
[INFO] Coalescing path $.scrapeConfig.namespace
[INFO] Coalescing path $.scrapeConfig.relabelings
[INFO] Coalescing path $.scrapeConfig.scheme
[INFO] Coalescing path $.scrapeConfig.scrapeInterval
[INFO] Coalescing path $.scrapeConfig.scrapeTimeout
[INFO] Coalescing path $.scrapeConfig.staticConfigs
[INFO] Coalescing path $.service.annotations
[INFO] Coalescing path $.service.port
[INFO] Coalescing path $.service.type
[INFO] Coalescing path $.serviceMonitor.enabled
[INFO] Coalescing path $.serviceMonitor.interval
[INFO] Coalescing path $.serviceMonitor.labels
[INFO] Coalescing path $.serviceMonitor.metricRelabelings
[INFO] Coalescing path $.serviceMonitor.namespace
[INFO] Coalescing path $.serviceMonitor.targetLabels
[INFO] Coalescing path $.serviceMonitor.telemetryPath
[INFO] Coalescing path $.serviceMonitor.timeout
[INFO] Coalescing path $.resources.limits.cpu
[INFO] Coalescing path $.resources.limits.memory
[INFO] Coalescing path $.resources.requests.cpu
[INFO] Coalescing path $.resources.requests.memory
[INFO] Coalescing path $.serviceMonitor.targetLabels[*]
[INFO] Testing known inputs first; arbitrary extra-key cases are deferred
[INFO] Compiler input baseline: 31 statically named fields
[INFO] Render hashes (run-local): 15 observed, 15 unique, 0 duplicate bundles; 0 successful validations reused
[INFO] Testing deferred arbitrary-key and original-schema robustness cases
[INFO] Compiler input baseline: 31 statically named fields
[INFO] Render hashes (run-local): 14 observed, 11 unique, 3 duplicate bundles; 3 successful validations reused
[INFO] .: failed; 0 charts remain
