[INFO] Chart 1/1: .
[INFO] Finite filtering unavailable: permutations need closed objects at (); set additionalProperties: false; prioritizing known inputs before robustness sampling
[INFO] Coalescing path $.additionalVolumeMounts
[INFO] Coalescing path $.additionalVolumes
[INFO] Coalescing path $.affinity
[INFO] Coalescing path $.commonLabels
[INFO] Coalescing path $.deploymentAnnotations
[INFO] Coalescing path $.deploymentLabels
[INFO] Coalescing path $.environmentVariables
[INFO] Coalescing path $.extraArgs
[INFO] Coalescing path $.extraContainers
[INFO] Coalescing path $.extraInitContainers
[INFO] Coalescing path $.extraManifests
[INFO] Coalescing path $.imagePullSecrets
[INFO] Coalescing path $.livenessProbe
[INFO] Coalescing path $.nodeSelector
[INFO] Coalescing path $.podAnnotations
[INFO] Coalescing path $.podLabels
[INFO] Coalescing path $.podSecurityContext
[INFO] Coalescing path $.readinessProbe
[INFO] Coalescing path $.replicaCount
[INFO] Coalescing path $.resources
[INFO] Coalescing path $.revisionHistoryLimit
[INFO] Coalescing path $.route
[INFO] Coalescing path $.securityContext
[INFO] Coalescing path $.tolerations
[INFO] Coalescing path $.autoscaling.enabled
[INFO] Coalescing path $.autoscaling.maxReplicas
[INFO] Coalescing path $.autoscaling.minReplicas
[INFO] Coalescing path $.autoscaling.targetCPUUtilizationPercentage
[INFO] Coalescing path $.autoscaling.targetMemoryUtilizationPercentage
[INFO] Coalescing path $.configuration.config
[INFO] Coalescing path $.configuration.structuredConfig
[INFO] Coalescing path $.extraManifests[*]
[INFO] Coalescing path $.image.pullPolicy
[INFO] Coalescing path $.image.repository
[INFO] Coalescing path $.image.tag
[INFO] Coalescing path $.ingress.annotations
[INFO] Coalescing path $.ingress.className
[INFO] Coalescing path $.ingress.enabled
[INFO] Coalescing path $.ingress.hosts
[INFO] Coalescing path $.ingress.labels
[INFO] Coalescing path $.ingress.tls
[INFO] Coalescing path $.prometheusRule.additionalLabels
[INFO] Coalescing path $.prometheusRule.enabled
[INFO] Coalescing path $.prometheusRule.namespace
[INFO] Coalescing path $.prometheusRule.rules
[INFO] Coalescing path $.service.annotations
[INFO] Coalescing path $.service.labels
[INFO] Coalescing path $.service.name
[INFO] Coalescing path $.service.port
[INFO] Coalescing path $.service.targetPort
[INFO] Coalescing path $.service.type
[INFO] Coalescing path $.serviceAccount.annotations
[INFO] Coalescing path $.serviceAccount.create
[INFO] Coalescing path $.serviceMonitor.enabled
[INFO] Coalescing path $.serviceMonitor.namespace
[INFO] Coalescing path $.serviceMonitor.scheme
[INFO] Coalescing path $.serviceMonitor.targets
[INFO] Coalescing path $.extraArgs[*].name
[INFO] Coalescing path $.extraArgs[*].value
[INFO] Coalescing path $.route[*].additionalRules
[INFO] Coalescing path $.route[*].annotations
[INFO] Coalescing path $.route[*].apiVersion
[INFO] Coalescing path $.route[*].enabled
[INFO] Coalescing path $.route[*].filters
[INFO] Coalescing path $.route[*].hostnames
[INFO] Coalescing path $.route[*].httpsRedirect
[INFO] Coalescing path $.route[*].kind
[INFO] Coalescing path $.route[*].labels
[INFO] Coalescing path $.route[*].matches
[INFO] Coalescing path $.route[*].name
[INFO] Coalescing path $.route[*].parentRefs
[INFO] Coalescing path $.serviceMonitor.defaults.additionalMetricsRelabels
[INFO] Coalescing path $.serviceMonitor.defaults.additionalRelabels
[INFO] Coalescing path $.serviceMonitor.defaults.interval
[INFO] Coalescing path $.serviceMonitor.defaults.labels
[INFO] Coalescing path $.serviceMonitor.defaults.scrapeTimeout
[INFO] Coalescing path $.ingress.hosts[*].host
[INFO] Coalescing path $.ingress.hosts[*].paths
[INFO] Coalescing path $.ingress.tls[*].hosts
[INFO] Coalescing path $.ingress.tls[*].secretName
[INFO] Coalescing path $.serviceMonitor.targets[*].additionalMetricsRelabels
[INFO] Coalescing path $.serviceMonitor.targets[*].additionalRelabels
[INFO] Coalescing path $.serviceMonitor.targets[*].interval
[INFO] Coalescing path $.serviceMonitor.targets[*].labels
[INFO] Coalescing path $.serviceMonitor.targets[*].module
[INFO] Coalescing path $.serviceMonitor.targets[*].name
[INFO] Coalescing path $.serviceMonitor.targets[*].scrapeTimeout
[INFO] Coalescing path $.serviceMonitor.targets[*].url
[INFO] Coalescing path $.ingress.tls[*].hosts[*]
[INFO] Coalescing path $.ingress.hosts[*].paths[*].path
[INFO] Coalescing path $.ingress.hosts[*].paths[*].pathType
[INFO] Testing known inputs first; arbitrary extra-key cases are deferred
[INFO] Compiler input baseline: 61 statically named fields
[INFO] Render hashes (run-local): 14 observed, 4 unique, 10 duplicate bundles; 9 successful validations reused
[INFO] Testing deferred arbitrary-key and original-schema robustness cases
[INFO] Compiler input baseline: 61 statically named fields
[INFO] Render hashes (run-local): 101 observed, 1 unique, 100 duplicate bundles; 100 successful validations reused
[INFO] .: failed; 0 charts remain
