[INFO] Chart 1/1: .
[INFO] Finite filtering unavailable: permutations need closed objects at (); set additionalProperties: false; prioritizing known inputs before robustness sampling
[INFO] Coalescing path $.affinity
[INFO] Coalescing path $.extraConfigmapMounts
[INFO] Coalescing path $.extraSecretMounts
[INFO] Coalescing path $.imagePullSecrets
[INFO] Coalescing path $.nodeSelector
[INFO] Coalescing path $.podAnnotations
[INFO] Coalescing path $.podSecurityContext
[INFO] Coalescing path $.replicaCount
[INFO] Coalescing path $.resources
[INFO] Coalescing path $.route
[INFO] Coalescing path $.securityContext
[INFO] Coalescing path $.tolerations
[INFO] Coalescing path $.autoscaling.enabled
[INFO] Coalescing path $.autoscaling.maxReplicas
[INFO] Coalescing path $.autoscaling.minReplicas
[INFO] Coalescing path $.autoscaling.targetCPUUtilizationPercentage
[INFO] Coalescing path $.autoscaling.targetMemoryUtilizationPercentage
[INFO] Coalescing path $.image.pullPolicy
[INFO] Coalescing path $.image.repository
[INFO] Coalescing path $.image.tag
[INFO] Coalescing path $.ingress.annotations
[INFO] Coalescing path $.ingress.className
[INFO] Coalescing path $.ingress.enabled
[INFO] Coalescing path $.ingress.hosts
[INFO] Coalescing path $.ingress.tls
[INFO] Coalescing path $.service.annotations
[INFO] Coalescing path $.service.port
[INFO] Coalescing path $.service.type
[INFO] Coalescing path $.serviceAccount.annotations
[INFO] Coalescing path $.serviceAccount.create
[INFO] Coalescing path $.serviceMonitor.enabled
[INFO] Coalescing path $.serviceMonitor.interval
[INFO] Coalescing path $.serviceMonitor.labels
[INFO] Coalescing path $.serviceMonitor.metricRelabelings
[INFO] Coalescing path $.serviceMonitor.namespace
[INFO] Coalescing path $.serviceMonitor.relabelings
[INFO] Coalescing path $.serviceMonitor.targetLabels
[INFO] Coalescing path $.serviceMonitor.telemetryPath
[INFO] Coalescing path $.serviceMonitor.timeout
[INFO] Coalescing path $.snmpNotifier.extraArgs
[INFO] Coalescing path $.snmpNotifier.snmpAuthenticationPassword
[INFO] Coalescing path $.snmpNotifier.snmpAuthenticationPasswordSecret
[INFO] Coalescing path $.snmpNotifier.snmpAuthenticationUsername
[INFO] Coalescing path $.snmpNotifier.snmpAuthenticationUsernameSecret
[INFO] Coalescing path $.snmpNotifier.snmpCommunity
[INFO] Coalescing path $.snmpNotifier.snmpCommunitySecret
[INFO] Coalescing path $.snmpNotifier.snmpDestinations
[INFO] Coalescing path $.snmpNotifier.snmpPrivatePassword
[INFO] Coalescing path $.snmpNotifier.snmpPrivatePasswordSecret
[INFO] Coalescing path $.snmpNotifier.trapTemplates
[INFO] Coalescing path $.extraConfigmapMounts[*].configMap
[INFO] Coalescing path $.extraConfigmapMounts[*].defaultMode
[INFO] Coalescing path $.extraConfigmapMounts[*].mountPath
[INFO] Coalescing path $.extraConfigmapMounts[*].name
[INFO] Coalescing path $.extraConfigmapMounts[*].readOnly
[INFO] Coalescing path $.extraConfigmapMounts[*].subPath
[INFO] Coalescing path $.extraSecretMounts[*].defaultMode
[INFO] Coalescing path $.extraSecretMounts[*].mountPath
[INFO] Coalescing path $.extraSecretMounts[*].name
[INFO] Coalescing path $.extraSecretMounts[*].readOnly
[INFO] Coalescing path $.extraSecretMounts[*].secretName
[INFO] Coalescing path $.extraSecretMounts[*].subPath
[INFO] Coalescing path $.route[*].additionalRules
[INFO] Coalescing path $.route[*].annotations
[INFO] Coalescing path $.route[*].apiVersion
[INFO] Coalescing path $.route[*].enabled
[INFO] Coalescing path $.route[*].filters
[INFO] Coalescing path $.route[*].hostnames
[INFO] Coalescing path $.route[*].httpsRedirect
[INFO] Coalescing path $.route[*].kind
[INFO] Coalescing path $.route[*].labels
[INFO] Coalescing path $.route[*].matches
[INFO] Coalescing path $.route[*].name
[INFO] Coalescing path $.route[*].parentRefs
[INFO] Coalescing path $.service.ipDualStack.enabled
[INFO] Coalescing path $.service.ipDualStack.ipFamilies
[INFO] Coalescing path $.service.ipDualStack.ipFamilyPolicy
[INFO] Coalescing path $.serviceMonitor.targetLabels[*]
[INFO] Coalescing path $.snmpNotifier.extraArgs[*]
[INFO] Coalescing path $.snmpNotifier.snmpAuthenticationPasswordSecret.key
[INFO] Coalescing path $.snmpNotifier.snmpAuthenticationPasswordSecret.name
[INFO] Coalescing path $.snmpNotifier.snmpAuthenticationUsernameSecret.key
[INFO] Coalescing path $.snmpNotifier.snmpAuthenticationUsernameSecret.name
[INFO] Coalescing path $.snmpNotifier.snmpCommunitySecret.key
[INFO] Coalescing path $.snmpNotifier.snmpCommunitySecret.name
[INFO] Coalescing path $.snmpNotifier.snmpDestinations[*]
[INFO] Coalescing path $.snmpNotifier.snmpPrivatePasswordSecret.key
[INFO] Coalescing path $.snmpNotifier.snmpPrivatePasswordSecret.name
[INFO] Coalescing path $.snmpNotifier.trapTemplates.description
[INFO] Coalescing path $.snmpNotifier.trapTemplates.userObjects
[INFO] Coalescing path $.ingress.hosts[*].host
[INFO] Coalescing path $.ingress.hosts[*].paths
[INFO] Coalescing path $.ingress.tls[*].hosts
[INFO] Coalescing path $.ingress.tls[*].secretName
[INFO] Coalescing path $.ingress.tls[*].hosts[*]
[INFO] Coalescing path $.snmpNotifier.trapTemplates.userObjects[*].subOid
[INFO] Coalescing path $.snmpNotifier.trapTemplates.userObjects[*].template
[INFO] Coalescing path $.ingress.hosts[*].paths[*].path
[INFO] Coalescing path $.ingress.hosts[*].paths[*].pathType
[INFO] Testing known inputs first; arbitrary extra-key cases are deferred
[INFO] Compiler input baseline: 58 statically named fields
[INFO] Render hashes (run-local): 10 observed, 10 unique, 0 duplicate bundles; 0 successful validations reused
[INFO] Testing deferred arbitrary-key and original-schema robustness cases
[INFO] Compiler input baseline: 58 statically named fields
[INFO] Render hashes (run-local): 13 observed, 9 unique, 4 duplicate bundles; 4 successful validations reused
[INFO] .: failed; 0 charts remain
