[INFO] Chart 1/1: .
[INFO] Finite filtering unavailable: permutations need closed objects at (); set additionalProperties: false; prioritizing known inputs before robustness sampling
[INFO] Coalescing path $.affinity
[INFO] Coalescing path $.annotations
[INFO] Coalescing path $.command
[INFO] Coalescing path $.containerSecurityContext
[INFO] Coalescing path $.deploymentAnnotations
[INFO] Coalescing path $.deploymentLabels
[INFO] Coalescing path $.env
[INFO] Coalescing path $.extraArgs
[INFO] Coalescing path $.extraManifests
[INFO] Coalescing path $.hostAliases
[INFO] Coalescing path $.imagePullSecrets
[INFO] Coalescing path $.kafkaBrokerVersion
[INFO] Coalescing path $.kafkaLabels
[INFO] Coalescing path $.kafkaServer
[INFO] Coalescing path $.nodeSelector
[INFO] Coalescing path $.podLabels
[INFO] Coalescing path $.replicaCount
[INFO] Coalescing path $.resources
[INFO] Coalescing path $.securityContext
[INFO] Coalescing path $.tolerations
[INFO] Coalescing path $.verbosity
[INFO] Coalescing path $.extraArgs[*]
[INFO] Coalescing path $.global.imagePullSecrets
[INFO] Coalescing path $.image.pullPolicy
[INFO] Coalescing path $.image.repository
[INFO] Coalescing path $.image.tag
[INFO] Coalescing path $.kafkaServer[*]
[INFO] Coalescing path $.liveness.enabled
[INFO] Coalescing path $.liveness.probe
[INFO] Coalescing path $.rbac.create
[INFO] Coalescing path $.readiness.enabled
[INFO] Coalescing path $.readiness.probe
[INFO] Coalescing path $.sarama.logEnabled
[INFO] Coalescing path $.sasl.enabled
[INFO] Coalescing path $.sasl.handshake
[INFO] Coalescing path $.service.annotations
[INFO] Coalescing path $.service.labels
[INFO] Coalescing path $.service.loadBalancerIP
[INFO] Coalescing path $.service.nodePort
[INFO] Coalescing path $.service.port
[INFO] Coalescing path $.service.type
[INFO] Coalescing path $.serviceAccount.annotations
[INFO] Coalescing path $.serviceAccount.create
[INFO] Coalescing path $.startup.enabled
[INFO] Coalescing path $.startup.probe
[INFO] Coalescing path $.tls.caFile
[INFO] Coalescing path $.tls.certFile
[INFO] Coalescing path $.tls.enabled
[INFO] Coalescing path $.tls.insecureSkipVerify
[INFO] Coalescing path $.tls.keyFile
[INFO] Coalescing path $.tls.mountPath
[INFO] Coalescing path $.tls.secretName
[INFO] Coalescing path $.prometheus.serviceMonitor.additionalLabels
[INFO] Coalescing path $.prometheus.serviceMonitor.apiVersion
[INFO] Coalescing path $.prometheus.serviceMonitor.enabled
[INFO] Coalescing path $.prometheus.serviceMonitor.interval
[INFO] Coalescing path $.prometheus.serviceMonitor.metricRelabelings
[INFO] Coalescing path $.prometheus.serviceMonitor.namespace
[INFO] Coalescing path $.prometheus.serviceMonitor.relabelings
[INFO] Coalescing path $.prometheus.serviceMonitor.scrapeTimeout
[INFO] Coalescing path $.prometheus.serviceMonitor.targetLabels
[INFO] Coalescing path $.sasl.awsiam.awsRegion
[INFO] Coalescing path $.sasl.awsiam.enabled
[INFO] Coalescing path $.sasl.awsiam.mechanism
[INFO] Coalescing path $.sasl.kerberos.enabled
[INFO] Coalescing path $.sasl.kerberos.kerberosAuthType
[INFO] Coalescing path $.sasl.kerberos.mountPath
[INFO] Coalescing path $.sasl.kerberos.realm
[INFO] Coalescing path $.sasl.kerberos.secretName
[INFO] Coalescing path $.sasl.kerberos.serviceName
[INFO] Coalescing path $.sasl.scram.enabled
[INFO] Coalescing path $.sasl.scram.mechanism
[INFO] Coalescing path $.sasl.scram.password
[INFO] Coalescing path $.sasl.scram.secretName
[INFO] Coalescing path $.sasl.scram.username
[INFO] Coalescing path $.server.tls.caFile
[INFO] Coalescing path $.server.tls.certFile
[INFO] Coalescing path $.server.tls.enabled
[INFO] Coalescing path $.server.tls.keyFile
[INFO] Coalescing path $.server.tls.mountPath
[INFO] Coalescing path $.server.tls.mutualAuthEnabled
[INFO] Coalescing path $.server.tls.secretName
[INFO] Coalescing path $.prometheus.serviceMonitor.targetLabels[*]
[INFO] Testing known inputs first; arbitrary extra-key cases are deferred
[INFO] Compiler input baseline: 80 statically named fields
[INFO] Render hashes (run-local): 24 observed, 10 unique, 14 duplicate bundles; 14 successful validations reused
[INFO] Testing deferred arbitrary-key and original-schema robustness cases
[INFO] Compiler input baseline: 80 statically named fields
[INFO] Render hashes (run-local): 101 observed, 1 unique, 100 duplicate bundles; 100 successful validations reused
[INFO] .: failed; 0 charts remain
