[INFO] Chart 1/1: .
[INFO] Finite filtering unavailable: permutations need closed objects at (); set additionalProperties: false; prioritizing known inputs before robustness sampling
[INFO] Coalescing path $.affinity
[INFO] Coalescing path $.configMapFile
[INFO] Coalescing path $.imagePullSecrets
[INFO] Coalescing path $.modules
[INFO] Coalescing path $.nodeSelector
[INFO] Coalescing path $.podAnnotations
[INFO] Coalescing path $.podSecurityContext
[INFO] Coalescing path $.resources
[INFO] Coalescing path $.securityContext
[INFO] Coalescing path $.tolerations
[INFO] Coalescing path $.configReloaderSidecar.enable
[INFO] Coalescing path $.image.pullPolicy
[INFO] Coalescing path $.image.registry
[INFO] Coalescing path $.image.repository
[INFO] Coalescing path $.image.tag
[INFO] Coalescing path $.log.format
[INFO] Coalescing path $.log.level
[INFO] Coalescing path $.service.port
[INFO] Coalescing path $.service.type
[INFO] Coalescing path $.serviceAccount.annotations
[INFO] Coalescing path $.serviceAccount.create
[INFO] Coalescing path $.serviceMonitor.annotations
[INFO] Coalescing path $.serviceMonitor.enabled
[INFO] Coalescing path $.serviceMonitor.endpointsCommonConfig
[INFO] Coalescing path $.serviceMonitor.endpointsConfig
[INFO] Coalescing path $.serviceMonitor.labels
[INFO] Coalescing path $.serviceMonitorExporterItself.annotations
[INFO] Coalescing path $.serviceMonitorExporterItself.enabled
[INFO] Coalescing path $.serviceMonitorExporterItself.labels
[INFO] Coalescing path $.configReloaderSidecar.image.registry
[INFO] Coalescing path $.configReloaderSidecar.image.repository
[INFO] Coalescing path $.configReloaderSidecar.image.tag
[INFO] Coalescing path $.serviceMonitor.endpointsConfig[*]
[INFO] Testing known inputs first; arbitrary extra-key cases are deferred
[INFO] Compiler input baseline: 32 statically named fields
[INFO] Render hashes (run-local): 32 observed, 9 unique, 23 duplicate bundles; 23 successful validations reused
[INFO] Testing deferred arbitrary-key and original-schema robustness cases
[INFO] Compiler input baseline: 32 statically named fields
[INFO] Render hashes (run-local): 101 observed, 1 unique, 100 duplicate bundles; 100 successful validations reused
[INFO] .: failed; 0 charts remain
