[INFO] Chart 1/1: .
[INFO] Finite filtering unavailable: permutations need closed objects at (); set additionalProperties: false; prioritizing known inputs before robustness sampling
[INFO] Coalescing path $.affinity
[INFO] Coalescing path $.annotations
[INFO] Coalescing path $.dnsConfig
[INFO] Coalescing path $.env
[INFO] Coalescing path $.extraArgs
[INFO] Coalescing path $.hostAliases
[INFO] Coalescing path $.imagePullSecrets
[INFO] Coalescing path $.livenessProbe
[INFO] Coalescing path $.nodeSelector
[INFO] Coalescing path $.podAnnotations
[INFO] Coalescing path $.podLabels
[INFO] Coalescing path $.podSecurityContext
[INFO] Coalescing path $.port
[INFO] Coalescing path $.priorityClassName
[INFO] Coalescing path $.readinessProbe
[INFO] Coalescing path $.replicas
[INFO] Coalescing path $.resources
[INFO] Coalescing path $.securityContext
[INFO] Coalescing path $.tolerations
[INFO] Coalescing path $.volumeMounts
[INFO] Coalescing path $.volumes
[INFO] Coalescing path $.env[*]
[INFO] Coalescing path $.existingSecret.key
[INFO] Coalescing path $.existingSecret.name
[INFO] Coalescing path $.image.pullPolicy
[INFO] Coalescing path $.image.repository
[INFO] Coalescing path $.image.tag
[INFO] Coalescing path $.mongodb.uri
[INFO] Coalescing path $.service.annotations
[INFO] Coalescing path $.service.labels
[INFO] Coalescing path $.service.port
[INFO] Coalescing path $.service.portName
[INFO] Coalescing path $.service.type
[INFO] Coalescing path $.serviceAccount.create
[INFO] Coalescing path $.serviceMonitor.additionalLabels
[INFO] Coalescing path $.serviceMonitor.apiVersion
[INFO] Coalescing path $.serviceMonitor.enabled
[INFO] Coalescing path $.serviceMonitor.interval
[INFO] Coalescing path $.serviceMonitor.metricRelabelings
[INFO] Coalescing path $.serviceMonitor.namespace
[INFO] Coalescing path $.serviceMonitor.scheme
[INFO] Coalescing path $.serviceMonitor.scrapeTimeout
[INFO] Coalescing path $.serviceMonitor.targetLabels
[INFO] Coalescing path $.serviceMonitor.telemetryPath
[INFO] Coalescing path $.serviceMonitor.tlsConfig
[INFO] Coalescing path $.serviceMonitor.additionalLabels[*]
[INFO] Coalescing path $.serviceMonitor.multiTarget.enabled
[INFO] Coalescing path $.serviceMonitor.multiTarget.targets
[INFO] Coalescing path $.serviceMonitor.multiTarget.username
[INFO] Coalescing path $.serviceMonitor.targetLabels[*]
[INFO] Coalescing path $.serviceMonitor.multiTarget.password.value
[INFO] Coalescing path $.serviceMonitor.multiTarget.password.existingSecret.key
[INFO] Coalescing path $.serviceMonitor.multiTarget.password.existingSecret.name
[INFO] Coalescing path $.serviceMonitor.multiTarget.targets[*].interval
[INFO] Coalescing path $.serviceMonitor.multiTarget.targets[*].metricRelabelings
[INFO] Coalescing path $.serviceMonitor.multiTarget.targets[*].name
[INFO] Coalescing path $.serviceMonitor.multiTarget.targets[*].scrapeTimeout
[INFO] Coalescing path $.serviceMonitor.multiTarget.targets[*].uri
[INFO] Testing known inputs first; arbitrary extra-key cases are deferred
[INFO] Compiler input baseline: 50 statically named fields
[INFO] Render hashes (run-local): 27 observed, 13 unique, 14 duplicate bundles; 14 successful validations reused
[INFO] Testing deferred arbitrary-key and original-schema robustness cases
[INFO] Compiler input baseline: 50 statically named fields
[INFO] Render hashes (run-local): 101 observed, 1 unique, 100 duplicate bundles; 100 successful validations reused
[INFO] .: failed; 0 charts remain
