[INFO] Chart 1/1: .
[INFO] Finite filtering unavailable: permutations need closed objects at (); set additionalProperties: false; prioritizing known inputs before robustness sampling
[INFO] Coalescing path $.affinity
[INFO] Coalescing path $.annotations
[INFO] Coalescing path $.collectors
[INFO] Coalescing path $.config
[INFO] Coalescing path $.extraEnvs
[INFO] Coalescing path $.extraManifests
[INFO] Coalescing path $.extraVolumeMounts
[INFO] Coalescing path $.extraVolumes
[INFO] Coalescing path $.hostUsers
[INFO] Coalescing path $.imagePullSecrets
[INFO] Coalescing path $.nodeSelector
[INFO] Coalescing path $.podLabels
[INFO] Coalescing path $.podSecurityContext
[INFO] Coalescing path $.priorityClassName
[INFO] Coalescing path $.replicaCount
[INFO] Coalescing path $.resources
[INFO] Coalescing path $.securityContext
[INFO] Coalescing path $.tolerations
[INFO] Coalescing path $.cloudsqlproxy.credentials
[INFO] Coalescing path $.cloudsqlproxy.credentialsSecret
[INFO] Coalescing path $.cloudsqlproxy.enabled
[INFO] Coalescing path $.cloudsqlproxy.extraArgs
[INFO] Coalescing path $.cloudsqlproxy.instanceConnectionName
[INFO] Coalescing path $.cloudsqlproxy.port
[INFO] Coalescing path $.cloudsqlproxy.privateIp
[INFO] Coalescing path $.collectors[*]
[INFO] Coalescing path $.config.extraArgs
[INFO] Coalescing path $.config.logFormat
[INFO] Coalescing path $.config.logLevel
[INFO] Coalescing path $.extraEnvs[*]
[INFO] Coalescing path $.extraManifests[*]
[INFO] Coalescing path $.image.pullPolicy
[INFO] Coalescing path $.image.registry
[INFO] Coalescing path $.image.repository
[INFO] Coalescing path $.image.tag
[INFO] Coalescing path $.mysql.additionalConfig
[INFO] Coalescing path $.mysql.db
[INFO] Coalescing path $.mysql.host
[INFO] Coalescing path $.mysql.pass
[INFO] Coalescing path $.mysql.port
[INFO] Coalescing path $.mysql.protocol
[INFO] Coalescing path $.mysql.user
[INFO] Coalescing path $.prometheusRule.additionalLabels
[INFO] Coalescing path $.prometheusRule.enabled
[INFO] Coalescing path $.prometheusRule.namespace
[INFO] Coalescing path $.prometheusRule.rules
[INFO] Coalescing path $.resources.limits
[INFO] Coalescing path $.service.annotations
[INFO] Coalescing path $.service.externalPort
[INFO] Coalescing path $.service.internalPort
[INFO] Coalescing path $.service.labels
[INFO] Coalescing path $.service.name
[INFO] Coalescing path $.service.type
[INFO] Coalescing path $.serviceAccount.annotations
[INFO] Coalescing path $.serviceAccount.create
[INFO] Coalescing path $.serviceMonitor.additionalLabels
[INFO] Coalescing path $.serviceMonitor.apiVersion
[INFO] Coalescing path $.serviceMonitor.enabled
[INFO] Coalescing path $.serviceMonitor.interval
[INFO] Coalescing path $.serviceMonitor.jobLabel
[INFO] Coalescing path $.serviceMonitor.metricRelabelings
[INFO] Coalescing path $.serviceMonitor.namespace
[INFO] Coalescing path $.serviceMonitor.namespaceSelector
[INFO] Coalescing path $.serviceMonitor.podTargetLabels
[INFO] Coalescing path $.serviceMonitor.relabelings
[INFO] Coalescing path $.serviceMonitor.scrapeTimeout
[INFO] Coalescing path $.serviceMonitor.targetLabels
[INFO] Coalescing path $.cloudsqlproxy.image.PullPolicy
[INFO] Coalescing path $.cloudsqlproxy.image.repo
[INFO] Coalescing path $.cloudsqlproxy.image.tag
[INFO] Coalescing path $.cloudsqlproxy.workloadIdentity.enabled
[INFO] Coalescing path $.mysql.additionalConfig[*]
[INFO] Coalescing path $.mysql.existingConfigSecret.name
[INFO] Coalescing path $.mysql.existingPasswordSecret.key
[INFO] Coalescing path $.mysql.existingPasswordSecret.name
[INFO] Coalescing path $.resources.limits.cpu
[INFO] Coalescing path $.resources.limits.memory
[INFO] Coalescing path $.serviceMonitor.multipleTarget.enabled
[INFO] Coalescing path $.serviceMonitor.multipleTarget.targets
[INFO] Coalescing path $.serviceMonitor.multipleTarget.sharedSecret.enabled
[INFO] Coalescing path $.serviceMonitor.multipleTarget.sharedSecret.name
[INFO] Coalescing path $.serviceMonitor.multipleTarget.targets[*].endpoint
[INFO] Coalescing path $.serviceMonitor.multipleTarget.targets[*].name
[INFO] Coalescing path $.serviceMonitor.multipleTarget.targets[*].port
[INFO] Testing known inputs first; arbitrary extra-key cases are deferred
[INFO] Compiler input baseline: 74 statically named fields
[INFO] Render hashes (run-local): 184 observed, 33 unique, 151 duplicate bundles; 151 successful validations reused
[INFO] Testing deferred arbitrary-key and original-schema robustness cases
[INFO] Compiler input baseline: 74 statically named fields
[INFO] Render hashes (run-local): 36 observed, 8 unique, 28 duplicate bundles; 28 successful validations reused
[INFO] .: failed; 0 charts remain
