[INFO] Chart 1/1: .
[INFO] Finite filtering unavailable: permutations need closed objects at (); set additionalProperties: false; prioritizing known inputs before robustness sampling
[INFO] Coalescing path $.affinity
[INFO] Coalescing path $.annotations
[INFO] Coalescing path $.extraVolumes
[INFO] Coalescing path $.nodeSelector
[INFO] Coalescing path $.replicaCount
[INFO] Coalescing path $.resources
[INFO] Coalescing path $.tolerations
[INFO] Coalescing path $.image.imagePullSecrets
[INFO] Coalescing path $.image.pullPolicy
[INFO] Coalescing path $.image.repository
[INFO] Coalescing path $.image.tag
[INFO] Coalescing path $.livenessProbe.periodSeconds
[INFO] Coalescing path $.livenessProbe.timeoutSeconds
[INFO] Coalescing path $.readinessProbe.periodSeconds
[INFO] Coalescing path $.readinessProbe.timeoutSeconds
[INFO] Coalescing path $.service.annotations
[INFO] Coalescing path $.service.labels
[INFO] Coalescing path $.service.port
[INFO] Coalescing path $.service.targetPort
[INFO] Coalescing path $.service.type
[INFO] Coalescing path $.serviceMonitor.additionalLabels
[INFO] Coalescing path $.serviceMonitor.enabled
[INFO] Coalescing path $.serviceMonitor.interval
[INFO] Coalescing path $.serviceMonitor.namespace
[INFO] Coalescing path $.serviceMonitor.scrapeTimeout
[INFO] Coalescing path $.serviceMonitor.targetLabels
[INFO] Coalescing path $.config.metrics.accstatz
[INFO] Coalescing path $.config.metrics.connz
[INFO] Coalescing path $.config.metrics.connz_detailed
[INFO] Coalescing path $.config.metrics.gatewayz
[INFO] Coalescing path $.config.metrics.healthz
[INFO] Coalescing path $.config.metrics.jsz
[INFO] Coalescing path $.config.metrics.leafz
[INFO] Coalescing path $.config.metrics.routez
[INFO] Coalescing path $.config.metrics.subz
[INFO] Coalescing path $.config.metrics.varz
[INFO] Coalescing path $.config.nats.namespace
[INFO] Coalescing path $.config.nats.port
[INFO] Coalescing path $.config.nats.service
[INFO] Coalescing path $.serviceMonitor.targetLabels[*]
[INFO] Testing known inputs first; arbitrary extra-key cases are deferred
[INFO] Compiler input baseline: 39 statically named fields
[INFO] Render hashes (run-local): 30 observed, 9 unique, 21 duplicate bundles; 21 successful validations reused
[INFO] Testing deferred arbitrary-key and original-schema robustness cases
[INFO] Compiler input baseline: 39 statically named fields
[INFO] Render hashes (run-local): 101 observed, 1 unique, 100 duplicate bundles; 100 successful validations reused
[INFO] .: failed; 0 charts remain
