[INFO] Chart 1/1: .
[INFO] Finite filtering unavailable: permutations need closed objects at (); set additionalProperties: false; prioritizing known inputs before robustness sampling
[INFO] Coalescing path $.configmaps
[INFO] Coalescing path $.containerSecurityContext
[INFO] Coalescing path $.daemonsetAnnotations
[INFO] Coalescing path $.dnsConfig
[INFO] Coalescing path $.dnsPolicy
[INFO] Coalescing path $.endpoints
[INFO] Coalescing path $.env
[INFO] Coalescing path $.extraArgs
[INFO] Coalescing path $.extraHostVolumeMounts
[INFO] Coalescing path $.extraInitContainers
[INFO] Coalescing path $.extraManifests
[INFO] Coalescing path $.extraVolumeMounts
[INFO] Coalescing path $.extraVolumes
[INFO] Coalescing path $.hostIPC
[INFO] Coalescing path $.hostNetwork
[INFO] Coalescing path $.hostPID
[INFO] Coalescing path $.hostUsers
[INFO] Coalescing path $.imagePullSecrets
[INFO] Coalescing path $.nodeSelector
[INFO] Coalescing path $.podAnnotations
[INFO] Coalescing path $.podLabels
[INFO] Coalescing path $.priorityClassName
[INFO] Coalescing path $.resources
[INFO] Coalescing path $.restartPolicy
[INFO] Coalescing path $.revisionHistoryLimit
[INFO] Coalescing path $.secrets
[INFO] Coalescing path $.securityContext
[INFO] Coalescing path $.sidecarHostVolumeMounts
[INFO] Coalescing path $.sidecarVolumeMount
[INFO] Coalescing path $.sidecars
[INFO] Coalescing path $.terminationGracePeriodSeconds
[INFO] Coalescing path $.terminationMessageParams
[INFO] Coalescing path $.tolerations
[INFO] Coalescing path $.updateStrategy
[INFO] Coalescing path $.version
[INFO] Coalescing path $.endpoints[*]
[INFO] Coalescing path $.env[*]
[INFO] Coalescing path $.extraManifests[*]
[INFO] Coalescing path $.global.imagePullSecrets
[INFO] Coalescing path $.global.imageRegistry
[INFO] Coalescing path $.hostProcFsMount.mountPropagation
[INFO] Coalescing path $.hostRootFsMount.enabled
[INFO] Coalescing path $.hostRootFsMount.mountPropagation
[INFO] Coalescing path $.hostSysFsMount.mountPropagation
[INFO] Coalescing path $.image.pullPolicy
[INFO] Coalescing path $.image.tag
[INFO] Coalescing path $.kubeRBACProxy.containerSecurityContext
[INFO] Coalescing path $.kubeRBACProxy.enableHostPort
[INFO] Coalescing path $.kubeRBACProxy.enableProxyEndpointsHostPort
[INFO] Coalescing path $.kubeRBACProxy.enabled
[INFO] Coalescing path $.kubeRBACProxy.env
[INFO] Coalescing path $.kubeRBACProxy.extraArgs
[INFO] Coalescing path $.kubeRBACProxy.extraVolumeMounts
[INFO] Coalescing path $.kubeRBACProxy.listenHost
[INFO] Coalescing path $.kubeRBACProxy.port
[INFO] Coalescing path $.kubeRBACProxy.portName
[INFO] Coalescing path $.kubeRBACProxy.proxyEndpointsPort
[INFO] Coalescing path $.kubeRBACProxy.resources
[INFO] Coalescing path $.livenessProbe.failureThreshold
[INFO] Coalescing path $.livenessProbe.initialDelaySeconds
[INFO] Coalescing path $.livenessProbe.periodSeconds
[INFO] Coalescing path $.livenessProbe.successThreshold
[INFO] Coalescing path $.livenessProbe.timeoutSeconds
[INFO] Coalescing path $.networkPolicy.enabled
[INFO] Coalescing path $.networkPolicy.ingress
[INFO] Coalescing path $.permissionInitContainer.extraCommands
[INFO] Coalescing path $.permissionInitContainer.fixes
[INFO] Coalescing path $.permissionInitContainer.image
[INFO] Coalescing path $.permissionInitContainer.securityContext
[INFO] Coalescing path $.prometheus.monitor
[INFO] Coalescing path $.prometheus.podMonitor
[INFO] Coalescing path $.rbac.create
[INFO] Coalescing path $.rbac.useExistingRole
[INFO] Coalescing path $.readinessProbe.failureThreshold
[INFO] Coalescing path $.readinessProbe.initialDelaySeconds
[INFO] Coalescing path $.readinessProbe.periodSeconds
[INFO] Coalescing path $.readinessProbe.successThreshold
[INFO] Coalescing path $.readinessProbe.timeoutSeconds
[INFO] Coalescing path $.securityContext.runAsGroup
[INFO] Coalescing path $.service.annotations
[INFO] Coalescing path $.service.clusterIP
[INFO] Coalescing path $.service.enabled
[INFO] Coalescing path $.service.externalTrafficPolicy
[INFO] Coalescing path $.service.internalTrafficPolicy
[INFO] Coalescing path $.service.labels
[INFO] Coalescing path $.service.nodePort
[INFO] Coalescing path $.service.port
[INFO] Coalescing path $.service.portName
[INFO] Coalescing path $.service.servicePort
[INFO] Coalescing path $.service.targetPort
[INFO] Coalescing path $.service.type
[INFO] Coalescing path $.serviceAccount.annotations
[INFO] Coalescing path $.serviceAccount.automountServiceAccountToken
[INFO] Coalescing path $.serviceAccount.create
[INFO] Coalescing path $.serviceAccount.imagePullSecrets
[INFO] Coalescing path $.sidecars[*]
[INFO] Coalescing path $.terminationMessageParams.enabled
[INFO] Coalescing path $.terminationMessageParams.terminationMessagePath
[INFO] Coalescing path $.terminationMessageParams.terminationMessagePolicy
[INFO] Coalescing path $.tlsSecret.caItem
[INFO] Coalescing path $.tlsSecret.certItem
[INFO] Coalescing path $.tlsSecret.enabled
[INFO] Coalescing path $.tlsSecret.keyItem
[INFO] Coalescing path $.tlsSecret.secretName
[INFO] Coalescing path $.tlsSecret.volumeName
[INFO] Coalescing path $.verticalPodAutoscaler.controlledResources
[INFO] Coalescing path $.verticalPodAutoscaler.controlledValues
[INFO] Coalescing path $.verticalPodAutoscaler.enabled
[INFO] Coalescing path $.verticalPodAutoscaler.maxAllowed
[INFO] Coalescing path $.verticalPodAutoscaler.minAllowed
[INFO] Coalescing path $.verticalPodAutoscaler.recommenders
[INFO] Coalescing path $.verticalPodAutoscaler.updatePolicy
[INFO] Coalescing path $.configmaps[*].mountPath
[INFO] Coalescing path $.configmaps[*].name
[INFO] Coalescing path $.extraHostVolumeMounts[*].hostPath
[INFO] Coalescing path $.extraHostVolumeMounts[*].mountPath
[INFO] Coalescing path $.extraHostVolumeMounts[*].mountPropagation
[INFO] Coalescing path $.extraHostVolumeMounts[*].name
[INFO] Coalescing path $.extraHostVolumeMounts[*].readOnly
[INFO] Coalescing path $.extraHostVolumeMounts[*].type
[INFO] Coalescing path $.kubeRBACProxy.env[*]
[INFO] Coalescing path $.kubeRBACProxy.image.pullPolicy
[INFO] Coalescing path $.kubeRBACProxy.image.registry
[INFO] Coalescing path $.kubeRBACProxy.image.repository
[INFO] Coalescing path $.kubeRBACProxy.image.sha
[INFO] Coalescing path $.kubeRBACProxy.image.tag
[INFO] Coalescing path $.kubeRBACProxy.tls.enabled
[INFO] Coalescing path $.kubeRBACProxy.tls.tlsClientAuth
[INFO] Coalescing path $.livenessProbe.httpGet.httpHeaders
[INFO] Coalescing path $.livenessProbe.httpGet.scheme
[INFO] Coalescing path $.permissionInitContainer.extraCommands[*]
[INFO] Coalescing path $.permissionInitContainer.fixes.rapl
[INFO] Coalescing path $.permissionInitContainer.fixes.slabinfo
[INFO] Coalescing path $.permissionInitContainer.image.pullPolicy
[INFO] Coalescing path $.permissionInitContainer.image.registry
[INFO] Coalescing path $.permissionInitContainer.image.repository
[INFO] Coalescing path $.permissionInitContainer.image.sha
[INFO] Coalescing path $.permissionInitContainer.image.tag
[INFO] Coalescing path $.prometheus.monitor.additionalLabels
[INFO] Coalescing path $.prometheus.monitor.apiVersion
[INFO] Coalescing path $.prometheus.monitor.attachMetadata
[INFO] Coalescing path $.prometheus.monitor.basicAuth
[INFO] Coalescing path $.prometheus.monitor.bearerTokenFile
[INFO] Coalescing path $.prometheus.monitor.enabled
[INFO] Coalescing path $.prometheus.monitor.interval
[INFO] Coalescing path $.prometheus.monitor.jobLabel
[INFO] Coalescing path $.prometheus.monitor.metricRelabelings
[INFO] Coalescing path $.prometheus.monitor.podTargetLabels
[INFO] Coalescing path $.prometheus.monitor.proxyUrl
[INFO] Coalescing path $.prometheus.monitor.relabelings
[INFO] Coalescing path $.prometheus.monitor.scheme
[INFO] Coalescing path $.prometheus.monitor.scrapeTimeout
[INFO] Coalescing path $.prometheus.monitor.selectorOverride
[INFO] Coalescing path $.prometheus.monitor.targetLabels
[INFO] Coalescing path $.prometheus.monitor.tlsConfig
[INFO] Coalescing path $.prometheus.podMonitor.additionalLabels
[INFO] Coalescing path $.prometheus.podMonitor.apiVersion
[INFO] Coalescing path $.prometheus.podMonitor.attachMetadata
[INFO] Coalescing path $.prometheus.podMonitor.authorization
[INFO] Coalescing path $.prometheus.podMonitor.basicAuth
[INFO] Coalescing path $.prometheus.podMonitor.bearerTokenSecret
[INFO] Coalescing path $.prometheus.podMonitor.enableHttp2
[INFO] Coalescing path $.prometheus.podMonitor.enabled
[INFO] Coalescing path $.prometheus.podMonitor.filterRunning
[INFO] Coalescing path $.prometheus.podMonitor.followRedirects
[INFO] Coalescing path $.prometheus.podMonitor.honorLabels
[INFO] Coalescing path $.prometheus.podMonitor.honorTimestamps
[INFO] Coalescing path $.prometheus.podMonitor.interval
[INFO] Coalescing path $.prometheus.podMonitor.jobLabel
[INFO] Coalescing path $.prometheus.podMonitor.metricRelabelings
[INFO] Coalescing path $.prometheus.podMonitor.oauth2
[INFO] Coalescing path $.prometheus.podMonitor.params
[INFO] Coalescing path $.prometheus.podMonitor.path
[INFO] Coalescing path $.prometheus.podMonitor.podTargetLabels
[INFO] Coalescing path $.prometheus.podMonitor.proxyUrl
[INFO] Coalescing path $.prometheus.podMonitor.relabelings
[INFO] Coalescing path $.prometheus.podMonitor.scheme
[INFO] Coalescing path $.prometheus.podMonitor.scrapeTimeout
[INFO] Coalescing path $.prometheus.podMonitor.selectorOverride
[INFO] Coalescing path $.prometheus.podMonitor.tlsConfig
[INFO] Coalescing path $.readinessProbe.httpGet.httpHeaders
[INFO] Coalescing path $.readinessProbe.httpGet.scheme
[INFO] Coalescing path $.secrets[*].mountPath
[INFO] Coalescing path $.secrets[*].name
[INFO] Coalescing path $.service.ipDualStack.enabled
[INFO] Coalescing path $.service.ipDualStack.ipFamilies
[INFO] Coalescing path $.service.ipDualStack.ipFamilyPolicy
[INFO] Coalescing path $.sidecarHostVolumeMounts[*].hostPath
[INFO] Coalescing path $.sidecarHostVolumeMounts[*].name
[INFO] Coalescing path $.sidecarVolumeMount[*].mountPath
[INFO] Coalescing path $.sidecarVolumeMount[*].name
[INFO] Coalescing path $.sidecars[*].volumeMounts
[INFO] Coalescing path $.livenessProbe.httpGet.httpHeaders[*].name
[INFO] Coalescing path $.livenessProbe.httpGet.httpHeaders[*].value
[INFO] Coalescing path $.readinessProbe.httpGet.httpHeaders[*].name
[INFO] Coalescing path $.readinessProbe.httpGet.httpHeaders[*].value
[INFO] Testing known inputs first; arbitrary extra-key cases are deferred
[INFO] Compiler input baseline: 165 statically named fields
[INFO] Render hashes (run-local): 50 observed, 20 unique, 30 duplicate bundles; 30 successful validations reused
[INFO] Testing deferred arbitrary-key and original-schema robustness cases
[INFO] Compiler input baseline: 165 statically named fields
[INFO] Render hashes (run-local): 101 observed, 1 unique, 100 duplicate bundles; 100 successful validations reused
[INFO] .: failed; 0 charts remain
