[INFO] Chart 1/1: .
[INFO] Finite filtering unavailable: permutations need closed objects at (); set additionalProperties: false; prioritizing known inputs before robustness sampling
[INFO] Coalescing path $.affinity
[INFO] Coalescing path $.automountServiceAccountToken
[INFO] Coalescing path $.caBundle
[INFO] Coalescing path $.containerPort
[INFO] Coalescing path $.containerSecurityContext
[INFO] Coalescing path $.env
[INFO] Coalescing path $.extraArgs
[INFO] Coalescing path $.extraContainers
[INFO] Coalescing path $.initContainers
[INFO] Coalescing path $.livenessProbe
[INFO] Coalescing path $.nodeSelector
[INFO] Coalescing path $.podDisruptionBudget
[INFO] Coalescing path $.priorityClassName
[INFO] Coalescing path $.readinessProbe
[INFO] Coalescing path $.replicas
[INFO] Coalescing path $.resources
[INFO] Coalescing path $.restartPolicy
[INFO] Coalescing path $.revisionHistoryLimit
[INFO] Coalescing path $.securityContext
[INFO] Coalescing path $.tlsMinVersion
[INFO] Coalescing path $.tlsSecret
[INFO] Coalescing path $.tolerations
[INFO] Coalescing path $.updateStrategy
[INFO] Coalescing path $.certManager.enabled
[INFO] Coalescing path $.certManager.issuerRef
[INFO] Coalescing path $.deployment.annotations
[INFO] Coalescing path $.deployment.labels
[INFO] Coalescing path $.image.digest
[INFO] Coalescing path $.image.pullPolicy
[INFO] Coalescing path $.image.pullSecrets
[INFO] Coalescing path $.image.registry
[INFO] Coalescing path $.image.repository
[INFO] Coalescing path $.jobs.affinity
[INFO] Coalescing path $.jobs.annotations
[INFO] Coalescing path $.jobs.containerSecurityContext
[INFO] Coalescing path $.jobs.enabled
[INFO] Coalescing path $.jobs.imagePullSecrets
[INFO] Coalescing path $.jobs.labels
[INFO] Coalescing path $.jobs.nodeSelector
[INFO] Coalescing path $.jobs.priorityClassName
[INFO] Coalescing path $.jobs.resources
[INFO] Coalescing path $.jobs.securityContext
[INFO] Coalescing path $.jobs.tolerations
[INFO] Coalescing path $.networkPolicy.annotations
[INFO] Coalescing path $.networkPolicy.enabled
[INFO] Coalescing path $.networkPolicy.labels
[INFO] Coalescing path $.pod.annotations
[INFO] Coalescing path $.pod.labels
[INFO] Coalescing path $.prometheusRule.annotations
[INFO] Coalescing path $.prometheusRule.enabled
[INFO] Coalescing path $.prometheusRule.labels
[INFO] Coalescing path $.prometheusRule.namespace
[INFO] Coalescing path $.prometheusRule.rules
[INFO] Coalescing path $.rbac.create
[INFO] Coalescing path $.service.annotations
[INFO] Coalescing path $.service.labels
[INFO] Coalescing path $.service.port
[INFO] Coalescing path $.serviceAccount.annotations
[INFO] Coalescing path $.serviceAccount.create
[INFO] Coalescing path $.serviceAccount.labels
[INFO] Coalescing path $.serviceMonitor.annotations
[INFO] Coalescing path $.serviceMonitor.attachMetadata
[INFO] Coalescing path $.serviceMonitor.enabled
[INFO] Coalescing path $.serviceMonitor.honorLabels
[INFO] Coalescing path $.serviceMonitor.interval
[INFO] Coalescing path $.serviceMonitor.jobLabel
[INFO] Coalescing path $.serviceMonitor.labels
[INFO] Coalescing path $.serviceMonitor.metricRelabelings
[INFO] Coalescing path $.serviceMonitor.namespace
[INFO] Coalescing path $.serviceMonitor.relabelings
[INFO] Coalescing path $.serviceMonitor.scrapeTimeout
[INFO] Coalescing path $.serviceMonitor.targetLabels
[INFO] Coalescing path $.serviceMonitor.tlsConfig
[INFO] Coalescing path $.tlsSecret.certItem
[INFO] Coalescing path $.tlsSecret.keyItem
[INFO] Coalescing path $.tlsSecret.name
[INFO] Coalescing path $.webhooks.annotations
[INFO] Coalescing path $.webhooks.failurePolicy
[INFO] Coalescing path $.webhooks.labels
[INFO] Coalescing path $.webhooks.namespaceSelector
[INFO] Coalescing path $.webhooks.objectSelector
[INFO] Coalescing path $.webhooks.timeoutSeconds
[INFO] Coalescing path $.certManager.rootCert.duration
[INFO] Coalescing path $.certManager.rootCert.revisionHistoryLimit
[INFO] Coalescing path $.certManager.webhookCert.duration
[INFO] Coalescing path $.certManager.webhookCert.revisionHistoryLimit
[INFO] Coalescing path $.image.pullSecrets[*]
[INFO] Coalescing path $.jobs.createSecret.annotations
[INFO] Coalescing path $.jobs.createSecret.labels
[INFO] Coalescing path $.jobs.image.digest
[INFO] Coalescing path $.jobs.image.pullPolicy
[INFO] Coalescing path $.jobs.image.registry
[INFO] Coalescing path $.jobs.image.repository
[INFO] Coalescing path $.jobs.image.tag
[INFO] Coalescing path $.jobs.patchWebhook.annotations
[INFO] Coalescing path $.jobs.patchWebhook.labels
[INFO] Coalescing path $.webhooks.enabled.alertmanagerconfigsValidate
[INFO] Coalescing path $.webhooks.enabled.prometheusruleMutate
[INFO] Coalescing path $.webhooks.enabled.prometheusruleValidate
[INFO] Testing known inputs first; arbitrary extra-key cases are deferred
[INFO] Compiler input baseline: 97 statically named fields
[INFO] Render hashes (run-local): 49 observed, 28 unique, 21 duplicate bundles; 21 successful validations reused
[INFO] Testing deferred arbitrary-key and original-schema robustness cases
[INFO] Compiler input baseline: 97 statically named fields
[INFO] Render hashes (run-local): 42 observed, 15 unique, 27 duplicate bundles; 27 successful validations reused
[INFO] .: failed; 0 charts remain
