[INFO] Chart 1/1: .
[INFO] Finite filtering unavailable: permutations need closed objects at (); set additionalProperties: false; prioritizing known inputs before robustness sampling
[INFO] Coalescing path $.affinity
[INFO] Coalescing path $["annotations.prometheus.io/scrape"]
[INFO] Coalescing path $.config
[INFO] Coalescing path $.extraVolumeMounts
[INFO] Coalescing path $.extraVolumes
[INFO] Coalescing path $.nodeSelector
[INFO] Coalescing path $.replicaCount
[INFO] Coalescing path $.resources
[INFO] Coalescing path $.tolerations
[INFO] Coalescing path $.config.defaultUptimeSLO
[INFO] Coalescing path $.config.outageCheckPeriodInDays
[INFO] Coalescing path $.config.parserTags
[INFO] Coalescing path $.config.tagExtraLabels
[INFO] Coalescing path $.config.tagFormat
[INFO] Coalescing path $.config.tags
[INFO] Coalescing path $.existingSecret.name
[INFO] Coalescing path $.image.pullPolicy
[INFO] Coalescing path $.image.repository
[INFO] Coalescing path $.image.tag
[INFO] Coalescing path $.pingdom.apiToken
[INFO] Coalescing path $.pingdom.wait
[INFO] Coalescing path $.pod.annotations
[INFO] Coalescing path $.secret.annotations
[INFO] Coalescing path $.service.annotations
[INFO] Coalescing path $.service.enabled
[INFO] Coalescing path $.service.port
[INFO] Coalescing path $.service.type
[INFO] Coalescing path $.serviceAccount.annotations
[INFO] Coalescing path $.serviceAccount.create
[INFO] Testing known inputs first; arbitrary extra-key cases are deferred
[INFO] Compiler input baseline: 28 statically named fields
[INFO] Render hashes (run-local): 63 observed, 23 unique, 40 duplicate bundles; 36 successful validations reused
[INFO] Testing deferred arbitrary-key and original-schema robustness cases
[INFO] Compiler input baseline: 28 statically named fields
[INFO] Render hashes (run-local): 101 observed, 1 unique, 100 duplicate bundles; 100 successful validations reused
[INFO] .: failed; 0 charts remain
