[INFO] Chart 1/1: .
[INFO] Finite filtering unavailable: permutations need closed objects at (); set additionalProperties: false; prioritizing known inputs before robustness sampling
[INFO] Coalescing path $.affinity
[INFO] Coalescing path $.automountServiceAccountToken
[INFO] Coalescing path $.config
[INFO] Coalescing path $.configExistingSecretName
[INFO] Coalescing path $.configPath
[INFO] Coalescing path $.containerPort
[INFO] Coalescing path $.dnsConfig
[INFO] Coalescing path $.dnsPolicy
[INFO] Coalescing path $.extraArgs
[INFO] Coalescing path $.extraConfigmapMounts
[INFO] Coalescing path $.extraContainers
[INFO] Coalescing path $.extraEnv
[INFO] Coalescing path $.extraInitContainers
[INFO] Coalescing path $.extraSecretMounts
[INFO] Coalescing path $.extraVolumeMounts
[INFO] Coalescing path $.extraVolumes
[INFO] Coalescing path $.hostAliases
[INFO] Coalescing path $.hostNetwork
[INFO] Coalescing path $.kind
[INFO] Coalescing path $.livenessProbe
[INFO] Coalescing path $.nodeSelector
[INFO] Coalescing path $.pinglistConfig
[INFO] Coalescing path $.podAnnotations
[INFO] Coalescing path $.podDisruptionBudget
[INFO] Coalescing path $.podSecurityContext
[INFO] Coalescing path $.priorityClassName
[INFO] Coalescing path $.readinessProbe
[INFO] Coalescing path $.replicas
[INFO] Coalescing path $.resources
[INFO] Coalescing path $.restartPolicy
[INFO] Coalescing path $.route
[INFO] Coalescing path $.secretConfig
[INFO] Coalescing path $.securityContext
[INFO] Coalescing path $.strategy
[INFO] Coalescing path $.tolerations
[INFO] Coalescing path $.extraEnv[*]
[INFO] Coalescing path $.image.pullPolicy
[INFO] Coalescing path $.image.pullSecrets
[INFO] Coalescing path $.image.repository
[INFO] Coalescing path $.image.tag
[INFO] Coalescing path $.ingress.annotations
[INFO] Coalescing path $.ingress.className
[INFO] Coalescing path $.ingress.enabled
[INFO] Coalescing path $.ingress.hosts
[INFO] Coalescing path $.ingress.labels
[INFO] Coalescing path $.ingress.tls
[INFO] Coalescing path $.networkPolicy.allowMonitoringNamespace
[INFO] Coalescing path $.networkPolicy.enabled
[INFO] Coalescing path $.pod.labels
[INFO] Coalescing path $.prometheusRule.additionalLabels
[INFO] Coalescing path $.prometheusRule.enabled
[INFO] Coalescing path $.prometheusRule.namespace
[INFO] Coalescing path $.prometheusRule.rules
[INFO] Coalescing path $.service.annotations
[INFO] Coalescing path $.service.externalIPs
[INFO] Coalescing path $.service.externalTrafficPolicy
[INFO] Coalescing path $.service.ipFamilies
[INFO] Coalescing path $.service.ipFamilyPolicy
[INFO] Coalescing path $.service.labels
[INFO] Coalescing path $.service.port
[INFO] Coalescing path $.service.type
[INFO] Coalescing path $.serviceAccount.annotations
[INFO] Coalescing path $.serviceAccount.create
[INFO] Coalescing path $.serviceMonitor.bearerTokenFile
[INFO] Coalescing path $.serviceMonitor.enabled
[INFO] Coalescing path $.serviceMonitor.scheme
[INFO] Coalescing path $.serviceMonitor.targets
[INFO] Coalescing path $.serviceMonitor.tlsConfig
[INFO] Coalescing path $.extraConfigmapMounts[*].configMap
[INFO] Coalescing path $.extraConfigmapMounts[*].defaultMode
[INFO] Coalescing path $.extraConfigmapMounts[*].mountPath
[INFO] Coalescing path $.extraConfigmapMounts[*].name
[INFO] Coalescing path $.extraConfigmapMounts[*].readOnly
[INFO] Coalescing path $.extraConfigmapMounts[*].subPath
[INFO] Coalescing path $.extraSecretMounts[*].defaultMode
[INFO] Coalescing path $.extraSecretMounts[*].mountPath
[INFO] Coalescing path $.extraSecretMounts[*].name
[INFO] Coalescing path $.extraSecretMounts[*].readOnly
[INFO] Coalescing path $.extraSecretMounts[*].secretName
[INFO] Coalescing path $.extraSecretMounts[*].subPath
[INFO] Coalescing path $.hostAliases[*].hostNames
[INFO] Coalescing path $.hostAliases[*].ip
[INFO] Coalescing path $.image.pullSecrets[*]
[INFO] Coalescing path $.route[*].additionalRules
[INFO] Coalescing path $.route[*].annotations
[INFO] Coalescing path $.route[*].apiVersion
[INFO] Coalescing path $.route[*].enabled
[INFO] Coalescing path $.route[*].filters
[INFO] Coalescing path $.route[*].hostnames
[INFO] Coalescing path $.route[*].httpsRedirect
[INFO] Coalescing path $.route[*].kind
[INFO] Coalescing path $.route[*].labels
[INFO] Coalescing path $.route[*].matches
[INFO] Coalescing path $.route[*].name
[INFO] Coalescing path $.route[*].parentRefs
[INFO] Coalescing path $.serviceMonitor.defaults.additionalMetricsRelabels
[INFO] Coalescing path $.serviceMonitor.defaults.additionalRelabeling
[INFO] Coalescing path $.serviceMonitor.defaults.interval
[INFO] Coalescing path $.serviceMonitor.defaults.labels
[INFO] Coalescing path $.serviceMonitor.defaults.module
[INFO] Coalescing path $.serviceMonitor.defaults.scrapeTimeout
[INFO] Coalescing path $.serviceMonitor.selfMonitor.additionalRelabeling
[INFO] Coalescing path $.serviceMonitor.selfMonitor.enabled
[INFO] Coalescing path $.serviceMonitor.selfMonitor.interval
[INFO] Coalescing path $.serviceMonitor.selfMonitor.labels
[INFO] Coalescing path $.serviceMonitor.selfMonitor.scrapeTimeout
[INFO] Coalescing path $.hostAliases[*].hostNames[*]
[INFO] Coalescing path $.ingress.hosts[*].host
[INFO] Coalescing path $.ingress.hosts[*].paths
[INFO] Coalescing path $.ingress.tls[*].hosts
[INFO] Coalescing path $.ingress.tls[*].secretName
[INFO] Coalescing path $.serviceMonitor.targets[*].additionalMetricsRelabels
[INFO] Coalescing path $.serviceMonitor.targets[*].additionalRelabeling
[INFO] Coalescing path $.serviceMonitor.targets[*].interval
[INFO] Coalescing path $.serviceMonitor.targets[*].labels
[INFO] Coalescing path $.serviceMonitor.targets[*].module
[INFO] Coalescing path $.serviceMonitor.targets[*].name
[INFO] Coalescing path $.serviceMonitor.targets[*].scrapeTimeout
[INFO] Coalescing path $.serviceMonitor.targets[*].url
[INFO] Coalescing path $.ingress.tls[*].hosts[*]
[INFO] Coalescing path $.ingress.hosts[*].paths[*].path
[INFO] Coalescing path $.ingress.hosts[*].paths[*].pathType
[INFO] Testing known inputs first; arbitrary extra-key cases are deferred
[INFO] Compiler input baseline: 78 statically named fields
[INFO] Render hashes (run-local): 59 observed, 30 unique, 29 duplicate bundles; 29 successful validations reused
[INFO] Testing deferred arbitrary-key and original-schema robustness cases
[INFO] Compiler input baseline: 78 statically named fields
[INFO] Render hashes (run-local): 101 observed, 1 unique, 100 duplicate bundles; 100 successful validations reused
[INFO] .: failed; 0 charts remain
