[INFO] Chart 1/1: .
[INFO] Finite filtering unavailable: permutations need closed objects at (); set additionalProperties: false; prioritizing known inputs before robustness sampling
[INFO] Coalescing path $.automountServiceAccountToken
[INFO] Coalescing path $.deploymentAnnotations
[INFO] Coalescing path $.extraManifests
[INFO] Coalescing path $.networkPolicy
[INFO] Coalescing path $.persistentVolumeLabels
[INFO] Coalescing path $.podAnnotations
[INFO] Coalescing path $.podDisruptionBudget
[INFO] Coalescing path $.replicaCount
[INFO] Coalescing path $.route
[INFO] Coalescing path $.runAsStatefulSet
[INFO] Coalescing path $.serviceAccountLabels
[INFO] Coalescing path $.serviceAnnotations
[INFO] Coalescing path $.serviceLabels
[INFO] Coalescing path $.strategy
[INFO] Coalescing path $.webConfiguration
[INFO] Coalescing path $.extraManifests[*]
[INFO] Coalescing path $.ingress.annotations
[INFO] Coalescing path $.ingress.className
[INFO] Coalescing path $.ingress.enabled
[INFO] Coalescing path $.ingress.extraPaths
[INFO] Coalescing path $.ingress.hosts
[INFO] Coalescing path $.ingress.path
[INFO] Coalescing path $.ingress.pathType
[INFO] Coalescing path $.ingress.tls
[INFO] Coalescing path $.networkPolicy.customSelectors
[INFO] Coalescing path $.persistentVolume.accessModes
[INFO] Coalescing path $.persistentVolume.annotations
[INFO] Coalescing path $.persistentVolume.enabled
[INFO] Coalescing path $.persistentVolume.existingClaim
[INFO] Coalescing path $.persistentVolume.size
[INFO] Coalescing path $.persistentVolume.storageClass
[INFO] Coalescing path $.service.clusterIP
[INFO] Coalescing path $.service.loadBalancerIP
[INFO] Coalescing path $.service.loadBalancerSourceRanges
[INFO] Coalescing path $.service.nodePort
[INFO] Coalescing path $.service.port
[INFO] Coalescing path $.service.portName
[INFO] Coalescing path $.service.targetPort
[INFO] Coalescing path $.service.type
[INFO] Coalescing path $.serviceAccount.annotations
[INFO] Coalescing path $.serviceAccount.create
[INFO] Coalescing path $.serviceMonitor.additionalLabels
[INFO] Coalescing path $.serviceMonitor.basicAuth
[INFO] Coalescing path $.serviceMonitor.bearerTokenFile
[INFO] Coalescing path $.serviceMonitor.enabled
[INFO] Coalescing path $.serviceMonitor.honorLabels
[INFO] Coalescing path $.serviceMonitor.interval
[INFO] Coalescing path $.serviceMonitor.metricRelabelings
[INFO] Coalescing path $.serviceMonitor.namespace
[INFO] Coalescing path $.serviceMonitor.relabelings
[INFO] Coalescing path $.serviceMonitor.scheme
[INFO] Coalescing path $.serviceMonitor.scrapeTimeout
[INFO] Coalescing path $.serviceMonitor.telemetryPath
[INFO] Coalescing path $.serviceMonitor.tlsConfig
[INFO] Coalescing path $.webConfiguration.basicAuthUsers
[INFO] Coalescing path $.ingress.hosts[*]
[INFO] Coalescing path $.route[*].additionalRules
[INFO] Coalescing path $.route[*].annotations
[INFO] Coalescing path $.route[*].apiVersion
[INFO] Coalescing path $.route[*].enabled
[INFO] Coalescing path $.route[*].filters
[INFO] Coalescing path $.route[*].hostnames
[INFO] Coalescing path $.route[*].httpsRedirect
[INFO] Coalescing path $.route[*].kind
[INFO] Coalescing path $.route[*].labels
[INFO] Coalescing path $.route[*].matches
[INFO] Coalescing path $.route[*].parentRefs
[INFO] Coalescing path $.service.ipDualStack.enabled
[INFO] Coalescing path $.service.ipDualStack.ipFamilies
[INFO] Coalescing path $.service.ipDualStack.ipFamilyPolicy
[INFO] Coalescing path $.service.loadBalancerSourceRanges[*]
[INFO] Testing known inputs first; arbitrary extra-key cases are deferred
[INFO] Compiler input baseline: 55 statically named fields
[INFO] Render hashes (run-local): 67 observed, 31 unique, 36 duplicate bundles; 36 successful validations reused
[INFO] Testing deferred arbitrary-key and original-schema robustness cases
[INFO] Compiler input baseline: 55 statically named fields
[INFO] Render hashes (run-local): 101 observed, 1 unique, 100 duplicate bundles; 100 successful validations reused
[INFO] .: failed; 0 charts remain
