[INFO] Chart 1/1: .
[INFO] Finite filtering unavailable: permutations need closed objects at (); set additionalProperties: false; prioritizing known inputs before robustness sampling
[INFO] Coalescing path $.additionalAnnotations
[INFO] Coalescing path $.additionalLabels
[INFO] Coalescing path $.affinity
[INFO] Coalescing path $.annotations
[INFO] Coalescing path $.env
[INFO] Coalescing path $.loglevel
[INFO] Coalescing path $.nodeSelector
[INFO] Coalescing path $.podLabels
[INFO] Coalescing path $.priorityClassName
[INFO] Coalescing path $.replicaCount
[INFO] Coalescing path $.resources
[INFO] Coalescing path $.tolerations
[INFO] Coalescing path $.image.pullPolicy
[INFO] Coalescing path $.image.pullSecrets
[INFO] Coalescing path $.image.repository
[INFO] Coalescing path $.image.tag
[INFO] Coalescing path $.rabbitmq.capabilities
[INFO] Coalescing path $.rabbitmq.configMapOverrideReference
[INFO] Coalescing path $.rabbitmq.connection
[INFO] Coalescing path $.rabbitmq.excludeMetrics
[INFO] Coalescing path $.rabbitmq.existingPasswordSecret
[INFO] Coalescing path $.rabbitmq.existingPasswordSecretKey
[INFO] Coalescing path $.rabbitmq.existingUserSecret
[INFO] Coalescing path $.rabbitmq.existingUserSecretKey
[INFO] Coalescing path $.rabbitmq.exporters
[INFO] Coalescing path $.rabbitmq.include_queues
[INFO] Coalescing path $.rabbitmq.include_vhost
[INFO] Coalescing path $.rabbitmq.max_queues
[INFO] Coalescing path $.rabbitmq.output_format
[INFO] Coalescing path $.rabbitmq.password
[INFO] Coalescing path $.rabbitmq.skip_queues
[INFO] Coalescing path $.rabbitmq.skip_verify
[INFO] Coalescing path $.rabbitmq.skip_vhost
[INFO] Coalescing path $.rabbitmq.timeout
[INFO] Coalescing path $.rabbitmq.url
[INFO] Coalescing path $.rabbitmq.user
[INFO] Coalescing path $.service.externalPort
[INFO] Coalescing path $.service.internalPort
[INFO] Coalescing path $.service.labels
[INFO] Coalescing path $.service.type
[INFO] Coalescing path $.serviceAccount.annotations
[INFO] Coalescing path $.serviceAccount.create
[INFO] Coalescing path $.image.pullSecrets[*]
[INFO] Coalescing path $.prometheus.monitor.additionalLabels
[INFO] Coalescing path $.prometheus.monitor.enabled
[INFO] Coalescing path $.prometheus.monitor.interval
[INFO] Coalescing path $.prometheus.monitor.metricRelabelings
[INFO] Coalescing path $.prometheus.monitor.namespace
[INFO] Coalescing path $.prometheus.monitor.relabelings
[INFO] Coalescing path $.prometheus.monitor.targetLabels
[INFO] Coalescing path $.prometheus.rules.additionalLabels
[INFO] Coalescing path $.prometheus.rules.additionalRules
[INFO] Coalescing path $.prometheus.rules.enabled
[INFO] Coalescing path $.prometheus.rules.namespace
[INFO] Coalescing path $.prometheus.monitor.namespace[*]
[INFO] Testing known inputs first; arbitrary extra-key cases are deferred
[INFO] Compiler input baseline: 53 statically named fields
[INFO] Render hashes (run-local): 98 observed, 23 unique, 75 duplicate bundles; 75 successful validations reused
[INFO] Testing deferred arbitrary-key and original-schema robustness cases
[INFO] Compiler input baseline: 53 statically named fields
[INFO] Render hashes (run-local): 101 observed, 1 unique, 100 duplicate bundles; 100 successful validations reused
[INFO] .: failed; 0 charts remain
