[INFO] Chart 1/1: .
[INFO] Finite filtering unavailable: permutations need closed objects at (); set additionalProperties: false; prioritizing known inputs before robustness sampling
[INFO] Coalescing path $.affinity
[INFO] Coalescing path $.annotations
[INFO] Coalescing path $.command
[INFO] Coalescing path $.env
[INFO] Coalescing path $.extraArgs
[INFO] Coalescing path $.extraManifests
[INFO] Coalescing path $.labels
[INFO] Coalescing path $.nodeSelector
[INFO] Coalescing path $.podSecurityContext
[INFO] Coalescing path $.priorityClassName
[INFO] Coalescing path $.redisAddress
[INFO] Coalescing path $.replicaCount
[INFO] Coalescing path $.resources
[INFO] Coalescing path $.script
[INFO] Coalescing path $.securityContext
[INFO] Coalescing path $.tolerations
[INFO] Coalescing path $.auth.enabled
[INFO] Coalescing path $.extraArgs[*]
[INFO] Coalescing path $.extraManifests[*]
[INFO] Coalescing path $.image.pullPolicy
[INFO] Coalescing path $.image.pullSecrets
[INFO] Coalescing path $.image.repository
[INFO] Coalescing path $.image.tag
[INFO] Coalescing path $.networkPolicy.enabled
[INFO] Coalescing path $.networkPolicy.ingressFrom
[INFO] Coalescing path $.prometheusRule.additionalLabels
[INFO] Coalescing path $.prometheusRule.enabled
[INFO] Coalescing path $.prometheusRule.namespace
[INFO] Coalescing path $.prometheusRule.rules
[INFO] Coalescing path $.rbac.create
[INFO] Coalescing path $.rbac.pspEnabled
[INFO] Coalescing path $.redisAddressConfig.enabled
[INFO] Coalescing path $.redisAddressConfig.isSecret
[INFO] Coalescing path $.redisTlsConfig.enabled
[INFO] Coalescing path $.redisTlsConfig.mountPath
[INFO] Coalescing path $.redisTlsConfig.skipTlsVerification
[INFO] Coalescing path $.script.configmap
[INFO] Coalescing path $.script.keyname
[INFO] Coalescing path $.service.annotations
[INFO] Coalescing path $.service.labels
[INFO] Coalescing path $.service.port
[INFO] Coalescing path $.service.portName
[INFO] Coalescing path $.service.type
[INFO] Coalescing path $.serviceAccount.create
[INFO] Coalescing path $.serviceMonitor.additionalLabels
[INFO] Coalescing path $.serviceMonitor.additionalMetricsRelabels
[INFO] Coalescing path $.serviceMonitor.additionalRelabeling
[INFO] Coalescing path $.serviceMonitor.apiVersion
[INFO] Coalescing path $.serviceMonitor.bearerTokenFile
[INFO] Coalescing path $.serviceMonitor.enabled
[INFO] Coalescing path $.serviceMonitor.interval
[INFO] Coalescing path $.serviceMonitor.labels
[INFO] Coalescing path $.serviceMonitor.metricRelabelings
[INFO] Coalescing path $.serviceMonitor.multipleTarget
[INFO] Coalescing path $.serviceMonitor.namespace
[INFO] Coalescing path $.serviceMonitor.relabelings
[INFO] Coalescing path $.serviceMonitor.scheme
[INFO] Coalescing path $.serviceMonitor.scrapeTimeout
[INFO] Coalescing path $.serviceMonitor.targetLabels
[INFO] Coalescing path $.serviceMonitor.targets
[INFO] Coalescing path $.serviceMonitor.telemetryPath
[INFO] Coalescing path $.serviceMonitor.timeout
[INFO] Coalescing path $.serviceMonitor.tlsConfig
[INFO] Coalescing path $.auth.redisPasswordFile.mountPath
[INFO] Coalescing path $.image.pullSecrets[*]
[INFO] Coalescing path $.redisAddressConfig.source.key
[INFO] Coalescing path $.redisAddressConfig.source.name
[INFO] Coalescing path $.serviceMonitor.targetLabels[*]
[INFO] Coalescing path $.auth.redisPasswordFile.secret.key
[INFO] Coalescing path $.auth.redisPasswordFile.secret.name
[INFO] Coalescing path $.redisTlsConfig.caCertFile.secret.key
[INFO] Coalescing path $.redisTlsConfig.caCertFile.secret.name
[INFO] Coalescing path $.redisTlsConfig.clientCertFile.secret.key
[INFO] Coalescing path $.redisTlsConfig.clientCertFile.secret.name
[INFO] Coalescing path $.redisTlsConfig.clientKeyFile.secret.key
[INFO] Coalescing path $.redisTlsConfig.clientKeyFile.secret.name
[INFO] Coalescing path $.redisTlsConfig.serverCertFile.secret.key
[INFO] Coalescing path $.redisTlsConfig.serverCertFile.secret.name
[INFO] Coalescing path $.redisTlsConfig.serverKeyFile.secret.key
[INFO] Coalescing path $.redisTlsConfig.serverKeyFile.secret.name
[INFO] Coalescing path $.serviceMonitor.targets[*].additionalMetricsRelabels
[INFO] Coalescing path $.serviceMonitor.targets[*].additionalRelabeling
[INFO] Coalescing path $.serviceMonitor.targets[*].interval
[INFO] Coalescing path $.serviceMonitor.targets[*].name
[INFO] Coalescing path $.serviceMonitor.targets[*].scrapeTimeout
[INFO] Coalescing path $.serviceMonitor.targets[*].url
[INFO] Testing known inputs first; arbitrary extra-key cases are deferred
[INFO] Compiler input baseline: 75 statically named fields
[INFO] Render hashes (run-local): 71 observed, 22 unique, 49 duplicate bundles; 49 successful validations reused
[INFO] Testing deferred arbitrary-key and original-schema robustness cases
[INFO] Compiler input baseline: 75 statically named fields
[INFO] Render hashes (run-local): 101 observed, 1 unique, 100 duplicate bundles; 100 successful validations reused
[INFO] .: failed; 0 charts remain
