[INFO] Chart 1/1: .
[INFO] Finite filtering unavailable: permutations need closed objects at (); set additionalProperties: false; prioritizing known inputs before robustness sampling
[INFO] Coalescing path $.affinity
[INFO] Coalescing path $.annotations
[INFO] Coalescing path $.config
[INFO] Coalescing path $.extraArgs
[INFO] Coalescing path $.extraInstances
[INFO] Coalescing path $.hostNetwork
[INFO] Coalescing path $.nodeSelector
[INFO] Coalescing path $.podAnnotations
[INFO] Coalescing path $.podLabels
[INFO] Coalescing path $.priorityClassName
[INFO] Coalescing path $.prometheusRules
[INFO] Coalescing path $.resources
[INFO] Coalescing path $.serviceMonitor
[INFO] Coalescing path $.tolerations
[INFO] Coalescing path $.updateStrategy
[INFO] Coalescing path $.common.config
[INFO] Coalescing path $.image.pullPolicy
[INFO] Coalescing path $.image.pullSecrets
[INFO] Coalescing path $.image.repository
[INFO] Coalescing path $.image.tag
[INFO] Coalescing path $.prometheusRules.enabled
[INFO] Coalescing path $.prometheusRules.extraLabels
[INFO] Coalescing path $.prometheusRules.namespace
[INFO] Coalescing path $.prometheusRules.rules
[INFO] Coalescing path $.rbac.create
[INFO] Coalescing path $.rbac.podSecurityPolicy
[INFO] Coalescing path $.service.port
[INFO] Coalescing path $.service.type
[INFO] Coalescing path $.serviceAccount.annotations
[INFO] Coalescing path $.serviceAccount.create
[INFO] Coalescing path $.serviceMonitor.attachMetadata
[INFO] Coalescing path $.serviceMonitor.enabled
[INFO] Coalescing path $.serviceMonitor.extraLabels
[INFO] Coalescing path $.serviceMonitor.interval
[INFO] Coalescing path $.serviceMonitor.metricRelabelings
[INFO] Coalescing path $.serviceMonitor.namespace
[INFO] Coalescing path $.serviceMonitor.relabelings
[INFO] Coalescing path $.serviceMonitor.scrapeTimeout
[INFO] Coalescing path $.image.pullSecrets[*]
[INFO] Coalescing path $.service.ipDualStack.enabled
[INFO] Coalescing path $.service.ipDualStack.ipFamilies
[INFO] Coalescing path $.service.ipDualStack.ipFamilyPolicy
[INFO] Coalescing path $.prometheusRules.rules[*].alert
[INFO] Coalescing path $.prometheusRules.rules[*].annotations
[INFO] Coalescing path $.prometheusRules.rules[*].enabled
[INFO] Coalescing path $.prometheusRules.rules[*].expr
[INFO] Coalescing path $.prometheusRules.rules[*].for
[INFO] Coalescing path $.prometheusRules.rules[*].keep_firing_for
[INFO] Coalescing path $.prometheusRules.rules[*].labels
[INFO] Testing known inputs first; arbitrary extra-key cases are deferred
[INFO] Compiler input baseline: 39 statically named fields
[INFO] Render hashes (run-local): 8 observed, 2 unique, 6 duplicate bundles; 6 successful validations reused
[INFO] Testing deferred arbitrary-key and original-schema robustness cases
[INFO] Compiler input baseline: 39 statically named fields
[INFO] Render hashes (run-local): 101 observed, 1 unique, 100 duplicate bundles; 100 successful validations reused
[INFO] .: failed; 0 charts remain
