[INFO] Chart 1/1: .
[INFO] Finite filtering unavailable: permutations need closed objects at (); set additionalProperties: false; prioritizing known inputs before robustness sampling
[INFO] Coalescing path $.affinity
[INFO] Coalescing path $.config
[INFO] Coalescing path $.containerSecurityContext
[INFO] Coalescing path $.envFrom
[INFO] Coalescing path $.extraArgs
[INFO] Coalescing path $.extraConfigmapMounts
[INFO] Coalescing path $.extraInitContainers
[INFO] Coalescing path $.extraManifests
[INFO] Coalescing path $.extraSecretMounts
[INFO] Coalescing path $.extraVolumeMounts
[INFO] Coalescing path $.extraVolumes
[INFO] Coalescing path $.imagePullSecrets
[INFO] Coalescing path $.kind
[INFO] Coalescing path $.livenessProbe
[INFO] Coalescing path $.nodeSelector
[INFO] Coalescing path $.podAnnotations
[INFO] Coalescing path $.podLabels
[INFO] Coalescing path $.priorityClassName
[INFO] Coalescing path $.readinessProbe
[INFO] Coalescing path $.replicas
[INFO] Coalescing path $.resources
[INFO] Coalescing path $.restartPolicy
[INFO] Coalescing path $.revisionHistoryLimit
[INFO] Coalescing path $.route
[INFO] Coalescing path $.securityContext
[INFO] Coalescing path $.strategy
[INFO] Coalescing path $.tolerations
[INFO] Coalescing path $.topologySpreadConstraints
[INFO] Coalescing path $.configmapReload.containerSecurityContext
[INFO] Coalescing path $.configmapReload.enabled
[INFO] Coalescing path $.configmapReload.extraArgs
[INFO] Coalescing path $.configmapReload.extraVolumeMounts
[INFO] Coalescing path $.configmapReload.resources
[INFO] Coalescing path $.extraManifests[*]
[INFO] Coalescing path $.image.pullPolicy
[INFO] Coalescing path $.image.repository
[INFO] Coalescing path $.image.tag
[INFO] Coalescing path $.ingress.annotations
[INFO] Coalescing path $.ingress.className
[INFO] Coalescing path $.ingress.enabled
[INFO] Coalescing path $.ingress.hosts
[INFO] Coalescing path $.ingress.pathType
[INFO] Coalescing path $.ingress.tls
[INFO] Coalescing path $.rbac.create
[INFO] Coalescing path $.service.annotations
[INFO] Coalescing path $.service.externalIPs
[INFO] Coalescing path $.service.labels
[INFO] Coalescing path $.service.port
[INFO] Coalescing path $.service.type
[INFO] Coalescing path $.serviceAccount.create
[INFO] Coalescing path $.serviceMonitor.additionalMetricsRelabelConfigs
[INFO] Coalescing path $.serviceMonitor.additionalMetricsRelabels
[INFO] Coalescing path $.serviceMonitor.auth
[INFO] Coalescing path $.serviceMonitor.enabled
[INFO] Coalescing path $.serviceMonitor.honorLabels
[INFO] Coalescing path $.serviceMonitor.interval
[INFO] Coalescing path $.serviceMonitor.module
[INFO] Coalescing path $.serviceMonitor.namespace
[INFO] Coalescing path $.serviceMonitor.params
[INFO] Coalescing path $.serviceMonitor.path
[INFO] Coalescing path $.serviceMonitor.relabelings
[INFO] Coalescing path $.serviceMonitor.scrapeTimeout
[INFO] Coalescing path $.serviceMonitor.selector
[INFO] Coalescing path $.configmapReload.image.pullPolicy
[INFO] Coalescing path $.configmapReload.image.repository
[INFO] Coalescing path $.configmapReload.image.tag
[INFO] Coalescing path $.extraConfigmapMounts[*].configMap
[INFO] Coalescing path $.extraConfigmapMounts[*].defaultMode
[INFO] Coalescing path $.extraConfigmapMounts[*].mountPath
[INFO] Coalescing path $.extraConfigmapMounts[*].name
[INFO] Coalescing path $.extraConfigmapMounts[*].readOnly
[INFO] Coalescing path $.extraConfigmapMounts[*].subPath
[INFO] Coalescing path $.extraSecretMounts[*].defaultMode
[INFO] Coalescing path $.extraSecretMounts[*].mountPath
[INFO] Coalescing path $.extraSecretMounts[*].name
[INFO] Coalescing path $.extraSecretMounts[*].readOnly
[INFO] Coalescing path $.extraSecretMounts[*].secretName
[INFO] Coalescing path $.extraSecretMounts[*].subPath
[INFO] Coalescing path $.ingress.hosts[*]
[INFO] Coalescing path $.route[*].additionalRules
[INFO] Coalescing path $.route[*].annotations
[INFO] Coalescing path $.route[*].apiVersion
[INFO] Coalescing path $.route[*].enabled
[INFO] Coalescing path $.route[*].filters
[INFO] Coalescing path $.route[*].hostnames
[INFO] Coalescing path $.route[*].httpsRedirect
[INFO] Coalescing path $.route[*].kind
[INFO] Coalescing path $.route[*].labels
[INFO] Coalescing path $.route[*].matches
[INFO] Coalescing path $.route[*].name
[INFO] Coalescing path $.route[*].parentRefs
[INFO] Coalescing path $.service.ipDualStack.enabled
[INFO] Coalescing path $.service.ipDualStack.ipFamilies
[INFO] Coalescing path $.service.ipDualStack.ipFamilyPolicy
[INFO] Coalescing path $.serviceMonitor.selfMonitor.additionalMetricsRelabels
[INFO] Coalescing path $.serviceMonitor.selfMonitor.additionalRelabeling
[INFO] Coalescing path $.serviceMonitor.selfMonitor.enabled
[INFO] Coalescing path $.serviceMonitor.selfMonitor.interval
[INFO] Coalescing path $.serviceMonitor.selfMonitor.labels
[INFO] Coalescing path $.serviceMonitor.selfMonitor.path
[INFO] Coalescing path $.serviceMonitor.selfMonitor.port
[INFO] Coalescing path $.serviceMonitor.selfMonitor.scheme
[INFO] Coalescing path $.serviceMonitor.selfMonitor.scrapeTimeout
[INFO] Coalescing path $.serviceMonitor.selfMonitor.tlsConfig
[INFO] Coalescing path $.serviceMonitor.params[*].additionalMetricsRelabelConfigs
[INFO] Coalescing path $.serviceMonitor.params[*].additionalMetricsRelabels
[INFO] Coalescing path $.serviceMonitor.params[*].auth
[INFO] Coalescing path $.serviceMonitor.params[*].interval
[INFO] Coalescing path $.serviceMonitor.params[*].labels
[INFO] Coalescing path $.serviceMonitor.params[*].module
[INFO] Coalescing path $.serviceMonitor.params[*].name
[INFO] Coalescing path $.serviceMonitor.params[*].relabelings
[INFO] Coalescing path $.serviceMonitor.params[*].scrapeTimeout
[INFO] Coalescing path $.serviceMonitor.params[*].target
[INFO] Testing known inputs first; arbitrary extra-key cases are deferred
[INFO] Compiler input baseline: 78 statically named fields
[INFO] Render hashes (run-local): 63 observed, 38 unique, 25 duplicate bundles; 25 successful validations reused
[INFO] Testing deferred arbitrary-key and original-schema robustness cases
[INFO] Compiler input baseline: 78 statically named fields
[INFO] Render hashes (run-local): 101 observed, 1 unique, 100 duplicate bundles; 100 successful validations reused
[INFO] .: failed; 0 charts remain
