[INFO] Chart 1/2: .
[INFO] Finite filtering unavailable: permutations need closed objects at (); set additionalProperties: false; prioritizing known inputs before robustness sampling
[INFO] Testing deferred arbitrary-key and original-schema robustness cases
[INFO] Compiler input baseline: 1536 statically named fields
[INFO] Execution stopped at the 29.991s time limit; coverage is incomplete
[INFO] Render hashes (run-local): 28 observed, 28 unique, 0 duplicate bundles; 0 successful validations reused
[INFO] .: time-limit; 1 charts remain
[INFO] Chart 2/2: charts/crds
[INFO] Finite filtering unavailable: permutations need closed objects at (); set additionalProperties: false; prioritizing known inputs before robustness sampling
[INFO] Coalescing path $.global.imagePullSecrets
[INFO] Coalescing path $.global.imageRegistry
[INFO] Coalescing path $.upgradeJob.affinity
[INFO] Coalescing path $.upgradeJob.annotations
[INFO] Coalescing path $.upgradeJob.automountServiceAccountToken
[INFO] Coalescing path $.upgradeJob.containerSecurityContext
[INFO] Coalescing path $.upgradeJob.enabled
[INFO] Coalescing path $.upgradeJob.env
[INFO] Coalescing path $.upgradeJob.extraVolumeMounts
[INFO] Coalescing path $.upgradeJob.extraVolumes
[INFO] Coalescing path $.upgradeJob.forceConflicts
[INFO] Coalescing path $.upgradeJob.labels
[INFO] Coalescing path $.upgradeJob.nodeSelector
[INFO] Coalescing path $.upgradeJob.podAnnotations
[INFO] Coalescing path $.upgradeJob.podLabels
[INFO] Coalescing path $.upgradeJob.podSecurityContext
[INFO] Coalescing path $.upgradeJob.resources
[INFO] Coalescing path $.upgradeJob.tolerations
[INFO] Coalescing path $.upgradeJob.topologySpreadConstraints
[INFO] Coalescing path $.upgradeJob.env[*]
[INFO] Coalescing path $.upgradeJob.image.sha
[INFO] Coalescing path $.upgradeJob.serviceAccount.annotations
[INFO] Coalescing path $.upgradeJob.serviceAccount.automountServiceAccountToken
[INFO] Coalescing path $.upgradeJob.serviceAccount.create
[INFO] Coalescing path $.upgradeJob.serviceAccount.labels
[INFO] Coalescing path $.upgradeJob.image.busybox.pullPolicy
[INFO] Coalescing path $.upgradeJob.image.busybox.registry
[INFO] Coalescing path $.upgradeJob.image.busybox.repository
[INFO] Coalescing path $.upgradeJob.image.busybox.sha
[INFO] Coalescing path $.upgradeJob.image.busybox.tag
[INFO] Coalescing path $.upgradeJob.image.kubectl.pullPolicy
[INFO] Coalescing path $.upgradeJob.image.kubectl.registry
[INFO] Coalescing path $.upgradeJob.image.kubectl.repository
[INFO] Coalescing path $.upgradeJob.image.kubectl.sha
[INFO] Coalescing path $.upgradeJob.image.kubectl.tag
[INFO] Testing known inputs first; arbitrary extra-key cases are deferred
[INFO] Compiler input baseline: 34 statically named fields
[INFO] Render hashes (run-local): 1 observed, 1 unique, 0 duplicate bundles; 0 successful validations reused
[INFO] Testing deferred arbitrary-key and original-schema robustness cases
[INFO] Compiler input baseline: 34 statically named fields
[INFO] Render hashes (run-local): 1 observed, 1 unique, 0 duplicate bundles; 0 successful validations reused
[INFO] charts/crds: failed; 0 charts remain
