[INFO] Chart 1/1: .
[INFO] Finite filtering unavailable: permutations need closed objects at (); set additionalProperties: false; prioritizing known inputs before robustness sampling
[INFO] Coalescing path $.affinity
[INFO] Coalescing path $.annotations
[INFO] Coalescing path $.containerSecurityContext
[INFO] Coalescing path $.extraArgs
[INFO] Coalescing path $.extraContainers
[INFO] Coalescing path $.extraEnv
[INFO] Coalescing path $.extraVolumeMounts
[INFO] Coalescing path $.extraVolumes
[INFO] Coalescing path $.livenessProbe
[INFO] Coalescing path $.nodeSelector
[INFO] Coalescing path $.priorityClassName
[INFO] Coalescing path $.readinessProbe
[INFO] Coalescing path $.replicaCount
[INFO] Coalescing path $.resources
[INFO] Coalescing path $.restartPolicy
[INFO] Coalescing path $.securityContext
[INFO] Coalescing path $.tolerations
[INFO] Coalescing path $.extraArgs[*]
[INFO] Coalescing path $.image.pullPolicy
[INFO] Coalescing path $.image.pullSecrets
[INFO] Coalescing path $.image.repository
[INFO] Coalescing path $.image.tag
[INFO] Coalescing path $.prometheusRule.additionalLabels
[INFO] Coalescing path $.prometheusRule.enabled
[INFO] Coalescing path $.prometheusRule.namespace
[INFO] Coalescing path $.prometheusRule.rules
[INFO] Coalescing path $.secret.labels
[INFO] Coalescing path $.service.annotations
[INFO] Coalescing path $.service.httpPort
[INFO] Coalescing path $.service.type
[INFO] Coalescing path $.serviceAccount.annotations
[INFO] Coalescing path $.serviceAccount.create
[INFO] Coalescing path $.serviceMonitor.additionalLabels
[INFO] Coalescing path $.serviceMonitor.enabled
[INFO] Coalescing path $.serviceMonitor.honorLabels
[INFO] Coalescing path $.serviceMonitor.honorTimestamps
[INFO] Coalescing path $.serviceMonitor.interval
[INFO] Coalescing path $.serviceMonitor.metricRelabelings
[INFO] Coalescing path $.serviceMonitor.namespace
[INFO] Coalescing path $.serviceMonitor.relabelings
[INFO] Coalescing path $.serviceMonitor.scrapeClass
[INFO] Coalescing path $.serviceMonitor.scrapeTimeout
[INFO] Coalescing path $.stackdriver.backoffJitter
[INFO] Coalescing path $.stackdriver.dropDelegatedProjects
[INFO] Coalescing path $.stackdriver.httpTimeout
[INFO] Coalescing path $.stackdriver.maxBackoff
[INFO] Coalescing path $.stackdriver.maxRetries
[INFO] Coalescing path $.stackdriver.projectFilters
[INFO] Coalescing path $.stackdriver.projectId
[INFO] Coalescing path $.stackdriver.projectIds
[INFO] Coalescing path $.stackdriver.retryStatuses
[INFO] Coalescing path $.stackdriver.serviceAccountKey
[INFO] Coalescing path $.stackdriver.serviceAccountSecret
[INFO] Coalescing path $.stackdriver.serviceAccountSecretKey
[INFO] Coalescing path $.stackdriver.universeDomain
[INFO] Coalescing path $.web.listenAddress
[INFO] Coalescing path $.web.path
[INFO] Coalescing path $.web.stackdriverTelemetryPath
[INFO] Coalescing path $.web.telemetryPath
[INFO] Coalescing path $.image.pullSecrets[*]
[INFO] Coalescing path $.stackdriver.metrics.aggregateDeltas
[INFO] Coalescing path $.stackdriver.metrics.aggregateDeltasTTL
[INFO] Coalescing path $.stackdriver.metrics.descriptorCacheTTL
[INFO] Coalescing path $.stackdriver.metrics.filters
[INFO] Coalescing path $.stackdriver.metrics.ingestDelay
[INFO] Coalescing path $.stackdriver.metrics.interval
[INFO] Coalescing path $.stackdriver.metrics.offset
[INFO] Coalescing path $.stackdriver.metrics.prefixes
[INFO] Coalescing path $.stackdriver.projectIds[*]
[INFO] Coalescing path $.stackdriver.metrics.filters[*]
[INFO] Coalescing path $.stackdriver.metrics.prefixes[*]
[INFO] Testing known inputs first; arbitrary extra-key cases are deferred
[INFO] Compiler input baseline: 66 statically named fields
[INFO] Render hashes (run-local): 22 observed, 12 unique, 10 duplicate bundles; 10 successful validations reused
[INFO] Testing deferred arbitrary-key and original-schema robustness cases
[INFO] Compiler input baseline: 66 statically named fields
[INFO] Render hashes (run-local): 101 observed, 1 unique, 100 duplicate bundles; 100 successful validations reused
[INFO] .: failed; 0 charts remain
