[INFO] Chart 1/1: .
[INFO] Finite filtering unavailable: permutations need closed objects at (); set additionalProperties: false; prioritizing known inputs before robustness sampling
[INFO] Coalescing path $.affinity
[INFO] Coalescing path $.containerSecurityContext
[INFO] Coalescing path $.daemonsetAnnotations
[INFO] Coalescing path $.extraArgs
[INFO] Coalescing path $.extraInitContainers
[INFO] Coalescing path $.extraVolumeMounts
[INFO] Coalescing path $.extraVolumes
[INFO] Coalescing path $.hostNetwork
[INFO] Coalescing path $.hostPID
[INFO] Coalescing path $.imagePullSecrets
[INFO] Coalescing path $.livenessProbe
[INFO] Coalescing path $.nodeSelector
[INFO] Coalescing path $.podAnnotations
[INFO] Coalescing path $.priorityClassName
[INFO] Coalescing path $.readinessProbe
[INFO] Coalescing path $.resources
[INFO] Coalescing path $.revisionHistoryLimit
[INFO] Coalescing path $.securityContext
[INFO] Coalescing path $.tolerations
[INFO] Coalescing path $.updateStrategy
[INFO] Coalescing path $.global.imagePullSecrets
[INFO] Coalescing path $.image.pullPolicy
[INFO] Coalescing path $.service.annotations
[INFO] Coalescing path $.service.enabled
[INFO] Coalescing path $.service.nodePort
[INFO] Coalescing path $.service.port
[INFO] Coalescing path $.service.portName
[INFO] Coalescing path $.service.targetPort
[INFO] Coalescing path $.service.type
[INFO] Coalescing path $.serviceAccount.annotations
[INFO] Coalescing path $.serviceAccount.automountServiceAccountToken
[INFO] Coalescing path $.serviceAccount.create
[INFO] Coalescing path $.config.log.level
[INFO] Coalescing path $.prometheus.monitor.additionalLabels
[INFO] Coalescing path $.prometheus.monitor.enabled
[INFO] Coalescing path $.prometheus.monitor.interval
[INFO] Coalescing path $.prometheus.monitor.metricRelabelings
[INFO] Coalescing path $.prometheus.monitor.relabelings
[INFO] Coalescing path $.prometheus.monitor.scrapeTimeout
[INFO] Coalescing path $.prometheus.rules.additionalLabels
[INFO] Coalescing path $.prometheus.rules.enabled
[INFO] Coalescing path $.prometheus.rules.namespace
[INFO] Coalescing path $.prometheus.rules.rules
[INFO] Coalescing path $.config.systemd.collector.unitInclude
[INFO] Testing known inputs first; arbitrary extra-key cases are deferred
[INFO] Compiler input baseline: 44 statically named fields
[INFO] Render hashes (run-local): 53 observed, 22 unique, 31 duplicate bundles; 31 successful validations reused
[INFO] Testing deferred arbitrary-key and original-schema robustness cases
[INFO] Compiler input baseline: 44 statically named fields
[INFO] Render hashes (run-local): 101 observed, 1 unique, 100 duplicate bundles; 100 successful validations reused
[INFO] .: failed; 0 charts remain
