[INFO] Chart 1/1: .
[INFO] Finite filtering unavailable: permutations need closed objects at (); set additionalProperties: false; prioritizing known inputs before robustness sampling
[INFO] Coalescing path $.affinity
[INFO] Coalescing path $.config
[INFO] Coalescing path $.configmaps
[INFO] Coalescing path $.containerSecurityContext
[INFO] Coalescing path $.daemonsetAnnotations
[INFO] Coalescing path $.dnsConfig
[INFO] Coalescing path $.env
[INFO] Coalescing path $.extraArgs
[INFO] Coalescing path $.extraHostVolumeMounts
[INFO] Coalescing path $.extraInitContainers
[INFO] Coalescing path $.hostNetwork
[INFO] Coalescing path $.hostPID
[INFO] Coalescing path $.imagePullSecrets
[INFO] Coalescing path $.nodeSelector
[INFO] Coalescing path $.podAnnotations
[INFO] Coalescing path $.priorityClassName
[INFO] Coalescing path $.resources
[INFO] Coalescing path $.secrets
[INFO] Coalescing path $.securityContext
[INFO] Coalescing path $.sidecarHostVolumeMounts
[INFO] Coalescing path $.sidecarVolumeMount
[INFO] Coalescing path $.sidecars
[INFO] Coalescing path $.tolerations
[INFO] Coalescing path $.updateStrategy
[INFO] Coalescing path $.env[*]
[INFO] Coalescing path $.global.imagePullSecrets
[INFO] Coalescing path $.image.pullPolicy
[INFO] Coalescing path $.livenessProbe.failureThreshold
[INFO] Coalescing path $.livenessProbe.initialDelaySeconds
[INFO] Coalescing path $.livenessProbe.periodSeconds
[INFO] Coalescing path $.livenessProbe.successThreshold
[INFO] Coalescing path $.livenessProbe.timeoutSeconds
[INFO] Coalescing path $.prometheus.monitor
[INFO] Coalescing path $.prometheus.podMonitor
[INFO] Coalescing path $.rbac.create
[INFO] Coalescing path $.readinessProbe.failureThreshold
[INFO] Coalescing path $.readinessProbe.initialDelaySeconds
[INFO] Coalescing path $.readinessProbe.periodSeconds
[INFO] Coalescing path $.readinessProbe.successThreshold
[INFO] Coalescing path $.readinessProbe.timeoutSeconds
[INFO] Coalescing path $.service.annotations
[INFO] Coalescing path $.service.nodePort
[INFO] Coalescing path $.service.port
[INFO] Coalescing path $.service.portName
[INFO] Coalescing path $.service.type
[INFO] Coalescing path $.serviceAccount.annotations
[INFO] Coalescing path $.serviceAccount.automountServiceAccountToken
[INFO] Coalescing path $.serviceAccount.create
[INFO] Coalescing path $.serviceAccount.imagePullSecrets
[INFO] Coalescing path $.configmaps[*].mountPath
[INFO] Coalescing path $.configmaps[*].name
[INFO] Coalescing path $.extraHostVolumeMounts[*].hostPath
[INFO] Coalescing path $.extraHostVolumeMounts[*].mountPath
[INFO] Coalescing path $.extraHostVolumeMounts[*].name
[INFO] Coalescing path $.extraHostVolumeMounts[*].readOnly
[INFO] Coalescing path $.livenessProbe.httpGet.httpHeaders
[INFO] Coalescing path $.livenessProbe.httpGet.path
[INFO] Coalescing path $.livenessProbe.httpGet.scheme
[INFO] Coalescing path $.prometheus.monitor.additionalLabels
[INFO] Coalescing path $.prometheus.monitor.apiVersion
[INFO] Coalescing path $.prometheus.monitor.attachMetadata
[INFO] Coalescing path $.prometheus.monitor.basicAuth
[INFO] Coalescing path $.prometheus.monitor.bearerTokenFile
[INFO] Coalescing path $.prometheus.monitor.enabled
[INFO] Coalescing path $.prometheus.monitor.interval
[INFO] Coalescing path $.prometheus.monitor.jobLabel
[INFO] Coalescing path $.prometheus.monitor.metricRelabelings
[INFO] Coalescing path $.prometheus.monitor.podTargetLabels
[INFO] Coalescing path $.prometheus.monitor.proxyUrl
[INFO] Coalescing path $.prometheus.monitor.relabelings
[INFO] Coalescing path $.prometheus.monitor.scheme
[INFO] Coalescing path $.prometheus.monitor.scrapeTimeout
[INFO] Coalescing path $.prometheus.monitor.selectorOverride
[INFO] Coalescing path $.prometheus.monitor.tlsConfig
[INFO] Coalescing path $.prometheus.podMonitor.additionalLabels
[INFO] Coalescing path $.prometheus.podMonitor.apiVersion
[INFO] Coalescing path $.prometheus.podMonitor.attachMetadata
[INFO] Coalescing path $.prometheus.podMonitor.authorization
[INFO] Coalescing path $.prometheus.podMonitor.basicAuth
[INFO] Coalescing path $.prometheus.podMonitor.bearerTokenSecret
[INFO] Coalescing path $.prometheus.podMonitor.enableHttp2
[INFO] Coalescing path $.prometheus.podMonitor.enabled
[INFO] Coalescing path $.prometheus.podMonitor.filterRunning
[INFO] Coalescing path $.prometheus.podMonitor.followRedirects
[INFO] Coalescing path $.prometheus.podMonitor.honorLabels
[INFO] Coalescing path $.prometheus.podMonitor.honorTimestamps
[INFO] Coalescing path $.prometheus.podMonitor.interval
[INFO] Coalescing path $.prometheus.podMonitor.jobLabel
[INFO] Coalescing path $.prometheus.podMonitor.metricRelabelings
[INFO] Coalescing path $.prometheus.podMonitor.oauth2
[INFO] Coalescing path $.prometheus.podMonitor.params
[INFO] Coalescing path $.prometheus.podMonitor.path
[INFO] Coalescing path $.prometheus.podMonitor.podTargetLabels
[INFO] Coalescing path $.prometheus.podMonitor.proxyUrl
[INFO] Coalescing path $.prometheus.podMonitor.relabelings
[INFO] Coalescing path $.prometheus.podMonitor.scheme
[INFO] Coalescing path $.prometheus.podMonitor.scrapeTimeout
[INFO] Coalescing path $.prometheus.podMonitor.selectorOverride
[INFO] Coalescing path $.prometheus.podMonitor.tlsConfig
[INFO] Coalescing path $.readinessProbe.httpGet.httpHeaders
[INFO] Coalescing path $.readinessProbe.httpGet.path
[INFO] Coalescing path $.readinessProbe.httpGet.scheme
[INFO] Coalescing path $.secrets[*].mountPath
[INFO] Coalescing path $.secrets[*].name
[INFO] Coalescing path $.sidecarHostVolumeMounts[*].hostPath
[INFO] Coalescing path $.sidecarHostVolumeMounts[*].name
[INFO] Coalescing path $.sidecarVolumeMount[*].mountPath
[INFO] Coalescing path $.sidecarVolumeMount[*].name
[INFO] Coalescing path $.sidecars.Values.sidecarHostVolumeMounts
[INFO] Coalescing path $.sidecars.Values.sidecarVolumeMount
[INFO] Coalescing path $.livenessProbe.httpGet.httpHeaders[*].name
[INFO] Coalescing path $.livenessProbe.httpGet.httpHeaders[*].value
[INFO] Coalescing path $.readinessProbe.httpGet.httpHeaders[*].name
[INFO] Coalescing path $.readinessProbe.httpGet.httpHeaders[*].value
[INFO] Coalescing path $.sidecars.Values.sidecarHostVolumeMounts[*].mountPath
[INFO] Coalescing path $.sidecars.Values.sidecarHostVolumeMounts[*].name
[INFO] Coalescing path $.sidecars.Values.sidecarHostVolumeMounts[*].readOnly
[INFO] Coalescing path $.sidecars.Values.sidecarVolumeMount[*].mountPath
[INFO] Coalescing path $.sidecars.Values.sidecarVolumeMount[*].name
[INFO] Coalescing path $.sidecars.Values.sidecarVolumeMount[*].readOnly
[INFO] Testing known inputs first; arbitrary extra-key cases are deferred
[INFO] Compiler input baseline: 94 statically named fields
[INFO] Render hashes (run-local): 21 observed, 13 unique, 8 duplicate bundles; 8 successful validations reused
[INFO] Testing deferred arbitrary-key and original-schema robustness cases
[INFO] Compiler input baseline: 94 statically named fields
[INFO] Render hashes (run-local): 101 observed, 1 unique, 100 duplicate bundles; 100 successful validations reused
[INFO] .: failed; 0 charts remain
