[INFO] Chart 1/1: .
[INFO] Finite filtering unavailable: permutations need closed objects at (); set additionalProperties: false; prioritizing known inputs before robustness sampling
[INFO] Coalescing path $.affinity
[INFO] Coalescing path $.config
[INFO] Coalescing path $.containerPort
[INFO] Coalescing path $.extraArgs
[INFO] Coalescing path $.extraEnv
[INFO] Coalescing path $.extraEnvFrom
[INFO] Coalescing path $.extraVolumeMounts
[INFO] Coalescing path $.extraVolumes
[INFO] Coalescing path $.imagePullSecrets
[INFO] Coalescing path $.lifecycle
[INFO] Coalescing path $.nodeSelector
[INFO] Coalescing path $.podAnnotations
[INFO] Coalescing path $.podDisruptionBudget
[INFO] Coalescing path $.podLabels
[INFO] Coalescing path $.podSecurityContext
[INFO] Coalescing path $.portName
[INFO] Coalescing path $.priorityClassName
[INFO] Coalescing path $.replicaCount
[INFO] Coalescing path $.resources
[INFO] Coalescing path $.securityContext
[INFO] Coalescing path $.testConnection
[INFO] Coalescing path $.tolerations
[INFO] Coalescing path $.aws.aws_access_key_id
[INFO] Coalescing path $.aws.aws_secret_access_key
[INFO] Coalescing path $.aws.role
[INFO] Coalescing path $.configMap.enabled
[INFO] Coalescing path $.deployment.labels
[INFO] Coalescing path $.extraArgs[*]
[INFO] Coalescing path $.image.pullPolicy
[INFO] Coalescing path $.image.tag
[INFO] Coalescing path $.ingress.annotations
[INFO] Coalescing path $.ingress.className
[INFO] Coalescing path $.ingress.enabled
[INFO] Coalescing path $.ingress.hosts
[INFO] Coalescing path $.ingress.tls
[INFO] Coalescing path $.podDisruptionBudget.enabled
[INFO] Coalescing path $.prometheusRule.enabled
[INFO] Coalescing path $.prometheusRule.labels
[INFO] Coalescing path $.prometheusRule.namespace
[INFO] Coalescing path $.prometheusRule.rules
[INFO] Coalescing path $.service.annotations
[INFO] Coalescing path $.service.port
[INFO] Coalescing path $.service.type
[INFO] Coalescing path $.serviceAccount.annotations
[INFO] Coalescing path $.serviceAccount.automountServiceAccountToken
[INFO] Coalescing path $.serviceAccount.create
[INFO] Coalescing path $.serviceAccount.labels
[INFO] Coalescing path $.serviceMonitor.enabled
[INFO] Coalescing path $.serviceMonitor.honorTimestamps
[INFO] Coalescing path $.serviceMonitor.interval
[INFO] Coalescing path $.serviceMonitor.labels
[INFO] Coalescing path $.serviceMonitor.metricRelabelings
[INFO] Coalescing path $.serviceMonitor.namespace
[INFO] Coalescing path $.serviceMonitor.relabelings
[INFO] Coalescing path $.serviceMonitor.telemetryPath
[INFO] Coalescing path $.serviceMonitor.timeout
[INFO] Coalescing path $.aws.secret.includesSessionToken
[INFO] Coalescing path $.aws.secret.name
[INFO] Coalescing path $.serviceAccount.annotations[*]
[INFO] Coalescing path $.ingress.hosts[*].host
[INFO] Coalescing path $.ingress.hosts[*].paths
[INFO] Coalescing path $.ingress.tls[*].hosts
[INFO] Coalescing path $.ingress.tls[*].secretName
[INFO] Coalescing path $.ingress.tls[*].hosts[*]
[INFO] Coalescing path $.ingress.hosts[*].paths[*].path
[INFO] Coalescing path $.ingress.hosts[*].paths[*].pathType
[INFO] Testing known inputs first; arbitrary extra-key cases are deferred
[INFO] Compiler input baseline: 56 statically named fields
[INFO] Render hashes (run-local): 80 observed, 38 unique, 42 duplicate bundles; 42 successful validations reused
[INFO] Testing deferred arbitrary-key and original-schema robustness cases
[INFO] Compiler input baseline: 56 statically named fields
[INFO] Render hashes (run-local): 101 observed, 1 unique, 100 duplicate bundles; 100 successful validations reused
[INFO] .: failed; 0 charts remain
