[INFO] Chart 1/1: .
[INFO] Finite filtering unavailable: permutations need closed objects at (); set additionalProperties: false; prioritizing known inputs before robustness sampling
[INFO] Coalescing path $.affinity
[INFO] Coalescing path $.annotations
[INFO] Coalescing path $.extraManifests
[INFO] Coalescing path $.imagePullSecrets
[INFO] Coalescing path $.livenessProbe
[INFO] Coalescing path $.nodeSelector
[INFO] Coalescing path $.podAnnotations
[INFO] Coalescing path $.podDisruptionBudget
[INFO] Coalescing path $.podLabels
[INFO] Coalescing path $.podSecurityContext
[INFO] Coalescing path $.readinessProbe
[INFO] Coalescing path $.replicaCount
[INFO] Coalescing path $.resources
[INFO] Coalescing path $.route
[INFO] Coalescing path $.securityContext
[INFO] Coalescing path $.tolerations
[INFO] Coalescing path $.autoscaling.enabled
[INFO] Coalescing path $.autoscaling.maxReplicas
[INFO] Coalescing path $.autoscaling.minReplicas
[INFO] Coalescing path $.autoscaling.targetCPUUtilizationPercentage
[INFO] Coalescing path $.autoscaling.targetMemoryUtilizationPercentage
[INFO] Coalescing path $.config.extraArgs
[INFO] Coalescing path $.config.label
[INFO] Coalescing path $.config.listenAddress
[INFO] Coalescing path $.config.upstream
[INFO] Coalescing path $.image.pullPolicy
[INFO] Coalescing path $.image.repository
[INFO] Coalescing path $.image.tag
[INFO] Coalescing path $.ingress.annotations
[INFO] Coalescing path $.ingress.className
[INFO] Coalescing path $.ingress.enabled
[INFO] Coalescing path $.ingress.hosts
[INFO] Coalescing path $.ingress.labels
[INFO] Coalescing path $.ingress.tls
[INFO] Coalescing path $.kubeRBACProxy.config
[INFO] Coalescing path $.kubeRBACProxy.containerSecurityContext
[INFO] Coalescing path $.kubeRBACProxy.enabled
[INFO] Coalescing path $.kubeRBACProxy.extraArgs
[INFO] Coalescing path $.kubeRBACProxy.port
[INFO] Coalescing path $.kubeRBACProxy.resources
[INFO] Coalescing path $.kubeRBACProxy.volumeMounts
[INFO] Coalescing path $.metrics.enabled
[INFO] Coalescing path $.metrics.listenAddress
[INFO] Coalescing path $.metrics.serviceMonitor
[INFO] Coalescing path $.service.annotations
[INFO] Coalescing path $.service.nodePort
[INFO] Coalescing path $.service.port
[INFO] Coalescing path $.service.type
[INFO] Coalescing path $.serviceAccount.annotations
[INFO] Coalescing path $.serviceAccount.create
[INFO] Coalescing path $.kubeRBACProxy.image.pullPolicy
[INFO] Coalescing path $.metrics.serviceMonitor.additionalConfigs
[INFO] Coalescing path $.metrics.serviceMonitor.additionalEndpointConfigs
[INFO] Coalescing path $.metrics.serviceMonitor.additionalLabels
[INFO] Coalescing path $.metrics.serviceMonitor.attachMetadata
[INFO] Coalescing path $.metrics.serviceMonitor.enabled
[INFO] Coalescing path $.metrics.serviceMonitor.honorLabels
[INFO] Coalescing path $.metrics.serviceMonitor.honorTimestamps
[INFO] Coalescing path $.metrics.serviceMonitor.interval
[INFO] Coalescing path $.metrics.serviceMonitor.jobLabel
[INFO] Coalescing path $.metrics.serviceMonitor.labelLimit
[INFO] Coalescing path $.metrics.serviceMonitor.labelNameLengthLimit
[INFO] Coalescing path $.metrics.serviceMonitor.labelValueLengthLimit
[INFO] Coalescing path $.metrics.serviceMonitor.metricRelabelings
[INFO] Coalescing path $.metrics.serviceMonitor.podTargetLabels
[INFO] Coalescing path $.metrics.serviceMonitor.port
[INFO] Coalescing path $.metrics.serviceMonitor.relabelings
[INFO] Coalescing path $.metrics.serviceMonitor.sampleLimit
[INFO] Coalescing path $.metrics.serviceMonitor.scrapeTimeout
[INFO] Coalescing path $.metrics.serviceMonitor.targetLabels
[INFO] Coalescing path $.metrics.serviceMonitor.targetLimit
[INFO] Coalescing path $.route[*].additionalRules
[INFO] Coalescing path $.route[*].annotations
[INFO] Coalescing path $.route[*].apiVersion
[INFO] Coalescing path $.route[*].enabled
[INFO] Coalescing path $.route[*].filters
[INFO] Coalescing path $.route[*].hostnames
[INFO] Coalescing path $.route[*].httpsRedirect
[INFO] Coalescing path $.route[*].kind
[INFO] Coalescing path $.route[*].labels
[INFO] Coalescing path $.route[*].matches
[INFO] Coalescing path $.route[*].name
[INFO] Coalescing path $.route[*].parentRefs
[INFO] Coalescing path $.ingress.hosts[*].host
[INFO] Coalescing path $.ingress.hosts[*].paths
[INFO] Coalescing path $.ingress.tls[*].hosts
[INFO] Coalescing path $.ingress.tls[*].secretName
[INFO] Coalescing path $.ingress.tls[*].hosts[*]
[INFO] Coalescing path $.ingress.hosts[*].paths[*].path
[INFO] Coalescing path $.ingress.hosts[*].paths[*].pathType
[INFO] Testing known inputs first; arbitrary extra-key cases are deferred
[INFO] Compiler input baseline: 70 statically named fields
[INFO] Render hashes (run-local): 36 observed, 22 unique, 14 duplicate bundles; 14 successful validations reused
[INFO] Testing deferred arbitrary-key and original-schema robustness cases
[INFO] Compiler input baseline: 70 statically named fields
[INFO] Render hashes (run-local): 101 observed, 1 unique, 100 duplicate bundles; 100 successful validations reused
[INFO] .: failed; 0 charts remain
