[INFO] Chart 1/1: .
[INFO] Finite filtering unavailable: permutations need closed objects at (); set additionalProperties: false; prioritizing known inputs before robustness sampling
[INFO] Coalescing path $.alertRelabelConfigs
[INFO] Coalescing path $.alertmanager
[INFO] Coalescing path $.extraManifests
[INFO] Coalescing path $.extraScrapeConfigs
[INFO] Coalescing path $.imagePullSecrets
[INFO] Coalescing path $["prometheus-pushgateway"]
[INFO] Coalescing path $.ruleFiles
[INFO] Coalescing path $.scrapeConfigFiles
[INFO] Coalescing path $.scrapeConfigs
[INFO] Coalescing path $.serverFiles
[INFO] Coalescing path $.alertmanager.enabled
[INFO] Coalescing path $.alertmanager.nameOverride
[INFO] Coalescing path $.alertmanager.prefixURL
[INFO] Coalescing path $.configmapReload.env
[INFO] Coalescing path $.configmapReload.reloadUrl
[INFO] Coalescing path $.extraManifests[*]
[INFO] Coalescing path $.networkPolicy.enabled
[INFO] Coalescing path $["prometheus-pushgateway"].enabled
[INFO] Coalescing path $["prometheus-pushgateway"].ingress
[INFO] Coalescing path $["prometheus-pushgateway"].service
[INFO] Coalescing path $.rbac.create
[INFO] Coalescing path $.ruleFiles[*]
[INFO] Coalescing path $.scrapeConfigs[*]
[INFO] Coalescing path $.server.affinity
[INFO] Coalescing path $.server.alertmanagers
[INFO] Coalescing path $.server.automountServiceAccountToken
[INFO] Coalescing path $.server.command
[INFO] Coalescing path $.server.configFromSecret
[INFO] Coalescing path $.server.configMapAnnotations
[INFO] Coalescing path $.server.configMapOverrideName
[INFO] Coalescing path $.server.containerSecurityContext
[INFO] Coalescing path $.server.defaultFlagsOverride
[INFO] Coalescing path $.server.deploymentAnnotations
[INFO] Coalescing path $.server.dnsConfig
[INFO] Coalescing path $.server.dnsPolicy
[INFO] Coalescing path $.server.enableServiceLinks
[INFO] Coalescing path $.server.env
[INFO] Coalescing path $.server.exemplars
[INFO] Coalescing path $.server.extraConfigmapLabels
[INFO] Coalescing path $.server.extraConfigmapMounts
[INFO] Coalescing path $.server.extraHostPathMounts
[INFO] Coalescing path $.server.extraInitContainers
[INFO] Coalescing path $.server.extraSecretMounts
[INFO] Coalescing path $.server.extraVolumeMounts
[INFO] Coalescing path $.server.extraVolumes
[INFO] Coalescing path $.server.global
[INFO] Coalescing path $.server.hostAliases
[INFO] Coalescing path $.server.hostNetwork
[INFO] Coalescing path $.server.hostPort
[INFO] Coalescing path $.server.livenessProbeFailureThreshold
[INFO] Coalescing path $.server.livenessProbeInitialDelay
[INFO] Coalescing path $.server.livenessProbePeriodSeconds
[INFO] Coalescing path $.server.livenessProbeSuccessThreshold
[INFO] Coalescing path $.server.livenessProbeTimeout
[INFO] Coalescing path $.server.name
[INFO] Coalescing path $.server.namespaces
[INFO] Coalescing path $.server.nodeSelector
[INFO] Coalescing path $.server.otlp
[INFO] Coalescing path $.server.podAnnotations
[INFO] Coalescing path $.server.podAntiAffinity
[INFO] Coalescing path $.server.podAntiAffinityTopologyKey
[INFO] Coalescing path $.server.podDisruptionBudget
[INFO] Coalescing path $.server.podLabels
[INFO] Coalescing path $.server.portName
[INFO] Coalescing path $.server.prefixURL
[INFO] Coalescing path $.server.priorityClassName
[INFO] Coalescing path $.server.probeHeaders
[INFO] Coalescing path $.server.probeScheme
[INFO] Coalescing path $.server.readinessProbeFailureThreshold
[INFO] Coalescing path $.server.readinessProbeInitialDelay
[INFO] Coalescing path $.server.readinessProbePeriodSeconds
[INFO] Coalescing path $.server.readinessProbeSuccessThreshold
[INFO] Coalescing path $.server.readinessProbeTimeout
[INFO] Coalescing path $.server.remoteRead
[INFO] Coalescing path $.server.remoteWrite
[INFO] Coalescing path $.server.replicaCount
[INFO] Coalescing path $.server.resources
[INFO] Coalescing path $.server.revisionHistoryLimit
[INFO] Coalescing path $.server.route
[INFO] Coalescing path $.server.runtimeClassName
[INFO] Coalescing path $.server.schedulerName
[INFO] Coalescing path $.server.securityContext
[INFO] Coalescing path $.server.sidecarContainers
[INFO] Coalescing path $.server.tcpSocketProbeEnabled
[INFO] Coalescing path $.server.terminationGracePeriodSeconds
[INFO] Coalescing path $.server.tolerations
[INFO] Coalescing path $.server.topologySpreadConstraints
[INFO] Coalescing path $.server.tsdb
[INFO] Coalescing path $.server.useExistingClusterRoleName
[INFO] Coalescing path $.serverFiles[*]
[INFO] Coalescing path $.alertmanager.persistence.enabled
[INFO] Coalescing path $.configmapReload.prometheus.containerPort
[INFO] Coalescing path $.configmapReload.prometheus.containerPortName
[INFO] Coalescing path $.configmapReload.prometheus.containerSecurityContext
[INFO] Coalescing path $.configmapReload.prometheus.enabled
[INFO] Coalescing path $.configmapReload.prometheus.extraArgs
[INFO] Coalescing path $.configmapReload.prometheus.extraConfigmapMounts
[INFO] Coalescing path $.configmapReload.prometheus.extraVolumeDirs
[INFO] Coalescing path $.configmapReload.prometheus.extraVolumeMounts
[INFO] Coalescing path $.configmapReload.prometheus.livenessProbe
[INFO] Coalescing path $.configmapReload.prometheus.name
[INFO] Coalescing path $.configmapReload.prometheus.readinessProbe
[INFO] Coalescing path $.configmapReload.prometheus.resources
[INFO] Coalescing path $.configmapReload.prometheus.startupProbe
[INFO] Coalescing path $.scrapeConfigs[*].enabled
[INFO] Coalescing path $.scrapeConfigs[*].job_name
[INFO] Coalescing path $.server.daemonSet.enabled
[INFO] Coalescing path $.server.image.digest
[INFO] Coalescing path $.server.image.distroless
[INFO] Coalescing path $.server.image.pullPolicy
[INFO] Coalescing path $.server.image.repository
[INFO] Coalescing path $.server.image.tag
[INFO] Coalescing path $.server.ingress.annotations
[INFO] Coalescing path $.server.ingress.enabled
[INFO] Coalescing path $.server.ingress.extraLabels
[INFO] Coalescing path $.server.ingress.extraPaths
[INFO] Coalescing path $.server.ingress.hosts
[INFO] Coalescing path $.server.ingress.ingressClassName
[INFO] Coalescing path $.server.ingress.path
[INFO] Coalescing path $.server.ingress.pathType
[INFO] Coalescing path $.server.ingress.servicePort
[INFO] Coalescing path $.server.ingress.tls
[INFO] Coalescing path $.server.persistentVolume.accessModes
[INFO] Coalescing path $.server.persistentVolume.annotations
[INFO] Coalescing path $.server.persistentVolume.enabled
[INFO] Coalescing path $.server.persistentVolume.existingClaim
[INFO] Coalescing path $.server.persistentVolume.labels
[INFO] Coalescing path $.server.persistentVolume.mountPath
[INFO] Coalescing path $.server.persistentVolume.selector
[INFO] Coalescing path $.server.persistentVolume.size
[INFO] Coalescing path $.server.persistentVolume.statefulSetNameOverride
[INFO] Coalescing path $.server.persistentVolume.storageClass
[INFO] Coalescing path $.server.persistentVolume.subPath
[INFO] Coalescing path $.server.persistentVolume.volumeName
[INFO] Coalescing path $.server.podDisruptionBudget.enabled
[INFO] Coalescing path $.server.service.additionalPorts
[INFO] Coalescing path $.server.service.annotations
[INFO] Coalescing path $.server.service.clusterIP
[INFO] Coalescing path $.server.service.enabled
[INFO] Coalescing path $.server.service.externalIPs
[INFO] Coalescing path $.server.service.externalTrafficPolicy
[INFO] Coalescing path $.server.service.labels
[INFO] Coalescing path $.server.service.loadBalancerClass
[INFO] Coalescing path $.server.service.loadBalancerIP
[INFO] Coalescing path $.server.service.loadBalancerSourceRanges
[INFO] Coalescing path $.server.service.nodePort
[INFO] Coalescing path $.server.service.servicePort
[INFO] Coalescing path $.server.service.sessionAffinity
[INFO] Coalescing path $.server.service.type
[INFO] Coalescing path $.server.sidecarContainers[*]
[INFO] Coalescing path $.server.startupProbe.enabled
[INFO] Coalescing path $.server.startupProbe.failureThreshold
[INFO] Coalescing path $.server.startupProbe.periodSeconds
[INFO] Coalescing path $.server.startupProbe.timeoutSeconds
[INFO] Coalescing path $.server.statefulSet.enabled
[INFO] Coalescing path $.server.statefulSet.labels
[INFO] Coalescing path $.server.statefulSet.podManagementPolicy
[INFO] Coalescing path $.server.statefulSet.pvcDeleteOnStsDelete
[INFO] Coalescing path $.server.statefulSet.pvcDeleteOnStsScale
[INFO] Coalescing path $.server.statefulSet.updateStrategy
[INFO] Coalescing path $.server.verticalAutoscaler.containerPolicies
[INFO] Coalescing path $.server.verticalAutoscaler.enabled
[INFO] Coalescing path $.server.verticalAutoscaler.updateMode
[INFO] Coalescing path $.serverFiles[*][*]
[INFO] Coalescing path $.serverFiles[*].groups
[INFO] Coalescing path $.serverFiles[*].scrape_configs
[INFO] Coalescing path $.serviceAccounts.server.annotations
[INFO] Coalescing path $.serviceAccounts.server.create
[INFO] Coalescing path $.configmapReload.prometheus.extraArgs[*]
[INFO] Coalescing path $.configmapReload.prometheus.extraVolumeDirs[*]
[INFO] Coalescing path $.configmapReload.prometheus.image.digest
[INFO] Coalescing path $.configmapReload.prometheus.image.pullPolicy
[INFO] Coalescing path $.configmapReload.prometheus.image.repository
[INFO] Coalescing path $.configmapReload.prometheus.image.tag
[INFO] Coalescing path $.configmapReload.prometheus.startupProbe.enabled
[INFO] Coalescing path $.server.extraConfigmapMounts[*].configMap
[INFO] Coalescing path $.server.extraConfigmapMounts[*].mountPath
[INFO] Coalescing path $.server.extraConfigmapMounts[*].name
[INFO] Coalescing path $.server.extraConfigmapMounts[*].readOnly
[INFO] Coalescing path $.server.extraConfigmapMounts[*].subPath
[INFO] Coalescing path $.server.extraHostPathMounts[*].hostPath
[INFO] Coalescing path $.server.extraHostPathMounts[*].mountPath
[INFO] Coalescing path $.server.extraHostPathMounts[*].name
[INFO] Coalescing path $.server.extraHostPathMounts[*].readOnly
[INFO] Coalescing path $.server.extraHostPathMounts[*].subPath
[INFO] Coalescing path $.server.extraSecretMounts[*].mountPath
[INFO] Coalescing path $.server.extraSecretMounts[*].name
[INFO] Coalescing path $.server.extraSecretMounts[*].optional
[INFO] Coalescing path $.server.extraSecretMounts[*].readOnly
[INFO] Coalescing path $.server.extraSecretMounts[*].secretName
[INFO] Coalescing path $.server.extraSecretMounts[*].subPath
[INFO] Coalescing path $.server.ingress.extraLabels[*]
[INFO] Coalescing path $.server.ingress.hosts[*]
[INFO] Coalescing path $.server.probeHeaders[*].name
[INFO] Coalescing path $.server.probeHeaders[*].value
[INFO] Coalescing path $.server.route[*].additionalRules
[INFO] Coalescing path $.server.route[*].annotations
[INFO] Coalescing path $.server.route[*].apiVersion
[INFO] Coalescing path $.server.route[*].enabled
[INFO] Coalescing path $.server.route[*].filters
[INFO] Coalescing path $.server.route[*].hostnames
[INFO] Coalescing path $.server.route[*].httpsRedirect
[INFO] Coalescing path $.server.route[*].kind
[INFO] Coalescing path $.server.route[*].labels
[INFO] Coalescing path $.server.route[*].matches
[INFO] Coalescing path $.server.route[*].parentRefs
[INFO] Coalescing path $.server.service.gRPC.enabled
[INFO] Coalescing path $.server.service.gRPC.nodePort
[INFO] Coalescing path $.server.service.gRPC.servicePort
[INFO] Coalescing path $.server.service.gRPC.type
[INFO] Coalescing path $.server.service.loadBalancerSourceRanges[*]
[INFO] Coalescing path $.server.service.statefulsetReplica.enabled
[INFO] Coalescing path $.server.service.statefulsetReplica.replica
[INFO] Coalescing path $.server.statefulSet.headless.annotations
[INFO] Coalescing path $.server.statefulSet.headless.labels
[INFO] Coalescing path $.server.statefulSet.headless.servicePort
[INFO] Coalescing path $.configmapReload.prometheus.extraConfigmapMounts[*].configMap
[INFO] Coalescing path $.configmapReload.prometheus.extraConfigmapMounts[*].mountPath
[INFO] Coalescing path $.configmapReload.prometheus.extraConfigmapMounts[*].name
[INFO] Coalescing path $.configmapReload.prometheus.extraConfigmapMounts[*].optional
[INFO] Coalescing path $.configmapReload.prometheus.extraConfigmapMounts[*].readOnly
[INFO] Coalescing path $.configmapReload.prometheus.extraConfigmapMounts[*].subPath
[INFO] Coalescing path $.server.statefulSet.headless.gRPC.enabled
[INFO] Coalescing path $.server.statefulSet.headless.gRPC.servicePort
[INFO] Testing known inputs first; arbitrary extra-key cases are deferred
[INFO] Compiler input baseline: 170 statically named fields
[INFO] Render hashes (run-local): 0 observed, 0 unique, 0 duplicate bundles; 0 successful validations reused
[INFO] Testing deferred arbitrary-key and original-schema robustness cases
[INFO] Compiler input baseline: 170 statically named fields
[INFO] Render hashes (run-local): 0 observed, 0 unique, 0 duplicate bundles; 0 successful validations reused
[INFO] .: failed; 0 charts remain
