[INFO] Chart 1/1: .
[INFO] Finite filtering unavailable: permutations need closed objects at (); set additionalProperties: false; prioritizing known inputs before robustness sampling
[INFO] Coalescing path $.affinity
[INFO] Coalescing path $.automountServiceAccountToken
[INFO] Coalescing path $.customAnnotations
[INFO] Coalescing path $.deploymentAnnotations
[INFO] Coalescing path $.dnsConfig
[INFO] Coalescing path $.dnsPolicy
[INFO] Coalescing path $.env
[INFO] Coalescing path $.extraArguments
[INFO] Coalescing path $.extraContainers
[INFO] Coalescing path $.extraManifests
[INFO] Coalescing path $.extraVolumeMounts
[INFO] Coalescing path $.extraVolumes
[INFO] Coalescing path $.listenPort
[INFO] Coalescing path $.livenessProbe
[INFO] Coalescing path $.logLevel
[INFO] Coalescing path $.metricsRelistInterval
[INFO] Coalescing path $.nodeSelector
[INFO] Coalescing path $.podAnnotations
[INFO] Coalescing path $.podDisruptionBudget
[INFO] Coalescing path $.podLabels
[INFO] Coalescing path $.podSecurityContext
[INFO] Coalescing path $.priorityClassName
[INFO] Coalescing path $.readinessProbe
[INFO] Coalescing path $.replicas
[INFO] Coalescing path $.resources
[INFO] Coalescing path $.revisionHistoryLimit
[INFO] Coalescing path $.securityContext
[INFO] Coalescing path $.startupProbe
[INFO] Coalescing path $.strategy
[INFO] Coalescing path $.tolerations
[INFO] Coalescing path $.topologySpreadConstraints
[INFO] Coalescing path $.certManager.caCertDuration
[INFO] Coalescing path $.certManager.caCertRevisionHistoryLimit
[INFO] Coalescing path $.certManager.certDuration
[INFO] Coalescing path $.certManager.certRevisionHistoryLimit
[INFO] Coalescing path $.certManager.enabled
[INFO] Coalescing path $.extraManifests[*]
[INFO] Coalescing path $.hostNetwork.enabled
[INFO] Coalescing path $.image.pullPolicy
[INFO] Coalescing path $.image.pullSecrets
[INFO] Coalescing path $.image.repository
[INFO] Coalescing path $.image.tag
[INFO] Coalescing path $.podDisruptionBudget.enabled
[INFO] Coalescing path $.podDisruptionBudget.maxUnavailable
[INFO] Coalescing path $.podDisruptionBudget.minAvailable
[INFO] Coalescing path $.podDisruptionBudget.unhealthyPodEvictionPolicy
[INFO] Coalescing path $.prometheus.path
[INFO] Coalescing path $.prometheus.port
[INFO] Coalescing path $.prometheus.url
[INFO] Coalescing path $.rbac.create
[INFO] Coalescing path $.rbac.useAuthReaderClusterRole
[INFO] Coalescing path $.rules.custom
[INFO] Coalescing path $.rules.default
[INFO] Coalescing path $.rules.existing
[INFO] Coalescing path $.rules.external
[INFO] Coalescing path $.rules.resource
[INFO] Coalescing path $.service.annotations
[INFO] Coalescing path $.service.clusterIP
[INFO] Coalescing path $.service.port
[INFO] Coalescing path $.service.type
[INFO] Coalescing path $.serviceAccount.annotations
[INFO] Coalescing path $.serviceAccount.automountServiceAccountToken
[INFO] Coalescing path $.serviceAccount.create
[INFO] Coalescing path $.tls.ca
[INFO] Coalescing path $.tls.certificate
[INFO] Coalescing path $.tls.enable
[INFO] Coalescing path $.tls.key
[INFO] Coalescing path $.image.pullSecrets[*]
[INFO] Coalescing path $.rbac.customMetrics.resources
[INFO] Coalescing path $.rbac.externalMetrics.resources
[INFO] Coalescing path $.service.ipDualStack.enabled
[INFO] Coalescing path $.service.ipDualStack.ipFamilies
[INFO] Coalescing path $.service.ipDualStack.ipFamilyPolicy
[INFO] Testing known inputs first; arbitrary extra-key cases are deferred
[INFO] Compiler input baseline: 70 statically named fields
[INFO] Render hashes (run-local): 113 observed, 36 unique, 77 duplicate bundles; 77 successful validations reused
[INFO] Testing deferred arbitrary-key and original-schema robustness cases
[INFO] Compiler input baseline: 70 statically named fields
[INFO] Render hashes (run-local): 101 observed, 1 unique, 100 duplicate bundles; 100 successful validations reused
[INFO] .: failed; 0 charts remain
