[INFO] Auditing path $.commonLabels
[INFO] Auditing path $.fullnameOverride
[INFO] Auditing path $.image.pullPolicy
[INFO] Auditing path $.image.repository
[INFO] Auditing path $.image.tag
[INFO] Auditing path $.image
[INFO] Auditing path $.imagePullSecrets
[INFO] Auditing path $.nameOverride
[INFO] Auditing path $.nodeSelector
[INFO] Auditing path $.podAnnotations["prometheus.io/port"]
[INFO] Auditing path $.podAnnotations["prometheus.io/scrape"]
[INFO] Auditing path $.podAnnotations
[INFO] Auditing path $.podLabels
[INFO] Auditing path $.podMonitor.enabled
[INFO] Auditing path $.podMonitor.honorLabels
[INFO] Auditing path $.podMonitor.interval
[INFO] Auditing path $.podMonitor.labels
[INFO] Auditing path $.podMonitor.metricRelabelings
[INFO] Auditing path $.podMonitor.relabelings
[INFO] Auditing path $.podMonitor.scrapeTimeout
[INFO] Auditing path $.podMonitor.selectorOverride
[INFO] Auditing path $.podMonitor
[INFO] Auditing path $.podSecurityContext
[INFO] Auditing path $.resources
[INFO] Auditing path $.securityContext.capabilities
[INFO] Auditing path $.securityContext.capabilities.drop
[INFO] Auditing path $.securityContext.privileged
[INFO] Auditing path $.securityContext.readOnlyRootFilesystem
[INFO] Auditing path $.securityContext.seccompProfile
[INFO] Auditing path $.securityContext.seccompProfile.type
[INFO] Auditing path $.securityContext
[INFO] Auditing path $.serviceAccount.annotations
[INFO] Auditing path $.serviceAccount.create
[INFO] Auditing path $.serviceAccount.name
[INFO] Auditing path $.serviceAccount
[INFO] Auditing path $.tolerations
