[INFO] Auditing path $.affinity
[INFO] Auditing path $.allowChaos
[INFO] Auditing path $.apiVersions
[INFO] Auditing path $.arangodbImage.digest
[INFO] Auditing path $.arangodbImage.registry
[INFO] Auditing path $.arangodbImage.repository
[INFO] Auditing path $.arangodbImage.tag
[INFO] Auditing path $.arangodbImage
[INFO] Auditing path $.args
[INFO] Auditing path $.auth.existingSecret
[INFO] Auditing path $.auth.password
[INFO] Auditing path $.auth.username
[INFO] Auditing path $.auth
[INFO] Auditing path $.automountServiceAccountToken
[INFO] Auditing path $.autoscaling.hpa
[INFO] Auditing path $.autoscaling.hpa.enabled
[INFO] Auditing path $.autoscaling.hpa.maxReplicas
[INFO] Auditing path $.autoscaling.hpa.minReplicas
[INFO] Auditing path $.autoscaling.hpa.targetCPU
[INFO] Auditing path $.autoscaling.hpa.targetMemory
[INFO] Auditing path $.autoscaling.vpa
[INFO] Auditing path $.autoscaling.vpa.annotations
[INFO] Auditing path $.autoscaling.vpa.controlledResources
[INFO] Auditing path $.autoscaling.vpa.enabled
[INFO] Auditing path $.autoscaling.vpa.maxAllowed
[INFO] Auditing path $.autoscaling.vpa.minAllowed
[INFO] Auditing path $.autoscaling.vpa.updatePolicy
[INFO] Auditing path $.autoscaling.vpa.updatePolicy.updateMode
[INFO] Auditing path $.autoscaling
[INFO] Auditing path $.clusterDomain
[INFO] Auditing path $.command
[INFO] Auditing path $.commonAnnotations
[INFO] Auditing path $.commonLabels
[INFO] Auditing path $.containerPorts.apiGrpc
[INFO] Auditing path $.containerPorts.apiHttp
[INFO] Auditing path $.containerPorts.server
[INFO] Auditing path $.containerPorts
[INFO] Auditing path $.containerSecurityContext.allowPrivilegeEscalation
[INFO] Auditing path $.containerSecurityContext.capabilities
[INFO] Auditing path $.containerSecurityContext.capabilities.drop
[INFO] Auditing path $.containerSecurityContext.enabled
[INFO] Auditing path $.containerSecurityContext.privileged
[INFO] Auditing path $.containerSecurityContext.readOnlyRootFilesystem
[INFO] Auditing path $.containerSecurityContext.runAsGroup
[INFO] Auditing path $.containerSecurityContext.runAsNonRoot
[INFO] Auditing path $.containerSecurityContext.runAsUser
[INFO] Auditing path $.containerSecurityContext.seLinuxOptions
[INFO] Auditing path $.containerSecurityContext.seccompProfile
[INFO] Auditing path $.containerSecurityContext.seccompProfile.type
[INFO] Auditing path $.containerSecurityContext
[INFO] Auditing path $.customLivenessProbe
[INFO] Auditing path $.customReadinessProbe
[INFO] Auditing path $.customStartupProbe
[INFO] Auditing path $.deploymentFeatures.ephemeralVolumes
[INFO] Auditing path $.deploymentFeatures.securedContainers
[INFO] Auditing path $.deploymentFeatures
[INFO] Auditing path $.diagnosticMode.args
[INFO] Auditing path $.diagnosticMode.command
[INFO] Auditing path $.diagnosticMode.enabled
[INFO] Auditing path $.diagnosticMode
[INFO] Auditing path $.enableAPI
[INFO] Auditing path $.enableCRDManagement
[INFO] Auditing path $.extraArgs
[INFO] Auditing path $.extraDeploy[*]
[INFO] Auditing path $.extraDeploy
[INFO] Auditing path $.extraEnvVars
[INFO] Auditing path $.extraEnvVarsCM
[INFO] Auditing path $.extraEnvVarsSecret
[INFO] Auditing path $.extraVolumeMounts
[INFO] Auditing path $.extraVolumes
[INFO] Auditing path $.features.analytics
[INFO] Auditing path $.features.apps
[INFO] Auditing path $.features.backup
[INFO] Auditing path $.features.deployment
[INFO] Auditing path $.features.deploymentReplications
[INFO] Auditing path $.features.k8sToK8sClusterSync
[INFO] Auditing path $.features.ml
[INFO] Auditing path $.features.networking
[INFO] Auditing path $.features.platform
[INFO] Auditing path $.features.scheduler
[INFO] Auditing path $.features.storage
[INFO] Auditing path $.features
[INFO] Auditing path $.fullnameOverride
[INFO] Auditing path $.global.compatibility
[INFO] Auditing path $.global.compatibility.openshift
[INFO] Auditing path $.global.compatibility.openshift.adaptSecurityContext
[INFO] Auditing path $.global.defaultStorageClass
[INFO] Auditing path $.global.imagePullSecrets
[INFO] Auditing path $.global.imageRegistry
[INFO] Auditing path $.global.security
[INFO] Auditing path $.global.security.allowInsecureImages
[INFO] Auditing path $.global
[INFO] Auditing path $.hostAliases
[INFO] Auditing path $.image.debug
[INFO] Auditing path $.image.digest
[INFO] Auditing path $.image.pullPolicy
[INFO] Auditing path $.image.pullSecrets
[INFO] Auditing path $.image.registry
[INFO] Auditing path $.image.repository
[INFO] Auditing path $.image.tag
[INFO] Auditing path $.image
[INFO] Auditing path $.ingress.annotations
[INFO] Auditing path $.ingress.apiVersion
[INFO] Auditing path $.ingress.enabled
[INFO] Auditing path $.ingress.extraHosts
[INFO] Auditing path $.ingress.extraHosts[*].name
[INFO] Auditing path $.ingress.extraHosts[*].path
[INFO] Auditing path $.ingress.extraHosts[*].pathType
[INFO] Auditing path $.ingress.extraPaths
[INFO] Auditing path $.ingress.extraRules
[INFO] Auditing path $.ingress.extraTls
[INFO] Auditing path $.ingress.hostname
[INFO] Auditing path $.ingress.ingressClassName
[INFO] Auditing path $.ingress.path
[INFO] Auditing path $.ingress.pathType
[INFO] Auditing path $.ingress.secrets
[INFO] Auditing path $.ingress.secrets[*].certificate
[INFO] Auditing path $.ingress.secrets[*].key
[INFO] Auditing path $.ingress.secrets[*].name
[INFO] Auditing path $.ingress.selfSigned
[INFO] Auditing path $.ingress.tls
[INFO] Auditing path $.ingress
[INFO] Auditing path $.initContainers
[INFO] Auditing path $.kubeVersion
[INFO] Auditing path $.lifecycleHooks
[INFO] Auditing path $.livenessProbe.enabled
[INFO] Auditing path $.livenessProbe.failureThreshold
[INFO] Auditing path $.livenessProbe.initialDelaySeconds
[INFO] Auditing path $.livenessProbe.periodSeconds
[INFO] Auditing path $.livenessProbe.successThreshold
[INFO] Auditing path $.livenessProbe.timeoutSeconds
[INFO] Auditing path $.livenessProbe
[INFO] Auditing path $.metrics.annotations
[INFO] Auditing path $.metrics.enabled
[INFO] Auditing path $.metrics.serviceMonitor
[INFO] Auditing path $.metrics.serviceMonitor.annotations
[INFO] Auditing path $.metrics.serviceMonitor.enabled
[INFO] Auditing path $.metrics.serviceMonitor.honorLabels
[INFO] Auditing path $.metrics.serviceMonitor.interval
[INFO] Auditing path $.metrics.serviceMonitor.jobLabel
[INFO] Auditing path $.metrics.serviceMonitor.labels
[INFO] Auditing path $.metrics.serviceMonitor.metricRelabelings
[INFO] Auditing path $.metrics.serviceMonitor.namespace
[INFO] Auditing path $.metrics.serviceMonitor.relabelings
[INFO] Auditing path $.metrics.serviceMonitor.scrapeTimeout
[INFO] Auditing path $.metrics.serviceMonitor.selector
[INFO] Auditing path $.metrics
[INFO] Auditing path $.nameOverride
[INFO] Auditing path $.namespaceOverride
[INFO] Auditing path $.networkPolicy.allowExternal
[INFO] Auditing path $.networkPolicy.allowExternalEgress
[INFO] Auditing path $.networkPolicy.enabled
[INFO] Auditing path $.networkPolicy.extraEgress
[INFO] Auditing path $.networkPolicy.extraIngress
[INFO] Auditing path $.networkPolicy.ingressNSMatchLabels
[INFO] Auditing path $.networkPolicy.ingressNSMatchLabels[*]
[INFO] Auditing path $.networkPolicy.ingressNSPodMatchLabels
[INFO] Auditing path $.networkPolicy.ingressNSPodMatchLabels[*]
[INFO] Auditing path $.networkPolicy.kubeAPIServerPorts
[INFO] Auditing path $.networkPolicy.kubeAPIServerPorts[*]
[INFO] Auditing path $.networkPolicy
[INFO] Auditing path $.nodeAffinityPreset.key
[INFO] Auditing path $.nodeAffinityPreset.type
[INFO] Auditing path $.nodeAffinityPreset.values
[INFO] Auditing path $.nodeAffinityPreset
[INFO] Auditing path $.nodeSelector
[INFO] Auditing path $.pdb.create
[INFO] Auditing path $.pdb.maxUnavailable
[INFO] Auditing path $.pdb.minAvailable
[INFO] Auditing path $.pdb
[INFO] Auditing path $.podAffinityPreset
[INFO] Auditing path $.podAnnotations
[INFO] Auditing path $.podAntiAffinityPreset
[INFO] Auditing path $.podLabels
[INFO] Auditing path $.podSecurityContext.enabled
[INFO] Auditing path $.podSecurityContext.fsGroup
[INFO] Auditing path $.podSecurityContext.fsGroupChangePolicy
[INFO] Auditing path $.podSecurityContext.supplementalGroups
[INFO] Auditing path $.podSecurityContext.sysctls
[INFO] Auditing path $.podSecurityContext
[INFO] Auditing path $.priorityClassName
[INFO] Auditing path $.rbac.create
[INFO] Auditing path $.rbac.extensions
[INFO] Auditing path $.rbac.extensions.acs
[INFO] Auditing path $.rbac.extensions.at
[INFO] Auditing path $.rbac.extensions.debug
[INFO] Auditing path $.rbac.extensions.monitoring
[INFO] Auditing path $.rbac
[INFO] Auditing path $.readinessProbe.enabled
[INFO] Auditing path $.readinessProbe.failureThreshold
[INFO] Auditing path $.readinessProbe.initialDelaySeconds
[INFO] Auditing path $.readinessProbe.periodSeconds
[INFO] Auditing path $.readinessProbe.successThreshold
[INFO] Auditing path $.readinessProbe.timeoutSeconds
[INFO] Auditing path $.readinessProbe
[INFO] Auditing path $.replicaCount
[INFO] Auditing path $.resources
[INFO] Auditing path $.resourcesPreset
[INFO] Auditing path $.schedulerName
[INFO] Auditing path $.scope
[INFO] Auditing path $.service.annotations
[INFO] Auditing path $.service.clusterIP
[INFO] Auditing path $.service.externalTrafficPolicy
[INFO] Auditing path $.service.extraPorts
[INFO] Auditing path $.service.labels
[INFO] Auditing path $.service.loadBalancerIP
[INFO] Auditing path $.service.loadBalancerSourceRanges
[INFO] Auditing path $.service.nodePorts
[INFO] Auditing path $.service.nodePorts.apiGrpc
[INFO] Auditing path $.service.nodePorts.apiHttp
[INFO] Auditing path $.service.nodePorts.server
[INFO] Auditing path $.service.ports
[INFO] Auditing path $.service.ports.apiGrpc
[INFO] Auditing path $.service.ports.apiHttp
[INFO] Auditing path $.service.ports.server
[INFO] Auditing path $.service.sessionAffinity
[INFO] Auditing path $.service.sessionAffinityConfig
[INFO] Auditing path $.service.type
[INFO] Auditing path $.service
[INFO] Auditing path $.serviceAccount.job
[INFO] Auditing path $.serviceAccount.job.annotations
[INFO] Auditing path $.serviceAccount.job.automountServiceAccountToken
[INFO] Auditing path $.serviceAccount.job.create
[INFO] Auditing path $.serviceAccount.job.name
[INFO] Auditing path $.serviceAccount.operator
[INFO] Auditing path $.serviceAccount.operator.annotations
[INFO] Auditing path $.serviceAccount.operator.automountServiceAccountToken
[INFO] Auditing path $.serviceAccount.operator.create
[INFO] Auditing path $.serviceAccount.operator.name
[INFO] Auditing path $.serviceAccount
[INFO] Auditing path $.sidecars
[INFO] Auditing path $.startupProbe.enabled
[INFO] Auditing path $.startupProbe.failureThreshold
[INFO] Auditing path $.startupProbe.initialDelaySeconds
[INFO] Auditing path $.startupProbe.periodSeconds
[INFO] Auditing path $.startupProbe.successThreshold
[INFO] Auditing path $.startupProbe.timeoutSeconds
[INFO] Auditing path $.startupProbe
[INFO] Auditing path $.terminationGracePeriodSeconds
[INFO] Auditing path $.tolerations
[INFO] Auditing path $.topologySpreadConstraints
[INFO] Auditing path $.updateStrategy.type
[INFO] Auditing path $.updateStrategy
[INFO] Auditing path $.webhooks.args
[INFO] Auditing path $.webhooks.command
[INFO] Auditing path $.webhooks.containerPorts
[INFO] Auditing path $.webhooks.containerPorts.webhook
[INFO] Auditing path $.webhooks.containerSecurityContext
[INFO] Auditing path $.webhooks.containerSecurityContext.allowPrivilegeEscalation
[INFO] Auditing path $.webhooks.containerSecurityContext.capabilities
[INFO] Auditing path $.webhooks.containerSecurityContext.capabilities.drop
[INFO] Auditing path $.webhooks.containerSecurityContext.enabled
[INFO] Auditing path $.webhooks.containerSecurityContext.privileged
[INFO] Auditing path $.webhooks.containerSecurityContext.readOnlyRootFilesystem
[INFO] Auditing path $.webhooks.containerSecurityContext.runAsGroup
[INFO] Auditing path $.webhooks.containerSecurityContext.runAsNonRoot
[INFO] Auditing path $.webhooks.containerSecurityContext.runAsUser
[INFO] Auditing path $.webhooks.containerSecurityContext.seLinuxOptions
[INFO] Auditing path $.webhooks.containerSecurityContext.seccompProfile
[INFO] Auditing path $.webhooks.containerSecurityContext.seccompProfile.type
[INFO] Auditing path $.webhooks.customLivenessProbe
[INFO] Auditing path $.webhooks.customReadinessProbe
[INFO] Auditing path $.webhooks.customStartupProbe
[INFO] Auditing path $.webhooks.enabled
[INFO] Auditing path $.webhooks.extraArgs
[INFO] Auditing path $.webhooks.extraEnvVars
[INFO] Auditing path $.webhooks.extraEnvVarsCM
[INFO] Auditing path $.webhooks.extraEnvVarsSecret
[INFO] Auditing path $.webhooks.extraVolumeMounts
[INFO] Auditing path $.webhooks.lifecycleHooks
[INFO] Auditing path $.webhooks.livenessProbe
[INFO] Auditing path $.webhooks.livenessProbe.enabled
[INFO] Auditing path $.webhooks.livenessProbe.failureThreshold
[INFO] Auditing path $.webhooks.livenessProbe.initialDelaySeconds
[INFO] Auditing path $.webhooks.livenessProbe.periodSeconds
[INFO] Auditing path $.webhooks.livenessProbe.successThreshold
[INFO] Auditing path $.webhooks.livenessProbe.timeoutSeconds
[INFO] Auditing path $.webhooks.mutating
[INFO] Auditing path $.webhooks.mutating.create
[INFO] Auditing path $.webhooks.readinessProbe
[INFO] Auditing path $.webhooks.readinessProbe.enabled
[INFO] Auditing path $.webhooks.readinessProbe.failureThreshold
[INFO] Auditing path $.webhooks.readinessProbe.initialDelaySeconds
[INFO] Auditing path $.webhooks.readinessProbe.periodSeconds
[INFO] Auditing path $.webhooks.readinessProbe.successThreshold
[INFO] Auditing path $.webhooks.readinessProbe.timeoutSeconds
[INFO] Auditing path $.webhooks.resources
[INFO] Auditing path $.webhooks.resourcesPreset
[INFO] Auditing path $.webhooks.service
[INFO] Auditing path $.webhooks.service.annotations
[INFO] Auditing path $.webhooks.service.clusterIP
[INFO] Auditing path $.webhooks.service.labels
[INFO] Auditing path $.webhooks.service.ports
[INFO] Auditing path $.webhooks.service.ports.webhook
[INFO] Auditing path $.webhooks.startupProbe
[INFO] Auditing path $.webhooks.startupProbe.enabled
[INFO] Auditing path $.webhooks.startupProbe.failureThreshold
[INFO] Auditing path $.webhooks.startupProbe.initialDelaySeconds
[INFO] Auditing path $.webhooks.startupProbe.periodSeconds
[INFO] Auditing path $.webhooks.startupProbe.successThreshold
[INFO] Auditing path $.webhooks.startupProbe.timeoutSeconds
[INFO] Auditing path $.webhooks.validating
[INFO] Auditing path $.webhooks.validating.create
[INFO] Auditing path $.webhooks
