[INFO] Auditing path $.affinity
[INFO] Auditing path $.commonLabels
[INFO] Auditing path $.deployment.annotations
[INFO] Auditing path $.deployment.labels
[INFO] Auditing path $.deployment.metricsPort
[INFO] Auditing path $.deployment.metricsPort.name
[INFO] Auditing path $.deployment
[INFO] Auditing path $.dnsConfig
[INFO] Auditing path $.env[*]
[INFO] Auditing path $.env
[INFO] Auditing path $.envFromSecret
[INFO] Auditing path $.es.aliases
[INFO] Auditing path $.es.all
[INFO] Auditing path $.es.cluster_settings
[INFO] Auditing path $.es.data_stream
[INFO] Auditing path $.es.ilm
[INFO] Auditing path $.es.indices
[INFO] Auditing path $.es.indices_mappings
[INFO] Auditing path $.es.indices_settings
[INFO] Auditing path $.es.shards
[INFO] Auditing path $.es.slm
[INFO] Auditing path $.es.snapshots
[INFO] Auditing path $.es.ssl
[INFO] Auditing path $.es.ssl.ca
[INFO] Auditing path $.es.ssl.ca.path
[INFO] Auditing path $.es.ssl.ca.pem
[INFO] Auditing path $.es.ssl.client
[INFO] Auditing path $.es.ssl.client.enabled
[INFO] Auditing path $.es.ssl.client.key
[INFO] Auditing path $.es.ssl.client.keyPath
[INFO] Auditing path $.es.ssl.client.pem
[INFO] Auditing path $.es.ssl.client.pemPath
[INFO] Auditing path $.es.ssl.enabled
[INFO] Auditing path $.es.ssl.useExistingSecrets
[INFO] Auditing path $.es.sslSkipVerify
[INFO] Auditing path $.es.timeout
[INFO] Auditing path $.es.uri
[INFO] Auditing path $.es
[INFO] Auditing path $.extraArgs[*]
[INFO] Auditing path $.extraArgs
[INFO] Auditing path $.extraEnvSecrets[*].key
[INFO] Auditing path $.extraEnvSecrets[*].secret
[INFO] Auditing path $.extraEnvSecrets
[INFO] Auditing path $.extraManifests[*]
[INFO] Auditing path $.extraManifests
[INFO] Auditing path $.extraVolumeMounts
[INFO] Auditing path $.extraVolumes
[INFO] Auditing path $.global.imagePullSecrets
[INFO] Auditing path $.global.imageRegistry
[INFO] Auditing path $.global
[INFO] Auditing path $.image.pullPolicy
[INFO] Auditing path $.image.pullSecret
[INFO] Auditing path $.image.registry
[INFO] Auditing path $.image.repository
[INFO] Auditing path $.image.tag
[INFO] Auditing path $.image
[INFO] Auditing path $.initContainers
[INFO] Auditing path $.livenessProbe.httpGet
[INFO] Auditing path $.livenessProbe.httpGet.path
[INFO] Auditing path $.livenessProbe.httpGet.port
[INFO] Auditing path $.livenessProbe.initialDelaySeconds
[INFO] Auditing path $.livenessProbe.periodSeconds
[INFO] Auditing path $.livenessProbe.timeoutSeconds
[INFO] Auditing path $.livenessProbe
[INFO] Auditing path $.log.format
[INFO] Auditing path $.log.level
[INFO] Auditing path $.log
[INFO] Auditing path $.namespaceOverride
[INFO] Auditing path $.nodeSelector
[INFO] Auditing path $.podAnnotations
[INFO] Auditing path $.podLabels
[INFO] Auditing path $.podMonitor.apiVersion
[INFO] Auditing path $.podMonitor.enabled
[INFO] Auditing path $.podMonitor.honorLabels
[INFO] Auditing path $.podMonitor.interval
[INFO] Auditing path $.podMonitor.labels
[INFO] Auditing path $.podMonitor.metricRelabelings
[INFO] Auditing path $.podMonitor.namespace
[INFO] Auditing path $.podMonitor.relabelings
[INFO] Auditing path $.podMonitor.scheme
[INFO] Auditing path $.podMonitor.scrapeTimeout
[INFO] Auditing path $.podMonitor
[INFO] Auditing path $.podSecurityContext.runAsNonRoot
[INFO] Auditing path $.podSecurityContext.runAsUser
[INFO] Auditing path $.podSecurityContext.seccompProfile
[INFO] Auditing path $.podSecurityContext.seccompProfile.type
[INFO] Auditing path $.podSecurityContext
[INFO] Auditing path $.priorityClassName
[INFO] Auditing path $.prometheusRule.enabled
[INFO] Auditing path $.prometheusRule.labels
[INFO] Auditing path $.prometheusRule.namespace
[INFO] Auditing path $.prometheusRule.rules
[INFO] Auditing path $.prometheusRule
[INFO] Auditing path $.readinessProbe.httpGet
[INFO] Auditing path $.readinessProbe.httpGet.path
[INFO] Auditing path $.readinessProbe.httpGet.port
[INFO] Auditing path $.readinessProbe.initialDelaySeconds
[INFO] Auditing path $.readinessProbe.periodSeconds
[INFO] Auditing path $.readinessProbe.timeoutSeconds
[INFO] Auditing path $.readinessProbe
[INFO] Auditing path $.replicaCount
[INFO] Auditing path $.resources
[INFO] Auditing path $.restartPolicy
[INFO] Auditing path $.revisionHistoryLimit
[INFO] Auditing path $.secretMounts[*].name
[INFO] Auditing path $.secretMounts[*].path
[INFO] Auditing path $.secretMounts[*].secretName
[INFO] Auditing path $.secretMounts[*].subPath
[INFO] Auditing path $.secretMounts
[INFO] Auditing path $.securityContext.allowPrivilegeEscalation
[INFO] Auditing path $.securityContext.capabilities
[INFO] Auditing path $.securityContext.capabilities.drop
[INFO] Auditing path $.securityContext.readOnlyRootFilesystem
[INFO] Auditing path $.securityContext
[INFO] Auditing path $.service.annotations
[INFO] Auditing path $.service.enabled
[INFO] Auditing path $.service.httpPort
[INFO] Auditing path $.service.labels
[INFO] Auditing path $.service.metricsPort
[INFO] Auditing path $.service.metricsPort.name
[INFO] Auditing path $.service.type
[INFO] Auditing path $.service
[INFO] Auditing path $.serviceAccount.annotations
[INFO] Auditing path $.serviceAccount.automountServiceAccountToken
[INFO] Auditing path $.serviceAccount.create
[INFO] Auditing path $.serviceAccount.name
[INFO] Auditing path $.serviceAccount
[INFO] Auditing path $.serviceMonitor.apiVersion
[INFO] Auditing path $.serviceMonitor.enabled
[INFO] Auditing path $.serviceMonitor.interval
[INFO] Auditing path $.serviceMonitor.jobLabel
[INFO] Auditing path $.serviceMonitor.labels
[INFO] Auditing path $.serviceMonitor.metricRelabelings
[INFO] Auditing path $.serviceMonitor.namespace
[INFO] Auditing path $.serviceMonitor.relabelings
[INFO] Auditing path $.serviceMonitor.sampleLimit
[INFO] Auditing path $.serviceMonitor.scheme
[INFO] Auditing path $.serviceMonitor.scrapeTimeout
[INFO] Auditing path $.serviceMonitor.targetLabels
[INFO] Auditing path $.serviceMonitor.targetLabels[*]
[INFO] Auditing path $.serviceMonitor
[INFO] Auditing path $.tolerations
[INFO] Auditing path $.topologySpreadConstraints
[INFO] Auditing path $.web.path
[INFO] Auditing path $.web
