[INFO] Auditing path $.auth.basicAuthUsers
[INFO] Auditing path $.auth
[INFO] Auditing path $.bucketCacheConfig
[INFO] Auditing path $.bucketweb.affinity
[INFO] Auditing path $.bucketweb.args
[INFO] Auditing path $.bucketweb.automountServiceAccountToken
[INFO] Auditing path $.bucketweb.autoscaling
[INFO] Auditing path $.bucketweb.autoscaling.behavior
[INFO] Auditing path $.bucketweb.autoscaling.enabled
[INFO] Auditing path $.bucketweb.autoscaling.maxReplicas
[INFO] Auditing path $.bucketweb.autoscaling.minReplicas
[INFO] Auditing path $.bucketweb.autoscaling.targetCPU
[INFO] Auditing path $.bucketweb.autoscaling.targetMemory
[INFO] Auditing path $.bucketweb.command
[INFO] Auditing path $.bucketweb.containerPorts
[INFO] Auditing path $.bucketweb.containerPorts.http
[INFO] Auditing path $.bucketweb.containerSecurityContext
[INFO] Auditing path $.bucketweb.containerSecurityContext.allowPrivilegeEscalation
[INFO] Auditing path $.bucketweb.containerSecurityContext.capabilities
[INFO] Auditing path $.bucketweb.containerSecurityContext.capabilities.drop
[INFO] Auditing path $.bucketweb.containerSecurityContext.enabled
[INFO] Auditing path $.bucketweb.containerSecurityContext.privileged
[INFO] Auditing path $.bucketweb.containerSecurityContext.readOnlyRootFilesystem
[INFO] Auditing path $.bucketweb.containerSecurityContext.runAsGroup
[INFO] Auditing path $.bucketweb.containerSecurityContext.runAsNonRoot
[INFO] Auditing path $.bucketweb.containerSecurityContext.runAsUser
[INFO] Auditing path $.bucketweb.containerSecurityContext.seLinuxOptions
[INFO] Auditing path $.bucketweb.containerSecurityContext.seccompProfile
[INFO] Auditing path $.bucketweb.containerSecurityContext.seccompProfile.type
[INFO] Auditing path $.bucketweb.customLivenessProbe
[INFO] Auditing path $.bucketweb.customReadinessProbe
[INFO] Auditing path $.bucketweb.customStartupProbe
[INFO] Auditing path $.bucketweb.dnsConfig
[INFO] Auditing path $.bucketweb.dnsPolicy
[INFO] Auditing path $.bucketweb.enabled
[INFO] Auditing path $.bucketweb.externalAutoscaler
[INFO] Auditing path $.bucketweb.extraEnvVars
[INFO] Auditing path $.bucketweb.extraEnvVarsCM
[INFO] Auditing path $.bucketweb.extraEnvVarsSecret
[INFO] Auditing path $.bucketweb.extraFlags
[INFO] Auditing path $.bucketweb.extraVolumeMounts
[INFO] Auditing path $.bucketweb.extraVolumes
[INFO] Auditing path $.bucketweb.hostAliases
[INFO] Auditing path $.bucketweb.httpRoute
[INFO] Auditing path $.bucketweb.httpRoute.annotations
[INFO] Auditing path $.bucketweb.httpRoute.enabled
[INFO] Auditing path $.bucketweb.httpRoute.extraRules
[INFO] Auditing path $.bucketweb.httpRoute.filters
[INFO] Auditing path $.bucketweb.httpRoute.hostnames
[INFO] Auditing path $.bucketweb.httpRoute.labels
[INFO] Auditing path $.bucketweb.httpRoute.matches
[INFO] Auditing path $.bucketweb.httpRoute.matches[*].path
[INFO] Auditing path $.bucketweb.httpRoute.matches[*].path.type
[INFO] Auditing path $.bucketweb.httpRoute.matches[*].path.value
[INFO] Auditing path $.bucketweb.httpRoute.parentRefs
[INFO] Auditing path $.bucketweb.httpRoute.timeouts
[INFO] Auditing path $.bucketweb.ingress
[INFO] Auditing path $.bucketweb.ingress.annotations
[INFO] Auditing path $.bucketweb.ingress.apiVersion
[INFO] Auditing path $.bucketweb.ingress.enabled
[INFO] Auditing path $.bucketweb.ingress.extraHosts
[INFO] Auditing path $.bucketweb.ingress.extraHosts[*].name
[INFO] Auditing path $.bucketweb.ingress.extraHosts[*].path
[INFO] Auditing path $.bucketweb.ingress.extraHosts[*].pathType
[INFO] Auditing path $.bucketweb.ingress.extraRules
[INFO] Auditing path $.bucketweb.ingress.extraTls
[INFO] Auditing path $.bucketweb.ingress.hostname
[INFO] Auditing path $.bucketweb.ingress.ingressClassName
[INFO] Auditing path $.bucketweb.ingress.labels
[INFO] Auditing path $.bucketweb.ingress.path
[INFO] Auditing path $.bucketweb.ingress.pathType
[INFO] Auditing path $.bucketweb.ingress.secrets
[INFO] Auditing path $.bucketweb.ingress.secrets[*].certificate
[INFO] Auditing path $.bucketweb.ingress.secrets[*].key
[INFO] Auditing path $.bucketweb.ingress.selfSigned
[INFO] Auditing path $.bucketweb.ingress.tls
[INFO] Auditing path $.bucketweb.initContainers
[INFO] Auditing path $.bucketweb.lifecycleHooks
[INFO] Auditing path $.bucketweb.livenessProbe
[INFO] Auditing path $.bucketweb.livenessProbe.enabled
[INFO] Auditing path $.bucketweb.livenessProbe.failureThreshold
[INFO] Auditing path $.bucketweb.livenessProbe.initialDelaySeconds
[INFO] Auditing path $.bucketweb.livenessProbe.periodSeconds
[INFO] Auditing path $.bucketweb.livenessProbe.successThreshold
[INFO] Auditing path $.bucketweb.livenessProbe.timeoutSeconds
[INFO] Auditing path $.bucketweb.logFormat
[INFO] Auditing path $.bucketweb.logLevel
[INFO] Auditing path $.bucketweb.networkPolicy
[INFO] Auditing path $.bucketweb.networkPolicy.allowExternal
[INFO] Auditing path $.bucketweb.networkPolicy.allowExternalEgress
[INFO] Auditing path $.bucketweb.networkPolicy.enabled
[INFO] Auditing path $.bucketweb.networkPolicy.extraEgress
[INFO] Auditing path $.bucketweb.networkPolicy.extraIngress
[INFO] Auditing path $.bucketweb.networkPolicy.ingressNSMatchLabels
[INFO] Auditing path $.bucketweb.networkPolicy.ingressNSMatchLabels[*]
[INFO] Auditing path $.bucketweb.networkPolicy.ingressNSPodMatchLabels
[INFO] Auditing path $.bucketweb.networkPolicy.ingressNSPodMatchLabels[*]
[INFO] Auditing path $.bucketweb.nodeAffinityPreset
[INFO] Auditing path $.bucketweb.nodeAffinityPreset.key
[INFO] Auditing path $.bucketweb.nodeAffinityPreset.type
[INFO] Auditing path $.bucketweb.nodeAffinityPreset.values
[INFO] Auditing path $.bucketweb.nodeSelector
[INFO] Auditing path $.bucketweb.pdb
[INFO] Auditing path $.bucketweb.pdb.create
[INFO] Auditing path $.bucketweb.pdb.maxUnavailable
[INFO] Auditing path $.bucketweb.pdb.minAvailable
[INFO] Auditing path $.bucketweb.podAffinityPreset
[INFO] Auditing path $.bucketweb.podAnnotations
[INFO] Auditing path $.bucketweb.podAntiAffinityPreset
[INFO] Auditing path $.bucketweb.podLabels
[INFO] Auditing path $.bucketweb.podSecurityContext
[INFO] Auditing path $.bucketweb.podSecurityContext.enabled
[INFO] Auditing path $.bucketweb.podSecurityContext.fsGroup
[INFO] Auditing path $.bucketweb.podSecurityContext.fsGroupChangePolicy
[INFO] Auditing path $.bucketweb.podSecurityContext.supplementalGroups
[INFO] Auditing path $.bucketweb.podSecurityContext.sysctls
[INFO] Auditing path $.bucketweb.priorityClassName
[INFO] Auditing path $.bucketweb.readinessProbe
[INFO] Auditing path $.bucketweb.readinessProbe.enabled
[INFO] Auditing path $.bucketweb.readinessProbe.failureThreshold
[INFO] Auditing path $.bucketweb.readinessProbe.initialDelaySeconds
[INFO] Auditing path $.bucketweb.readinessProbe.periodSeconds
[INFO] Auditing path $.bucketweb.readinessProbe.successThreshold
[INFO] Auditing path $.bucketweb.readinessProbe.timeoutSeconds
[INFO] Auditing path $.bucketweb.refresh
[INFO] Auditing path $.bucketweb.replicaCount
[INFO] Auditing path $.bucketweb.resources
[INFO] Auditing path $.bucketweb.resourcesPreset
[INFO] Auditing path $.bucketweb.revisionHistoryLimit
[INFO] Auditing path $.bucketweb.schedulerName
[INFO] Auditing path $.bucketweb.service
[INFO] Auditing path $.bucketweb.service.annotations
[INFO] Auditing path $.bucketweb.service.clusterIP
[INFO] Auditing path $.bucketweb.service.externalTrafficPolicy
[INFO] Auditing path $.bucketweb.service.extraPorts
[INFO] Auditing path $.bucketweb.service.ipFamilies
[INFO] Auditing path $.bucketweb.service.ipFamilyPolicy
[INFO] Auditing path $.bucketweb.service.labelSelectorsOverride
[INFO] Auditing path $.bucketweb.service.labels
[INFO] Auditing path $.bucketweb.service.loadBalancerIP
[INFO] Auditing path $.bucketweb.service.loadBalancerSourceRanges
[INFO] Auditing path $.bucketweb.service.nodePorts
[INFO] Auditing path $.bucketweb.service.nodePorts.http
[INFO] Auditing path $.bucketweb.service.ports
[INFO] Auditing path $.bucketweb.service.ports.http
[INFO] Auditing path $.bucketweb.service.type
[INFO] Auditing path $.bucketweb.serviceAccount
[INFO] Auditing path $.bucketweb.serviceAccount.annotations
[INFO] Auditing path $.bucketweb.serviceAccount.automountServiceAccountToken
[INFO] Auditing path $.bucketweb.serviceAccount.create
[INFO] Auditing path $.bucketweb.serviceAccount.name
[INFO] Auditing path $.bucketweb.sidecars
[INFO] Auditing path $.bucketweb.startupProbe
[INFO] Auditing path $.bucketweb.startupProbe.enabled
[INFO] Auditing path $.bucketweb.startupProbe.failureThreshold
[INFO] Auditing path $.bucketweb.startupProbe.initialDelaySeconds
[INFO] Auditing path $.bucketweb.startupProbe.periodSeconds
[INFO] Auditing path $.bucketweb.startupProbe.successThreshold
[INFO] Auditing path $.bucketweb.startupProbe.timeoutSeconds
[INFO] Auditing path $.bucketweb.timeout
[INFO] Auditing path $.bucketweb.tolerations
[INFO] Auditing path $.bucketweb.topologySpreadConstraints
[INFO] Auditing path $.bucketweb.updateStrategy
[INFO] Auditing path $.bucketweb.updateStrategy.type
[INFO] Auditing path $.bucketweb
[INFO] Auditing path $.clusterDomain
[INFO] Auditing path $.commonAnnotations
[INFO] Auditing path $.commonLabels
[INFO] Auditing path $.compactor.affinity
[INFO] Auditing path $.compactor.args
[INFO] Auditing path $.compactor.automountServiceAccountToken
[INFO] Auditing path $.compactor.command
[INFO] Auditing path $.compactor.concurrency
[INFO] Auditing path $.compactor.consistencyDelay
[INFO] Auditing path $.compactor.containerPorts
[INFO] Auditing path $.compactor.containerPorts.http
[INFO] Auditing path $.compactor.containerSecurityContext
[INFO] Auditing path $.compactor.containerSecurityContext.allowPrivilegeEscalation
[INFO] Auditing path $.compactor.containerSecurityContext.capabilities
[INFO] Auditing path $.compactor.containerSecurityContext.capabilities.drop
[INFO] Auditing path $.compactor.containerSecurityContext.enabled
[INFO] Auditing path $.compactor.containerSecurityContext.privileged
[INFO] Auditing path $.compactor.containerSecurityContext.readOnlyRootFilesystem
[INFO] Auditing path $.compactor.containerSecurityContext.runAsGroup
[INFO] Auditing path $.compactor.containerSecurityContext.runAsNonRoot
[INFO] Auditing path $.compactor.containerSecurityContext.runAsUser
[INFO] Auditing path $.compactor.containerSecurityContext.seLinuxOptions
[INFO] Auditing path $.compactor.containerSecurityContext.seccompProfile
[INFO] Auditing path $.compactor.containerSecurityContext.seccompProfile.type
[INFO] Auditing path $.compactor.cronJob
[INFO] Auditing path $.compactor.cronJob.activeDeadlineSeconds
[INFO] Auditing path $.compactor.cronJob.backoffLimit
[INFO] Auditing path $.compactor.cronJob.concurrencyPolicy
[INFO] Auditing path $.compactor.cronJob.enabled
[INFO] Auditing path $.compactor.cronJob.failedJobsHistoryLimit
[INFO] Auditing path $.compactor.cronJob.schedule
[INFO] Auditing path $.compactor.cronJob.startingDeadlineSeconds
[INFO] Auditing path $.compactor.cronJob.successfulJobsHistoryLimit
[INFO] Auditing path $.compactor.cronJob.suspend
[INFO] Auditing path $.compactor.cronJob.timeZone
[INFO] Auditing path $.compactor.cronJob.ttlSecondsAfterFinished
[INFO] Auditing path $.compactor.customLivenessProbe
[INFO] Auditing path $.compactor.customReadinessProbe
[INFO] Auditing path $.compactor.customStartupProbe
[INFO] Auditing path $.compactor.dataDir
[INFO] Auditing path $.compactor.deploymentAnnotations
[INFO] Auditing path $.compactor.dnsConfig
[INFO] Auditing path $.compactor.dnsPolicy
[INFO] Auditing path $.compactor.enabled
[INFO] Auditing path $.compactor.extraEnvVars
[INFO] Auditing path $.compactor.extraEnvVarsCM
[INFO] Auditing path $.compactor.extraEnvVarsSecret
[INFO] Auditing path $.compactor.extraFlags
[INFO] Auditing path $.compactor.extraVolumeMounts
[INFO] Auditing path $.compactor.extraVolumes
[INFO] Auditing path $.compactor.hostAliases
[INFO] Auditing path $.compactor.httpRoute
[INFO] Auditing path $.compactor.httpRoute.annotations
[INFO] Auditing path $.compactor.httpRoute.enabled
[INFO] Auditing path $.compactor.httpRoute.extraRules
[INFO] Auditing path $.compactor.httpRoute.filters
[INFO] Auditing path $.compactor.httpRoute.hostnames
[INFO] Auditing path $.compactor.httpRoute.labels
[INFO] Auditing path $.compactor.httpRoute.matches
[INFO] Auditing path $.compactor.httpRoute.matches[*].path
[INFO] Auditing path $.compactor.httpRoute.matches[*].path.type
[INFO] Auditing path $.compactor.httpRoute.matches[*].path.value
[INFO] Auditing path $.compactor.httpRoute.parentRefs
[INFO] Auditing path $.compactor.httpRoute.timeouts
[INFO] Auditing path $.compactor.ingress
[INFO] Auditing path $.compactor.ingress.annotations
[INFO] Auditing path $.compactor.ingress.apiVersion
[INFO] Auditing path $.compactor.ingress.enabled
[INFO] Auditing path $.compactor.ingress.extraHosts
[INFO] Auditing path $.compactor.ingress.extraHosts[*].name
[INFO] Auditing path $.compactor.ingress.extraHosts[*].path
[INFO] Auditing path $.compactor.ingress.extraHosts[*].pathType
[INFO] Auditing path $.compactor.ingress.extraRules
[INFO] Auditing path $.compactor.ingress.extraTls
[INFO] Auditing path $.compactor.ingress.hostname
[INFO] Auditing path $.compactor.ingress.ingressClassName
[INFO] Auditing path $.compactor.ingress.labels
[INFO] Auditing path $.compactor.ingress.path
[INFO] Auditing path $.compactor.ingress.pathType
[INFO] Auditing path $.compactor.ingress.secrets
[INFO] Auditing path $.compactor.ingress.secrets[*].certificate
[INFO] Auditing path $.compactor.ingress.secrets[*].key
[INFO] Auditing path $.compactor.ingress.selfSigned
[INFO] Auditing path $.compactor.ingress.tls
[INFO] Auditing path $.compactor.initContainers
[INFO] Auditing path $.compactor.lifecycleHooks
[INFO] Auditing path $.compactor.livenessProbe
[INFO] Auditing path $.compactor.livenessProbe.enabled
[INFO] Auditing path $.compactor.livenessProbe.failureThreshold
[INFO] Auditing path $.compactor.livenessProbe.initialDelaySeconds
[INFO] Auditing path $.compactor.livenessProbe.periodSeconds
[INFO] Auditing path $.compactor.livenessProbe.successThreshold
[INFO] Auditing path $.compactor.livenessProbe.timeoutSeconds
[INFO] Auditing path $.compactor.logFormat
[INFO] Auditing path $.compactor.logLevel
[INFO] Auditing path $.compactor.networkPolicy
[INFO] Auditing path $.compactor.networkPolicy.allowExternal
[INFO] Auditing path $.compactor.networkPolicy.allowExternalEgress
[INFO] Auditing path $.compactor.networkPolicy.enabled
[INFO] Auditing path $.compactor.networkPolicy.extraEgress
[INFO] Auditing path $.compactor.networkPolicy.extraIngress
[INFO] Auditing path $.compactor.networkPolicy.ingressNSMatchLabels
[INFO] Auditing path $.compactor.networkPolicy.ingressNSMatchLabels[*]
[INFO] Auditing path $.compactor.networkPolicy.ingressNSPodMatchLabels
[INFO] Auditing path $.compactor.networkPolicy.ingressNSPodMatchLabels[*]
[INFO] Auditing path $.compactor.nodeAffinityPreset
[INFO] Auditing path $.compactor.nodeAffinityPreset.key
[INFO] Auditing path $.compactor.nodeAffinityPreset.type
[INFO] Auditing path $.compactor.nodeAffinityPreset.values
[INFO] Auditing path $.compactor.nodeSelector
[INFO] Auditing path $.compactor.persistence
[INFO] Auditing path $.compactor.persistence.accessModes
[INFO] Auditing path $.compactor.persistence.accessModes[*]
[INFO] Auditing path $.compactor.persistence.annotations
[INFO] Auditing path $.compactor.persistence.defaultEmptyDir
[INFO] Auditing path $.compactor.persistence.enabled
[INFO] Auditing path $.compactor.persistence.ephemeral
[INFO] Auditing path $.compactor.persistence.existingClaim
[INFO] Auditing path $.compactor.persistence.labels
[INFO] Auditing path $.compactor.persistence.size
[INFO] Auditing path $.compactor.persistence.storageClass
[INFO] Auditing path $.compactor.podAffinityPreset
[INFO] Auditing path $.compactor.podAnnotations
[INFO] Auditing path $.compactor.podAntiAffinityPreset
[INFO] Auditing path $.compactor.podLabels
[INFO] Auditing path $.compactor.podSecurityContext
[INFO] Auditing path $.compactor.podSecurityContext.enabled
[INFO] Auditing path $.compactor.podSecurityContext.fsGroup
[INFO] Auditing path $.compactor.podSecurityContext.fsGroupChangePolicy
[INFO] Auditing path $.compactor.podSecurityContext.supplementalGroups
[INFO] Auditing path $.compactor.podSecurityContext.sysctls
[INFO] Auditing path $.compactor.priorityClassName
[INFO] Auditing path $.compactor.readinessProbe
[INFO] Auditing path $.compactor.readinessProbe.enabled
[INFO] Auditing path $.compactor.readinessProbe.failureThreshold
[INFO] Auditing path $.compactor.readinessProbe.initialDelaySeconds
[INFO] Auditing path $.compactor.readinessProbe.periodSeconds
[INFO] Auditing path $.compactor.readinessProbe.successThreshold
[INFO] Auditing path $.compactor.readinessProbe.timeoutSeconds
[INFO] Auditing path $.compactor.resources
[INFO] Auditing path $.compactor.resourcesPreset
[INFO] Auditing path $.compactor.restartPolicy
[INFO] Auditing path $.compactor.retentionResolution1h
[INFO] Auditing path $.compactor.retentionResolution5m
[INFO] Auditing path $.compactor.retentionResolutionRaw
[INFO] Auditing path $.compactor.revisionHistoryLimit
[INFO] Auditing path $.compactor.schedulerName
[INFO] Auditing path $.compactor.service
[INFO] Auditing path $.compactor.service.annotations
[INFO] Auditing path $.compactor.service.clusterIP
[INFO] Auditing path $.compactor.service.externalTrafficPolicy
[INFO] Auditing path $.compactor.service.extraPorts
[INFO] Auditing path $.compactor.service.ipFamilies
[INFO] Auditing path $.compactor.service.ipFamilyPolicy
[INFO] Auditing path $.compactor.service.labelSelectorsOverride
[INFO] Auditing path $.compactor.service.labels
[INFO] Auditing path $.compactor.service.loadBalancerIP
[INFO] Auditing path $.compactor.service.loadBalancerSourceRanges
[INFO] Auditing path $.compactor.service.nodePorts
[INFO] Auditing path $.compactor.service.nodePorts.http
[INFO] Auditing path $.compactor.service.ports
[INFO] Auditing path $.compactor.service.ports.http
[INFO] Auditing path $.compactor.service.type
[INFO] Auditing path $.compactor.serviceAccount
[INFO] Auditing path $.compactor.serviceAccount.annotations
[INFO] Auditing path $.compactor.serviceAccount.automountServiceAccountToken
[INFO] Auditing path $.compactor.serviceAccount.create
[INFO] Auditing path $.compactor.serviceAccount.name
[INFO] Auditing path $.compactor.sidecars
[INFO] Auditing path $.compactor.startupProbe
[INFO] Auditing path $.compactor.startupProbe.enabled
[INFO] Auditing path $.compactor.startupProbe.failureThreshold
[INFO] Auditing path $.compactor.startupProbe.initialDelaySeconds
[INFO] Auditing path $.compactor.startupProbe.periodSeconds
[INFO] Auditing path $.compactor.startupProbe.successThreshold
[INFO] Auditing path $.compactor.startupProbe.timeoutSeconds
[INFO] Auditing path $.compactor.tolerations
[INFO] Auditing path $.compactor.topologySpreadConstraints
[INFO] Auditing path $.compactor.updateStrategy
[INFO] Auditing path $.compactor.updateStrategy.type
[INFO] Auditing path $.compactor
[INFO] Auditing path $.existingHttpConfigSecret
[INFO] Auditing path $.existingObjstoreSecret
[INFO] Auditing path $.existingObjstoreSecretItems
[INFO] Auditing path $.extraDeploy[*]
[INFO] Auditing path $.extraDeploy
[INFO] Auditing path $.fullnameOverride
[INFO] Auditing path $.global.compatibility
[INFO] Auditing path $.global.compatibility.openshift
[INFO] Auditing path $.global.compatibility.openshift.adaptSecurityContext
[INFO] Auditing path $.global.defaultStorageClass
[INFO] Auditing path $.global.imagePullSecrets
[INFO] Auditing path $.global.imageRegistry
[INFO] Auditing path $.global.security
[INFO] Auditing path $.global.security.allowInsecureImages
[INFO] Auditing path $.global
[INFO] Auditing path $.httpConfig
[INFO] Auditing path $.https.autoGenerated
[INFO] Auditing path $.https.ca
[INFO] Auditing path $.https.caFilename
[INFO] Auditing path $.https.cert
[INFO] Auditing path $.https.certFilename
[INFO] Auditing path $.https.clientAuthType
[INFO] Auditing path $.https.enabled
[INFO] Auditing path $.https.existingSecret
[INFO] Auditing path $.https.extraTlsServerConfig
[INFO] Auditing path $.https.key
[INFO] Auditing path $.https.keyFilename
[INFO] Auditing path $.https
[INFO] Auditing path $.image.digest
[INFO] Auditing path $.image.pullPolicy
[INFO] Auditing path $.image.pullSecrets
[INFO] Auditing path $.image.registry
[INFO] Auditing path $.image.repository
[INFO] Auditing path $.image.tag
[INFO] Auditing path $.image
[INFO] Auditing path $.indexCacheConfig
[INFO] Auditing path $.kubeVersion
[INFO] Auditing path $.metrics.enabled
[INFO] Auditing path $.metrics.prometheusRule
[INFO] Auditing path $.metrics.prometheusRule.additionalLabels
[INFO] Auditing path $.metrics.prometheusRule.default
[INFO] Auditing path $.metrics.prometheusRule.default.absent_rules
[INFO] Auditing path $.metrics.prometheusRule.default.compaction
[INFO] Auditing path $.metrics.prometheusRule.default.create
[INFO] Auditing path $.metrics.prometheusRule.default.disabled
[INFO] Auditing path $.metrics.prometheusRule.default.disabled.ThanosBucketReplicateErrorRate
[INFO] Auditing path $.metrics.prometheusRule.default.disabled.ThanosBucketReplicateRunLatency
[INFO] Auditing path $.metrics.prometheusRule.default.disabled.ThanosCompactBucketHighOperationFailures
[INFO] Auditing path $.metrics.prometheusRule.default.disabled.ThanosCompactHalted
[INFO] Auditing path $.metrics.prometheusRule.default.disabled.ThanosCompactHasNotRun
[INFO] Auditing path $.metrics.prometheusRule.default.disabled.ThanosCompactHighCompactionFailures
[INFO] Auditing path $.metrics.prometheusRule.default.disabled.ThanosCompactIsDown
[INFO] Auditing path $.metrics.prometheusRule.default.disabled.ThanosCompactMultipleRunning
[INFO] Auditing path $.metrics.prometheusRule.default.disabled.ThanosNoRuleEvaluations
[INFO] Auditing path $.metrics.prometheusRule.default.disabled.ThanosQueryGrpcClientErrorRate
[INFO] Auditing path $.metrics.prometheusRule.default.disabled.ThanosQueryGrpcServerErrorRate
[INFO] Auditing path $.metrics.prometheusRule.default.disabled.ThanosQueryHighDNSFailures
[INFO] Auditing path $.metrics.prometheusRule.default.disabled.ThanosQueryHttpRequestQueryErrorRateHigh
[INFO] Auditing path $.metrics.prometheusRule.default.disabled.ThanosQueryHttpRequestQueryRangeErrorRateHigh
[INFO] Auditing path $.metrics.prometheusRule.default.disabled.ThanosQueryInstantLatencyHigh
[INFO] Auditing path $.metrics.prometheusRule.default.disabled.ThanosQueryIsDown
[INFO] Auditing path $.metrics.prometheusRule.default.disabled.ThanosQueryOverload
[INFO] Auditing path $.metrics.prometheusRule.default.disabled.ThanosQueryRangeLatencyHigh
[INFO] Auditing path $.metrics.prometheusRule.default.disabled.ThanosReceiveConfigReloadFailure
[INFO] Auditing path $.metrics.prometheusRule.default.disabled.ThanosReceiveHighForwardRequestFailures
[INFO] Auditing path $.metrics.prometheusRule.default.disabled.ThanosReceiveHighHashringFileRefreshFailures
[INFO] Auditing path $.metrics.prometheusRule.default.disabled.ThanosReceiveHighReplicationFailures
[INFO] Auditing path $.metrics.prometheusRule.default.disabled.ThanosReceiveHttpRequestErrorRateHigh
[INFO] Auditing path $.metrics.prometheusRule.default.disabled.ThanosReceiveHttpRequestLatencyHigh
[INFO] Auditing path $.metrics.prometheusRule.default.disabled.ThanosReceiveIsDown
[INFO] Auditing path $.metrics.prometheusRule.default.disabled.ThanosReceiveNoUpload
[INFO] Auditing path $.metrics.prometheusRule.default.disabled.ThanosReceiveTrafficBelowThreshold
[INFO] Auditing path $.metrics.prometheusRule.default.disabled.ThanosRuleAlertmanagerHighDNSFailures
[INFO] Auditing path $.metrics.prometheusRule.default.disabled.ThanosRuleConfigReloadFailure
[INFO] Auditing path $.metrics.prometheusRule.default.disabled.ThanosRuleGrpcErrorRate
[INFO] Auditing path $.metrics.prometheusRule.default.disabled.ThanosRuleHighRuleEvaluationFailures
[INFO] Auditing path $.metrics.prometheusRule.default.disabled.ThanosRuleHighRuleEvaluationWarnings
[INFO] Auditing path $.metrics.prometheusRule.default.disabled.ThanosRuleIsDown
[INFO] Auditing path $.metrics.prometheusRule.default.disabled.ThanosRuleNoEvaluationFor10Intervals
[INFO] Auditing path $.metrics.prometheusRule.default.disabled.ThanosRuleQueryHighDNSFailures
[INFO] Auditing path $.metrics.prometheusRule.default.disabled.ThanosRuleQueueIsDroppingAlerts
[INFO] Auditing path $.metrics.prometheusRule.default.disabled.ThanosRuleRuleEvaluationLatencyHigh
[INFO] Auditing path $.metrics.prometheusRule.default.disabled.ThanosRuleSenderIsFailingAlerts
[INFO] Auditing path $.metrics.prometheusRule.default.disabled.ThanosSidecarBucketOperationsFailed
[INFO] Auditing path $.metrics.prometheusRule.default.disabled.ThanosSidecarIsDown
[INFO] Auditing path $.metrics.prometheusRule.default.disabled.ThanosSidecarNoConnectionToStartedPrometheus
[INFO] Auditing path $.metrics.prometheusRule.default.disabled.ThanosStoreBucketHighOperationFailures
[INFO] Auditing path $.metrics.prometheusRule.default.disabled.ThanosStoreGrpcErrorRate
[INFO] Auditing path $.metrics.prometheusRule.default.disabled.ThanosStoreIsDown
[INFO] Auditing path $.metrics.prometheusRule.default.disabled.ThanosStoreObjstoreOperationLatencyHigh
[INFO] Auditing path $.metrics.prometheusRule.default.disabled.ThanosStoreSeriesGateLatencyHigh
[INFO] Auditing path $.metrics.prometheusRule.default.query
[INFO] Auditing path $.metrics.prometheusRule.default.receive
[INFO] Auditing path $.metrics.prometheusRule.default.replicate
[INFO] Auditing path $.metrics.prometheusRule.default.ruler
[INFO] Auditing path $.metrics.prometheusRule.default.sidecar
[INFO] Auditing path $.metrics.prometheusRule.default.sidecarJobRegex
[INFO] Auditing path $.metrics.prometheusRule.default.store_gateway
[INFO] Auditing path $.metrics.prometheusRule.enabled
[INFO] Auditing path $.metrics.prometheusRule.groups
[INFO] Auditing path $.metrics.prometheusRule.namespace
[INFO] Auditing path $.metrics.prometheusRule.runbookUrl
[INFO] Auditing path $.metrics.serviceMonitor
[INFO] Auditing path $.metrics.serviceMonitor.enabled
[INFO] Auditing path $.metrics.serviceMonitor.extraParameters
[INFO] Auditing path $.metrics.serviceMonitor.interval
[INFO] Auditing path $.metrics.serviceMonitor.jobLabel
[INFO] Auditing path $.metrics.serviceMonitor.labels
[INFO] Auditing path $.metrics.serviceMonitor.metricRelabelings
[INFO] Auditing path $.metrics.serviceMonitor.namespace
[INFO] Auditing path $.metrics.serviceMonitor.relabelings
[INFO] Auditing path $.metrics.serviceMonitor.scrapeTimeout
[INFO] Auditing path $.metrics.serviceMonitor.selector
[INFO] Auditing path $.metrics
[INFO] Auditing path $.minio.auth
[INFO] Auditing path $.minio.auth.rootPassword
[INFO] Auditing path $.minio.auth.rootUser
[INFO] Auditing path $.minio.console
[INFO] Auditing path $.minio.console.enabled
[INFO] Auditing path $.minio.containerPorts.api
[INFO] Auditing path $.minio.defaultBuckets
[INFO] Auditing path $.minio.enabled
[INFO] Auditing path $.minio.resources
[INFO] Auditing path $.minio.resourcesPreset
[INFO] Auditing path $.minio.service.ports.api
[INFO] Auditing path $.minio
[INFO] Auditing path $.nameOverride
[INFO] Auditing path $.objstoreConfig
[INFO] Auditing path $.query.affinity
[INFO] Auditing path $.query.args
[INFO] Auditing path $.query.automountServiceAccountToken
[INFO] Auditing path $.query.autoscaling
[INFO] Auditing path $.query.autoscaling.behavior
[INFO] Auditing path $.query.autoscaling.enabled
[INFO] Auditing path $.query.autoscaling.maxReplicas
[INFO] Auditing path $.query.autoscaling.minReplicas
[INFO] Auditing path $.query.autoscaling.targetCPU
[INFO] Auditing path $.query.autoscaling.targetMemory
[INFO] Auditing path $.query.autoscaling.targetPodMetrics
[INFO] Auditing path $.query.autoscaling.targetPodMetrics[*].averageValue
[INFO] Auditing path $.query.autoscaling.targetPodMetrics[*].name
[INFO] Auditing path $.query.command
[INFO] Auditing path $.query.containerPorts
[INFO] Auditing path $.query.containerPorts.grpc
[INFO] Auditing path $.query.containerPorts.http
[INFO] Auditing path $.query.containerSecurityContext
[INFO] Auditing path $.query.containerSecurityContext.allowPrivilegeEscalation
[INFO] Auditing path $.query.containerSecurityContext.capabilities
[INFO] Auditing path $.query.containerSecurityContext.capabilities.drop
[INFO] Auditing path $.query.containerSecurityContext.enabled
[INFO] Auditing path $.query.containerSecurityContext.privileged
[INFO] Auditing path $.query.containerSecurityContext.readOnlyRootFilesystem
[INFO] Auditing path $.query.containerSecurityContext.runAsGroup
[INFO] Auditing path $.query.containerSecurityContext.runAsNonRoot
[INFO] Auditing path $.query.containerSecurityContext.runAsUser
[INFO] Auditing path $.query.containerSecurityContext.seLinuxOptions
[INFO] Auditing path $.query.containerSecurityContext.seccompProfile
[INFO] Auditing path $.query.containerSecurityContext.seccompProfile.type
[INFO] Auditing path $.query.customLivenessProbe
[INFO] Auditing path $.query.customReadinessProbe
[INFO] Auditing path $.query.customStartupProbe
[INFO] Auditing path $.query.dnsConfig
[INFO] Auditing path $.query.dnsDiscovery
[INFO] Auditing path $.query.dnsDiscovery.enabled
[INFO] Auditing path $.query.dnsDiscovery.sidecarsNamespace
[INFO] Auditing path $.query.dnsDiscovery.sidecarsService
[INFO] Auditing path $.query.dnsPolicy
[INFO] Auditing path $.query.enabled
[INFO] Auditing path $.query.existingSDConfigmap
[INFO] Auditing path $.query.externalAutoscaler
[INFO] Auditing path $.query.extraEnvVars
[INFO] Auditing path $.query.extraEnvVarsCM
[INFO] Auditing path $.query.extraEnvVarsSecret
[INFO] Auditing path $.query.extraFlags
[INFO] Auditing path $.query.extraVolumeMounts
[INFO] Auditing path $.query.extraVolumes
[INFO] Auditing path $.query.grpc
[INFO] Auditing path $.query.grpc.client
[INFO] Auditing path $.query.grpc.client.serverName
[INFO] Auditing path $.query.grpc.client.tls
[INFO] Auditing path $.query.grpc.client.tls.autoGenerated
[INFO] Auditing path $.query.grpc.client.tls.ca
[INFO] Auditing path $.query.grpc.client.tls.cert
[INFO] Auditing path $.query.grpc.client.tls.enabled
[INFO] Auditing path $.query.grpc.client.tls.existingSecret
[INFO] Auditing path $.query.grpc.client.tls.key
[INFO] Auditing path $.query.grpc.server
[INFO] Auditing path $.query.grpc.server.tls
[INFO] Auditing path $.query.grpc.server.tls.autoGenerated
[INFO] Auditing path $.query.grpc.server.tls.ca
[INFO] Auditing path $.query.grpc.server.tls.cert
[INFO] Auditing path $.query.grpc.server.tls.clientAuthEnabled
[INFO] Auditing path $.query.grpc.server.tls.enabled
[INFO] Auditing path $.query.grpc.server.tls.existingSecret
[INFO] Auditing path $.query.grpc.server.tls.key
[INFO] Auditing path $.query.hostAliases
[INFO] Auditing path $.query.httpRoute
[INFO] Auditing path $.query.httpRoute.annotations
[INFO] Auditing path $.query.httpRoute.enabled
[INFO] Auditing path $.query.httpRoute.extraRules
[INFO] Auditing path $.query.httpRoute.filters
[INFO] Auditing path $.query.httpRoute.hostnames
[INFO] Auditing path $.query.httpRoute.labels
[INFO] Auditing path $.query.httpRoute.matches
[INFO] Auditing path $.query.httpRoute.matches[*].path
[INFO] Auditing path $.query.httpRoute.matches[*].path.type
[INFO] Auditing path $.query.httpRoute.matches[*].path.value
[INFO] Auditing path $.query.httpRoute.parentRefs
[INFO] Auditing path $.query.httpRoute.timeouts
[INFO] Auditing path $.query.ingress
[INFO] Auditing path $.query.ingress.annotations
[INFO] Auditing path $.query.ingress.apiVersion
[INFO] Auditing path $.query.ingress.enabled
[INFO] Auditing path $.query.ingress.extraHosts
[INFO] Auditing path $.query.ingress.extraHosts[*].name
[INFO] Auditing path $.query.ingress.extraHosts[*].path
[INFO] Auditing path $.query.ingress.extraHosts[*].pathType
[INFO] Auditing path $.query.ingress.extraRules
[INFO] Auditing path $.query.ingress.extraTls
[INFO] Auditing path $.query.ingress.grpc
[INFO] Auditing path $.query.ingress.grpc.annotations
[INFO] Auditing path $.query.ingress.grpc.apiVersion
[INFO] Auditing path $.query.ingress.grpc.enabled
[INFO] Auditing path $.query.ingress.grpc.extraHosts
[INFO] Auditing path $.query.ingress.grpc.extraHosts[*].name
[INFO] Auditing path $.query.ingress.grpc.extraHosts[*].path
[INFO] Auditing path $.query.ingress.grpc.extraHosts[*].pathType
[INFO] Auditing path $.query.ingress.grpc.extraRules
[INFO] Auditing path $.query.ingress.grpc.extraTls
[INFO] Auditing path $.query.ingress.grpc.hostname
[INFO] Auditing path $.query.ingress.grpc.ingressClassName
[INFO] Auditing path $.query.ingress.grpc.path
[INFO] Auditing path $.query.ingress.grpc.pathType
[INFO] Auditing path $.query.ingress.grpc.secretName
[INFO] Auditing path $.query.ingress.grpc.secrets
[INFO] Auditing path $.query.ingress.grpc.secrets[*].certificate
[INFO] Auditing path $.query.ingress.grpc.secrets[*].key
[INFO] Auditing path $.query.ingress.grpc.selfSigned
[INFO] Auditing path $.query.ingress.grpc.tls
[INFO] Auditing path $.query.ingress.hostname
[INFO] Auditing path $.query.ingress.ingressClassName
[INFO] Auditing path $.query.ingress.labels
[INFO] Auditing path $.query.ingress.path
[INFO] Auditing path $.query.ingress.pathType
[INFO] Auditing path $.query.ingress.secretName
[INFO] Auditing path $.query.ingress.secrets
[INFO] Auditing path $.query.ingress.secrets[*].certificate
[INFO] Auditing path $.query.ingress.secrets[*].key
[INFO] Auditing path $.query.ingress.selfSigned
[INFO] Auditing path $.query.ingress.tls
[INFO] Auditing path $.query.initContainers
[INFO] Auditing path $.query.lifecycleHooks
[INFO] Auditing path $.query.livenessProbe
[INFO] Auditing path $.query.livenessProbe.enabled
[INFO] Auditing path $.query.livenessProbe.failureThreshold
[INFO] Auditing path $.query.livenessProbe.initialDelaySeconds
[INFO] Auditing path $.query.livenessProbe.periodSeconds
[INFO] Auditing path $.query.livenessProbe.successThreshold
[INFO] Auditing path $.query.livenessProbe.timeoutSeconds
[INFO] Auditing path $.query.logFormat
[INFO] Auditing path $.query.logLevel
[INFO] Auditing path $.query.networkPolicy
[INFO] Auditing path $.query.networkPolicy.allowExternal
[INFO] Auditing path $.query.networkPolicy.allowExternalEgress
[INFO] Auditing path $.query.networkPolicy.enabled
[INFO] Auditing path $.query.networkPolicy.extraEgress
[INFO] Auditing path $.query.networkPolicy.extraIngress
[INFO] Auditing path $.query.networkPolicy.ingressNSMatchLabels
[INFO] Auditing path $.query.networkPolicy.ingressNSMatchLabels[*]
[INFO] Auditing path $.query.networkPolicy.ingressNSPodMatchLabels
[INFO] Auditing path $.query.networkPolicy.ingressNSPodMatchLabels[*]
[INFO] Auditing path $.query.nodeAffinityPreset
[INFO] Auditing path $.query.nodeAffinityPreset.key
[INFO] Auditing path $.query.nodeAffinityPreset.type
[INFO] Auditing path $.query.nodeAffinityPreset.values
[INFO] Auditing path $.query.nodeSelector
[INFO] Auditing path $.query.pdb
[INFO] Auditing path $.query.pdb.create
[INFO] Auditing path $.query.pdb.maxUnavailable
[INFO] Auditing path $.query.pdb.minAvailable
[INFO] Auditing path $.query.podAffinityPreset
[INFO] Auditing path $.query.podAnnotations
[INFO] Auditing path $.query.podAntiAffinityPreset
[INFO] Auditing path $.query.podAntiAffinityPresetTopologyKey
[INFO] Auditing path $.query.podLabels
[INFO] Auditing path $.query.podSecurityContext
[INFO] Auditing path $.query.podSecurityContext.enabled
[INFO] Auditing path $.query.podSecurityContext.fsGroup
[INFO] Auditing path $.query.podSecurityContext.fsGroupChangePolicy
[INFO] Auditing path $.query.podSecurityContext.supplementalGroups
[INFO] Auditing path $.query.podSecurityContext.sysctls
[INFO] Auditing path $.query.priorityClassName
[INFO] Auditing path $.query.pspEnabled
[INFO] Auditing path $.query.rbac
[INFO] Auditing path $.query.rbac.create
[INFO] Auditing path $.query.rbac.rules
[INFO] Auditing path $.query.readinessProbe
[INFO] Auditing path $.query.readinessProbe.enabled
[INFO] Auditing path $.query.readinessProbe.failureThreshold
[INFO] Auditing path $.query.readinessProbe.initialDelaySeconds
[INFO] Auditing path $.query.readinessProbe.periodSeconds
[INFO] Auditing path $.query.readinessProbe.successThreshold
[INFO] Auditing path $.query.readinessProbe.timeoutSeconds
[INFO] Auditing path $.query.replicaCount
[INFO] Auditing path $.query.replicaLabel
[INFO] Auditing path $.query.replicaLabel[*]
[INFO] Auditing path $.query.resources
[INFO] Auditing path $.query.resourcesPreset
[INFO] Auditing path $.query.revisionHistoryLimit
[INFO] Auditing path $.query.schedulerName
[INFO] Auditing path $.query.sdConfig
[INFO] Auditing path $.query.service
[INFO] Auditing path $.query.service.additionalHeadless
[INFO] Auditing path $.query.service.annotations
[INFO] Auditing path $.query.service.clusterIP
[INFO] Auditing path $.query.service.externalTrafficPolicy
[INFO] Auditing path $.query.service.extraPorts
[INFO] Auditing path $.query.service.headless
[INFO] Auditing path $.query.service.headless.annotations
[INFO] Auditing path $.query.service.ipFamilies
[INFO] Auditing path $.query.service.ipFamilyPolicy
[INFO] Auditing path $.query.service.labelSelectorsOverride
[INFO] Auditing path $.query.service.labels
[INFO] Auditing path $.query.service.loadBalancerIP
[INFO] Auditing path $.query.service.loadBalancerSourceRanges
[INFO] Auditing path $.query.service.nodePorts
[INFO] Auditing path $.query.service.nodePorts.http
[INFO] Auditing path $.query.service.ports
[INFO] Auditing path $.query.service.ports.http
[INFO] Auditing path $.query.service.type
[INFO] Auditing path $.query.serviceAccount
[INFO] Auditing path $.query.serviceAccount.annotations
[INFO] Auditing path $.query.serviceAccount.automountServiceAccountToken
[INFO] Auditing path $.query.serviceAccount.create
[INFO] Auditing path $.query.serviceAccount.name
[INFO] Auditing path $.query.serviceGrpc
[INFO] Auditing path $.query.serviceGrpc.additionalHeadless
[INFO] Auditing path $.query.serviceGrpc.annotations
[INFO] Auditing path $.query.serviceGrpc.clusterIP
[INFO] Auditing path $.query.serviceGrpc.externalTrafficPolicy
[INFO] Auditing path $.query.serviceGrpc.extraPorts
[INFO] Auditing path $.query.serviceGrpc.headless
[INFO] Auditing path $.query.serviceGrpc.headless.annotations
[INFO] Auditing path $.query.serviceGrpc.ipFamilies
[INFO] Auditing path $.query.serviceGrpc.ipFamilyPolicy
[INFO] Auditing path $.query.serviceGrpc.labelSelectorsOverride
[INFO] Auditing path $.query.serviceGrpc.labels
[INFO] Auditing path $.query.serviceGrpc.loadBalancerIP
[INFO] Auditing path $.query.serviceGrpc.loadBalancerSourceRanges
[INFO] Auditing path $.query.serviceGrpc.nodePorts
[INFO] Auditing path $.query.serviceGrpc.nodePorts.grpc
[INFO] Auditing path $.query.serviceGrpc.ports
[INFO] Auditing path $.query.serviceGrpc.ports.grpc
[INFO] Auditing path $.query.serviceGrpc.type
[INFO] Auditing path $.query.sidecars
[INFO] Auditing path $.query.startupProbe
[INFO] Auditing path $.query.startupProbe.enabled
[INFO] Auditing path $.query.startupProbe.failureThreshold
[INFO] Auditing path $.query.startupProbe.initialDelaySeconds
[INFO] Auditing path $.query.startupProbe.periodSeconds
[INFO] Auditing path $.query.startupProbe.successThreshold
[INFO] Auditing path $.query.startupProbe.timeoutSeconds
[INFO] Auditing path $.query.stores
[INFO] Auditing path $.query.stores[*]
[INFO] Auditing path $.query.tolerations
[INFO] Auditing path $.query.topologySpreadConstraints
[INFO] Auditing path $.query.updateStrategy
[INFO] Auditing path $.query.updateStrategy.type
[INFO] Auditing path $.query
[INFO] Auditing path $.queryFrontend.affinity
[INFO] Auditing path $.queryFrontend.args
[INFO] Auditing path $.queryFrontend.automountServiceAccountToken
[INFO] Auditing path $.queryFrontend.autoscaling
[INFO] Auditing path $.queryFrontend.autoscaling.behavior
[INFO] Auditing path $.queryFrontend.autoscaling.enabled
[INFO] Auditing path $.queryFrontend.autoscaling.maxReplicas
[INFO] Auditing path $.queryFrontend.autoscaling.minReplicas
[INFO] Auditing path $.queryFrontend.autoscaling.targetCPU
[INFO] Auditing path $.queryFrontend.autoscaling.targetMemory
[INFO] Auditing path $.queryFrontend.command
[INFO] Auditing path $.queryFrontend.config
[INFO] Auditing path $.queryFrontend.containerPorts
[INFO] Auditing path $.queryFrontend.containerPorts.grpc
[INFO] Auditing path $.queryFrontend.containerPorts.http
[INFO] Auditing path $.queryFrontend.containerSecurityContext
[INFO] Auditing path $.queryFrontend.containerSecurityContext.allowPrivilegeEscalation
[INFO] Auditing path $.queryFrontend.containerSecurityContext.capabilities
[INFO] Auditing path $.queryFrontend.containerSecurityContext.capabilities.drop
[INFO] Auditing path $.queryFrontend.containerSecurityContext.enabled
[INFO] Auditing path $.queryFrontend.containerSecurityContext.privileged
[INFO] Auditing path $.queryFrontend.containerSecurityContext.readOnlyRootFilesystem
[INFO] Auditing path $.queryFrontend.containerSecurityContext.runAsGroup
[INFO] Auditing path $.queryFrontend.containerSecurityContext.runAsNonRoot
[INFO] Auditing path $.queryFrontend.containerSecurityContext.runAsUser
[INFO] Auditing path $.queryFrontend.containerSecurityContext.seLinuxOptions
[INFO] Auditing path $.queryFrontend.containerSecurityContext.seccompProfile
[INFO] Auditing path $.queryFrontend.containerSecurityContext.seccompProfile.type
[INFO] Auditing path $.queryFrontend.customLivenessProbe
[INFO] Auditing path $.queryFrontend.customReadinessProbe
[INFO] Auditing path $.queryFrontend.customStartupProbe
[INFO] Auditing path $.queryFrontend.dnsConfig
[INFO] Auditing path $.queryFrontend.dnsPolicy
[INFO] Auditing path $.queryFrontend.enabled
[INFO] Auditing path $.queryFrontend.existingConfigmap
[INFO] Auditing path $.queryFrontend.externalAutoscaler
[INFO] Auditing path $.queryFrontend.extraEnvVars
[INFO] Auditing path $.queryFrontend.extraEnvVarsCM
[INFO] Auditing path $.queryFrontend.extraEnvVarsSecret
[INFO] Auditing path $.queryFrontend.extraFlags
[INFO] Auditing path $.queryFrontend.extraVolumeMounts
[INFO] Auditing path $.queryFrontend.extraVolumes
[INFO] Auditing path $.queryFrontend.hostAliases
[INFO] Auditing path $.queryFrontend.httpRoute
[INFO] Auditing path $.queryFrontend.httpRoute.annotations
[INFO] Auditing path $.queryFrontend.httpRoute.enabled
[INFO] Auditing path $.queryFrontend.httpRoute.extraRules
[INFO] Auditing path $.queryFrontend.httpRoute.filters
[INFO] Auditing path $.queryFrontend.httpRoute.hostnames
[INFO] Auditing path $.queryFrontend.httpRoute.labels
[INFO] Auditing path $.queryFrontend.httpRoute.matches
[INFO] Auditing path $.queryFrontend.httpRoute.matches[*].path
[INFO] Auditing path $.queryFrontend.httpRoute.matches[*].path.type
[INFO] Auditing path $.queryFrontend.httpRoute.matches[*].path.value
[INFO] Auditing path $.queryFrontend.httpRoute.parentRefs
[INFO] Auditing path $.queryFrontend.httpRoute.timeouts
[INFO] Auditing path $.queryFrontend.ingress
[INFO] Auditing path $.queryFrontend.ingress.annotations
[INFO] Auditing path $.queryFrontend.ingress.apiVersion
[INFO] Auditing path $.queryFrontend.ingress.enabled
[INFO] Auditing path $.queryFrontend.ingress.extraHosts
[INFO] Auditing path $.queryFrontend.ingress.extraHosts[*].name
[INFO] Auditing path $.queryFrontend.ingress.extraHosts[*].path
[INFO] Auditing path $.queryFrontend.ingress.extraHosts[*].pathType
[INFO] Auditing path $.queryFrontend.ingress.extraRules
[INFO] Auditing path $.queryFrontend.ingress.extraTls
[INFO] Auditing path $.queryFrontend.ingress.hostname
[INFO] Auditing path $.queryFrontend.ingress.ingressClassName
[INFO] Auditing path $.queryFrontend.ingress.labels
[INFO] Auditing path $.queryFrontend.ingress.overrideAlertQueryURL
[INFO] Auditing path $.queryFrontend.ingress.path
[INFO] Auditing path $.queryFrontend.ingress.pathType
[INFO] Auditing path $.queryFrontend.ingress.secrets
[INFO] Auditing path $.queryFrontend.ingress.secrets[*].certificate
[INFO] Auditing path $.queryFrontend.ingress.secrets[*].key
[INFO] Auditing path $.queryFrontend.ingress.selfSigned
[INFO] Auditing path $.queryFrontend.ingress.tls
[INFO] Auditing path $.queryFrontend.initContainers
[INFO] Auditing path $.queryFrontend.lifecycleHooks
[INFO] Auditing path $.queryFrontend.livenessProbe
[INFO] Auditing path $.queryFrontend.livenessProbe.enabled
[INFO] Auditing path $.queryFrontend.livenessProbe.failureThreshold
[INFO] Auditing path $.queryFrontend.livenessProbe.initialDelaySeconds
[INFO] Auditing path $.queryFrontend.livenessProbe.periodSeconds
[INFO] Auditing path $.queryFrontend.livenessProbe.successThreshold
[INFO] Auditing path $.queryFrontend.livenessProbe.timeoutSeconds
[INFO] Auditing path $.queryFrontend.logFormat
[INFO] Auditing path $.queryFrontend.logLevel
[INFO] Auditing path $.queryFrontend.networkPolicy
[INFO] Auditing path $.queryFrontend.networkPolicy.allowExternal
[INFO] Auditing path $.queryFrontend.networkPolicy.allowExternalEgress
[INFO] Auditing path $.queryFrontend.networkPolicy.enabled
[INFO] Auditing path $.queryFrontend.networkPolicy.extraEgress
[INFO] Auditing path $.queryFrontend.networkPolicy.extraIngress
[INFO] Auditing path $.queryFrontend.networkPolicy.ingressNSMatchLabels
[INFO] Auditing path $.queryFrontend.networkPolicy.ingressNSMatchLabels[*]
[INFO] Auditing path $.queryFrontend.networkPolicy.ingressNSPodMatchLabels
[INFO] Auditing path $.queryFrontend.networkPolicy.ingressNSPodMatchLabels[*]
[INFO] Auditing path $.queryFrontend.nodeAffinityPreset
[INFO] Auditing path $.queryFrontend.nodeAffinityPreset.key
[INFO] Auditing path $.queryFrontend.nodeAffinityPreset.type
[INFO] Auditing path $.queryFrontend.nodeAffinityPreset.values
[INFO] Auditing path $.queryFrontend.nodeSelector
[INFO] Auditing path $.queryFrontend.pdb
[INFO] Auditing path $.queryFrontend.pdb.create
[INFO] Auditing path $.queryFrontend.pdb.maxUnavailable
[INFO] Auditing path $.queryFrontend.pdb.minAvailable
[INFO] Auditing path $.queryFrontend.podAffinityPreset
[INFO] Auditing path $.queryFrontend.podAnnotations
[INFO] Auditing path $.queryFrontend.podAntiAffinityPreset
[INFO] Auditing path $.queryFrontend.podLabels
[INFO] Auditing path $.queryFrontend.podSecurityContext
[INFO] Auditing path $.queryFrontend.podSecurityContext.enabled
[INFO] Auditing path $.queryFrontend.podSecurityContext.fsGroup
[INFO] Auditing path $.queryFrontend.podSecurityContext.fsGroupChangePolicy
[INFO] Auditing path $.queryFrontend.podSecurityContext.supplementalGroups
[INFO] Auditing path $.queryFrontend.podSecurityContext.sysctls
[INFO] Auditing path $.queryFrontend.priorityClassName
[INFO] Auditing path $.queryFrontend.pspEnabled
[INFO] Auditing path $.queryFrontend.rbac
[INFO] Auditing path $.queryFrontend.rbac.create
[INFO] Auditing path $.queryFrontend.rbac.rules
[INFO] Auditing path $.queryFrontend.readinessProbe
[INFO] Auditing path $.queryFrontend.readinessProbe.enabled
[INFO] Auditing path $.queryFrontend.readinessProbe.failureThreshold
[INFO] Auditing path $.queryFrontend.readinessProbe.initialDelaySeconds
[INFO] Auditing path $.queryFrontend.readinessProbe.periodSeconds
[INFO] Auditing path $.queryFrontend.readinessProbe.successThreshold
[INFO] Auditing path $.queryFrontend.readinessProbe.timeoutSeconds
[INFO] Auditing path $.queryFrontend.replicaCount
[INFO] Auditing path $.queryFrontend.resources
[INFO] Auditing path $.queryFrontend.resourcesPreset
[INFO] Auditing path $.queryFrontend.revisionHistoryLimit
[INFO] Auditing path $.queryFrontend.schedulerName
[INFO] Auditing path $.queryFrontend.service
[INFO] Auditing path $.queryFrontend.service.annotations
[INFO] Auditing path $.queryFrontend.service.clusterIP
[INFO] Auditing path $.queryFrontend.service.externalTrafficPolicy
[INFO] Auditing path $.queryFrontend.service.extraPorts
[INFO] Auditing path $.queryFrontend.service.ipFamilies
[INFO] Auditing path $.queryFrontend.service.ipFamilyPolicy
[INFO] Auditing path $.queryFrontend.service.labelSelectorsOverride
[INFO] Auditing path $.queryFrontend.service.labels
[INFO] Auditing path $.queryFrontend.service.loadBalancerIP
[INFO] Auditing path $.queryFrontend.service.loadBalancerSourceRanges
[INFO] Auditing path $.queryFrontend.service.nodePorts
[INFO] Auditing path $.queryFrontend.service.nodePorts.http
[INFO] Auditing path $.queryFrontend.service.ports
[INFO] Auditing path $.queryFrontend.service.ports.grpc
[INFO] Auditing path $.queryFrontend.service.ports.http
[INFO] Auditing path $.queryFrontend.service.type
[INFO] Auditing path $.queryFrontend.serviceAccount
[INFO] Auditing path $.queryFrontend.serviceAccount.annotations
[INFO] Auditing path $.queryFrontend.serviceAccount.automountServiceAccountToken
[INFO] Auditing path $.queryFrontend.serviceAccount.create
[INFO] Auditing path $.queryFrontend.serviceAccount.name
[INFO] Auditing path $.queryFrontend.sidecars
[INFO] Auditing path $.queryFrontend.startupProbe
[INFO] Auditing path $.queryFrontend.startupProbe.enabled
[INFO] Auditing path $.queryFrontend.startupProbe.failureThreshold
[INFO] Auditing path $.queryFrontend.startupProbe.initialDelaySeconds
[INFO] Auditing path $.queryFrontend.startupProbe.periodSeconds
[INFO] Auditing path $.queryFrontend.startupProbe.successThreshold
[INFO] Auditing path $.queryFrontend.startupProbe.timeoutSeconds
[INFO] Auditing path $.queryFrontend.tolerations
[INFO] Auditing path $.queryFrontend.topologySpreadConstraints
[INFO] Auditing path $.queryFrontend.updateStrategy
[INFO] Auditing path $.queryFrontend.updateStrategy.type
[INFO] Auditing path $.queryFrontend
[INFO] Auditing path $.receive.affinity
[INFO] Auditing path $.receive.args
[INFO] Auditing path $.receive.automountServiceAccountToken
[INFO] Auditing path $.receive.autoscaling
[INFO] Auditing path $.receive.autoscaling.behavior
[INFO] Auditing path $.receive.autoscaling.enabled
[INFO] Auditing path $.receive.autoscaling.maxReplicas
[INFO] Auditing path $.receive.autoscaling.minReplicas
[INFO] Auditing path $.receive.autoscaling.targetCPU
[INFO] Auditing path $.receive.autoscaling.targetMemory
[INFO] Auditing path $.receive.command
[INFO] Auditing path $.receive.config
[INFO] Auditing path $.receive.containerPorts
[INFO] Auditing path $.receive.containerPorts.capnproto
[INFO] Auditing path $.receive.containerPorts.grpc
[INFO] Auditing path $.receive.containerPorts.http
[INFO] Auditing path $.receive.containerPorts.remote
[INFO] Auditing path $.receive.containerSecurityContext
[INFO] Auditing path $.receive.containerSecurityContext.allowPrivilegeEscalation
[INFO] Auditing path $.receive.containerSecurityContext.capabilities
[INFO] Auditing path $.receive.containerSecurityContext.capabilities.drop
[INFO] Auditing path $.receive.containerSecurityContext.enabled
[INFO] Auditing path $.receive.containerSecurityContext.privileged
[INFO] Auditing path $.receive.containerSecurityContext.readOnlyRootFilesystem
[INFO] Auditing path $.receive.containerSecurityContext.runAsGroup
[INFO] Auditing path $.receive.containerSecurityContext.runAsNonRoot
[INFO] Auditing path $.receive.containerSecurityContext.runAsUser
[INFO] Auditing path $.receive.containerSecurityContext.seLinuxOptions
[INFO] Auditing path $.receive.containerSecurityContext.seccompProfile
[INFO] Auditing path $.receive.containerSecurityContext.seccompProfile.type
[INFO] Auditing path $.receive.customLivenessProbe
[INFO] Auditing path $.receive.customReadinessProbe
[INFO] Auditing path $.receive.customStartupProbe
[INFO] Auditing path $.receive.dnsConfig
[INFO] Auditing path $.receive.dnsPolicy
[INFO] Auditing path $.receive.enabled
[INFO] Auditing path $.receive.existingConfigmap
[INFO] Auditing path $.receive.externalAutoscaler
[INFO] Auditing path $.receive.extraEnvVars
[INFO] Auditing path $.receive.extraEnvVarsCM
[INFO] Auditing path $.receive.extraEnvVarsSecret
[INFO] Auditing path $.receive.extraFlags
[INFO] Auditing path $.receive.extraVolumeMounts
[INFO] Auditing path $.receive.extraVolumes
[INFO] Auditing path $.receive.grpc
[INFO] Auditing path $.receive.grpc.server
[INFO] Auditing path $.receive.grpc.server.tls
[INFO] Auditing path $.receive.grpc.server.tls.autoGenerated
[INFO] Auditing path $.receive.grpc.server.tls.ca
[INFO] Auditing path $.receive.grpc.server.tls.cert
[INFO] Auditing path $.receive.grpc.server.tls.clientAuthEnabled
[INFO] Auditing path $.receive.grpc.server.tls.enabled
[INFO] Auditing path $.receive.grpc.server.tls.existingSecret
[INFO] Auditing path $.receive.grpc.server.tls.key
[INFO] Auditing path $.receive.hostAliases
[INFO] Auditing path $.receive.httpRoute
[INFO] Auditing path $.receive.httpRoute.annotations
[INFO] Auditing path $.receive.httpRoute.enabled
[INFO] Auditing path $.receive.httpRoute.extraRules
[INFO] Auditing path $.receive.httpRoute.filters
[INFO] Auditing path $.receive.httpRoute.hostnames
[INFO] Auditing path $.receive.httpRoute.labels
[INFO] Auditing path $.receive.httpRoute.matches
[INFO] Auditing path $.receive.httpRoute.matches[*].path
[INFO] Auditing path $.receive.httpRoute.matches[*].path.type
[INFO] Auditing path $.receive.httpRoute.matches[*].path.value
[INFO] Auditing path $.receive.httpRoute.parentRefs
[INFO] Auditing path $.receive.httpRoute.timeouts
[INFO] Auditing path $.receive.ingress
[INFO] Auditing path $.receive.ingress.annotations
[INFO] Auditing path $.receive.ingress.apiVersion
[INFO] Auditing path $.receive.ingress.enabled
[INFO] Auditing path $.receive.ingress.extraHosts
[INFO] Auditing path $.receive.ingress.extraHosts[*].name
[INFO] Auditing path $.receive.ingress.extraHosts[*].path
[INFO] Auditing path $.receive.ingress.extraHosts[*].pathType
[INFO] Auditing path $.receive.ingress.extraHosts[*].portName
[INFO] Auditing path $.receive.ingress.extraRules
[INFO] Auditing path $.receive.ingress.extraTls
[INFO] Auditing path $.receive.ingress.hostname
[INFO] Auditing path $.receive.ingress.ingressClassName
[INFO] Auditing path $.receive.ingress.labels
[INFO] Auditing path $.receive.ingress.path
[INFO] Auditing path $.receive.ingress.pathType
[INFO] Auditing path $.receive.ingress.secrets
[INFO] Auditing path $.receive.ingress.secrets[*].certificate
[INFO] Auditing path $.receive.ingress.secrets[*].key
[INFO] Auditing path $.receive.ingress.selfSigned
[INFO] Auditing path $.receive.ingress.tls
[INFO] Auditing path $.receive.initContainers
[INFO] Auditing path $.receive.lifecycleHooks
[INFO] Auditing path $.receive.livenessProbe
[INFO] Auditing path $.receive.livenessProbe.enabled
[INFO] Auditing path $.receive.livenessProbe.failureThreshold
[INFO] Auditing path $.receive.livenessProbe.initialDelaySeconds
[INFO] Auditing path $.receive.livenessProbe.periodSeconds
[INFO] Auditing path $.receive.livenessProbe.successThreshold
[INFO] Auditing path $.receive.livenessProbe.timeoutSeconds
[INFO] Auditing path $.receive.logFormat
[INFO] Auditing path $.receive.logLevel
[INFO] Auditing path $.receive.minReadySeconds
[INFO] Auditing path $.receive.mode
[INFO] Auditing path $.receive.networkPolicy
[INFO] Auditing path $.receive.networkPolicy.allowExternal
[INFO] Auditing path $.receive.networkPolicy.allowExternalEgress
[INFO] Auditing path $.receive.networkPolicy.enabled
[INFO] Auditing path $.receive.networkPolicy.extraEgress
[INFO] Auditing path $.receive.networkPolicy.extraIngress
[INFO] Auditing path $.receive.networkPolicy.ingressNSMatchLabels
[INFO] Auditing path $.receive.networkPolicy.ingressNSMatchLabels[*]
[INFO] Auditing path $.receive.networkPolicy.ingressNSPodMatchLabels
[INFO] Auditing path $.receive.networkPolicy.ingressNSPodMatchLabels[*]
[INFO] Auditing path $.receive.nodeAffinityPreset
[INFO] Auditing path $.receive.nodeAffinityPreset.key
[INFO] Auditing path $.receive.nodeAffinityPreset.type
[INFO] Auditing path $.receive.nodeAffinityPreset.values
[INFO] Auditing path $.receive.nodeSelector
[INFO] Auditing path $.receive.pdb
[INFO] Auditing path $.receive.pdb.create
[INFO] Auditing path $.receive.pdb.maxUnavailable
[INFO] Auditing path $.receive.pdb.minAvailable
[INFO] Auditing path $.receive.persistence
[INFO] Auditing path $.receive.persistence.accessModes
[INFO] Auditing path $.receive.persistence.annotations
[INFO] Auditing path $.receive.persistence.enabled
[INFO] Auditing path $.receive.persistence.existingClaim
[INFO] Auditing path $.receive.persistence.labels
[INFO] Auditing path $.receive.persistence.size
[INFO] Auditing path $.receive.persistence.storageClass
[INFO] Auditing path $.receive.persistentVolumeClaimRetentionPolicy
[INFO] Auditing path $.receive.persistentVolumeClaimRetentionPolicy.enabled
[INFO] Auditing path $.receive.persistentVolumeClaimRetentionPolicy.whenDeleted
[INFO] Auditing path $.receive.persistentVolumeClaimRetentionPolicy.whenScaled
[INFO] Auditing path $.receive.podAffinityPreset
[INFO] Auditing path $.receive.podAnnotations
[INFO] Auditing path $.receive.podAntiAffinityPreset
[INFO] Auditing path $.receive.podLabels
[INFO] Auditing path $.receive.podManagementPolicy
[INFO] Auditing path $.receive.podSecurityContext
[INFO] Auditing path $.receive.podSecurityContext.enabled
[INFO] Auditing path $.receive.podSecurityContext.fsGroup
[INFO] Auditing path $.receive.podSecurityContext.fsGroupChangePolicy
[INFO] Auditing path $.receive.podSecurityContext.supplementalGroups
[INFO] Auditing path $.receive.podSecurityContext.sysctls
[INFO] Auditing path $.receive.priorityClassName
[INFO] Auditing path $.receive.readinessProbe
[INFO] Auditing path $.receive.readinessProbe.enabled
[INFO] Auditing path $.receive.readinessProbe.failureThreshold
[INFO] Auditing path $.receive.readinessProbe.initialDelaySeconds
[INFO] Auditing path $.receive.readinessProbe.periodSeconds
[INFO] Auditing path $.receive.readinessProbe.successThreshold
[INFO] Auditing path $.receive.readinessProbe.timeoutSeconds
[INFO] Auditing path $.receive.replicaCount
[INFO] Auditing path $.receive.replicaLabel
[INFO] Auditing path $.receive.replicationFactor
[INFO] Auditing path $.receive.replicationProtocol
[INFO] Auditing path $.receive.resources
[INFO] Auditing path $.receive.resourcesPreset
[INFO] Auditing path $.receive.revisionHistoryLimit
[INFO] Auditing path $.receive.schedulerName
[INFO] Auditing path $.receive.service
[INFO] Auditing path $.receive.service.additionalHeadless
[INFO] Auditing path $.receive.service.annotations
[INFO] Auditing path $.receive.service.clusterIP
[INFO] Auditing path $.receive.service.externalTrafficPolicy
[INFO] Auditing path $.receive.service.extraPorts
[INFO] Auditing path $.receive.service.headless
[INFO] Auditing path $.receive.service.headless.annotations
[INFO] Auditing path $.receive.service.ipFamilies
[INFO] Auditing path $.receive.service.ipFamilyPolicy
[INFO] Auditing path $.receive.service.labelSelectorsOverride
[INFO] Auditing path $.receive.service.labels
[INFO] Auditing path $.receive.service.loadBalancerIP
[INFO] Auditing path $.receive.service.loadBalancerSourceRanges
[INFO] Auditing path $.receive.service.nodePorts
[INFO] Auditing path $.receive.service.nodePorts.capnproto
[INFO] Auditing path $.receive.service.nodePorts.grpc
[INFO] Auditing path $.receive.service.nodePorts.http
[INFO] Auditing path $.receive.service.nodePorts.remote
[INFO] Auditing path $.receive.service.ports
[INFO] Auditing path $.receive.service.ports.capnproto
[INFO] Auditing path $.receive.service.ports.grpc
[INFO] Auditing path $.receive.service.ports.http
[INFO] Auditing path $.receive.service.ports.remote
[INFO] Auditing path $.receive.service.type
[INFO] Auditing path $.receive.serviceAccount
[INFO] Auditing path $.receive.serviceAccount.annotations
[INFO] Auditing path $.receive.serviceAccount.automountServiceAccountToken
[INFO] Auditing path $.receive.serviceAccount.create
[INFO] Auditing path $.receive.serviceAccount.name
[INFO] Auditing path $.receive.sidecars
[INFO] Auditing path $.receive.startupProbe
[INFO] Auditing path $.receive.startupProbe.enabled
[INFO] Auditing path $.receive.startupProbe.failureThreshold
[INFO] Auditing path $.receive.startupProbe.initialDelaySeconds
[INFO] Auditing path $.receive.startupProbe.periodSeconds
[INFO] Auditing path $.receive.startupProbe.successThreshold
[INFO] Auditing path $.receive.startupProbe.timeoutSeconds
[INFO] Auditing path $.receive.statefulsetAnnotations
[INFO] Auditing path $.receive.statefulsetLabels
[INFO] Auditing path $.receive.terminationGracePeriodSeconds
[INFO] Auditing path $.receive.tolerations
[INFO] Auditing path $.receive.topologySpreadConstraints
[INFO] Auditing path $.receive.tsdbPath
[INFO] Auditing path $.receive.tsdbRetention
[INFO] Auditing path $.receive.updateStrategy
[INFO] Auditing path $.receive.updateStrategy.type
[INFO] Auditing path $.receive
[INFO] Auditing path $.receiveDistributor.affinity
[INFO] Auditing path $.receiveDistributor.args
[INFO] Auditing path $.receiveDistributor.automountServiceAccountToken
[INFO] Auditing path $.receiveDistributor.autoscaling
[INFO] Auditing path $.receiveDistributor.autoscaling.behavior
[INFO] Auditing path $.receiveDistributor.autoscaling.enabled
[INFO] Auditing path $.receiveDistributor.autoscaling.maxReplicas
[INFO] Auditing path $.receiveDistributor.autoscaling.minReplicas
[INFO] Auditing path $.receiveDistributor.autoscaling.targetCPU
[INFO] Auditing path $.receiveDistributor.autoscaling.targetMemory
[INFO] Auditing path $.receiveDistributor.command
[INFO] Auditing path $.receiveDistributor.containerSecurityContext
[INFO] Auditing path $.receiveDistributor.containerSecurityContext.allowPrivilegeEscalation
[INFO] Auditing path $.receiveDistributor.containerSecurityContext.capabilities
[INFO] Auditing path $.receiveDistributor.containerSecurityContext.capabilities.drop
[INFO] Auditing path $.receiveDistributor.containerSecurityContext.enabled
[INFO] Auditing path $.receiveDistributor.containerSecurityContext.privileged
[INFO] Auditing path $.receiveDistributor.containerSecurityContext.readOnlyRootFilesystem
[INFO] Auditing path $.receiveDistributor.containerSecurityContext.runAsGroup
[INFO] Auditing path $.receiveDistributor.containerSecurityContext.runAsNonRoot
[INFO] Auditing path $.receiveDistributor.containerSecurityContext.runAsUser
[INFO] Auditing path $.receiveDistributor.containerSecurityContext.seLinuxOptions
[INFO] Auditing path $.receiveDistributor.containerSecurityContext.seccompProfile
[INFO] Auditing path $.receiveDistributor.containerSecurityContext.seccompProfile.type
[INFO] Auditing path $.receiveDistributor.customLivenessProbe
[INFO] Auditing path $.receiveDistributor.customReadinessProbe
[INFO] Auditing path $.receiveDistributor.customStartupProbe
[INFO] Auditing path $.receiveDistributor.dnsConfig
[INFO] Auditing path $.receiveDistributor.dnsPolicy
[INFO] Auditing path $.receiveDistributor.enabled
[INFO] Auditing path $.receiveDistributor.externalAutoscaler
[INFO] Auditing path $.receiveDistributor.extraEnvVars
[INFO] Auditing path $.receiveDistributor.extraEnvVarsCM
[INFO] Auditing path $.receiveDistributor.extraEnvVarsSecret
[INFO] Auditing path $.receiveDistributor.extraFlags
[INFO] Auditing path $.receiveDistributor.extraVolumeMounts
[INFO] Auditing path $.receiveDistributor.extraVolumes
[INFO] Auditing path $.receiveDistributor.hostAliases
[INFO] Auditing path $.receiveDistributor.initContainers
[INFO] Auditing path $.receiveDistributor.lifecycleHooks
[INFO] Auditing path $.receiveDistributor.livenessProbe
[INFO] Auditing path $.receiveDistributor.livenessProbe.enabled
[INFO] Auditing path $.receiveDistributor.livenessProbe.failureThreshold
[INFO] Auditing path $.receiveDistributor.livenessProbe.initialDelaySeconds
[INFO] Auditing path $.receiveDistributor.livenessProbe.periodSeconds
[INFO] Auditing path $.receiveDistributor.livenessProbe.successThreshold
[INFO] Auditing path $.receiveDistributor.livenessProbe.timeoutSeconds
[INFO] Auditing path $.receiveDistributor.logFormat
[INFO] Auditing path $.receiveDistributor.logLevel
[INFO] Auditing path $.receiveDistributor.nodeAffinityPreset
[INFO] Auditing path $.receiveDistributor.nodeAffinityPreset.key
[INFO] Auditing path $.receiveDistributor.nodeAffinityPreset.type
[INFO] Auditing path $.receiveDistributor.nodeAffinityPreset.values
[INFO] Auditing path $.receiveDistributor.nodeSelector
[INFO] Auditing path $.receiveDistributor.pdb
[INFO] Auditing path $.receiveDistributor.pdb.create
[INFO] Auditing path $.receiveDistributor.pdb.maxUnavailable
[INFO] Auditing path $.receiveDistributor.pdb.minAvailable
[INFO] Auditing path $.receiveDistributor.podAffinityPreset
[INFO] Auditing path $.receiveDistributor.podAnnotations
[INFO] Auditing path $.receiveDistributor.podAntiAffinityPreset
[INFO] Auditing path $.receiveDistributor.podLabels
[INFO] Auditing path $.receiveDistributor.podSecurityContext
[INFO] Auditing path $.receiveDistributor.podSecurityContext.enabled
[INFO] Auditing path $.receiveDistributor.podSecurityContext.fsGroup
[INFO] Auditing path $.receiveDistributor.podSecurityContext.fsGroupChangePolicy
[INFO] Auditing path $.receiveDistributor.podSecurityContext.supplementalGroups
[INFO] Auditing path $.receiveDistributor.podSecurityContext.sysctls
[INFO] Auditing path $.receiveDistributor.priorityClassName
[INFO] Auditing path $.receiveDistributor.readinessProbe
[INFO] Auditing path $.receiveDistributor.readinessProbe.enabled
[INFO] Auditing path $.receiveDistributor.readinessProbe.failureThreshold
[INFO] Auditing path $.receiveDistributor.readinessProbe.initialDelaySeconds
[INFO] Auditing path $.receiveDistributor.readinessProbe.periodSeconds
[INFO] Auditing path $.receiveDistributor.readinessProbe.successThreshold
[INFO] Auditing path $.receiveDistributor.readinessProbe.timeoutSeconds
[INFO] Auditing path $.receiveDistributor.replicaCount
[INFO] Auditing path $.receiveDistributor.replicaLabel
[INFO] Auditing path $.receiveDistributor.replicationFactor
[INFO] Auditing path $.receiveDistributor.replicationProtocol
[INFO] Auditing path $.receiveDistributor.resources
[INFO] Auditing path $.receiveDistributor.resourcesPreset
[INFO] Auditing path $.receiveDistributor.revisionHistoryLimit
[INFO] Auditing path $.receiveDistributor.schedulerName
[INFO] Auditing path $.receiveDistributor.serviceAccount
[INFO] Auditing path $.receiveDistributor.serviceAccount.annotations
[INFO] Auditing path $.receiveDistributor.serviceAccount.automountServiceAccountToken
[INFO] Auditing path $.receiveDistributor.serviceAccount.create
[INFO] Auditing path $.receiveDistributor.serviceAccount.name
[INFO] Auditing path $.receiveDistributor.sidecars
[INFO] Auditing path $.receiveDistributor.startupProbe
[INFO] Auditing path $.receiveDistributor.startupProbe.enabled
[INFO] Auditing path $.receiveDistributor.startupProbe.failureThreshold
[INFO] Auditing path $.receiveDistributor.startupProbe.initialDelaySeconds
[INFO] Auditing path $.receiveDistributor.startupProbe.periodSeconds
[INFO] Auditing path $.receiveDistributor.startupProbe.successThreshold
[INFO] Auditing path $.receiveDistributor.startupProbe.timeoutSeconds
[INFO] Auditing path $.receiveDistributor.terminationGracePeriodSeconds
[INFO] Auditing path $.receiveDistributor.tolerations
[INFO] Auditing path $.receiveDistributor.topologySpreadConstraints
[INFO] Auditing path $.receiveDistributor.updateStrategy
[INFO] Auditing path $.receiveDistributor.updateStrategy.type
[INFO] Auditing path $.receiveDistributor
[INFO] Auditing path $.ruler.affinity
[INFO] Auditing path $.ruler.alertmanagers
[INFO] Auditing path $.ruler.alertmanagers[*]
[INFO] Auditing path $.ruler.alertmanagersConfig
[INFO] Auditing path $.ruler.args
[INFO] Auditing path $.ruler.automountServiceAccountToken
[INFO] Auditing path $.ruler.autoscaling
[INFO] Auditing path $.ruler.autoscaling.behavior
[INFO] Auditing path $.ruler.autoscaling.enabled
[INFO] Auditing path $.ruler.autoscaling.maxReplicas
[INFO] Auditing path $.ruler.autoscaling.minReplicas
[INFO] Auditing path $.ruler.autoscaling.targetCPU
[INFO] Auditing path $.ruler.autoscaling.targetMemory
[INFO] Auditing path $.ruler.clusterName
[INFO] Auditing path $.ruler.command
[INFO] Auditing path $.ruler.config
[INFO] Auditing path $.ruler.containerPorts
[INFO] Auditing path $.ruler.containerPorts.grpc
[INFO] Auditing path $.ruler.containerPorts.http
[INFO] Auditing path $.ruler.containerSecurityContext
[INFO] Auditing path $.ruler.containerSecurityContext.allowPrivilegeEscalation
[INFO] Auditing path $.ruler.containerSecurityContext.capabilities
[INFO] Auditing path $.ruler.containerSecurityContext.capabilities.drop
[INFO] Auditing path $.ruler.containerSecurityContext.enabled
[INFO] Auditing path $.ruler.containerSecurityContext.privileged
[INFO] Auditing path $.ruler.containerSecurityContext.readOnlyRootFilesystem
[INFO] Auditing path $.ruler.containerSecurityContext.runAsGroup
[INFO] Auditing path $.ruler.containerSecurityContext.runAsNonRoot
[INFO] Auditing path $.ruler.containerSecurityContext.runAsUser
[INFO] Auditing path $.ruler.containerSecurityContext.seLinuxOptions
[INFO] Auditing path $.ruler.containerSecurityContext.seccompProfile
[INFO] Auditing path $.ruler.containerSecurityContext.seccompProfile.type
[INFO] Auditing path $.ruler.customLivenessProbe
[INFO] Auditing path $.ruler.customReadinessProbe
[INFO] Auditing path $.ruler.customStartupProbe
[INFO] Auditing path $.ruler.dataPath
[INFO] Auditing path $.ruler.dnsConfig
[INFO] Auditing path $.ruler.dnsDiscovery
[INFO] Auditing path $.ruler.dnsDiscovery.enabled
[INFO] Auditing path $.ruler.dnsPolicy
[INFO] Auditing path $.ruler.enabled
[INFO] Auditing path $.ruler.evalInterval
[INFO] Auditing path $.ruler.existingConfigmap
[INFO] Auditing path $.ruler.externalAutoscaler
[INFO] Auditing path $.ruler.extraEnvVars
[INFO] Auditing path $.ruler.extraEnvVarsCM
[INFO] Auditing path $.ruler.extraEnvVarsSecret
[INFO] Auditing path $.ruler.extraFlags
[INFO] Auditing path $.ruler.extraVolumeMounts
[INFO] Auditing path $.ruler.extraVolumes
[INFO] Auditing path $.ruler.hostAliases
[INFO] Auditing path $.ruler.httpRoute
[INFO] Auditing path $.ruler.httpRoute.annotations
[INFO] Auditing path $.ruler.httpRoute.enabled
[INFO] Auditing path $.ruler.httpRoute.extraRules
[INFO] Auditing path $.ruler.httpRoute.filters
[INFO] Auditing path $.ruler.httpRoute.hostnames
[INFO] Auditing path $.ruler.httpRoute.labels
[INFO] Auditing path $.ruler.httpRoute.matches
[INFO] Auditing path $.ruler.httpRoute.matches[*].path
[INFO] Auditing path $.ruler.httpRoute.matches[*].path.type
[INFO] Auditing path $.ruler.httpRoute.matches[*].path.value
[INFO] Auditing path $.ruler.httpRoute.parentRefs
[INFO] Auditing path $.ruler.httpRoute.timeouts
[INFO] Auditing path $.ruler.ingress
[INFO] Auditing path $.ruler.ingress.annotations
[INFO] Auditing path $.ruler.ingress.apiVersion
[INFO] Auditing path $.ruler.ingress.enabled
[INFO] Auditing path $.ruler.ingress.extraHosts
[INFO] Auditing path $.ruler.ingress.extraHosts[*].name
[INFO] Auditing path $.ruler.ingress.extraHosts[*].path
[INFO] Auditing path $.ruler.ingress.extraHosts[*].pathType
[INFO] Auditing path $.ruler.ingress.extraRules
[INFO] Auditing path $.ruler.ingress.extraTls
[INFO] Auditing path $.ruler.ingress.hostname
[INFO] Auditing path $.ruler.ingress.ingressClassName
[INFO] Auditing path $.ruler.ingress.labels
[INFO] Auditing path $.ruler.ingress.path
[INFO] Auditing path $.ruler.ingress.pathType
[INFO] Auditing path $.ruler.ingress.secrets
[INFO] Auditing path $.ruler.ingress.secrets[*].certificate
[INFO] Auditing path $.ruler.ingress.secrets[*].key
[INFO] Auditing path $.ruler.ingress.selfSigned
[INFO] Auditing path $.ruler.ingress.tls
[INFO] Auditing path $.ruler.initContainers
[INFO] Auditing path $.ruler.lifecycleHooks
[INFO] Auditing path $.ruler.livenessProbe
[INFO] Auditing path $.ruler.livenessProbe.enabled
[INFO] Auditing path $.ruler.livenessProbe.failureThreshold
[INFO] Auditing path $.ruler.livenessProbe.initialDelaySeconds
[INFO] Auditing path $.ruler.livenessProbe.periodSeconds
[INFO] Auditing path $.ruler.livenessProbe.successThreshold
[INFO] Auditing path $.ruler.livenessProbe.timeoutSeconds
[INFO] Auditing path $.ruler.logFormat
[INFO] Auditing path $.ruler.logLevel
[INFO] Auditing path $.ruler.networkPolicy
[INFO] Auditing path $.ruler.networkPolicy.allowExternal
[INFO] Auditing path $.ruler.networkPolicy.allowExternalEgress
[INFO] Auditing path $.ruler.networkPolicy.enabled
[INFO] Auditing path $.ruler.networkPolicy.extraEgress
[INFO] Auditing path $.ruler.networkPolicy.extraIngress
[INFO] Auditing path $.ruler.networkPolicy.ingressNSMatchLabels
[INFO] Auditing path $.ruler.networkPolicy.ingressNSMatchLabels[*]
[INFO] Auditing path $.ruler.networkPolicy.ingressNSPodMatchLabels
[INFO] Auditing path $.ruler.networkPolicy.ingressNSPodMatchLabels[*]
[INFO] Auditing path $.ruler.nodeAffinityPreset
[INFO] Auditing path $.ruler.nodeAffinityPreset.key
[INFO] Auditing path $.ruler.nodeAffinityPreset.type
[INFO] Auditing path $.ruler.nodeAffinityPreset.values
[INFO] Auditing path $.ruler.nodeSelector
[INFO] Auditing path $.ruler.pdb
[INFO] Auditing path $.ruler.pdb.create
[INFO] Auditing path $.ruler.pdb.maxUnavailable
[INFO] Auditing path $.ruler.pdb.minAvailable
[INFO] Auditing path $.ruler.persistence
[INFO] Auditing path $.ruler.persistence.accessModes
[INFO] Auditing path $.ruler.persistence.annotations
[INFO] Auditing path $.ruler.persistence.enabled
[INFO] Auditing path $.ruler.persistence.existingClaim
[INFO] Auditing path $.ruler.persistence.size
[INFO] Auditing path $.ruler.persistence.storageClass
[INFO] Auditing path $.ruler.persistentVolumeClaimRetentionPolicy
[INFO] Auditing path $.ruler.persistentVolumeClaimRetentionPolicy.enabled
[INFO] Auditing path $.ruler.persistentVolumeClaimRetentionPolicy.whenDeleted
[INFO] Auditing path $.ruler.persistentVolumeClaimRetentionPolicy.whenScaled
[INFO] Auditing path $.ruler.podAffinityPreset
[INFO] Auditing path $.ruler.podAnnotations
[INFO] Auditing path $.ruler.podAntiAffinityPreset
[INFO] Auditing path $.ruler.podLabels
[INFO] Auditing path $.ruler.podManagementPolicy
[INFO] Auditing path $.ruler.podSecurityContext
[INFO] Auditing path $.ruler.podSecurityContext.enabled
[INFO] Auditing path $.ruler.podSecurityContext.fsGroup
[INFO] Auditing path $.ruler.podSecurityContext.fsGroupChangePolicy
[INFO] Auditing path $.ruler.podSecurityContext.supplementalGroups
[INFO] Auditing path $.ruler.podSecurityContext.sysctls
[INFO] Auditing path $.ruler.priorityClassName
[INFO] Auditing path $.ruler.queries
[INFO] Auditing path $.ruler.queries[*]
[INFO] Auditing path $.ruler.queryURL
[INFO] Auditing path $.ruler.readinessProbe
[INFO] Auditing path $.ruler.readinessProbe.enabled
[INFO] Auditing path $.ruler.readinessProbe.failureThreshold
[INFO] Auditing path $.ruler.readinessProbe.initialDelaySeconds
[INFO] Auditing path $.ruler.readinessProbe.periodSeconds
[INFO] Auditing path $.ruler.readinessProbe.successThreshold
[INFO] Auditing path $.ruler.readinessProbe.timeoutSeconds
[INFO] Auditing path $.ruler.replicaCount
[INFO] Auditing path $.ruler.replicaLabel
[INFO] Auditing path $.ruler.resources
[INFO] Auditing path $.ruler.resourcesPreset
[INFO] Auditing path $.ruler.revisionHistoryLimit
[INFO] Auditing path $.ruler.ruleFile
[INFO] Auditing path $.ruler.schedulerName
[INFO] Auditing path $.ruler.service
[INFO] Auditing path $.ruler.service.additionalHeadless
[INFO] Auditing path $.ruler.service.annotations
[INFO] Auditing path $.ruler.service.clusterIP
[INFO] Auditing path $.ruler.service.externalTrafficPolicy
[INFO] Auditing path $.ruler.service.extraPorts
[INFO] Auditing path $.ruler.service.headless
[INFO] Auditing path $.ruler.service.headless.annotations
[INFO] Auditing path $.ruler.service.ipFamilies
[INFO] Auditing path $.ruler.service.ipFamilyPolicy
[INFO] Auditing path $.ruler.service.labelSelectorsOverride
[INFO] Auditing path $.ruler.service.labels
[INFO] Auditing path $.ruler.service.loadBalancerIP
[INFO] Auditing path $.ruler.service.loadBalancerSourceRanges
[INFO] Auditing path $.ruler.service.nodePorts
[INFO] Auditing path $.ruler.service.nodePorts.grpc
[INFO] Auditing path $.ruler.service.nodePorts.http
[INFO] Auditing path $.ruler.service.ports
[INFO] Auditing path $.ruler.service.ports.grpc
[INFO] Auditing path $.ruler.service.ports.http
[INFO] Auditing path $.ruler.service.type
[INFO] Auditing path $.ruler.serviceAccount
[INFO] Auditing path $.ruler.serviceAccount.annotations
[INFO] Auditing path $.ruler.serviceAccount.automountServiceAccountToken
[INFO] Auditing path $.ruler.serviceAccount.create
[INFO] Auditing path $.ruler.serviceAccount.name
[INFO] Auditing path $.ruler.sidecars
[INFO] Auditing path $.ruler.startupProbe
[INFO] Auditing path $.ruler.startupProbe.enabled
[INFO] Auditing path $.ruler.startupProbe.failureThreshold
[INFO] Auditing path $.ruler.startupProbe.initialDelaySeconds
[INFO] Auditing path $.ruler.startupProbe.periodSeconds
[INFO] Auditing path $.ruler.startupProbe.successThreshold
[INFO] Auditing path $.ruler.startupProbe.timeoutSeconds
[INFO] Auditing path $.ruler.statefulsetAnnotations
[INFO] Auditing path $.ruler.statefulsetLabels
[INFO] Auditing path $.ruler.tolerations
[INFO] Auditing path $.ruler.topologySpreadConstraints
[INFO] Auditing path $.ruler.updateStrategy
[INFO] Auditing path $.ruler.updateStrategy.type
[INFO] Auditing path $.ruler
[INFO] Auditing path $.storegateway.affinity
[INFO] Auditing path $.storegateway.args
[INFO] Auditing path $.storegateway.automountServiceAccountToken
[INFO] Auditing path $.storegateway.autoscaling
[INFO] Auditing path $.storegateway.autoscaling.behavior
[INFO] Auditing path $.storegateway.autoscaling.enabled
[INFO] Auditing path $.storegateway.autoscaling.maxReplicas
[INFO] Auditing path $.storegateway.autoscaling.minReplicas
[INFO] Auditing path $.storegateway.autoscaling.targetCPU
[INFO] Auditing path $.storegateway.autoscaling.targetMemory
[INFO] Auditing path $.storegateway.command
[INFO] Auditing path $.storegateway.config
[INFO] Auditing path $.storegateway.containerPorts
[INFO] Auditing path $.storegateway.containerPorts.grpc
[INFO] Auditing path $.storegateway.containerPorts.http
[INFO] Auditing path $.storegateway.containerSecurityContext
[INFO] Auditing path $.storegateway.containerSecurityContext.allowPrivilegeEscalation
[INFO] Auditing path $.storegateway.containerSecurityContext.capabilities
[INFO] Auditing path $.storegateway.containerSecurityContext.capabilities.drop
[INFO] Auditing path $.storegateway.containerSecurityContext.enabled
[INFO] Auditing path $.storegateway.containerSecurityContext.privileged
[INFO] Auditing path $.storegateway.containerSecurityContext.readOnlyRootFilesystem
[INFO] Auditing path $.storegateway.containerSecurityContext.runAsGroup
[INFO] Auditing path $.storegateway.containerSecurityContext.runAsNonRoot
[INFO] Auditing path $.storegateway.containerSecurityContext.runAsUser
[INFO] Auditing path $.storegateway.containerSecurityContext.seLinuxOptions
[INFO] Auditing path $.storegateway.containerSecurityContext.seccompProfile
[INFO] Auditing path $.storegateway.containerSecurityContext.seccompProfile.type
[INFO] Auditing path $.storegateway.customLivenessProbe
[INFO] Auditing path $.storegateway.customReadinessProbe
[INFO] Auditing path $.storegateway.customStartupProbe
[INFO] Auditing path $.storegateway.dnsConfig
[INFO] Auditing path $.storegateway.dnsPolicy
[INFO] Auditing path $.storegateway.enabled
[INFO] Auditing path $.storegateway.existingConfigmap
[INFO] Auditing path $.storegateway.externalAutoscaler
[INFO] Auditing path $.storegateway.extraEnvVars
[INFO] Auditing path $.storegateway.extraEnvVarsCM
[INFO] Auditing path $.storegateway.extraEnvVarsSecret
[INFO] Auditing path $.storegateway.extraFlags
[INFO] Auditing path $.storegateway.extraVolumeMounts
[INFO] Auditing path $.storegateway.extraVolumes
[INFO] Auditing path $.storegateway.grpc
[INFO] Auditing path $.storegateway.grpc.server
[INFO] Auditing path $.storegateway.grpc.server.tls
[INFO] Auditing path $.storegateway.grpc.server.tls.autoGenerated
[INFO] Auditing path $.storegateway.grpc.server.tls.ca
[INFO] Auditing path $.storegateway.grpc.server.tls.cert
[INFO] Auditing path $.storegateway.grpc.server.tls.clientAuthEnabled
[INFO] Auditing path $.storegateway.grpc.server.tls.enabled
[INFO] Auditing path $.storegateway.grpc.server.tls.existingSecret
[INFO] Auditing path $.storegateway.grpc.server.tls.key
[INFO] Auditing path $.storegateway.hostAliases
[INFO] Auditing path $.storegateway.httpRoute
[INFO] Auditing path $.storegateway.httpRoute.annotations
[INFO] Auditing path $.storegateway.httpRoute.enabled
[INFO] Auditing path $.storegateway.httpRoute.extraRules
[INFO] Auditing path $.storegateway.httpRoute.filters
[INFO] Auditing path $.storegateway.httpRoute.hostnames
[INFO] Auditing path $.storegateway.httpRoute.labels
[INFO] Auditing path $.storegateway.httpRoute.matches
[INFO] Auditing path $.storegateway.httpRoute.matches[*].path
[INFO] Auditing path $.storegateway.httpRoute.matches[*].path.type
[INFO] Auditing path $.storegateway.httpRoute.matches[*].path.value
[INFO] Auditing path $.storegateway.httpRoute.parentRefs
[INFO] Auditing path $.storegateway.httpRoute.timeouts
[INFO] Auditing path $.storegateway.ingress
[INFO] Auditing path $.storegateway.ingress.annotations
[INFO] Auditing path $.storegateway.ingress.apiVersion
[INFO] Auditing path $.storegateway.ingress.enabled
[INFO] Auditing path $.storegateway.ingress.extraHosts
[INFO] Auditing path $.storegateway.ingress.extraHosts[*].name
[INFO] Auditing path $.storegateway.ingress.extraHosts[*].path
[INFO] Auditing path $.storegateway.ingress.extraHosts[*].pathType
[INFO] Auditing path $.storegateway.ingress.extraRules
[INFO] Auditing path $.storegateway.ingress.extraTls
[INFO] Auditing path $.storegateway.ingress.grpc
[INFO] Auditing path $.storegateway.ingress.grpc.annotations
[INFO] Auditing path $.storegateway.ingress.grpc.apiVersion
[INFO] Auditing path $.storegateway.ingress.grpc.enabled
[INFO] Auditing path $.storegateway.ingress.grpc.extraHosts
[INFO] Auditing path $.storegateway.ingress.grpc.extraHosts[*].name
[INFO] Auditing path $.storegateway.ingress.grpc.extraHosts[*].path
[INFO] Auditing path $.storegateway.ingress.grpc.extraHosts[*].pathType
[INFO] Auditing path $.storegateway.ingress.grpc.extraRules
[INFO] Auditing path $.storegateway.ingress.grpc.extraTls
[INFO] Auditing path $.storegateway.ingress.grpc.hostname
[INFO] Auditing path $.storegateway.ingress.grpc.ingressClassName
[INFO] Auditing path $.storegateway.ingress.grpc.path
[INFO] Auditing path $.storegateway.ingress.grpc.pathType
[INFO] Auditing path $.storegateway.ingress.grpc.secrets
[INFO] Auditing path $.storegateway.ingress.grpc.selfSigned
[INFO] Auditing path $.storegateway.ingress.grpc.tls
[INFO] Auditing path $.storegateway.ingress.hostname
[INFO] Auditing path $.storegateway.ingress.ingressClassName
[INFO] Auditing path $.storegateway.ingress.labels
[INFO] Auditing path $.storegateway.ingress.path
[INFO] Auditing path $.storegateway.ingress.pathType
[INFO] Auditing path $.storegateway.ingress.secrets
[INFO] Auditing path $.storegateway.ingress.secrets[*].certificate
[INFO] Auditing path $.storegateway.ingress.secrets[*].key
[INFO] Auditing path $.storegateway.ingress.selfSigned
[INFO] Auditing path $.storegateway.ingress.tls
[INFO] Auditing path $.storegateway.initContainers
[INFO] Auditing path $.storegateway.lifecycleHooks
[INFO] Auditing path $.storegateway.livenessProbe
[INFO] Auditing path $.storegateway.livenessProbe.enabled
[INFO] Auditing path $.storegateway.livenessProbe.failureThreshold
[INFO] Auditing path $.storegateway.livenessProbe.initialDelaySeconds
[INFO] Auditing path $.storegateway.livenessProbe.periodSeconds
[INFO] Auditing path $.storegateway.livenessProbe.successThreshold
[INFO] Auditing path $.storegateway.livenessProbe.timeoutSeconds
[INFO] Auditing path $.storegateway.logFormat
[INFO] Auditing path $.storegateway.logLevel
[INFO] Auditing path $.storegateway.networkPolicy
[INFO] Auditing path $.storegateway.networkPolicy.allowExternal
[INFO] Auditing path $.storegateway.networkPolicy.allowExternalEgress
[INFO] Auditing path $.storegateway.networkPolicy.enabled
[INFO] Auditing path $.storegateway.networkPolicy.extraEgress
[INFO] Auditing path $.storegateway.networkPolicy.extraIngress
[INFO] Auditing path $.storegateway.networkPolicy.ingressNSMatchLabels
[INFO] Auditing path $.storegateway.networkPolicy.ingressNSMatchLabels[*]
[INFO] Auditing path $.storegateway.networkPolicy.ingressNSPodMatchLabels
[INFO] Auditing path $.storegateway.networkPolicy.ingressNSPodMatchLabels[*]
[INFO] Auditing path $.storegateway.nodeAffinityPreset
[INFO] Auditing path $.storegateway.nodeAffinityPreset.key
[INFO] Auditing path $.storegateway.nodeAffinityPreset.type
[INFO] Auditing path $.storegateway.nodeAffinityPreset.values
[INFO] Auditing path $.storegateway.nodeSelector
[INFO] Auditing path $.storegateway.pdb
[INFO] Auditing path $.storegateway.pdb.create
[INFO] Auditing path $.storegateway.pdb.maxUnavailable
[INFO] Auditing path $.storegateway.pdb.minAvailable
[INFO] Auditing path $.storegateway.persistence
[INFO] Auditing path $.storegateway.persistence.accessModes
[INFO] Auditing path $.storegateway.persistence.accessModes[*]
[INFO] Auditing path $.storegateway.persistence.annotations
[INFO] Auditing path $.storegateway.persistence.enabled
[INFO] Auditing path $.storegateway.persistence.existingClaim
[INFO] Auditing path $.storegateway.persistence.labels
[INFO] Auditing path $.storegateway.persistence.size
[INFO] Auditing path $.storegateway.persistence.storageClass
[INFO] Auditing path $.storegateway.persistentVolumeClaimRetentionPolicy
[INFO] Auditing path $.storegateway.persistentVolumeClaimRetentionPolicy.enabled
[INFO] Auditing path $.storegateway.persistentVolumeClaimRetentionPolicy.whenDeleted
[INFO] Auditing path $.storegateway.persistentVolumeClaimRetentionPolicy.whenScaled
[INFO] Auditing path $.storegateway.podAffinityPreset
[INFO] Auditing path $.storegateway.podAnnotations
[INFO] Auditing path $.storegateway.podAntiAffinityPreset
[INFO] Auditing path $.storegateway.podLabels
[INFO] Auditing path $.storegateway.podManagementPolicy
[INFO] Auditing path $.storegateway.podSecurityContext
[INFO] Auditing path $.storegateway.podSecurityContext.enabled
[INFO] Auditing path $.storegateway.podSecurityContext.fsGroup
[INFO] Auditing path $.storegateway.podSecurityContext.fsGroupChangePolicy
[INFO] Auditing path $.storegateway.podSecurityContext.supplementalGroups
[INFO] Auditing path $.storegateway.podSecurityContext.sysctls
[INFO] Auditing path $.storegateway.priorityClassName
[INFO] Auditing path $.storegateway.readinessProbe
[INFO] Auditing path $.storegateway.readinessProbe.enabled
[INFO] Auditing path $.storegateway.readinessProbe.failureThreshold
[INFO] Auditing path $.storegateway.readinessProbe.initialDelaySeconds
[INFO] Auditing path $.storegateway.readinessProbe.periodSeconds
[INFO] Auditing path $.storegateway.readinessProbe.successThreshold
[INFO] Auditing path $.storegateway.readinessProbe.timeoutSeconds
[INFO] Auditing path $.storegateway.replicaCount
[INFO] Auditing path $.storegateway.resources
[INFO] Auditing path $.storegateway.resourcesPreset
[INFO] Auditing path $.storegateway.revisionHistoryLimit
[INFO] Auditing path $.storegateway.schedulerName
[INFO] Auditing path $.storegateway.service
[INFO] Auditing path $.storegateway.service.additionalHeadless
[INFO] Auditing path $.storegateway.service.annotations
[INFO] Auditing path $.storegateway.service.clusterIP
[INFO] Auditing path $.storegateway.service.externalTrafficPolicy
[INFO] Auditing path $.storegateway.service.extraPorts
[INFO] Auditing path $.storegateway.service.headless
[INFO] Auditing path $.storegateway.service.headless.annotations
[INFO] Auditing path $.storegateway.service.ipFamilies
[INFO] Auditing path $.storegateway.service.ipFamilyPolicy
[INFO] Auditing path $.storegateway.service.labelSelectorsOverride
[INFO] Auditing path $.storegateway.service.labels
[INFO] Auditing path $.storegateway.service.loadBalancerIP
[INFO] Auditing path $.storegateway.service.loadBalancerSourceRanges
[INFO] Auditing path $.storegateway.service.nodePorts
[INFO] Auditing path $.storegateway.service.nodePorts.grpc
[INFO] Auditing path $.storegateway.service.nodePorts.http
[INFO] Auditing path $.storegateway.service.ports
[INFO] Auditing path $.storegateway.service.ports.grpc
[INFO] Auditing path $.storegateway.service.ports.http
[INFO] Auditing path $.storegateway.service.type
[INFO] Auditing path $.storegateway.serviceAccount
[INFO] Auditing path $.storegateway.serviceAccount.annotations
[INFO] Auditing path $.storegateway.serviceAccount.automountServiceAccountToken
[INFO] Auditing path $.storegateway.serviceAccount.create
[INFO] Auditing path $.storegateway.serviceAccount.name
[INFO] Auditing path $.storegateway.sharded
[INFO] Auditing path $.storegateway.sharded.enabled
[INFO] Auditing path $.storegateway.sharded.hashPartitioning
[INFO] Auditing path $.storegateway.sharded.hashPartitioning.extraRelabelingConfigs
[INFO] Auditing path $.storegateway.sharded.hashPartitioning.shards
[INFO] Auditing path $.storegateway.sharded.service
[INFO] Auditing path $.storegateway.sharded.service.clusterIPs
[INFO] Auditing path $.storegateway.sharded.service.clusterIPs[*]
[INFO] Auditing path $.storegateway.sharded.service.grpc
[INFO] Auditing path $.storegateway.sharded.service.grpc.nodePorts
[INFO] Auditing path $.storegateway.sharded.service.grpc.nodePorts[*]
[INFO] Auditing path $.storegateway.sharded.service.http
[INFO] Auditing path $.storegateway.sharded.service.http.nodePorts
[INFO] Auditing path $.storegateway.sharded.service.http.nodePorts[*]
[INFO] Auditing path $.storegateway.sharded.service.loadBalancerIPs
[INFO] Auditing path $.storegateway.sharded.timePartitioning
[INFO] Auditing path $.storegateway.sharded.timePartitioning[*].max
[INFO] Auditing path $.storegateway.sharded.timePartitioning[*].min
[INFO] Auditing path $.storegateway.sidecars
[INFO] Auditing path $.storegateway.startupProbe
[INFO] Auditing path $.storegateway.startupProbe.enabled
[INFO] Auditing path $.storegateway.startupProbe.failureThreshold
[INFO] Auditing path $.storegateway.startupProbe.initialDelaySeconds
[INFO] Auditing path $.storegateway.startupProbe.periodSeconds
[INFO] Auditing path $.storegateway.startupProbe.successThreshold
[INFO] Auditing path $.storegateway.startupProbe.timeoutSeconds
[INFO] Auditing path $.storegateway.statefulsetAnnotations
[INFO] Auditing path $.storegateway.statefulsetLabels
[INFO] Auditing path $.storegateway.tolerations
[INFO] Auditing path $.storegateway.topologySpreadConstraints
[INFO] Auditing path $.storegateway.updateStrategy
[INFO] Auditing path $.storegateway.updateStrategy.type
[INFO] Auditing path $.storegateway.useEndpointGroup
[INFO] Auditing path $.storegateway
[INFO] Auditing path $.volumePermissions.enabled
[INFO] Auditing path $.volumePermissions.image
[INFO] Auditing path $.volumePermissions.image.digest
[INFO] Auditing path $.volumePermissions.image.pullPolicy
[INFO] Auditing path $.volumePermissions.image.pullSecrets
[INFO] Auditing path $.volumePermissions.image.registry
[INFO] Auditing path $.volumePermissions.image.repository
[INFO] Auditing path $.volumePermissions.image.tag
[INFO] Auditing path $.volumePermissions
