[INFO] Auditing path $.affinity
[INFO] Auditing path $.annotations
[INFO] Auditing path $.automountServiceAccountToken
[INFO] Auditing path $.command
[INFO] Auditing path $.config.datasource
[INFO] Auditing path $.config.datasource.database
[INFO] Auditing path $.config.datasource.extraParams
[INFO] Auditing path $.config.datasource.host
[INFO] Auditing path $.config.datasource.password
[INFO] Auditing path $.config.datasource.passwordFile
[INFO] Auditing path $.config.datasource.passwordSecret
[INFO] Auditing path $.config.datasource.pgpassfile
[INFO] Auditing path $.config.datasource.port
[INFO] Auditing path $.config.datasource.sslmode
[INFO] Auditing path $.config.datasource.user
[INFO] Auditing path $.config.datasource.userFile
[INFO] Auditing path $.config.datasource.userSecret
[INFO] Auditing path $.config.datasource.userSecret.key
[INFO] Auditing path $.config.datasource.userSecret.name
[INFO] Auditing path $.config.datasourceSecret
[INFO] Auditing path $.config.datasourceSecret.key
[INFO] Auditing path $.config.datasourceSecret.name
[INFO] Auditing path $.config.disableCollectorBgwriter
[INFO] Auditing path $.config.disableCollectorDatabase
[INFO] Auditing path $.config.disableDefaultMetrics
[INFO] Auditing path $.config.disableSettingsMetrics
[INFO] Auditing path $.config.existingSecret
[INFO] Auditing path $.config.existingSecret.enabled
[INFO] Auditing path $.config.existingSecret.name
[INFO] Auditing path $.config.extraArgs
[INFO] Auditing path $.config.logFormat
[INFO] Auditing path $.config.logLevel
[INFO] Auditing path $.config.postgresExporter
[INFO] Auditing path $.config
[INFO] Auditing path $.deployment.annotations
[INFO] Auditing path $.deployment.labels
[INFO] Auditing path $.deployment
[INFO] Auditing path $.extraContainers
[INFO] Auditing path $.extraEnvs[*]
[INFO] Auditing path $.extraEnvs
[INFO] Auditing path $.extraManifests[*]
[INFO] Auditing path $.extraManifests
[INFO] Auditing path $.extraVolumeMounts
[INFO] Auditing path $.extraVolumes
[INFO] Auditing path $.hostAliases
[INFO] Auditing path $.image.pullPolicy
[INFO] Auditing path $.image.pullSecrets
[INFO] Auditing path $.image.pullSecrets[*]
[INFO] Auditing path $.image.registry
[INFO] Auditing path $.image.repository
[INFO] Auditing path $.image.tag
[INFO] Auditing path $.image
[INFO] Auditing path $.initContainers
[INFO] Auditing path $.livenessProbe.httpGet
[INFO] Auditing path $.livenessProbe.httpGet.path
[INFO] Auditing path $.livenessProbe.httpGet.port
[INFO] Auditing path $.livenessProbe.httpGet.scheme
[INFO] Auditing path $.livenessProbe.timeoutSeconds
[INFO] Auditing path $.livenessProbe
[INFO] Auditing path $.namespaceOverride
[INFO] Auditing path $.networkPolicy.enabled
[INFO] Auditing path $.networkPolicy.labels
[INFO] Auditing path $.networkPolicy
[INFO] Auditing path $.nodeSelector
[INFO] Auditing path $.podDisruptionBudget.enabled
[INFO] Auditing path $.podDisruptionBudget.maxUnavailable
[INFO] Auditing path $.podDisruptionBudget.unhealthyPodEvictionPolicy
[INFO] Auditing path $.podDisruptionBudget
[INFO] Auditing path $.podLabels
[INFO] Auditing path $.podMonitor.apiVersion
[INFO] Auditing path $.podMonitor.enabled
[INFO] Auditing path $.podMonitor.interval
[INFO] Auditing path $.podMonitor.labels
[INFO] Auditing path $.podMonitor.metricRelabelings
[INFO] Auditing path $.podMonitor.namespace
[INFO] Auditing path $.podMonitor.relabelings
[INFO] Auditing path $.podMonitor.scheme
[INFO] Auditing path $.podMonitor.telemetryPath
[INFO] Auditing path $.podMonitor.timeout
[INFO] Auditing path $.podMonitor.tlsConfig
[INFO] Auditing path $.podMonitor
[INFO] Auditing path $.podSecurityContext.runAsGroup
[INFO] Auditing path $.podSecurityContext.runAsNonRoot
[INFO] Auditing path $.podSecurityContext.runAsUser
[INFO] Auditing path $.podSecurityContext.seccompProfile
[INFO] Auditing path $.podSecurityContext.seccompProfile.type
[INFO] Auditing path $.podSecurityContext
[INFO] Auditing path $.priorityClassName
[INFO] Auditing path $.prometheusRule.additionalLabels
[INFO] Auditing path $.prometheusRule.enabled
[INFO] Auditing path $.prometheusRule.namespace
[INFO] Auditing path $.prometheusRule.rules
[INFO] Auditing path $.prometheusRule
[INFO] Auditing path $.rbac.create
[INFO] Auditing path $.rbac
[INFO] Auditing path $.readinessProbe.httpGet
[INFO] Auditing path $.readinessProbe.httpGet.path
[INFO] Auditing path $.readinessProbe.httpGet.port
[INFO] Auditing path $.readinessProbe.httpGet.scheme
[INFO] Auditing path $.readinessProbe.timeoutSeconds
[INFO] Auditing path $.readinessProbe
[INFO] Auditing path $.replicaCount
[INFO] Auditing path $.resources
[INFO] Auditing path $.securityContext.allowPrivilegeEscalation
[INFO] Auditing path $.securityContext.capabilities
[INFO] Auditing path $.securityContext.capabilities.drop
[INFO] Auditing path $.securityContext.privileged
[INFO] Auditing path $.securityContext.readOnlyRootFilesystem
[INFO] Auditing path $.securityContext
[INFO] Auditing path $.service.annotations
[INFO] Auditing path $.service.labels
[INFO] Auditing path $.service.name
[INFO] Auditing path $.service.port
[INFO] Auditing path $.service.targetPort
[INFO] Auditing path $.service.type
[INFO] Auditing path $.service
[INFO] Auditing path $.serviceAccount.annotations
[INFO] Auditing path $.serviceAccount.create
[INFO] Auditing path $.serviceAccount.name
[INFO] Auditing path $.serviceAccount
[INFO] Auditing path $.serviceMonitor.apiVersion
[INFO] Auditing path $.serviceMonitor.enabled
[INFO] Auditing path $.serviceMonitor.interval
[INFO] Auditing path $.serviceMonitor.labels
[INFO] Auditing path $.serviceMonitor.metricRelabelings
[INFO] Auditing path $.serviceMonitor.multipleTarget
[INFO] Auditing path $.serviceMonitor.multipleTarget.enabled
[INFO] Auditing path $.serviceMonitor.multipleTarget.sharedAuthModule
[INFO] Auditing path $.serviceMonitor.multipleTarget.sharedAuthModule.enabled
[INFO] Auditing path $.serviceMonitor.multipleTarget.sharedAuthModule.name
[INFO] Auditing path $.serviceMonitor.multipleTarget.targets
[INFO] Auditing path $.serviceMonitor.multipleTarget.targets[*].databaseName
[INFO] Auditing path $.serviceMonitor.multipleTarget.targets[*].endpoint
[INFO] Auditing path $.serviceMonitor.multipleTarget.targets[*].metricRelabelings
[INFO] Auditing path $.serviceMonitor.multipleTarget.targets[*].name
[INFO] Auditing path $.serviceMonitor.multipleTarget.targets[*].port
[INFO] Auditing path $.serviceMonitor.namespace
[INFO] Auditing path $.serviceMonitor.relabelings
[INFO] Auditing path $.serviceMonitor.scheme
[INFO] Auditing path $.serviceMonitor.targetLabels
[INFO] Auditing path $.serviceMonitor.targetLabels[*]
[INFO] Auditing path $.serviceMonitor.telemetryPath
[INFO] Auditing path $.serviceMonitor.timeout
[INFO] Auditing path $.serviceMonitor.tlsConfig
[INFO] Auditing path $.serviceMonitor
[INFO] Auditing path $.tolerations
