[INFO] Chart 1/1: .
[INFO] Preparing dependencies for . (excluded from testing budgets)
[INFO] Finite filtering unavailable: permutations need closed objects at (); set additionalProperties: false; filtering generation before value-path traversal
[INFO] Coalescing path $.affinity
[INFO] Coalescing path $.command
[INFO] Coalescing path $.config
[INFO] Coalescing path $.containerPort
[INFO] Coalescing path $.containerSecurityContext
[INFO] Coalescing path $.extraEnv
[INFO] Coalescing path $.nodeSelector
[INFO] Coalescing path $.priorityClassName
[INFO] Coalescing path $.replicaCount
[INFO] Coalescing path $.resources
[INFO] Coalescing path $.securityContext
[INFO] Coalescing path $.tolerations
[INFO] Coalescing path $.aws.aws_access_key_id
[INFO] Coalescing path $.aws.aws_secret_access_key
[INFO] Coalescing path $.aws.role
[INFO] Coalescing path $.deployment.annotations
[INFO] Coalescing path $.deployment.labels
[INFO] Coalescing path $.image.pullPolicy
[INFO] Coalescing path $.image.pullSecrets
[INFO] Coalescing path $.image.repository
[INFO] Coalescing path $.image.tag
[INFO] Coalescing path $.ingress.annotations
[INFO] Coalescing path $.ingress.enabled
[INFO] Coalescing path $.ingress.hosts
[INFO] Coalescing path $.ingress.ingressClassName
[INFO] Coalescing path $.ingress.labels
[INFO] Coalescing path $.ingress.path
[INFO] Coalescing path $.ingress.pathType
[INFO] Coalescing path $.ingress.tls
[INFO] Coalescing path $.livenessProbe.failureThreshold
[INFO] Coalescing path $.livenessProbe.initialDelaySeconds
[INFO] Coalescing path $.livenessProbe.path
[INFO] Coalescing path $.livenessProbe.periodSeconds
[INFO] Coalescing path $.livenessProbe.successThreshold
[INFO] Coalescing path $.livenessProbe.timeoutSeconds
[INFO] Coalescing path $.pod.annotations
[INFO] Coalescing path $.pod.labels
[INFO] Coalescing path $.podDisruptionBudget.enabled
[INFO] Coalescing path $.podDisruptionBudget.maxUnavailable
[INFO] Coalescing path $.podDisruptionBudget.minAvailable
[INFO] Coalescing path $.prometheusRule.enabled
[INFO] Coalescing path $.prometheusRule.labels
[INFO] Coalescing path $.prometheusRule.namespace
[INFO] Coalescing path $.prometheusRule.rules
[INFO] Coalescing path $.rbac.create
[INFO] Coalescing path $.readinessProbe.failureThreshold
[INFO] Coalescing path $.readinessProbe.initialDelaySeconds
[INFO] Coalescing path $.readinessProbe.path
[INFO] Coalescing path $.readinessProbe.periodSeconds
[INFO] Coalescing path $.readinessProbe.successThreshold
[INFO] Coalescing path $.readinessProbe.timeoutSeconds
[INFO] Coalescing path $.service.annotations
[INFO] Coalescing path $.service.labels
[INFO] Coalescing path $.service.port
[INFO] Coalescing path $.service.portName
[INFO] Coalescing path $.service.type
[INFO] Coalescing path $.serviceAccount.annotations
[INFO] Coalescing path $.serviceAccount.automountServiceAccountToken
[INFO] Coalescing path $.serviceAccount.create
[INFO] Coalescing path $.serviceMonitor.enabled
[INFO] Coalescing path $.serviceMonitor.interval
[INFO] Coalescing path $.serviceMonitor.labels
[INFO] Coalescing path $.serviceMonitor.metricRelabelings
[INFO] Coalescing path $.serviceMonitor.namespace
[INFO] Coalescing path $.serviceMonitor.relabelings
[INFO] Coalescing path $.serviceMonitor.telemetryPath
[INFO] Coalescing path $.serviceMonitor.timeout
[INFO] Coalescing path $.aws.secret.includesSessionToken
[INFO] Coalescing path $.aws.secret.name
[INFO] Coalescing path $.ingress.hosts[*]
[INFO] Coalescing path $.ingress.tls[*].hosts
[INFO] Coalescing path $.ingress.tls[*].secretName
[INFO] Coalescing path $.ingress.tls[*].hosts[*]
[INFO] Discovered 92 unique value paths; random traversal, seed 0
[INFO] Testing path $.image (1/92)
[INFO] Compiler input baseline: 69 statically named fields
[INFO] Render hashes (run-local): 21 observed, 19 unique, 2 duplicate bundles; 2 successful validations reused
[INFO] Testing path $.image.pullSecrets (2/92)
[INFO] Compiler input baseline: 69 statically named fields
[INFO] Render hashes (run-local): 100 observed, 84 unique, 16 duplicate bundles; 16 successful validations reused
[INFO] Testing path $.livenessProbe.periodSeconds (3/92)
[INFO] Compiler input baseline: 69 statically named fields
[INFO] Render hashes (run-local): 100 observed, 100 unique, 0 duplicate bundles; 0 successful validations reused
[INFO] Testing path $.nodeSelector (4/92)
[INFO] Compiler input baseline: 69 statically named fields
[INFO] Render hashes (run-local): 100 observed, 98 unique, 2 duplicate bundles; 2 successful validations reused
[INFO] Testing path $.livenessProbe.path (5/92)
[INFO] Compiler input baseline: 69 statically named fields
[INFO] Render hashes (run-local): 24 observed, 21 unique, 3 duplicate bundles; 3 successful validations reused
[INFO] Testing path $.service.port (6/92)
[INFO] Compiler input baseline: 69 statically named fields
[INFO] Render hashes (run-local): 100 observed, 100 unique, 0 duplicate bundles; 0 successful validations reused
[INFO] Testing path $.securityContext (7/92)
[INFO] Compiler input baseline: 69 statically named fields
[INFO] Render hashes (run-local): 100 observed, 98 unique, 2 duplicate bundles; 2 successful validations reused
[INFO] Testing path $.deployment.annotations (8/92)
[INFO] Compiler input baseline: 69 statically named fields
[INFO] Render hashes (run-local): 3 observed, 3 unique, 0 duplicate bundles; 0 successful validations reused
[INFO] Testing path $.config (9/92)
[INFO] Compiler input baseline: 69 statically named fields
[INFO] Render hashes (run-local): 36 observed, 34 unique, 2 duplicate bundles; 2 successful validations reused
[INFO] Testing path $.livenessProbe.failureThreshold (10/92)
[INFO] Compiler input baseline: 69 statically named fields
[INFO] Render hashes (run-local): 100 observed, 100 unique, 0 duplicate bundles; 0 successful validations reused
[INFO] Testing path $.podDisruptionBudget.enabled (11/92)
[INFO] Compiler input baseline: 69 statically named fields
[INFO] Render hashes (run-local): 2 observed, 2 unique, 0 duplicate bundles; 0 successful validations reused
[INFO] Testing path $.service.type (12/92)
[INFO] Compiler input baseline: 69 statically named fields
[INFO] Render hashes (run-local): 24 observed, 21 unique, 3 duplicate bundles; 3 successful validations reused
[INFO] Testing path $.prometheusRule (13/92)
[INFO] Compiler input baseline: 69 statically named fields
[INFO] Render hashes (run-local): 100 observed, 1 unique, 99 duplicate bundles; 99 successful validations reused
[INFO] Testing path $.serviceMonitor.relabelings (14/92)
[INFO] Compiler input baseline: 69 statically named fields
[INFO] Render hashes (run-local): 100 observed, 1 unique, 99 duplicate bundles; 99 successful validations reused
[INFO] Testing path $.aws.secret (15/92)
[INFO] Compiler input baseline: 69 statically named fields
[INFO] Render hashes (run-local): 43 observed, 21 unique, 22 duplicate bundles; 22 successful validations reused
[INFO] Testing path $.livenessProbe.initialDelaySeconds (16/92)
[INFO] Compiler input baseline: 69 statically named fields
[INFO] Render hashes (run-local): 100 observed, 100 unique, 0 duplicate bundles; 0 successful validations reused
[INFO] Testing path $.extraEnv (17/92)
[INFO] Compiler input baseline: 69 statically named fields
[INFO] Render hashes (run-local): 13 observed, 4 unique, 9 duplicate bundles; 9 successful validations reused
[INFO] Testing path $.aws.stsRegional.enabled (18/92)
[INFO] Compiler input baseline: 69 statically named fields
[INFO] Render hashes (run-local): 2 observed, 1 unique, 1 duplicate bundles; 1 successful validations reused
[INFO] Testing path $.ingress.labels (19/92)
[INFO] Compiler input baseline: 69 statically named fields
[INFO] Render hashes (run-local): 100 observed, 1 unique, 99 duplicate bundles; 99 successful validations reused
[INFO] Testing path $.serviceMonitor.telemetryPath (20/92)
[INFO] Compiler input baseline: 69 statically named fields
[INFO] Render hashes (run-local): 100 observed, 1 unique, 99 duplicate bundles; 99 successful validations reused
[INFO] Testing path $.serviceAccount.annotations (21/92)
[INFO] Compiler input baseline: 69 statically named fields
/Users/emmadoyle/projects/personal/hypothesis-helm/.venv/lib/python3.13/site-packages/hypothesis/strategies/_internal/lazy.py:180: HypothesisWarning: Generating overly large repr. This is an expensive operation, and with a length of 42 kB is unlikely to be useful. Use -Wignore to ignore the warning, or -Werror to get a traceback.
  self.__representation = repr_call(
/Users/emmadoyle/projects/personal/hypothesis-helm/.venv/lib/python3.13/site-packages/hypothesis/strategies/_internal/lazy.py:180: HypothesisWarning: Generating overly large repr. This is an expensive operation, and with a length of 127 kB is unlikely to be useful. Use -Wignore to ignore the warning, or -Werror to get a traceback.
  self.__representation = repr_call(
[INFO] Render hashes (run-local): 5 observed, 1 unique, 4 duplicate bundles; 4 successful validations reused
[INFO] Testing path $.image.repository (22/92)
[INFO] Compiler input baseline: 69 statically named fields
[INFO] Render hashes (run-local): 76 observed, 76 unique, 0 duplicate bundles; 0 successful validations reused
[INFO] Testing path $.resources (23/92)
[INFO] Compiler input baseline: 69 statically named fields
[INFO] Render hashes (run-local): 100 observed, 98 unique, 2 duplicate bundles; 2 successful validations reused
[INFO] Testing path $.podDisruptionBudget.maxUnavailable (24/92)
[INFO] Compiler input baseline: 69 statically named fields
[INFO] Render hashes (run-local): 100 observed, 1 unique, 99 duplicate bundles; 99 successful validations reused
[INFO] Testing path $.readinessProbe.timeoutSeconds (25/92)
[INFO] Compiler input baseline: 69 statically named fields
[INFO] Render hashes (run-local): 100 observed, 100 unique, 0 duplicate bundles; 0 successful validations reused
[INFO] Testing path $.ingress.tls[*] (26/92)
[INFO] Compiler input baseline: 69 statically named fields
[INFO] Render hashes (run-local): 100 observed, 1 unique, 99 duplicate bundles; 99 successful validations reused
[INFO] Testing path $.serviceMonitor.namespace (27/92)
[INFO] Compiler input baseline: 69 statically named fields
[INFO] Render hashes (run-local): 100 observed, 1 unique, 99 duplicate bundles; 99 successful validations reused
[INFO] Testing path $.tolerations[*] (28/92)
[INFO] Compiler input baseline: 69 statically named fields
[INFO] Render hashes (run-local): 100 observed, 87 unique, 13 duplicate bundles; 13 successful validations reused
[INFO] Testing path $.readinessProbe.path (29/92)
[INFO] Compiler input baseline: 69 statically named fields
[INFO] Render hashes (run-local): 24 observed, 21 unique, 3 duplicate bundles; 3 successful validations reused
[INFO] Testing path $.podDisruptionBudget (30/92)
[INFO] Compiler input baseline: 69 statically named fields
[INFO] Render hashes (run-local): 64 observed, 18 unique, 46 duplicate bundles; 46 successful validations reused
[INFO] Testing path $.tolerations (31/92)
[INFO] Compiler input baseline: 69 statically named fields
[INFO] Render hashes (run-local): 100 observed, 88 unique, 12 duplicate bundles; 10 successful validations reused
[INFO] Testing path $.podDisruptionBudget.minAvailable (32/92)
[INFO] Compiler input baseline: 69 statically named fields
[INFO] Render hashes (run-local): 100 observed, 1 unique, 99 duplicate bundles; 0 successful validations reused
[INFO] Testing path $.ingress.annotations (33/92)
[INFO] Compiler input baseline: 69 statically named fields
[INFO] Render hashes (run-local): 100 observed, 1 unique, 99 duplicate bundles; 0 successful validations reused
[INFO] Testing path $.aws.secret.name (34/92)
[INFO] Compiler input baseline: 69 statically named fields
[INFO] Render hashes (run-local): 20 observed, 7 unique, 13 duplicate bundles; 0 successful validations reused
[INFO] Testing path $.aws.stsRegional (35/92)
[INFO] Compiler input baseline: 69 statically named fields
[INFO] Render hashes (run-local): 3 observed, 1 unique, 2 duplicate bundles; 0 successful validations reused
[INFO] Testing path $.rbac.create (36/92)
[INFO] Compiler input baseline: 69 statically named fields
[INFO] Render hashes (run-local): 2 observed, 2 unique, 0 duplicate bundles; 0 successful validations reused
[INFO] Testing path $.serviceMonitor.enabled (37/92)
[INFO] Compiler input baseline: 69 statically named fields
[INFO] Render hashes (run-local): 2 observed, 1 unique, 1 duplicate bundles; 0 successful validations reused
[INFO] Testing path $.aws (38/92)
[INFO] Compiler input baseline: 69 statically named fields
[INFO] Execution stopped at the 0.130423s time limit; coverage is incomplete
[INFO] Render hashes (run-local): 1 observed, 1 unique, 0 duplicate bundles; 0 successful validations reused
[INFO] .: failed; testing 300.22s; dependency preparation 0.05s; 0 charts remain
