[INFO] Chart 1/1: .
[INFO] Preparing dependencies for . (excluded from testing budgets)
[INFO] Finite filtering unavailable: permutations need closed objects at (); set additionalProperties: false; filtering generation before value-path traversal
[INFO] Coalescing path $.imagePullSecrets
[INFO] Coalescing path $.nodeSelector
[INFO] Coalescing path $.podAnnotations
[INFO] Coalescing path $.podLabels
[INFO] Coalescing path $.podSecurityContext
[INFO] Coalescing path $.resources
[INFO] Coalescing path $.securityContext
[INFO] Coalescing path $.tolerations
[INFO] Coalescing path $.image.pullPolicy
[INFO] Coalescing path $.image.repository
[INFO] Coalescing path $.image.tag
[INFO] Coalescing path $.podMonitor.enabled
[INFO] Coalescing path $.podMonitor.honorLabels
[INFO] Coalescing path $.podMonitor.interval
[INFO] Coalescing path $.podMonitor.labels
[INFO] Coalescing path $.podMonitor.metricRelabelings
[INFO] Coalescing path $.podMonitor.relabelings
[INFO] Coalescing path $.podMonitor.scrapeTimeout
[INFO] Coalescing path $.podMonitor.selectorOverride
[INFO] Coalescing path $.serviceAccount.annotations
[INFO] Coalescing path $.serviceAccount.create
[INFO] Discovered 41 unique value paths; random traversal, seed 0
[INFO] Testing path $.podMonitor.relabelings (1/41)
[INFO] Compiler input baseline: 21 statically named fields
[INFO] Render hashes (run-local): 100 observed, 1 unique, 99 duplicate bundles; 99 successful validations reused
[INFO] Testing path $.image (2/41)
[INFO] Compiler input baseline: 21 statically named fields
[INFO] Render hashes (run-local): 17 observed, 15 unique, 2 duplicate bundles; 2 successful validations reused
[INFO] Testing path $.podMonitor.honorLabels (3/41)
[INFO] Compiler input baseline: 21 statically named fields
[INFO] Render hashes (run-local): 2 observed, 1 unique, 1 duplicate bundles; 1 successful validations reused
[INFO] Testing path $.nodeSelector (4/41)
[INFO] Compiler input baseline: 21 statically named fields
[INFO] Render hashes (run-local): 100 observed, 98 unique, 2 duplicate bundles; 2 successful validations reused
[INFO] Testing path $.imagePullSecrets (5/41)
[INFO] Compiler input baseline: 21 statically named fields
[INFO] Render hashes (run-local): 100 observed, 88 unique, 12 duplicate bundles; 12 successful validations reused
[INFO] Testing path $.securityContext (6/41)
[INFO] Compiler input baseline: 21 statically named fields
[INFO] Render hashes (run-local): 100 observed, 83 unique, 17 duplicate bundles; 17 successful validations reused
[INFO] Testing path $.podSecurityContext (7/41)
[INFO] Compiler input baseline: 21 statically named fields
[INFO] Render hashes (run-local): 100 observed, 98 unique, 2 duplicate bundles; 2 successful validations reused
[INFO] Testing path $.securityContext.capabilities.drop (8/41)
[INFO] Compiler input baseline: 21 statically named fields
[INFO] Render hashes (run-local): 100 observed, 100 unique, 0 duplicate bundles; 0 successful validations reused
[INFO] Testing path $.serviceAccount.annotations (9/41)
[INFO] Compiler input baseline: 21 statically named fields
[INFO] Render hashes (run-local): 3 observed, 3 unique, 0 duplicate bundles; 0 successful validations reused
[INFO] Testing path $.podMonitor.labels (10/41)
[INFO] Compiler input baseline: 21 statically named fields
[INFO] Render hashes (run-local): 100 observed, 1 unique, 99 duplicate bundles; 99 successful validations reused
[INFO] Testing path $.securityContext.capabilities (11/41)
[INFO] Compiler input baseline: 21 statically named fields
[INFO] Render hashes (run-local): 100 observed, 100 unique, 0 duplicate bundles; 0 successful validations reused
[INFO] Testing path $.image.repository (12/41)
[INFO] Compiler input baseline: 21 statically named fields
[INFO] Render hashes (run-local): 76 observed, 76 unique, 0 duplicate bundles; 0 successful validations reused
[INFO] Testing path $.resources (13/41)
[INFO] Compiler input baseline: 21 statically named fields
[INFO] Render hashes (run-local): 100 observed, 98 unique, 2 duplicate bundles; 2 successful validations reused
[INFO] Testing path $.podMonitor.enabled (14/41)
[INFO] Compiler input baseline: 21 statically named fields
[INFO] Render hashes (run-local): 2 observed, 2 unique, 0 duplicate bundles; 0 successful validations reused
[INFO] Testing path $.tolerations[*] (15/41)
[INFO] Compiler input baseline: 21 statically named fields
[INFO] Render hashes (run-local): 100 observed, 87 unique, 13 duplicate bundles; 13 successful validations reused
[INFO] Testing path $.tolerations (16/41)
[INFO] Compiler input baseline: 21 statically named fields
[INFO] Render hashes (run-local): 100 observed, 88 unique, 12 duplicate bundles; 12 successful validations reused
[INFO] Testing path $.podAnnotations["prometheus.io/scrape"] (17/41)
[INFO] Compiler input baseline: 21 statically named fields
[INFO] Render hashes (run-local): 100 observed, 97 unique, 3 duplicate bundles; 3 successful validations reused
[INFO] Testing path $.podMonitor.scrapeTimeout (18/41)
[INFO] Compiler input baseline: 21 statically named fields
[INFO] Render hashes (run-local): 100 observed, 1 unique, 99 duplicate bundles; 99 successful validations reused
[INFO] Testing path $.podMonitor.metricRelabelings[*] (19/41)
[INFO] Compiler input baseline: 21 statically named fields
[INFO] Render hashes (run-local): 100 observed, 1 unique, 99 duplicate bundles; 99 successful validations reused
[INFO] Testing path $.podMonitor.interval (20/41)
[INFO] Compiler input baseline: 21 statically named fields
[INFO] Render hashes (run-local): 100 observed, 1 unique, 99 duplicate bundles; 99 successful validations reused
[INFO] Testing path $.securityContext.readOnlyRootFilesystem (21/41)
[INFO] Compiler input baseline: 21 statically named fields
[INFO] Render hashes (run-local): 2 observed, 2 unique, 0 duplicate bundles; 0 successful validations reused
[INFO] Testing path $.podAnnotations["prometheus.io/port"] (22/41)
[INFO] Compiler input baseline: 21 statically named fields
[INFO] Render hashes (run-local): 100 observed, 97 unique, 3 duplicate bundles; 3 successful validations reused
[INFO] Testing path $.podMonitor.selectorOverride (23/41)
[INFO] Compiler input baseline: 21 statically named fields
[INFO] Render hashes (run-local): 100 observed, 1 unique, 99 duplicate bundles; 99 successful validations reused
[INFO] Testing path $.commonLabels (24/41)
[INFO] Compiler input baseline: 21 statically named fields
[INFO] Render hashes (run-local): 100 observed, 98 unique, 2 duplicate bundles; 2 successful validations reused
[INFO] Testing path $.serviceAccount.create (25/41)
[INFO] Compiler input baseline: 21 statically named fields
[INFO] Render hashes (run-local): 2 observed, 2 unique, 0 duplicate bundles; 0 successful validations reused
[INFO] Testing path $.podMonitor.metricRelabelings (26/41)
[INFO] Compiler input baseline: 21 statically named fields
[INFO] Render hashes (run-local): 100 observed, 1 unique, 99 duplicate bundles; 99 successful validations reused
[INFO] Testing path $.image.tag (27/41)
[INFO] Compiler input baseline: 21 statically named fields
[INFO] Render hashes (run-local): 76 observed, 76 unique, 0 duplicate bundles; 0 successful validations reused
[INFO] Testing path $.image.pullPolicy (28/41)
[INFO] Compiler input baseline: 21 statically named fields
[INFO] Render hashes (run-local): 24 observed, 21 unique, 3 duplicate bundles; 3 successful validations reused
[INFO] Testing path $.imagePullSecrets[*] (29/41)
[INFO] Compiler input baseline: 21 statically named fields
[INFO] Render hashes (run-local): 100 observed, 87 unique, 13 duplicate bundles; 13 successful validations reused
[INFO] Testing path $.securityContext.seccompProfile (30/41)
[INFO] Compiler input baseline: 21 statically named fields
[INFO] Render hashes (run-local): 100 observed, 97 unique, 3 duplicate bundles; 3 successful validations reused
[INFO] Testing path $.podLabels (31/41)
[INFO] Compiler input baseline: 21 statically named fields
[INFO] Render hashes (run-local): 100 observed, 98 unique, 2 duplicate bundles; 2 successful validations reused
[INFO] Testing path $.securityContext.seccompProfile.type (32/41)
[INFO] Compiler input baseline: 21 statically named fields
[INFO] Render hashes (run-local): 100 observed, 97 unique, 3 duplicate bundles; 3 successful validations reused
[INFO] Testing path $.podAnnotations (33/41)
[INFO] Compiler input baseline: 21 statically named fields
[INFO] Render hashes (run-local): 100 observed, 99 unique, 1 duplicate bundles; 1 successful validations reused
[INFO] Testing path $.podMonitor.relabelings[*] (34/41)
[INFO] Compiler input baseline: 21 statically named fields
[INFO] Render hashes (run-local): 100 observed, 1 unique, 99 duplicate bundles; 99 successful validations reused
[INFO] Testing path $.serviceAccount.name (35/41)
[INFO] Compiler input baseline: 21 statically named fields
[INFO] Render hashes (run-local): 20 observed, 11 unique, 9 duplicate bundles; 0 successful validations reused
[INFO] Testing path $.securityContext.capabilities.drop[*] (36/41)
[INFO] Compiler input baseline: 21 statically named fields
[INFO] Render hashes (run-local): 100 observed, 97 unique, 3 duplicate bundles; 3 successful validations reused
[INFO] Testing path $.fullnameOverride (37/41)
[INFO] Compiler input baseline: 21 statically named fields
[INFO] Render hashes (run-local): 20 observed, 11 unique, 9 duplicate bundles; 0 successful validations reused
[INFO] Testing path $.serviceAccount (38/41)
[INFO] Compiler input baseline: 21 statically named fields
[INFO] Render hashes (run-local): 32 observed, 14 unique, 18 duplicate bundles; 18 successful validations reused
[INFO] Testing path $.securityContext.privileged (39/41)
[INFO] Compiler input baseline: 21 statically named fields
[INFO] Render hashes (run-local): 2 observed, 2 unique, 0 duplicate bundles; 0 successful validations reused
[INFO] Testing path $.podMonitor (40/41)
[INFO] Compiler input baseline: 21 statically named fields
[INFO] Render hashes (run-local): 74 observed, 29 unique, 45 duplicate bundles; 45 successful validations reused
[INFO] Testing path $.nameOverride (41/41)
[INFO] Compiler input baseline: 21 statically named fields
[INFO] Render hashes (run-local): 24 observed, 23 unique, 1 duplicate bundles; 1 successful validations reused
[INFO] .: failed; testing 254.86s; dependency preparation 0.09s; 0 charts remain
