[INFO] Chart 1/1: .
[INFO] Preparing dependencies for . (excluded from testing budgets)
[INFO] Finite filtering unavailable: permutations need closed objects at (); set additionalProperties: false; filtering generation before value-path traversal
[INFO] Coalescing path $.affinity
[INFO] Coalescing path $.consulServer
[INFO] Coalescing path $.extraContainers
[INFO] Coalescing path $.extraEnv
[INFO] Coalescing path $.extraVolumeMounts
[INFO] Coalescing path $.extraVolumes
[INFO] Coalescing path $.initContainers
[INFO] Coalescing path $.nodeSelector
[INFO] Coalescing path $.options
[INFO] Coalescing path $.podAnnotations
[INFO] Coalescing path $.replicaCount
[INFO] Coalescing path $.resources
[INFO] Coalescing path $.serviceMonitor
[INFO] Coalescing path $.tolerations
[INFO] Coalescing path $.image.pullPolicy
[INFO] Coalescing path $.image.repository
[INFO] Coalescing path $.image.tag
[INFO] Coalescing path $.ingress.enabled
[INFO] Coalescing path $.ingress.hosts
[INFO] Coalescing path $.ingress.path
[INFO] Coalescing path $.ingress.tls
[INFO] Coalescing path $.options[*]
[INFO] Coalescing path $.rbac.create
[INFO] Coalescing path $.rbac.pspEnabled
[INFO] Coalescing path $.rbac.pspUseAppArmor
[INFO] Coalescing path $.service.annotations
[INFO] Coalescing path $.service.port
[INFO] Coalescing path $.service.type
[INFO] Coalescing path $.serviceAccount.create
[INFO] Coalescing path $.serviceMonitor.enabled
[INFO] Coalescing path $.serviceMonitor.interval
[INFO] Coalescing path $.serviceMonitor.labels
[INFO] Coalescing path $.serviceMonitor.metricRelabelings
[INFO] Coalescing path $.serviceMonitor.namespace
[INFO] Coalescing path $.serviceMonitor.targetLabels
[INFO] Coalescing path $.serviceMonitor.telemetryPath
[INFO] Coalescing path $.serviceMonitor.timeout
[INFO] Coalescing path $.ingress.hosts[*]
[INFO] Coalescing path $.serviceMonitor.targetLabels[*]
[INFO] Discovered 53 unique value paths; random traversal, seed 0
[INFO] Testing path $.initContainers (1/53)
[INFO] Compiler input baseline: 35 statically named fields
[INFO] Render hashes (run-local): 100 observed, 88 unique, 12 duplicate bundles; 12 successful validations reused
[INFO] Testing path $.rbac.pspUseAppArmor (2/53)
[INFO] Compiler input baseline: 35 statically named fields
[INFO] Render hashes (run-local): 2 observed, 1 unique, 1 duplicate bundles; 1 successful validations reused
[INFO] Testing path $.image (3/53)
[INFO] Compiler input baseline: 35 statically named fields
[INFO] Render hashes (run-local): 17 observed, 15 unique, 2 duplicate bundles; 2 successful validations reused
[INFO] Testing path $.nodeSelector (4/53)
[INFO] Compiler input baseline: 35 statically named fields
[INFO] Render hashes (run-local): 100 observed, 98 unique, 2 duplicate bundles; 2 successful validations reused
[INFO] Testing path $.service.port (5/53)
[INFO] Compiler input baseline: 35 statically named fields
[INFO] Render hashes (run-local): 100 observed, 100 unique, 0 duplicate bundles; 0 successful validations reused
[INFO] Testing path $.service.type (6/53)
[INFO] Compiler input baseline: 35 statically named fields
[INFO] Render hashes (run-local): 24 observed, 21 unique, 3 duplicate bundles; 3 successful validations reused
[INFO] Testing path $.extraEnv (7/53)
[INFO] Compiler input baseline: 35 statically named fields
[INFO] Render hashes (run-local): 100 observed, 88 unique, 12 duplicate bundles; 12 successful validations reused
[INFO] Testing path $.serviceMonitor.telemetryPath (8/53)
[INFO] Compiler input baseline: 35 statically named fields
[INFO] Render hashes (run-local): 100 observed, 1 unique, 99 duplicate bundles; 99 successful validations reused
[INFO] Testing path $.image.repository (9/53)
[INFO] Compiler input baseline: 35 statically named fields
[INFO] Render hashes (run-local): 76 observed, 76 unique, 0 duplicate bundles; 0 successful validations reused
[INFO] Testing path $.resources (10/53)
[INFO] Compiler input baseline: 35 statically named fields
[INFO] Render hashes (run-local): 100 observed, 98 unique, 2 duplicate bundles; 2 successful validations reused
[INFO] Testing path $.ingress.tls[*] (11/53)
[INFO] Compiler input baseline: 35 statically named fields
[INFO] Render hashes (run-local): 100 observed, 1 unique, 99 duplicate bundles; 99 successful validations reused
[INFO] Testing path $.serviceMonitor.namespace (12/53)
[INFO] Compiler input baseline: 35 statically named fields
[INFO] Render hashes (run-local): 100 observed, 1 unique, 99 duplicate bundles; 99 successful validations reused
[INFO] Testing path $.tolerations[*] (13/53)
[INFO] Compiler input baseline: 35 statically named fields
[INFO] Render hashes (run-local): 100 observed, 87 unique, 13 duplicate bundles; 13 successful validations reused
[INFO] Testing path $.tolerations (14/53)
[INFO] Compiler input baseline: 35 statically named fields
[INFO] Render hashes (run-local): 100 observed, 88 unique, 12 duplicate bundles; 12 successful validations reused
[INFO] Testing path $.extraEnv[*] (15/53)
[INFO] Compiler input baseline: 35 statically named fields
[INFO] Render hashes (run-local): 100 observed, 87 unique, 13 duplicate bundles; 13 successful validations reused
[INFO] Testing path $.ingress.annotations (16/53)
[INFO] Compiler input baseline: 35 statically named fields
[INFO] Render hashes (run-local): 100 observed, 1 unique, 99 duplicate bundles; 99 successful validations reused
[INFO] Testing path $.rbac.create (17/53)
[INFO] Compiler input baseline: 35 statically named fields
[INFO] Render hashes (run-local): 2 observed, 2 unique, 0 duplicate bundles; 0 successful validations reused
[INFO] Testing path $.serviceMonitor.enabled (18/53)
[INFO] Compiler input baseline: 35 statically named fields
[INFO] Render hashes (run-local): 2 observed, 1 unique, 1 duplicate bundles; 1 successful validations reused
[INFO] Testing path $.service.annotations (19/53)
[INFO] Compiler input baseline: 35 statically named fields
[INFO] Render hashes (run-local): 3 observed, 3 unique, 0 duplicate bundles; 0 successful validations reused
[INFO] Testing path $.serviceMonitor (20/53)
[INFO] Compiler input baseline: 35 statically named fields
[INFO] Render hashes (run-local): 100 observed, 1 unique, 99 duplicate bundles; 99 successful validations reused
[INFO] Testing path $.ingress.hosts[*] (21/53)
[INFO] Compiler input baseline: 35 statically named fields
[INFO] Render hashes (run-local): 100 observed, 1 unique, 99 duplicate bundles; 99 successful validations reused
[INFO] Testing path $.extraContainers (22/53)
[INFO] Compiler input baseline: 35 statically named fields
[INFO] Render hashes (run-local): 100 observed, 88 unique, 12 duplicate bundles; 12 successful validations reused
[INFO] Testing path $.extraVolumes (23/53)
[INFO] Compiler input baseline: 35 statically named fields
[INFO] Render hashes (run-local): 100 observed, 88 unique, 12 duplicate bundles; 12 successful validations reused
[INFO] Testing path $.affinity (24/53)
[INFO] Compiler input baseline: 35 statically named fields
[INFO] Render hashes (run-local): 100 observed, 98 unique, 2 duplicate bundles; 2 successful validations reused
[INFO] Testing path $.ingress.path (25/53)
[INFO] Compiler input baseline: 35 statically named fields
[INFO] Render hashes (run-local): 100 observed, 1 unique, 99 duplicate bundles; 99 successful validations reused
[INFO] Testing path $.initContainers[*] (26/53)
[INFO] Compiler input baseline: 35 statically named fields
[INFO] Render hashes (run-local): 100 observed, 87 unique, 13 duplicate bundles; 13 successful validations reused
[INFO] Testing path $.ingress.tls (27/53)
[INFO] Compiler input baseline: 35 statically named fields
[INFO] Render hashes (run-local): 100 observed, 1 unique, 99 duplicate bundles; 99 successful validations reused
[INFO] Testing path $.options (28/53)
[INFO] Compiler input baseline: 35 statically named fields
[INFO] Render hashes (run-local): 34 observed, 31 unique, 3 duplicate bundles; 3 successful validations reused
[INFO] Testing path $.extraContainers[*] (29/53)
[INFO] Compiler input baseline: 35 statically named fields
[INFO] Render hashes (run-local): 100 observed, 87 unique, 13 duplicate bundles; 13 successful validations reused
[INFO] Testing path $.extraVolumes[*] (30/53)
[INFO] Compiler input baseline: 35 statically named fields
[INFO] Render hashes (run-local): 100 observed, 87 unique, 13 duplicate bundles; 13 successful validations reused
[INFO] Testing path $.rbac (31/53)
[INFO] Compiler input baseline: 35 statically named fields
[INFO] Render hashes (run-local): 100 observed, 3 unique, 97 duplicate bundles; 97 successful validations reused
[INFO] Testing path $.serviceAccount.create (32/53)
[INFO] Compiler input baseline: 35 statically named fields
[INFO] Render hashes (run-local): 2 observed, 2 unique, 0 duplicate bundles; 0 successful validations reused
[INFO] Testing path $.image.tag (33/53)
[INFO] Compiler input baseline: 35 statically named fields
[INFO] Render hashes (run-local): 76 observed, 76 unique, 0 duplicate bundles; 0 successful validations reused
[INFO] Testing path $.extraVolumeMounts[*] (34/53)
[INFO] Compiler input baseline: 35 statically named fields
[INFO] Render hashes (run-local): 100 observed, 87 unique, 13 duplicate bundles; 13 successful validations reused
[INFO] Testing path $.image.pullPolicy (35/53)
[INFO] Compiler input baseline: 35 statically named fields
[INFO] Render hashes (run-local): 24 observed, 21 unique, 3 duplicate bundles; 3 successful validations reused
[INFO] Testing path $.serviceMonitor.timeout (36/53)
[INFO] Compiler input baseline: 35 statically named fields
[INFO] Render hashes (run-local): 100 observed, 1 unique, 99 duplicate bundles; 99 successful validations reused
[INFO] Testing path $.serviceMonitor.targetLabels (37/53)
[INFO] Compiler input baseline: 35 statically named fields
[INFO] Render hashes (run-local): 100 observed, 1 unique, 99 duplicate bundles; 99 successful validations reused
[INFO] Testing path $.podAnnotations (38/53)
[INFO] Compiler input baseline: 35 statically named fields
[INFO] Render hashes (run-local): 100 observed, 98 unique, 2 duplicate bundles; 0 successful validations reused
[INFO] Testing path $.ingress.hosts (39/53)
[INFO] Compiler input baseline: 35 statically named fields
[INFO] Render hashes (run-local): 100 observed, 1 unique, 99 duplicate bundles; 0 successful validations reused
[INFO] Testing path $.serviceMonitor.labels (40/53)
[INFO] Compiler input baseline: 35 statically named fields
[INFO] Render hashes (run-local): 100 observed, 1 unique, 99 duplicate bundles; 0 successful validations reused
[INFO] Testing path $.replicaCount (41/53)
[INFO] Compiler input baseline: 35 statically named fields
[INFO] Execution stopped at the 6.53647s time limit; coverage is incomplete
[INFO] Render hashes (run-local): 81 observed, 81 unique, 0 duplicate bundles; 0 successful validations reused
[INFO] .: failed; testing 300.13s; dependency preparation 0.07s; 0 charts remain
