[INFO] Chart 1/1: .
[INFO] Preparing dependencies for . (excluded from testing budgets)
[INFO] Finite filtering unavailable: permutations need closed objects at (); set additionalProperties: false; filtering generation before value-path traversal
[INFO] Coalescing path $.affinity
[INFO] Coalescing path $.nodeSelector
[INFO] Coalescing path $.replicaCount
[INFO] Coalescing path $.resources
[INFO] Coalescing path $.tolerations
[INFO] Coalescing path $.couchdb.databases
[INFO] Coalescing path $.couchdb.password
[INFO] Coalescing path $.couchdb.uri
[INFO] Coalescing path $.couchdb.username
[INFO] Coalescing path $.image.pullPolicy
[INFO] Coalescing path $.image.repository
[INFO] Coalescing path $.image.tag
[INFO] Coalescing path $.ingress.annotations
[INFO] Coalescing path $.ingress.enabled
[INFO] Coalescing path $.ingress.hosts
[INFO] Coalescing path $.ingress.path
[INFO] Coalescing path $.ingress.tls
[INFO] Coalescing path $.rbac.create
[INFO] Coalescing path $.rbac.pspEnabled
[INFO] Coalescing path $.service.port
[INFO] Coalescing path $.service.type
[INFO] Coalescing path $.serviceAccount.create
[INFO] Coalescing path $.ingress.hosts[*]
[INFO] Coalescing path $.ingress.tls[*].hosts
[INFO] Coalescing path $.ingress.tls[*].secretName
[INFO] Coalescing path $.ingress.tls[*].hosts[*]
[INFO] Discovered 31 unique value paths; random traversal, seed 0
[INFO] Testing path $.image (1/31)
[INFO] Compiler input baseline: 22 statically named fields
[INFO] Render hashes (run-local): 26 observed, 25 unique, 1 duplicate bundles; 1 successful validations reused
[INFO] Testing path $.nodeSelector (2/31)
[INFO] Compiler input baseline: 22 statically named fields
[INFO] Render hashes (run-local): 100 observed, 98 unique, 2 duplicate bundles; 2 successful validations reused
[INFO] Testing path $.service.port (3/31)
[INFO] Compiler input baseline: 22 statically named fields
[INFO] Render hashes (run-local): 100 observed, 100 unique, 0 duplicate bundles; 0 successful validations reused
[INFO] Testing path $.couchdb.uri (4/31)
[INFO] Compiler input baseline: 22 statically named fields
[INFO] Render hashes (run-local): 76 observed, 76 unique, 0 duplicate bundles; 0 successful validations reused
[INFO] Testing path $.service.type (5/31)
[INFO] Compiler input baseline: 22 statically named fields
[INFO] Render hashes (run-local): 24 observed, 21 unique, 3 duplicate bundles; 3 successful validations reused
[INFO] Testing path $.image.repository (6/31)
[INFO] Compiler input baseline: 22 statically named fields
[INFO] Render hashes (run-local): 76 observed, 76 unique, 0 duplicate bundles; 0 successful validations reused
[INFO] Testing path $.resources (7/31)
[INFO] Compiler input baseline: 22 statically named fields
[INFO] Render hashes (run-local): 100 observed, 98 unique, 2 duplicate bundles; 2 successful validations reused
[INFO] Testing path $.ingress.tls[*] (8/31)
[INFO] Compiler input baseline: 22 statically named fields
[INFO] Render hashes (run-local): 100 observed, 1 unique, 99 duplicate bundles; 99 successful validations reused
[INFO] Testing path $.tolerations[*] (9/31)
[INFO] Compiler input baseline: 22 statically named fields
[INFO] Render hashes (run-local): 100 observed, 87 unique, 13 duplicate bundles; 13 successful validations reused
[INFO] Testing path $.tolerations (10/31)
[INFO] Compiler input baseline: 22 statically named fields
[INFO] Render hashes (run-local): 100 observed, 88 unique, 12 duplicate bundles; 12 successful validations reused
[INFO] Testing path $.ingress.annotations (11/31)
[INFO] Compiler input baseline: 22 statically named fields
[INFO] Render hashes (run-local): 100 observed, 1 unique, 99 duplicate bundles; 99 successful validations reused
[INFO] Testing path $.rbac.create (12/31)
[INFO] Compiler input baseline: 22 statically named fields
[INFO] Render hashes (run-local): 2 observed, 2 unique, 0 duplicate bundles; 0 successful validations reused
[INFO] Testing path $.couchdb (13/31)
[INFO] Compiler input baseline: 22 statically named fields
[INFO] Render hashes (run-local): 47 observed, 38 unique, 9 duplicate bundles; 9 successful validations reused
[INFO] Testing path $.affinity (14/31)
[INFO] Compiler input baseline: 22 statically named fields
[INFO] Render hashes (run-local): 100 observed, 98 unique, 2 duplicate bundles; 2 successful validations reused
[INFO] Testing path $.ingress.path (15/31)
[INFO] Compiler input baseline: 22 statically named fields
[INFO] Render hashes (run-local): 100 observed, 1 unique, 99 duplicate bundles; 99 successful validations reused
[INFO] Testing path $.ingress.tls (16/31)
[INFO] Compiler input baseline: 22 statically named fields
[INFO] Render hashes (run-local): 100 observed, 1 unique, 99 duplicate bundles; 99 successful validations reused
[INFO] Testing path $.couchdb.password (17/31)
[INFO] Compiler input baseline: 22 statically named fields
/Users/emmadoyle/projects/personal/hypothesis-helm/.venv/lib/python3.13/site-packages/hypothesis/strategies/_internal/lazy.py:180: HypothesisWarning: Generating overly large repr. This is an expensive operation, and with a length of 42 kB is unlikely to be useful. Use -Wignore to ignore the warning, or -Werror to get a traceback.
  self.__representation = repr_call(
/Users/emmadoyle/projects/personal/hypothesis-helm/.venv/lib/python3.13/site-packages/hypothesis/strategies/_internal/lazy.py:180: HypothesisWarning: Generating overly large repr. This is an expensive operation, and with a length of 127 kB is unlikely to be useful. Use -Wignore to ignore the warning, or -Werror to get a traceback.
  self.__representation = repr_call(
[INFO] Render hashes (run-local): 88 observed, 55 unique, 33 duplicate bundles; 33 successful validations reused
[INFO] Testing path $.rbac (18/31)
[INFO] Compiler input baseline: 22 statically named fields
[INFO] Render hashes (run-local): 37 observed, 3 unique, 34 duplicate bundles; 34 successful validations reused
[INFO] Testing path $.serviceAccount.create (19/31)
[INFO] Compiler input baseline: 22 statically named fields
[INFO] Render hashes (run-local): 2 observed, 2 unique, 0 duplicate bundles; 0 successful validations reused
[INFO] Testing path $.image.tag (20/31)
[INFO] Compiler input baseline: 22 statically named fields
[INFO] Render hashes (run-local): 100 observed, 100 unique, 0 duplicate bundles; 0 successful validations reused
[INFO] Testing path $.image.pullPolicy (21/31)
[INFO] Compiler input baseline: 22 statically named fields
[INFO] Render hashes (run-local): 24 observed, 21 unique, 3 duplicate bundles; 3 successful validations reused
[INFO] Testing path $.ingress.hosts (22/31)
[INFO] Compiler input baseline: 22 statically named fields
[INFO] Render hashes (run-local): 100 observed, 1 unique, 99 duplicate bundles; 99 successful validations reused
[INFO] Testing path $.replicaCount (23/31)
[INFO] Compiler input baseline: 22 statically named fields
[INFO] Render hashes (run-local): 100 observed, 100 unique, 0 duplicate bundles; 0 successful validations reused
[INFO] Testing path $.serviceAccount.name (24/31)
[INFO] Compiler input baseline: 22 statically named fields
[INFO] Render hashes (run-local): 5 observed, 1 unique, 4 duplicate bundles; 4 successful validations reused
[INFO] Testing path $.ingress.enabled (25/31)
[INFO] Compiler input baseline: 22 statically named fields
[INFO] Render hashes (run-local): 2 observed, 1 unique, 1 duplicate bundles; 1 successful validations reused
[INFO] Testing path $.couchdb.databases (26/31)
[INFO] Compiler input baseline: 22 statically named fields
[INFO] Render hashes (run-local): 76 observed, 76 unique, 0 duplicate bundles; 0 successful validations reused
[INFO] Testing path $.couchdb.username (27/31)
[INFO] Compiler input baseline: 22 statically named fields
[INFO] Render hashes (run-local): 88 observed, 55 unique, 33 duplicate bundles; 33 successful validations reused
[INFO] Testing path $.ingress (28/31)
[INFO] Compiler input baseline: 22 statically named fields
[INFO] Render hashes (run-local): 149 observed, 1 unique, 148 duplicate bundles; 148 successful validations reused
[INFO] Testing path $.rbac.pspEnabled (29/31)
[INFO] Compiler input baseline: 22 statically named fields
[INFO] Render hashes (run-local): 2 observed, 2 unique, 0 duplicate bundles; 0 successful validations reused
[INFO] Testing path $.serviceAccount (30/31)
[INFO] Compiler input baseline: 22 statically named fields
[INFO] Render hashes (run-local): 38 observed, 10 unique, 28 duplicate bundles; 16 successful validations reused
[INFO] Testing path $.service (31/31)
[INFO] Compiler input baseline: 22 statically named fields
[INFO] Render hashes (run-local): 79 observed, 73 unique, 6 duplicate bundles; 6 successful validations reused
[INFO] .: failed; testing 197.47s; dependency preparation 0.04s; 0 charts remain
