[INFO] Chart 1/1: .
[INFO] Preparing dependencies for . (excluded from testing budgets)
[INFO] Finite filtering unavailable: permutations need closed objects at (); set additionalProperties: false; filtering generation before value-path traversal
[INFO] Coalescing path $.affinity
[INFO] Coalescing path $.annotations
[INFO] Coalescing path $.containerSecurityContext
[INFO] Coalescing path $.druidURL
[INFO] Coalescing path $.exporterPort
[INFO] Coalescing path $.extraEnv
[INFO] Coalescing path $.imagePullSecrets
[INFO] Coalescing path $.logFormat
[INFO] Coalescing path $.logLevel
[INFO] Coalescing path $.nodeSelector
[INFO] Coalescing path $.podAnnotations
[INFO] Coalescing path $.securityContext
[INFO] Coalescing path $.serviceType
[INFO] Coalescing path $.tolerations
[INFO] Coalescing path $.image.name
[INFO] Coalescing path $.image.pullPolicy
[INFO] Coalescing path $.image.tag
[INFO] Coalescing path $.serviceAccount.create
[INFO] Coalescing path $.serviceMonitor.additionalLabels
[INFO] Coalescing path $.serviceMonitor.enabled
[INFO] Coalescing path $.serviceMonitor.interval
[INFO] Coalescing path $.serviceMonitor.namespace
[INFO] Coalescing path $.serviceMonitor.scrapeTimeout
[INFO] Coalescing path $.serviceMonitor.targetLabels
[INFO] Coalescing path $.serviceMonitor.additionalLabels[*]
[INFO] Coalescing path $.serviceMonitor.targetLabels[*]
[INFO] Discovered 32 unique value paths; random traversal, seed 0
[INFO] Testing path $.serviceMonitor.additionalLabels (1/32)
[INFO] Compiler input baseline: 24 statically named fields
[INFO] Render hashes (run-local): 100 observed, 1 unique, 99 duplicate bundles; 99 successful validations reused
[INFO] Testing path $.image (2/32)
[INFO] Compiler input baseline: 24 statically named fields
[INFO] Render hashes (run-local): 23 observed, 20 unique, 3 duplicate bundles; 3 successful validations reused
[INFO] Testing path $.nodeSelector (3/32)
[INFO] Compiler input baseline: 24 statically named fields
[INFO] Render hashes (run-local): 100 observed, 98 unique, 2 duplicate bundles; 2 successful validations reused
[INFO] Testing path $.imagePullSecrets (4/32)
[INFO] Compiler input baseline: 24 statically named fields
[INFO] Render hashes (run-local): 100 observed, 88 unique, 12 duplicate bundles; 12 successful validations reused
[INFO] Testing path $.securityContext (5/32)
[INFO] Compiler input baseline: 24 statically named fields
[INFO] Render hashes (run-local): 100 observed, 98 unique, 2 duplicate bundles; 2 successful validations reused
[INFO] Testing path $.druidURL (6/32)
[INFO] Compiler input baseline: 24 statically named fields
[INFO] Render hashes (run-local): 24 observed, 21 unique, 3 duplicate bundles; 3 successful validations reused
[INFO] Testing path $.name (7/32)
[INFO] Compiler input baseline: 24 statically named fields
[INFO] Render hashes (run-local): 100 observed, 1 unique, 99 duplicate bundles; 99 successful validations reused
[INFO] Testing path $.logFormat (8/32)
[INFO] Compiler input baseline: 24 statically named fields
[INFO] Render hashes (run-local): 24 observed, 21 unique, 3 duplicate bundles; 3 successful validations reused
[INFO] Testing path $.extraEnv (9/32)
[INFO] Compiler input baseline: 24 statically named fields
[INFO] Render hashes (run-local): 100 observed, 88 unique, 12 duplicate bundles; 12 successful validations reused
[INFO] Testing path $.logLevel (10/32)
[INFO] Compiler input baseline: 24 statically named fields
[INFO] Render hashes (run-local): 24 observed, 21 unique, 3 duplicate bundles; 3 successful validations reused
[INFO] Testing path $.serviceMonitor.namespace (11/32)
[INFO] Compiler input baseline: 24 statically named fields
[INFO] Render hashes (run-local): 100 observed, 1 unique, 99 duplicate bundles; 99 successful validations reused
[INFO] Testing path $.tolerations[*] (12/32)
[INFO] Compiler input baseline: 24 statically named fields
[INFO] Render hashes (run-local): 100 observed, 87 unique, 13 duplicate bundles; 13 successful validations reused
[INFO] Testing path $.tolerations (13/32)
[INFO] Compiler input baseline: 24 statically named fields
[INFO] Render hashes (run-local): 100 observed, 88 unique, 12 duplicate bundles; 12 successful validations reused
[INFO] Testing path $.extraEnv[*] (14/32)
[INFO] Compiler input baseline: 24 statically named fields
[INFO] Render hashes (run-local): 100 observed, 87 unique, 13 duplicate bundles; 13 successful validations reused
[INFO] Testing path $.serviceMonitor.enabled (15/32)
[INFO] Compiler input baseline: 24 statically named fields
[INFO] Render hashes (run-local): 2 observed, 2 unique, 0 duplicate bundles; 0 successful validations reused
[INFO] Testing path $.serviceMonitor (16/32)
[INFO] Compiler input baseline: 24 statically named fields
[INFO] Render hashes (run-local): 136 observed, 11 unique, 125 duplicate bundles; 125 successful validations reused
[INFO] Testing path $.affinity (17/32)
[INFO] Compiler input baseline: 24 statically named fields
[INFO] Render hashes (run-local): 100 observed, 98 unique, 2 duplicate bundles; 2 successful validations reused
[INFO] Testing path $.image.name (18/32)
[INFO] Compiler input baseline: 24 statically named fields
[INFO] Render hashes (run-local): 76 observed, 76 unique, 0 duplicate bundles; 0 successful validations reused
[INFO] Testing path $.annotations (19/32)
[INFO] Compiler input baseline: 24 statically named fields
[INFO] Render hashes (run-local): 3 observed, 3 unique, 0 duplicate bundles; 0 successful validations reused
[INFO] Testing path $.serviceAccount.create (20/32)
[INFO] Compiler input baseline: 24 statically named fields
[INFO] Render hashes (run-local): 2 observed, 2 unique, 0 duplicate bundles; 0 successful validations reused
[INFO] Testing path $.image.tag (21/32)
[INFO] Compiler input baseline: 24 statically named fields
[INFO] Render hashes (run-local): 76 observed, 76 unique, 0 duplicate bundles; 0 successful validations reused
[INFO] Testing path $.image.pullPolicy (22/32)
[INFO] Compiler input baseline: 24 statically named fields
[INFO] Render hashes (run-local): 24 observed, 21 unique, 3 duplicate bundles; 3 successful validations reused
[INFO] Testing path $.imagePullSecrets[*] (23/32)
[INFO] Compiler input baseline: 24 statically named fields
[INFO] Render hashes (run-local): 100 observed, 87 unique, 13 duplicate bundles; 13 successful validations reused
[INFO] Testing path $.serviceMonitor.scrapeTimeout (24/32)
[INFO] Compiler input baseline: 24 statically named fields
[INFO] Render hashes (run-local): 100 observed, 1 unique, 99 duplicate bundles; 99 successful validations reused
[INFO] Testing path $.serviceMonitor.targetLabels (25/32)
[INFO] Compiler input baseline: 24 statically named fields
[INFO] Render hashes (run-local): 100 observed, 1 unique, 99 duplicate bundles; 99 successful validations reused
[INFO] Testing path $.podAnnotations (26/32)
[INFO] Compiler input baseline: 24 statically named fields
[INFO] Render hashes (run-local): 100 observed, 98 unique, 2 duplicate bundles; 2 successful validations reused
[INFO] Testing path $.serviceMonitor.targetLabels[*] (27/32)
[INFO] Compiler input baseline: 24 statically named fields
[INFO] Render hashes (run-local): 100 observed, 1 unique, 99 duplicate bundles; 99 successful validations reused
[INFO] Testing path $.exporterPort (28/32)
[INFO] Compiler input baseline: 24 statically named fields
[INFO] Render hashes (run-local): 100 observed, 100 unique, 0 duplicate bundles; 0 successful validations reused
[INFO] Testing path $.serviceType (29/32)
[INFO] Compiler input baseline: 24 statically named fields
[INFO] Render hashes (run-local): 24 observed, 21 unique, 3 duplicate bundles; 3 successful validations reused
[INFO] Testing path $.serviceMonitor.interval (30/32)
[INFO] Compiler input baseline: 24 statically named fields
[INFO] Render hashes (run-local): 100 observed, 1 unique, 99 duplicate bundles; 99 successful validations reused
[INFO] Testing path $.serviceAccount (31/32)
[INFO] Compiler input baseline: 24 statically named fields
[INFO] Render hashes (run-local): 3 observed, 2 unique, 1 duplicate bundles; 1 successful validations reused
[INFO] Testing path $.containerSecurityContext (32/32)
[INFO] Compiler input baseline: 24 statically named fields
[INFO] Render hashes (run-local): 100 observed, 98 unique, 2 duplicate bundles; 2 successful validations reused
[INFO] .: failed; testing 205.12s; dependency preparation 0.07s; 0 charts remain
