[INFO] Chart 1/1: .
[INFO] Preparing dependencies for . (excluded from testing budgets)
[INFO] Finite filtering unavailable: permutations need closed objects at (); set additionalProperties: false; filtering generation before value-path traversal
[INFO] Coalescing path $.affinity
[INFO] Coalescing path $.dnsConfig
[INFO] Coalescing path $.env
[INFO] Coalescing path $.envFromSecret
[INFO] Coalescing path $.extraArgs
[INFO] Coalescing path $.extraEnvSecrets
[INFO] Coalescing path $.extraManifests
[INFO] Coalescing path $.extraVolumeMounts
[INFO] Coalescing path $.extraVolumes
[INFO] Coalescing path $.initContainers
[INFO] Coalescing path $.livenessProbe
[INFO] Coalescing path $.nodeSelector
[INFO] Coalescing path $.podAnnotations
[INFO] Coalescing path $.podLabels
[INFO] Coalescing path $.podSecurityContext
[INFO] Coalescing path $.priorityClassName
[INFO] Coalescing path $.readinessProbe
[INFO] Coalescing path $.replicaCount
[INFO] Coalescing path $.resources
[INFO] Coalescing path $.restartPolicy
[INFO] Coalescing path $.revisionHistoryLimit
[INFO] Coalescing path $.secretMounts
[INFO] Coalescing path $.securityContext
[INFO] Coalescing path $.tolerations
[INFO] Coalescing path $.topologySpreadConstraints
[INFO] Coalescing path $.deployment.annotations
[INFO] Coalescing path $.deployment.labels
[INFO] Coalescing path $.env[*]
[INFO] Coalescing path $.es.aliases
[INFO] Coalescing path $.es.all
[INFO] Coalescing path $.es.cluster_settings
[INFO] Coalescing path $.es.data_stream
[INFO] Coalescing path $.es.ilm
[INFO] Coalescing path $.es.indices
[INFO] Coalescing path $.es.indices_mappings
[INFO] Coalescing path $.es.indices_settings
[INFO] Coalescing path $.es.shards
[INFO] Coalescing path $.es.slm
[INFO] Coalescing path $.es.snapshots
[INFO] Coalescing path $.es.sslSkipVerify
[INFO] Coalescing path $.es.timeout
[INFO] Coalescing path $.es.uri
[INFO] Coalescing path $.extraArgs[*]
[INFO] Coalescing path $.extraManifests[*]
[INFO] Coalescing path $.global.imagePullSecrets
[INFO] Coalescing path $.image.pullPolicy
[INFO] Coalescing path $.image.pullSecret
[INFO] Coalescing path $.image.tag
[INFO] Coalescing path $.log.format
[INFO] Coalescing path $.log.level
[INFO] Coalescing path $.podMonitor.enabled
[INFO] Coalescing path $.prometheusRule.enabled
[INFO] Coalescing path $.prometheusRule.labels
[INFO] Coalescing path $.prometheusRule.namespace
[INFO] Coalescing path $.prometheusRule.rules
[INFO] Coalescing path $.service.annotations
[INFO] Coalescing path $.service.enabled
[INFO] Coalescing path $.service.httpPort
[INFO] Coalescing path $.service.labels
[INFO] Coalescing path $.service.type
[INFO] Coalescing path $.serviceAccount.annotations
[INFO] Coalescing path $.serviceAccount.automountServiceAccountToken
[INFO] Coalescing path $.serviceAccount.create
[INFO] Coalescing path $.serviceMonitor.apiVersion
[INFO] Coalescing path $.serviceMonitor.enabled
[INFO] Coalescing path $.serviceMonitor.interval
[INFO] Coalescing path $.serviceMonitor.jobLabel
[INFO] Coalescing path $.serviceMonitor.labels
[INFO] Coalescing path $.serviceMonitor.metricRelabelings
[INFO] Coalescing path $.serviceMonitor.namespace
[INFO] Coalescing path $.serviceMonitor.relabelings
[INFO] Coalescing path $.serviceMonitor.sampleLimit
[INFO] Coalescing path $.serviceMonitor.scheme
[INFO] Coalescing path $.serviceMonitor.scrapeTimeout
[INFO] Coalescing path $.serviceMonitor.targetLabels
[INFO] Coalescing path $.web.path
[INFO] Coalescing path $.es.ssl.enabled
[INFO] Coalescing path $.es.ssl.useExistingSecrets
[INFO] Coalescing path $.extraEnvSecrets[*].key
[INFO] Coalescing path $.extraEnvSecrets[*].secret
[INFO] Coalescing path $.secretMounts[*].name
[INFO] Coalescing path $.secretMounts[*].path
[INFO] Coalescing path $.secretMounts[*].secretName
[INFO] Coalescing path $.secretMounts[*].subPath
[INFO] Coalescing path $.service.metricsPort.name
[INFO] Coalescing path $.serviceMonitor.targetLabels[*]
[INFO] Coalescing path $.es.ssl.ca.path
[INFO] Coalescing path $.es.ssl.ca.pem
[INFO] Coalescing path $.es.ssl.client.enabled
[INFO] Coalescing path $.es.ssl.client.key
[INFO] Coalescing path $.es.ssl.client.keyPath
[INFO] Coalescing path $.es.ssl.client.pem
[INFO] Coalescing path $.es.ssl.client.pemPath
[INFO] Discovered 151 unique value paths; random traversal, seed 0
[INFO] Testing path $.es.ssl.client (1/151)
[INFO] Compiler input baseline: 83 statically named fields
[INFO] Render hashes (run-local): 100 observed, 1 unique, 99 duplicate bundles; 99 successful validations reused
[INFO] Testing path $.podMonitor.relabelings (2/151)
[INFO] Compiler input baseline: 83 statically named fields
[INFO] Render hashes (run-local): 100 observed, 1 unique, 99 duplicate bundles; 99 successful validations reused
[INFO] Testing path $.topologySpreadConstraints[*] (3/151)
[INFO] Compiler input baseline: 83 statically named fields
[INFO] Render hashes (run-local): 100 observed, 87 unique, 13 duplicate bundles; 13 successful validations reused
[INFO] Testing path $.initContainers (4/151)
[INFO] Compiler input baseline: 83 statically named fields
[INFO] Render hashes (run-local): 100 observed, 88 unique, 12 duplicate bundles; 12 successful validations reused
[INFO] Testing path $.image (5/151)
[INFO] Compiler input baseline: 83 statically named fields
[INFO] Render hashes (run-local): 50 observed, 39 unique, 11 duplicate bundles; 11 successful validations reused
[INFO] Testing path $.podMonitor.honorLabels (6/151)
[INFO] Compiler input baseline: 83 statically named fields
[INFO] Render hashes (run-local): 2 observed, 1 unique, 1 duplicate bundles; 1 successful validations reused
[INFO] Testing path $.readinessProbe.httpGet.path (7/151)
[INFO] Compiler input baseline: 83 statically named fields
[INFO] Render hashes (run-local): 100 observed, 97 unique, 3 duplicate bundles; 3 successful validations reused
[INFO] Testing path $.extraManifests (8/151)
[INFO] Compiler input baseline: 83 statically named fields
[INFO] Render hashes (run-local): 1 observed, 1 unique, 0 duplicate bundles; 0 successful validations reused
[INFO] Testing path $.secretMounts[*] (9/151)
[INFO] Compiler input baseline: 83 statically named fields
[INFO] Render hashes (run-local): 0 observed, 0 unique, 0 duplicate bundles; 0 successful validations reused
[INFO] Testing path $.livenessProbe.periodSeconds (10/151)
[INFO] Compiler input baseline: 83 statically named fields
[INFO] Render hashes (run-local): 100 observed, 100 unique, 0 duplicate bundles; 0 successful validations reused
[INFO] Testing path $.nodeSelector (11/151)
[INFO] Compiler input baseline: 83 statically named fields
[INFO] Render hashes (run-local): 100 observed, 98 unique, 2 duplicate bundles; 2 successful validations reused
[INFO] Testing path $.es.timeout (12/151)
[INFO] Compiler input baseline: 83 statically named fields
[INFO] Render hashes (run-local): 76 observed, 76 unique, 0 duplicate bundles; 0 successful validations reused
[INFO] Testing path $.es.snapshots (13/151)
[INFO] Compiler input baseline: 83 statically named fields
[INFO] Render hashes (run-local): 2 observed, 2 unique, 0 duplicate bundles; 0 successful validations reused
[INFO] Testing path $.podSecurityContext.runAsNonRoot (14/151)
[INFO] Compiler input baseline: 83 statically named fields
[INFO] Render hashes (run-local): 2 observed, 2 unique, 0 duplicate bundles; 0 successful validations reused
[INFO] Testing path $.securityContext (15/151)
[INFO] Compiler input baseline: 83 statically named fields
[INFO] Render hashes (run-local): 100 observed, 82 unique, 18 duplicate bundles; 18 successful validations reused
[INFO] Testing path $.secretMounts (16/151)
[INFO] Compiler input baseline: 83 statically named fields
[INFO] Render hashes (run-local): 1 observed, 1 unique, 0 duplicate bundles; 0 successful validations reused
[INFO] Testing path $.deployment.annotations (17/151)
[INFO] Compiler input baseline: 83 statically named fields
[INFO] Render hashes (run-local): 3 observed, 3 unique, 0 duplicate bundles; 0 successful validations reused
[INFO] Testing path $.global.imagePullSecrets (18/151)
[INFO] Compiler input baseline: 83 statically named fields
[INFO] Render hashes (run-local): 1 observed, 1 unique, 0 duplicate bundles; 0 successful validations reused
[INFO] Testing path $.podSecurityContext (19/151)
[INFO] Compiler input baseline: 83 statically named fields
[INFO] Render hashes (run-local): 100 observed, 85 unique, 15 duplicate bundles; 15 successful validations reused
[INFO] Testing path $.es.slm (20/151)
[INFO] Compiler input baseline: 83 statically named fields
[INFO] Render hashes (run-local): 2 observed, 2 unique, 0 duplicate bundles; 0 successful validations reused
[INFO] Testing path $.es.ssl.ca (21/151)
[INFO] Compiler input baseline: 83 statically named fields
[INFO] Render hashes (run-local): 100 observed, 1 unique, 99 duplicate bundles; 99 successful validations reused
[INFO] Testing path $.service.httpPort (22/151)
[INFO] Compiler input baseline: 83 statically named fields
[INFO] Render hashes (run-local): 100 observed, 100 unique, 0 duplicate bundles; 0 successful validations reused
[INFO] Testing path $.deployment.metricsPort.name (23/151)
[INFO] Compiler input baseline: 83 statically named fields
[INFO] Render hashes (run-local): 100 observed, 1 unique, 99 duplicate bundles; 99 successful validations reused
[INFO] Testing path $.service.type (24/151)
[INFO] Compiler input baseline: 83 statically named fields
[INFO] Render hashes (run-local): 24 observed, 21 unique, 3 duplicate bundles; 3 successful validations reused
[INFO] Testing path $.es.ssl.client.pemPath (25/151)
[INFO] Compiler input baseline: 83 statically named fields
[INFO] Render hashes (run-local): 100 observed, 1 unique, 99 duplicate bundles; 99 successful validations reused
[INFO] Testing path $.securityContext.capabilities.drop (26/151)
[INFO] Compiler input baseline: 83 statically named fields
[INFO] Render hashes (run-local): 100 observed, 100 unique, 0 duplicate bundles; 0 successful validations reused
[INFO] Testing path $.prometheusRule (27/151)
[INFO] Compiler input baseline: 83 statically named fields
[INFO] Render hashes (run-local): 38 observed, 10 unique, 28 duplicate bundles; 28 successful validations reused
[INFO] Testing path $.serviceMonitor.relabelings (28/151)
[INFO] Compiler input baseline: 83 statically named fields
[INFO] Render hashes (run-local): 100 observed, 1 unique, 99 duplicate bundles; 99 successful validations reused
[INFO] Testing path $.livenessProbe.initialDelaySeconds (29/151)
[INFO] Compiler input baseline: 83 statically named fields
[INFO] Render hashes (run-local): 100 observed, 100 unique, 0 duplicate bundles; 0 successful validations reused
[INFO] Testing path $.es.shards (30/151)
[INFO] Compiler input baseline: 83 statically named fields
[INFO] Render hashes (run-local): 2 observed, 2 unique, 0 duplicate bundles; 0 successful validations reused
[INFO] Testing path $.es (31/151)
[INFO] Compiler input baseline: 83 statically named fields
[INFO] Render hashes (run-local): 77 observed, 41 unique, 36 duplicate bundles; 36 successful validations reused
[INFO] Testing path $.service.metricsPort (32/151)
[INFO] Compiler input baseline: 83 statically named fields
[INFO] Render hashes (run-local): 25 observed, 22 unique, 3 duplicate bundles; 3 successful validations reused
[INFO] Testing path $.podSecurityContext.seccompProfile (33/151)
[INFO] Compiler input baseline: 83 statically named fields
[INFO] Render hashes (run-local): 100 observed, 97 unique, 3 duplicate bundles; 1 successful validations reused
[INFO] Testing path $.serviceAccount.annotations (34/151)
[INFO] Compiler input baseline: 83 statically named fields
[INFO] Render hashes (run-local): 100 observed, 1 unique, 99 duplicate bundles; 0 successful validations reused
[INFO] Testing path $.podMonitor.labels (35/151)
[INFO] Compiler input baseline: 83 statically named fields
[INFO] Execution stopped at the 8.03864s time limit; coverage is incomplete
[INFO] Render hashes (run-local): 62 observed, 1 unique, 61 duplicate bundles; 0 successful validations reused
[INFO] .: failed; testing 300.35s; dependency preparation 0.05s; 0 charts remain
