[INFO] Chart 1/1: .
[INFO] Preparing dependencies for . (excluded from testing budgets)
[INFO] Finite filtering unavailable: permutations need closed objects at (); set additionalProperties: false; filtering generation before value-path traversal
[INFO] Coalescing path $.modules
[INFO] Coalescing path $.resources
[INFO] Coalescing path $.scrapeConfig
[INFO] Coalescing path $.serviceMonitor
[INFO] Coalescing path $.configSecret.enabled
[INFO] Coalescing path $.scrapeConfig.enabled
[INFO] Coalescing path $.scrapeConfig.fileSDConfigs
[INFO] Coalescing path $.scrapeConfig.jobName
[INFO] Coalescing path $.scrapeConfig.labels
[INFO] Coalescing path $.scrapeConfig.metricRelabelings
[INFO] Coalescing path $.scrapeConfig.metricsPath
[INFO] Coalescing path $.scrapeConfig.mode
[INFO] Coalescing path $.scrapeConfig.modules
[INFO] Coalescing path $.scrapeConfig.namespace
[INFO] Coalescing path $.scrapeConfig.relabelings
[INFO] Coalescing path $.scrapeConfig.scheme
[INFO] Coalescing path $.scrapeConfig.scrapeInterval
[INFO] Coalescing path $.scrapeConfig.scrapeTimeout
[INFO] Coalescing path $.scrapeConfig.staticConfigs
[INFO] Coalescing path $.service.annotations
[INFO] Coalescing path $.service.port
[INFO] Coalescing path $.service.type
[INFO] Coalescing path $.serviceMonitor.enabled
[INFO] Coalescing path $.serviceMonitor.interval
[INFO] Coalescing path $.serviceMonitor.labels
[INFO] Coalescing path $.serviceMonitor.metricRelabelings
[INFO] Coalescing path $.serviceMonitor.namespace
[INFO] Coalescing path $.serviceMonitor.targetLabels
[INFO] Coalescing path $.serviceMonitor.telemetryPath
[INFO] Coalescing path $.serviceMonitor.timeout
[INFO] Coalescing path $.resources.limits.cpu
[INFO] Coalescing path $.resources.limits.memory
[INFO] Coalescing path $.resources.requests.cpu
[INFO] Coalescing path $.resources.requests.memory
[INFO] Coalescing path $.serviceMonitor.targetLabels[*]
[INFO] Discovered 130 unique value paths; random traversal, seed 0
[INFO] Testing path $.image (1/130)
[INFO] Compiler input baseline: 31 statically named fields
[INFO] Render hashes (run-local): 100 observed, 95 unique, 5 duplicate bundles; 5 successful validations reused
[INFO] Testing path $.readinessProbe.httpGet.path (2/130)
[INFO] Compiler input baseline: 31 statically named fields
[INFO] Render hashes (run-local): 100 observed, 97 unique, 3 duplicate bundles; 3 successful validations reused
[INFO] Testing path $.modules.advanced.collector_cmd.ipmi (3/130)
[INFO] Compiler input baseline: 31 statically named fields
[INFO] Render hashes (run-local): 100 observed, 97 unique, 3 duplicate bundles; 3 successful validations reused
[INFO] Testing path $.livenessProbe.periodSeconds (4/130)
[INFO] Compiler input baseline: 31 statically named fields
[INFO] Render hashes (run-local): 100 observed, 100 unique, 0 duplicate bundles; 0 successful validations reused
[INFO] Testing path $.nodeSelector (5/130)
[INFO] Compiler input baseline: 31 statically named fields
[INFO] Render hashes (run-local): 100 observed, 98 unique, 2 duplicate bundles; 2 successful validations reused
[INFO] Testing path $.service.port (6/130)
[INFO] Compiler input baseline: 31 statically named fields
[INFO] Render hashes (run-local): 100 observed, 100 unique, 0 duplicate bundles; 0 successful validations reused
[INFO] Testing path $.modules.advanced.user (7/130)
[INFO] Compiler input baseline: 31 statically named fields
[INFO] Render hashes (run-local): 100 observed, 97 unique, 3 duplicate bundles; 3 successful validations reused
[INFO] Testing path $.modules.dcmi (8/130)
[INFO] Compiler input baseline: 31 statically named fields
[INFO] Render hashes (run-local): 100 observed, 99 unique, 1 duplicate bundles; 1 successful validations reused
[INFO] Testing path $.livenessProbe.failureThreshold (9/130)
[INFO] Compiler input baseline: 31 statically named fields
[INFO] Render hashes (run-local): 100 observed, 100 unique, 0 duplicate bundles; 0 successful validations reused
[INFO] Testing path $.service.type (10/130)
[INFO] Compiler input baseline: 31 statically named fields
[INFO] Render hashes (run-local): 4 observed, 4 unique, 0 duplicate bundles; 0 successful validations reused
[INFO] Testing path $.modules.thatspecialhost.custom_args.ipmi[*] (11/130)
[INFO] Compiler input baseline: 31 statically named fields
[INFO] Render hashes (run-local): 100 observed, 97 unique, 3 duplicate bundles; 3 successful validations reused
[INFO] Testing path $.additionalAnnotations (12/130)
[INFO] Compiler input baseline: 31 statically named fields
[INFO] Render hashes (run-local): 100 observed, 98 unique, 2 duplicate bundles; 2 successful validations reused
[INFO] Testing path $.modules.default.collectors (13/130)
[INFO] Compiler input baseline: 31 statically named fields
[INFO] Render hashes (run-local): 100 observed, 100 unique, 0 duplicate bundles; 0 successful validations reused
[INFO] Testing path $.livenessProbe.initialDelaySeconds (14/130)
[INFO] Compiler input baseline: 31 statically named fields
[INFO] Render hashes (run-local): 100 observed, 100 unique, 0 duplicate bundles; 0 successful validations reused
[INFO] Testing path $.modules.advanced (15/130)
[INFO] Compiler input baseline: 31 statically named fields
[INFO] Render hashes (run-local): 100 observed, 95 unique, 5 duplicate bundles; 5 successful validations reused
[INFO] Testing path $.serviceMonitor.telemetryPath (16/130)
[INFO] Compiler input baseline: 31 statically named fields
[INFO] Render hashes (run-local): 100 observed, 1 unique, 99 duplicate bundles; 99 successful validations reused
[INFO] Testing path $.image.repository (17/130)
[INFO] Compiler input baseline: 31 statically named fields
[INFO] Render hashes (run-local): 76 observed, 76 unique, 0 duplicate bundles; 0 successful validations reused
[INFO] Testing path $.modules.advanced.custom_args.sel (18/130)
[INFO] Compiler input baseline: 31 statically named fields
[INFO] Render hashes (run-local): 100 observed, 100 unique, 0 duplicate bundles; 0 successful validations reused
[INFO] Testing path $.resources (19/130)
[INFO] Compiler input baseline: 31 statically named fields
[INFO] Render hashes (run-local): 118 observed, 27 unique, 91 duplicate bundles; 91 successful validations reused
[INFO] Testing path $.scrapeConfig.scrapeTimeout (20/130)
[INFO] Compiler input baseline: 31 statically named fields
[INFO] Render hashes (run-local): 100 observed, 1 unique, 99 duplicate bundles; 99 successful validations reused
[INFO] Testing path $.modules.advanced.privilege (21/130)
[INFO] Compiler input baseline: 31 statically named fields
[INFO] Render hashes (run-local): 100 observed, 97 unique, 3 duplicate bundles; 3 successful validations reused
[INFO] Testing path $.modules.thatspecialhost (22/130)
[INFO] Compiler input baseline: 31 statically named fields
[INFO] Render hashes (run-local): 100 observed, 96 unique, 4 duplicate bundles; 4 successful validations reused
[INFO] Testing path $.readinessProbe.timeoutSeconds (23/130)
[INFO] Compiler input baseline: 31 statically named fields
[INFO] Render hashes (run-local): 100 observed, 100 unique, 0 duplicate bundles; 0 successful validations reused
[INFO] Testing path $.modules.advanced.pass (24/130)
[INFO] Compiler input baseline: 31 statically named fields
[INFO] Render hashes (run-local): 100 observed, 97 unique, 3 duplicate bundles; 3 successful validations reused
[INFO] Testing path $.serviceMonitor.namespace (25/130)
[INFO] Compiler input baseline: 31 statically named fields
[INFO] Render hashes (run-local): 100 observed, 1 unique, 99 duplicate bundles; 23 successful validations reused
[INFO] Testing path $.modules.default (26/130)
[INFO] Compiler input baseline: 31 statically named fields
[INFO] Render hashes (run-local): 100 observed, 98 unique, 2 duplicate bundles; 0 successful validations reused
[INFO] Testing path $.tolerations[*] (27/130)
[INFO] Compiler input baseline: 31 statically named fields
[INFO] Execution stopped at the 10.3108s time limit; coverage is incomplete
[INFO] Render hashes (run-local): 85 observed, 84 unique, 1 duplicate bundles; 0 successful validations reused
[INFO] .: failed; testing 300.24s; dependency preparation 0.04s; 0 charts remain
