[INFO] Chart 1/1: .
[INFO] Preparing dependencies for . (excluded from testing budgets)
[INFO] Finite filtering unavailable: permutations need closed objects at (); set additionalProperties: false; filtering generation before value-path traversal
[INFO] Coalescing path $.additionalVolumeMounts
[INFO] Coalescing path $.additionalVolumes
[INFO] Coalescing path $.affinity
[INFO] Coalescing path $.commonLabels
[INFO] Coalescing path $.deploymentAnnotations
[INFO] Coalescing path $.deploymentLabels
[INFO] Coalescing path $.environmentVariables
[INFO] Coalescing path $.extraArgs
[INFO] Coalescing path $.extraContainers
[INFO] Coalescing path $.extraInitContainers
[INFO] Coalescing path $.extraManifests
[INFO] Coalescing path $.imagePullSecrets
[INFO] Coalescing path $.livenessProbe
[INFO] Coalescing path $.nodeSelector
[INFO] Coalescing path $.podAnnotations
[INFO] Coalescing path $.podLabels
[INFO] Coalescing path $.podSecurityContext
[INFO] Coalescing path $.readinessProbe
[INFO] Coalescing path $.replicaCount
[INFO] Coalescing path $.resources
[INFO] Coalescing path $.revisionHistoryLimit
[INFO] Coalescing path $.route
[INFO] Coalescing path $.securityContext
[INFO] Coalescing path $.tolerations
[INFO] Coalescing path $.autoscaling.enabled
[INFO] Coalescing path $.autoscaling.maxReplicas
[INFO] Coalescing path $.autoscaling.minReplicas
[INFO] Coalescing path $.autoscaling.targetCPUUtilizationPercentage
[INFO] Coalescing path $.autoscaling.targetMemoryUtilizationPercentage
[INFO] Coalescing path $.configuration.config
[INFO] Coalescing path $.configuration.structuredConfig
[INFO] Coalescing path $.extraManifests[*]
[INFO] Coalescing path $.image.pullPolicy
[INFO] Coalescing path $.image.repository
[INFO] Coalescing path $.image.tag
[INFO] Coalescing path $.ingress.annotations
[INFO] Coalescing path $.ingress.className
[INFO] Coalescing path $.ingress.enabled
[INFO] Coalescing path $.ingress.hosts
[INFO] Coalescing path $.ingress.labels
[INFO] Coalescing path $.ingress.tls
[INFO] Coalescing path $.prometheusRule.additionalLabels
[INFO] Coalescing path $.prometheusRule.enabled
[INFO] Coalescing path $.prometheusRule.namespace
[INFO] Coalescing path $.prometheusRule.rules
[INFO] Coalescing path $.service.annotations
[INFO] Coalescing path $.service.labels
[INFO] Coalescing path $.service.name
[INFO] Coalescing path $.service.port
[INFO] Coalescing path $.service.targetPort
[INFO] Coalescing path $.service.type
[INFO] Coalescing path $.serviceAccount.annotations
[INFO] Coalescing path $.serviceAccount.create
[INFO] Coalescing path $.serviceMonitor.enabled
[INFO] Coalescing path $.serviceMonitor.namespace
[INFO] Coalescing path $.serviceMonitor.scheme
[INFO] Coalescing path $.serviceMonitor.targets
[INFO] Coalescing path $.extraArgs[*].name
[INFO] Coalescing path $.extraArgs[*].value
[INFO] Coalescing path $.route[*].additionalRules
[INFO] Coalescing path $.route[*].annotations
[INFO] Coalescing path $.route[*].apiVersion
[INFO] Coalescing path $.route[*].enabled
[INFO] Coalescing path $.route[*].filters
[INFO] Coalescing path $.route[*].hostnames
[INFO] Coalescing path $.route[*].httpsRedirect
[INFO] Coalescing path $.route[*].kind
[INFO] Coalescing path $.route[*].labels
[INFO] Coalescing path $.route[*].matches
[INFO] Coalescing path $.route[*].name
[INFO] Coalescing path $.route[*].parentRefs
[INFO] Coalescing path $.serviceMonitor.defaults.additionalMetricsRelabels
[INFO] Coalescing path $.serviceMonitor.defaults.additionalRelabels
[INFO] Coalescing path $.serviceMonitor.defaults.interval
[INFO] Coalescing path $.serviceMonitor.defaults.labels
[INFO] Coalescing path $.serviceMonitor.defaults.scrapeTimeout
[INFO] Coalescing path $.ingress.hosts[*].host
[INFO] Coalescing path $.ingress.hosts[*].paths
[INFO] Coalescing path $.ingress.tls[*].hosts
[INFO] Coalescing path $.ingress.tls[*].secretName
[INFO] Coalescing path $.serviceMonitor.targets[*].additionalMetricsRelabels
[INFO] Coalescing path $.serviceMonitor.targets[*].additionalRelabels
[INFO] Coalescing path $.serviceMonitor.targets[*].interval
[INFO] Coalescing path $.serviceMonitor.targets[*].labels
[INFO] Coalescing path $.serviceMonitor.targets[*].module
[INFO] Coalescing path $.serviceMonitor.targets[*].name
[INFO] Coalescing path $.serviceMonitor.targets[*].scrapeTimeout
[INFO] Coalescing path $.serviceMonitor.targets[*].url
[INFO] Coalescing path $.ingress.tls[*].hosts[*]
[INFO] Coalescing path $.ingress.hosts[*].paths[*].path
[INFO] Coalescing path $.ingress.hosts[*].paths[*].pathType
[INFO] Discovered 120 unique value paths; random traversal, seed 0
[INFO] Testing path $.route.main.name (1/120)
[INFO] Compiler input baseline: 61 statically named fields
[INFO] Render hashes (run-local): 100 observed, 1 unique, 99 duplicate bundles; 99 successful validations reused
[INFO] Testing path $.configuration.config (2/120)
[INFO] Compiler input baseline: 61 statically named fields
[INFO] Render hashes (run-local): 36 observed, 34 unique, 2 duplicate bundles; 2 successful validations reused
[INFO] Testing path $.image (3/120)
[INFO] Compiler input baseline: 61 statically named fields
[INFO] Render hashes (run-local): 17 observed, 15 unique, 2 duplicate bundles; 2 successful validations reused
[INFO] Testing path $.readinessProbe.httpGet.path (4/120)
[INFO] Compiler input baseline: 61 statically named fields
[INFO] Render hashes (run-local): 100 observed, 97 unique, 3 duplicate bundles; 3 successful validations reused
[INFO] Testing path $.extraManifests (5/120)
[INFO] Compiler input baseline: 61 statically named fields
[INFO] Render hashes (run-local): 1 observed, 1 unique, 0 duplicate bundles; 0 successful validations reused
[INFO] Testing path $.nodeSelector (6/120)
[INFO] Compiler input baseline: 61 statically named fields
[INFO] Render hashes (run-local): 100 observed, 88 unique, 12 duplicate bundles; 12 successful validations reused
[INFO] Testing path $.service.port (7/120)
[INFO] Compiler input baseline: 61 statically named fields
[INFO] Render hashes (run-local): 100 observed, 100 unique, 0 duplicate bundles; 0 successful validations reused
[INFO] Testing path $.nodeSelector[*] (8/120)
[INFO] Compiler input baseline: 61 statically named fields
[INFO] Render hashes (run-local): 100 observed, 87 unique, 13 duplicate bundles; 13 successful validations reused
[INFO] Testing path $.imagePullSecrets (9/120)
[INFO] Compiler input baseline: 61 statically named fields
[INFO] Render hashes (run-local): 100 observed, 88 unique, 12 duplicate bundles; 12 successful validations reused
[INFO] Testing path $.route.main.httpsRedirect (10/120)
[INFO] Compiler input baseline: 61 statically named fields
[INFO] Render hashes (run-local): 2 observed, 1 unique, 1 duplicate bundles; 1 successful validations reused
[INFO] Testing path $.securityContext (11/120)
[INFO] Compiler input baseline: 61 statically named fields
[INFO] Render hashes (run-local): 100 observed, 98 unique, 2 duplicate bundles; 2 successful validations reused
[INFO] Testing path $.autoscaling.targetCPUUtilizationPercentage (12/120)
[INFO] Compiler input baseline: 61 statically named fields
[INFO] Render hashes (run-local): 100 observed, 1 unique, 99 duplicate bundles; 99 successful validations reused
[INFO] Testing path $.podSecurityContext (13/120)
[INFO] Compiler input baseline: 61 statically named fields
[INFO] Render hashes (run-local): 100 observed, 98 unique, 2 duplicate bundles; 2 successful validations reused
[INFO] Testing path $.route.main (14/120)
[INFO] Compiler input baseline: 61 statically named fields
[INFO] Render hashes (run-local): 84 observed, 9 unique, 75 duplicate bundles; 65 successful validations reused
[INFO] Testing path $.route.main.hostnames[*] (15/120)
[INFO] Compiler input baseline: 61 statically named fields
[INFO] Render hashes (run-local): 100 observed, 1 unique, 99 duplicate bundles; 99 successful validations reused
[INFO] Testing path $.route.main.filters (16/120)
[INFO] Compiler input baseline: 61 statically named fields
[INFO] Render hashes (run-local): 100 observed, 1 unique, 99 duplicate bundles; 99 successful validations reused
[INFO] Testing path $.service.name (17/120)
[INFO] Compiler input baseline: 61 statically named fields
[INFO] Render hashes (run-local): 24 observed, 21 unique, 3 duplicate bundles; 3 successful validations reused
[INFO] Testing path $.serviceMonitor.defaults.additionalMetricsRelabels (18/120)
[INFO] Compiler input baseline: 61 statically named fields
[INFO] Render hashes (run-local): 100 observed, 1 unique, 99 duplicate bundles; 99 successful validations reused
[INFO] Testing path $.service.type (19/120)
[INFO] Compiler input baseline: 61 statically named fields
[INFO] Render hashes (run-local): 24 observed, 21 unique, 3 duplicate bundles; 3 successful validations reused
[INFO] Testing path $.deploymentLabels (20/120)
[INFO] Compiler input baseline: 61 statically named fields
[INFO] Render hashes (run-local): 100 observed, 98 unique, 2 duplicate bundles; 2 successful validations reused
[INFO] Testing path $.prometheusRule (21/120)
[INFO] Compiler input baseline: 61 statically named fields
[INFO] Render hashes (run-local): 38 observed, 14 unique, 24 duplicate bundles; 24 successful validations reused
[INFO] Testing path $.route.main.parentRefs[*] (22/120)
[INFO] Compiler input baseline: 61 statically named fields
[INFO] Render hashes (run-local): 100 observed, 1 unique, 99 duplicate bundles; 99 successful validations reused
[INFO] Testing path $.prometheusRule.additionalLabels (23/120)
[INFO] Compiler input baseline: 61 statically named fields
[INFO] Render hashes (run-local): 100 observed, 1 unique, 99 duplicate bundles; 99 successful validations reused
[INFO] Testing path $.ingress.labels (24/120)
[INFO] Compiler input baseline: 61 statically named fields
[INFO] Render hashes (run-local): 100 observed, 1 unique, 99 duplicate bundles; 99 successful validations reused
[INFO] Testing path $.route.main.parentRefs (25/120)
[INFO] Compiler input baseline: 61 statically named fields
[INFO] Render hashes (run-local): 100 observed, 1 unique, 99 duplicate bundles; 99 successful validations reused
[INFO] Testing path $.additionalVolumes[*] (26/120)
[INFO] Compiler input baseline: 61 statically named fields
[INFO] Render hashes (run-local): 100 observed, 87 unique, 13 duplicate bundles; 13 successful validations reused
[INFO] Testing path $.serviceAccount.annotations (27/120)
[INFO] Compiler input baseline: 61 statically named fields
[INFO] Render hashes (run-local): 3 observed, 3 unique, 0 duplicate bundles; 0 successful validations reused
[INFO] Testing path $.ingress.hosts[*].host (28/120)
[INFO] Compiler input baseline: 61 statically named fields
[INFO] Render hashes (run-local): 100 observed, 1 unique, 99 duplicate bundles; 99 successful validations reused
[INFO] Testing path $.image.repository (29/120)
[INFO] Compiler input baseline: 61 statically named fields
[INFO] Render hashes (run-local): 76 observed, 76 unique, 0 duplicate bundles; 0 successful validations reused
[INFO] Testing path $.resources (30/120)
[INFO] Compiler input baseline: 61 statically named fields
[INFO] Render hashes (run-local): 100 observed, 98 unique, 2 duplicate bundles; 0 successful validations reused
[INFO] Testing path $.prometheusRule.rules[*] (31/120)
[INFO] Compiler input baseline: 61 statically named fields
[INFO] Execution stopped at the 9.72373s time limit; coverage is incomplete
[INFO] Render hashes (run-local): 85 observed, 1 unique, 84 duplicate bundles; 0 successful validations reused
[INFO] .: failed; testing 300.24s; dependency preparation 0.05s; 0 charts remain
