[INFO] Chart 1/1: .
[INFO] Preparing dependencies for . (excluded from testing budgets)
[INFO] Finite filtering unavailable: permutations need closed objects at (); set additionalProperties: false; filtering generation before value-path traversal
[INFO] Coalescing path $.affinity
[INFO] Coalescing path $.configMapFile
[INFO] Coalescing path $.imagePullSecrets
[INFO] Coalescing path $.modules
[INFO] Coalescing path $.nodeSelector
[INFO] Coalescing path $.podAnnotations
[INFO] Coalescing path $.podSecurityContext
[INFO] Coalescing path $.resources
[INFO] Coalescing path $.securityContext
[INFO] Coalescing path $.tolerations
[INFO] Coalescing path $.configReloaderSidecar.enable
[INFO] Coalescing path $.image.pullPolicy
[INFO] Coalescing path $.image.registry
[INFO] Coalescing path $.image.repository
[INFO] Coalescing path $.image.tag
[INFO] Coalescing path $.log.format
[INFO] Coalescing path $.log.level
[INFO] Coalescing path $.service.port
[INFO] Coalescing path $.service.type
[INFO] Coalescing path $.serviceAccount.annotations
[INFO] Coalescing path $.serviceAccount.create
[INFO] Coalescing path $.serviceMonitor.annotations
[INFO] Coalescing path $.serviceMonitor.enabled
[INFO] Coalescing path $.serviceMonitor.endpointsCommonConfig
[INFO] Coalescing path $.serviceMonitor.endpointsConfig
[INFO] Coalescing path $.serviceMonitor.labels
[INFO] Coalescing path $.serviceMonitorExporterItself.annotations
[INFO] Coalescing path $.serviceMonitorExporterItself.enabled
[INFO] Coalescing path $.serviceMonitorExporterItself.labels
[INFO] Coalescing path $.configReloaderSidecar.image.registry
[INFO] Coalescing path $.configReloaderSidecar.image.repository
[INFO] Coalescing path $.configReloaderSidecar.image.tag
[INFO] Coalescing path $.serviceMonitor.endpointsConfig[*]
[INFO] Discovered 88 unique value paths; random traversal, seed 0
[INFO] Testing path $.modules[*].name (1/88)
[INFO] Compiler input baseline: 32 statically named fields
[INFO] Render hashes (run-local): 100 observed, 97 unique, 3 duplicate bundles; 3 successful validations reused
[INFO] Testing path $.serviceMonitorExporterItself.labels.release (2/88)
[INFO] Compiler input baseline: 32 statically named fields
[INFO] Render hashes (run-local): 100 observed, 1 unique, 99 duplicate bundles; 99 successful validations reused
[INFO] Testing path $.image (3/88)
[INFO] Compiler input baseline: 32 statically named fields
[INFO] Render hashes (run-local): 89 observed, 80 unique, 9 duplicate bundles; 9 successful validations reused
[INFO] Testing path $.modules[*].metrics[*].address (4/88)
[INFO] Compiler input baseline: 32 statically named fields
[INFO] Render hashes (run-local): 100 observed, 100 unique, 0 duplicate bundles; 0 successful validations reused
[INFO] Testing path $.nodeSelector (5/88)
[INFO] Compiler input baseline: 32 statically named fields
[INFO] Render hashes (run-local): 100 observed, 98 unique, 2 duplicate bundles; 2 successful validations reused
[INFO] Testing path $.service.port (6/88)
[INFO] Compiler input baseline: 32 statically named fields
[INFO] Render hashes (run-local): 100 observed, 100 unique, 0 duplicate bundles; 0 successful validations reused
[INFO] Testing path $.imagePullSecrets (7/88)
[INFO] Compiler input baseline: 32 statically named fields
[INFO] Render hashes (run-local): 100 observed, 88 unique, 12 duplicate bundles; 12 successful validations reused
[INFO] Testing path $.podSecurityContext.runAsNonRoot (8/88)
[INFO] Compiler input baseline: 32 statically named fields
[INFO] Render hashes (run-local): 2 observed, 2 unique, 0 duplicate bundles; 0 successful validations reused
[INFO] Testing path $.securityContext (9/88)
[INFO] Compiler input baseline: 32 statically named fields
[INFO] Render hashes (run-local): 100 observed, 91 unique, 9 duplicate bundles; 9 successful validations reused
[INFO] Testing path $.podSecurityContext (10/88)
[INFO] Compiler input baseline: 32 statically named fields
[INFO] Render hashes (run-local): 100 observed, 83 unique, 17 duplicate bundles; 17 successful validations reused
[INFO] Testing path $.configReloaderSidecar (11/88)
[INFO] Compiler input baseline: 32 statically named fields
[INFO] Render hashes (run-local): 100 observed, 7 unique, 93 duplicate bundles; 93 successful validations reused
[INFO] Testing path $.service.type (12/88)
[INFO] Compiler input baseline: 32 statically named fields
[INFO] Render hashes (run-local): 24 observed, 21 unique, 3 duplicate bundles; 3 successful validations reused
[INFO] Testing path $.securityContext.runAsNonRoot (13/88)
[INFO] Compiler input baseline: 32 statically named fields
[INFO] Render hashes (run-local): 2 observed, 2 unique, 0 duplicate bundles; 0 successful validations reused
[INFO] Testing path $.securityContext.capabilities.drop (14/88)
[INFO] Compiler input baseline: 32 statically named fields
[INFO] Render hashes (run-local): 100 observed, 100 unique, 0 duplicate bundles; 0 successful validations reused
[INFO] Testing path $.configReloaderSidecar.image.registry (15/88)
[INFO] Compiler input baseline: 32 statically named fields
[INFO] Render hashes (run-local): 100 observed, 1 unique, 99 duplicate bundles; 99 successful validations reused
[INFO] Testing path $.serviceMonitor.endpointsConfig[*].params.module (16/88)
[INFO] Compiler input baseline: 32 statically named fields
[INFO] Render hashes (run-local): 100 observed, 1 unique, 99 duplicate bundles; 99 successful validations reused
[INFO] Testing path $.podSecurityContext.seccompProfile (17/88)
[INFO] Compiler input baseline: 32 statically named fields
[INFO] Render hashes (run-local): 100 observed, 97 unique, 3 duplicate bundles; 3 successful validations reused
[INFO] Testing path $.serviceAccount.annotations (18/88)
[INFO] Compiler input baseline: 32 statically named fields
[INFO] Render hashes (run-local): 3 observed, 3 unique, 0 duplicate bundles; 0 successful validations reused
[INFO] Testing path $.serviceMonitor.endpointsConfig[*].params.sub_target (19/88)
[INFO] Compiler input baseline: 32 statically named fields
[INFO] Render hashes (run-local): 100 observed, 1 unique, 99 duplicate bundles; 99 successful validations reused
[INFO] Testing path $.securityContext.capabilities (20/88)
[INFO] Compiler input baseline: 32 statically named fields
[INFO] Render hashes (run-local): 100 observed, 100 unique, 0 duplicate bundles; 0 successful validations reused
[INFO] Testing path $.modules[*].metrics[*].metricType (21/88)
[INFO] Compiler input baseline: 32 statically named fields
[INFO] Render hashes (run-local): 100 observed, 99 unique, 1 duplicate bundles; 1 successful validations reused
[INFO] Testing path $.image.repository (22/88)
[INFO] Compiler input baseline: 32 statically named fields
[INFO] Render hashes (run-local): 76 observed, 76 unique, 0 duplicate bundles; 0 successful validations reused
[INFO] Testing path $.resources (23/88)
[INFO] Compiler input baseline: 32 statically named fields
[INFO] Render hashes (run-local): 100 observed, 98 unique, 2 duplicate bundles; 2 successful validations reused
[INFO] Testing path $.podSecurityContext.seccompProfile.type (24/88)
[INFO] Compiler input baseline: 32 statically named fields
[INFO] Render hashes (run-local): 100 observed, 97 unique, 3 duplicate bundles; 3 successful validations reused
[INFO] Testing path $.modules[*].metrics[*].labels.phase (25/88)
[INFO] Compiler input baseline: 32 statically named fields
[INFO] Render hashes (run-local): 100 observed, 88 unique, 12 duplicate bundles; 12 successful validations reused
[INFO] Testing path $.tolerations[*] (26/88)
[INFO] Compiler input baseline: 32 statically named fields
[INFO] Render hashes (run-local): 100 observed, 87 unique, 13 duplicate bundles; 13 successful validations reused
[INFO] Testing path $.serviceMonitor.endpointsConfig[*].params.target[*] (27/88)
[INFO] Compiler input baseline: 32 statically named fields
[INFO] Render hashes (run-local): 100 observed, 1 unique, 99 duplicate bundles; 99 successful validations reused
[INFO] Testing path $.configMapFile (28/88)
[INFO] Compiler input baseline: 32 statically named fields
/Users/emmadoyle/projects/personal/hypothesis-helm/.venv/lib/python3.13/site-packages/hypothesis/strategies/_internal/lazy.py:180: HypothesisWarning: Generating overly large repr. This is an expensive operation, and with a length of 42 kB is unlikely to be useful. Use -Wignore to ignore the warning, or -Werror to get a traceback.
  self.__representation = repr_call(
/Users/emmadoyle/projects/personal/hypothesis-helm/.venv/lib/python3.13/site-packages/hypothesis/strategies/_internal/lazy.py:180: HypothesisWarning: Generating overly large repr. This is an expensive operation, and with a length of 127 kB is unlikely to be useful. Use -Wignore to ignore the warning, or -Werror to get a traceback.
  self.__representation = repr_call(
[INFO] Render hashes (run-local): 20 observed, 7 unique, 13 duplicate bundles; 13 successful validations reused
[INFO] Testing path $.tolerations (29/88)
[INFO] Compiler input baseline: 32 statically named fields
[INFO] Render hashes (run-local): 100 observed, 88 unique, 12 duplicate bundles; 10 successful validations reused
[INFO] Testing path $.serviceMonitorExporterItself (30/88)
[INFO] Compiler input baseline: 32 statically named fields
[INFO] Render hashes (run-local): 100 observed, 1 unique, 99 duplicate bundles; 0 successful validations reused
[INFO] Testing path $.modules[*] (31/88)
[INFO] Compiler input baseline: 32 statically named fields
[INFO] Execution stopped at the 12.7686s time limit; coverage is incomplete
[INFO] Render hashes (run-local): 93 observed, 89 unique, 4 duplicate bundles; 0 successful validations reused
[INFO] .: failed; testing 300.25s; dependency preparation 0.06s; 0 charts remain
