[INFO] Chart 1/1: .
[INFO] Preparing dependencies for . (excluded from testing budgets)
[INFO] Finite filtering unavailable: permutations need closed objects at (); set additionalProperties: false; filtering generation before value-path traversal
[INFO] Coalescing path $.affinity
[INFO] Coalescing path $.annotations
[INFO] Coalescing path $.dnsConfig
[INFO] Coalescing path $.env
[INFO] Coalescing path $.extraArgs
[INFO] Coalescing path $.hostAliases
[INFO] Coalescing path $.imagePullSecrets
[INFO] Coalescing path $.livenessProbe
[INFO] Coalescing path $.nodeSelector
[INFO] Coalescing path $.podAnnotations
[INFO] Coalescing path $.podLabels
[INFO] Coalescing path $.podSecurityContext
[INFO] Coalescing path $.port
[INFO] Coalescing path $.priorityClassName
[INFO] Coalescing path $.readinessProbe
[INFO] Coalescing path $.replicas
[INFO] Coalescing path $.resources
[INFO] Coalescing path $.securityContext
[INFO] Coalescing path $.tolerations
[INFO] Coalescing path $.volumeMounts
[INFO] Coalescing path $.volumes
[INFO] Coalescing path $.env[*]
[INFO] Coalescing path $.existingSecret.key
[INFO] Coalescing path $.existingSecret.name
[INFO] Coalescing path $.image.pullPolicy
[INFO] Coalescing path $.image.repository
[INFO] Coalescing path $.image.tag
[INFO] Coalescing path $.mongodb.uri
[INFO] Coalescing path $.service.annotations
[INFO] Coalescing path $.service.labels
[INFO] Coalescing path $.service.port
[INFO] Coalescing path $.service.portName
[INFO] Coalescing path $.service.type
[INFO] Coalescing path $.serviceAccount.create
[INFO] Coalescing path $.serviceMonitor.additionalLabels
[INFO] Coalescing path $.serviceMonitor.apiVersion
[INFO] Coalescing path $.serviceMonitor.enabled
[INFO] Coalescing path $.serviceMonitor.interval
[INFO] Coalescing path $.serviceMonitor.metricRelabelings
[INFO] Coalescing path $.serviceMonitor.namespace
[INFO] Coalescing path $.serviceMonitor.scheme
[INFO] Coalescing path $.serviceMonitor.scrapeTimeout
[INFO] Coalescing path $.serviceMonitor.targetLabels
[INFO] Coalescing path $.serviceMonitor.telemetryPath
[INFO] Coalescing path $.serviceMonitor.tlsConfig
[INFO] Coalescing path $.serviceMonitor.additionalLabels[*]
[INFO] Coalescing path $.serviceMonitor.multiTarget.enabled
[INFO] Coalescing path $.serviceMonitor.multiTarget.targets
[INFO] Coalescing path $.serviceMonitor.multiTarget.username
[INFO] Coalescing path $.serviceMonitor.targetLabels[*]
[INFO] Coalescing path $.serviceMonitor.multiTarget.password.value
[INFO] Coalescing path $.serviceMonitor.multiTarget.password.existingSecret.key
[INFO] Coalescing path $.serviceMonitor.multiTarget.password.existingSecret.name
[INFO] Coalescing path $.serviceMonitor.multiTarget.targets[*].interval
[INFO] Coalescing path $.serviceMonitor.multiTarget.targets[*].metricRelabelings
[INFO] Coalescing path $.serviceMonitor.multiTarget.targets[*].name
[INFO] Coalescing path $.serviceMonitor.multiTarget.targets[*].scrapeTimeout
[INFO] Coalescing path $.serviceMonitor.multiTarget.targets[*].uri
[INFO] Discovered 88 unique value paths; random traversal, seed 0
[INFO] Testing path $.serviceMonitor.additionalLabels (1/88)
[INFO] Compiler input baseline: 50 statically named fields
[INFO] Render hashes (run-local): 100 observed, 1 unique, 99 duplicate bundles; 99 successful validations reused
[INFO] Testing path $.customLabels (2/88)
[INFO] Compiler input baseline: 50 statically named fields
[INFO] Render hashes (run-local): 100 observed, 98 unique, 2 duplicate bundles; 2 successful validations reused
[INFO] Testing path $.image (3/88)
[INFO] Compiler input baseline: 50 statically named fields
[INFO] Render hashes (run-local): 17 observed, 15 unique, 2 duplicate bundles; 2 successful validations reused
[INFO] Testing path $.readinessProbe.httpGet.path (4/88)
[INFO] Compiler input baseline: 50 statically named fields
[INFO] Render hashes (run-local): 100 observed, 97 unique, 3 duplicate bundles; 3 successful validations reused
[INFO] Testing path $.nodeSelector (5/88)
[INFO] Compiler input baseline: 50 statically named fields
[INFO] Render hashes (run-local): 100 observed, 98 unique, 2 duplicate bundles; 2 successful validations reused
[INFO] Testing path $.service.port (6/88)
[INFO] Compiler input baseline: 50 statically named fields
[INFO] Render hashes (run-local): 100 observed, 100 unique, 0 duplicate bundles; 0 successful validations reused
[INFO] Testing path $.serviceMonitor.multiTarget.targets[*] (7/88)
[INFO] Compiler input baseline: 50 statically named fields
[INFO] Render hashes (run-local): 100 observed, 1 unique, 99 duplicate bundles; 99 successful validations reused
[INFO] Testing path $.imagePullSecrets (8/88)
[INFO] Compiler input baseline: 50 statically named fields
[INFO] Render hashes (run-local): 100 observed, 88 unique, 12 duplicate bundles; 12 successful validations reused
[INFO] Testing path $.volumes[*] (9/88)
[INFO] Compiler input baseline: 50 statically named fields
[INFO] Render hashes (run-local): 100 observed, 87 unique, 13 duplicate bundles; 13 successful validations reused
[INFO] Testing path $.securityContext (10/88)
[INFO] Compiler input baseline: 50 statically named fields
[INFO] Render hashes (run-local): 100 observed, 94 unique, 6 duplicate bundles; 6 successful validations reused
[INFO] Testing path $.podSecurityContext (11/88)
[INFO] Compiler input baseline: 50 statically named fields
[INFO] Render hashes (run-local): 100 observed, 98 unique, 2 duplicate bundles; 2 successful validations reused
[INFO] Testing path $.service.type (12/88)
[INFO] Compiler input baseline: 50 statically named fields
[INFO] Render hashes (run-local): 24 observed, 21 unique, 3 duplicate bundles; 3 successful validations reused
[INFO] Testing path $.securityContext.runAsNonRoot (13/88)
[INFO] Compiler input baseline: 50 statically named fields
[INFO] Render hashes (run-local): 2 observed, 2 unique, 0 duplicate bundles; 0 successful validations reused
[INFO] Testing path $.securityContext.capabilities.drop (14/88)
[INFO] Compiler input baseline: 50 statically named fields
[INFO] Render hashes (run-local): 100 observed, 100 unique, 0 duplicate bundles; 0 successful validations reused
[INFO] Testing path $.mongodb.uri (15/88)
[INFO] Compiler input baseline: 50 statically named fields
[INFO] Render hashes (run-local): 0 observed, 0 unique, 0 duplicate bundles; 0 successful validations reused
[INFO] Testing path $.serviceMonitor.multiTarget.enabled (16/88)
[INFO] Compiler input baseline: 50 statically named fields
[INFO] Render hashes (run-local): 2 observed, 2 unique, 0 duplicate bundles; 0 successful validations reused
[INFO] Testing path $.livenessProbe.initialDelaySeconds (17/88)
[INFO] Compiler input baseline: 50 statically named fields
[INFO] Render hashes (run-local): 100 observed, 100 unique, 0 duplicate bundles; 0 successful validations reused
[INFO] Testing path $.serviceMonitor.multiTarget (18/88)
[INFO] Compiler input baseline: 50 statically named fields
[INFO] Render hashes (run-local): 43 observed, 4 unique, 39 duplicate bundles; 39 successful validations reused
[INFO] Testing path $.serviceMonitor.telemetryPath (19/88)
[INFO] Compiler input baseline: 50 statically named fields
[INFO] Render hashes (run-local): 100 observed, 1 unique, 99 duplicate bundles; 99 successful validations reused
[INFO] Testing path $.serviceMonitor.multiTarget.password.existingSecret.name (20/88)
[INFO] Compiler input baseline: 50 statically named fields
[INFO] Render hashes (run-local): 100 observed, 1 unique, 99 duplicate bundles; 99 successful validations reused
[INFO] Testing path $.existingSecret.key (21/88)
[INFO] Compiler input baseline: 50 statically named fields
[INFO] Render hashes (run-local): 24 observed, 21 unique, 3 duplicate bundles; 3 successful validations reused
[INFO] Testing path $.securityContext.capabilities (22/88)
[INFO] Compiler input baseline: 50 statically named fields
[INFO] Render hashes (run-local): 100 observed, 100 unique, 0 duplicate bundles; 0 successful validations reused
[INFO] Testing path $.image.repository (23/88)
[INFO] Compiler input baseline: 50 statically named fields
[INFO] Render hashes (run-local): 76 observed, 76 unique, 0 duplicate bundles; 0 successful validations reused
[INFO] Testing path $.resources (24/88)
[INFO] Compiler input baseline: 50 statically named fields
[INFO] Render hashes (run-local): 100 observed, 98 unique, 2 duplicate bundles; 2 successful validations reused
[INFO] Testing path $.serviceMonitor.multiTarget.password.existingSecret.key (25/88)
[INFO] Compiler input baseline: 50 statically named fields
[INFO] Render hashes (run-local): 100 observed, 1 unique, 99 duplicate bundles; 99 successful validations reused
[INFO] Testing path $.serviceMonitor.namespace (26/88)
[INFO] Compiler input baseline: 50 statically named fields
[INFO] Render hashes (run-local): 100 observed, 1 unique, 99 duplicate bundles; 99 successful validations reused
[INFO] Testing path $.serviceMonitor.multiTarget.password (27/88)
[INFO] Compiler input baseline: 50 statically named fields
[INFO] Render hashes (run-local): 100 observed, 1 unique, 99 duplicate bundles; 99 successful validations reused
[INFO] Testing path $.tolerations[*] (28/88)
[INFO] Compiler input baseline: 50 statically named fields
[INFO] Render hashes (run-local): 100 observed, 87 unique, 13 duplicate bundles; 13 successful validations reused
[INFO] Testing path $.serviceMonitor.multiTarget.targets (29/88)
[INFO] Compiler input baseline: 50 statically named fields
[INFO] Render hashes (run-local): 100 observed, 1 unique, 99 duplicate bundles; 99 successful validations reused
[INFO] Testing path $.existingSecret (30/88)
[INFO] Compiler input baseline: 50 statically named fields
[INFO] Render hashes (run-local): 21 observed, 18 unique, 3 duplicate bundles; 3 successful validations reused
[INFO] Testing path $.tolerations (31/88)
[INFO] Compiler input baseline: 50 statically named fields
[INFO] Render hashes (run-local): 100 observed, 88 unique, 12 duplicate bundles; 12 successful validations reused
[INFO] Testing path $.livenessProbe.httpGet.path (32/88)
[INFO] Compiler input baseline: 50 statically named fields
[INFO] Render hashes (run-local): 100 observed, 97 unique, 3 duplicate bundles; 0 successful validations reused
[INFO] Testing path $.replicas (33/88)
[INFO] Compiler input baseline: 50 statically named fields
[INFO] Render hashes (run-local): 100 observed, 100 unique, 0 duplicate bundles; 0 successful validations reused
[INFO] Testing path $.mongodb (34/88)
[INFO] Compiler input baseline: 50 statically named fields
[INFO] Render hashes (run-local): 1 observed, 1 unique, 0 duplicate bundles; 0 successful validations reused
[INFO] Testing path $.serviceMonitor.enabled (35/88)
[INFO] Compiler input baseline: 50 statically named fields
[INFO] Render hashes (run-local): 2 observed, 2 unique, 0 duplicate bundles; 0 successful validations reused
[INFO] Testing path $.service.annotations (36/88)
[INFO] Compiler input baseline: 50 statically named fields
[INFO] Render hashes (run-local): 3 observed, 3 unique, 0 duplicate bundles; 0 successful validations reused
[INFO] Testing path $.readinessProbe.httpGet.port (37/88)
[INFO] Compiler input baseline: 50 statically named fields
[INFO] Render hashes (run-local): 100 observed, 97 unique, 3 duplicate bundles; 0 successful validations reused
[INFO] Testing path $.extraArgs (38/88)
[INFO] Compiler input baseline: 50 statically named fields
[INFO] Render hashes (run-local): 0 observed, 0 unique, 0 duplicate bundles; 0 successful validations reused
[INFO] Testing path $.serviceMonitor (39/88)
[INFO] Compiler input baseline: 50 statically named fields
[INFO] Execution stopped at the 0.97273s time limit; coverage is incomplete
[INFO] Render hashes (run-local): 9 observed, 1 unique, 8 duplicate bundles; 0 successful validations reused
[INFO] .: failed; testing 300.15s; dependency preparation 0.09s; 0 charts remain
