[INFO] Chart 1/1: .
[INFO] Preparing dependencies for . (excluded from testing budgets)
[INFO] Finite filtering unavailable: permutations need closed objects at (); set additionalProperties: false; filtering generation before value-path traversal
[INFO] Coalescing path $.additionalAnnotations
[INFO] Coalescing path $.affinity
[INFO] Coalescing path $.extraContainers
[INFO] Coalescing path $.extraEnv
[INFO] Coalescing path $.extraVolumeMounts
[INFO] Coalescing path $.extraVolumes
[INFO] Coalescing path $.imagePullSecrets
[INFO] Coalescing path $.initContainers
[INFO] Coalescing path $.livenessProbe
[INFO] Coalescing path $.nginxServer
[INFO] Coalescing path $.nodeSelector
[INFO] Coalescing path $.options
[INFO] Coalescing path $.podAnnotations
[INFO] Coalescing path $.priorityClassName
[INFO] Coalescing path $.readinessProbe
[INFO] Coalescing path $.replicaCount
[INFO] Coalescing path $.resources
[INFO] Coalescing path $.tolerations
[INFO] Coalescing path $.updateStrategy
[INFO] Coalescing path $.deployment.labels
[INFO] Coalescing path $.image.pullPolicy
[INFO] Coalescing path $.image.repository
[INFO] Coalescing path $.image.tag
[INFO] Coalescing path $.options[*]
[INFO] Coalescing path $.rbac.create
[INFO] Coalescing path $.service.annotations
[INFO] Coalescing path $.service.externalTrafficPolicy
[INFO] Coalescing path $.service.nodePort
[INFO] Coalescing path $.service.port
[INFO] Coalescing path $.service.type
[INFO] Coalescing path $.serviceAccount.create
[INFO] Coalescing path $.serviceMonitor.additionalLabels
[INFO] Coalescing path $.serviceMonitor.apiVersion
[INFO] Coalescing path $.serviceMonitor.enabled
[INFO] Coalescing path $.serviceMonitor.honorLabels
[INFO] Coalescing path $.serviceMonitor.interval
[INFO] Coalescing path $.serviceMonitor.metricRelabelings
[INFO] Coalescing path $.serviceMonitor.namespace
[INFO] Coalescing path $.serviceMonitor.path
[INFO] Coalescing path $.serviceMonitor.relabelings
[INFO] Coalescing path $.serviceMonitor.scrapeTimeout
[INFO] Coalescing path $.serviceMonitor.targetLabels
[INFO] Discovered 74 unique value paths; random traversal, seed 0
[INFO] Testing path $.initContainers (1/74)
[INFO] Compiler input baseline: 41 statically named fields
[INFO] Render hashes (run-local): 100 observed, 88 unique, 12 duplicate bundles; 12 successful validations reused
[INFO] Testing path $.serviceMonitor.additionalLabels (2/74)
[INFO] Compiler input baseline: 41 statically named fields
[INFO] Render hashes (run-local): 100 observed, 1 unique, 99 duplicate bundles; 99 successful validations reused
[INFO] Testing path $.image (3/74)
[INFO] Compiler input baseline: 41 statically named fields
[INFO] Render hashes (run-local): 24 observed, 21 unique, 3 duplicate bundles; 3 successful validations reused
[INFO] Testing path $.readinessProbe.httpGet.path (4/74)
[INFO] Compiler input baseline: 41 statically named fields
[INFO] Render hashes (run-local): 100 observed, 97 unique, 3 duplicate bundles; 3 successful validations reused
[INFO] Testing path $.nodeSelector (5/74)
[INFO] Compiler input baseline: 41 statically named fields
[INFO] Render hashes (run-local): 100 observed, 98 unique, 2 duplicate bundles; 2 successful validations reused
[INFO] Testing path $.service.port (6/74)
[INFO] Compiler input baseline: 41 statically named fields
[INFO] Render hashes (run-local): 100 observed, 100 unique, 0 duplicate bundles; 0 successful validations reused
[INFO] Testing path $.imagePullSecrets (7/74)
[INFO] Compiler input baseline: 41 statically named fields
[INFO] Render hashes (run-local): 100 observed, 88 unique, 12 duplicate bundles; 12 successful validations reused
[INFO] Testing path $.updateStrategy (8/74)
[INFO] Compiler input baseline: 41 statically named fields
[INFO] Render hashes (run-local): 100 observed, 99 unique, 1 duplicate bundles; 1 successful validations reused
[INFO] Testing path $.deployment.annotations (9/74)
[INFO] Compiler input baseline: 41 statically named fields
[INFO] Render hashes (run-local): 3 observed, 3 unique, 0 duplicate bundles; 0 successful validations reused
[INFO] Testing path $.service.type (10/74)
[INFO] Compiler input baseline: 41 statically named fields
[INFO] Render hashes (run-local): 24 observed, 21 unique, 3 duplicate bundles; 3 successful validations reused
[INFO] Testing path $.serviceMonitor.relabelings (11/74)
[INFO] Compiler input baseline: 41 statically named fields
[INFO] Render hashes (run-local): 100 observed, 1 unique, 99 duplicate bundles; 99 successful validations reused
[INFO] Testing path $.additionalAnnotations (12/74)
[INFO] Compiler input baseline: 41 statically named fields
[INFO] Render hashes (run-local): 3 observed, 3 unique, 0 duplicate bundles; 0 successful validations reused
[INFO] Testing path $.livenessProbe.initialDelaySeconds (13/74)
[INFO] Compiler input baseline: 41 statically named fields
[INFO] Render hashes (run-local): 100 observed, 100 unique, 0 duplicate bundles; 0 successful validations reused
[INFO] Testing path $.extraEnv (14/74)
[INFO] Compiler input baseline: 41 statically named fields
[INFO] Render hashes (run-local): 100 observed, 88 unique, 12 duplicate bundles; 12 successful validations reused
[INFO] Testing path $.image.repository (15/74)
[INFO] Compiler input baseline: 41 statically named fields
[INFO] Render hashes (run-local): 76 observed, 76 unique, 0 duplicate bundles; 0 successful validations reused
[INFO] Testing path $.resources (16/74)
[INFO] Compiler input baseline: 41 statically named fields
[INFO] Render hashes (run-local): 100 observed, 98 unique, 2 duplicate bundles; 2 successful validations reused
[INFO] Testing path $.service.externalTrafficPolicy (17/74)
[INFO] Compiler input baseline: 41 statically named fields
[INFO] Render hashes (run-local): 24 observed, 21 unique, 3 duplicate bundles; 3 successful validations reused
[INFO] Testing path $.readinessProbe.timeoutSeconds (18/74)
[INFO] Compiler input baseline: 41 statically named fields
[INFO] Render hashes (run-local): 100 observed, 100 unique, 0 duplicate bundles; 0 successful validations reused
[INFO] Testing path $.serviceMonitor.namespace (19/74)
[INFO] Compiler input baseline: 41 statically named fields
[INFO] Render hashes (run-local): 100 observed, 1 unique, 99 duplicate bundles; 99 successful validations reused
[INFO] Testing path $.tolerations[*] (20/74)
[INFO] Compiler input baseline: 41 statically named fields
[INFO] Render hashes (run-local): 100 observed, 87 unique, 13 duplicate bundles; 13 successful validations reused
[INFO] Testing path $.serviceMonitor.honorLabels (21/74)
[INFO] Compiler input baseline: 41 statically named fields
[INFO] Render hashes (run-local): 100 observed, 1 unique, 99 duplicate bundles; 99 successful validations reused
[INFO] Testing path $.tolerations (22/74)
[INFO] Compiler input baseline: 41 statically named fields
[INFO] Render hashes (run-local): 100 observed, 88 unique, 12 duplicate bundles; 12 successful validations reused
[INFO] Testing path $.extraEnv[*] (23/74)
[INFO] Compiler input baseline: 41 statically named fields
[INFO] Render hashes (run-local): 100 observed, 87 unique, 13 duplicate bundles; 13 successful validations reused
[INFO] Testing path $.livenessProbe.httpGet.path (24/74)
[INFO] Compiler input baseline: 41 statically named fields
[INFO] Render hashes (run-local): 100 observed, 97 unique, 3 duplicate bundles; 3 successful validations reused
[INFO] Testing path $.nginxServer (25/74)
[INFO] Compiler input baseline: 41 statically named fields
[INFO] Render hashes (run-local): 76 observed, 76 unique, 0 duplicate bundles; 0 successful validations reused
[INFO] Testing path $.rbac.create (26/74)
[INFO] Compiler input baseline: 41 statically named fields
[INFO] Render hashes (run-local): 2 observed, 2 unique, 0 duplicate bundles; 0 successful validations reused
[INFO] Testing path $.serviceMonitor.enabled (27/74)
[INFO] Compiler input baseline: 41 statically named fields
[INFO] Render hashes (run-local): 2 observed, 2 unique, 0 duplicate bundles; 0 successful validations reused
[INFO] Testing path $.service.annotations (28/74)
[INFO] Compiler input baseline: 41 statically named fields
[INFO] Render hashes (run-local): 3 observed, 3 unique, 0 duplicate bundles; 0 successful validations reused
[INFO] Testing path $.namespaceOverride (29/74)
[INFO] Compiler input baseline: 41 statically named fields
[INFO] Render hashes (run-local): 24 observed, 21 unique, 3 duplicate bundles; 3 successful validations reused
[INFO] Testing path $.serviceMonitor.relabelings[*] (30/74)
[INFO] Compiler input baseline: 41 statically named fields
[INFO] Render hashes (run-local): 100 observed, 1 unique, 99 duplicate bundles; 99 successful validations reused
[INFO] Testing path $.readinessProbe.httpGet.port (31/74)
[INFO] Compiler input baseline: 41 statically named fields
[INFO] Render hashes (run-local): 100 observed, 97 unique, 3 duplicate bundles; 3 successful validations reused
[INFO] Testing path $.serviceMonitor (32/74)
[INFO] Compiler input baseline: 41 statically named fields
[INFO] Render hashes (run-local): 74 observed, 11 unique, 63 duplicate bundles; 60 successful validations reused
[INFO] Testing path $.extraContainers (33/74)
[INFO] Compiler input baseline: 41 statically named fields
[INFO] Render hashes (run-local): 100 observed, 88 unique, 12 duplicate bundles; 12 successful validations reused
[INFO] Testing path $.livenessProbe.timeoutSeconds (34/74)
[INFO] Compiler input baseline: 41 statically named fields
[INFO] Render hashes (run-local): 100 observed, 100 unique, 0 duplicate bundles; 0 successful validations reused
[INFO] Testing path $.extraVolumes (35/74)
[INFO] Compiler input baseline: 41 statically named fields
[INFO] Render hashes (run-local): 100 observed, 88 unique, 12 duplicate bundles; 5 successful validations reused
[INFO] Testing path $.affinity (36/74)
[INFO] Compiler input baseline: 41 statically named fields
[INFO] Render hashes (run-local): 100 observed, 98 unique, 2 duplicate bundles; 0 successful validations reused
[INFO] Testing path $.initContainers[*] (37/74)
[INFO] Compiler input baseline: 41 statically named fields
[INFO] Render hashes (run-local): 100 observed, 87 unique, 13 duplicate bundles; 0 successful validations reused
[INFO] Testing path $.options (38/74)
[INFO] Compiler input baseline: 41 statically named fields
[INFO] Execution stopped at the 0.897545s time limit; coverage is incomplete
[INFO] Render hashes (run-local): 9 observed, 9 unique, 0 duplicate bundles; 0 successful validations reused
[INFO] .: failed; testing 300.18s; dependency preparation 0.04s; 0 charts remain
