[INFO] Chart 1/1: .
[INFO] Preparing dependencies for . (excluded from testing budgets)
[INFO] Finite filtering unavailable: permutations need closed objects at (); set additionalProperties: false; filtering generation before value-path traversal
[INFO] Coalescing path $.affinity
[INFO] Coalescing path $.annotations
[INFO] Coalescing path $.config
[INFO] Coalescing path $.configString
[INFO] Coalescing path $.env
[INFO] Coalescing path $.envFrom
[INFO] Coalescing path $.existingConfigSecret
[INFO] Coalescing path $.extraArgs
[INFO] Coalescing path $.extraVolumeMounts
[INFO] Coalescing path $.extraVolumes
[INFO] Coalescing path $.issueTemplate
[INFO] Coalescing path $.livenessProbe
[INFO] Coalescing path $.nodeSelector
[INFO] Coalescing path $.podAnnotations
[INFO] Coalescing path $.podDisruptionBudget
[INFO] Coalescing path $.podSecurityContext
[INFO] Coalescing path $.priorityClassName
[INFO] Coalescing path $.readinessProbe
[INFO] Coalescing path $.replicaCount
[INFO] Coalescing path $.resources
[INFO] Coalescing path $.route
[INFO] Coalescing path $.securityContext
[INFO] Coalescing path $.strategy
[INFO] Coalescing path $.tolerations
[INFO] Coalescing path $.topologySpreadConstraints
[INFO] Coalescing path $.tplConfig
[INFO] Coalescing path $.configString[""]
[INFO] Coalescing path $.env[*]
[INFO] Coalescing path $.global.imagePullSecrets
[INFO] Coalescing path $.image.pullPolicy
[INFO] Coalescing path $.image.repository
[INFO] Coalescing path $.image.tag
[INFO] Coalescing path $.ingress.annotations
[INFO] Coalescing path $.ingress.className
[INFO] Coalescing path $.ingress.enabled
[INFO] Coalescing path $.ingress.hosts
[INFO] Coalescing path $.ingress.labels
[INFO] Coalescing path $.ingress.tls
[INFO] Coalescing path $.serviceAccount.annotations
[INFO] Coalescing path $.serviceAccount.automountServiceAccountToken
[INFO] Coalescing path $.serviceAccount.create
[INFO] Coalescing path $.serviceAccount.labels
[INFO] Coalescing path $.serviceMonitor.additionalLabels
[INFO] Coalescing path $.serviceMonitor.bearerTokenFile
[INFO] Coalescing path $.serviceMonitor.enabled
[INFO] Coalescing path $.serviceMonitor.honorLabels
[INFO] Coalescing path $.serviceMonitor.interval
[INFO] Coalescing path $.serviceMonitor.metricRelabelings
[INFO] Coalescing path $.serviceMonitor.namespace
[INFO] Coalescing path $.serviceMonitor.relabelings
[INFO] Coalescing path $.serviceMonitor.scheme
[INFO] Coalescing path $.serviceMonitor.scrapeTimeout
[INFO] Coalescing path $.serviceMonitor.tlsConfig
[INFO] Coalescing path $.route[*].additionalRules
[INFO] Coalescing path $.route[*].annotations
[INFO] Coalescing path $.route[*].apiVersion
[INFO] Coalescing path $.route[*].enabled
[INFO] Coalescing path $.route[*].filters
[INFO] Coalescing path $.route[*].hostnames
[INFO] Coalescing path $.route[*].httpsRedirect
[INFO] Coalescing path $.route[*].kind
[INFO] Coalescing path $.route[*].labels
[INFO] Coalescing path $.route[*].matches
[INFO] Coalescing path $.route[*].name
[INFO] Coalescing path $.route[*].parentRefs
[INFO] Coalescing path $.ingress.hosts[*].host
[INFO] Coalescing path $.ingress.hosts[*].paths
[INFO] Coalescing path $.ingress.tls[*].hosts
[INFO] Coalescing path $.ingress.tls[*].secretName
[INFO] Coalescing path $.ingress.tls[*].hosts[*]
[INFO] Coalescing path $.ingress.hosts[*].paths[*].path
[INFO] Coalescing path $.ingress.hosts[*].paths[*].pathType
[INFO] Discovered 128 unique value paths; random traversal, seed 0
[INFO] Testing path $.topologySpreadConstraints[*] (1/128)
[INFO] Compiler input baseline: 51 statically named fields
[INFO] Render hashes (run-local): 100 observed, 87 unique, 13 duplicate bundles; 13 successful validations reused
[INFO] Testing path $.route.main.name (2/128)
[INFO] Compiler input baseline: 51 statically named fields
[INFO] Render hashes (run-local): 100 observed, 1 unique, 99 duplicate bundles; 99 successful validations reused
[INFO] Testing path $.issueTemplate (3/128)
[INFO] Compiler input baseline: 51 statically named fields
[INFO] Render hashes (run-local): 100 observed, 97 unique, 3 duplicate bundles; 3 successful validations reused
[INFO] Testing path $.serviceMonitor.additionalLabels (4/128)
[INFO] Compiler input baseline: 51 statically named fields
[INFO] Render hashes (run-local): 100 observed, 1 unique, 99 duplicate bundles; 99 successful validations reused
[INFO] Testing path $.image (5/128)
[INFO] Compiler input baseline: 51 statically named fields
[INFO] Render hashes (run-local): 17 observed, 15 unique, 2 duplicate bundles; 2 successful validations reused
[INFO] Testing path $.readinessProbe.httpGet.path (6/128)
[INFO] Compiler input baseline: 51 statically named fields
[INFO] Render hashes (run-local): 100 observed, 97 unique, 3 duplicate bundles; 3 successful validations reused
[INFO] Testing path $.nodeSelector (7/128)
[INFO] Compiler input baseline: 51 statically named fields
[INFO] Render hashes (run-local): 100 observed, 98 unique, 2 duplicate bundles; 2 successful validations reused
[INFO] Testing path $.config.defaults.api_url (8/128)
[INFO] Compiler input baseline: 51 statically named fields
[INFO] Render hashes (run-local): 100 observed, 97 unique, 3 duplicate bundles; 3 successful validations reused
[INFO] Testing path $.route.main.httpsRedirect (9/128)
[INFO] Compiler input baseline: 51 statically named fields
[INFO] Render hashes (run-local): 2 observed, 1 unique, 1 duplicate bundles; 1 successful validations reused
[INFO] Testing path $.securityContext (10/128)
[INFO] Compiler input baseline: 51 statically named fields
[INFO] Render hashes (run-local): 100 observed, 94 unique, 6 duplicate bundles; 6 successful validations reused
[INFO] Testing path $.config (11/128)
[INFO] Compiler input baseline: 51 statically named fields
[INFO] Render hashes (run-local): 100 observed, 93 unique, 7 duplicate bundles; 7 successful validations reused
[INFO] Testing path $.global.imagePullSecrets (12/128)
[INFO] Compiler input baseline: 51 statically named fields
[INFO] Render hashes (run-local): 100 observed, 88 unique, 12 duplicate bundles; 12 successful validations reused
[INFO] Testing path $.podSecurityContext (13/128)
[INFO] Compiler input baseline: 51 statically named fields
[INFO] Render hashes (run-local): 100 observed, 94 unique, 6 duplicate bundles; 6 successful validations reused
[INFO] Testing path $.route.main (14/128)
[INFO] Compiler input baseline: 51 statically named fields
[INFO] Render hashes (run-local): 84 observed, 9 unique, 75 duplicate bundles; 65 successful validations reused
[INFO] Testing path $.route.main.hostnames[*] (15/128)
[INFO] Compiler input baseline: 51 statically named fields
[INFO] Render hashes (run-local): 100 observed, 1 unique, 99 duplicate bundles; 99 successful validations reused
[INFO] Testing path $.route.main.filters (16/128)
[INFO] Compiler input baseline: 51 statically named fields
[INFO] Render hashes (run-local): 100 observed, 1 unique, 99 duplicate bundles; 99 successful validations reused
[INFO] Testing path $.securityContext.runAsNonRoot (17/128)
[INFO] Compiler input baseline: 51 statically named fields
[INFO] Render hashes (run-local): 2 observed, 2 unique, 0 duplicate bundles; 0 successful validations reused
[INFO] Testing path $.securityContext.capabilities.drop (18/128)
[INFO] Compiler input baseline: 51 statically named fields
[INFO] Render hashes (run-local): 100 observed, 100 unique, 0 duplicate bundles; 0 successful validations reused
[INFO] Testing path $.serviceMonitor.relabelings (19/128)
[INFO] Compiler input baseline: 51 statically named fields
[INFO] Render hashes (run-local): 100 observed, 1 unique, 99 duplicate bundles; 99 successful validations reused
[INFO] Testing path $.serviceMonitor.bearerTokenFile (20/128)
[INFO] Compiler input baseline: 51 statically named fields
[INFO] Render hashes (run-local): 100 observed, 1 unique, 99 duplicate bundles; 99 successful validations reused
[INFO] Testing path $.route.main.parentRefs[*] (21/128)
[INFO] Compiler input baseline: 51 statically named fields
[INFO] Render hashes (run-local): 100 observed, 1 unique, 99 duplicate bundles; 99 successful validations reused
[INFO] Testing path $.ingress.labels (22/128)
[INFO] Compiler input baseline: 51 statically named fields
[INFO] Render hashes (run-local): 100 observed, 1 unique, 99 duplicate bundles; 99 successful validations reused
[INFO] Testing path $.route.main.parentRefs (23/128)
[INFO] Compiler input baseline: 51 statically named fields
[INFO] Render hashes (run-local): 100 observed, 1 unique, 99 duplicate bundles; 99 successful validations reused
[INFO] Testing path $.podSecurityContext.seccompProfile (24/128)
[INFO] Compiler input baseline: 51 statically named fields
[INFO] Render hashes (run-local): 100 observed, 97 unique, 3 duplicate bundles; 3 successful validations reused
[INFO] Testing path $.serviceAccount.annotations (25/128)
[INFO] Compiler input baseline: 51 statically named fields
[INFO] Render hashes (run-local): 3 observed, 3 unique, 0 duplicate bundles; 0 successful validations reused
[INFO] Testing path $.ingress.hosts[*].host (26/128)
[INFO] Compiler input baseline: 51 statically named fields
[INFO] Render hashes (run-local): 100 observed, 1 unique, 99 duplicate bundles; 4 successful validations reused
[INFO] Testing path $.securityContext.capabilities (27/128)
[INFO] Compiler input baseline: 51 statically named fields
[INFO] Render hashes (run-local): 100 observed, 100 unique, 0 duplicate bundles; 0 successful validations reused
[INFO] Testing path $.image.repository (28/128)
[INFO] Compiler input baseline: 51 statically named fields
[INFO] Execution stopped at the 6.89126s time limit; coverage is incomplete
[INFO] Render hashes (run-local): 58 observed, 58 unique, 0 duplicate bundles; 0 successful validations reused
[INFO] .: failed; testing 300.37s; dependency preparation 0.17s; 0 charts remain
