[INFO] Chart 1/1: .
[INFO] Preparing dependencies for . (excluded from testing budgets)
[INFO] Finite filtering unavailable: permutations need closed objects at (); set additionalProperties: false; filtering generation before value-path traversal
[INFO] Coalescing path $.affinity
[INFO] Coalescing path $.annotations
[INFO] Coalescing path $.extraContainers
[INFO] Coalescing path $.extraEnvs
[INFO] Coalescing path $.extraVolumeMounts
[INFO] Coalescing path $.extraVolumes
[INFO] Coalescing path $.hostAliases
[INFO] Coalescing path $.initContainers
[INFO] Coalescing path $.nodeSelector
[INFO] Coalescing path $.podLabels
[INFO] Coalescing path $.podSecurityContext
[INFO] Coalescing path $.replicaCount
[INFO] Coalescing path $.resources
[INFO] Coalescing path $.securityContext
[INFO] Coalescing path $.tolerations
[INFO] Coalescing path $.config.datasourceSecret
[INFO] Coalescing path $.config.logFormat
[INFO] Coalescing path $.config.logLevel
[INFO] Coalescing path $.extraEnvs[*]
[INFO] Coalescing path $.image.pullPolicy
[INFO] Coalescing path $.image.pullSecrets
[INFO] Coalescing path $.image.repository
[INFO] Coalescing path $.image.tag
[INFO] Coalescing path $.livenessProbe.initialDelaySeconds
[INFO] Coalescing path $.livenessProbe.timeoutSeconds
[INFO] Coalescing path $.networkPolicy.enabled
[INFO] Coalescing path $.networkPolicy.labels
[INFO] Coalescing path $.podDisruptionBudget.enabled
[INFO] Coalescing path $.podDisruptionBudget.maxUnavailable
[INFO] Coalescing path $.prometheusRule.additionalLabels
[INFO] Coalescing path $.prometheusRule.enabled
[INFO] Coalescing path $.prometheusRule.namespace
[INFO] Coalescing path $.prometheusRule.rules
[INFO] Coalescing path $.rbac.create
[INFO] Coalescing path $.rbac.pspEnabled
[INFO] Coalescing path $.readinessProbe.initialDelaySeconds
[INFO] Coalescing path $.readinessProbe.timeoutSeconds
[INFO] Coalescing path $.service.annotations
[INFO] Coalescing path $.service.labels
[INFO] Coalescing path $.service.name
[INFO] Coalescing path $.service.port
[INFO] Coalescing path $.service.targetPort
[INFO] Coalescing path $.service.type
[INFO] Coalescing path $.serviceAccount.annotations
[INFO] Coalescing path $.serviceAccount.create
[INFO] Coalescing path $.serviceMonitor.enabled
[INFO] Coalescing path $.serviceMonitor.interval
[INFO] Coalescing path $.serviceMonitor.labels
[INFO] Coalescing path $.serviceMonitor.metricRelabelings
[INFO] Coalescing path $.serviceMonitor.namespace
[INFO] Coalescing path $.serviceMonitor.relabelings
[INFO] Coalescing path $.serviceMonitor.targetLabels
[INFO] Coalescing path $.serviceMonitor.telemetryPath
[INFO] Coalescing path $.serviceMonitor.timeout
[INFO] Coalescing path $.config.datasource.database
[INFO] Coalescing path $.config.datasource.host
[INFO] Coalescing path $.config.datasource.password
[INFO] Coalescing path $.config.datasource.passwordFile
[INFO] Coalescing path $.config.datasource.passwordSecret
[INFO] Coalescing path $.config.datasource.port
[INFO] Coalescing path $.config.datasource.sslmode
[INFO] Coalescing path $.config.datasource.user
[INFO] Coalescing path $.config.datasourceSecret.key
[INFO] Coalescing path $.config.datasourceSecret.name
[INFO] Coalescing path $.image.pullSecrets[*]
[INFO] Coalescing path $.serviceMonitor.targetLabels[*]
[INFO] Discovered 103 unique value paths; random traversal, seed 0
[INFO] Testing path $.initContainers (1/103)
[INFO] Compiler input baseline: 62 statically named fields
[INFO] Render hashes (run-local): 100 observed, 88 unique, 12 duplicate bundles; 12 successful validations reused
[INFO] Testing path $.image (2/103)
[INFO] Compiler input baseline: 62 statically named fields
[INFO] Render hashes (run-local): 36 observed, 29 unique, 7 duplicate bundles; 7 successful validations reused
[INFO] Testing path $.image.pullSecrets (3/103)
[INFO] Compiler input baseline: 62 statically named fields
[INFO] Render hashes (run-local): 37 observed, 15 unique, 22 duplicate bundles; 22 successful validations reused
[INFO] Testing path $.nodeSelector (4/103)
[INFO] Compiler input baseline: 62 statically named fields
[INFO] Render hashes (run-local): 100 observed, 98 unique, 2 duplicate bundles; 2 successful validations reused
[INFO] Testing path $.service.port (5/103)
[INFO] Compiler input baseline: 62 statically named fields
[INFO] Render hashes (run-local): 100 observed, 100 unique, 0 duplicate bundles; 0 successful validations reused
[INFO] Testing path $.podSecurityContext.runAsNonRoot (6/103)
[INFO] Compiler input baseline: 62 statically named fields
[INFO] Render hashes (run-local): 2 observed, 2 unique, 0 duplicate bundles; 0 successful validations reused
[INFO] Testing path $.securityContext (7/103)
[INFO] Compiler input baseline: 62 statically named fields
[INFO] Render hashes (run-local): 100 observed, 95 unique, 5 duplicate bundles; 5 successful validations reused
[INFO] Testing path $.extraEnvs[*] (8/103)
[INFO] Compiler input baseline: 62 statically named fields
[INFO] Render hashes (run-local): 100 observed, 87 unique, 13 duplicate bundles; 13 successful validations reused
[INFO] Testing path $.config (9/103)
[INFO] Compiler input baseline: 62 statically named fields
[INFO] Render hashes (run-local): 67 observed, 24 unique, 43 duplicate bundles; 43 successful validations reused
[INFO] Testing path $.podSecurityContext (10/103)
[INFO] Compiler input baseline: 62 statically named fields
[INFO] Render hashes (run-local): 100 observed, 93 unique, 7 duplicate bundles; 7 successful validations reused
[INFO] Testing path $.config.datasource.sslmode (11/103)
[INFO] Compiler input baseline: 62 statically named fields
[INFO] Render hashes (run-local): 76 observed, 76 unique, 0 duplicate bundles; 0 successful validations reused
[INFO] Testing path $.podDisruptionBudget.enabled (12/103)
[INFO] Compiler input baseline: 62 statically named fields
[INFO] Render hashes (run-local): 2 observed, 2 unique, 0 duplicate bundles; 0 successful validations reused
[INFO] Testing path $.service.name (13/103)
[INFO] Compiler input baseline: 62 statically named fields
[INFO] Render hashes (run-local): 24 observed, 21 unique, 3 duplicate bundles; 3 successful validations reused
[INFO] Testing path $.config.datasource.passwordFile (14/103)
[INFO] Compiler input baseline: 62 statically named fields
[INFO] Render hashes (run-local): 24 observed, 21 unique, 3 duplicate bundles; 3 successful validations reused
[INFO] Testing path $.service.type (15/103)
[INFO] Compiler input baseline: 62 statically named fields
[INFO] Render hashes (run-local): 24 observed, 21 unique, 3 duplicate bundles; 3 successful validations reused
[INFO] Testing path $.securityContext.runAsNonRoot (16/103)
[INFO] Compiler input baseline: 62 statically named fields
[INFO] Render hashes (run-local): 2 observed, 2 unique, 0 duplicate bundles; 0 successful validations reused
[INFO] Testing path $.securityContext.capabilities.drop (17/103)
[INFO] Compiler input baseline: 62 statically named fields
[INFO] Render hashes (run-local): 100 observed, 100 unique, 0 duplicate bundles; 0 successful validations reused
[INFO] Testing path $.prometheusRule (18/103)
[INFO] Compiler input baseline: 62 statically named fields
[INFO] Render hashes (run-local): 38 observed, 14 unique, 24 duplicate bundles; 24 successful validations reused
[INFO] Testing path $.config.logLevel (19/103)
[INFO] Compiler input baseline: 62 statically named fields
[INFO] Render hashes (run-local): 76 observed, 76 unique, 0 duplicate bundles; 0 successful validations reused
[INFO] Testing path $.serviceMonitor.relabelings (20/103)
[INFO] Compiler input baseline: 62 statically named fields
[INFO] Render hashes (run-local): 100 observed, 1 unique, 99 duplicate bundles; 99 successful validations reused
[INFO] Testing path $.livenessProbe.initialDelaySeconds (21/103)
[INFO] Compiler input baseline: 62 statically named fields
[INFO] Render hashes (run-local): 100 observed, 100 unique, 0 duplicate bundles; 0 successful validations reused
[INFO] Testing path $.prometheusRule.additionalLabels (22/103)
[INFO] Compiler input baseline: 62 statically named fields
[INFO] Render hashes (run-local): 100 observed, 1 unique, 99 duplicate bundles; 99 successful validations reused
[INFO] Testing path $.podSecurityContext.seccompProfile (23/103)
[INFO] Compiler input baseline: 62 statically named fields
[INFO] Render hashes (run-local): 100 observed, 97 unique, 3 duplicate bundles; 3 successful validations reused
[INFO] Testing path $.serviceMonitor.telemetryPath (24/103)
[INFO] Compiler input baseline: 62 statically named fields
[INFO] Render hashes (run-local): 100 observed, 1 unique, 99 duplicate bundles; 99 successful validations reused
[INFO] Testing path $.serviceAccount.annotations (25/103)
[INFO] Compiler input baseline: 62 statically named fields
[INFO] Render hashes (run-local): 12 observed, 11 unique, 1 duplicate bundles; 1 successful validations reused
[INFO] Testing path $.securityContext.capabilities (26/103)
[INFO] Compiler input baseline: 62 statically named fields
[INFO] Render hashes (run-local): 100 observed, 100 unique, 0 duplicate bundles; 0 successful validations reused
[INFO] Testing path $.image.repository (27/103)
[INFO] Compiler input baseline: 62 statically named fields
[INFO] Render hashes (run-local): 76 observed, 76 unique, 0 duplicate bundles; 0 successful validations reused
[INFO] Testing path $.resources (28/103)
[INFO] Compiler input baseline: 62 statically named fields
[INFO] Render hashes (run-local): 100 observed, 98 unique, 2 duplicate bundles; 2 successful validations reused
[INFO] Testing path $.prometheusRule.rules[*] (29/103)
[INFO] Compiler input baseline: 62 statically named fields
[INFO] Render hashes (run-local): 100 observed, 1 unique, 99 duplicate bundles; 99 successful validations reused
[INFO] Testing path $.podDisruptionBudget.maxUnavailable (30/103)
[INFO] Compiler input baseline: 62 statically named fields
[INFO] Render hashes (run-local): 100 observed, 1 unique, 99 duplicate bundles; 85 successful validations reused
[INFO] Testing path $.podSecurityContext.seccompProfile.type (31/103)
[INFO] Compiler input baseline: 62 statically named fields
[INFO] Render hashes (run-local): 100 observed, 97 unique, 3 duplicate bundles; 0 successful validations reused
[INFO] Testing path $.readinessProbe.timeoutSeconds (32/103)
[INFO] Compiler input baseline: 62 statically named fields
[INFO] Render hashes (run-local): 100 observed, 100 unique, 0 duplicate bundles; 0 successful validations reused
[INFO] Testing path $.serviceMonitor.namespace (33/103)
[INFO] Compiler input baseline: 62 statically named fields
[INFO] Execution stopped at the 5.8235s time limit; coverage is incomplete
[INFO] Render hashes (run-local): 47 observed, 1 unique, 46 duplicate bundles; 0 successful validations reused
[INFO] .: failed; testing 300.25s; dependency preparation 0.06s; 0 charts remain
