[INFO] Chart 1/1: .
[INFO] Preparing dependencies for . (excluded from testing budgets)
[INFO] Finite filtering unavailable: permutations need closed objects at (); set additionalProperties: false; filtering generation before value-path traversal
[INFO] Coalescing path $.affinity
[INFO] Coalescing path $["annotations.prometheus.io/scrape"]
[INFO] Coalescing path $.config
[INFO] Coalescing path $.extraVolumeMounts
[INFO] Coalescing path $.extraVolumes
[INFO] Coalescing path $.nodeSelector
[INFO] Coalescing path $.replicaCount
[INFO] Coalescing path $.resources
[INFO] Coalescing path $.tolerations
[INFO] Coalescing path $.config.defaultUptimeSLO
[INFO] Coalescing path $.config.outageCheckPeriodInDays
[INFO] Coalescing path $.config.parserTags
[INFO] Coalescing path $.config.tagExtraLabels
[INFO] Coalescing path $.config.tagFormat
[INFO] Coalescing path $.config.tags
[INFO] Coalescing path $.existingSecret.name
[INFO] Coalescing path $.image.pullPolicy
[INFO] Coalescing path $.image.repository
[INFO] Coalescing path $.image.tag
[INFO] Coalescing path $.pingdom.apiToken
[INFO] Coalescing path $.pingdom.wait
[INFO] Coalescing path $.pod.annotations
[INFO] Coalescing path $.secret.annotations
[INFO] Coalescing path $.service.annotations
[INFO] Coalescing path $.service.enabled
[INFO] Coalescing path $.service.port
[INFO] Coalescing path $.service.type
[INFO] Coalescing path $.serviceAccount.annotations
[INFO] Coalescing path $.serviceAccount.create
[INFO] Discovered 44 unique value paths; random traversal, seed 0
[INFO] Testing path $.image (1/44)
[INFO] Compiler input baseline: 28 statically named fields
[INFO] Render hashes (run-local): 17 observed, 15 unique, 2 duplicate bundles; 2 successful validations reused
[INFO] Testing path $.nodeSelector (2/44)
[INFO] Compiler input baseline: 28 statically named fields
[INFO] Render hashes (run-local): 100 observed, 98 unique, 2 duplicate bundles; 2 successful validations reused
[INFO] Testing path $.service.port (3/44)
[INFO] Compiler input baseline: 28 statically named fields
[INFO] Render hashes (run-local): 100 observed, 100 unique, 0 duplicate bundles; 0 successful validations reused
[INFO] Testing path $.config (4/44)
[INFO] Compiler input baseline: 28 statically named fields
[INFO] Render hashes (run-local): 100 observed, 40 unique, 60 duplicate bundles; 60 successful validations reused
[INFO] Testing path $.service.type (5/44)
[INFO] Compiler input baseline: 28 statically named fields
[INFO] Render hashes (run-local): 24 observed, 21 unique, 3 duplicate bundles; 3 successful validations reused
[INFO] Testing path $.serviceAccount.annotations (6/44)
[INFO] Compiler input baseline: 28 statically named fields
[INFO] Render hashes (run-local): 100 observed, 1 unique, 99 duplicate bundles; 99 successful validations reused
[INFO] Testing path $.image.repository (7/44)
[INFO] Compiler input baseline: 28 statically named fields
[INFO] Render hashes (run-local): 76 observed, 76 unique, 0 duplicate bundles; 0 successful validations reused
[INFO] Testing path $.resources (8/44)
[INFO] Compiler input baseline: 28 statically named fields
[INFO] Render hashes (run-local): 100 observed, 98 unique, 2 duplicate bundles; 2 successful validations reused
[INFO] Testing path $.config.tagExtraLabels (9/44)
[INFO] Compiler input baseline: 28 statically named fields
[INFO] Render hashes (run-local): 100 observed, 1 unique, 99 duplicate bundles; 99 successful validations reused
[INFO] Testing path $.tolerations[*] (10/44)
[INFO] Compiler input baseline: 28 statically named fields
[INFO] Render hashes (run-local): 100 observed, 87 unique, 13 duplicate bundles; 13 successful validations reused
[INFO] Testing path $.existingSecret (11/44)
[INFO] Compiler input baseline: 28 statically named fields
[INFO] Render hashes (run-local): 25 observed, 21 unique, 4 duplicate bundles; 4 successful validations reused
[INFO] Testing path $.pingdom.wait (12/44)
[INFO] Compiler input baseline: 28 statically named fields
[INFO] Render hashes (run-local): 100 observed, 1 unique, 99 duplicate bundles; 99 successful validations reused
[INFO] Testing path $.tolerations (13/44)
[INFO] Compiler input baseline: 28 statically named fields
[INFO] Render hashes (run-local): 100 observed, 88 unique, 12 duplicate bundles; 12 successful validations reused
[INFO] Testing path $.config.defaultUptimeSLO (14/44)
[INFO] Compiler input baseline: 28 statically named fields
[INFO] Render hashes (run-local): 100 observed, 100 unique, 0 duplicate bundles; 0 successful validations reused
[INFO] Testing path $["annotations.prometheus.io/scrape"] (15/44)
[INFO] Compiler input baseline: 28 statically named fields
[INFO] Render hashes (run-local): 100 observed, 1 unique, 99 duplicate bundles; 99 successful validations reused
[INFO] Testing path $.config.outageCheckPeriodInDays (16/44)
[INFO] Compiler input baseline: 28 statically named fields
[INFO] Render hashes (run-local): 100 observed, 100 unique, 0 duplicate bundles; 0 successful validations reused
[INFO] Testing path $.service.annotations (17/44)
[INFO] Compiler input baseline: 28 statically named fields
[INFO] Render hashes (run-local): 3 observed, 3 unique, 0 duplicate bundles; 0 successful validations reused
[INFO] Testing path $.config.tagExtraLabels[*] (18/44)
[INFO] Compiler input baseline: 28 statically named fields
[INFO] Render hashes (run-local): 100 observed, 1 unique, 99 duplicate bundles; 99 successful validations reused
[INFO] Testing path $.extraVolumes (19/44)
[INFO] Compiler input baseline: 28 statically named fields
[INFO] Render hashes (run-local): 100 observed, 88 unique, 12 duplicate bundles; 12 successful validations reused
[INFO] Testing path $.affinity (20/44)
[INFO] Compiler input baseline: 28 statically named fields
[INFO] Render hashes (run-local): 100 observed, 98 unique, 2 duplicate bundles; 2 successful validations reused
[INFO] Testing path $.extraVolumes[*] (21/44)
[INFO] Compiler input baseline: 28 statically named fields
[INFO] Render hashes (run-local): 100 observed, 87 unique, 13 duplicate bundles; 13 successful validations reused
[INFO] Testing path $.pod.annotations (22/44)
[INFO] Compiler input baseline: 28 statically named fields
[INFO] Render hashes (run-local): 100 observed, 98 unique, 2 duplicate bundles; 2 successful validations reused
[INFO] Testing path $.service.enabled (23/44)
[INFO] Compiler input baseline: 28 statically named fields
[INFO] Render hashes (run-local): 2 observed, 2 unique, 0 duplicate bundles; 0 successful validations reused
[INFO] Testing path $.secret.annotations (24/44)
[INFO] Compiler input baseline: 28 statically named fields
[INFO] Render hashes (run-local): 3 observed, 3 unique, 0 duplicate bundles; 0 successful validations reused
[INFO] Testing path $.config.tags[*] (25/44)
[INFO] Compiler input baseline: 28 statically named fields
[INFO] Render hashes (run-local): 100 observed, 86 unique, 14 duplicate bundles; 14 successful validations reused
[INFO] Testing path $.config.parserTags (26/44)
[INFO] Compiler input baseline: 28 statically named fields
[INFO] Render hashes (run-local): 2 observed, 2 unique, 0 duplicate bundles; 0 successful validations reused
[INFO] Testing path $.serviceAccount.create (27/44)
[INFO] Compiler input baseline: 28 statically named fields
[INFO] Render hashes (run-local): 2 observed, 2 unique, 0 duplicate bundles; 0 successful validations reused
[INFO] Testing path $.image.tag (28/44)
[INFO] Compiler input baseline: 28 statically named fields
[INFO] Render hashes (run-local): 76 observed, 76 unique, 0 duplicate bundles; 0 successful validations reused
[INFO] Testing path $.extraVolumeMounts[*] (29/44)
[INFO] Compiler input baseline: 28 statically named fields
[INFO] Render hashes (run-local): 100 observed, 87 unique, 13 duplicate bundles; 13 successful validations reused
[INFO] Testing path $.image.pullPolicy (30/44)
[INFO] Compiler input baseline: 28 statically named fields
[INFO] Render hashes (run-local): 24 observed, 21 unique, 3 duplicate bundles; 3 successful validations reused
[INFO] Testing path $.config.tags (31/44)
[INFO] Compiler input baseline: 28 statically named fields
[INFO] Render hashes (run-local): 100 observed, 85 unique, 15 duplicate bundles; 15 successful validations reused
[INFO] Testing path $.replicaCount (32/44)
[INFO] Compiler input baseline: 28 statically named fields
[INFO] Render hashes (run-local): 100 observed, 100 unique, 0 duplicate bundles; 0 successful validations reused
[INFO] Testing path $.serviceAccount.name (33/44)
[INFO] Compiler input baseline: 28 statically named fields
[INFO] Render hashes (run-local): 24 observed, 21 unique, 3 duplicate bundles; 3 successful validations reused
[INFO] Testing path $.pod (34/44)
[INFO] Compiler input baseline: 28 statically named fields
[INFO] Render hashes (run-local): 100 observed, 99 unique, 1 duplicate bundles; 1 successful validations reused
[INFO] Testing path $.fullnameOverride (35/44)
[INFO] Compiler input baseline: 28 statically named fields
[INFO] Render hashes (run-local): 20 observed, 11 unique, 9 duplicate bundles; 0 successful validations reused
[INFO] Testing path $.existingSecret.name (36/44)
[INFO] Compiler input baseline: 28 statically named fields
[INFO] Render hashes (run-local): 24 observed, 21 unique, 3 duplicate bundles; 3 successful validations reused
[INFO] Testing path $.config.tagFormat (37/44)
[INFO] Compiler input baseline: 28 statically named fields
[INFO] Render hashes (run-local): 100 observed, 1 unique, 99 duplicate bundles; 99 successful validations reused
[INFO] Testing path $.serviceAccount (38/44)
[INFO] Compiler input baseline: 28 statically named fields
[INFO] Render hashes (run-local): 36 observed, 14 unique, 22 duplicate bundles; 22 successful validations reused
[INFO] Testing path $.pingdom.apiToken (39/44)
[INFO] Compiler input baseline: 28 statically named fields
[INFO] Render hashes (run-local): 100 observed, 97 unique, 3 duplicate bundles; 3 successful validations reused
[INFO] Testing path $.pingdom (40/44)
[INFO] Compiler input baseline: 28 statically named fields
[INFO] Render hashes (run-local): 100 observed, 26 unique, 74 duplicate bundles; 42 successful validations reused
[INFO] Testing path $.service (41/44)
[INFO] Compiler input baseline: 28 statically named fields
[INFO] Render hashes (run-local): 19 observed, 11 unique, 8 duplicate bundles; 0 successful validations reused
[INFO] Testing path $.nameOverride (42/44)
[INFO] Compiler input baseline: 28 statically named fields
[INFO] Render hashes (run-local): 24 observed, 23 unique, 1 duplicate bundles; 0 successful validations reused
[INFO] Testing path $.secret (43/44)
[INFO] Compiler input baseline: 28 statically named fields
[INFO] Render hashes (run-local): 8 observed, 7 unique, 1 duplicate bundles; 0 successful validations reused
[INFO] Testing path $.extraVolumeMounts (44/44)
[INFO] Compiler input baseline: 28 statically named fields
[INFO] Render hashes (run-local): 100 observed, 88 unique, 12 duplicate bundles; 0 successful validations reused
[INFO] .: failed; testing 290.04s; dependency preparation 0.05s; 0 charts remain
