[INFO] Chart 1/1: .
[INFO] Preparing dependencies for . (excluded from testing budgets)
[INFO] Finite filtering unavailable: permutations need closed objects at (); set additionalProperties: false; filtering generation before value-path traversal
[INFO] Coalescing path $.affinity
[INFO] Coalescing path $.automountServiceAccountToken
[INFO] Coalescing path $.config
[INFO] Coalescing path $.configExistingSecretName
[INFO] Coalescing path $.configPath
[INFO] Coalescing path $.containerPort
[INFO] Coalescing path $.dnsConfig
[INFO] Coalescing path $.dnsPolicy
[INFO] Coalescing path $.extraArgs
[INFO] Coalescing path $.extraConfigmapMounts
[INFO] Coalescing path $.extraContainers
[INFO] Coalescing path $.extraEnv
[INFO] Coalescing path $.extraInitContainers
[INFO] Coalescing path $.extraSecretMounts
[INFO] Coalescing path $.extraVolumeMounts
[INFO] Coalescing path $.extraVolumes
[INFO] Coalescing path $.hostAliases
[INFO] Coalescing path $.hostNetwork
[INFO] Coalescing path $.kind
[INFO] Coalescing path $.livenessProbe
[INFO] Coalescing path $.nodeSelector
[INFO] Coalescing path $.pinglistConfig
[INFO] Coalescing path $.podAnnotations
[INFO] Coalescing path $.podDisruptionBudget
[INFO] Coalescing path $.podSecurityContext
[INFO] Coalescing path $.priorityClassName
[INFO] Coalescing path $.readinessProbe
[INFO] Coalescing path $.replicas
[INFO] Coalescing path $.resources
[INFO] Coalescing path $.restartPolicy
[INFO] Coalescing path $.route
[INFO] Coalescing path $.secretConfig
[INFO] Coalescing path $.securityContext
[INFO] Coalescing path $.strategy
[INFO] Coalescing path $.tolerations
[INFO] Coalescing path $.extraEnv[*]
[INFO] Coalescing path $.image.pullPolicy
[INFO] Coalescing path $.image.pullSecrets
[INFO] Coalescing path $.image.repository
[INFO] Coalescing path $.image.tag
[INFO] Coalescing path $.ingress.annotations
[INFO] Coalescing path $.ingress.className
[INFO] Coalescing path $.ingress.enabled
[INFO] Coalescing path $.ingress.hosts
[INFO] Coalescing path $.ingress.labels
[INFO] Coalescing path $.ingress.tls
[INFO] Coalescing path $.networkPolicy.allowMonitoringNamespace
[INFO] Coalescing path $.networkPolicy.enabled
[INFO] Coalescing path $.pod.labels
[INFO] Coalescing path $.prometheusRule.additionalLabels
[INFO] Coalescing path $.prometheusRule.enabled
[INFO] Coalescing path $.prometheusRule.namespace
[INFO] Coalescing path $.prometheusRule.rules
[INFO] Coalescing path $.service.annotations
[INFO] Coalescing path $.service.externalIPs
[INFO] Coalescing path $.service.externalTrafficPolicy
[INFO] Coalescing path $.service.ipFamilies
[INFO] Coalescing path $.service.ipFamilyPolicy
[INFO] Coalescing path $.service.labels
[INFO] Coalescing path $.service.port
[INFO] Coalescing path $.service.type
[INFO] Coalescing path $.serviceAccount.annotations
[INFO] Coalescing path $.serviceAccount.create
[INFO] Coalescing path $.serviceMonitor.bearerTokenFile
[INFO] Coalescing path $.serviceMonitor.enabled
[INFO] Coalescing path $.serviceMonitor.scheme
[INFO] Coalescing path $.serviceMonitor.targets
[INFO] Coalescing path $.serviceMonitor.tlsConfig
[INFO] Coalescing path $.extraConfigmapMounts[*].configMap
[INFO] Coalescing path $.extraConfigmapMounts[*].defaultMode
[INFO] Coalescing path $.extraConfigmapMounts[*].mountPath
[INFO] Coalescing path $.extraConfigmapMounts[*].name
[INFO] Coalescing path $.extraConfigmapMounts[*].readOnly
[INFO] Coalescing path $.extraConfigmapMounts[*].subPath
[INFO] Coalescing path $.extraSecretMounts[*].defaultMode
[INFO] Coalescing path $.extraSecretMounts[*].mountPath
[INFO] Coalescing path $.extraSecretMounts[*].name
[INFO] Coalescing path $.extraSecretMounts[*].readOnly
[INFO] Coalescing path $.extraSecretMounts[*].secretName
[INFO] Coalescing path $.extraSecretMounts[*].subPath
[INFO] Coalescing path $.hostAliases[*].hostNames
[INFO] Coalescing path $.hostAliases[*].ip
[INFO] Coalescing path $.image.pullSecrets[*]
[INFO] Coalescing path $.route[*].additionalRules
[INFO] Coalescing path $.route[*].annotations
[INFO] Coalescing path $.route[*].apiVersion
[INFO] Coalescing path $.route[*].enabled
[INFO] Coalescing path $.route[*].filters
[INFO] Coalescing path $.route[*].hostnames
[INFO] Coalescing path $.route[*].httpsRedirect
[INFO] Coalescing path $.route[*].kind
[INFO] Coalescing path $.route[*].labels
[INFO] Coalescing path $.route[*].matches
[INFO] Coalescing path $.route[*].name
[INFO] Coalescing path $.route[*].parentRefs
[INFO] Coalescing path $.serviceMonitor.defaults.additionalMetricsRelabels
[INFO] Coalescing path $.serviceMonitor.defaults.additionalRelabeling
[INFO] Coalescing path $.serviceMonitor.defaults.interval
[INFO] Coalescing path $.serviceMonitor.defaults.labels
[INFO] Coalescing path $.serviceMonitor.defaults.module
[INFO] Coalescing path $.serviceMonitor.defaults.scrapeTimeout
[INFO] Coalescing path $.serviceMonitor.selfMonitor.additionalRelabeling
[INFO] Coalescing path $.serviceMonitor.selfMonitor.enabled
[INFO] Coalescing path $.serviceMonitor.selfMonitor.interval
[INFO] Coalescing path $.serviceMonitor.selfMonitor.labels
[INFO] Coalescing path $.serviceMonitor.selfMonitor.scrapeTimeout
[INFO] Coalescing path $.hostAliases[*].hostNames[*]
[INFO] Coalescing path $.ingress.hosts[*].host
[INFO] Coalescing path $.ingress.hosts[*].paths
[INFO] Coalescing path $.ingress.tls[*].hosts
[INFO] Coalescing path $.ingress.tls[*].secretName
[INFO] Coalescing path $.serviceMonitor.targets[*].additionalMetricsRelabels
[INFO] Coalescing path $.serviceMonitor.targets[*].additionalRelabeling
[INFO] Coalescing path $.serviceMonitor.targets[*].interval
[INFO] Coalescing path $.serviceMonitor.targets[*].labels
[INFO] Coalescing path $.serviceMonitor.targets[*].module
[INFO] Coalescing path $.serviceMonitor.targets[*].name
[INFO] Coalescing path $.serviceMonitor.targets[*].scrapeTimeout
[INFO] Coalescing path $.serviceMonitor.targets[*].url
[INFO] Coalescing path $.ingress.tls[*].hosts[*]
[INFO] Coalescing path $.ingress.hosts[*].paths[*].path
[INFO] Coalescing path $.ingress.hosts[*].paths[*].pathType
[INFO] Discovered 256 unique value paths; random traversal, seed 0
[INFO] Testing path $.config.modules.ping.timeout (1/256)
[INFO] Compiler input baseline: 78 statically named fields
[INFO] Render hashes (run-local): 100 observed, 97 unique, 3 duplicate bundles; 3 successful validations reused
[INFO] Testing path $.config.modules.http_2xx.http.method (2/256)
[INFO] Compiler input baseline: 78 statically named fields
[INFO] Render hashes (run-local): 100 observed, 97 unique, 3 duplicate bundles; 3 successful validations reused
[INFO] Testing path $.route.main.name (3/256)
[INFO] Compiler input baseline: 78 statically named fields
[INFO] Render hashes (run-local): 100 observed, 1 unique, 99 duplicate bundles; 99 successful validations reused
[INFO] Testing path $.prometheusRule.rules[*].alert (4/256)
[INFO] Compiler input baseline: 78 statically named fields
[INFO] Render hashes (run-local): 100 observed, 1 unique, 99 duplicate bundles; 99 successful validations reused
[INFO] Testing path $.image (5/256)
[INFO] Compiler input baseline: 78 statically named fields
[INFO] Render hashes (run-local): 36 observed, 29 unique, 7 duplicate bundles; 7 successful validations reused
[INFO] Testing path $.config.modules.http_post_2xx.http.valid_status_codes (6/256)
[INFO] Compiler input baseline: 78 statically named fields
[INFO] Render hashes (run-local): 100 observed, 100 unique, 0 duplicate bundles; 0 successful validations reused
[INFO] Testing path $.readinessProbe.httpGet.path (7/256)
[INFO] Compiler input baseline: 78 statically named fields
[INFO] Render hashes (run-local): 100 observed, 97 unique, 3 duplicate bundles; 3 successful validations reused
[INFO] Testing path $.serviceMonitor.targets[*].interval (8/256)
[INFO] Compiler input baseline: 78 statically named fields
[INFO] Render hashes (run-local): 100 observed, 1 unique, 99 duplicate bundles; 99 successful validations reused
[INFO] Testing path $.config.modules.http_post_2xx.http.method (9/256)
[INFO] Compiler input baseline: 78 statically named fields
[INFO] Render hashes (run-local): 100 observed, 97 unique, 3 duplicate bundles; 3 successful validations reused
[INFO] Testing path $.strategy.type (10/256)
[INFO] Compiler input baseline: 78 statically named fields
[INFO] Render hashes (run-local): 100 observed, 1 unique, 99 duplicate bundles; 99 successful validations reused
[INFO] Testing path $.config.modules.ping (11/256)
[INFO] Compiler input baseline: 78 statically named fields
[INFO] Render hashes (run-local): 100 observed, 92 unique, 8 duplicate bundles; 8 successful validations reused
[INFO] Testing path $.pinglistConfig.setting (12/256)
[INFO] Compiler input baseline: 78 statically named fields
[INFO] Render hashes (run-local): 100 observed, 99 unique, 1 duplicate bundles; 1 successful validations reused
[INFO] Testing path $.config.modules.dns_ipv6.dns (13/256)
[INFO] Compiler input baseline: 78 statically named fields
[INFO] Render hashes (run-local): 100 observed, 98 unique, 2 duplicate bundles; 2 successful validations reused
[INFO] Testing path $.image.pullSecrets (14/256)
[INFO] Compiler input baseline: 78 statically named fields
[INFO] Render hashes (run-local): 37 observed, 15 unique, 22 duplicate bundles; 22 successful validations reused
[INFO] Testing path $.config.modules.http_post_2xx_ipv6.http (15/256)
[INFO] Compiler input baseline: 78 statically named fields
[INFO] Render hashes (run-local): 100 observed, 97 unique, 3 duplicate bundles; 1 successful validations reused
[INFO] Testing path $.nodeSelector (16/256)
[INFO] Compiler input baseline: 78 statically named fields
[INFO] Execution stopped at the 16.1003s time limit; coverage is incomplete
[INFO] Render hashes (run-local): 77 observed, 76 unique, 1 duplicate bundles; 0 successful validations reused
[INFO] .: failed; testing 300.42s; dependency preparation 0.05s; 0 charts remain
