[INFO] Chart 1/1: .
[INFO] Preparing dependencies for . (excluded from testing budgets)
[INFO] Finite filtering unavailable: permutations need closed objects at (); set additionalProperties: false; filtering generation before value-path traversal
[INFO] Coalescing path $.additionalAnnotations
[INFO] Coalescing path $.additionalLabels
[INFO] Coalescing path $.affinity
[INFO] Coalescing path $.annotations
[INFO] Coalescing path $.env
[INFO] Coalescing path $.loglevel
[INFO] Coalescing path $.nodeSelector
[INFO] Coalescing path $.podLabels
[INFO] Coalescing path $.priorityClassName
[INFO] Coalescing path $.replicaCount
[INFO] Coalescing path $.resources
[INFO] Coalescing path $.tolerations
[INFO] Coalescing path $.image.pullPolicy
[INFO] Coalescing path $.image.pullSecrets
[INFO] Coalescing path $.image.repository
[INFO] Coalescing path $.image.tag
[INFO] Coalescing path $.rabbitmq.capabilities
[INFO] Coalescing path $.rabbitmq.configMapOverrideReference
[INFO] Coalescing path $.rabbitmq.connection
[INFO] Coalescing path $.rabbitmq.excludeMetrics
[INFO] Coalescing path $.rabbitmq.existingPasswordSecret
[INFO] Coalescing path $.rabbitmq.existingPasswordSecretKey
[INFO] Coalescing path $.rabbitmq.existingUserSecret
[INFO] Coalescing path $.rabbitmq.existingUserSecretKey
[INFO] Coalescing path $.rabbitmq.exporters
[INFO] Coalescing path $.rabbitmq.include_queues
[INFO] Coalescing path $.rabbitmq.include_vhost
[INFO] Coalescing path $.rabbitmq.max_queues
[INFO] Coalescing path $.rabbitmq.output_format
[INFO] Coalescing path $.rabbitmq.password
[INFO] Coalescing path $.rabbitmq.skip_queues
[INFO] Coalescing path $.rabbitmq.skip_verify
[INFO] Coalescing path $.rabbitmq.skip_vhost
[INFO] Coalescing path $.rabbitmq.timeout
[INFO] Coalescing path $.rabbitmq.url
[INFO] Coalescing path $.rabbitmq.user
[INFO] Coalescing path $.service.externalPort
[INFO] Coalescing path $.service.internalPort
[INFO] Coalescing path $.service.labels
[INFO] Coalescing path $.service.type
[INFO] Coalescing path $.serviceAccount.annotations
[INFO] Coalescing path $.serviceAccount.create
[INFO] Coalescing path $.image.pullSecrets[*]
[INFO] Coalescing path $.prometheus.monitor.additionalLabels
[INFO] Coalescing path $.prometheus.monitor.enabled
[INFO] Coalescing path $.prometheus.monitor.interval
[INFO] Coalescing path $.prometheus.monitor.metricRelabelings
[INFO] Coalescing path $.prometheus.monitor.namespace
[INFO] Coalescing path $.prometheus.monitor.relabelings
[INFO] Coalescing path $.prometheus.monitor.targetLabels
[INFO] Coalescing path $.prometheus.rules.additionalLabels
[INFO] Coalescing path $.prometheus.rules.additionalRules
[INFO] Coalescing path $.prometheus.rules.enabled
[INFO] Coalescing path $.prometheus.rules.namespace
[INFO] Coalescing path $.prometheus.monitor.namespace[*]
[INFO] Discovered 77 unique value paths; random traversal, seed 0
[INFO] Testing path $.rabbitmq.connection (1/77)
[INFO] Compiler input baseline: 53 statically named fields
[INFO] Render hashes (run-local): 100 observed, 97 unique, 3 duplicate bundles; 3 successful validations reused
[INFO] Testing path $.image (2/77)
[INFO] Compiler input baseline: 53 statically named fields
[INFO] Render hashes (run-local): 22 observed, 19 unique, 3 duplicate bundles; 3 successful validations reused
[INFO] Testing path $.rabbitmq.configMapOverrideReference (3/77)
[INFO] Compiler input baseline: 53 statically named fields
[INFO] Render hashes (run-local): 24 observed, 21 unique, 3 duplicate bundles; 3 successful validations reused
[INFO] Testing path $.image.pullSecrets (4/77)
[INFO] Compiler input baseline: 53 statically named fields
[INFO] Render hashes (run-local): 56 observed, 35 unique, 21 duplicate bundles; 21 successful validations reused
[INFO] Testing path $.prometheus.monitor.targetLabels[*] (5/77)
[INFO] Compiler input baseline: 53 statically named fields
[INFO] Render hashes (run-local): 100 observed, 1 unique, 99 duplicate bundles; 99 successful validations reused
[INFO] Testing path $.nodeSelector (6/77)
[INFO] Compiler input baseline: 53 statically named fields
[INFO] Render hashes (run-local): 100 observed, 98 unique, 2 duplicate bundles; 2 successful validations reused
[INFO] Testing path $.rabbitmq.skip_vhost (7/77)
[INFO] Compiler input baseline: 53 statically named fields
[INFO] Render hashes (run-local): 100 observed, 97 unique, 3 duplicate bundles; 3 successful validations reused
[INFO] Testing path $.prometheus.rules (8/77)
[INFO] Compiler input baseline: 53 statically named fields
[INFO] Render hashes (run-local): 100 observed, 34 unique, 66 duplicate bundles; 66 successful validations reused
[INFO] Testing path $.image.pullSecrets[*] (9/77)
[INFO] Compiler input baseline: 53 statically named fields
/Users/emmadoyle/projects/personal/hypothesis-helm/.venv/lib/python3.13/site-packages/hypothesis/strategies/_internal/lazy.py:180: HypothesisWarning: Generating overly large repr. This is an expensive operation, and with a length of 42 kB is unlikely to be useful. Use -Wignore to ignore the warning, or -Werror to get a traceback.
  self.__representation = repr_call(
/Users/emmadoyle/projects/personal/hypothesis-helm/.venv/lib/python3.13/site-packages/hypothesis/strategies/_internal/lazy.py:180: HypothesisWarning: Generating overly large repr. This is an expensive operation, and with a length of 127 kB is unlikely to be useful. Use -Wignore to ignore the warning, or -Werror to get a traceback.
  self.__representation = repr_call(
[INFO] Render hashes (run-local): 20 observed, 9 unique, 11 duplicate bundles; 11 successful validations reused
[INFO] Testing path $.prometheus.rules.additionalRules[*].labels (10/77)
[INFO] Compiler input baseline: 53 statically named fields
[INFO] Render hashes (run-local): 100 observed, 1 unique, 99 duplicate bundles; 99 successful validations reused
[INFO] Testing path $.prometheus.rules.additionalRules (11/77)
[INFO] Compiler input baseline: 53 statically named fields
[INFO] Render hashes (run-local): 100 observed, 1 unique, 99 duplicate bundles; 99 successful validations reused
[INFO] Testing path $.prometheus.monitor.metricRelabelings (12/77)
[INFO] Compiler input baseline: 53 statically named fields
[INFO] Render hashes (run-local): 100 observed, 1 unique, 99 duplicate bundles; 99 successful validations reused
[INFO] Testing path $.service.type (13/77)
[INFO] Compiler input baseline: 53 statically named fields
[INFO] Render hashes (run-local): 24 observed, 21 unique, 3 duplicate bundles; 3 successful validations reused
[INFO] Testing path $.prometheus.rules.additionalRules[*].expr (14/77)
[INFO] Compiler input baseline: 53 statically named fields
[INFO] Render hashes (run-local): 100 observed, 1 unique, 99 duplicate bundles; 99 successful validations reused
[INFO] Testing path $.additionalAnnotations (15/77)
[INFO] Compiler input baseline: 53 statically named fields
[INFO] Render hashes (run-local): 3 observed, 3 unique, 0 duplicate bundles; 0 successful validations reused
[INFO] Testing path $.rabbitmq.existingUserSecret (16/77)
[INFO] Compiler input baseline: 53 statically named fields
[INFO] Render hashes (run-local): 88 observed, 55 unique, 33 duplicate bundles; 33 successful validations reused
[INFO] Testing path $.rabbitmq.output_format (17/77)
[INFO] Compiler input baseline: 53 statically named fields
[INFO] Render hashes (run-local): 100 observed, 97 unique, 3 duplicate bundles; 3 successful validations reused
[INFO] Testing path $.prometheus.monitor.metricRelabelings[*] (18/77)
[INFO] Compiler input baseline: 53 statically named fields
[INFO] Render hashes (run-local): 100 observed, 1 unique, 99 duplicate bundles; 99 successful validations reused
[INFO] Testing path $.rabbitmq.max_queues (19/77)
[INFO] Compiler input baseline: 53 statically named fields
[INFO] Render hashes (run-local): 100 observed, 100 unique, 0 duplicate bundles; 0 successful validations reused
[INFO] Testing path $.serviceAccount.annotations (20/77)
[INFO] Compiler input baseline: 53 statically named fields
[INFO] Render hashes (run-local): 3 observed, 3 unique, 0 duplicate bundles; 0 successful validations reused
[INFO] Testing path $.image.repository (21/77)
[INFO] Compiler input baseline: 53 statically named fields
[INFO] Render hashes (run-local): 76 observed, 76 unique, 0 duplicate bundles; 0 successful validations reused
[INFO] Testing path $.resources (22/77)
[INFO] Compiler input baseline: 53 statically named fields
[INFO] Render hashes (run-local): 100 observed, 98 unique, 2 duplicate bundles; 2 successful validations reused
[INFO] Testing path $.rabbitmq.capabilities (23/77)
[INFO] Compiler input baseline: 53 statically named fields
[INFO] Render hashes (run-local): 100 observed, 97 unique, 3 duplicate bundles; 3 successful validations reused
[INFO] Testing path $.rabbitmq.url (24/77)
[INFO] Compiler input baseline: 53 statically named fields
[INFO] Render hashes (run-local): 24 observed, 24 unique, 0 duplicate bundles; 0 successful validations reused
[INFO] Testing path $.prometheus.monitor.enabled (25/77)
[INFO] Compiler input baseline: 53 statically named fields
[INFO] Render hashes (run-local): 2 observed, 2 unique, 0 duplicate bundles; 0 successful validations reused
[INFO] Testing path $.prometheus.rules.additionalRules[*].annotations (26/77)
[INFO] Compiler input baseline: 53 statically named fields
[INFO] Render hashes (run-local): 100 observed, 1 unique, 99 duplicate bundles; 99 successful validations reused
[INFO] Testing path $.tolerations[*] (27/77)
[INFO] Compiler input baseline: 53 statically named fields
[INFO] Render hashes (run-local): 100 observed, 87 unique, 13 duplicate bundles; 13 successful validations reused
[INFO] Testing path $.tolerations (28/77)
[INFO] Compiler input baseline: 53 statically named fields
[INFO] Render hashes (run-local): 100 observed, 88 unique, 12 duplicate bundles; 12 successful validations reused
[INFO] Testing path $.prometheus.rules.additionalRules[*].alert (29/77)
[INFO] Compiler input baseline: 53 statically named fields
[INFO] Render hashes (run-local): 100 observed, 1 unique, 99 duplicate bundles; 99 successful validations reused
[INFO] Testing path $.rabbitmq.existingUserSecretKey (30/77)
[INFO] Compiler input baseline: 53 statically named fields
[INFO] Render hashes (run-local): 100 observed, 1 unique, 99 duplicate bundles; 99 successful validations reused
[INFO] Testing path $.rabbitmq.existingPasswordSecretKey (31/77)
[INFO] Compiler input baseline: 53 statically named fields
[INFO] Render hashes (run-local): 100 observed, 1 unique, 99 duplicate bundles; 82 successful validations reused
[INFO] Testing path $.rabbitmq.timeout (32/77)
[INFO] Compiler input baseline: 53 statically named fields
[INFO] Render hashes (run-local): 100 observed, 100 unique, 0 duplicate bundles; 0 successful validations reused
[INFO] Testing path $.rabbitmq.existingPasswordSecret (33/77)
[INFO] Compiler input baseline: 53 statically named fields
[INFO] Render hashes (run-local): 88 observed, 55 unique, 33 duplicate bundles; 0 successful validations reused
[INFO] Testing path $.prometheus.rules.additionalRules[*].annotations.summary (34/77)
[INFO] Compiler input baseline: 53 statically named fields
[INFO] Execution stopped at the 6.31923s time limit; coverage is incomplete
[INFO] Render hashes (run-local): 58 observed, 1 unique, 57 duplicate bundles; 0 successful validations reused
[INFO] .: failed; testing 300.21s; dependency preparation 0.06s; 0 charts remain
