[INFO] Chart 1/1: .
[INFO] Preparing dependencies for . (excluded from testing budgets)
[INFO] Finite filtering unavailable: permutations need closed objects at (); set additionalProperties: false; filtering generation before value-path traversal
[INFO] Coalescing path $.affinity
[INFO] Coalescing path $.annotations
[INFO] Coalescing path $.command
[INFO] Coalescing path $.env
[INFO] Coalescing path $.extraArgs
[INFO] Coalescing path $.extraManifests
[INFO] Coalescing path $.labels
[INFO] Coalescing path $.nodeSelector
[INFO] Coalescing path $.podSecurityContext
[INFO] Coalescing path $.priorityClassName
[INFO] Coalescing path $.redisAddress
[INFO] Coalescing path $.replicaCount
[INFO] Coalescing path $.resources
[INFO] Coalescing path $.script
[INFO] Coalescing path $.securityContext
[INFO] Coalescing path $.tolerations
[INFO] Coalescing path $.auth.enabled
[INFO] Coalescing path $.extraArgs[*]
[INFO] Coalescing path $.extraManifests[*]
[INFO] Coalescing path $.image.pullPolicy
[INFO] Coalescing path $.image.pullSecrets
[INFO] Coalescing path $.image.repository
[INFO] Coalescing path $.image.tag
[INFO] Coalescing path $.networkPolicy.enabled
[INFO] Coalescing path $.networkPolicy.ingressFrom
[INFO] Coalescing path $.prometheusRule.additionalLabels
[INFO] Coalescing path $.prometheusRule.enabled
[INFO] Coalescing path $.prometheusRule.namespace
[INFO] Coalescing path $.prometheusRule.rules
[INFO] Coalescing path $.rbac.create
[INFO] Coalescing path $.rbac.pspEnabled
[INFO] Coalescing path $.redisAddressConfig.enabled
[INFO] Coalescing path $.redisAddressConfig.isSecret
[INFO] Coalescing path $.redisTlsConfig.enabled
[INFO] Coalescing path $.redisTlsConfig.mountPath
[INFO] Coalescing path $.redisTlsConfig.skipTlsVerification
[INFO] Coalescing path $.script.configmap
[INFO] Coalescing path $.script.keyname
[INFO] Coalescing path $.service.annotations
[INFO] Coalescing path $.service.labels
[INFO] Coalescing path $.service.port
[INFO] Coalescing path $.service.portName
[INFO] Coalescing path $.service.type
[INFO] Coalescing path $.serviceAccount.create
[INFO] Coalescing path $.serviceMonitor.additionalLabels
[INFO] Coalescing path $.serviceMonitor.additionalMetricsRelabels
[INFO] Coalescing path $.serviceMonitor.additionalRelabeling
[INFO] Coalescing path $.serviceMonitor.apiVersion
[INFO] Coalescing path $.serviceMonitor.bearerTokenFile
[INFO] Coalescing path $.serviceMonitor.enabled
[INFO] Coalescing path $.serviceMonitor.interval
[INFO] Coalescing path $.serviceMonitor.labels
[INFO] Coalescing path $.serviceMonitor.metricRelabelings
[INFO] Coalescing path $.serviceMonitor.multipleTarget
[INFO] Coalescing path $.serviceMonitor.namespace
[INFO] Coalescing path $.serviceMonitor.relabelings
[INFO] Coalescing path $.serviceMonitor.scheme
[INFO] Coalescing path $.serviceMonitor.scrapeTimeout
[INFO] Coalescing path $.serviceMonitor.targetLabels
[INFO] Coalescing path $.serviceMonitor.targets
[INFO] Coalescing path $.serviceMonitor.telemetryPath
[INFO] Coalescing path $.serviceMonitor.timeout
[INFO] Coalescing path $.serviceMonitor.tlsConfig
[INFO] Coalescing path $.auth.redisPasswordFile.mountPath
[INFO] Coalescing path $.image.pullSecrets[*]
[INFO] Coalescing path $.redisAddressConfig.source.key
[INFO] Coalescing path $.redisAddressConfig.source.name
[INFO] Coalescing path $.serviceMonitor.targetLabels[*]
[INFO] Coalescing path $.auth.redisPasswordFile.secret.key
[INFO] Coalescing path $.auth.redisPasswordFile.secret.name
[INFO] Coalescing path $.redisTlsConfig.caCertFile.secret.key
[INFO] Coalescing path $.redisTlsConfig.caCertFile.secret.name
[INFO] Coalescing path $.redisTlsConfig.clientCertFile.secret.key
[INFO] Coalescing path $.redisTlsConfig.clientCertFile.secret.name
[INFO] Coalescing path $.redisTlsConfig.clientKeyFile.secret.key
[INFO] Coalescing path $.redisTlsConfig.clientKeyFile.secret.name
[INFO] Coalescing path $.redisTlsConfig.serverCertFile.secret.key
[INFO] Coalescing path $.redisTlsConfig.serverCertFile.secret.name
[INFO] Coalescing path $.redisTlsConfig.serverKeyFile.secret.key
[INFO] Coalescing path $.redisTlsConfig.serverKeyFile.secret.name
[INFO] Coalescing path $.serviceMonitor.targets[*].additionalMetricsRelabels
[INFO] Coalescing path $.serviceMonitor.targets[*].additionalRelabeling
[INFO] Coalescing path $.serviceMonitor.targets[*].interval
[INFO] Coalescing path $.serviceMonitor.targets[*].name
[INFO] Coalescing path $.serviceMonitor.targets[*].scrapeTimeout
[INFO] Coalescing path $.serviceMonitor.targets[*].url
[INFO] Discovered 114 unique value paths; random traversal, seed 0
[INFO] Testing path $.serviceMonitor.additionalLabels (1/114)
[INFO] Compiler input baseline: 75 statically named fields
[INFO] Render hashes (run-local): 100 observed, 1 unique, 99 duplicate bundles; 99 successful validations reused
[INFO] Testing path $.redisTlsConfig.clientCertFile.secret.name (2/114)
[INFO] Compiler input baseline: 75 statically named fields
[INFO] Render hashes (run-local): 100 observed, 1 unique, 99 duplicate bundles; 99 successful validations reused
[INFO] Testing path $.customLabels (3/114)
[INFO] Compiler input baseline: 75 statically named fields
[INFO] Render hashes (run-local): 100 observed, 98 unique, 2 duplicate bundles; 2 successful validations reused
[INFO] Testing path $.image (4/114)
[INFO] Compiler input baseline: 75 statically named fields
[INFO] Render hashes (run-local): 22 observed, 19 unique, 3 duplicate bundles; 3 successful validations reused
[INFO] Testing path $.script.keyname (5/114)
[INFO] Compiler input baseline: 75 statically named fields
/Users/emmadoyle/projects/personal/hypothesis-helm/.venv/lib/python3.13/site-packages/hypothesis/strategies/_internal/lazy.py:180: HypothesisWarning: Generating overly large repr. This is an expensive operation, and with a length of 42 kB is unlikely to be useful. Use -Wignore to ignore the warning, or -Werror to get a traceback.
  self.__representation = repr_call(
/Users/emmadoyle/projects/personal/hypothesis-helm/.venv/lib/python3.13/site-packages/hypothesis/strategies/_internal/lazy.py:180: HypothesisWarning: Generating overly large repr. This is an expensive operation, and with a length of 127 kB is unlikely to be useful. Use -Wignore to ignore the warning, or -Werror to get a traceback.
  self.__representation = repr_call(
[INFO] Render hashes (run-local): 69 observed, 30 unique, 39 duplicate bundles; 39 successful validations reused
[INFO] Testing path $.redisAddressConfig.enabled (6/114)
[INFO] Compiler input baseline: 75 statically named fields
[INFO] Render hashes (run-local): 2 observed, 2 unique, 0 duplicate bundles; 0 successful validations reused
[INFO] Testing path $.auth.redisPasswordFile.mountPath (7/114)
[INFO] Compiler input baseline: 75 statically named fields
[INFO] Render hashes (run-local): 100 observed, 1 unique, 99 duplicate bundles; 99 successful validations reused
[INFO] Testing path $.extraManifests (8/114)
[INFO] Compiler input baseline: 75 statically named fields
[INFO] Render hashes (run-local): 4 observed, 2 unique, 2 duplicate bundles; 1 successful validations reused
[INFO] Testing path $.image.pullSecrets (9/114)
[INFO] Compiler input baseline: 75 statically named fields
[INFO] Render hashes (run-local): 56 observed, 35 unique, 21 duplicate bundles; 21 successful validations reused
[INFO] Testing path $.nodeSelector (10/114)
[INFO] Compiler input baseline: 75 statically named fields
[INFO] Render hashes (run-local): 100 observed, 98 unique, 2 duplicate bundles; 2 successful validations reused
[INFO] Testing path $.service.port (11/114)
[INFO] Compiler input baseline: 75 statically named fields
[INFO] Render hashes (run-local): 100 observed, 100 unique, 0 duplicate bundles; 0 successful validations reused
[INFO] Testing path $.script (12/114)
[INFO] Compiler input baseline: 75 statically named fields
[INFO] Render hashes (run-local): 187 observed, 21 unique, 166 duplicate bundles; 166 successful validations reused
[INFO] Testing path $.securityContext (13/114)
[INFO] Compiler input baseline: 75 statically named fields
[INFO] Render hashes (run-local): 100 observed, 98 unique, 2 duplicate bundles; 2 successful validations reused
[INFO] Testing path $.auth (14/114)
[INFO] Compiler input baseline: 75 statically named fields
[INFO] Render hashes (run-local): 100 observed, 19 unique, 81 duplicate bundles; 81 successful validations reused
[INFO] Testing path $.podSecurityContext (15/114)
[INFO] Compiler input baseline: 75 statically named fields
[INFO] Render hashes (run-local): 100 observed, 98 unique, 2 duplicate bundles; 2 successful validations reused
[INFO] Testing path $.redisAddressConfig.source.key (16/114)
[INFO] Compiler input baseline: 75 statically named fields
[INFO] Render hashes (run-local): 100 observed, 1 unique, 99 duplicate bundles; 99 successful validations reused
[INFO] Testing path $.image.pullSecrets[*] (17/114)
[INFO] Compiler input baseline: 75 statically named fields
[INFO] Render hashes (run-local): 20 observed, 9 unique, 11 duplicate bundles; 11 successful validations reused
[INFO] Testing path $.service.type (18/114)
[INFO] Compiler input baseline: 75 statically named fields
[INFO] Render hashes (run-local): 24 observed, 21 unique, 3 duplicate bundles; 3 successful validations reused
[INFO] Testing path $.prometheusRule (19/114)
[INFO] Compiler input baseline: 75 statically named fields
[INFO] Render hashes (run-local): 38 observed, 14 unique, 24 duplicate bundles; 24 successful validations reused
[INFO] Testing path $.redisTlsConfig.caCertFile.secret.key (20/114)
[INFO] Compiler input baseline: 75 statically named fields
[INFO] Render hashes (run-local): 100 observed, 1 unique, 99 duplicate bundles; 99 successful validations reused
[INFO] Testing path $.serviceMonitor.relabelings (21/114)
[INFO] Compiler input baseline: 75 statically named fields
[INFO] Render hashes (run-local): 100 observed, 1 unique, 99 duplicate bundles; 99 successful validations reused
[INFO] Testing path $.serviceMonitor.bearerTokenFile (22/114)
[INFO] Compiler input baseline: 75 statically named fields
[INFO] Render hashes (run-local): 100 observed, 1 unique, 99 duplicate bundles; 99 successful validations reused
[INFO] Testing path $.serviceMonitor.additionalMetricsRelabels (23/114)
[INFO] Compiler input baseline: 75 statically named fields
[INFO] Render hashes (run-local): 100 observed, 1 unique, 99 duplicate bundles; 99 successful validations reused
[INFO] Testing path $.auth.redisPasswordFile.secret.name (24/114)
[INFO] Compiler input baseline: 75 statically named fields
[INFO] Render hashes (run-local): 100 observed, 1 unique, 99 duplicate bundles; 99 successful validations reused
[INFO] Testing path $.prometheusRule.additionalLabels (25/114)
[INFO] Compiler input baseline: 75 statically named fields
[INFO] Render hashes (run-local): 100 observed, 1 unique, 99 duplicate bundles; 99 successful validations reused
[INFO] Testing path $.redisTlsConfig.serverKeyFile (26/114)
[INFO] Compiler input baseline: 75 statically named fields
[INFO] Render hashes (run-local): 100 observed, 1 unique, 99 duplicate bundles; 99 successful validations reused
[INFO] Testing path $.serviceMonitor.telemetryPath (27/114)
[INFO] Compiler input baseline: 75 statically named fields
[INFO] Render hashes (run-local): 100 observed, 1 unique, 99 duplicate bundles; 28 successful validations reused
[INFO] Testing path $.auth.redisPassword (28/114)
[INFO] Compiler input baseline: 75 statically named fields
[INFO] Render hashes (run-local): 100 observed, 1 unique, 99 duplicate bundles; 0 successful validations reused
[INFO] Testing path $.redisAddressConfig (29/114)
[INFO] Compiler input baseline: 75 statically named fields
[INFO] Execution stopped at the 10.3203s time limit; coverage is incomplete
[INFO] Render hashes (run-local): 71 observed, 22 unique, 49 duplicate bundles; 0 successful validations reused
[INFO] .: failed; testing 300.25s; dependency preparation 0.05s; 0 charts remain
