[INFO] Chart 1/1: .
[INFO] Preparing dependencies for . (excluded from testing budgets)
[INFO] Finite filtering unavailable: permutations need closed objects at (); set additionalProperties: false; filtering generation before value-path traversal
[INFO] Coalescing path $.affinity
[INFO] Coalescing path $.annotations
[INFO] Coalescing path $.config
[INFO] Coalescing path $.extraArgs
[INFO] Coalescing path $.extraInstances
[INFO] Coalescing path $.hostNetwork
[INFO] Coalescing path $.nodeSelector
[INFO] Coalescing path $.podAnnotations
[INFO] Coalescing path $.podLabels
[INFO] Coalescing path $.priorityClassName
[INFO] Coalescing path $.prometheusRules
[INFO] Coalescing path $.resources
[INFO] Coalescing path $.serviceMonitor
[INFO] Coalescing path $.tolerations
[INFO] Coalescing path $.updateStrategy
[INFO] Coalescing path $.common.config
[INFO] Coalescing path $.image.pullPolicy
[INFO] Coalescing path $.image.pullSecrets
[INFO] Coalescing path $.image.repository
[INFO] Coalescing path $.image.tag
[INFO] Coalescing path $.prometheusRules.enabled
[INFO] Coalescing path $.prometheusRules.extraLabels
[INFO] Coalescing path $.prometheusRules.namespace
[INFO] Coalescing path $.prometheusRules.rules
[INFO] Coalescing path $.rbac.create
[INFO] Coalescing path $.rbac.podSecurityPolicy
[INFO] Coalescing path $.service.port
[INFO] Coalescing path $.service.type
[INFO] Coalescing path $.serviceAccount.annotations
[INFO] Coalescing path $.serviceAccount.create
[INFO] Coalescing path $.serviceMonitor.attachMetadata
[INFO] Coalescing path $.serviceMonitor.enabled
[INFO] Coalescing path $.serviceMonitor.extraLabels
[INFO] Coalescing path $.serviceMonitor.interval
[INFO] Coalescing path $.serviceMonitor.metricRelabelings
[INFO] Coalescing path $.serviceMonitor.namespace
[INFO] Coalescing path $.serviceMonitor.relabelings
[INFO] Coalescing path $.serviceMonitor.scrapeTimeout
[INFO] Coalescing path $.image.pullSecrets[*]
[INFO] Coalescing path $.service.ipDualStack.enabled
[INFO] Coalescing path $.service.ipDualStack.ipFamilies
[INFO] Coalescing path $.service.ipDualStack.ipFamilyPolicy
[INFO] Coalescing path $.prometheusRules.rules[*].alert
[INFO] Coalescing path $.prometheusRules.rules[*].annotations
[INFO] Coalescing path $.prometheusRules.rules[*].enabled
[INFO] Coalescing path $.prometheusRules.rules[*].expr
[INFO] Coalescing path $.prometheusRules.rules[*].for
[INFO] Coalescing path $.prometheusRules.rules[*].keep_firing_for
[INFO] Coalescing path $.prometheusRules.rules[*].labels
[INFO] Discovered 124 unique value paths; random traversal, seed 0
[INFO] Testing path $.prometheusRules.rules.smartCTLDeviceCriticalWarning.alert (1/124)
[INFO] Compiler input baseline: 39 statically named fields
[INFO] Render hashes (run-local): 100 observed, 1 unique, 99 duplicate bundles; 99 successful validations reused
[INFO] Testing path $.prometheusRules.rules.smartCTLDInterfaceSlow.annotations (2/124)
[INFO] Compiler input baseline: 39 statically named fields
[INFO] Render hashes (run-local): 100 observed, 1 unique, 99 duplicate bundles; 99 successful validations reused
[INFO] Testing path $.prometheusRules.rules.smartCTLDInterfaceSlow.labels (3/124)
[INFO] Compiler input baseline: 39 statically named fields
[INFO] Render hashes (run-local): 100 observed, 1 unique, 99 duplicate bundles; 99 successful validations reused
[INFO] Testing path $.prometheusRules.rules.smartCTLDeviceStatus.alert (4/124)
[INFO] Compiler input baseline: 39 statically named fields
[INFO] Render hashes (run-local): 100 observed, 1 unique, 99 duplicate bundles; 99 successful validations reused
[INFO] Testing path $.image (5/124)
[INFO] Compiler input baseline: 39 statically named fields
[INFO] Render hashes (run-local): 22 observed, 19 unique, 3 duplicate bundles; 3 successful validations reused
[INFO] Testing path $.prometheusRules.rules.smartCTLDeviceCriticalWarning.expr (6/124)
[INFO] Compiler input baseline: 39 statically named fields
[INFO] Render hashes (run-local): 100 observed, 1 unique, 99 duplicate bundles; 99 successful validations reused
[INFO] Testing path $.service.ipDualStack.ipFamilies[*] (7/124)
[INFO] Compiler input baseline: 39 statically named fields
[INFO] Render hashes (run-local): 100 observed, 1 unique, 99 duplicate bundles; 99 successful validations reused
[INFO] Testing path $.prometheusRules.rules.smartCTLDeviceStatus.annotations.summary (8/124)
[INFO] Compiler input baseline: 39 statically named fields
[INFO] Render hashes (run-local): 100 observed, 1 unique, 99 duplicate bundles; 99 successful validations reused
[INFO] Testing path $.prometheusRules.rules.smartCTLDeviceMediaErrors.labels.severity (9/124)
[INFO] Compiler input baseline: 39 statically named fields
[INFO] Render hashes (run-local): 100 observed, 1 unique, 99 duplicate bundles; 99 successful validations reused
[INFO] Testing path $.image.pullSecrets (10/124)
[INFO] Compiler input baseline: 39 statically named fields
[INFO] Render hashes (run-local): 56 observed, 35 unique, 21 duplicate bundles; 21 successful validations reused
[INFO] Testing path $.nodeSelector (11/124)
[INFO] Compiler input baseline: 39 statically named fields
[INFO] Render hashes (run-local): 100 observed, 98 unique, 2 duplicate bundles; 2 successful validations reused
[INFO] Testing path $.prometheusRules.rules.smartCTLDeviceMediaErrors.annotations.description (12/124)
[INFO] Compiler input baseline: 39 statically named fields
[INFO] Render hashes (run-local): 100 observed, 1 unique, 99 duplicate bundles; 99 successful validations reused
[INFO] Testing path $.service.port (13/124)
[INFO] Compiler input baseline: 39 statically named fields
[INFO] Render hashes (run-local): 100 observed, 100 unique, 0 duplicate bundles; 0 successful validations reused
[INFO] Testing path $.prometheusRules.extraLabels (14/124)
[INFO] Compiler input baseline: 39 statically named fields
[INFO] Render hashes (run-local): 100 observed, 1 unique, 99 duplicate bundles; 99 successful validations reused
[INFO] Testing path $.updateStrategy (15/124)
[INFO] Compiler input baseline: 39 statically named fields
[INFO] Render hashes (run-local): 100 observed, 90 unique, 10 duplicate bundles; 10 successful validations reused
[INFO] Testing path $.updateStrategy.rollingUpdate (16/124)
[INFO] Compiler input baseline: 39 statically named fields
[INFO] Render hashes (run-local): 100 observed, 100 unique, 0 duplicate bundles; 0 successful validations reused
[INFO] Testing path $.prometheusRules.rules.smartCTLDInterfaceSlow (17/124)
[INFO] Compiler input baseline: 39 statically named fields
[INFO] Render hashes (run-local): 100 observed, 1 unique, 99 duplicate bundles; 99 successful validations reused
[INFO] Testing path $.config (18/124)
[INFO] Compiler input baseline: 39 statically named fields
[INFO] Render hashes (run-local): 100 observed, 1 unique, 99 duplicate bundles; 99 successful validations reused
[INFO] Testing path $.image.pullSecrets[*] (19/124)
[INFO] Compiler input baseline: 39 statically named fields
/Users/emmadoyle/projects/personal/hypothesis-helm/.venv/lib/python3.13/site-packages/hypothesis/strategies/_internal/lazy.py:180: HypothesisWarning: Generating overly large repr. This is an expensive operation, and with a length of 42 kB is unlikely to be useful. Use -Wignore to ignore the warning, or -Werror to get a traceback.
  self.__representation = repr_call(
/Users/emmadoyle/projects/personal/hypothesis-helm/.venv/lib/python3.13/site-packages/hypothesis/strategies/_internal/lazy.py:180: HypothesisWarning: Generating overly large repr. This is an expensive operation, and with a length of 127 kB is unlikely to be useful. Use -Wignore to ignore the warning, or -Werror to get a traceback.
  self.__representation = repr_call(
[INFO] Render hashes (run-local): 20 observed, 9 unique, 11 duplicate bundles; 11 successful validations reused
[INFO] Testing path $.common (20/124)
[INFO] Compiler input baseline: 39 statically named fields
[INFO] Render hashes (run-local): 77 observed, 11 unique, 66 duplicate bundles; 66 successful validations reused
[INFO] Testing path $.prometheusRules (21/124)
[INFO] Compiler input baseline: 39 statically named fields
[INFO] Render hashes (run-local): 334 observed, 7 unique, 327 duplicate bundles; 327 successful validations reused
[INFO] Testing path $.service.type (22/124)
[INFO] Compiler input baseline: 39 statically named fields
[INFO] Render hashes (run-local): 24 observed, 21 unique, 3 duplicate bundles; 3 successful validations reused
[INFO] Testing path $.hostNetwork (23/124)
[INFO] Compiler input baseline: 39 statically named fields
[INFO] Render hashes (run-local): 2 observed, 2 unique, 0 duplicate bundles; 0 successful validations reused
[INFO] Testing path $.prometheusRules.rules.smartCTLDeviceStatus.for (24/124)
[INFO] Compiler input baseline: 39 statically named fields
[INFO] Render hashes (run-local): 100 observed, 1 unique, 99 duplicate bundles; 99 successful validations reused
[INFO] Testing path $.serviceMonitor.relabelings (25/124)
[INFO] Compiler input baseline: 39 statically named fields
[INFO] Render hashes (run-local): 100 observed, 1 unique, 99 duplicate bundles; 15 successful validations reused
[INFO] Testing path $.prometheusRules.rules.smartCTLDInterfaceSlow.expr (26/124)
[INFO] Compiler input baseline: 39 statically named fields
[INFO] Render hashes (run-local): 100 observed, 1 unique, 99 duplicate bundles; 0 successful validations reused
[INFO] Testing path $.prometheusRules.namespace (27/124)
[INFO] Compiler input baseline: 39 statically named fields
[INFO] Execution stopped at the 9.62704s time limit; coverage is incomplete
[INFO] Render hashes (run-local): 89 observed, 1 unique, 88 duplicate bundles; 0 successful validations reused
[INFO] .: failed; testing 300.21s; dependency preparation 0.05s; 0 charts remain
