[INFO] Chart 1/1: .
[INFO] Preparing dependencies for . (excluded from testing budgets)
[INFO] Finite filtering unavailable: permutations need closed objects at (); set additionalProperties: false; filtering generation before value-path traversal
[INFO] Coalescing path $.affinity
[INFO] Coalescing path $.config
[INFO] Coalescing path $.containerSecurityContext
[INFO] Coalescing path $.envFrom
[INFO] Coalescing path $.extraArgs
[INFO] Coalescing path $.extraConfigmapMounts
[INFO] Coalescing path $.extraInitContainers
[INFO] Coalescing path $.extraManifests
[INFO] Coalescing path $.extraSecretMounts
[INFO] Coalescing path $.extraVolumeMounts
[INFO] Coalescing path $.extraVolumes
[INFO] Coalescing path $.imagePullSecrets
[INFO] Coalescing path $.kind
[INFO] Coalescing path $.livenessProbe
[INFO] Coalescing path $.nodeSelector
[INFO] Coalescing path $.podAnnotations
[INFO] Coalescing path $.podLabels
[INFO] Coalescing path $.priorityClassName
[INFO] Coalescing path $.readinessProbe
[INFO] Coalescing path $.replicas
[INFO] Coalescing path $.resources
[INFO] Coalescing path $.restartPolicy
[INFO] Coalescing path $.revisionHistoryLimit
[INFO] Coalescing path $.route
[INFO] Coalescing path $.securityContext
[INFO] Coalescing path $.strategy
[INFO] Coalescing path $.tolerations
[INFO] Coalescing path $.topologySpreadConstraints
[INFO] Coalescing path $.configmapReload.containerSecurityContext
[INFO] Coalescing path $.configmapReload.enabled
[INFO] Coalescing path $.configmapReload.extraArgs
[INFO] Coalescing path $.configmapReload.extraVolumeMounts
[INFO] Coalescing path $.configmapReload.resources
[INFO] Coalescing path $.extraManifests[*]
[INFO] Coalescing path $.image.pullPolicy
[INFO] Coalescing path $.image.repository
[INFO] Coalescing path $.image.tag
[INFO] Coalescing path $.ingress.annotations
[INFO] Coalescing path $.ingress.className
[INFO] Coalescing path $.ingress.enabled
[INFO] Coalescing path $.ingress.hosts
[INFO] Coalescing path $.ingress.pathType
[INFO] Coalescing path $.ingress.tls
[INFO] Coalescing path $.rbac.create
[INFO] Coalescing path $.service.annotations
[INFO] Coalescing path $.service.externalIPs
[INFO] Coalescing path $.service.labels
[INFO] Coalescing path $.service.port
[INFO] Coalescing path $.service.type
[INFO] Coalescing path $.serviceAccount.create
[INFO] Coalescing path $.serviceMonitor.additionalMetricsRelabelConfigs
[INFO] Coalescing path $.serviceMonitor.additionalMetricsRelabels
[INFO] Coalescing path $.serviceMonitor.auth
[INFO] Coalescing path $.serviceMonitor.enabled
[INFO] Coalescing path $.serviceMonitor.honorLabels
[INFO] Coalescing path $.serviceMonitor.interval
[INFO] Coalescing path $.serviceMonitor.module
[INFO] Coalescing path $.serviceMonitor.namespace
[INFO] Coalescing path $.serviceMonitor.params
[INFO] Coalescing path $.serviceMonitor.path
[INFO] Coalescing path $.serviceMonitor.relabelings
[INFO] Coalescing path $.serviceMonitor.scrapeTimeout
[INFO] Coalescing path $.serviceMonitor.selector
[INFO] Coalescing path $.configmapReload.image.pullPolicy
[INFO] Coalescing path $.configmapReload.image.repository
[INFO] Coalescing path $.configmapReload.image.tag
[INFO] Coalescing path $.extraConfigmapMounts[*].configMap
[INFO] Coalescing path $.extraConfigmapMounts[*].defaultMode
[INFO] Coalescing path $.extraConfigmapMounts[*].mountPath
[INFO] Coalescing path $.extraConfigmapMounts[*].name
[INFO] Coalescing path $.extraConfigmapMounts[*].readOnly
[INFO] Coalescing path $.extraConfigmapMounts[*].subPath
[INFO] Coalescing path $.extraSecretMounts[*].defaultMode
[INFO] Coalescing path $.extraSecretMounts[*].mountPath
[INFO] Coalescing path $.extraSecretMounts[*].name
[INFO] Coalescing path $.extraSecretMounts[*].readOnly
[INFO] Coalescing path $.extraSecretMounts[*].secretName
[INFO] Coalescing path $.extraSecretMounts[*].subPath
[INFO] Coalescing path $.ingress.hosts[*]
[INFO] Coalescing path $.route[*].additionalRules
[INFO] Coalescing path $.route[*].annotations
[INFO] Coalescing path $.route[*].apiVersion
[INFO] Coalescing path $.route[*].enabled
[INFO] Coalescing path $.route[*].filters
[INFO] Coalescing path $.route[*].hostnames
[INFO] Coalescing path $.route[*].httpsRedirect
[INFO] Coalescing path $.route[*].kind
[INFO] Coalescing path $.route[*].labels
[INFO] Coalescing path $.route[*].matches
[INFO] Coalescing path $.route[*].name
[INFO] Coalescing path $.route[*].parentRefs
[INFO] Coalescing path $.service.ipDualStack.enabled
[INFO] Coalescing path $.service.ipDualStack.ipFamilies
[INFO] Coalescing path $.service.ipDualStack.ipFamilyPolicy
[INFO] Coalescing path $.serviceMonitor.selfMonitor.additionalMetricsRelabels
[INFO] Coalescing path $.serviceMonitor.selfMonitor.additionalRelabeling
[INFO] Coalescing path $.serviceMonitor.selfMonitor.enabled
[INFO] Coalescing path $.serviceMonitor.selfMonitor.interval
[INFO] Coalescing path $.serviceMonitor.selfMonitor.labels
[INFO] Coalescing path $.serviceMonitor.selfMonitor.path
[INFO] Coalescing path $.serviceMonitor.selfMonitor.port
[INFO] Coalescing path $.serviceMonitor.selfMonitor.scheme
[INFO] Coalescing path $.serviceMonitor.selfMonitor.scrapeTimeout
[INFO] Coalescing path $.serviceMonitor.selfMonitor.tlsConfig
[INFO] Coalescing path $.serviceMonitor.params[*].additionalMetricsRelabelConfigs
[INFO] Coalescing path $.serviceMonitor.params[*].additionalMetricsRelabels
[INFO] Coalescing path $.serviceMonitor.params[*].auth
[INFO] Coalescing path $.serviceMonitor.params[*].interval
[INFO] Coalescing path $.serviceMonitor.params[*].labels
[INFO] Coalescing path $.serviceMonitor.params[*].module
[INFO] Coalescing path $.serviceMonitor.params[*].name
[INFO] Coalescing path $.serviceMonitor.params[*].relabelings
[INFO] Coalescing path $.serviceMonitor.params[*].scrapeTimeout
[INFO] Coalescing path $.serviceMonitor.params[*].target
[INFO] Discovered 149 unique value paths; random traversal, seed 0
[INFO] Testing path $.topologySpreadConstraints[*] (1/149)
[INFO] Compiler input baseline: 78 statically named fields
[INFO] Render hashes (run-local): 100 observed, 87 unique, 13 duplicate bundles; 13 successful validations reused
[INFO] Testing path $.route.main.name (2/149)
[INFO] Compiler input baseline: 78 statically named fields
[INFO] Render hashes (run-local): 100 observed, 1 unique, 99 duplicate bundles; 99 successful validations reused
[INFO] Testing path $.customLabels (3/149)
[INFO] Compiler input baseline: 78 statically named fields
[INFO] Render hashes (run-local): 100 observed, 98 unique, 2 duplicate bundles; 2 successful validations reused
[INFO] Testing path $.image (4/149)
[INFO] Compiler input baseline: 78 statically named fields
[INFO] Render hashes (run-local): 17 observed, 15 unique, 2 duplicate bundles; 2 successful validations reused
[INFO] Testing path $.service.ipDualStack.ipFamilies[*] (5/149)
[INFO] Compiler input baseline: 78 statically named fields
[INFO] Render hashes (run-local): 100 observed, 1 unique, 99 duplicate bundles; 99 successful validations reused
[INFO] Testing path $.readinessProbe.httpGet.path (6/149)
[INFO] Compiler input baseline: 78 statically named fields
[INFO] Render hashes (run-local): 100 observed, 97 unique, 3 duplicate bundles; 3 successful validations reused
[INFO] Testing path $.strategy.type (7/149)
[INFO] Compiler input baseline: 78 statically named fields
[INFO] Render hashes (run-local): 100 observed, 97 unique, 3 duplicate bundles; 3 successful validations reused
[INFO] Testing path $.extraManifests (8/149)
[INFO] Compiler input baseline: 78 statically named fields
[INFO] Render hashes (run-local): 1 observed, 1 unique, 0 duplicate bundles; 0 successful validations reused
[INFO] Testing path $.nodeSelector (9/149)
[INFO] Compiler input baseline: 78 statically named fields
[INFO] Render hashes (run-local): 100 observed, 98 unique, 2 duplicate bundles; 2 successful validations reused
[INFO] Testing path $.service.port (10/149)
[INFO] Compiler input baseline: 78 statically named fields
[INFO] Render hashes (run-local): 100 observed, 100 unique, 0 duplicate bundles; 0 successful validations reused
[INFO] Testing path $.configmapReload (11/149)
[INFO] Compiler input baseline: 78 statically named fields
[INFO] Render hashes (run-local): 100 observed, 32 unique, 68 duplicate bundles; 68 successful validations reused
[INFO] Testing path $.imagePullSecrets (12/149)
[INFO] Compiler input baseline: 78 statically named fields
[INFO] Render hashes (run-local): 100 observed, 88 unique, 12 duplicate bundles; 12 successful validations reused
[INFO] Testing path $.serviceMonitor.selfMonitor.tlsConfig (13/149)
[INFO] Compiler input baseline: 78 statically named fields
[INFO] Render hashes (run-local): 100 observed, 1 unique, 99 duplicate bundles; 99 successful validations reused
[INFO] Testing path $.route.main.httpsRedirect (14/149)
[INFO] Compiler input baseline: 78 statically named fields
[INFO] Render hashes (run-local): 2 observed, 1 unique, 1 duplicate bundles; 1 successful validations reused
[INFO] Testing path $.securityContext (15/149)
[INFO] Compiler input baseline: 78 statically named fields
[INFO] Render hashes (run-local): 100 observed, 98 unique, 2 duplicate bundles; 2 successful validations reused
[INFO] Testing path $.config (16/149)
[INFO] Compiler input baseline: 78 statically named fields
/Users/emmadoyle/projects/personal/hypothesis-helm/.venv/lib/python3.13/site-packages/hypothesis/strategies/_internal/lazy.py:180: HypothesisWarning: Generating overly large repr. This is an expensive operation, and with a length of 42 kB is unlikely to be useful. Use -Wignore to ignore the warning, or -Werror to get a traceback.
  self.__representation = repr_call(
/Users/emmadoyle/projects/personal/hypothesis-helm/.venv/lib/python3.13/site-packages/hypothesis/strategies/_internal/lazy.py:180: HypothesisWarning: Generating overly large repr. This is an expensive operation, and with a length of 127 kB is unlikely to be useful. Use -Wignore to ignore the warning, or -Werror to get a traceback.
  self.__representation = repr_call(
[INFO] Render hashes (run-local): 5 observed, 1 unique, 4 duplicate bundles; 4 successful validations reused
[INFO] Testing path $.configmapReload.extraArgs[*] (17/149)
[INFO] Compiler input baseline: 78 statically named fields
[INFO] Render hashes (run-local): 100 observed, 1 unique, 99 duplicate bundles; 99 successful validations reused
[INFO] Testing path $.route.main (18/149)
[INFO] Compiler input baseline: 78 statically named fields
[INFO] Render hashes (run-local): 84 observed, 9 unique, 75 duplicate bundles; 65 successful validations reused
[INFO] Testing path $.route.main.hostnames[*] (19/149)
[INFO] Compiler input baseline: 78 statically named fields
[INFO] Render hashes (run-local): 100 observed, 1 unique, 99 duplicate bundles; 99 successful validations reused
[INFO] Testing path $.route.main.filters (20/149)
[INFO] Compiler input baseline: 78 statically named fields
[INFO] Render hashes (run-local): 100 observed, 1 unique, 99 duplicate bundles; 99 successful validations reused
[INFO] Testing path $.service.type (21/149)
[INFO] Compiler input baseline: 78 statically named fields
[INFO] Render hashes (run-local): 24 observed, 21 unique, 3 duplicate bundles; 3 successful validations reused
[INFO] Testing path $.serviceMonitor.relabelings (22/149)
[INFO] Compiler input baseline: 78 statically named fields
[INFO] Render hashes (run-local): 100 observed, 1 unique, 99 duplicate bundles; 99 successful validations reused
[INFO] Testing path $.serviceMonitor.additionalMetricsRelabels (23/149)
[INFO] Compiler input baseline: 78 statically named fields
[INFO] Render hashes (run-local): 100 observed, 1 unique, 99 duplicate bundles; 99 successful validations reused
[INFO] Testing path $.serviceMonitor.selfMonitor.scheme (24/149)
[INFO] Compiler input baseline: 78 statically named fields
[INFO] Render hashes (run-local): 100 observed, 1 unique, 99 duplicate bundles; 13 successful validations reused
[INFO] Testing path $.route.main.parentRefs[*] (25/149)
[INFO] Compiler input baseline: 78 statically named fields
[INFO] Render hashes (run-local): 100 observed, 1 unique, 99 duplicate bundles; 0 successful validations reused
[INFO] Testing path $.configmapReload.extraArgs (26/149)
[INFO] Compiler input baseline: 78 statically named fields
[INFO] Execution stopped at the 5.30847s time limit; coverage is incomplete
[INFO] Render hashes (run-local): 35 observed, 1 unique, 34 duplicate bundles; 0 successful validations reused
[INFO] .: failed; testing 300.30s; dependency preparation 0.04s; 0 charts remain
