[INFO] Chart 1/1: .
[INFO] Preparing dependencies for . (excluded from testing budgets)
[INFO] Finite filtering unavailable: permutations need closed objects at (); set additionalProperties: false; filtering generation before value-path traversal
[INFO] Coalescing path $.affinity
[INFO] Coalescing path $.config
[INFO] Coalescing path $.configmaps
[INFO] Coalescing path $.containerSecurityContext
[INFO] Coalescing path $.daemonsetAnnotations
[INFO] Coalescing path $.dnsConfig
[INFO] Coalescing path $.env
[INFO] Coalescing path $.extraArgs
[INFO] Coalescing path $.extraHostVolumeMounts
[INFO] Coalescing path $.extraInitContainers
[INFO] Coalescing path $.hostNetwork
[INFO] Coalescing path $.hostPID
[INFO] Coalescing path $.imagePullSecrets
[INFO] Coalescing path $.nodeSelector
[INFO] Coalescing path $.podAnnotations
[INFO] Coalescing path $.priorityClassName
[INFO] Coalescing path $.resources
[INFO] Coalescing path $.secrets
[INFO] Coalescing path $.securityContext
[INFO] Coalescing path $.sidecarHostVolumeMounts
[INFO] Coalescing path $.sidecarVolumeMount
[INFO] Coalescing path $.sidecars
[INFO] Coalescing path $.tolerations
[INFO] Coalescing path $.updateStrategy
[INFO] Coalescing path $.env[*]
[INFO] Coalescing path $.global.imagePullSecrets
[INFO] Coalescing path $.image.pullPolicy
[INFO] Coalescing path $.livenessProbe.failureThreshold
[INFO] Coalescing path $.livenessProbe.initialDelaySeconds
[INFO] Coalescing path $.livenessProbe.periodSeconds
[INFO] Coalescing path $.livenessProbe.successThreshold
[INFO] Coalescing path $.livenessProbe.timeoutSeconds
[INFO] Coalescing path $.prometheus.monitor
[INFO] Coalescing path $.prometheus.podMonitor
[INFO] Coalescing path $.rbac.create
[INFO] Coalescing path $.readinessProbe.failureThreshold
[INFO] Coalescing path $.readinessProbe.initialDelaySeconds
[INFO] Coalescing path $.readinessProbe.periodSeconds
[INFO] Coalescing path $.readinessProbe.successThreshold
[INFO] Coalescing path $.readinessProbe.timeoutSeconds
[INFO] Coalescing path $.service.annotations
[INFO] Coalescing path $.service.nodePort
[INFO] Coalescing path $.service.port
[INFO] Coalescing path $.service.portName
[INFO] Coalescing path $.service.type
[INFO] Coalescing path $.serviceAccount.annotations
[INFO] Coalescing path $.serviceAccount.automountServiceAccountToken
[INFO] Coalescing path $.serviceAccount.create
[INFO] Coalescing path $.serviceAccount.imagePullSecrets
[INFO] Coalescing path $.configmaps[*].mountPath
[INFO] Coalescing path $.configmaps[*].name
[INFO] Coalescing path $.extraHostVolumeMounts[*].hostPath
[INFO] Coalescing path $.extraHostVolumeMounts[*].mountPath
[INFO] Coalescing path $.extraHostVolumeMounts[*].name
[INFO] Coalescing path $.extraHostVolumeMounts[*].readOnly
[INFO] Coalescing path $.livenessProbe.httpGet.httpHeaders
[INFO] Coalescing path $.livenessProbe.httpGet.path
[INFO] Coalescing path $.livenessProbe.httpGet.scheme
[INFO] Coalescing path $.prometheus.monitor.additionalLabels
[INFO] Coalescing path $.prometheus.monitor.apiVersion
[INFO] Coalescing path $.prometheus.monitor.attachMetadata
[INFO] Coalescing path $.prometheus.monitor.basicAuth
[INFO] Coalescing path $.prometheus.monitor.bearerTokenFile
[INFO] Coalescing path $.prometheus.monitor.enabled
[INFO] Coalescing path $.prometheus.monitor.interval
[INFO] Coalescing path $.prometheus.monitor.jobLabel
[INFO] Coalescing path $.prometheus.monitor.metricRelabelings
[INFO] Coalescing path $.prometheus.monitor.podTargetLabels
[INFO] Coalescing path $.prometheus.monitor.proxyUrl
[INFO] Coalescing path $.prometheus.monitor.relabelings
[INFO] Coalescing path $.prometheus.monitor.scheme
[INFO] Coalescing path $.prometheus.monitor.scrapeTimeout
[INFO] Coalescing path $.prometheus.monitor.selectorOverride
[INFO] Coalescing path $.prometheus.monitor.tlsConfig
[INFO] Coalescing path $.prometheus.podMonitor.additionalLabels
[INFO] Coalescing path $.prometheus.podMonitor.apiVersion
[INFO] Coalescing path $.prometheus.podMonitor.attachMetadata
[INFO] Coalescing path $.prometheus.podMonitor.authorization
[INFO] Coalescing path $.prometheus.podMonitor.basicAuth
[INFO] Coalescing path $.prometheus.podMonitor.bearerTokenSecret
[INFO] Coalescing path $.prometheus.podMonitor.enableHttp2
[INFO] Coalescing path $.prometheus.podMonitor.enabled
[INFO] Coalescing path $.prometheus.podMonitor.filterRunning
[INFO] Coalescing path $.prometheus.podMonitor.followRedirects
[INFO] Coalescing path $.prometheus.podMonitor.honorLabels
[INFO] Coalescing path $.prometheus.podMonitor.honorTimestamps
[INFO] Coalescing path $.prometheus.podMonitor.interval
[INFO] Coalescing path $.prometheus.podMonitor.jobLabel
[INFO] Coalescing path $.prometheus.podMonitor.metricRelabelings
[INFO] Coalescing path $.prometheus.podMonitor.oauth2
[INFO] Coalescing path $.prometheus.podMonitor.params
[INFO] Coalescing path $.prometheus.podMonitor.path
[INFO] Coalescing path $.prometheus.podMonitor.podTargetLabels
[INFO] Coalescing path $.prometheus.podMonitor.proxyUrl
[INFO] Coalescing path $.prometheus.podMonitor.relabelings
[INFO] Coalescing path $.prometheus.podMonitor.scheme
[INFO] Coalescing path $.prometheus.podMonitor.scrapeTimeout
[INFO] Coalescing path $.prometheus.podMonitor.selectorOverride
[INFO] Coalescing path $.prometheus.podMonitor.tlsConfig
[INFO] Coalescing path $.readinessProbe.httpGet.httpHeaders
[INFO] Coalescing path $.readinessProbe.httpGet.path
[INFO] Coalescing path $.readinessProbe.httpGet.scheme
[INFO] Coalescing path $.secrets[*].mountPath
[INFO] Coalescing path $.secrets[*].name
[INFO] Coalescing path $.sidecarHostVolumeMounts[*].hostPath
[INFO] Coalescing path $.sidecarHostVolumeMounts[*].name
[INFO] Coalescing path $.sidecarVolumeMount[*].mountPath
[INFO] Coalescing path $.sidecarVolumeMount[*].name
[INFO] Coalescing path $.sidecars.Values.sidecarHostVolumeMounts
[INFO] Coalescing path $.sidecars.Values.sidecarVolumeMount
[INFO] Coalescing path $.livenessProbe.httpGet.httpHeaders[*].name
[INFO] Coalescing path $.livenessProbe.httpGet.httpHeaders[*].value
[INFO] Coalescing path $.readinessProbe.httpGet.httpHeaders[*].name
[INFO] Coalescing path $.readinessProbe.httpGet.httpHeaders[*].value
[INFO] Coalescing path $.sidecars.Values.sidecarHostVolumeMounts[*].mountPath
[INFO] Coalescing path $.sidecars.Values.sidecarHostVolumeMounts[*].name
[INFO] Coalescing path $.sidecars.Values.sidecarHostVolumeMounts[*].readOnly
[INFO] Coalescing path $.sidecars.Values.sidecarVolumeMount[*].mountPath
[INFO] Coalescing path $.sidecars.Values.sidecarVolumeMount[*].name
[INFO] Coalescing path $.sidecars.Values.sidecarVolumeMount[*].readOnly
[INFO] Discovered 160 unique value paths; random traversal, seed 0
[INFO] Testing path $.prometheus.podMonitor.attachMetadata (1/160)
[INFO] Compiler input baseline: 94 statically named fields
[INFO] Render hashes (run-local): 100 observed, 1 unique, 99 duplicate bundles; 99 successful validations reused
[INFO] Testing path $.image (2/160)
[INFO] Compiler input baseline: 94 statically named fields
[INFO] Render hashes (run-local): 21 observed, 17 unique, 4 duplicate bundles; 4 successful validations reused
[INFO] Testing path $.readinessProbe.httpGet.path (3/160)
[INFO] Compiler input baseline: 94 statically named fields
[INFO] Render hashes (run-local): 24 observed, 21 unique, 3 duplicate bundles; 3 successful validations reused
[INFO] Testing path $.livenessProbe.periodSeconds (4/160)
[INFO] Compiler input baseline: 94 statically named fields
[INFO] Render hashes (run-local): 100 observed, 100 unique, 0 duplicate bundles; 0 successful validations reused
[INFO] Testing path $.nodeSelector (5/160)
[INFO] Compiler input baseline: 94 statically named fields
[INFO] Render hashes (run-local): 100 observed, 99 unique, 1 duplicate bundles; 1 successful validations reused
[INFO] Testing path $.service.port (6/160)
[INFO] Compiler input baseline: 94 statically named fields
[INFO] Render hashes (run-local): 100 observed, 100 unique, 0 duplicate bundles; 0 successful validations reused
[INFO] Testing path $.daemonsetAnnotations (7/160)
[INFO] Compiler input baseline: 94 statically named fields
[INFO] Render hashes (run-local): 3 observed, 3 unique, 0 duplicate bundles; 0 successful validations reused
[INFO] Testing path $.imagePullSecrets (8/160)
[INFO] Compiler input baseline: 94 statically named fields
[INFO] Render hashes (run-local): 38 observed, 26 unique, 12 duplicate bundles; 12 successful validations reused
[INFO] Testing path $.releaseLabel (9/160)
[INFO] Compiler input baseline: 94 statically named fields
[INFO] Render hashes (run-local): 2 observed, 2 unique, 0 duplicate bundles; 0 successful validations reused
[INFO] Testing path $.securityContext (10/160)
[INFO] Compiler input baseline: 94 statically named fields
[INFO] Render hashes (run-local): 100 observed, 90 unique, 10 duplicate bundles; 10 successful validations reused
[INFO] Testing path $.updateStrategy (11/160)
[INFO] Compiler input baseline: 94 statically named fields
[INFO] Render hashes (run-local): 100 observed, 90 unique, 10 duplicate bundles; 10 successful validations reused
[INFO] Testing path $.updateStrategy.rollingUpdate (12/160)
[INFO] Compiler input baseline: 94 statically named fields
[INFO] Render hashes (run-local): 100 observed, 100 unique, 0 duplicate bundles; 0 successful validations reused
[INFO] Testing path $.prometheus.podMonitor.params (13/160)
[INFO] Compiler input baseline: 94 statically named fields
[INFO] Render hashes (run-local): 100 observed, 1 unique, 99 duplicate bundles; 99 successful validations reused
[INFO] Testing path $.config (14/160)
[INFO] Compiler input baseline: 94 statically named fields
[INFO] Render hashes (run-local): 36 observed, 32 unique, 4 duplicate bundles; 4 successful validations reused
[INFO] Testing path $.global.imagePullSecrets (15/160)
[INFO] Compiler input baseline: 94 statically named fields
[INFO] Render hashes (run-local): 38 observed, 26 unique, 12 duplicate bundles; 12 successful validations reused
[INFO] Testing path $.livenessProbe.failureThreshold (16/160)
[INFO] Compiler input baseline: 94 statically named fields
[INFO] Render hashes (run-local): 100 observed, 100 unique, 0 duplicate bundles; 0 successful validations reused
[INFO] Testing path $.prometheus.monitor.metricRelabelings (17/160)
[INFO] Compiler input baseline: 94 statically named fields
[INFO] Render hashes (run-local): 100 observed, 1 unique, 99 duplicate bundles; 99 successful validations reused
[INFO] Testing path $.service.type (18/160)
[INFO] Compiler input baseline: 94 statically named fields
[INFO] Render hashes (run-local): 24 observed, 21 unique, 3 duplicate bundles; 3 successful validations reused
[INFO] Testing path $.prometheus.podMonitor.targetLimit (19/160)
[INFO] Compiler input baseline: 94 statically named fields
[INFO] Render hashes (run-local): 100 observed, 1 unique, 99 duplicate bundles; 99 successful validations reused
[INFO] Testing path $.hostNetwork (20/160)
[INFO] Compiler input baseline: 94 statically named fields
[INFO] Render hashes (run-local): 2 observed, 2 unique, 0 duplicate bundles; 0 successful validations reused
[INFO] Testing path $.prometheus.monitor.attachMetadata.node (21/160)
[INFO] Compiler input baseline: 94 statically named fields
[INFO] Render hashes (run-local): 2 observed, 1 unique, 1 duplicate bundles; 1 successful validations reused
[INFO] Testing path $.prometheus.monitor.scrapeTimeout (22/160)
[INFO] Compiler input baseline: 94 statically named fields
[INFO] Render hashes (run-local): 100 observed, 1 unique, 99 duplicate bundles; 99 successful validations reused
[INFO] Testing path $.livenessProbe.initialDelaySeconds (23/160)
[INFO] Compiler input baseline: 94 statically named fields
[INFO] Render hashes (run-local): 100 observed, 100 unique, 0 duplicate bundles; 0 successful validations reused
[INFO] Testing path $.prometheus.monitor.metricRelabelings[*] (24/160)
[INFO] Compiler input baseline: 94 statically named fields
[INFO] Render hashes (run-local): 100 observed, 1 unique, 99 duplicate bundles; 99 successful validations reused
[INFO] Testing path $.secrets (25/160)
[INFO] Compiler input baseline: 94 statically named fields
[INFO] Render hashes (run-local): 1 observed, 1 unique, 0 duplicate bundles; 0 successful validations reused
[INFO] Testing path $.serviceAccount.annotations (26/160)
[INFO] Compiler input baseline: 94 statically named fields
[INFO] Render hashes (run-local): 3 observed, 3 unique, 0 duplicate bundles; 0 successful validations reused
[INFO] Testing path $.prometheus.podMonitor.oauth2 (27/160)
[INFO] Compiler input baseline: 94 statically named fields
[INFO] Render hashes (run-local): 100 observed, 1 unique, 99 duplicate bundles; 99 successful validations reused
[INFO] Testing path $.image.repository (28/160)
[INFO] Compiler input baseline: 94 statically named fields
[INFO] Render hashes (run-local): 18 observed, 16 unique, 2 duplicate bundles; 0 successful validations reused
[INFO] Testing path $.resources (29/160)
[INFO] Compiler input baseline: 94 statically named fields
[INFO] Render hashes (run-local): 100 observed, 98 unique, 2 duplicate bundles; 0 successful validations reused
[INFO] Testing path $.prometheus.podMonitor.scrapeTimeout (30/160)
[INFO] Compiler input baseline: 94 statically named fields
[INFO] Execution stopped at the 12.3964s time limit; coverage is incomplete
[INFO] Render hashes (run-local): 95 observed, 1 unique, 94 duplicate bundles; 0 successful validations reused
[INFO] .: failed; testing 300.33s; dependency preparation 0.05s; 0 charts remain
