[INFO] Chart 1/1: .
[INFO] Preparing dependencies for . (excluded from testing budgets)
[INFO] Finite filtering unavailable: permutations need closed objects at (); set additionalProperties: false; filtering generation before value-path traversal
[INFO] Coalescing path $.global.imagePullSecrets
[INFO] Coalescing path $.global.imageRegistry
[INFO] Coalescing path $.upgradeJob.affinity
[INFO] Coalescing path $.upgradeJob.annotations
[INFO] Coalescing path $.upgradeJob.automountServiceAccountToken
[INFO] Coalescing path $.upgradeJob.containerSecurityContext
[INFO] Coalescing path $.upgradeJob.enabled
[INFO] Coalescing path $.upgradeJob.env
[INFO] Coalescing path $.upgradeJob.extraVolumeMounts
[INFO] Coalescing path $.upgradeJob.extraVolumes
[INFO] Coalescing path $.upgradeJob.forceConflicts
[INFO] Coalescing path $.upgradeJob.labels
[INFO] Coalescing path $.upgradeJob.nodeSelector
[INFO] Coalescing path $.upgradeJob.podAnnotations
[INFO] Coalescing path $.upgradeJob.podLabels
[INFO] Coalescing path $.upgradeJob.podSecurityContext
[INFO] Coalescing path $.upgradeJob.resources
[INFO] Coalescing path $.upgradeJob.tolerations
[INFO] Coalescing path $.upgradeJob.topologySpreadConstraints
[INFO] Coalescing path $.upgradeJob.env[*]
[INFO] Coalescing path $.upgradeJob.image.sha
[INFO] Coalescing path $.upgradeJob.serviceAccount.annotations
[INFO] Coalescing path $.upgradeJob.serviceAccount.automountServiceAccountToken
[INFO] Coalescing path $.upgradeJob.serviceAccount.create
[INFO] Coalescing path $.upgradeJob.serviceAccount.labels
[INFO] Coalescing path $.upgradeJob.image.busybox.pullPolicy
[INFO] Coalescing path $.upgradeJob.image.busybox.registry
[INFO] Coalescing path $.upgradeJob.image.busybox.repository
[INFO] Coalescing path $.upgradeJob.image.busybox.sha
[INFO] Coalescing path $.upgradeJob.image.busybox.tag
[INFO] Coalescing path $.upgradeJob.image.kubectl.pullPolicy
[INFO] Coalescing path $.upgradeJob.image.kubectl.registry
[INFO] Coalescing path $.upgradeJob.image.kubectl.repository
[INFO] Coalescing path $.upgradeJob.image.kubectl.sha
[INFO] Coalescing path $.upgradeJob.image.kubectl.tag
[INFO] Discovered 40 unique value paths; random traversal, seed 0
[INFO] .: failed; testing 0.32s; dependency preparation 0.06s; 0 charts remain
