[INFO] Chart 1/1: .
[INFO] Preparing dependencies for . (excluded from testing budgets)
[INFO] Finite filtering unavailable: permutations need closed objects at (); set additionalProperties: false; filtering generation before value-path traversal
[INFO] Coalescing path $.affinity
[INFO] Coalescing path $.annotations
[INFO] Coalescing path $.automountServiceAccountToken
[INFO] Coalescing path $.containerSecurityContext
[INFO] Coalescing path $.containers
[INFO] Coalescing path $.dnsConfig
[INFO] Coalescing path $.dnsPolicy
[INFO] Coalescing path $.env
[INFO] Coalescing path $.extraArgs
[INFO] Coalescing path $.extraManifests
[INFO] Coalescing path $.hostNetwork
[INFO] Coalescing path $.hostUsers
[INFO] Coalescing path $.imagePullSecrets
[INFO] Coalescing path $.initContainers
[INFO] Coalescing path $.labels
[INFO] Coalescing path $.metricAllowlist
[INFO] Coalescing path $.metricAnnotationsAllowList
[INFO] Coalescing path $.metricDenylist
[INFO] Coalescing path $.metricLabelsAllowlist
[INFO] Coalescing path $.namespaces
[INFO] Coalescing path $.namespacesDenylist
[INFO] Coalescing path $.nodeSelector
[INFO] Coalescing path $.podAnnotations
[INFO] Coalescing path $.podDisruptionBudget
[INFO] Coalescing path $.podLabels
[INFO] Coalescing path $.priorityClassName
[INFO] Coalescing path $.prometheusScrape
[INFO] Coalescing path $.releaseNamespace
[INFO] Coalescing path $.replicas
[INFO] Coalescing path $.resources
[INFO] Coalescing path $.revisionHistoryLimit
[INFO] Coalescing path $.securityContext
[INFO] Coalescing path $.tolerations
[INFO] Coalescing path $.topologySpreadConstraints
[INFO] Coalescing path $.updateStrategy
[INFO] Coalescing path $.volumeMounts
[INFO] Coalescing path $.volumes
[INFO] Coalescing path $.authFilter.enabled
[INFO] Coalescing path $.autosharding.enabled
[INFO] Coalescing path $.customResourceState.config
[INFO] Coalescing path $.customResourceState.create
[INFO] Coalescing path $.customResourceState.enabled
[INFO] Coalescing path $.customResourceState.key
[INFO] Coalescing path $.extraManifests[*]
[INFO] Coalescing path $.global.imagePullSecrets
[INFO] Coalescing path $.image.pullPolicy
[INFO] Coalescing path $.kubeRBACProxy.containerSecurityContext
[INFO] Coalescing path $.kubeRBACProxy.enabled
[INFO] Coalescing path $.kubeRBACProxy.extraArgs
[INFO] Coalescing path $.kubeRBACProxy.ignoreProbePaths
[INFO] Coalescing path $.kubeRBACProxy.port
[INFO] Coalescing path $.kubeRBACProxy.proxyEndpointsPort
[INFO] Coalescing path $.kubeRBACProxy.resources
[INFO] Coalescing path $.kubeRBACProxy.volumeMounts
[INFO] Coalescing path $.kubeconfig.enabled
[INFO] Coalescing path $.kubeconfig.secret
[INFO] Coalescing path $.livenessProbe.failureThreshold
[INFO] Coalescing path $.livenessProbe.initialDelaySeconds
[INFO] Coalescing path $.livenessProbe.periodSeconds
[INFO] Coalescing path $.livenessProbe.successThreshold
[INFO] Coalescing path $.livenessProbe.timeoutSeconds
[INFO] Coalescing path $.networkPolicy.egress
[INFO] Coalescing path $.networkPolicy.enabled
[INFO] Coalescing path $.networkPolicy.ingress
[INFO] Coalescing path $.networkPolicy.podSelector
[INFO] Coalescing path $.prometheus.monitor
[INFO] Coalescing path $.prometheus.scrapeconfig
[INFO] Coalescing path $.rbac.clusterRoleSelectors
[INFO] Coalescing path $.rbac.create
[INFO] Coalescing path $.rbac.extraRules
[INFO] Coalescing path $.rbac.useClusterRole
[INFO] Coalescing path $.rbac.useExistingRole
[INFO] Coalescing path $.readinessProbe.failureThreshold
[INFO] Coalescing path $.readinessProbe.initialDelaySeconds
[INFO] Coalescing path $.readinessProbe.periodSeconds
[INFO] Coalescing path $.readinessProbe.successThreshold
[INFO] Coalescing path $.readinessProbe.timeoutSeconds
[INFO] Coalescing path $.securityContext.enabled
[INFO] Coalescing path $.selfMonitor.enabled
[INFO] Coalescing path $.selfMonitor.telemetryNodePort
[INFO] Coalescing path $.selfMonitor.telemetryPort
[INFO] Coalescing path $.service.annotations
[INFO] Coalescing path $.service.loadBalancerIP
[INFO] Coalescing path $.service.loadBalancerSourceRanges
[INFO] Coalescing path $.service.nodePort
[INFO] Coalescing path $.service.port
[INFO] Coalescing path $.service.type
[INFO] Coalescing path $.serviceAccount.annotations
[INFO] Coalescing path $.serviceAccount.automountServiceAccountToken
[INFO] Coalescing path $.serviceAccount.create
[INFO] Coalescing path $.serviceAccount.imagePullSecrets
[INFO] Coalescing path $.startupProbe.enabled
[INFO] Coalescing path $.startupProbe.failureThreshold
[INFO] Coalescing path $.startupProbe.initialDelaySeconds
[INFO] Coalescing path $.startupProbe.periodSeconds
[INFO] Coalescing path $.startupProbe.successThreshold
[INFO] Coalescing path $.startupProbe.timeoutSeconds
[INFO] Coalescing path $.verticalPodAutoscaler.controlledResources
[INFO] Coalescing path $.verticalPodAutoscaler.controlledValues
[INFO] Coalescing path $.verticalPodAutoscaler.enabled
[INFO] Coalescing path $.verticalPodAutoscaler.maxAllowed
[INFO] Coalescing path $.verticalPodAutoscaler.minAllowed
[INFO] Coalescing path $.verticalPodAutoscaler.recommenders
[INFO] Coalescing path $.verticalPodAutoscaler.updatePolicy
[INFO] Coalescing path $.kubeRBACProxy.image.pullPolicy
[INFO] Coalescing path $.livenessProbe.httpGet.httpHeaders
[INFO] Coalescing path $.livenessProbe.httpGet.scheme
[INFO] Coalescing path $.prometheus.monitor.additionalLabels
[INFO] Coalescing path $.prometheus.monitor.annotations
[INFO] Coalescing path $.prometheus.monitor.bearerTokenFile
[INFO] Coalescing path $.prometheus.monitor.bearerTokenSecret
[INFO] Coalescing path $.prometheus.monitor.enableHttp2
[INFO] Coalescing path $.prometheus.monitor.enabled
[INFO] Coalescing path $.prometheus.monitor.honorLabels
[INFO] Coalescing path $.prometheus.monitor.interval
[INFO] Coalescing path $.prometheus.monitor.jobLabel
[INFO] Coalescing path $.prometheus.monitor.metricRelabelings
[INFO] Coalescing path $.prometheus.monitor.namespaceSelector
[INFO] Coalescing path $.prometheus.monitor.podTargetLabels
[INFO] Coalescing path $.prometheus.monitor.proxyUrl
[INFO] Coalescing path $.prometheus.monitor.relabelings
[INFO] Coalescing path $.prometheus.monitor.scheme
[INFO] Coalescing path $.prometheus.monitor.scrapeTimeout
[INFO] Coalescing path $.prometheus.monitor.selectorOverride
[INFO] Coalescing path $.prometheus.monitor.targetLabels
[INFO] Coalescing path $.prometheus.monitor.tlsConfig
[INFO] Coalescing path $.prometheus.scrapeconfig.additionalLabels
[INFO] Coalescing path $.prometheus.scrapeconfig.annotations
[INFO] Coalescing path $.prometheus.scrapeconfig.enableHttp2
[INFO] Coalescing path $.prometheus.scrapeconfig.enabled
[INFO] Coalescing path $.prometheus.scrapeconfig.honorLabels
[INFO] Coalescing path $.prometheus.scrapeconfig.jobName
[INFO] Coalescing path $.prometheus.scrapeconfig.metricRelabelings
[INFO] Coalescing path $.prometheus.scrapeconfig.proxyUrl
[INFO] Coalescing path $.prometheus.scrapeconfig.relabelings
[INFO] Coalescing path $.prometheus.scrapeconfig.scheme
[INFO] Coalescing path $.prometheus.scrapeconfig.scrapeInterval
[INFO] Coalescing path $.prometheus.scrapeconfig.scrapeTimeout
[INFO] Coalescing path $.prometheus.scrapeconfig.staticConfigLabels
[INFO] Coalescing path $.prometheus.scrapeconfig.tlsConfig
[INFO] Coalescing path $.rbac.customResourceState.createClusterRoleRules
[INFO] Coalescing path $.readinessProbe.httpGet.httpHeaders
[INFO] Coalescing path $.readinessProbe.httpGet.scheme
[INFO] Coalescing path $.service.ipDualStack.enabled
[INFO] Coalescing path $.service.ipDualStack.ipFamilies
[INFO] Coalescing path $.service.ipDualStack.ipFamilyPolicy
[INFO] Coalescing path $.service.loadBalancerSourceRanges[*]
[INFO] Coalescing path $.startupProbe.httpGet.httpHeaders
[INFO] Coalescing path $.startupProbe.httpGet.scheme
[INFO] Coalescing path $.prometheus.monitor.http.bearerTokenFile
[INFO] Coalescing path $.prometheus.monitor.http.bearerTokenSecret
[INFO] Coalescing path $.prometheus.monitor.http.enableHttp2
[INFO] Coalescing path $.prometheus.monitor.http.honorLabels
[INFO] Coalescing path $.prometheus.monitor.http.interval
[INFO] Coalescing path $.prometheus.monitor.http.metricRelabelings
[INFO] Coalescing path $.prometheus.monitor.http.proxyUrl
[INFO] Coalescing path $.prometheus.monitor.http.relabelings
[INFO] Coalescing path $.prometheus.monitor.http.scheme
[INFO] Coalescing path $.prometheus.monitor.http.scrapeTimeout
[INFO] Coalescing path $.prometheus.monitor.http.tlsConfig
[INFO] Coalescing path $.prometheus.monitor.metrics.bearerTokenFile
[INFO] Coalescing path $.prometheus.monitor.metrics.bearerTokenSecret
[INFO] Coalescing path $.prometheus.monitor.metrics.enableHttp2
[INFO] Coalescing path $.prometheus.monitor.metrics.honorLabels
[INFO] Coalescing path $.prometheus.monitor.metrics.interval
[INFO] Coalescing path $.prometheus.monitor.metrics.metricRelabelings
[INFO] Coalescing path $.prometheus.monitor.metrics.proxyUrl
[INFO] Coalescing path $.prometheus.monitor.metrics.relabelings
[INFO] Coalescing path $.prometheus.monitor.metrics.scheme
[INFO] Coalescing path $.prometheus.monitor.metrics.scrapeTimeout
[INFO] Coalescing path $.prometheus.monitor.metrics.tlsConfig
[INFO] Coalescing path $.livenessProbe.httpGet.httpHeaders[*].name
[INFO] Coalescing path $.livenessProbe.httpGet.httpHeaders[*].value
[INFO] Coalescing path $.readinessProbe.httpGet.httpHeaders[*].name
[INFO] Coalescing path $.readinessProbe.httpGet.httpHeaders[*].value
[INFO] Coalescing path $.startupProbe.httpGet.httpHeaders[*].name
[INFO] Coalescing path $.startupProbe.httpGet.httpHeaders[*].value
[INFO] Discovered 280 unique value paths; random traversal, seed 0
[INFO] Testing path $.startupProbe.httpGet (1/280)
[INFO] Compiler input baseline: 166 statically named fields
[INFO] Render hashes (run-local): 100 observed, 1 unique, 99 duplicate bundles; 99 successful validations reused
[INFO] Testing path $.customResourceState.create (2/280)
[INFO] Compiler input baseline: 166 statically named fields
[INFO] Render hashes (run-local): 2 observed, 1 unique, 1 duplicate bundles; 1 successful validations reused
[INFO] Testing path $.topologySpreadConstraints[*] (3/280)
[INFO] Compiler input baseline: 166 statically named fields
[INFO] Render hashes (run-local): 100 observed, 87 unique, 13 duplicate bundles; 13 successful validations reused
[INFO] Testing path $.initContainers (4/280)
[INFO] Compiler input baseline: 166 statically named fields
[INFO] Render hashes (run-local): 100 observed, 88 unique, 12 duplicate bundles; 12 successful validations reused
[INFO] Testing path $.startupProbe.timeoutSeconds (5/280)
[INFO] Compiler input baseline: 166 statically named fields
[INFO] Render hashes (run-local): 100 observed, 1 unique, 99 duplicate bundles; 99 successful validations reused
[INFO] Testing path $.prometheus.monitor.metrics.proxyUrl (6/280)
[INFO] Compiler input baseline: 166 statically named fields
[INFO] Render hashes (run-local): 100 observed, 1 unique, 99 duplicate bundles; 99 successful validations reused
[INFO] Testing path $.customLabels (7/280)
[INFO] Compiler input baseline: 166 statically named fields
[INFO] Render hashes (run-local): 100 observed, 98 unique, 2 duplicate bundles; 2 successful validations reused
[INFO] Testing path $.prometheus.scrapeconfig.jobName (8/280)
[INFO] Compiler input baseline: 166 statically named fields
[INFO] Render hashes (run-local): 100 observed, 1 unique, 99 duplicate bundles; 99 successful validations reused
[INFO] Testing path $.image (9/280)
[INFO] Compiler input baseline: 166 statically named fields
[INFO] Render hashes (run-local): 23 observed, 18 unique, 5 duplicate bundles; 5 successful validations reused
[INFO] Testing path $.verticalPodAutoscaler.controlledValues (10/280)
[INFO] Compiler input baseline: 166 statically named fields
[INFO] Render hashes (run-local): 100 observed, 1 unique, 99 duplicate bundles; 99 successful validations reused
[INFO] Testing path $.service.ipDualStack.ipFamilies[*] (11/280)
[INFO] Compiler input baseline: 166 statically named fields
[INFO] Render hashes (run-local): 100 observed, 1 unique, 99 duplicate bundles; 99 successful validations reused
[INFO] Testing path $.prometheus.scrapeconfig.labelValueLengthLimit (12/280)
[INFO] Compiler input baseline: 166 statically named fields
[INFO] Render hashes (run-local): 100 observed, 1 unique, 99 duplicate bundles; 99 successful validations reused
[INFO] Testing path $.verticalPodAutoscaler (13/280)
[INFO] Compiler input baseline: 166 statically named fields
[INFO] Render hashes (run-local): 100 observed, 1 unique, 99 duplicate bundles; 99 successful validations reused
[INFO] Testing path $.extraManifests (14/280)
[INFO] Compiler input baseline: 166 statically named fields
[INFO] Render hashes (run-local): 4 observed, 2 unique, 2 duplicate bundles; 1 successful validations reused
[INFO] Testing path $.prometheus.monitor.targetLabels[*] (15/280)
[INFO] Compiler input baseline: 166 statically named fields
[INFO] Render hashes (run-local): 100 observed, 1 unique, 99 duplicate bundles; 99 successful validations reused
[INFO] Testing path $.kubeRBACProxy.resources (16/280)
[INFO] Compiler input baseline: 166 statically named fields
[INFO] Render hashes (run-local): 100 observed, 1 unique, 99 duplicate bundles; 33 successful validations reused
[INFO] Testing path $.livenessProbe.periodSeconds (17/280)
[INFO] Compiler input baseline: 166 statically named fields
[INFO] Execution stopped at the 15.9633s time limit; coverage is incomplete
[INFO] Render hashes (run-local): 81 observed, 81 unique, 0 duplicate bundles; 0 successful validations reused
[INFO] .: failed; testing 300.43s; dependency preparation 0.05s; 0 charts remain
