[INFO] Chart 1/1: .
[INFO] Preparing dependencies for . (excluded from testing budgets)
[INFO] Finite filtering unavailable: permutations need closed objects at (); set additionalProperties: false; filtering generation before value-path traversal
[INFO] Coalescing path $.affinity
[INFO] Coalescing path $.annotations
[INFO] Coalescing path $.extraManifests
[INFO] Coalescing path $.imagePullSecrets
[INFO] Coalescing path $.livenessProbe
[INFO] Coalescing path $.nodeSelector
[INFO] Coalescing path $.podAnnotations
[INFO] Coalescing path $.podDisruptionBudget
[INFO] Coalescing path $.podLabels
[INFO] Coalescing path $.podSecurityContext
[INFO] Coalescing path $.readinessProbe
[INFO] Coalescing path $.replicaCount
[INFO] Coalescing path $.resources
[INFO] Coalescing path $.route
[INFO] Coalescing path $.securityContext
[INFO] Coalescing path $.tolerations
[INFO] Coalescing path $.autoscaling.enabled
[INFO] Coalescing path $.autoscaling.maxReplicas
[INFO] Coalescing path $.autoscaling.minReplicas
[INFO] Coalescing path $.autoscaling.targetCPUUtilizationPercentage
[INFO] Coalescing path $.autoscaling.targetMemoryUtilizationPercentage
[INFO] Coalescing path $.config.extraArgs
[INFO] Coalescing path $.config.label
[INFO] Coalescing path $.config.listenAddress
[INFO] Coalescing path $.config.upstream
[INFO] Coalescing path $.image.pullPolicy
[INFO] Coalescing path $.image.repository
[INFO] Coalescing path $.image.tag
[INFO] Coalescing path $.ingress.annotations
[INFO] Coalescing path $.ingress.className
[INFO] Coalescing path $.ingress.enabled
[INFO] Coalescing path $.ingress.hosts
[INFO] Coalescing path $.ingress.labels
[INFO] Coalescing path $.ingress.tls
[INFO] Coalescing path $.kubeRBACProxy.config
[INFO] Coalescing path $.kubeRBACProxy.containerSecurityContext
[INFO] Coalescing path $.kubeRBACProxy.enabled
[INFO] Coalescing path $.kubeRBACProxy.extraArgs
[INFO] Coalescing path $.kubeRBACProxy.port
[INFO] Coalescing path $.kubeRBACProxy.resources
[INFO] Coalescing path $.kubeRBACProxy.volumeMounts
[INFO] Coalescing path $.metrics.enabled
[INFO] Coalescing path $.metrics.listenAddress
[INFO] Coalescing path $.metrics.serviceMonitor
[INFO] Coalescing path $.service.annotations
[INFO] Coalescing path $.service.nodePort
[INFO] Coalescing path $.service.port
[INFO] Coalescing path $.service.type
[INFO] Coalescing path $.serviceAccount.annotations
[INFO] Coalescing path $.serviceAccount.create
[INFO] Coalescing path $.kubeRBACProxy.image.pullPolicy
[INFO] Coalescing path $.metrics.serviceMonitor.additionalConfigs
[INFO] Coalescing path $.metrics.serviceMonitor.additionalEndpointConfigs
[INFO] Coalescing path $.metrics.serviceMonitor.additionalLabels
[INFO] Coalescing path $.metrics.serviceMonitor.attachMetadata
[INFO] Coalescing path $.metrics.serviceMonitor.enabled
[INFO] Coalescing path $.metrics.serviceMonitor.honorLabels
[INFO] Coalescing path $.metrics.serviceMonitor.honorTimestamps
[INFO] Coalescing path $.metrics.serviceMonitor.interval
[INFO] Coalescing path $.metrics.serviceMonitor.jobLabel
[INFO] Coalescing path $.metrics.serviceMonitor.labelLimit
[INFO] Coalescing path $.metrics.serviceMonitor.labelNameLengthLimit
[INFO] Coalescing path $.metrics.serviceMonitor.labelValueLengthLimit
[INFO] Coalescing path $.metrics.serviceMonitor.metricRelabelings
[INFO] Coalescing path $.metrics.serviceMonitor.podTargetLabels
[INFO] Coalescing path $.metrics.serviceMonitor.port
[INFO] Coalescing path $.metrics.serviceMonitor.relabelings
[INFO] Coalescing path $.metrics.serviceMonitor.sampleLimit
[INFO] Coalescing path $.metrics.serviceMonitor.scrapeTimeout
[INFO] Coalescing path $.metrics.serviceMonitor.targetLabels
[INFO] Coalescing path $.metrics.serviceMonitor.targetLimit
[INFO] Coalescing path $.route[*].additionalRules
[INFO] Coalescing path $.route[*].annotations
[INFO] Coalescing path $.route[*].apiVersion
[INFO] Coalescing path $.route[*].enabled
[INFO] Coalescing path $.route[*].filters
[INFO] Coalescing path $.route[*].hostnames
[INFO] Coalescing path $.route[*].httpsRedirect
[INFO] Coalescing path $.route[*].kind
[INFO] Coalescing path $.route[*].labels
[INFO] Coalescing path $.route[*].matches
[INFO] Coalescing path $.route[*].name
[INFO] Coalescing path $.route[*].parentRefs
[INFO] Coalescing path $.ingress.hosts[*].host
[INFO] Coalescing path $.ingress.hosts[*].paths
[INFO] Coalescing path $.ingress.tls[*].hosts
[INFO] Coalescing path $.ingress.tls[*].secretName
[INFO] Coalescing path $.ingress.tls[*].hosts[*]
[INFO] Coalescing path $.ingress.hosts[*].paths[*].path
[INFO] Coalescing path $.ingress.hosts[*].paths[*].pathType
[INFO] Discovered 144 unique value paths; random traversal, seed 0
[INFO] Testing path $.route.main.name (1/144)
[INFO] Compiler input baseline: 70 statically named fields
[INFO] Render hashes (run-local): 100 observed, 1 unique, 99 duplicate bundles; 99 successful validations reused
[INFO] Testing path $.image (2/144)
[INFO] Compiler input baseline: 70 statically named fields
[INFO] Render hashes (run-local): 17 observed, 15 unique, 2 duplicate bundles; 2 successful validations reused
[INFO] Testing path $.readinessProbe.httpGet.path (3/144)
[INFO] Compiler input baseline: 70 statically named fields
[INFO] Render hashes (run-local): 100 observed, 97 unique, 3 duplicate bundles; 3 successful validations reused
[INFO] Testing path $.extraManifests (4/144)
[INFO] Compiler input baseline: 70 statically named fields
/Users/emmadoyle/projects/personal/hypothesis-helm/.venv/lib/python3.13/site-packages/hypothesis/strategies/_internal/lazy.py:180: HypothesisWarning: Generating overly large repr. This is an expensive operation, and with a length of 42 kB is unlikely to be useful. Use -Wignore to ignore the warning, or -Werror to get a traceback.
  self.__representation = repr_call(
/Users/emmadoyle/projects/personal/hypothesis-helm/.venv/lib/python3.13/site-packages/hypothesis/strategies/_internal/lazy.py:180: HypothesisWarning: Generating overly large repr. This is an expensive operation, and with a length of 127 kB is unlikely to be useful. Use -Wignore to ignore the warning, or -Werror to get a traceback.
  self.__representation = repr_call(
[INFO] Render hashes (run-local): 25 observed, 2 unique, 23 duplicate bundles; 19 successful validations reused
[INFO] Testing path $.kubeRBACProxy.resources (5/144)
[INFO] Compiler input baseline: 70 statically named fields
[INFO] Render hashes (run-local): 100 observed, 1 unique, 99 duplicate bundles; 99 successful validations reused
[INFO] Testing path $.nodeSelector (6/144)
[INFO] Compiler input baseline: 70 statically named fields
[INFO] Render hashes (run-local): 100 observed, 98 unique, 2 duplicate bundles; 2 successful validations reused
[INFO] Testing path $.service.port (7/144)
[INFO] Compiler input baseline: 70 statically named fields
[INFO] Render hashes (run-local): 100 observed, 100 unique, 0 duplicate bundles; 0 successful validations reused
[INFO] Testing path $.imagePullSecrets (8/144)
[INFO] Compiler input baseline: 70 statically named fields
[INFO] Render hashes (run-local): 100 observed, 88 unique, 12 duplicate bundles; 12 successful validations reused
[INFO] Testing path $.kubeRBACProxy.port (9/144)
[INFO] Compiler input baseline: 70 statically named fields
[INFO] Render hashes (run-local): 100 observed, 1 unique, 99 duplicate bundles; 99 successful validations reused
[INFO] Testing path $.route.main.httpsRedirect (10/144)
[INFO] Compiler input baseline: 70 statically named fields
[INFO] Render hashes (run-local): 2 observed, 1 unique, 1 duplicate bundles; 1 successful validations reused
[INFO] Testing path $.securityContext (11/144)
[INFO] Compiler input baseline: 70 statically named fields
[INFO] Render hashes (run-local): 100 observed, 94 unique, 6 duplicate bundles; 6 successful validations reused
[INFO] Testing path $.autoscaling.targetCPUUtilizationPercentage (12/144)
[INFO] Compiler input baseline: 70 statically named fields
[INFO] Render hashes (run-local): 100 observed, 1 unique, 99 duplicate bundles; 99 successful validations reused
[INFO] Testing path $.metrics.serviceMonitor.interval (13/144)
[INFO] Compiler input baseline: 70 statically named fields
[INFO] Render hashes (run-local): 100 observed, 1 unique, 99 duplicate bundles; 99 successful validations reused
[INFO] Testing path $.config (14/144)
[INFO] Compiler input baseline: 70 statically named fields
[INFO] Render hashes (run-local): 22 observed, 21 unique, 1 duplicate bundles; 1 successful validations reused
[INFO] Testing path $.podSecurityContext (15/144)
[INFO] Compiler input baseline: 70 statically named fields
[INFO] Render hashes (run-local): 100 observed, 98 unique, 2 duplicate bundles; 2 successful validations reused
[INFO] Testing path $.route.main (16/144)
[INFO] Compiler input baseline: 70 statically named fields
[INFO] Render hashes (run-local): 84 observed, 9 unique, 75 duplicate bundles; 65 successful validations reused
[INFO] Testing path $.route.main.hostnames[*] (17/144)
[INFO] Compiler input baseline: 70 statically named fields
[INFO] Render hashes (run-local): 100 observed, 1 unique, 99 duplicate bundles; 99 successful validations reused
[INFO] Testing path $.route.main.filters (18/144)
[INFO] Compiler input baseline: 70 statically named fields
[INFO] Render hashes (run-local): 100 observed, 1 unique, 99 duplicate bundles; 99 successful validations reused
[INFO] Testing path $.service.type (19/144)
[INFO] Compiler input baseline: 70 statically named fields
[INFO] Render hashes (run-local): 24 observed, 21 unique, 3 duplicate bundles; 3 successful validations reused
[INFO] Testing path $.securityContext.runAsNonRoot (20/144)
[INFO] Compiler input baseline: 70 statically named fields
[INFO] Render hashes (run-local): 2 observed, 2 unique, 0 duplicate bundles; 0 successful validations reused
[INFO] Testing path $.route.main.parentRefs[*] (21/144)
[INFO] Compiler input baseline: 70 statically named fields
[INFO] Render hashes (run-local): 100 observed, 1 unique, 99 duplicate bundles; 99 successful validations reused
[INFO] Testing path $.ingress.labels (22/144)
[INFO] Compiler input baseline: 70 statically named fields
[INFO] Render hashes (run-local): 100 observed, 1 unique, 99 duplicate bundles; 99 successful validations reused
[INFO] Testing path $.route.main.parentRefs (23/144)
[INFO] Compiler input baseline: 70 statically named fields
[INFO] Render hashes (run-local): 100 observed, 1 unique, 99 duplicate bundles; 71 successful validations reused
[INFO] Testing path $.kubeRBACProxy.containerSecurityContext.capabilities (24/144)
[INFO] Compiler input baseline: 70 statically named fields
[INFO] Render hashes (run-local): 100 observed, 1 unique, 99 duplicate bundles; 0 successful validations reused
[INFO] Testing path $.serviceAccount.annotations (25/144)
[INFO] Compiler input baseline: 70 statically named fields
[INFO] Render hashes (run-local): 3 observed, 3 unique, 0 duplicate bundles; 0 successful validations reused
[INFO] Testing path $.ingress.hosts[*].host (26/144)
[INFO] Compiler input baseline: 70 statically named fields
[INFO] Execution stopped at the 9.67334s time limit; coverage is incomplete
[INFO] Render hashes (run-local): 69 observed, 1 unique, 68 duplicate bundles; 0 successful validations reused
[INFO] .: failed; testing 300.29s; dependency preparation 0.04s; 0 charts remain
