[INFO] Auditing path $.architecture
[INFO] Auditing path $.audit.clientMinMessages
[INFO] Auditing path $.audit.logConnections
[INFO] Auditing path $.audit.logDisconnections
[INFO] Auditing path $.audit.logHostname
[INFO] Auditing path $.audit.logLinePrefix
[INFO] Auditing path $.audit.logTimezone
[INFO] Auditing path $.audit.pgAuditLog
[INFO] Auditing path $.audit.pgAuditLogCatalog
[INFO] Auditing path $.audit
[INFO] Auditing path $.auth.database
[INFO] Auditing path $.auth.enablePostgresUser
[INFO] Auditing path $.auth.existingSecret
[INFO] Auditing path $.auth.metricsPassword
[INFO] Auditing path $.auth.metricsUsername
[INFO] Auditing path $.auth.password
[INFO] Auditing path $.auth.postgresPassword
[INFO] Auditing path $.auth.replicationPassword
[INFO] Auditing path $.auth.replicationUsername
[INFO] Auditing path $.auth.secretKeys
[INFO] Auditing path $.auth.secretKeys.adminPasswordKey
[INFO] Auditing path $.auth.secretKeys.metricsPasswordKey
[INFO] Auditing path $.auth.secretKeys.replicationPasswordKey
[INFO] Auditing path $.auth.secretKeys.userPasswordKey
[INFO] Auditing path $.auth.usePasswordFiles
[INFO] Auditing path $.auth.username
[INFO] Auditing path $.auth
[INFO] Auditing path $.backup.cronjob
[INFO] Auditing path $.backup.cronjob.annotations
[INFO] Auditing path $.backup.cronjob.command
[INFO] Auditing path $.backup.cronjob.concurrencyPolicy
[INFO] Auditing path $.backup.cronjob.containerSecurityContext
[INFO] Auditing path $.backup.cronjob.containerSecurityContext.allowPrivilegeEscalation
[INFO] Auditing path $.backup.cronjob.containerSecurityContext.capabilities
[INFO] Auditing path $.backup.cronjob.containerSecurityContext.capabilities.drop
[INFO] Auditing path $.backup.cronjob.containerSecurityContext.enabled
[INFO] Auditing path $.backup.cronjob.containerSecurityContext.privileged
[INFO] Auditing path $.backup.cronjob.containerSecurityContext.readOnlyRootFilesystem
[INFO] Auditing path $.backup.cronjob.containerSecurityContext.runAsGroup
[INFO] Auditing path $.backup.cronjob.containerSecurityContext.runAsNonRoot
[INFO] Auditing path $.backup.cronjob.containerSecurityContext.runAsUser
[INFO] Auditing path $.backup.cronjob.containerSecurityContext.seLinuxOptions
[INFO] Auditing path $.backup.cronjob.containerSecurityContext.seccompProfile
[INFO] Auditing path $.backup.cronjob.containerSecurityContext.seccompProfile.type
[INFO] Auditing path $.backup.cronjob.extraVolumeMounts
[INFO] Auditing path $.backup.cronjob.extraVolumes
[INFO] Auditing path $.backup.cronjob.failedJobsHistoryLimit
[INFO] Auditing path $.backup.cronjob.labels
[INFO] Auditing path $.backup.cronjob.networkPolicy
[INFO] Auditing path $.backup.cronjob.networkPolicy.enabled
[INFO] Auditing path $.backup.cronjob.nodeSelector
[INFO] Auditing path $.backup.cronjob.podLabels
[INFO] Auditing path $.backup.cronjob.podSecurityContext
[INFO] Auditing path $.backup.cronjob.podSecurityContext.enabled
[INFO] Auditing path $.backup.cronjob.podSecurityContext.fsGroup
[INFO] Auditing path $.backup.cronjob.podSecurityContext.fsGroupChangePolicy
[INFO] Auditing path $.backup.cronjob.podSecurityContext.seccompProfile
[INFO] Auditing path $.backup.cronjob.podSecurityContext.seccompProfile.type
[INFO] Auditing path $.backup.cronjob.podSecurityContext.supplementalGroups
[INFO] Auditing path $.backup.cronjob.podSecurityContext.sysctls
[INFO] Auditing path $.backup.cronjob.resources
[INFO] Auditing path $.backup.cronjob.resourcesPreset
[INFO] Auditing path $.backup.cronjob.restartPolicy
[INFO] Auditing path $.backup.cronjob.schedule
[INFO] Auditing path $.backup.cronjob.startingDeadlineSeconds
[INFO] Auditing path $.backup.cronjob.storage
[INFO] Auditing path $.backup.cronjob.storage.accessModes
[INFO] Auditing path $.backup.cronjob.storage.accessModes[*]
[INFO] Auditing path $.backup.cronjob.storage.annotations
[INFO] Auditing path $.backup.cronjob.storage.enabled
[INFO] Auditing path $.backup.cronjob.storage.existingClaim
[INFO] Auditing path $.backup.cronjob.storage.mountPath
[INFO] Auditing path $.backup.cronjob.storage.resourcePolicy
[INFO] Auditing path $.backup.cronjob.storage.size
[INFO] Auditing path $.backup.cronjob.storage.storageClass
[INFO] Auditing path $.backup.cronjob.storage.subPath
[INFO] Auditing path $.backup.cronjob.storage.volumeClaimTemplates
[INFO] Auditing path $.backup.cronjob.storage.volumeClaimTemplates.selector
[INFO] Auditing path $.backup.cronjob.successfulJobsHistoryLimit
[INFO] Auditing path $.backup.cronjob.timeZone
[INFO] Auditing path $.backup.cronjob.tolerations
[INFO] Auditing path $.backup.cronjob.ttlSecondsAfterFinished
[INFO] Auditing path $.backup.enabled
[INFO] Auditing path $.backup
[INFO] Auditing path $.clusterDomain
[INFO] Auditing path $.commonAnnotations
[INFO] Auditing path $.commonLabels
[INFO] Auditing path $.containerPorts.postgresql
[INFO] Auditing path $.containerPorts
[INFO] Auditing path $.diagnosticMode.args
[INFO] Auditing path $.diagnosticMode.command
[INFO] Auditing path $.diagnosticMode.enabled
[INFO] Auditing path $.diagnosticMode
[INFO] Auditing path $.extraDeploy[*]
[INFO] Auditing path $.extraDeploy
[INFO] Auditing path $.fullnameOverride
[INFO] Auditing path $.global.compatibility
[INFO] Auditing path $.global.compatibility.openshift
[INFO] Auditing path $.global.compatibility.openshift.adaptSecurityContext
[INFO] Auditing path $.global.defaultStorageClass
[INFO] Auditing path $.global.imagePullSecrets
[INFO] Auditing path $.global.imageRegistry
[INFO] Auditing path $.global.postgresql
[INFO] Auditing path $.global.postgresql.auth
[INFO] Auditing path $.global.postgresql.auth.database
[INFO] Auditing path $.global.postgresql.auth.existingSecret
[INFO] Auditing path $.global.postgresql.auth.password
[INFO] Auditing path $.global.postgresql.auth.postgresPassword
[INFO] Auditing path $.global.postgresql.auth.secretKeys
[INFO] Auditing path $.global.postgresql.auth.secretKeys.adminPasswordKey
[INFO] Auditing path $.global.postgresql.auth.secretKeys.metricsPasswordKey
[INFO] Auditing path $.global.postgresql.auth.secretKeys.replicationPasswordKey
[INFO] Auditing path $.global.postgresql.auth.secretKeys.userPasswordKey
[INFO] Auditing path $.global.postgresql.auth.username
[INFO] Auditing path $.global.postgresql.fullnameOverride
[INFO] Auditing path $.global.postgresql.service
[INFO] Auditing path $.global.postgresql.service.ports
[INFO] Auditing path $.global.postgresql.service.ports.postgresql
[INFO] Auditing path $.global.security
[INFO] Auditing path $.global.security.allowInsecureImages
[INFO] Auditing path $.global.storageClass
[INFO] Auditing path $.global
[INFO] Auditing path $.image.debug
[INFO] Auditing path $.image.digest
[INFO] Auditing path $.image.pullPolicy
[INFO] Auditing path $.image.pullSecrets
[INFO] Auditing path $.image.registry
[INFO] Auditing path $.image.repository
[INFO] Auditing path $.image.tag
[INFO] Auditing path $.image
[INFO] Auditing path $.kubeVersion
[INFO] Auditing path $.ldap.baseDN
[INFO] Auditing path $.ldap.basedn
[INFO] Auditing path $.ldap.bindDN
[INFO] Auditing path $.ldap.bind_password
[INFO] Auditing path $.ldap.binddn
[INFO] Auditing path $.ldap.bindpw
[INFO] Auditing path $.ldap.enabled
[INFO] Auditing path $.ldap.port
[INFO] Auditing path $.ldap.prefix
[INFO] Auditing path $.ldap.scheme
[INFO] Auditing path $.ldap.searchAttribute
[INFO] Auditing path $.ldap.searchFilter
[INFO] Auditing path $.ldap.search_attr
[INFO] Auditing path $.ldap.search_filter
[INFO] Auditing path $.ldap.server
[INFO] Auditing path $.ldap.suffix
[INFO] Auditing path $.ldap.tls
[INFO] Auditing path $.ldap.tls.enabled
[INFO] Auditing path $.ldap.uri
[INFO] Auditing path $.ldap.url
[INFO] Auditing path $.ldap
[INFO] Auditing path $.metrics.collectors
[INFO] Auditing path $.metrics.containerPorts
[INFO] Auditing path $.metrics.containerPorts.metrics
[INFO] Auditing path $.metrics.containerSecurityContext
[INFO] Auditing path $.metrics.containerSecurityContext.allowPrivilegeEscalation
[INFO] Auditing path $.metrics.containerSecurityContext.capabilities
[INFO] Auditing path $.metrics.containerSecurityContext.capabilities.drop
[INFO] Auditing path $.metrics.containerSecurityContext.enabled
[INFO] Auditing path $.metrics.containerSecurityContext.privileged
[INFO] Auditing path $.metrics.containerSecurityContext.readOnlyRootFilesystem
[INFO] Auditing path $.metrics.containerSecurityContext.runAsGroup
[INFO] Auditing path $.metrics.containerSecurityContext.runAsNonRoot
[INFO] Auditing path $.metrics.containerSecurityContext.runAsUser
[INFO] Auditing path $.metrics.containerSecurityContext.seLinuxOptions
[INFO] Auditing path $.metrics.containerSecurityContext.seccompProfile
[INFO] Auditing path $.metrics.containerSecurityContext.seccompProfile.type
[INFO] Auditing path $.metrics.customLivenessProbe
[INFO] Auditing path $.metrics.customMetrics
[INFO] Auditing path $.metrics.customReadinessProbe
[INFO] Auditing path $.metrics.customStartupProbe
[INFO] Auditing path $.metrics.enabled
[INFO] Auditing path $.metrics.extraEnvVars
[INFO] Auditing path $.metrics.image
[INFO] Auditing path $.metrics.image.digest
[INFO] Auditing path $.metrics.image.pullPolicy
[INFO] Auditing path $.metrics.image.pullSecrets
[INFO] Auditing path $.metrics.image.registry
[INFO] Auditing path $.metrics.image.repository
[INFO] Auditing path $.metrics.image.tag
[INFO] Auditing path $.metrics.livenessProbe
[INFO] Auditing path $.metrics.livenessProbe.enabled
[INFO] Auditing path $.metrics.livenessProbe.failureThreshold
[INFO] Auditing path $.metrics.livenessProbe.initialDelaySeconds
[INFO] Auditing path $.metrics.livenessProbe.periodSeconds
[INFO] Auditing path $.metrics.livenessProbe.successThreshold
[INFO] Auditing path $.metrics.livenessProbe.timeoutSeconds
[INFO] Auditing path $.metrics.prometheusRule
[INFO] Auditing path $.metrics.prometheusRule.enabled
[INFO] Auditing path $.metrics.prometheusRule.labels
[INFO] Auditing path $.metrics.prometheusRule.namespace
[INFO] Auditing path $.metrics.prometheusRule.rules
[INFO] Auditing path $.metrics.readinessProbe
[INFO] Auditing path $.metrics.readinessProbe.enabled
[INFO] Auditing path $.metrics.readinessProbe.failureThreshold
[INFO] Auditing path $.metrics.readinessProbe.initialDelaySeconds
[INFO] Auditing path $.metrics.readinessProbe.periodSeconds
[INFO] Auditing path $.metrics.readinessProbe.successThreshold
[INFO] Auditing path $.metrics.readinessProbe.timeoutSeconds
[INFO] Auditing path $.metrics.resources
[INFO] Auditing path $.metrics.resourcesPreset
[INFO] Auditing path $.metrics.service
[INFO] Auditing path $.metrics.service.annotations
[INFO] Auditing path $.metrics.service.annotations["prometheus.io/port"]
[INFO] Auditing path $.metrics.service.annotations["prometheus.io/scrape"]
[INFO] Auditing path $.metrics.service.clusterIP
[INFO] Auditing path $.metrics.service.ports
[INFO] Auditing path $.metrics.service.ports.metrics
[INFO] Auditing path $.metrics.service.sessionAffinity
[INFO] Auditing path $.metrics.serviceMonitor
[INFO] Auditing path $.metrics.serviceMonitor.enabled
[INFO] Auditing path $.metrics.serviceMonitor.honorLabels
[INFO] Auditing path $.metrics.serviceMonitor.interval
[INFO] Auditing path $.metrics.serviceMonitor.jobLabel
[INFO] Auditing path $.metrics.serviceMonitor.labels
[INFO] Auditing path $.metrics.serviceMonitor.metricRelabelings
[INFO] Auditing path $.metrics.serviceMonitor.namespace
[INFO] Auditing path $.metrics.serviceMonitor.relabelings
[INFO] Auditing path $.metrics.serviceMonitor.scrapeTimeout
[INFO] Auditing path $.metrics.serviceMonitor.selector
[INFO] Auditing path $.metrics.startupProbe
[INFO] Auditing path $.metrics.startupProbe.enabled
[INFO] Auditing path $.metrics.startupProbe.failureThreshold
[INFO] Auditing path $.metrics.startupProbe.initialDelaySeconds
[INFO] Auditing path $.metrics.startupProbe.periodSeconds
[INFO] Auditing path $.metrics.startupProbe.successThreshold
[INFO] Auditing path $.metrics.startupProbe.timeoutSeconds
[INFO] Auditing path $.metrics
[INFO] Auditing path $.nameOverride
[INFO] Auditing path $.namespaceOverride
[INFO] Auditing path $.passwordUpdateJob.annotations
[INFO] Auditing path $.passwordUpdateJob.args
[INFO] Auditing path $.passwordUpdateJob.automountServiceAccountToken
[INFO] Auditing path $.passwordUpdateJob.backoffLimit
[INFO] Auditing path $.passwordUpdateJob.command
[INFO] Auditing path $.passwordUpdateJob.containerSecurityContext
[INFO] Auditing path $.passwordUpdateJob.containerSecurityContext.allowPrivilegeEscalation
[INFO] Auditing path $.passwordUpdateJob.containerSecurityContext.capabilities
[INFO] Auditing path $.passwordUpdateJob.containerSecurityContext.capabilities.drop
[INFO] Auditing path $.passwordUpdateJob.containerSecurityContext.enabled
[INFO] Auditing path $.passwordUpdateJob.containerSecurityContext.privileged
[INFO] Auditing path $.passwordUpdateJob.containerSecurityContext.readOnlyRootFilesystem
[INFO] Auditing path $.passwordUpdateJob.containerSecurityContext.runAsGroup
[INFO] Auditing path $.passwordUpdateJob.containerSecurityContext.runAsNonRoot
[INFO] Auditing path $.passwordUpdateJob.containerSecurityContext.runAsUser
[INFO] Auditing path $.passwordUpdateJob.containerSecurityContext.seLinuxOptions
[INFO] Auditing path $.passwordUpdateJob.containerSecurityContext.seccompProfile
[INFO] Auditing path $.passwordUpdateJob.containerSecurityContext.seccompProfile.type
[INFO] Auditing path $.passwordUpdateJob.customLivenessProbe
[INFO] Auditing path $.passwordUpdateJob.customReadinessProbe
[INFO] Auditing path $.passwordUpdateJob.customStartupProbe
[INFO] Auditing path $.passwordUpdateJob.enabled
[INFO] Auditing path $.passwordUpdateJob.extraCommands
[INFO] Auditing path $.passwordUpdateJob.extraEnvVars
[INFO] Auditing path $.passwordUpdateJob.extraEnvVarsCM
[INFO] Auditing path $.passwordUpdateJob.extraEnvVarsSecret
[INFO] Auditing path $.passwordUpdateJob.extraVolumeMounts
[INFO] Auditing path $.passwordUpdateJob.extraVolumes
[INFO] Auditing path $.passwordUpdateJob.hostAliases
[INFO] Auditing path $.passwordUpdateJob.initContainers
[INFO] Auditing path $.passwordUpdateJob.podAnnotations
[INFO] Auditing path $.passwordUpdateJob.podLabels
[INFO] Auditing path $.passwordUpdateJob.podSecurityContext
[INFO] Auditing path $.passwordUpdateJob.podSecurityContext.enabled
[INFO] Auditing path $.passwordUpdateJob.podSecurityContext.fsGroup
[INFO] Auditing path $.passwordUpdateJob.podSecurityContext.fsGroupChangePolicy
[INFO] Auditing path $.passwordUpdateJob.podSecurityContext.seccompProfile
[INFO] Auditing path $.passwordUpdateJob.podSecurityContext.seccompProfile.type
[INFO] Auditing path $.passwordUpdateJob.podSecurityContext.supplementalGroups
[INFO] Auditing path $.passwordUpdateJob.podSecurityContext.sysctls
[INFO] Auditing path $.passwordUpdateJob.previousPasswords
[INFO] Auditing path $.passwordUpdateJob.previousPasswords.existingSecret
[INFO] Auditing path $.passwordUpdateJob.previousPasswords.password
[INFO] Auditing path $.passwordUpdateJob.previousPasswords.postgresPassword
[INFO] Auditing path $.passwordUpdateJob.previousPasswords.replicationPassword
[INFO] Auditing path $.passwordUpdateJob.resources
[INFO] Auditing path $.passwordUpdateJob.resourcesPreset
[INFO] Auditing path $.passwordUpdateJob
[INFO] Auditing path $.persistence.size
[INFO] Auditing path $.persistence
[INFO] Auditing path $.postgresqlDataDir
[INFO] Auditing path $.postgresqlSharedPreloadLibraries
[INFO] Auditing path $.primary.affinity
[INFO] Auditing path $.primary.annotations
[INFO] Auditing path $.primary.args
[INFO] Auditing path $.primary.automountServiceAccountToken
[INFO] Auditing path $.primary.command
[INFO] Auditing path $.primary.configuration
[INFO] Auditing path $.primary.containerSecurityContext
[INFO] Auditing path $.primary.containerSecurityContext.allowPrivilegeEscalation
[INFO] Auditing path $.primary.containerSecurityContext.capabilities
[INFO] Auditing path $.primary.containerSecurityContext.capabilities.drop
[INFO] Auditing path $.primary.containerSecurityContext.enabled
[INFO] Auditing path $.primary.containerSecurityContext.privileged
[INFO] Auditing path $.primary.containerSecurityContext.readOnlyRootFilesystem
[INFO] Auditing path $.primary.containerSecurityContext.runAsGroup
[INFO] Auditing path $.primary.containerSecurityContext.runAsNonRoot
[INFO] Auditing path $.primary.containerSecurityContext.runAsUser
[INFO] Auditing path $.primary.containerSecurityContext.seLinuxOptions
[INFO] Auditing path $.primary.containerSecurityContext.seccompProfile
[INFO] Auditing path $.primary.containerSecurityContext.seccompProfile.type
[INFO] Auditing path $.primary.customLivenessProbe
[INFO] Auditing path $.primary.customReadinessProbe
[INFO] Auditing path $.primary.customStartupProbe
[INFO] Auditing path $.primary.existingConfigmap
[INFO] Auditing path $.primary.existingExtendedConfigmap
[INFO] Auditing path $.primary.extendedConfiguration
[INFO] Auditing path $.primary.extraEnvVars
[INFO] Auditing path $.primary.extraEnvVarsCM
[INFO] Auditing path $.primary.extraEnvVarsSecret
[INFO] Auditing path $.primary.extraPodSpec
[INFO] Auditing path $.primary.extraVolumeMounts
[INFO] Auditing path $.primary.extraVolumes
[INFO] Auditing path $.primary.hostAliases
[INFO] Auditing path $.primary.hostIPC
[INFO] Auditing path $.primary.hostNetwork
[INFO] Auditing path $.primary.initContainers
[INFO] Auditing path $.primary.initdb
[INFO] Auditing path $.primary.initdb.args
[INFO] Auditing path $.primary.initdb.password
[INFO] Auditing path $.primary.initdb.postgresqlWalDir
[INFO] Auditing path $.primary.initdb.scripts
[INFO] Auditing path $.primary.initdb.scriptsConfigMap
[INFO] Auditing path $.primary.initdb.scriptsSecret
[INFO] Auditing path $.primary.initdb.user
[INFO] Auditing path $.primary.labels
[INFO] Auditing path $.primary.lifecycleHooks
[INFO] Auditing path $.primary.livenessProbe
[INFO] Auditing path $.primary.livenessProbe.enabled
[INFO] Auditing path $.primary.livenessProbe.failureThreshold
[INFO] Auditing path $.primary.livenessProbe.initialDelaySeconds
[INFO] Auditing path $.primary.livenessProbe.periodSeconds
[INFO] Auditing path $.primary.livenessProbe.successThreshold
[INFO] Auditing path $.primary.livenessProbe.timeoutSeconds
[INFO] Auditing path $.primary.name
[INFO] Auditing path $.primary.networkPolicy
[INFO] Auditing path $.primary.networkPolicy.allowExternal
[INFO] Auditing path $.primary.networkPolicy.allowExternalEgress
[INFO] Auditing path $.primary.networkPolicy.enabled
[INFO] Auditing path $.primary.networkPolicy.extraEgress
[INFO] Auditing path $.primary.networkPolicy.extraIngress
[INFO] Auditing path $.primary.networkPolicy.ingressNSMatchLabels
[INFO] Auditing path $.primary.networkPolicy.ingressNSMatchLabels[*]
[INFO] Auditing path $.primary.networkPolicy.ingressNSPodMatchLabels
[INFO] Auditing path $.primary.networkPolicy.ingressNSPodMatchLabels[*]
[INFO] Auditing path $.primary.nodeAffinityPreset
[INFO] Auditing path $.primary.nodeAffinityPreset.key
[INFO] Auditing path $.primary.nodeAffinityPreset.type
[INFO] Auditing path $.primary.nodeAffinityPreset.values
[INFO] Auditing path $.primary.nodeSelector
[INFO] Auditing path $.primary.pdb
[INFO] Auditing path $.primary.pdb.create
[INFO] Auditing path $.primary.pdb.maxUnavailable
[INFO] Auditing path $.primary.pdb.minAvailable
[INFO] Auditing path $.primary.persistence
[INFO] Auditing path $.primary.persistence.accessModes
[INFO] Auditing path $.primary.persistence.annotations
[INFO] Auditing path $.primary.persistence.dataSource
[INFO] Auditing path $.primary.persistence.enabled
[INFO] Auditing path $.primary.persistence.existingClaim
[INFO] Auditing path $.primary.persistence.labels
[INFO] Auditing path $.primary.persistence.mountPath
[INFO] Auditing path $.primary.persistence.selector
[INFO] Auditing path $.primary.persistence.size
[INFO] Auditing path $.primary.persistence.storageClass
[INFO] Auditing path $.primary.persistence.subPath
[INFO] Auditing path $.primary.persistence.volumeName
[INFO] Auditing path $.primary.persistentVolumeClaimRetentionPolicy
[INFO] Auditing path $.primary.persistentVolumeClaimRetentionPolicy.enabled
[INFO] Auditing path $.primary.persistentVolumeClaimRetentionPolicy.whenDeleted
[INFO] Auditing path $.primary.persistentVolumeClaimRetentionPolicy.whenScaled
[INFO] Auditing path $.primary.pgHbaConfiguration
[INFO] Auditing path $.primary.podAffinityPreset
[INFO] Auditing path $.primary.podAnnotations
[INFO] Auditing path $.primary.podAntiAffinityPreset
[INFO] Auditing path $.primary.podLabels
[INFO] Auditing path $.primary.podSecurityContext
[INFO] Auditing path $.primary.podSecurityContext.enabled
[INFO] Auditing path $.primary.podSecurityContext.fsGroup
[INFO] Auditing path $.primary.podSecurityContext.fsGroupChangePolicy
[INFO] Auditing path $.primary.podSecurityContext.seccompProfile
[INFO] Auditing path $.primary.podSecurityContext.seccompProfile.type
[INFO] Auditing path $.primary.podSecurityContext.supplementalGroups
[INFO] Auditing path $.primary.podSecurityContext.sysctls
[INFO] Auditing path $.primary.preInitDb
[INFO] Auditing path $.primary.preInitDb.scripts
[INFO] Auditing path $.primary.preInitDb.scriptsConfigMap
[INFO] Auditing path $.primary.preInitDb.scriptsSecret
[INFO] Auditing path $.primary.priorityClassName
[INFO] Auditing path $.primary.readinessProbe
[INFO] Auditing path $.primary.readinessProbe.enabled
[INFO] Auditing path $.primary.readinessProbe.failureThreshold
[INFO] Auditing path $.primary.readinessProbe.initialDelaySeconds
[INFO] Auditing path $.primary.readinessProbe.periodSeconds
[INFO] Auditing path $.primary.readinessProbe.successThreshold
[INFO] Auditing path $.primary.readinessProbe.timeoutSeconds
[INFO] Auditing path $.primary.replicaCount
[INFO] Auditing path $.primary.resources
[INFO] Auditing path $.primary.resourcesPreset
[INFO] Auditing path $.primary.schedulerName
[INFO] Auditing path $.primary.service
[INFO] Auditing path $.primary.service.annotations
[INFO] Auditing path $.primary.service.clusterIP
[INFO] Auditing path $.primary.service.enabled
[INFO] Auditing path $.primary.service.externalTrafficPolicy
[INFO] Auditing path $.primary.service.extraPorts
[INFO] Auditing path $.primary.service.headless
[INFO] Auditing path $.primary.service.headless.annotations
[INFO] Auditing path $.primary.service.labels
[INFO] Auditing path $.primary.service.loadBalancerClass
[INFO] Auditing path $.primary.service.loadBalancerIP
[INFO] Auditing path $.primary.service.loadBalancerSourceRanges
[INFO] Auditing path $.primary.service.nodePorts
[INFO] Auditing path $.primary.service.nodePorts.postgresql
[INFO] Auditing path $.primary.service.ports
[INFO] Auditing path $.primary.service.ports.postgresql
[INFO] Auditing path $.primary.service.sessionAffinity
[INFO] Auditing path $.primary.service.sessionAffinityConfig
[INFO] Auditing path $.primary.service.type
[INFO] Auditing path $.primary.sidecars
[INFO] Auditing path $.primary.standby
[INFO] Auditing path $.primary.standby.enabled
[INFO] Auditing path $.primary.standby.primaryHost
[INFO] Auditing path $.primary.standby.primaryPort
[INFO] Auditing path $.primary.startupProbe
[INFO] Auditing path $.primary.startupProbe.enabled
[INFO] Auditing path $.primary.startupProbe.failureThreshold
[INFO] Auditing path $.primary.startupProbe.initialDelaySeconds
[INFO] Auditing path $.primary.startupProbe.periodSeconds
[INFO] Auditing path $.primary.startupProbe.successThreshold
[INFO] Auditing path $.primary.startupProbe.timeoutSeconds
[INFO] Auditing path $.primary.terminationGracePeriodSeconds
[INFO] Auditing path $.primary.tolerations
[INFO] Auditing path $.primary.topologySpreadConstraints
[INFO] Auditing path $.primary.updateStrategy
[INFO] Auditing path $.primary.updateStrategy.rollingUpdate
[INFO] Auditing path $.primary.updateStrategy.type
[INFO] Auditing path $.primary
[INFO] Auditing path $.psp.create
[INFO] Auditing path $.psp
[INFO] Auditing path $.rbac.create
[INFO] Auditing path $.rbac.rules
[INFO] Auditing path $.rbac
[INFO] Auditing path $.readReplicas.affinity
[INFO] Auditing path $.readReplicas.annotations
[INFO] Auditing path $.readReplicas.args
[INFO] Auditing path $.readReplicas.automountServiceAccountToken
[INFO] Auditing path $.readReplicas.command
[INFO] Auditing path $.readReplicas.containerSecurityContext
[INFO] Auditing path $.readReplicas.containerSecurityContext.allowPrivilegeEscalation
[INFO] Auditing path $.readReplicas.containerSecurityContext.capabilities
[INFO] Auditing path $.readReplicas.containerSecurityContext.capabilities.drop
[INFO] Auditing path $.readReplicas.containerSecurityContext.enabled
[INFO] Auditing path $.readReplicas.containerSecurityContext.privileged
[INFO] Auditing path $.readReplicas.containerSecurityContext.readOnlyRootFilesystem
[INFO] Auditing path $.readReplicas.containerSecurityContext.runAsGroup
[INFO] Auditing path $.readReplicas.containerSecurityContext.runAsNonRoot
[INFO] Auditing path $.readReplicas.containerSecurityContext.runAsUser
[INFO] Auditing path $.readReplicas.containerSecurityContext.seLinuxOptions
[INFO] Auditing path $.readReplicas.containerSecurityContext.seccompProfile
[INFO] Auditing path $.readReplicas.containerSecurityContext.seccompProfile.type
[INFO] Auditing path $.readReplicas.customLivenessProbe
[INFO] Auditing path $.readReplicas.customReadinessProbe
[INFO] Auditing path $.readReplicas.customStartupProbe
[INFO] Auditing path $.readReplicas.extendedConfiguration
[INFO] Auditing path $.readReplicas.extraEnvVars
[INFO] Auditing path $.readReplicas.extraEnvVarsCM
[INFO] Auditing path $.readReplicas.extraEnvVarsSecret
[INFO] Auditing path $.readReplicas.extraPodSpec
[INFO] Auditing path $.readReplicas.extraVolumeMounts
[INFO] Auditing path $.readReplicas.extraVolumes
[INFO] Auditing path $.readReplicas.hostAliases
[INFO] Auditing path $.readReplicas.hostIPC
[INFO] Auditing path $.readReplicas.hostNetwork
[INFO] Auditing path $.readReplicas.initContainers
[INFO] Auditing path $.readReplicas.labels
[INFO] Auditing path $.readReplicas.lifecycleHooks
[INFO] Auditing path $.readReplicas.livenessProbe
[INFO] Auditing path $.readReplicas.livenessProbe.enabled
[INFO] Auditing path $.readReplicas.livenessProbe.failureThreshold
[INFO] Auditing path $.readReplicas.livenessProbe.initialDelaySeconds
[INFO] Auditing path $.readReplicas.livenessProbe.periodSeconds
[INFO] Auditing path $.readReplicas.livenessProbe.successThreshold
[INFO] Auditing path $.readReplicas.livenessProbe.timeoutSeconds
[INFO] Auditing path $.readReplicas.name
[INFO] Auditing path $.readReplicas.networkPolicy
[INFO] Auditing path $.readReplicas.networkPolicy.allowExternal
[INFO] Auditing path $.readReplicas.networkPolicy.allowExternalEgress
[INFO] Auditing path $.readReplicas.networkPolicy.enabled
[INFO] Auditing path $.readReplicas.networkPolicy.extraEgress
[INFO] Auditing path $.readReplicas.networkPolicy.extraIngress
[INFO] Auditing path $.readReplicas.networkPolicy.ingressNSMatchLabels
[INFO] Auditing path $.readReplicas.networkPolicy.ingressNSMatchLabels[*]
[INFO] Auditing path $.readReplicas.networkPolicy.ingressNSPodMatchLabels
[INFO] Auditing path $.readReplicas.networkPolicy.ingressNSPodMatchLabels[*]
[INFO] Auditing path $.readReplicas.nodeAffinityPreset
[INFO] Auditing path $.readReplicas.nodeAffinityPreset.key
[INFO] Auditing path $.readReplicas.nodeAffinityPreset.type
[INFO] Auditing path $.readReplicas.nodeAffinityPreset.values
[INFO] Auditing path $.readReplicas.nodeSelector
[INFO] Auditing path $.readReplicas.pdb
[INFO] Auditing path $.readReplicas.pdb.create
[INFO] Auditing path $.readReplicas.pdb.maxUnavailable
[INFO] Auditing path $.readReplicas.pdb.minAvailable
[INFO] Auditing path $.readReplicas.persistence
[INFO] Auditing path $.readReplicas.persistence.accessModes
[INFO] Auditing path $.readReplicas.persistence.annotations
[INFO] Auditing path $.readReplicas.persistence.dataSource
[INFO] Auditing path $.readReplicas.persistence.enabled
[INFO] Auditing path $.readReplicas.persistence.existingClaim
[INFO] Auditing path $.readReplicas.persistence.labels
[INFO] Auditing path $.readReplicas.persistence.mountPath
[INFO] Auditing path $.readReplicas.persistence.selector
[INFO] Auditing path $.readReplicas.persistence.size
[INFO] Auditing path $.readReplicas.persistence.storageClass
[INFO] Auditing path $.readReplicas.persistence.subPath
[INFO] Auditing path $.readReplicas.persistentVolumeClaimRetentionPolicy
[INFO] Auditing path $.readReplicas.persistentVolumeClaimRetentionPolicy.enabled
[INFO] Auditing path $.readReplicas.persistentVolumeClaimRetentionPolicy.whenDeleted
[INFO] Auditing path $.readReplicas.persistentVolumeClaimRetentionPolicy.whenScaled
[INFO] Auditing path $.readReplicas.podAffinityPreset
[INFO] Auditing path $.readReplicas.podAnnotations
[INFO] Auditing path $.readReplicas.podAntiAffinityPreset
[INFO] Auditing path $.readReplicas.podLabels
[INFO] Auditing path $.readReplicas.podSecurityContext
[INFO] Auditing path $.readReplicas.podSecurityContext.enabled
[INFO] Auditing path $.readReplicas.podSecurityContext.fsGroup
[INFO] Auditing path $.readReplicas.podSecurityContext.fsGroupChangePolicy
[INFO] Auditing path $.readReplicas.podSecurityContext.seccompProfile
[INFO] Auditing path $.readReplicas.podSecurityContext.seccompProfile.type
[INFO] Auditing path $.readReplicas.podSecurityContext.supplementalGroups
[INFO] Auditing path $.readReplicas.podSecurityContext.sysctls
[INFO] Auditing path $.readReplicas.priorityClassName
[INFO] Auditing path $.readReplicas.readinessProbe
[INFO] Auditing path $.readReplicas.readinessProbe.enabled
[INFO] Auditing path $.readReplicas.readinessProbe.failureThreshold
[INFO] Auditing path $.readReplicas.readinessProbe.initialDelaySeconds
[INFO] Auditing path $.readReplicas.readinessProbe.periodSeconds
[INFO] Auditing path $.readReplicas.readinessProbe.successThreshold
[INFO] Auditing path $.readReplicas.readinessProbe.timeoutSeconds
[INFO] Auditing path $.readReplicas.replicaCount
[INFO] Auditing path $.readReplicas.resources
[INFO] Auditing path $.readReplicas.resourcesPreset
[INFO] Auditing path $.readReplicas.schedulerName
[INFO] Auditing path $.readReplicas.service
[INFO] Auditing path $.readReplicas.service.annotations
[INFO] Auditing path $.readReplicas.service.clusterIP
[INFO] Auditing path $.readReplicas.service.externalTrafficPolicy
[INFO] Auditing path $.readReplicas.service.extraPorts
[INFO] Auditing path $.readReplicas.service.headless
[INFO] Auditing path $.readReplicas.service.headless.annotations
[INFO] Auditing path $.readReplicas.service.labels
[INFO] Auditing path $.readReplicas.service.loadBalancerClass
[INFO] Auditing path $.readReplicas.service.loadBalancerIP
[INFO] Auditing path $.readReplicas.service.loadBalancerSourceRanges
[INFO] Auditing path $.readReplicas.service.nodePorts
[INFO] Auditing path $.readReplicas.service.nodePorts.postgresql
[INFO] Auditing path $.readReplicas.service.ports
[INFO] Auditing path $.readReplicas.service.ports.postgresql
[INFO] Auditing path $.readReplicas.service.sessionAffinity
[INFO] Auditing path $.readReplicas.service.sessionAffinityConfig
[INFO] Auditing path $.readReplicas.service.type
[INFO] Auditing path $.readReplicas.sidecars
[INFO] Auditing path $.readReplicas.startupProbe
[INFO] Auditing path $.readReplicas.startupProbe.enabled
[INFO] Auditing path $.readReplicas.startupProbe.failureThreshold
[INFO] Auditing path $.readReplicas.startupProbe.initialDelaySeconds
[INFO] Auditing path $.readReplicas.startupProbe.periodSeconds
[INFO] Auditing path $.readReplicas.startupProbe.successThreshold
[INFO] Auditing path $.readReplicas.startupProbe.timeoutSeconds
[INFO] Auditing path $.readReplicas.terminationGracePeriodSeconds
[INFO] Auditing path $.readReplicas.tolerations
[INFO] Auditing path $.readReplicas.topologySpreadConstraints
[INFO] Auditing path $.readReplicas.updateStrategy
[INFO] Auditing path $.readReplicas.updateStrategy.rollingUpdate
[INFO] Auditing path $.readReplicas.updateStrategy.type
[INFO] Auditing path $.readReplicas
[INFO] Auditing path $.replication.applicationName
[INFO] Auditing path $.replication.enabled
[INFO] Auditing path $.replication.numSynchronousReplicas
[INFO] Auditing path $.replication.readReplicas
[INFO] Auditing path $.replication.synchronousCommit
[INFO] Auditing path $.replication
[INFO] Auditing path $.resources.requests
[INFO] Auditing path $.resources.requests.cpu
[INFO] Auditing path $.resources.requests.memory
[INFO] Auditing path $.resources
[INFO] Auditing path $.secretAnnotations
[INFO] Auditing path $.serviceAccount.annotations
[INFO] Auditing path $.serviceAccount.automountServiceAccountToken
[INFO] Auditing path $.serviceAccount.create
[INFO] Auditing path $.serviceAccount.name
[INFO] Auditing path $.serviceAccount
[INFO] Auditing path $.serviceBindings.enabled
[INFO] Auditing path $.serviceBindings
[INFO] Auditing path $.shmVolume.enabled
[INFO] Auditing path $.shmVolume.sizeLimit
[INFO] Auditing path $.shmVolume
[INFO] Auditing path $.tls.autoGenerated
[INFO] Auditing path $.tls.certCAFilename
[INFO] Auditing path $.tls.certFilename
[INFO] Auditing path $.tls.certKeyFilename
[INFO] Auditing path $.tls.certificatesSecret
[INFO] Auditing path $.tls.crlFilename
[INFO] Auditing path $.tls.enabled
[INFO] Auditing path $.tls.preferServerCiphers
[INFO] Auditing path $.tls
[INFO] Auditing path $.volumePermissions.containerSecurityContext
[INFO] Auditing path $.volumePermissions.containerSecurityContext.runAsGroup
[INFO] Auditing path $.volumePermissions.containerSecurityContext.runAsNonRoot
[INFO] Auditing path $.volumePermissions.containerSecurityContext.runAsUser
[INFO] Auditing path $.volumePermissions.containerSecurityContext.seLinuxOptions
[INFO] Auditing path $.volumePermissions.containerSecurityContext.seccompProfile
[INFO] Auditing path $.volumePermissions.containerSecurityContext.seccompProfile.type
[INFO] Auditing path $.volumePermissions.enabled
[INFO] Auditing path $.volumePermissions.image
[INFO] Auditing path $.volumePermissions.image.digest
[INFO] Auditing path $.volumePermissions.image.pullPolicy
[INFO] Auditing path $.volumePermissions.image.pullSecrets
[INFO] Auditing path $.volumePermissions.image.registry
[INFO] Auditing path $.volumePermissions.image.repository
[INFO] Auditing path $.volumePermissions.image.tag
[INFO] Auditing path $.volumePermissions.resources
[INFO] Auditing path $.volumePermissions.resourcesPreset
[INFO] Auditing path $.volumePermissions
