[INFO] Auditing path $.affinity
[INFO] Auditing path $.annotations
[INFO] Auditing path $.auth.enabled
[INFO] Auditing path $.auth.redisPassword
[INFO] Auditing path $.auth.redisPasswordFile
[INFO] Auditing path $.auth.redisPasswordFile.mountPath
[INFO] Auditing path $.auth.redisPasswordFile.secret
[INFO] Auditing path $.auth.redisPasswordFile.secret.key
[INFO] Auditing path $.auth.redisPasswordFile.secret.name
[INFO] Auditing path $.auth.redisUser
[INFO] Auditing path $.auth.secret
[INFO] Auditing path $.auth.secret.key
[INFO] Auditing path $.auth.secret.name
[INFO] Auditing path $.auth
[INFO] Auditing path $.command
[INFO] Auditing path $.customLabels
[INFO] Auditing path $.env
[INFO] Auditing path $.extraArgs[*]
[INFO] Auditing path $.extraArgs
[INFO] Auditing path $.extraManifests[*]
[INFO] Auditing path $.extraManifests
[INFO] Auditing path $.image.pullPolicy
[INFO] Auditing path $.image.pullSecrets
[INFO] Auditing path $.image.pullSecrets[*]
[INFO] Auditing path $.image.repository
[INFO] Auditing path $.image.tag
[INFO] Auditing path $.image
[INFO] Auditing path $.labels
[INFO] Auditing path $.networkPolicy.enabled
[INFO] Auditing path $.networkPolicy.ingressFrom
[INFO] Auditing path $.networkPolicy
[INFO] Auditing path $.nodeSelector
[INFO] Auditing path $.podSecurityContext
[INFO] Auditing path $.priorityClassName
[INFO] Auditing path $.prometheusRule.additionalLabels
[INFO] Auditing path $.prometheusRule.enabled
[INFO] Auditing path $.prometheusRule.namespace
[INFO] Auditing path $.prometheusRule.rules
[INFO] Auditing path $.prometheusRule
[INFO] Auditing path $.rbac.create
[INFO] Auditing path $.rbac.pspEnabled
[INFO] Auditing path $.rbac
[INFO] Auditing path $.redisAddress
[INFO] Auditing path $.redisAddressConfig.enabled
[INFO] Auditing path $.redisAddressConfig.isSecret
[INFO] Auditing path $.redisAddressConfig.source
[INFO] Auditing path $.redisAddressConfig.source.key
[INFO] Auditing path $.redisAddressConfig.source.name
[INFO] Auditing path $.redisAddressConfig
[INFO] Auditing path $.redisTlsConfig.caCertFile
[INFO] Auditing path $.redisTlsConfig.caCertFile.secret
[INFO] Auditing path $.redisTlsConfig.caCertFile.secret.key
[INFO] Auditing path $.redisTlsConfig.caCertFile.secret.name
[INFO] Auditing path $.redisTlsConfig.clientCertFile
[INFO] Auditing path $.redisTlsConfig.clientCertFile.secret
[INFO] Auditing path $.redisTlsConfig.clientCertFile.secret.key
[INFO] Auditing path $.redisTlsConfig.clientCertFile.secret.name
[INFO] Auditing path $.redisTlsConfig.clientKeyFile
[INFO] Auditing path $.redisTlsConfig.clientKeyFile.secret
[INFO] Auditing path $.redisTlsConfig.clientKeyFile.secret.key
[INFO] Auditing path $.redisTlsConfig.clientKeyFile.secret.name
[INFO] Auditing path $.redisTlsConfig.enabled
[INFO] Auditing path $.redisTlsConfig.mountPath
[INFO] Auditing path $.redisTlsConfig.serverCertFile
[INFO] Auditing path $.redisTlsConfig.serverCertFile.secret
[INFO] Auditing path $.redisTlsConfig.serverCertFile.secret.key
[INFO] Auditing path $.redisTlsConfig.serverCertFile.secret.name
[INFO] Auditing path $.redisTlsConfig.serverKeyFile
[INFO] Auditing path $.redisTlsConfig.serverKeyFile.secret
[INFO] Auditing path $.redisTlsConfig.serverKeyFile.secret.key
[INFO] Auditing path $.redisTlsConfig.serverKeyFile.secret.name
[INFO] Auditing path $.redisTlsConfig.skipTlsVerification
[INFO] Auditing path $.redisTlsConfig
[INFO] Auditing path $.replicaCount
[INFO] Auditing path $.resources
[INFO] Auditing path $.script.configmap
[INFO] Auditing path $.script.keyname
[INFO] Auditing path $.script
[INFO] Auditing path $.securityContext
[INFO] Auditing path $.service.annotations
[INFO] Auditing path $.service.labels
[INFO] Auditing path $.service.port
[INFO] Auditing path $.service.portName
[INFO] Auditing path $.service.type
[INFO] Auditing path $.service
[INFO] Auditing path $.serviceAccount.create
[INFO] Auditing path $.serviceAccount.name
[INFO] Auditing path $.serviceAccount
[INFO] Auditing path $.serviceMonitor.additionalLabels
[INFO] Auditing path $.serviceMonitor.additionalMetricsRelabels
[INFO] Auditing path $.serviceMonitor.additionalRelabeling
[INFO] Auditing path $.serviceMonitor.apiVersion
[INFO] Auditing path $.serviceMonitor.bearerTokenFile
[INFO] Auditing path $.serviceMonitor.enabled
[INFO] Auditing path $.serviceMonitor.interval
[INFO] Auditing path $.serviceMonitor.labels
[INFO] Auditing path $.serviceMonitor.metricRelabelings
[INFO] Auditing path $.serviceMonitor.multipleTarget
[INFO] Auditing path $.serviceMonitor.namespace
[INFO] Auditing path $.serviceMonitor.relabelings
[INFO] Auditing path $.serviceMonitor.scheme
[INFO] Auditing path $.serviceMonitor.scrapeTimeout
[INFO] Auditing path $.serviceMonitor.targetLabels
[INFO] Auditing path $.serviceMonitor.targetLabels[*]
[INFO] Auditing path $.serviceMonitor.targets
[INFO] Auditing path $.serviceMonitor.targets[*].additionalMetricsRelabels
[INFO] Auditing path $.serviceMonitor.targets[*].additionalRelabeling
[INFO] Auditing path $.serviceMonitor.targets[*].interval
[INFO] Auditing path $.serviceMonitor.targets[*].name
[INFO] Auditing path $.serviceMonitor.targets[*].scrapeTimeout
[INFO] Auditing path $.serviceMonitor.targets[*].url
[INFO] Auditing path $.serviceMonitor.telemetryPath
[INFO] Auditing path $.serviceMonitor.timeout
[INFO] Auditing path $.serviceMonitor.tlsConfig
[INFO] Auditing path $.serviceMonitor
[INFO] Auditing path $.tolerations
