[INFO] Auditing path $.affinity
[INFO] Auditing path $.annotations
[INFO] Auditing path $.arbiter.affinity
[INFO] Auditing path $.arbiter.annotations
[INFO] Auditing path $.arbiter.args
[INFO] Auditing path $.arbiter.automountServiceAccountToken
[INFO] Auditing path $.arbiter.command
[INFO] Auditing path $.arbiter.configuration
[INFO] Auditing path $.arbiter.containerPorts
[INFO] Auditing path $.arbiter.containerPorts.mongodb
[INFO] Auditing path $.arbiter.containerSecurityContext
[INFO] Auditing path $.arbiter.containerSecurityContext.allowPrivilegeEscalation
[INFO] Auditing path $.arbiter.containerSecurityContext.capabilities
[INFO] Auditing path $.arbiter.containerSecurityContext.capabilities.drop
[INFO] Auditing path $.arbiter.containerSecurityContext.enabled
[INFO] Auditing path $.arbiter.containerSecurityContext.privileged
[INFO] Auditing path $.arbiter.containerSecurityContext.readOnlyRootFilesystem
[INFO] Auditing path $.arbiter.containerSecurityContext.runAsGroup
[INFO] Auditing path $.arbiter.containerSecurityContext.runAsNonRoot
[INFO] Auditing path $.arbiter.containerSecurityContext.runAsUser
[INFO] Auditing path $.arbiter.containerSecurityContext.seLinuxOptions
[INFO] Auditing path $.arbiter.containerSecurityContext.seccompProfile
[INFO] Auditing path $.arbiter.containerSecurityContext.seccompProfile.type
[INFO] Auditing path $.arbiter.customLivenessProbe
[INFO] Auditing path $.arbiter.customReadinessProbe
[INFO] Auditing path $.arbiter.customStartupProbe
[INFO] Auditing path $.arbiter.enabled
[INFO] Auditing path $.arbiter.existingConfigmap
[INFO] Auditing path $.arbiter.extraEnvVars
[INFO] Auditing path $.arbiter.extraEnvVarsCM
[INFO] Auditing path $.arbiter.extraEnvVarsSecret
[INFO] Auditing path $.arbiter.extraFlags
[INFO] Auditing path $.arbiter.extraVolumeMounts
[INFO] Auditing path $.arbiter.extraVolumes
[INFO] Auditing path $.arbiter.hostAliases
[INFO] Auditing path $.arbiter.initContainers
[INFO] Auditing path $.arbiter.labels
[INFO] Auditing path $.arbiter.lifecycleHooks
[INFO] Auditing path $.arbiter.livenessProbe
[INFO] Auditing path $.arbiter.livenessProbe.enabled
[INFO] Auditing path $.arbiter.livenessProbe.failureThreshold
[INFO] Auditing path $.arbiter.livenessProbe.initialDelaySeconds
[INFO] Auditing path $.arbiter.livenessProbe.periodSeconds
[INFO] Auditing path $.arbiter.livenessProbe.successThreshold
[INFO] Auditing path $.arbiter.livenessProbe.timeoutSeconds
[INFO] Auditing path $.arbiter.nodeAffinityPreset
[INFO] Auditing path $.arbiter.nodeAffinityPreset.key
[INFO] Auditing path $.arbiter.nodeAffinityPreset.type
[INFO] Auditing path $.arbiter.nodeAffinityPreset.values
[INFO] Auditing path $.arbiter.nodeSelector
[INFO] Auditing path $.arbiter.pdb
[INFO] Auditing path $.arbiter.pdb.create
[INFO] Auditing path $.arbiter.pdb.maxUnavailable
[INFO] Auditing path $.arbiter.pdb.minAvailable
[INFO] Auditing path $.arbiter.podAffinityPreset
[INFO] Auditing path $.arbiter.podAnnotations
[INFO] Auditing path $.arbiter.podAntiAffinityPreset
[INFO] Auditing path $.arbiter.podLabels
[INFO] Auditing path $.arbiter.podManagementPolicy
[INFO] Auditing path $.arbiter.podSecurityContext
[INFO] Auditing path $.arbiter.podSecurityContext.enabled
[INFO] Auditing path $.arbiter.podSecurityContext.fsGroup
[INFO] Auditing path $.arbiter.podSecurityContext.fsGroupChangePolicy
[INFO] Auditing path $.arbiter.podSecurityContext.supplementalGroups
[INFO] Auditing path $.arbiter.podSecurityContext.sysctls
[INFO] Auditing path $.arbiter.priorityClassName
[INFO] Auditing path $.arbiter.readinessProbe
[INFO] Auditing path $.arbiter.readinessProbe.enabled
[INFO] Auditing path $.arbiter.readinessProbe.failureThreshold
[INFO] Auditing path $.arbiter.readinessProbe.initialDelaySeconds
[INFO] Auditing path $.arbiter.readinessProbe.periodSeconds
[INFO] Auditing path $.arbiter.readinessProbe.successThreshold
[INFO] Auditing path $.arbiter.readinessProbe.timeoutSeconds
[INFO] Auditing path $.arbiter.resources
[INFO] Auditing path $.arbiter.resourcesPreset
[INFO] Auditing path $.arbiter.runtimeClassName
[INFO] Auditing path $.arbiter.schedulerName
[INFO] Auditing path $.arbiter.service
[INFO] Auditing path $.arbiter.service.annotations
[INFO] Auditing path $.arbiter.service.extraPorts
[INFO] Auditing path $.arbiter.service.headless
[INFO] Auditing path $.arbiter.service.headless.annotations
[INFO] Auditing path $.arbiter.service.nameOverride
[INFO] Auditing path $.arbiter.service.ports
[INFO] Auditing path $.arbiter.service.ports.mongodb
[INFO] Auditing path $.arbiter.sidecars
[INFO] Auditing path $.arbiter.startupProbe
[INFO] Auditing path $.arbiter.startupProbe.enabled
[INFO] Auditing path $.arbiter.startupProbe.failureThreshold
[INFO] Auditing path $.arbiter.startupProbe.initialDelaySeconds
[INFO] Auditing path $.arbiter.startupProbe.periodSeconds
[INFO] Auditing path $.arbiter.startupProbe.successThreshold
[INFO] Auditing path $.arbiter.startupProbe.timeoutSeconds
[INFO] Auditing path $.arbiter.terminationGracePeriodSeconds
[INFO] Auditing path $.arbiter.tolerations
[INFO] Auditing path $.arbiter.topologySpreadConstraints
[INFO] Auditing path $.arbiter.updateStrategy
[INFO] Auditing path $.arbiter.updateStrategy.type
[INFO] Auditing path $.arbiter
[INFO] Auditing path $.architecture
[INFO] Auditing path $.args
[INFO] Auditing path $.auth.database
[INFO] Auditing path $.auth.databases
[INFO] Auditing path $.auth.enabled
[INFO] Auditing path $.auth.existingSecret
[INFO] Auditing path $.auth.password
[INFO] Auditing path $.auth.passwords
[INFO] Auditing path $.auth.replicaSetKey
[INFO] Auditing path $.auth.replicationPassword
[INFO] Auditing path $.auth.rootPassword
[INFO] Auditing path $.auth.rootUser
[INFO] Auditing path $.auth.username
[INFO] Auditing path $.auth.usernames
[INFO] Auditing path $.auth
[INFO] Auditing path $.automountServiceAccountToken
[INFO] Auditing path $.backup.cronjob
[INFO] Auditing path $.backup.cronjob.annotations
[INFO] Auditing path $.backup.cronjob.backoffLimit
[INFO] Auditing path $.backup.cronjob.command
[INFO] Auditing path $.backup.cronjob.concurrencyPolicy
[INFO] Auditing path $.backup.cronjob.containerSecurityContext
[INFO] Auditing path $.backup.cronjob.containerSecurityContext.allowPrivilegeEscalation
[INFO] Auditing path $.backup.cronjob.containerSecurityContext.capabilities
[INFO] Auditing path $.backup.cronjob.containerSecurityContext.capabilities.drop
[INFO] Auditing path $.backup.cronjob.containerSecurityContext.enabled
[INFO] Auditing path $.backup.cronjob.containerSecurityContext.privileged
[INFO] Auditing path $.backup.cronjob.containerSecurityContext.readOnlyRootFilesystem
[INFO] Auditing path $.backup.cronjob.containerSecurityContext.runAsGroup
[INFO] Auditing path $.backup.cronjob.containerSecurityContext.runAsNonRoot
[INFO] Auditing path $.backup.cronjob.containerSecurityContext.runAsUser
[INFO] Auditing path $.backup.cronjob.containerSecurityContext.seLinuxOptions
[INFO] Auditing path $.backup.cronjob.containerSecurityContext.seccompProfile
[INFO] Auditing path $.backup.cronjob.containerSecurityContext.seccompProfile.type
[INFO] Auditing path $.backup.cronjob.failedJobsHistoryLimit
[INFO] Auditing path $.backup.cronjob.labels
[INFO] Auditing path $.backup.cronjob.resources
[INFO] Auditing path $.backup.cronjob.resourcesPreset
[INFO] Auditing path $.backup.cronjob.restartPolicy
[INFO] Auditing path $.backup.cronjob.schedule
[INFO] Auditing path $.backup.cronjob.serviceAccount
[INFO] Auditing path $.backup.cronjob.serviceAccount.name
[INFO] Auditing path $.backup.cronjob.startingDeadlineSeconds
[INFO] Auditing path $.backup.cronjob.storage
[INFO] Auditing path $.backup.cronjob.storage.accessModes
[INFO] Auditing path $.backup.cronjob.storage.accessModes[*]
[INFO] Auditing path $.backup.cronjob.storage.annotations
[INFO] Auditing path $.backup.cronjob.storage.existingClaim
[INFO] Auditing path $.backup.cronjob.storage.mountPath
[INFO] Auditing path $.backup.cronjob.storage.resourcePolicy
[INFO] Auditing path $.backup.cronjob.storage.size
[INFO] Auditing path $.backup.cronjob.storage.storageClass
[INFO] Auditing path $.backup.cronjob.storage.subPath
[INFO] Auditing path $.backup.cronjob.storage.volumeClaimTemplates
[INFO] Auditing path $.backup.cronjob.storage.volumeClaimTemplates.selector
[INFO] Auditing path $.backup.cronjob.successfulJobsHistoryLimit
[INFO] Auditing path $.backup.cronjob.timeZone
[INFO] Auditing path $.backup.cronjob.ttlSecondsAfterFinished
[INFO] Auditing path $.backup.enabled
[INFO] Auditing path $.backup
[INFO] Auditing path $.clusterDomain
[INFO] Auditing path $.command
[INFO] Auditing path $.commonAnnotation
[INFO] Auditing path $.commonAnnotations
[INFO] Auditing path $.commonLabels
[INFO] Auditing path $.configuration
[INFO] Auditing path $.containerPorts.mongodb
[INFO] Auditing path $.containerPorts
[INFO] Auditing path $.containerSecurityContext.allowPrivilegeEscalation
[INFO] Auditing path $.containerSecurityContext.capabilities
[INFO] Auditing path $.containerSecurityContext.capabilities.drop
[INFO] Auditing path $.containerSecurityContext.enabled
[INFO] Auditing path $.containerSecurityContext.privileged
[INFO] Auditing path $.containerSecurityContext.readOnlyRootFilesystem
[INFO] Auditing path $.containerSecurityContext.runAsGroup
[INFO] Auditing path $.containerSecurityContext.runAsNonRoot
[INFO] Auditing path $.containerSecurityContext.runAsUser
[INFO] Auditing path $.containerSecurityContext.seLinuxOptions
[INFO] Auditing path $.containerSecurityContext.seccompProfile
[INFO] Auditing path $.containerSecurityContext.seccompProfile.type
[INFO] Auditing path $.containerSecurityContext
[INFO] Auditing path $.customLivenessProbe
[INFO] Auditing path $.customReadinessProbe
[INFO] Auditing path $.customStartupProbe
[INFO] Auditing path $.diagnosticMode.args
[INFO] Auditing path $.diagnosticMode.command
[INFO] Auditing path $.diagnosticMode.enabled
[INFO] Auditing path $.diagnosticMode
[INFO] Auditing path $.directoryPerDB
[INFO] Auditing path $.disableJavascript
[INFO] Auditing path $.disableSystemLog
[INFO] Auditing path $.enableIPv6
[INFO] Auditing path $.enableJournal
[INFO] Auditing path $.enableServiceLinks
[INFO] Auditing path $.existingConfigmap
[INFO] Auditing path $.externalAccess.autoDiscovery
[INFO] Auditing path $.externalAccess.autoDiscovery.enabled
[INFO] Auditing path $.externalAccess.autoDiscovery.image
[INFO] Auditing path $.externalAccess.autoDiscovery.image.digest
[INFO] Auditing path $.externalAccess.autoDiscovery.image.pullPolicy
[INFO] Auditing path $.externalAccess.autoDiscovery.image.pullSecrets
[INFO] Auditing path $.externalAccess.autoDiscovery.image.registry
[INFO] Auditing path $.externalAccess.autoDiscovery.image.repository
[INFO] Auditing path $.externalAccess.autoDiscovery.image.tag
[INFO] Auditing path $.externalAccess.autoDiscovery.resources
[INFO] Auditing path $.externalAccess.autoDiscovery.resourcesPreset
[INFO] Auditing path $.externalAccess.dnsCheck
[INFO] Auditing path $.externalAccess.dnsCheck.image
[INFO] Auditing path $.externalAccess.dnsCheck.image.digest
[INFO] Auditing path $.externalAccess.dnsCheck.image.pullPolicy
[INFO] Auditing path $.externalAccess.dnsCheck.image.pullSecrets
[INFO] Auditing path $.externalAccess.dnsCheck.image.registry
[INFO] Auditing path $.externalAccess.dnsCheck.image.repository
[INFO] Auditing path $.externalAccess.dnsCheck.image.tag
[INFO] Auditing path $.externalAccess.dnsCheck.resources
[INFO] Auditing path $.externalAccess.dnsCheck.resourcesPreset
[INFO] Auditing path $.externalAccess.enabled
[INFO] Auditing path $.externalAccess.externalMaster
[INFO] Auditing path $.externalAccess.externalMaster.enabled
[INFO] Auditing path $.externalAccess.externalMaster.host
[INFO] Auditing path $.externalAccess.externalMaster.port
[INFO] Auditing path $.externalAccess.hidden
[INFO] Auditing path $.externalAccess.hidden.enabled
[INFO] Auditing path $.externalAccess.hidden.service
[INFO] Auditing path $.externalAccess.hidden.service.allocateLoadBalancerNodePorts
[INFO] Auditing path $.externalAccess.hidden.service.annotations
[INFO] Auditing path $.externalAccess.hidden.service.domain
[INFO] Auditing path $.externalAccess.hidden.service.externalTrafficPolicy
[INFO] Auditing path $.externalAccess.hidden.service.extraPorts
[INFO] Auditing path $.externalAccess.hidden.service.loadBalancerClass
[INFO] Auditing path $.externalAccess.hidden.service.loadBalancerIPs
[INFO] Auditing path $.externalAccess.hidden.service.loadBalancerIPs[*]
[INFO] Auditing path $.externalAccess.hidden.service.loadBalancerSourceRanges
[INFO] Auditing path $.externalAccess.hidden.service.nodePorts
[INFO] Auditing path $.externalAccess.hidden.service.nodePorts[*]
[INFO] Auditing path $.externalAccess.hidden.service.portName
[INFO] Auditing path $.externalAccess.hidden.service.ports
[INFO] Auditing path $.externalAccess.hidden.service.ports.mongodb
[INFO] Auditing path $.externalAccess.hidden.service.sessionAffinity
[INFO] Auditing path $.externalAccess.hidden.service.sessionAffinityConfig
[INFO] Auditing path $.externalAccess.hidden.service.type
[INFO] Auditing path $.externalAccess.service
[INFO] Auditing path $.externalAccess.service.allocateLoadBalancerNodePorts
[INFO] Auditing path $.externalAccess.service.annotations
[INFO] Auditing path $.externalAccess.service.annotationsList
[INFO] Auditing path $.externalAccess.service.annotationsList[*]
[INFO] Auditing path $.externalAccess.service.domain
[INFO] Auditing path $.externalAccess.service.externalTrafficPolicy
[INFO] Auditing path $.externalAccess.service.extraPorts
[INFO] Auditing path $.externalAccess.service.loadBalancerClass
[INFO] Auditing path $.externalAccess.service.loadBalancerIPs
[INFO] Auditing path $.externalAccess.service.loadBalancerIPs[*]
[INFO] Auditing path $.externalAccess.service.loadBalancerSourceRanges
[INFO] Auditing path $.externalAccess.service.nodePorts
[INFO] Auditing path $.externalAccess.service.nodePorts[*]
[INFO] Auditing path $.externalAccess.service.portName
[INFO] Auditing path $.externalAccess.service.ports
[INFO] Auditing path $.externalAccess.service.ports.mongodb
[INFO] Auditing path $.externalAccess.service.publicNames
[INFO] Auditing path $.externalAccess.service.sessionAffinity
[INFO] Auditing path $.externalAccess.service.sessionAffinityConfig
[INFO] Auditing path $.externalAccess.service.type
[INFO] Auditing path $.externalAccess
[INFO] Auditing path $.extraDeploy[*]
[INFO] Auditing path $.extraDeploy
[INFO] Auditing path $.extraEnvVars
[INFO] Auditing path $.extraEnvVarsCM
[INFO] Auditing path $.extraEnvVarsSecret
[INFO] Auditing path $.extraFlags
[INFO] Auditing path $.extraVolumeMounts
[INFO] Auditing path $.extraVolumes
[INFO] Auditing path $.fullnameOverride
[INFO] Auditing path $.global.compatibility
[INFO] Auditing path $.global.compatibility.openshift
[INFO] Auditing path $.global.compatibility.openshift.adaptSecurityContext
[INFO] Auditing path $.global.defaultStorageClass
[INFO] Auditing path $.global.imagePullSecrets
[INFO] Auditing path $.global.imageRegistry
[INFO] Auditing path $.global.namespaceOverride
[INFO] Auditing path $.global.security
[INFO] Auditing path $.global.security.allowInsecureImages
[INFO] Auditing path $.global.storageClass
[INFO] Auditing path $.global
[INFO] Auditing path $.hidden.affinity
[INFO] Auditing path $.hidden.annotations
[INFO] Auditing path $.hidden.args
[INFO] Auditing path $.hidden.automountServiceAccountToken
[INFO] Auditing path $.hidden.command
[INFO] Auditing path $.hidden.configuration
[INFO] Auditing path $.hidden.containerPorts
[INFO] Auditing path $.hidden.containerPorts.mongodb
[INFO] Auditing path $.hidden.containerSecurityContext
[INFO] Auditing path $.hidden.containerSecurityContext.allowPrivilegeEscalation
[INFO] Auditing path $.hidden.containerSecurityContext.capabilities
[INFO] Auditing path $.hidden.containerSecurityContext.capabilities.drop
[INFO] Auditing path $.hidden.containerSecurityContext.enabled
[INFO] Auditing path $.hidden.containerSecurityContext.privileged
[INFO] Auditing path $.hidden.containerSecurityContext.readOnlyRootFilesystem
[INFO] Auditing path $.hidden.containerSecurityContext.runAsGroup
[INFO] Auditing path $.hidden.containerSecurityContext.runAsNonRoot
[INFO] Auditing path $.hidden.containerSecurityContext.runAsUser
[INFO] Auditing path $.hidden.containerSecurityContext.seLinuxOptions
[INFO] Auditing path $.hidden.containerSecurityContext.seccompProfile
[INFO] Auditing path $.hidden.containerSecurityContext.seccompProfile.type
[INFO] Auditing path $.hidden.customLivenessProbe
[INFO] Auditing path $.hidden.customReadinessProbe
[INFO] Auditing path $.hidden.customStartupProbe
[INFO] Auditing path $.hidden.enabled
[INFO] Auditing path $.hidden.existingConfigmap
[INFO] Auditing path $.hidden.extraEnvVars
[INFO] Auditing path $.hidden.extraEnvVarsCM
[INFO] Auditing path $.hidden.extraEnvVarsSecret
[INFO] Auditing path $.hidden.extraFlags
[INFO] Auditing path $.hidden.extraVolumeMounts
[INFO] Auditing path $.hidden.extraVolumes
[INFO] Auditing path $.hidden.hostAliases
[INFO] Auditing path $.hidden.initContainers
[INFO] Auditing path $.hidden.labels
[INFO] Auditing path $.hidden.lifecycleHooks
[INFO] Auditing path $.hidden.livenessProbe
[INFO] Auditing path $.hidden.livenessProbe.enabled
[INFO] Auditing path $.hidden.livenessProbe.failureThreshold
[INFO] Auditing path $.hidden.livenessProbe.initialDelaySeconds
[INFO] Auditing path $.hidden.livenessProbe.periodSeconds
[INFO] Auditing path $.hidden.livenessProbe.successThreshold
[INFO] Auditing path $.hidden.livenessProbe.timeoutSeconds
[INFO] Auditing path $.hidden.nodeAffinityPreset
[INFO] Auditing path $.hidden.nodeAffinityPreset.key
[INFO] Auditing path $.hidden.nodeAffinityPreset.type
[INFO] Auditing path $.hidden.nodeAffinityPreset.values
[INFO] Auditing path $.hidden.nodeSelector
[INFO] Auditing path $.hidden.pdb
[INFO] Auditing path $.hidden.pdb.create
[INFO] Auditing path $.hidden.pdb.maxUnavailable
[INFO] Auditing path $.hidden.pdb.minAvailable
[INFO] Auditing path $.hidden.persistence
[INFO] Auditing path $.hidden.persistence.accessModes
[INFO] Auditing path $.hidden.persistence.annotations
[INFO] Auditing path $.hidden.persistence.enabled
[INFO] Auditing path $.hidden.persistence.medium
[INFO] Auditing path $.hidden.persistence.mountPath
[INFO] Auditing path $.hidden.persistence.size
[INFO] Auditing path $.hidden.persistence.storageClass
[INFO] Auditing path $.hidden.persistence.subPath
[INFO] Auditing path $.hidden.persistence.volumeClaimTemplates
[INFO] Auditing path $.hidden.persistence.volumeClaimTemplates.dataSource
[INFO] Auditing path $.hidden.persistence.volumeClaimTemplates.requests
[INFO] Auditing path $.hidden.persistence.volumeClaimTemplates.selector
[INFO] Auditing path $.hidden.podAffinityPreset
[INFO] Auditing path $.hidden.podAnnotations
[INFO] Auditing path $.hidden.podAntiAffinityPreset
[INFO] Auditing path $.hidden.podLabels
[INFO] Auditing path $.hidden.podManagementPolicy
[INFO] Auditing path $.hidden.podSecurityContext
[INFO] Auditing path $.hidden.podSecurityContext.enabled
[INFO] Auditing path $.hidden.podSecurityContext.fsGroup
[INFO] Auditing path $.hidden.podSecurityContext.fsGroupChangePolicy
[INFO] Auditing path $.hidden.podSecurityContext.supplementalGroups
[INFO] Auditing path $.hidden.podSecurityContext.sysctls
[INFO] Auditing path $.hidden.priorityClassName
[INFO] Auditing path $.hidden.readinessProbe
[INFO] Auditing path $.hidden.readinessProbe.enabled
[INFO] Auditing path $.hidden.readinessProbe.failureThreshold
[INFO] Auditing path $.hidden.readinessProbe.initialDelaySeconds
[INFO] Auditing path $.hidden.readinessProbe.periodSeconds
[INFO] Auditing path $.hidden.readinessProbe.successThreshold
[INFO] Auditing path $.hidden.readinessProbe.timeoutSeconds
[INFO] Auditing path $.hidden.replicaCount
[INFO] Auditing path $.hidden.resources
[INFO] Auditing path $.hidden.resourcesPreset
[INFO] Auditing path $.hidden.runtimeClassName
[INFO] Auditing path $.hidden.schedulerName
[INFO] Auditing path $.hidden.service
[INFO] Auditing path $.hidden.service.annotations
[INFO] Auditing path $.hidden.service.extraPorts
[INFO] Auditing path $.hidden.service.headless
[INFO] Auditing path $.hidden.service.headless.annotations
[INFO] Auditing path $.hidden.service.nameOverride
[INFO] Auditing path $.hidden.service.portName
[INFO] Auditing path $.hidden.service.ports
[INFO] Auditing path $.hidden.service.ports.mongodb
[INFO] Auditing path $.hidden.sidecars
[INFO] Auditing path $.hidden.startupProbe
[INFO] Auditing path $.hidden.startupProbe.enabled
[INFO] Auditing path $.hidden.startupProbe.failureThreshold
[INFO] Auditing path $.hidden.startupProbe.initialDelaySeconds
[INFO] Auditing path $.hidden.startupProbe.periodSeconds
[INFO] Auditing path $.hidden.startupProbe.successThreshold
[INFO] Auditing path $.hidden.startupProbe.timeoutSeconds
[INFO] Auditing path $.hidden.terminationGracePeriodSeconds
[INFO] Auditing path $.hidden.tolerations
[INFO] Auditing path $.hidden.topologySpreadConstraints
[INFO] Auditing path $.hidden.updateStrategy
[INFO] Auditing path $.hidden.updateStrategy.type
[INFO] Auditing path $.hidden
[INFO] Auditing path $.hostAliases
[INFO] Auditing path $.image.debug
[INFO] Auditing path $.image.digest
[INFO] Auditing path $.image.pullPolicy
[INFO] Auditing path $.image.pullSecrets
[INFO] Auditing path $.image.registry
[INFO] Auditing path $.image.repository
[INFO] Auditing path $.image.tag
[INFO] Auditing path $.image
[INFO] Auditing path $.initContainers
[INFO] Auditing path $.initdbScripts
[INFO] Auditing path $.initdbScriptsConfigMap
[INFO] Auditing path $.kubeVersion
[INFO] Auditing path $.labels
[INFO] Auditing path $.lifecycleHooks
[INFO] Auditing path $.livenessProbe.enabled
[INFO] Auditing path $.livenessProbe.failureThreshold
[INFO] Auditing path $.livenessProbe.initialDelaySeconds
[INFO] Auditing path $.livenessProbe.periodSeconds
[INFO] Auditing path $.livenessProbe.successThreshold
[INFO] Auditing path $.livenessProbe.timeoutSeconds
[INFO] Auditing path $.livenessProbe
[INFO] Auditing path $.metrics.args
[INFO] Auditing path $.metrics.collector
[INFO] Auditing path $.metrics.collector.all
[INFO] Auditing path $.metrics.collector.collstats
[INFO] Auditing path $.metrics.collector.collstatsColls
[INFO] Auditing path $.metrics.collector.collstatsLimit
[INFO] Auditing path $.metrics.collector.dbstats
[INFO] Auditing path $.metrics.collector.diagnosticdata
[INFO] Auditing path $.metrics.collector.indexstats
[INFO] Auditing path $.metrics.collector.indexstatsColls
[INFO] Auditing path $.metrics.collector.replicasetstatus
[INFO] Auditing path $.metrics.collector.topmetrics
[INFO] Auditing path $.metrics.command
[INFO] Auditing path $.metrics.compatibleMode
[INFO] Auditing path $.metrics.containerPort
[INFO] Auditing path $.metrics.customLivenessProbe
[INFO] Auditing path $.metrics.customReadinessProbe
[INFO] Auditing path $.metrics.customStartupProbe
[INFO] Auditing path $.metrics.enabled
[INFO] Auditing path $.metrics.extraFlags
[INFO] Auditing path $.metrics.extraVolumeMounts
[INFO] Auditing path $.metrics.image
[INFO] Auditing path $.metrics.image.digest
[INFO] Auditing path $.metrics.image.pullPolicy
[INFO] Auditing path $.metrics.image.pullSecrets
[INFO] Auditing path $.metrics.image.registry
[INFO] Auditing path $.metrics.image.repository
[INFO] Auditing path $.metrics.image.tag
[INFO] Auditing path $.metrics.livenessProbe
[INFO] Auditing path $.metrics.livenessProbe.enabled
[INFO] Auditing path $.metrics.livenessProbe.failureThreshold
[INFO] Auditing path $.metrics.livenessProbe.initialDelaySeconds
[INFO] Auditing path $.metrics.livenessProbe.periodSeconds
[INFO] Auditing path $.metrics.livenessProbe.successThreshold
[INFO] Auditing path $.metrics.livenessProbe.timeoutSeconds
[INFO] Auditing path $.metrics.password
[INFO] Auditing path $.metrics.prometheusRule
[INFO] Auditing path $.metrics.prometheusRule.additionalLabels
[INFO] Auditing path $.metrics.prometheusRule.enabled
[INFO] Auditing path $.metrics.prometheusRule.namespace
[INFO] Auditing path $.metrics.prometheusRule.rules
[INFO] Auditing path $.metrics.readinessProbe
[INFO] Auditing path $.metrics.readinessProbe.enabled
[INFO] Auditing path $.metrics.readinessProbe.failureThreshold
[INFO] Auditing path $.metrics.readinessProbe.initialDelaySeconds
[INFO] Auditing path $.metrics.readinessProbe.periodSeconds
[INFO] Auditing path $.metrics.readinessProbe.successThreshold
[INFO] Auditing path $.metrics.readinessProbe.timeoutSeconds
[INFO] Auditing path $.metrics.resources
[INFO] Auditing path $.metrics.resourcesPreset
[INFO] Auditing path $.metrics.service
[INFO] Auditing path $.metrics.service.annotations
[INFO] Auditing path $.metrics.service.annotations["prometheus.io/path"]
[INFO] Auditing path $.metrics.service.annotations["prometheus.io/port"]
[INFO] Auditing path $.metrics.service.annotations["prometheus.io/scrape"]
[INFO] Auditing path $.metrics.service.extraPorts
[INFO] Auditing path $.metrics.service.ports
[INFO] Auditing path $.metrics.service.ports.metrics
[INFO] Auditing path $.metrics.service.type
[INFO] Auditing path $.metrics.serviceMonitor
[INFO] Auditing path $.metrics.serviceMonitor.enabled
[INFO] Auditing path $.metrics.serviceMonitor.honorLabels
[INFO] Auditing path $.metrics.serviceMonitor.interval
[INFO] Auditing path $.metrics.serviceMonitor.jobLabel
[INFO] Auditing path $.metrics.serviceMonitor.labels
[INFO] Auditing path $.metrics.serviceMonitor.metricRelabelings
[INFO] Auditing path $.metrics.serviceMonitor.namespace
[INFO] Auditing path $.metrics.serviceMonitor.relabelings
[INFO] Auditing path $.metrics.serviceMonitor.scrapeTimeout
[INFO] Auditing path $.metrics.serviceMonitor.selector
[INFO] Auditing path $.metrics.startupProbe
[INFO] Auditing path $.metrics.startupProbe.enabled
[INFO] Auditing path $.metrics.startupProbe.failureThreshold
[INFO] Auditing path $.metrics.startupProbe.initialDelaySeconds
[INFO] Auditing path $.metrics.startupProbe.periodSeconds
[INFO] Auditing path $.metrics.startupProbe.successThreshold
[INFO] Auditing path $.metrics.startupProbe.timeoutSeconds
[INFO] Auditing path $.metrics.username
[INFO] Auditing path $.metrics
[INFO] Auditing path $.nameOverride
[INFO] Auditing path $.namespaceOverride
[INFO] Auditing path $.networkPolicy.addExternalClientAccess
[INFO] Auditing path $.networkPolicy.allowExternal
[INFO] Auditing path $.networkPolicy.allowExternalEgress
[INFO] Auditing path $.networkPolicy.customRules
[INFO] Auditing path $.networkPolicy.egress
[INFO] Auditing path $.networkPolicy.egress.customRules
[INFO] Auditing path $.networkPolicy.enabled
[INFO] Auditing path $.networkPolicy.extraEgress
[INFO] Auditing path $.networkPolicy.extraIngress
[INFO] Auditing path $.networkPolicy.ingress
[INFO] Auditing path $.networkPolicy.ingress.customRules
[INFO] Auditing path $.networkPolicy.ingress.namespaceSelector
[INFO] Auditing path $.networkPolicy.ingress.podSelector
[INFO] Auditing path $.networkPolicy.ingressNSMatchLabels
[INFO] Auditing path $.networkPolicy.ingressNSPodMatchLabels
[INFO] Auditing path $.networkPolicy.ingressPodMatchLabels
[INFO] Auditing path $.networkPolicy.namespaceSelector
[INFO] Auditing path $.networkPolicy.podSelector
[INFO] Auditing path $.networkPolicy
[INFO] Auditing path $.nodeAffinityPreset.key
[INFO] Auditing path $.nodeAffinityPreset.type
[INFO] Auditing path $.nodeAffinityPreset.values
[INFO] Auditing path $.nodeAffinityPreset
[INFO] Auditing path $.nodeSelector
[INFO] Auditing path $.passwordUpdateJob.annotations
[INFO] Auditing path $.passwordUpdateJob.args
[INFO] Auditing path $.passwordUpdateJob.automountServiceAccountToken
[INFO] Auditing path $.passwordUpdateJob.backoffLimit
[INFO] Auditing path $.passwordUpdateJob.command
[INFO] Auditing path $.passwordUpdateJob.containerSecurityContext
[INFO] Auditing path $.passwordUpdateJob.containerSecurityContext.allowPrivilegeEscalation
[INFO] Auditing path $.passwordUpdateJob.containerSecurityContext.capabilities
[INFO] Auditing path $.passwordUpdateJob.containerSecurityContext.capabilities.drop
[INFO] Auditing path $.passwordUpdateJob.containerSecurityContext.enabled
[INFO] Auditing path $.passwordUpdateJob.containerSecurityContext.privileged
[INFO] Auditing path $.passwordUpdateJob.containerSecurityContext.readOnlyRootFilesystem
[INFO] Auditing path $.passwordUpdateJob.containerSecurityContext.runAsGroup
[INFO] Auditing path $.passwordUpdateJob.containerSecurityContext.runAsNonRoot
[INFO] Auditing path $.passwordUpdateJob.containerSecurityContext.runAsUser
[INFO] Auditing path $.passwordUpdateJob.containerSecurityContext.seLinuxOptions
[INFO] Auditing path $.passwordUpdateJob.containerSecurityContext.seccompProfile
[INFO] Auditing path $.passwordUpdateJob.containerSecurityContext.seccompProfile.type
[INFO] Auditing path $.passwordUpdateJob.customLivenessProbe
[INFO] Auditing path $.passwordUpdateJob.customReadinessProbe
[INFO] Auditing path $.passwordUpdateJob.customStartupProbe
[INFO] Auditing path $.passwordUpdateJob.enabled
[INFO] Auditing path $.passwordUpdateJob.extraCommands
[INFO] Auditing path $.passwordUpdateJob.extraEnvVars
[INFO] Auditing path $.passwordUpdateJob.extraEnvVarsCM
[INFO] Auditing path $.passwordUpdateJob.extraEnvVarsSecret
[INFO] Auditing path $.passwordUpdateJob.extraVolumeMounts
[INFO] Auditing path $.passwordUpdateJob.extraVolumes
[INFO] Auditing path $.passwordUpdateJob.hostAliases
[INFO] Auditing path $.passwordUpdateJob.initContainers
[INFO] Auditing path $.passwordUpdateJob.podAnnotations
[INFO] Auditing path $.passwordUpdateJob.podLabels
[INFO] Auditing path $.passwordUpdateJob.podSecurityContext
[INFO] Auditing path $.passwordUpdateJob.podSecurityContext.enabled
[INFO] Auditing path $.passwordUpdateJob.podSecurityContext.fsGroup
[INFO] Auditing path $.passwordUpdateJob.podSecurityContext.fsGroupChangePolicy
[INFO] Auditing path $.passwordUpdateJob.podSecurityContext.supplementalGroups
[INFO] Auditing path $.passwordUpdateJob.podSecurityContext.sysctls
[INFO] Auditing path $.passwordUpdateJob.previousPasswords
[INFO] Auditing path $.passwordUpdateJob.previousPasswords.existingSecret
[INFO] Auditing path $.passwordUpdateJob.previousPasswords.rootPassword
[INFO] Auditing path $.passwordUpdateJob.resources
[INFO] Auditing path $.passwordUpdateJob.resourcesPreset
[INFO] Auditing path $.passwordUpdateJob
[INFO] Auditing path $.pdb.create
[INFO] Auditing path $.pdb.maxUnavailable
[INFO] Auditing path $.pdb.minAvailable
[INFO] Auditing path $.pdb
[INFO] Auditing path $.persistence.accessModes
[INFO] Auditing path $.persistence.accessModes[*]
[INFO] Auditing path $.persistence.annotations
[INFO] Auditing path $.persistence.enabled
[INFO] Auditing path $.persistence.existingClaim
[INFO] Auditing path $.persistence.labels
[INFO] Auditing path $.persistence.medium
[INFO] Auditing path $.persistence.mountPath
[INFO] Auditing path $.persistence.name
[INFO] Auditing path $.persistence.resourcePolicy
[INFO] Auditing path $.persistence.size
[INFO] Auditing path $.persistence.storageClass
[INFO] Auditing path $.persistence.subPath
[INFO] Auditing path $.persistence.volumeClaimTemplates
[INFO] Auditing path $.persistence.volumeClaimTemplates.dataSource
[INFO] Auditing path $.persistence.volumeClaimTemplates.requests
[INFO] Auditing path $.persistence.volumeClaimTemplates.selector
[INFO] Auditing path $.persistence
[INFO] Auditing path $.persistentVolumeClaimRetentionPolicy.enabled
[INFO] Auditing path $.persistentVolumeClaimRetentionPolicy.whenDeleted
[INFO] Auditing path $.persistentVolumeClaimRetentionPolicy.whenScaled
[INFO] Auditing path $.persistentVolumeClaimRetentionPolicy
[INFO] Auditing path $.podAffinityPreset
[INFO] Auditing path $.podAnnotations
[INFO] Auditing path $.podAntiAffinityPreset
[INFO] Auditing path $.podLabels
[INFO] Auditing path $.podManagementPolicy
[INFO] Auditing path $.podSecurityContext.enabled
[INFO] Auditing path $.podSecurityContext.fsGroup
[INFO] Auditing path $.podSecurityContext.fsGroupChangePolicy
[INFO] Auditing path $.podSecurityContext.supplementalGroups
[INFO] Auditing path $.podSecurityContext.sysctls
[INFO] Auditing path $.podSecurityContext
[INFO] Auditing path $.podSecurityPolicy.allowPrivilegeEscalation
[INFO] Auditing path $.podSecurityPolicy.create
[INFO] Auditing path $.podSecurityPolicy.privileged
[INFO] Auditing path $.podSecurityPolicy.spec
[INFO] Auditing path $.podSecurityPolicy
[INFO] Auditing path $.priorityClassName
[INFO] Auditing path $.rbac.create
[INFO] Auditing path $.rbac.rules
[INFO] Auditing path $.rbac
[INFO] Auditing path $.readinessProbe.enabled
[INFO] Auditing path $.readinessProbe.failureThreshold
[INFO] Auditing path $.readinessProbe.initialDelaySeconds
[INFO] Auditing path $.readinessProbe.periodSeconds
[INFO] Auditing path $.readinessProbe.successThreshold
[INFO] Auditing path $.readinessProbe.timeoutSeconds
[INFO] Auditing path $.readinessProbe
[INFO] Auditing path $.replicaCount
[INFO] Auditing path $.replicaSetConfigurationSettings.configuration
[INFO] Auditing path $.replicaSetConfigurationSettings.configuration[*]
[INFO] Auditing path $.replicaSetConfigurationSettings.enabled
[INFO] Auditing path $.replicaSetConfigurationSettings
[INFO] Auditing path $.replicaSetHostnames
[INFO] Auditing path $.replicaSetName
[INFO] Auditing path $.resources
[INFO] Auditing path $.resourcesPreset
[INFO] Auditing path $.runtimeClassName
[INFO] Auditing path $.schedulerName
[INFO] Auditing path $.service.allocateLoadBalancerNodePorts
[INFO] Auditing path $.service.annotations
[INFO] Auditing path $.service.clusterIP
[INFO] Auditing path $.service.externalIPs
[INFO] Auditing path $.service.externalTrafficPolicy
[INFO] Auditing path $.service.extraPorts
[INFO] Auditing path $.service.headless
[INFO] Auditing path $.service.headless.annotations
[INFO] Auditing path $.service.loadBalancerClass
[INFO] Auditing path $.service.loadBalancerIP
[INFO] Auditing path $.service.loadBalancerSourceRanges
[INFO] Auditing path $.service.nameOverride
[INFO] Auditing path $.service.nodePorts
[INFO] Auditing path $.service.nodePorts.mongodb
[INFO] Auditing path $.service.portName
[INFO] Auditing path $.service.ports
[INFO] Auditing path $.service.ports.mongodb
[INFO] Auditing path $.service.publishNotReadyAddresses
[INFO] Auditing path $.service.sessionAffinity
[INFO] Auditing path $.service.sessionAffinityConfig
[INFO] Auditing path $.service.type
[INFO] Auditing path $.service
[INFO] Auditing path $.serviceAccount.annotations
[INFO] Auditing path $.serviceAccount.automountServiceAccountToken
[INFO] Auditing path $.serviceAccount.create
[INFO] Auditing path $.serviceAccount.name
[INFO] Auditing path $.serviceAccount
[INFO] Auditing path $.serviceBindings.enabled
[INFO] Auditing path $.serviceBindings
[INFO] Auditing path $.sidecars
[INFO] Auditing path $.startupProbe.enabled
[INFO] Auditing path $.startupProbe.failureThreshold
[INFO] Auditing path $.startupProbe.initialDelaySeconds
[INFO] Auditing path $.startupProbe.periodSeconds
[INFO] Auditing path $.startupProbe.successThreshold
[INFO] Auditing path $.startupProbe.timeoutSeconds
[INFO] Auditing path $.startupProbe
[INFO] Auditing path $.systemLogVerbosity
[INFO] Auditing path $.terminationGracePeriodSeconds
[INFO] Auditing path $.tls.arbiter
[INFO] Auditing path $.tls.arbiter.existingSecret
[INFO] Auditing path $.tls.autoGenerated
[INFO] Auditing path $.tls.caCert
[INFO] Auditing path $.tls.caKey
[INFO] Auditing path $.tls.enabled
[INFO] Auditing path $.tls.existingSecret
[INFO] Auditing path $.tls.extraDnsNames
[INFO] Auditing path $.tls.hidden
[INFO] Auditing path $.tls.hidden.existingSecrets
[INFO] Auditing path $.tls.hidden.existingSecrets[*]
[INFO] Auditing path $.tls.image
[INFO] Auditing path $.tls.image.digest
[INFO] Auditing path $.tls.image.pullPolicy
[INFO] Auditing path $.tls.image.pullSecrets
[INFO] Auditing path $.tls.image.registry
[INFO] Auditing path $.tls.image.repository
[INFO] Auditing path $.tls.image.tag
[INFO] Auditing path $.tls.mTLS
[INFO] Auditing path $.tls.mTLS.enabled
[INFO] Auditing path $.tls.mode
[INFO] Auditing path $.tls.pemChainIncluded
[INFO] Auditing path $.tls.replicaset
[INFO] Auditing path $.tls.replicaset.existingSecrets
[INFO] Auditing path $.tls.replicaset.existingSecrets[*]
[INFO] Auditing path $.tls.resources
[INFO] Auditing path $.tls.resourcesPreset
[INFO] Auditing path $.tls.securityContext
[INFO] Auditing path $.tls.standalone
[INFO] Auditing path $.tls.standalone.existingSecret
[INFO] Auditing path $.tls
[INFO] Auditing path $.tolerations
[INFO] Auditing path $.topologyKey
[INFO] Auditing path $.topologySpreadConstraints
[INFO] Auditing path $.updateStrategy.type
[INFO] Auditing path $.updateStrategy
[INFO] Auditing path $.usePasswordFiles
[INFO] Auditing path $.useStatefulSet
[INFO] Auditing path $.volumePermissions.enabled
[INFO] Auditing path $.volumePermissions.image
[INFO] Auditing path $.volumePermissions.image.digest
[INFO] Auditing path $.volumePermissions.image.pullPolicy
[INFO] Auditing path $.volumePermissions.image.pullSecrets
[INFO] Auditing path $.volumePermissions.image.registry
[INFO] Auditing path $.volumePermissions.image.repository
[INFO] Auditing path $.volumePermissions.image.tag
[INFO] Auditing path $.volumePermissions.resources
[INFO] Auditing path $.volumePermissions.resourcesPreset
[INFO] Auditing path $.volumePermissions.securityContext
[INFO] Auditing path $.volumePermissions.securityContext.runAsUser
[INFO] Auditing path $.volumePermissions.securityContext.seLinuxOptions
[INFO] Auditing path $.volumePermissions
