[INFO] Auditing path $.auth.enabled
[INFO] Auditing path $.auth.existingSecret
[INFO] Auditing path $.auth.replicaSetKey
[INFO] Auditing path $.auth.rootPassword
[INFO] Auditing path $.auth.rootUser
[INFO] Auditing path $.auth.usePasswordFiles
[INFO] Auditing path $.auth
[INFO] Auditing path $.clusterDomain
[INFO] Auditing path $.common.containerPorts
[INFO] Auditing path $.common.containerPorts.mongodb
[INFO] Auditing path $.common.extraEnvVars
[INFO] Auditing path $.common.extraEnvVarsCM
[INFO] Auditing path $.common.extraEnvVarsSecret
[INFO] Auditing path $.common.extraVolumeMounts
[INFO] Auditing path $.common.extraVolumes
[INFO] Auditing path $.common.initContainers
[INFO] Auditing path $.common.initScriptsCM
[INFO] Auditing path $.common.initScriptsSecret
[INFO] Auditing path $.common.mongodbDirectoryPerDB
[INFO] Auditing path $.common.mongodbDisableSystemLog
[INFO] Auditing path $.common.mongodbEnableIPv6
[INFO] Auditing path $.common.mongodbEnableNumactl
[INFO] Auditing path $.common.mongodbInitRetryAttempts
[INFO] Auditing path $.common.mongodbInitRetryDelay
[INFO] Auditing path $.common.mongodbSystemLogVerbosity
[INFO] Auditing path $.common.podAnnotations
[INFO] Auditing path $.common.podLabels
[INFO] Auditing path $.common.serviceAccount
[INFO] Auditing path $.common.serviceAccount.annotations
[INFO] Auditing path $.common.serviceAccount.automountServiceAccountToken
[INFO] Auditing path $.common.serviceAccount.create
[INFO] Auditing path $.common.serviceAccount.name
[INFO] Auditing path $.common.sidecars
[INFO] Auditing path $.common.useHostnames
[INFO] Auditing path $.common
[INFO] Auditing path $.commonAnnotations
[INFO] Auditing path $.commonLabels
[INFO] Auditing path $.configsvr.affinity
[INFO] Auditing path $.configsvr.args
[INFO] Auditing path $.configsvr.automountServiceAccountToken
[INFO] Auditing path $.configsvr.command
[INFO] Auditing path $.configsvr.config
[INFO] Auditing path $.configsvr.configCM
[INFO] Auditing path $.configsvr.containerSecurityContext
[INFO] Auditing path $.configsvr.containerSecurityContext.allowPrivilegeEscalation
[INFO] Auditing path $.configsvr.containerSecurityContext.capabilities
[INFO] Auditing path $.configsvr.containerSecurityContext.capabilities.drop
[INFO] Auditing path $.configsvr.containerSecurityContext.enabled
[INFO] Auditing path $.configsvr.containerSecurityContext.privileged
[INFO] Auditing path $.configsvr.containerSecurityContext.readOnlyRootFilesystem
[INFO] Auditing path $.configsvr.containerSecurityContext.runAsGroup
[INFO] Auditing path $.configsvr.containerSecurityContext.runAsNonRoot
[INFO] Auditing path $.configsvr.containerSecurityContext.runAsUser
[INFO] Auditing path $.configsvr.containerSecurityContext.seLinuxOptions
[INFO] Auditing path $.configsvr.containerSecurityContext.seccompProfile
[INFO] Auditing path $.configsvr.containerSecurityContext.seccompProfile.type
[INFO] Auditing path $.configsvr.customLivenessProbe
[INFO] Auditing path $.configsvr.customReadinessProbe
[INFO] Auditing path $.configsvr.customStartupProbe
[INFO] Auditing path $.configsvr.external
[INFO] Auditing path $.configsvr.external.host
[INFO] Auditing path $.configsvr.external.replicasetKey
[INFO] Auditing path $.configsvr.external.replicasetName
[INFO] Auditing path $.configsvr.external.rootPassword
[INFO] Auditing path $.configsvr.extraEnvVars
[INFO] Auditing path $.configsvr.extraEnvVarsCM
[INFO] Auditing path $.configsvr.extraEnvVarsSecret
[INFO] Auditing path $.configsvr.extraVolumeMounts
[INFO] Auditing path $.configsvr.extraVolumes
[INFO] Auditing path $.configsvr.hostAliases
[INFO] Auditing path $.configsvr.initContainers
[INFO] Auditing path $.configsvr.lifecycleHooks
[INFO] Auditing path $.configsvr.livenessProbe
[INFO] Auditing path $.configsvr.livenessProbe.enabled
[INFO] Auditing path $.configsvr.livenessProbe.failureThreshold
[INFO] Auditing path $.configsvr.livenessProbe.initialDelaySeconds
[INFO] Auditing path $.configsvr.livenessProbe.periodSeconds
[INFO] Auditing path $.configsvr.livenessProbe.successThreshold
[INFO] Auditing path $.configsvr.livenessProbe.timeoutSeconds
[INFO] Auditing path $.configsvr.mongodbExtraFlags
[INFO] Auditing path $.configsvr.nodeAffinityPreset
[INFO] Auditing path $.configsvr.nodeAffinityPreset.key
[INFO] Auditing path $.configsvr.nodeAffinityPreset.type
[INFO] Auditing path $.configsvr.nodeAffinityPreset.values
[INFO] Auditing path $.configsvr.nodeSelector
[INFO] Auditing path $.configsvr.pdb
[INFO] Auditing path $.configsvr.pdb.create
[INFO] Auditing path $.configsvr.pdb.maxUnavailable
[INFO] Auditing path $.configsvr.pdb.minAvailable
[INFO] Auditing path $.configsvr.persistence
[INFO] Auditing path $.configsvr.persistence.accessModes
[INFO] Auditing path $.configsvr.persistence.annotations
[INFO] Auditing path $.configsvr.persistence.enabled
[INFO] Auditing path $.configsvr.persistence.mountPath
[INFO] Auditing path $.configsvr.persistence.selector
[INFO] Auditing path $.configsvr.persistence.size
[INFO] Auditing path $.configsvr.persistence.storageClass
[INFO] Auditing path $.configsvr.persistence.subPath
[INFO] Auditing path $.configsvr.persistentVolumeClaimRetentionPolicy
[INFO] Auditing path $.configsvr.persistentVolumeClaimRetentionPolicy.enabled
[INFO] Auditing path $.configsvr.persistentVolumeClaimRetentionPolicy.whenDeleted
[INFO] Auditing path $.configsvr.persistentVolumeClaimRetentionPolicy.whenScaled
[INFO] Auditing path $.configsvr.podAffinityPreset
[INFO] Auditing path $.configsvr.podAnnotations
[INFO] Auditing path $.configsvr.podAntiAffinityPreset
[INFO] Auditing path $.configsvr.podLabels
[INFO] Auditing path $.configsvr.podManagementPolicy
[INFO] Auditing path $.configsvr.podSecurityContext
[INFO] Auditing path $.configsvr.podSecurityContext.enabled
[INFO] Auditing path $.configsvr.podSecurityContext.fsGroup
[INFO] Auditing path $.configsvr.podSecurityContext.fsGroupChangePolicy
[INFO] Auditing path $.configsvr.podSecurityContext.supplementalGroups
[INFO] Auditing path $.configsvr.podSecurityContext.sysctls
[INFO] Auditing path $.configsvr.priorityClassName
[INFO] Auditing path $.configsvr.readinessProbe
[INFO] Auditing path $.configsvr.readinessProbe.enabled
[INFO] Auditing path $.configsvr.readinessProbe.failureThreshold
[INFO] Auditing path $.configsvr.readinessProbe.initialDelaySeconds
[INFO] Auditing path $.configsvr.readinessProbe.periodSeconds
[INFO] Auditing path $.configsvr.readinessProbe.successThreshold
[INFO] Auditing path $.configsvr.readinessProbe.timeoutSeconds
[INFO] Auditing path $.configsvr.replicaCount
[INFO] Auditing path $.configsvr.resources
[INFO] Auditing path $.configsvr.resourcesPreset
[INFO] Auditing path $.configsvr.schedulerName
[INFO] Auditing path $.configsvr.serviceAccount
[INFO] Auditing path $.configsvr.serviceAccount.annotations
[INFO] Auditing path $.configsvr.serviceAccount.automountServiceAccountToken
[INFO] Auditing path $.configsvr.serviceAccount.create
[INFO] Auditing path $.configsvr.serviceAccount.name
[INFO] Auditing path $.configsvr.sidecars
[INFO] Auditing path $.configsvr.startupProbe
[INFO] Auditing path $.configsvr.startupProbe.enabled
[INFO] Auditing path $.configsvr.startupProbe.failureThreshold
[INFO] Auditing path $.configsvr.startupProbe.initialDelaySeconds
[INFO] Auditing path $.configsvr.startupProbe.periodSeconds
[INFO] Auditing path $.configsvr.startupProbe.successThreshold
[INFO] Auditing path $.configsvr.startupProbe.timeoutSeconds
[INFO] Auditing path $.configsvr.terminationGracePeriodSeconds
[INFO] Auditing path $.configsvr.tolerations
[INFO] Auditing path $.configsvr.topologySpreadConstraints
[INFO] Auditing path $.configsvr.updateStrategy
[INFO] Auditing path $.configsvr.updateStrategy.type
[INFO] Auditing path $.configsvr
[INFO] Auditing path $.diagnosticMode.args
[INFO] Auditing path $.diagnosticMode.command
[INFO] Auditing path $.diagnosticMode.enabled
[INFO] Auditing path $.diagnosticMode
[INFO] Auditing path $.extraDeploy[*]
[INFO] Auditing path $.extraDeploy
[INFO] Auditing path $.fullnameOverride
[INFO] Auditing path $.global.compatibility
[INFO] Auditing path $.global.compatibility.openshift
[INFO] Auditing path $.global.compatibility.openshift.adaptSecurityContext
[INFO] Auditing path $.global.defaultStorageClass
[INFO] Auditing path $.global.imagePullSecrets
[INFO] Auditing path $.global.imageRegistry
[INFO] Auditing path $.global.security
[INFO] Auditing path $.global.security.allowInsecureImages
[INFO] Auditing path $.global.storageClass
[INFO] Auditing path $.global
[INFO] Auditing path $.image.debug
[INFO] Auditing path $.image.digest
[INFO] Auditing path $.image.pullPolicy
[INFO] Auditing path $.image.pullSecrets
[INFO] Auditing path $.image.registry
[INFO] Auditing path $.image.repository
[INFO] Auditing path $.image.tag
[INFO] Auditing path $.image
[INFO] Auditing path $.kubeVersion
[INFO] Auditing path $.metrics.containerPorts
[INFO] Auditing path $.metrics.containerPorts.metrics
[INFO] Auditing path $.metrics.containerSecurityContext
[INFO] Auditing path $.metrics.containerSecurityContext.allowPrivilegeEscalation
[INFO] Auditing path $.metrics.containerSecurityContext.capabilities
[INFO] Auditing path $.metrics.containerSecurityContext.capabilities.drop
[INFO] Auditing path $.metrics.containerSecurityContext.enabled
[INFO] Auditing path $.metrics.containerSecurityContext.privileged
[INFO] Auditing path $.metrics.containerSecurityContext.readOnlyRootFilesystem
[INFO] Auditing path $.metrics.containerSecurityContext.runAsGroup
[INFO] Auditing path $.metrics.containerSecurityContext.runAsNonRoot
[INFO] Auditing path $.metrics.containerSecurityContext.runAsUser
[INFO] Auditing path $.metrics.containerSecurityContext.seLinuxOptions
[INFO] Auditing path $.metrics.containerSecurityContext.seccompProfile
[INFO] Auditing path $.metrics.containerSecurityContext.seccompProfile.type
[INFO] Auditing path $.metrics.customLivenessProbe
[INFO] Auditing path $.metrics.customReadinessProbe
[INFO] Auditing path $.metrics.customStartupProbe
[INFO] Auditing path $.metrics.enabled
[INFO] Auditing path $.metrics.extraArgs
[INFO] Auditing path $.metrics.image
[INFO] Auditing path $.metrics.image.digest
[INFO] Auditing path $.metrics.image.pullPolicy
[INFO] Auditing path $.metrics.image.pullSecrets
[INFO] Auditing path $.metrics.image.registry
[INFO] Auditing path $.metrics.image.repository
[INFO] Auditing path $.metrics.image.tag
[INFO] Auditing path $.metrics.livenessProbe
[INFO] Auditing path $.metrics.livenessProbe.enabled
[INFO] Auditing path $.metrics.livenessProbe.failureThreshold
[INFO] Auditing path $.metrics.livenessProbe.initialDelaySeconds
[INFO] Auditing path $.metrics.livenessProbe.periodSeconds
[INFO] Auditing path $.metrics.livenessProbe.successThreshold
[INFO] Auditing path $.metrics.livenessProbe.timeoutSeconds
[INFO] Auditing path $.metrics.podAnnotations
[INFO] Auditing path $.metrics.podAnnotations["prometheus.io/port"]
[INFO] Auditing path $.metrics.podAnnotations["prometheus.io/scrape"]
[INFO] Auditing path $.metrics.podMonitor
[INFO] Auditing path $.metrics.podMonitor.additionalLabels
[INFO] Auditing path $.metrics.podMonitor.enabled
[INFO] Auditing path $.metrics.podMonitor.interval
[INFO] Auditing path $.metrics.podMonitor.namespace
[INFO] Auditing path $.metrics.podMonitor.scrapeTimeout
[INFO] Auditing path $.metrics.readinessProbe
[INFO] Auditing path $.metrics.readinessProbe.enabled
[INFO] Auditing path $.metrics.readinessProbe.failureThreshold
[INFO] Auditing path $.metrics.readinessProbe.initialDelaySeconds
[INFO] Auditing path $.metrics.readinessProbe.periodSeconds
[INFO] Auditing path $.metrics.readinessProbe.successThreshold
[INFO] Auditing path $.metrics.readinessProbe.timeoutSeconds
[INFO] Auditing path $.metrics.resources
[INFO] Auditing path $.metrics.resourcesPreset
[INFO] Auditing path $.metrics.startupProbe
[INFO] Auditing path $.metrics.startupProbe.enabled
[INFO] Auditing path $.metrics.startupProbe.failureThreshold
[INFO] Auditing path $.metrics.startupProbe.initialDelaySeconds
[INFO] Auditing path $.metrics.startupProbe.periodSeconds
[INFO] Auditing path $.metrics.startupProbe.successThreshold
[INFO] Auditing path $.metrics.startupProbe.timeoutSeconds
[INFO] Auditing path $.metrics.useTLS
[INFO] Auditing path $.metrics
[INFO] Auditing path $.mongos.affinity
[INFO] Auditing path $.mongos.args
[INFO] Auditing path $.mongos.automountServiceAccountToken
[INFO] Auditing path $.mongos.command
[INFO] Auditing path $.mongos.config
[INFO] Auditing path $.mongos.configCM
[INFO] Auditing path $.mongos.containerSecurityContext
[INFO] Auditing path $.mongos.containerSecurityContext.allowPrivilegeEscalation
[INFO] Auditing path $.mongos.containerSecurityContext.capabilities
[INFO] Auditing path $.mongos.containerSecurityContext.capabilities.drop
[INFO] Auditing path $.mongos.containerSecurityContext.enabled
[INFO] Auditing path $.mongos.containerSecurityContext.privileged
[INFO] Auditing path $.mongos.containerSecurityContext.readOnlyRootFilesystem
[INFO] Auditing path $.mongos.containerSecurityContext.runAsGroup
[INFO] Auditing path $.mongos.containerSecurityContext.runAsNonRoot
[INFO] Auditing path $.mongos.containerSecurityContext.runAsUser
[INFO] Auditing path $.mongos.containerSecurityContext.seLinuxOptions
[INFO] Auditing path $.mongos.containerSecurityContext.seccompProfile
[INFO] Auditing path $.mongos.containerSecurityContext.seccompProfile.type
[INFO] Auditing path $.mongos.customLivenessProbe
[INFO] Auditing path $.mongos.customReadinessProbe
[INFO] Auditing path $.mongos.customStartupProbe
[INFO] Auditing path $.mongos.extraEnvVars
[INFO] Auditing path $.mongos.extraEnvVarsCM
[INFO] Auditing path $.mongos.extraEnvVarsSecret
[INFO] Auditing path $.mongos.extraVolumeMounts
[INFO] Auditing path $.mongos.extraVolumes
[INFO] Auditing path $.mongos.hostAliases
[INFO] Auditing path $.mongos.initContainers
[INFO] Auditing path $.mongos.lifecycleHooks
[INFO] Auditing path $.mongos.livenessProbe
[INFO] Auditing path $.mongos.livenessProbe.enabled
[INFO] Auditing path $.mongos.livenessProbe.failureThreshold
[INFO] Auditing path $.mongos.livenessProbe.initialDelaySeconds
[INFO] Auditing path $.mongos.livenessProbe.periodSeconds
[INFO] Auditing path $.mongos.livenessProbe.successThreshold
[INFO] Auditing path $.mongos.livenessProbe.timeoutSeconds
[INFO] Auditing path $.mongos.mongodbExtraFlags
[INFO] Auditing path $.mongos.nodeAffinityPreset
[INFO] Auditing path $.mongos.nodeAffinityPreset.key
[INFO] Auditing path $.mongos.nodeAffinityPreset.type
[INFO] Auditing path $.mongos.nodeAffinityPreset.values
[INFO] Auditing path $.mongos.nodeSelector
[INFO] Auditing path $.mongos.pdb
[INFO] Auditing path $.mongos.pdb.create
[INFO] Auditing path $.mongos.pdb.maxUnavailable
[INFO] Auditing path $.mongos.pdb.minAvailable
[INFO] Auditing path $.mongos.podAffinityPreset
[INFO] Auditing path $.mongos.podAnnotations
[INFO] Auditing path $.mongos.podAntiAffinityPreset
[INFO] Auditing path $.mongos.podLabels
[INFO] Auditing path $.mongos.podManagementPolicy
[INFO] Auditing path $.mongos.podSecurityContext
[INFO] Auditing path $.mongos.podSecurityContext.enabled
[INFO] Auditing path $.mongos.podSecurityContext.fsGroup
[INFO] Auditing path $.mongos.podSecurityContext.fsGroupChangePolicy
[INFO] Auditing path $.mongos.podSecurityContext.supplementalGroups
[INFO] Auditing path $.mongos.podSecurityContext.sysctls
[INFO] Auditing path $.mongos.priorityClassName
[INFO] Auditing path $.mongos.readinessProbe
[INFO] Auditing path $.mongos.readinessProbe.enabled
[INFO] Auditing path $.mongos.readinessProbe.failureThreshold
[INFO] Auditing path $.mongos.readinessProbe.initialDelaySeconds
[INFO] Auditing path $.mongos.readinessProbe.periodSeconds
[INFO] Auditing path $.mongos.readinessProbe.successThreshold
[INFO] Auditing path $.mongos.readinessProbe.timeoutSeconds
[INFO] Auditing path $.mongos.replicaCount
[INFO] Auditing path $.mongos.resources
[INFO] Auditing path $.mongos.resourcesPreset
[INFO] Auditing path $.mongos.schedulerName
[INFO] Auditing path $.mongos.serviceAccount
[INFO] Auditing path $.mongos.serviceAccount.annotations
[INFO] Auditing path $.mongos.serviceAccount.automountServiceAccountToken
[INFO] Auditing path $.mongos.serviceAccount.create
[INFO] Auditing path $.mongos.serviceAccount.name
[INFO] Auditing path $.mongos.servicePerReplica
[INFO] Auditing path $.mongos.servicePerReplica.annotations
[INFO] Auditing path $.mongos.servicePerReplica.clusterIPs
[INFO] Auditing path $.mongos.servicePerReplica.clusterIPs[*]
[INFO] Auditing path $.mongos.servicePerReplica.enabled
[INFO] Auditing path $.mongos.servicePerReplica.externalIPs
[INFO] Auditing path $.mongos.servicePerReplica.externalTrafficPolicy
[INFO] Auditing path $.mongos.servicePerReplica.extraPorts
[INFO] Auditing path $.mongos.servicePerReplica.loadBalancerIPs
[INFO] Auditing path $.mongos.servicePerReplica.loadBalancerIPs[*]
[INFO] Auditing path $.mongos.servicePerReplica.loadBalancerSourceRanges
[INFO] Auditing path $.mongos.servicePerReplica.nodePorts
[INFO] Auditing path $.mongos.servicePerReplica.nodePorts[*]
[INFO] Auditing path $.mongos.servicePerReplica.port
[INFO] Auditing path $.mongos.servicePerReplica.sessionAffinity
[INFO] Auditing path $.mongos.servicePerReplica.sessionAffinityConfig
[INFO] Auditing path $.mongos.servicePerReplica.type
[INFO] Auditing path $.mongos.sidecars
[INFO] Auditing path $.mongos.startupProbe
[INFO] Auditing path $.mongos.startupProbe.enabled
[INFO] Auditing path $.mongos.startupProbe.failureThreshold
[INFO] Auditing path $.mongos.startupProbe.initialDelaySeconds
[INFO] Auditing path $.mongos.startupProbe.periodSeconds
[INFO] Auditing path $.mongos.startupProbe.successThreshold
[INFO] Auditing path $.mongos.startupProbe.timeoutSeconds
[INFO] Auditing path $.mongos.terminationGracePeriodSeconds
[INFO] Auditing path $.mongos.tolerations
[INFO] Auditing path $.mongos.topologySpreadConstraints
[INFO] Auditing path $.mongos.updateStrategy
[INFO] Auditing path $.mongos.updateStrategy.type
[INFO] Auditing path $.mongos.useStatefulSet
[INFO] Auditing path $.mongos
[INFO] Auditing path $.nameOverride
[INFO] Auditing path $.namespaceOverride
[INFO] Auditing path $.networkPolicy.allowExternal
[INFO] Auditing path $.networkPolicy.allowExternalEgress
[INFO] Auditing path $.networkPolicy.enabled
[INFO] Auditing path $.networkPolicy.extraEgress
[INFO] Auditing path $.networkPolicy.extraIngress
[INFO] Auditing path $.networkPolicy.ingressNSMatchLabels
[INFO] Auditing path $.networkPolicy.ingressNSMatchLabels[*]
[INFO] Auditing path $.networkPolicy.ingressNSPodMatchLabels
[INFO] Auditing path $.networkPolicy.ingressNSPodMatchLabels[*]
[INFO] Auditing path $.networkPolicy
[INFO] Auditing path $.rts.networkPolicy.extraEgress
[INFO] Auditing path $.service.annotations
[INFO] Auditing path $.service.clusterIP
[INFO] Auditing path $.service.externalIPs
[INFO] Auditing path $.service.externalTrafficPolicy
[INFO] Auditing path $.service.extraPorts
[INFO] Auditing path $.service.headless
[INFO] Auditing path $.service.headless.annotations
[INFO] Auditing path $.service.loadBalancerIP
[INFO] Auditing path $.service.loadBalancerSourceRanges
[INFO] Auditing path $.service.name
[INFO] Auditing path $.service.nodePorts
[INFO] Auditing path $.service.nodePorts.metrics
[INFO] Auditing path $.service.nodePorts.mongodb
[INFO] Auditing path $.service.ports
[INFO] Auditing path $.service.ports.mongodb
[INFO] Auditing path $.service.sessionAffinity
[INFO] Auditing path $.service.sessionAffinityConfig
[INFO] Auditing path $.service.type
[INFO] Auditing path $.service
[INFO] Auditing path $.shards
[INFO] Auditing path $.shardsvr.arbiter
[INFO] Auditing path $.shardsvr.arbiter.affinity
[INFO] Auditing path $.shardsvr.arbiter.args
[INFO] Auditing path $.shardsvr.arbiter.automountServiceAccountToken
[INFO] Auditing path $.shardsvr.arbiter.command
[INFO] Auditing path $.shardsvr.arbiter.config
[INFO] Auditing path $.shardsvr.arbiter.configCM
[INFO] Auditing path $.shardsvr.arbiter.containerSecurityContext
[INFO] Auditing path $.shardsvr.arbiter.containerSecurityContext.allowPrivilegeEscalation
[INFO] Auditing path $.shardsvr.arbiter.containerSecurityContext.capabilities
[INFO] Auditing path $.shardsvr.arbiter.containerSecurityContext.capabilities.drop
[INFO] Auditing path $.shardsvr.arbiter.containerSecurityContext.enabled
[INFO] Auditing path $.shardsvr.arbiter.containerSecurityContext.privileged
[INFO] Auditing path $.shardsvr.arbiter.containerSecurityContext.readOnlyRootFilesystem
[INFO] Auditing path $.shardsvr.arbiter.containerSecurityContext.runAsGroup
[INFO] Auditing path $.shardsvr.arbiter.containerSecurityContext.runAsNonRoot
[INFO] Auditing path $.shardsvr.arbiter.containerSecurityContext.runAsUser
[INFO] Auditing path $.shardsvr.arbiter.containerSecurityContext.seLinuxOptions
[INFO] Auditing path $.shardsvr.arbiter.containerSecurityContext.seccompProfile
[INFO] Auditing path $.shardsvr.arbiter.containerSecurityContext.seccompProfile.type
[INFO] Auditing path $.shardsvr.arbiter.customLivenessProbe
[INFO] Auditing path $.shardsvr.arbiter.customReadinessProbe
[INFO] Auditing path $.shardsvr.arbiter.customStartupProbe
[INFO] Auditing path $.shardsvr.arbiter.extraEnvVars
[INFO] Auditing path $.shardsvr.arbiter.extraEnvVarsCM
[INFO] Auditing path $.shardsvr.arbiter.extraEnvVarsSecret
[INFO] Auditing path $.shardsvr.arbiter.extraVolumeMounts
[INFO] Auditing path $.shardsvr.arbiter.extraVolumes
[INFO] Auditing path $.shardsvr.arbiter.hostAliases
[INFO] Auditing path $.shardsvr.arbiter.initContainers
[INFO] Auditing path $.shardsvr.arbiter.lifecycleHooks
[INFO] Auditing path $.shardsvr.arbiter.livenessProbe
[INFO] Auditing path $.shardsvr.arbiter.livenessProbe.enabled
[INFO] Auditing path $.shardsvr.arbiter.livenessProbe.failureThreshold
[INFO] Auditing path $.shardsvr.arbiter.livenessProbe.initialDelaySeconds
[INFO] Auditing path $.shardsvr.arbiter.livenessProbe.periodSeconds
[INFO] Auditing path $.shardsvr.arbiter.livenessProbe.successThreshold
[INFO] Auditing path $.shardsvr.arbiter.livenessProbe.timeoutSeconds
[INFO] Auditing path $.shardsvr.arbiter.mongodbExtraFlags
[INFO] Auditing path $.shardsvr.arbiter.nodeAffinityPreset
[INFO] Auditing path $.shardsvr.arbiter.nodeAffinityPreset.key
[INFO] Auditing path $.shardsvr.arbiter.nodeAffinityPreset.type
[INFO] Auditing path $.shardsvr.arbiter.nodeAffinityPreset.values
[INFO] Auditing path $.shardsvr.arbiter.nodeSelector
[INFO] Auditing path $.shardsvr.arbiter.podAffinityPreset
[INFO] Auditing path $.shardsvr.arbiter.podAnnotations
[INFO] Auditing path $.shardsvr.arbiter.podAntiAffinityPreset
[INFO] Auditing path $.shardsvr.arbiter.podLabels
[INFO] Auditing path $.shardsvr.arbiter.podManagementPolicy
[INFO] Auditing path $.shardsvr.arbiter.podSecurityContext
[INFO] Auditing path $.shardsvr.arbiter.podSecurityContext.enabled
[INFO] Auditing path $.shardsvr.arbiter.podSecurityContext.fsGroup
[INFO] Auditing path $.shardsvr.arbiter.podSecurityContext.fsGroupChangePolicy
[INFO] Auditing path $.shardsvr.arbiter.podSecurityContext.supplementalGroups
[INFO] Auditing path $.shardsvr.arbiter.podSecurityContext.sysctls
[INFO] Auditing path $.shardsvr.arbiter.priorityClassName
[INFO] Auditing path $.shardsvr.arbiter.readinessProbe
[INFO] Auditing path $.shardsvr.arbiter.readinessProbe.enabled
[INFO] Auditing path $.shardsvr.arbiter.readinessProbe.failureThreshold
[INFO] Auditing path $.shardsvr.arbiter.readinessProbe.initialDelaySeconds
[INFO] Auditing path $.shardsvr.arbiter.readinessProbe.periodSeconds
[INFO] Auditing path $.shardsvr.arbiter.readinessProbe.successThreshold
[INFO] Auditing path $.shardsvr.arbiter.readinessProbe.timeoutSeconds
[INFO] Auditing path $.shardsvr.arbiter.replicaCount
[INFO] Auditing path $.shardsvr.arbiter.resources
[INFO] Auditing path $.shardsvr.arbiter.resourcesPreset
[INFO] Auditing path $.shardsvr.arbiter.schedulerName
[INFO] Auditing path $.shardsvr.arbiter.serviceAccount
[INFO] Auditing path $.shardsvr.arbiter.serviceAccount.annotations
[INFO] Auditing path $.shardsvr.arbiter.serviceAccount.automountServiceAccountToken
[INFO] Auditing path $.shardsvr.arbiter.serviceAccount.create
[INFO] Auditing path $.shardsvr.arbiter.serviceAccount.name
[INFO] Auditing path $.shardsvr.arbiter.sidecars
[INFO] Auditing path $.shardsvr.arbiter.startupProbe
[INFO] Auditing path $.shardsvr.arbiter.startupProbe.enabled
[INFO] Auditing path $.shardsvr.arbiter.startupProbe.failureThreshold
[INFO] Auditing path $.shardsvr.arbiter.startupProbe.initialDelaySeconds
[INFO] Auditing path $.shardsvr.arbiter.startupProbe.periodSeconds
[INFO] Auditing path $.shardsvr.arbiter.startupProbe.successThreshold
[INFO] Auditing path $.shardsvr.arbiter.startupProbe.timeoutSeconds
[INFO] Auditing path $.shardsvr.arbiter.terminationGracePeriodSeconds
[INFO] Auditing path $.shardsvr.arbiter.tolerations
[INFO] Auditing path $.shardsvr.arbiter.topologySpreadConstraints
[INFO] Auditing path $.shardsvr.arbiter.updateStrategy
[INFO] Auditing path $.shardsvr.arbiter.updateStrategy.type
[INFO] Auditing path $.shardsvr.dataNode
[INFO] Auditing path $.shardsvr.dataNode.affinity
[INFO] Auditing path $.shardsvr.dataNode.args
[INFO] Auditing path $.shardsvr.dataNode.automountServiceAccountToken
[INFO] Auditing path $.shardsvr.dataNode.command
[INFO] Auditing path $.shardsvr.dataNode.config
[INFO] Auditing path $.shardsvr.dataNode.configCM
[INFO] Auditing path $.shardsvr.dataNode.containerSecurityContext
[INFO] Auditing path $.shardsvr.dataNode.containerSecurityContext.allowPrivilegeEscalation
[INFO] Auditing path $.shardsvr.dataNode.containerSecurityContext.capabilities
[INFO] Auditing path $.shardsvr.dataNode.containerSecurityContext.capabilities.drop
[INFO] Auditing path $.shardsvr.dataNode.containerSecurityContext.enabled
[INFO] Auditing path $.shardsvr.dataNode.containerSecurityContext.privileged
[INFO] Auditing path $.shardsvr.dataNode.containerSecurityContext.readOnlyRootFilesystem
[INFO] Auditing path $.shardsvr.dataNode.containerSecurityContext.runAsGroup
[INFO] Auditing path $.shardsvr.dataNode.containerSecurityContext.runAsNonRoot
[INFO] Auditing path $.shardsvr.dataNode.containerSecurityContext.runAsUser
[INFO] Auditing path $.shardsvr.dataNode.containerSecurityContext.seLinuxOptions
[INFO] Auditing path $.shardsvr.dataNode.containerSecurityContext.seccompProfile
[INFO] Auditing path $.shardsvr.dataNode.containerSecurityContext.seccompProfile.type
[INFO] Auditing path $.shardsvr.dataNode.customLivenessProbe
[INFO] Auditing path $.shardsvr.dataNode.customReadinessProbe
[INFO] Auditing path $.shardsvr.dataNode.customStartupProbe
[INFO] Auditing path $.shardsvr.dataNode.extraEnvVars
[INFO] Auditing path $.shardsvr.dataNode.extraEnvVarsCM
[INFO] Auditing path $.shardsvr.dataNode.extraEnvVarsSecret
[INFO] Auditing path $.shardsvr.dataNode.extraVolumeMounts
[INFO] Auditing path $.shardsvr.dataNode.extraVolumes
[INFO] Auditing path $.shardsvr.dataNode.hostAliases
[INFO] Auditing path $.shardsvr.dataNode.initContainers
[INFO] Auditing path $.shardsvr.dataNode.lifecycleHooks
[INFO] Auditing path $.shardsvr.dataNode.livenessProbe
[INFO] Auditing path $.shardsvr.dataNode.livenessProbe.enabled
[INFO] Auditing path $.shardsvr.dataNode.livenessProbe.failureThreshold
[INFO] Auditing path $.shardsvr.dataNode.livenessProbe.initialDelaySeconds
[INFO] Auditing path $.shardsvr.dataNode.livenessProbe.periodSeconds
[INFO] Auditing path $.shardsvr.dataNode.livenessProbe.successThreshold
[INFO] Auditing path $.shardsvr.dataNode.livenessProbe.timeoutSeconds
[INFO] Auditing path $.shardsvr.dataNode.mongodbExtraFlags
[INFO] Auditing path $.shardsvr.dataNode.nodeAffinityPreset
[INFO] Auditing path $.shardsvr.dataNode.nodeAffinityPreset.key
[INFO] Auditing path $.shardsvr.dataNode.nodeAffinityPreset.type
[INFO] Auditing path $.shardsvr.dataNode.nodeAffinityPreset.values
[INFO] Auditing path $.shardsvr.dataNode.nodeSelector
[INFO] Auditing path $.shardsvr.dataNode.pdb
[INFO] Auditing path $.shardsvr.dataNode.pdb.create
[INFO] Auditing path $.shardsvr.dataNode.pdb.maxUnavailable
[INFO] Auditing path $.shardsvr.dataNode.pdb.minAvailable
[INFO] Auditing path $.shardsvr.dataNode.podAffinityPreset
[INFO] Auditing path $.shardsvr.dataNode.podAnnotations
[INFO] Auditing path $.shardsvr.dataNode.podAntiAffinityPreset
[INFO] Auditing path $.shardsvr.dataNode.podLabels
[INFO] Auditing path $.shardsvr.dataNode.podManagementPolicy
[INFO] Auditing path $.shardsvr.dataNode.podSecurityContext
[INFO] Auditing path $.shardsvr.dataNode.podSecurityContext.enabled
[INFO] Auditing path $.shardsvr.dataNode.podSecurityContext.fsGroup
[INFO] Auditing path $.shardsvr.dataNode.podSecurityContext.fsGroupChangePolicy
[INFO] Auditing path $.shardsvr.dataNode.podSecurityContext.supplementalGroups
[INFO] Auditing path $.shardsvr.dataNode.podSecurityContext.sysctls
[INFO] Auditing path $.shardsvr.dataNode.priorityClassName
[INFO] Auditing path $.shardsvr.dataNode.readinessProbe
[INFO] Auditing path $.shardsvr.dataNode.readinessProbe.enabled
[INFO] Auditing path $.shardsvr.dataNode.readinessProbe.failureThreshold
[INFO] Auditing path $.shardsvr.dataNode.readinessProbe.initialDelaySeconds
[INFO] Auditing path $.shardsvr.dataNode.readinessProbe.periodSeconds
[INFO] Auditing path $.shardsvr.dataNode.readinessProbe.successThreshold
[INFO] Auditing path $.shardsvr.dataNode.readinessProbe.timeoutSeconds
[INFO] Auditing path $.shardsvr.dataNode.replicaCount
[INFO] Auditing path $.shardsvr.dataNode.resources
[INFO] Auditing path $.shardsvr.dataNode.resourcesPreset
[INFO] Auditing path $.shardsvr.dataNode.schedulerName
[INFO] Auditing path $.shardsvr.dataNode.serviceAccount
[INFO] Auditing path $.shardsvr.dataNode.serviceAccount.annotations
[INFO] Auditing path $.shardsvr.dataNode.serviceAccount.automountServiceAccountToken
[INFO] Auditing path $.shardsvr.dataNode.serviceAccount.create
[INFO] Auditing path $.shardsvr.dataNode.serviceAccount.name
[INFO] Auditing path $.shardsvr.dataNode.sidecars
[INFO] Auditing path $.shardsvr.dataNode.startupProbe
[INFO] Auditing path $.shardsvr.dataNode.startupProbe.enabled
[INFO] Auditing path $.shardsvr.dataNode.startupProbe.failureThreshold
[INFO] Auditing path $.shardsvr.dataNode.startupProbe.initialDelaySeconds
[INFO] Auditing path $.shardsvr.dataNode.startupProbe.periodSeconds
[INFO] Auditing path $.shardsvr.dataNode.startupProbe.successThreshold
[INFO] Auditing path $.shardsvr.dataNode.startupProbe.timeoutSeconds
[INFO] Auditing path $.shardsvr.dataNode.terminationGracePeriodSeconds
[INFO] Auditing path $.shardsvr.dataNode.tolerations
[INFO] Auditing path $.shardsvr.dataNode.topologySpreadConstraints
[INFO] Auditing path $.shardsvr.dataNode.updateStrategy
[INFO] Auditing path $.shardsvr.dataNode.updateStrategy.type
[INFO] Auditing path $.shardsvr.persistence
[INFO] Auditing path $.shardsvr.persistence.accessModes
[INFO] Auditing path $.shardsvr.persistence.accessModes[*]
[INFO] Auditing path $.shardsvr.persistence.annotations
[INFO] Auditing path $.shardsvr.persistence.enabled
[INFO] Auditing path $.shardsvr.persistence.mountPath
[INFO] Auditing path $.shardsvr.persistence.resourcePolicy
[INFO] Auditing path $.shardsvr.persistence.selector
[INFO] Auditing path $.shardsvr.persistence.size
[INFO] Auditing path $.shardsvr.persistence.storageClass
[INFO] Auditing path $.shardsvr.persistence.subPath
[INFO] Auditing path $.shardsvr.persistentVolumeClaimRetentionPolicy
[INFO] Auditing path $.shardsvr.persistentVolumeClaimRetentionPolicy.enabled
[INFO] Auditing path $.shardsvr.persistentVolumeClaimRetentionPolicy.whenDeleted
[INFO] Auditing path $.shardsvr.persistentVolumeClaimRetentionPolicy.whenScaled
[INFO] Auditing path $.shardsvr
[INFO] Auditing path $.volumePermissions.enabled
[INFO] Auditing path $.volumePermissions.image
[INFO] Auditing path $.volumePermissions.image.digest
[INFO] Auditing path $.volumePermissions.image.pullPolicy
[INFO] Auditing path $.volumePermissions.image.pullSecrets
[INFO] Auditing path $.volumePermissions.image.registry
[INFO] Auditing path $.volumePermissions.image.repository
[INFO] Auditing path $.volumePermissions.image.tag
[INFO] Auditing path $.volumePermissions.resources
[INFO] Auditing path $.volumePermissions.resourcesPreset
[INFO] Auditing path $.volumePermissions
