[INFO] Auditing path $.additionalAnnotations
[INFO] Auditing path $.additionalLabels
[INFO] Auditing path $.affinity
[INFO] Auditing path $.annotations
[INFO] Auditing path $.env
[INFO] Auditing path $.image.pullPolicy
[INFO] Auditing path $.image.pullSecrets
[INFO] Auditing path $.image.pullSecrets[*]
[INFO] Auditing path $.image.repository
[INFO] Auditing path $.image.tag
[INFO] Auditing path $.image
[INFO] Auditing path $.loglevel
[INFO] Auditing path $.nodeSelector
[INFO] Auditing path $.podLabels
[INFO] Auditing path $.priorityClassName
[INFO] Auditing path $.prometheus.monitor
[INFO] Auditing path $.prometheus.monitor.additionalLabels
[INFO] Auditing path $.prometheus.monitor.enabled
[INFO] Auditing path $.prometheus.monitor.interval
[INFO] Auditing path $.prometheus.monitor.metricRelabelings
[INFO] Auditing path $.prometheus.monitor.namespace
[INFO] Auditing path $.prometheus.monitor.namespace[*]
[INFO] Auditing path $.prometheus.monitor.relabelings
[INFO] Auditing path $.prometheus.monitor.targetLabels
[INFO] Auditing path $.prometheus.rules
[INFO] Auditing path $.prometheus.rules.additionalLabels
[INFO] Auditing path $.prometheus.rules.additionalRules
[INFO] Auditing path $.prometheus.rules.additionalRules[*].alert
[INFO] Auditing path $.prometheus.rules.additionalRules[*].annotations
[INFO] Auditing path $.prometheus.rules.additionalRules[*].annotations.description
[INFO] Auditing path $.prometheus.rules.additionalRules[*].annotations.summary
[INFO] Auditing path $.prometheus.rules.additionalRules[*].expr
[INFO] Auditing path $.prometheus.rules.additionalRules[*].for
[INFO] Auditing path $.prometheus.rules.additionalRules[*].labels
[INFO] Auditing path $.prometheus.rules.additionalRules[*].labels.severity
[INFO] Auditing path $.prometheus.rules.enabled
[INFO] Auditing path $.prometheus.rules.namespace
[INFO] Auditing path $.prometheus
[INFO] Auditing path $.rabbitmq.capabilities
[INFO] Auditing path $.rabbitmq.configMapOverrideReference
[INFO] Auditing path $.rabbitmq.connection
[INFO] Auditing path $.rabbitmq.excludeMetrics
[INFO] Auditing path $.rabbitmq.existingPasswordSecret
[INFO] Auditing path $.rabbitmq.existingPasswordSecretKey
[INFO] Auditing path $.rabbitmq.existingUserSecret
[INFO] Auditing path $.rabbitmq.existingUserSecretKey
[INFO] Auditing path $.rabbitmq.exporters
[INFO] Auditing path $.rabbitmq.include_queues
[INFO] Auditing path $.rabbitmq.include_vhost
[INFO] Auditing path $.rabbitmq.max_queues
[INFO] Auditing path $.rabbitmq.output_format
[INFO] Auditing path $.rabbitmq.password
[INFO] Auditing path $.rabbitmq.skip_queues
[INFO] Auditing path $.rabbitmq.skip_verify
[INFO] Auditing path $.rabbitmq.skip_vhost
[INFO] Auditing path $.rabbitmq.timeout
[INFO] Auditing path $.rabbitmq.url
[INFO] Auditing path $.rabbitmq.user
[INFO] Auditing path $.rabbitmq
[INFO] Auditing path $.replicaCount
[INFO] Auditing path $.resources
[INFO] Auditing path $.service.externalPort
[INFO] Auditing path $.service.internalPort
[INFO] Auditing path $.service.labels
[INFO] Auditing path $.service.type
[INFO] Auditing path $.service
[INFO] Auditing path $.serviceAccount.annotations
[INFO] Auditing path $.serviceAccount.create
[INFO] Auditing path $.serviceAccount.name
[INFO] Auditing path $.serviceAccount
[INFO] Auditing path $.tolerations
