[INFO] Auditing path $.commonAnnotations
[INFO] Auditing path $.commonLabels
[INFO] Auditing path $.configInline
[INFO] Auditing path $.controller.affinity
[INFO] Auditing path $.controller.args
[INFO] Auditing path $.controller.automountServiceAccountToken
[INFO] Auditing path $.controller.command
[INFO] Auditing path $.controller.containerPorts
[INFO] Auditing path $.controller.containerPorts.metrics
[INFO] Auditing path $.controller.containerSecurityContext
[INFO] Auditing path $.controller.containerSecurityContext.allowPrivilegeEscalation
[INFO] Auditing path $.controller.containerSecurityContext.capabilities
[INFO] Auditing path $.controller.containerSecurityContext.capabilities.drop
[INFO] Auditing path $.controller.containerSecurityContext.enabled
[INFO] Auditing path $.controller.containerSecurityContext.readOnlyRootFilesystem
[INFO] Auditing path $.controller.containerSecurityContext.runAsGroup
[INFO] Auditing path $.controller.containerSecurityContext.runAsNonRoot
[INFO] Auditing path $.controller.containerSecurityContext.runAsUser
[INFO] Auditing path $.controller.containerSecurityContext.seLinuxOptions
[INFO] Auditing path $.controller.containerSecurityContext.seccompProfile
[INFO] Auditing path $.controller.containerSecurityContext.seccompProfile.type
[INFO] Auditing path $.controller.customLivenessProbe
[INFO] Auditing path $.controller.customReadinessProbe
[INFO] Auditing path $.controller.customStartupProbe
[INFO] Auditing path $.controller.extraArgs
[INFO] Auditing path $.controller.extraEnvVars
[INFO] Auditing path $.controller.extraEnvVarsCM
[INFO] Auditing path $.controller.extraEnvVarsSecret
[INFO] Auditing path $.controller.extraVolumeMounts
[INFO] Auditing path $.controller.extraVolumes
[INFO] Auditing path $.controller.hostAliases
[INFO] Auditing path $.controller.image
[INFO] Auditing path $.controller.image.digest
[INFO] Auditing path $.controller.image.pullPolicy
[INFO] Auditing path $.controller.image.pullSecrets
[INFO] Auditing path $.controller.image.registry
[INFO] Auditing path $.controller.image.repository
[INFO] Auditing path $.controller.image.tag
[INFO] Auditing path $.controller.initContainers
[INFO] Auditing path $.controller.lifecycleHooks
[INFO] Auditing path $.controller.livenessProbe
[INFO] Auditing path $.controller.livenessProbe.enabled
[INFO] Auditing path $.controller.livenessProbe.failureThreshold
[INFO] Auditing path $.controller.livenessProbe.initialDelaySeconds
[INFO] Auditing path $.controller.livenessProbe.periodSeconds
[INFO] Auditing path $.controller.livenessProbe.successThreshold
[INFO] Auditing path $.controller.livenessProbe.timeoutSeconds
[INFO] Auditing path $.controller.logLevel
[INFO] Auditing path $.controller.metrics
[INFO] Auditing path $.controller.metrics.enabled
[INFO] Auditing path $.controller.metrics.service
[INFO] Auditing path $.controller.metrics.service.annotations
[INFO] Auditing path $.controller.metrics.service.annotations["prometheus.io/path"]
[INFO] Auditing path $.controller.metrics.service.annotations["prometheus.io/port"]
[INFO] Auditing path $.controller.metrics.service.annotations["prometheus.io/scrape"]
[INFO] Auditing path $.controller.metrics.service.port
[INFO] Auditing path $.controller.metrics.serviceMonitor
[INFO] Auditing path $.controller.metrics.serviceMonitor.enabled
[INFO] Auditing path $.controller.metrics.serviceMonitor.honorLabels
[INFO] Auditing path $.controller.metrics.serviceMonitor.interval
[INFO] Auditing path $.controller.metrics.serviceMonitor.jobLabel
[INFO] Auditing path $.controller.metrics.serviceMonitor.labels
[INFO] Auditing path $.controller.metrics.serviceMonitor.metricRelabelings
[INFO] Auditing path $.controller.metrics.serviceMonitor.namespace
[INFO] Auditing path $.controller.metrics.serviceMonitor.relabelings
[INFO] Auditing path $.controller.metrics.serviceMonitor.scrapeTimeout
[INFO] Auditing path $.controller.metrics.serviceMonitor.selector
[INFO] Auditing path $.controller.nodeAffinityPreset
[INFO] Auditing path $.controller.nodeAffinityPreset.key
[INFO] Auditing path $.controller.nodeAffinityPreset.type
[INFO] Auditing path $.controller.nodeAffinityPreset.values
[INFO] Auditing path $.controller.nodeSelector
[INFO] Auditing path $.controller.pdb
[INFO] Auditing path $.controller.pdb.create
[INFO] Auditing path $.controller.pdb.maxUnavailable
[INFO] Auditing path $.controller.pdb.minAvailable
[INFO] Auditing path $.controller.podAffinityPreset
[INFO] Auditing path $.controller.podAnnotations
[INFO] Auditing path $.controller.podAntiAffinityPreset
[INFO] Auditing path $.controller.podLabels
[INFO] Auditing path $.controller.podSecurityContext
[INFO] Auditing path $.controller.podSecurityContext.enabled
[INFO] Auditing path $.controller.podSecurityContext.fsGroup
[INFO] Auditing path $.controller.podSecurityContext.fsGroupChangePolicy
[INFO] Auditing path $.controller.podSecurityContext.supplementalGroups
[INFO] Auditing path $.controller.podSecurityContext.sysctls
[INFO] Auditing path $.controller.priorityClassName
[INFO] Auditing path $.controller.psp
[INFO] Auditing path $.controller.psp.create
[INFO] Auditing path $.controller.rbac
[INFO] Auditing path $.controller.rbac.create
[INFO] Auditing path $.controller.readinessProbe
[INFO] Auditing path $.controller.readinessProbe.enabled
[INFO] Auditing path $.controller.readinessProbe.failureThreshold
[INFO] Auditing path $.controller.readinessProbe.initialDelaySeconds
[INFO] Auditing path $.controller.readinessProbe.periodSeconds
[INFO] Auditing path $.controller.readinessProbe.successThreshold
[INFO] Auditing path $.controller.readinessProbe.timeoutSeconds
[INFO] Auditing path $.controller.resources
[INFO] Auditing path $.controller.resourcesPreset
[INFO] Auditing path $.controller.revisionHistoryLimit
[INFO] Auditing path $.controller.runtimeClassName
[INFO] Auditing path $.controller.schedulerName
[INFO] Auditing path $.controller.serviceAccount
[INFO] Auditing path $.controller.serviceAccount.annotations
[INFO] Auditing path $.controller.serviceAccount.automountServiceAccountToken
[INFO] Auditing path $.controller.serviceAccount.create
[INFO] Auditing path $.controller.serviceAccount.name
[INFO] Auditing path $.controller.sidecars
[INFO] Auditing path $.controller.startupProbe
[INFO] Auditing path $.controller.startupProbe.enabled
[INFO] Auditing path $.controller.startupProbe.failureThreshold
[INFO] Auditing path $.controller.startupProbe.initialDelaySeconds
[INFO] Auditing path $.controller.startupProbe.periodSeconds
[INFO] Auditing path $.controller.startupProbe.successThreshold
[INFO] Auditing path $.controller.startupProbe.timeoutSeconds
[INFO] Auditing path $.controller.terminationGracePeriodSeconds
[INFO] Auditing path $.controller.tlsCipherSuites
[INFO] Auditing path $.controller.tlsMinVersion
[INFO] Auditing path $.controller.tolerations
[INFO] Auditing path $.controller.topologySpreadConstraints
[INFO] Auditing path $.controller.updateStrategy
[INFO] Auditing path $.controller.updateStrategy.type
[INFO] Auditing path $.controller.webhookMode
[INFO] Auditing path $.controller
[INFO] Auditing path $.diagnosticMode.args
[INFO] Auditing path $.diagnosticMode.command
[INFO] Auditing path $.diagnosticMode.enabled
[INFO] Auditing path $.diagnosticMode
[INFO] Auditing path $.existingConfigMap
[INFO] Auditing path $.extraDeploy[*]
[INFO] Auditing path $.extraDeploy
[INFO] Auditing path $.fullnameOverride
[INFO] Auditing path $.global.compatibility
[INFO] Auditing path $.global.compatibility.openshift
[INFO] Auditing path $.global.compatibility.openshift.adaptSecurityContext
[INFO] Auditing path $.global.imagePullSecrets
[INFO] Auditing path $.global.imageRegistry
[INFO] Auditing path $.global.security
[INFO] Auditing path $.global.security.allowInsecureImages
[INFO] Auditing path $.global
[INFO] Auditing path $.installCRDs
[INFO] Auditing path $.kubeVersion
[INFO] Auditing path $.nameOverride
[INFO] Auditing path $.networkPolicy.allowExternal
[INFO] Auditing path $.networkPolicy.allowExternalEgress
[INFO] Auditing path $.networkPolicy.enabled
[INFO] Auditing path $.networkPolicy.extraEgress
[INFO] Auditing path $.networkPolicy.extraIngress
[INFO] Auditing path $.networkPolicy.ingressNSMatchLabels
[INFO] Auditing path $.networkPolicy.ingressNSMatchLabels[*]
[INFO] Auditing path $.networkPolicy.ingressNSPodMatchLabels
[INFO] Auditing path $.networkPolicy.ingressNSPodMatchLabels[*]
[INFO] Auditing path $.networkPolicy.kubeAPIServerPorts
[INFO] Auditing path $.networkPolicy.kubeAPIServerPorts[*]
[INFO] Auditing path $.networkPolicy
[INFO] Auditing path $.prometheusRule.enabled
[INFO] Auditing path $.prometheusRule
[INFO] Auditing path $.psp.create
[INFO] Auditing path $.psp
[INFO] Auditing path $.rbac.create
[INFO] Auditing path $.rbac
[INFO] Auditing path $.rts.networkPolicy.extraEgress
[INFO] Auditing path $.speaker.affinity
[INFO] Auditing path $.speaker.args
[INFO] Auditing path $.speaker.automountServiceAccountToken
[INFO] Auditing path $.speaker.command
[INFO] Auditing path $.speaker.containerPorts
[INFO] Auditing path $.speaker.containerPorts.metrics
[INFO] Auditing path $.speaker.containerSecurityContext
[INFO] Auditing path $.speaker.containerSecurityContext.allowPrivilegeEscalation
[INFO] Auditing path $.speaker.containerSecurityContext.capabilities
[INFO] Auditing path $.speaker.containerSecurityContext.capabilities.add
[INFO] Auditing path $.speaker.containerSecurityContext.capabilities.drop
[INFO] Auditing path $.speaker.containerSecurityContext.enabled
[INFO] Auditing path $.speaker.containerSecurityContext.readOnlyRootFilesystem
[INFO] Auditing path $.speaker.containerSecurityContext.runAsGroup
[INFO] Auditing path $.speaker.containerSecurityContext.runAsUser
[INFO] Auditing path $.speaker.containerSecurityContext.seLinuxOptions
[INFO] Auditing path $.speaker.containerSecurityContext.seccompProfile
[INFO] Auditing path $.speaker.containerSecurityContext.seccompProfile.type
[INFO] Auditing path $.speaker.customLivenessProbe
[INFO] Auditing path $.speaker.customReadinessProbe
[INFO] Auditing path $.speaker.customStartupProbe
[INFO] Auditing path $.speaker.enabled
[INFO] Auditing path $.speaker.extraEnvVars
[INFO] Auditing path $.speaker.extraEnvVarsCM
[INFO] Auditing path $.speaker.extraEnvVarsSecret
[INFO] Auditing path $.speaker.extraVolumeMounts
[INFO] Auditing path $.speaker.extraVolumes
[INFO] Auditing path $.speaker.frr
[INFO] Auditing path $.speaker.frr.containerPorts
[INFO] Auditing path $.speaker.frr.containerPorts.metrics
[INFO] Auditing path $.speaker.frr.containerSecurityContext
[INFO] Auditing path $.speaker.frr.containerSecurityContext.capabilities
[INFO] Auditing path $.speaker.frr.containerSecurityContext.capabilities.add
[INFO] Auditing path $.speaker.frr.containerSecurityContext.enabled
[INFO] Auditing path $.speaker.frr.containerSecurityContext.runAsGroup
[INFO] Auditing path $.speaker.frr.containerSecurityContext.runAsUser
[INFO] Auditing path $.speaker.frr.customLivenessProbe
[INFO] Auditing path $.speaker.frr.customReadinessProbe
[INFO] Auditing path $.speaker.frr.customStartupProbe
[INFO] Auditing path $.speaker.frr.enabled
[INFO] Auditing path $.speaker.frr.image
[INFO] Auditing path $.speaker.frr.image.digest
[INFO] Auditing path $.speaker.frr.image.pullPolicy
[INFO] Auditing path $.speaker.frr.image.pullSecrets
[INFO] Auditing path $.speaker.frr.image.registry
[INFO] Auditing path $.speaker.frr.image.repository
[INFO] Auditing path $.speaker.frr.image.tag
[INFO] Auditing path $.speaker.frr.livenessProbe
[INFO] Auditing path $.speaker.frr.livenessProbe.enabled
[INFO] Auditing path $.speaker.frr.livenessProbe.failureThreshold
[INFO] Auditing path $.speaker.frr.livenessProbe.initialDelaySeconds
[INFO] Auditing path $.speaker.frr.livenessProbe.periodSeconds
[INFO] Auditing path $.speaker.frr.livenessProbe.successThreshold
[INFO] Auditing path $.speaker.frr.livenessProbe.timeoutSeconds
[INFO] Auditing path $.speaker.frr.metrics
[INFO] Auditing path $.speaker.frr.metrics.service
[INFO] Auditing path $.speaker.frr.metrics.service.annotations
[INFO] Auditing path $.speaker.frr.metrics.service.annotations["prometheus.io/path"]
[INFO] Auditing path $.speaker.frr.metrics.service.annotations["prometheus.io/port"]
[INFO] Auditing path $.speaker.frr.metrics.service.annotations["prometheus.io/scrape"]
[INFO] Auditing path $.speaker.frr.metrics.service.port
[INFO] Auditing path $.speaker.frr.metrics.serviceMonitor
[INFO] Auditing path $.speaker.frr.metrics.serviceMonitor.enabled
[INFO] Auditing path $.speaker.frr.metrics.serviceMonitor.honorLabels
[INFO] Auditing path $.speaker.frr.metrics.serviceMonitor.interval
[INFO] Auditing path $.speaker.frr.metrics.serviceMonitor.jobLabel
[INFO] Auditing path $.speaker.frr.metrics.serviceMonitor.labels
[INFO] Auditing path $.speaker.frr.metrics.serviceMonitor.metricRelabelings
[INFO] Auditing path $.speaker.frr.metrics.serviceMonitor.namespace
[INFO] Auditing path $.speaker.frr.metrics.serviceMonitor.relabelings
[INFO] Auditing path $.speaker.frr.metrics.serviceMonitor.scrapeTimeout
[INFO] Auditing path $.speaker.frr.metrics.serviceMonitor.selector
[INFO] Auditing path $.speaker.frr.readinessProbe
[INFO] Auditing path $.speaker.frr.readinessProbe.enabled
[INFO] Auditing path $.speaker.frr.readinessProbe.failureThreshold
[INFO] Auditing path $.speaker.frr.readinessProbe.initialDelaySeconds
[INFO] Auditing path $.speaker.frr.readinessProbe.periodSeconds
[INFO] Auditing path $.speaker.frr.readinessProbe.successThreshold
[INFO] Auditing path $.speaker.frr.readinessProbe.timeoutSeconds
[INFO] Auditing path $.speaker.frr.resources
[INFO] Auditing path $.speaker.frr.resourcesPreset
[INFO] Auditing path $.speaker.frr.startupProbe
[INFO] Auditing path $.speaker.frr.startupProbe.enabled
[INFO] Auditing path $.speaker.frr.startupProbe.failureThreshold
[INFO] Auditing path $.speaker.frr.startupProbe.initialDelaySeconds
[INFO] Auditing path $.speaker.frr.startupProbe.periodSeconds
[INFO] Auditing path $.speaker.frr.startupProbe.successThreshold
[INFO] Auditing path $.speaker.frr.startupProbe.timeoutSeconds
[INFO] Auditing path $.speaker.hostAliases
[INFO] Auditing path $.speaker.image
[INFO] Auditing path $.speaker.image.digest
[INFO] Auditing path $.speaker.image.pullPolicy
[INFO] Auditing path $.speaker.image.pullSecrets
[INFO] Auditing path $.speaker.image.registry
[INFO] Auditing path $.speaker.image.repository
[INFO] Auditing path $.speaker.image.tag
[INFO] Auditing path $.speaker.initContainers
[INFO] Auditing path $.speaker.lifecycleHooks
[INFO] Auditing path $.speaker.livenessProbe
[INFO] Auditing path $.speaker.livenessProbe.enabled
[INFO] Auditing path $.speaker.livenessProbe.failureThreshold
[INFO] Auditing path $.speaker.livenessProbe.initialDelaySeconds
[INFO] Auditing path $.speaker.livenessProbe.periodSeconds
[INFO] Auditing path $.speaker.livenessProbe.successThreshold
[INFO] Auditing path $.speaker.livenessProbe.timeoutSeconds
[INFO] Auditing path $.speaker.logLevel
[INFO] Auditing path $.speaker.metrics
[INFO] Auditing path $.speaker.metrics.enabled
[INFO] Auditing path $.speaker.metrics.service
[INFO] Auditing path $.speaker.metrics.service.annotations
[INFO] Auditing path $.speaker.metrics.service.annotations["prometheus.io/path"]
[INFO] Auditing path $.speaker.metrics.service.annotations["prometheus.io/port"]
[INFO] Auditing path $.speaker.metrics.service.annotations["prometheus.io/scrape"]
[INFO] Auditing path $.speaker.metrics.service.port
[INFO] Auditing path $.speaker.metrics.serviceMonitor
[INFO] Auditing path $.speaker.metrics.serviceMonitor.enabled
[INFO] Auditing path $.speaker.metrics.serviceMonitor.honorLabels
[INFO] Auditing path $.speaker.metrics.serviceMonitor.interval
[INFO] Auditing path $.speaker.metrics.serviceMonitor.jobLabel
[INFO] Auditing path $.speaker.metrics.serviceMonitor.labels
[INFO] Auditing path $.speaker.metrics.serviceMonitor.metricRelabelings
[INFO] Auditing path $.speaker.metrics.serviceMonitor.namespace
[INFO] Auditing path $.speaker.metrics.serviceMonitor.relabelings
[INFO] Auditing path $.speaker.metrics.serviceMonitor.scrapeTimeout
[INFO] Auditing path $.speaker.metrics.serviceMonitor.selector
[INFO] Auditing path $.speaker.networkPolicy
[INFO] Auditing path $.speaker.networkPolicy.allowExternal
[INFO] Auditing path $.speaker.networkPolicy.allowExternalEgress
[INFO] Auditing path $.speaker.networkPolicy.enabled
[INFO] Auditing path $.speaker.networkPolicy.extraEgress
[INFO] Auditing path $.speaker.networkPolicy.extraIngress
[INFO] Auditing path $.speaker.networkPolicy.ingressNSMatchLabels
[INFO] Auditing path $.speaker.networkPolicy.ingressNSMatchLabels[*]
[INFO] Auditing path $.speaker.networkPolicy.ingressNSPodMatchLabels
[INFO] Auditing path $.speaker.networkPolicy.ingressNSPodMatchLabels[*]
[INFO] Auditing path $.speaker.networkPolicy.kubeAPIServerPorts
[INFO] Auditing path $.speaker.networkPolicy.kubeAPIServerPorts[*]
[INFO] Auditing path $.speaker.nodeAffinityPreset
[INFO] Auditing path $.speaker.nodeAffinityPreset.key
[INFO] Auditing path $.speaker.nodeAffinityPreset.type
[INFO] Auditing path $.speaker.nodeAffinityPreset.values
[INFO] Auditing path $.speaker.nodeSelector
[INFO] Auditing path $.speaker.podAffinityPreset
[INFO] Auditing path $.speaker.podAnnotations
[INFO] Auditing path $.speaker.podAntiAffinityPreset
[INFO] Auditing path $.speaker.podLabels
[INFO] Auditing path $.speaker.podSecurityContext
[INFO] Auditing path $.speaker.podSecurityContext.enabled
[INFO] Auditing path $.speaker.podSecurityContext.fsGroup
[INFO] Auditing path $.speaker.podSecurityContext.fsGroupChangePolicy
[INFO] Auditing path $.speaker.podSecurityContext.supplementalGroups
[INFO] Auditing path $.speaker.podSecurityContext.sysctls
[INFO] Auditing path $.speaker.priorityClassName
[INFO] Auditing path $.speaker.psp
[INFO] Auditing path $.speaker.psp.create
[INFO] Auditing path $.speaker.rbac
[INFO] Auditing path $.speaker.rbac.create
[INFO] Auditing path $.speaker.readinessProbe
[INFO] Auditing path $.speaker.readinessProbe.enabled
[INFO] Auditing path $.speaker.readinessProbe.failureThreshold
[INFO] Auditing path $.speaker.readinessProbe.initialDelaySeconds
[INFO] Auditing path $.speaker.readinessProbe.periodSeconds
[INFO] Auditing path $.speaker.readinessProbe.successThreshold
[INFO] Auditing path $.speaker.readinessProbe.timeoutSeconds
[INFO] Auditing path $.speaker.resources
[INFO] Auditing path $.speaker.resourcesPreset
[INFO] Auditing path $.speaker.runtimeClassName
[INFO] Auditing path $.speaker.secretKey
[INFO] Auditing path $.speaker.secretName
[INFO] Auditing path $.speaker.secretValue
[INFO] Auditing path $.speaker.serviceAccount
[INFO] Auditing path $.speaker.serviceAccount.annotations
[INFO] Auditing path $.speaker.serviceAccount.automountServiceAccountToken
[INFO] Auditing path $.speaker.serviceAccount.create
[INFO] Auditing path $.speaker.serviceAccount.name
[INFO] Auditing path $.speaker.sidecars
[INFO] Auditing path $.speaker.startupProbe
[INFO] Auditing path $.speaker.startupProbe.enabled
[INFO] Auditing path $.speaker.startupProbe.failureThreshold
[INFO] Auditing path $.speaker.startupProbe.initialDelaySeconds
[INFO] Auditing path $.speaker.startupProbe.periodSeconds
[INFO] Auditing path $.speaker.startupProbe.successThreshold
[INFO] Auditing path $.speaker.startupProbe.timeoutSeconds
[INFO] Auditing path $.speaker.terminationGracePeriodSeconds
[INFO] Auditing path $.speaker.tolerations
[INFO] Auditing path $.speaker.updateStrategy
[INFO] Auditing path $.speaker.updateStrategy.type
[INFO] Auditing path $.speaker
