[INFO] Auditing path $.additionalVolumeMounts
[INFO] Auditing path $.additionalVolumes
[INFO] Auditing path $.affinity
[INFO] Auditing path $.autoscaling.enabled
[INFO] Auditing path $.autoscaling.maxReplicas
[INFO] Auditing path $.autoscaling.minReplicas
[INFO] Auditing path $.autoscaling.targetCPUUtilizationPercentage
[INFO] Auditing path $.autoscaling.targetMemoryUtilizationPercentage
[INFO] Auditing path $.autoscaling
[INFO] Auditing path $.commonLabels
[INFO] Auditing path $.configuration.config
[INFO] Auditing path $.configuration.structuredConfig
[INFO] Auditing path $.configuration
[INFO] Auditing path $.deploymentAnnotations
[INFO] Auditing path $.deploymentLabels
[INFO] Auditing path $.environmentVariables
[INFO] Auditing path $.extraArgs[*].name
[INFO] Auditing path $.extraArgs[*].value
[INFO] Auditing path $.extraArgs
[INFO] Auditing path $.extraContainers
[INFO] Auditing path $.extraInitContainers
[INFO] Auditing path $.extraManifests[*]
[INFO] Auditing path $.extraManifests
[INFO] Auditing path $.fullnameOverride
[INFO] Auditing path $.image.pullPolicy
[INFO] Auditing path $.image.repository
[INFO] Auditing path $.image.tag
[INFO] Auditing path $.image
[INFO] Auditing path $.imagePullSecrets
[INFO] Auditing path $.ingress.annotations
[INFO] Auditing path $.ingress.className
[INFO] Auditing path $.ingress.enabled
[INFO] Auditing path $.ingress.hosts
[INFO] Auditing path $.ingress.hosts[*].host
[INFO] Auditing path $.ingress.hosts[*].paths
[INFO] Auditing path $.ingress.hosts[*].paths[*].path
[INFO] Auditing path $.ingress.hosts[*].paths[*].pathType
[INFO] Auditing path $.ingress.labels
[INFO] Auditing path $.ingress.tls
[INFO] Auditing path $.ingress.tls[*].hosts
[INFO] Auditing path $.ingress.tls[*].hosts[*]
[INFO] Auditing path $.ingress.tls[*].secretName
[INFO] Auditing path $.ingress
[INFO] Auditing path $.livenessProbe.httpGet
[INFO] Auditing path $.livenessProbe.httpGet.path
[INFO] Auditing path $.livenessProbe.httpGet.port
[INFO] Auditing path $.livenessProbe
[INFO] Auditing path $.nameOverride
[INFO] Auditing path $.nodeSelector
[INFO] Auditing path $.podAnnotations
[INFO] Auditing path $.podLabels
[INFO] Auditing path $.podSecurityContext
[INFO] Auditing path $.prometheusRule.additionalLabels
[INFO] Auditing path $.prometheusRule.enabled
[INFO] Auditing path $.prometheusRule.namespace
[INFO] Auditing path $.prometheusRule.rules
[INFO] Auditing path $.prometheusRule
[INFO] Auditing path $.readinessProbe.httpGet
[INFO] Auditing path $.readinessProbe.httpGet.path
[INFO] Auditing path $.readinessProbe.httpGet.port
[INFO] Auditing path $.readinessProbe
[INFO] Auditing path $.replicaCount
[INFO] Auditing path $.resources
[INFO] Auditing path $.revisionHistoryLimit
[INFO] Auditing path $.route[*].additionalRules
[INFO] Auditing path $.route[*].annotations
[INFO] Auditing path $.route[*].apiVersion
[INFO] Auditing path $.route[*].enabled
[INFO] Auditing path $.route[*].filters
[INFO] Auditing path $.route[*].hostnames
[INFO] Auditing path $.route[*].httpsRedirect
[INFO] Auditing path $.route[*].kind
[INFO] Auditing path $.route[*].labels
[INFO] Auditing path $.route[*].matches
[INFO] Auditing path $.route[*].name
[INFO] Auditing path $.route[*].parentRefs
[INFO] Auditing path $.route.main
[INFO] Auditing path $.route.main.additionalRules
[INFO] Auditing path $.route.main.annotations
[INFO] Auditing path $.route.main.apiVersion
[INFO] Auditing path $.route.main.enabled
[INFO] Auditing path $.route.main.filters
[INFO] Auditing path $.route.main.hostnames
[INFO] Auditing path $.route.main.httpsRedirect
[INFO] Auditing path $.route.main.kind
[INFO] Auditing path $.route.main.labels
[INFO] Auditing path $.route.main.matches
[INFO] Auditing path $.route.main.matches[*].path
[INFO] Auditing path $.route.main.matches[*].path.type
[INFO] Auditing path $.route.main.matches[*].path.value
[INFO] Auditing path $.route.main.name
[INFO] Auditing path $.route.main.parentRefs
[INFO] Auditing path $.route
[INFO] Auditing path $.securityContext
[INFO] Auditing path $.service.annotations
[INFO] Auditing path $.service.labels
[INFO] Auditing path $.service.name
[INFO] Auditing path $.service.port
[INFO] Auditing path $.service.targetPort
[INFO] Auditing path $.service.type
[INFO] Auditing path $.service
[INFO] Auditing path $.serviceAccount.annotations
[INFO] Auditing path $.serviceAccount.create
[INFO] Auditing path $.serviceAccount.name
[INFO] Auditing path $.serviceAccount
[INFO] Auditing path $.serviceMonitor.defaults
[INFO] Auditing path $.serviceMonitor.defaults.additionalMetricsRelabels
[INFO] Auditing path $.serviceMonitor.defaults.additionalRelabels
[INFO] Auditing path $.serviceMonitor.defaults.interval
[INFO] Auditing path $.serviceMonitor.defaults.labels
[INFO] Auditing path $.serviceMonitor.defaults.scrapeTimeout
[INFO] Auditing path $.serviceMonitor.enabled
[INFO] Auditing path $.serviceMonitor.namespace
[INFO] Auditing path $.serviceMonitor.scheme
[INFO] Auditing path $.serviceMonitor.targets
[INFO] Auditing path $.serviceMonitor.targets[*].additionalMetricsRelabels
[INFO] Auditing path $.serviceMonitor.targets[*].additionalRelabels
[INFO] Auditing path $.serviceMonitor.targets[*].interval
[INFO] Auditing path $.serviceMonitor.targets[*].labels
[INFO] Auditing path $.serviceMonitor.targets[*].module
[INFO] Auditing path $.serviceMonitor.targets[*].name
[INFO] Auditing path $.serviceMonitor.targets[*].scrapeTimeout
[INFO] Auditing path $.serviceMonitor.targets[*].url
[INFO] Auditing path $.serviceMonitor
[INFO] Auditing path $.tolerations
