[INFO] Auditing path $.auxiliaryImage.digest
[INFO] Auditing path $.auxiliaryImage.pullPolicy
[INFO] Auditing path $.auxiliaryImage.pullSecrets
[INFO] Auditing path $.auxiliaryImage.registry
[INFO] Auditing path $.auxiliaryImage.repository
[INFO] Auditing path $.auxiliaryImage.tag
[INFO] Auditing path $.auxiliaryImage
[INFO] Auditing path $.clusterDomain
[INFO] Auditing path $.commonAnnotations
[INFO] Auditing path $.commonLabels
[INFO] Auditing path $.diagnosticMode.args
[INFO] Auditing path $.diagnosticMode.command
[INFO] Auditing path $.diagnosticMode.enabled
[INFO] Auditing path $.diagnosticMode
[INFO] Auditing path $.externalDatabase.database
[INFO] Auditing path $.externalDatabase.existingSecret
[INFO] Auditing path $.externalDatabase.existingSecretPasswordKey
[INFO] Auditing path $.externalDatabase.host
[INFO] Auditing path $.externalDatabase.password
[INFO] Auditing path $.externalDatabase.port
[INFO] Auditing path $.externalDatabase.user
[INFO] Auditing path $.externalDatabase
[INFO] Auditing path $.extraDeploy[*]
[INFO] Auditing path $.extraDeploy
[INFO] Auditing path $.fullnameOverride
[INFO] Auditing path $.global.compatibility
[INFO] Auditing path $.global.compatibility.openshift
[INFO] Auditing path $.global.compatibility.openshift.adaptSecurityContext
[INFO] Auditing path $.global.defaultStorageClass
[INFO] Auditing path $.global.imagePullSecrets
[INFO] Auditing path $.global.imageRegistry
[INFO] Auditing path $.global.security
[INFO] Auditing path $.global.security.allowInsecureImages
[INFO] Auditing path $.global.storageClass
[INFO] Auditing path $.global
[INFO] Auditing path $.hub.adminUser
[INFO] Auditing path $.hub.affinity
[INFO] Auditing path $.hub.args
[INFO] Auditing path $.hub.automountServiceAccountToken
[INFO] Auditing path $.hub.baseUrl
[INFO] Auditing path $.hub.command
[INFO] Auditing path $.hub.configuration
[INFO] Auditing path $.hub.containerPorts
[INFO] Auditing path $.hub.containerPorts.http
[INFO] Auditing path $.hub.containerSecurityContext
[INFO] Auditing path $.hub.containerSecurityContext.allowPrivilegeEscalation
[INFO] Auditing path $.hub.containerSecurityContext.capabilities
[INFO] Auditing path $.hub.containerSecurityContext.capabilities.drop
[INFO] Auditing path $.hub.containerSecurityContext.enabled
[INFO] Auditing path $.hub.containerSecurityContext.privileged
[INFO] Auditing path $.hub.containerSecurityContext.readOnlyRootFilesystem
[INFO] Auditing path $.hub.containerSecurityContext.runAsGroup
[INFO] Auditing path $.hub.containerSecurityContext.runAsNonRoot
[INFO] Auditing path $.hub.containerSecurityContext.runAsUser
[INFO] Auditing path $.hub.containerSecurityContext.seLinuxOptions
[INFO] Auditing path $.hub.containerSecurityContext.seccompProfile
[INFO] Auditing path $.hub.containerSecurityContext.seccompProfile.type
[INFO] Auditing path $.hub.customLivenessProbe
[INFO] Auditing path $.hub.customReadinessProbe
[INFO] Auditing path $.hub.customStartupProbe
[INFO] Auditing path $.hub.existingConfigmap
[INFO] Auditing path $.hub.existingSecret
[INFO] Auditing path $.hub.extraEnvVars
[INFO] Auditing path $.hub.extraEnvVarsCM
[INFO] Auditing path $.hub.extraEnvVarsSecret
[INFO] Auditing path $.hub.extraVolumeMounts
[INFO] Auditing path $.hub.extraVolumes
[INFO] Auditing path $.hub.hostAliases
[INFO] Auditing path $.hub.image
[INFO] Auditing path $.hub.image.digest
[INFO] Auditing path $.hub.image.pullPolicy
[INFO] Auditing path $.hub.image.pullSecrets
[INFO] Auditing path $.hub.image.registry
[INFO] Auditing path $.hub.image.repository
[INFO] Auditing path $.hub.image.tag
[INFO] Auditing path $.hub.initContainers
[INFO] Auditing path $.hub.lifecycleHooks
[INFO] Auditing path $.hub.livenessProbe
[INFO] Auditing path $.hub.livenessProbe.enabled
[INFO] Auditing path $.hub.livenessProbe.failureThreshold
[INFO] Auditing path $.hub.livenessProbe.initialDelaySeconds
[INFO] Auditing path $.hub.livenessProbe.periodSeconds
[INFO] Auditing path $.hub.livenessProbe.successThreshold
[INFO] Auditing path $.hub.livenessProbe.timeoutSeconds
[INFO] Auditing path $.hub.metrics
[INFO] Auditing path $.hub.metrics.authenticatePrometheus
[INFO] Auditing path $.hub.metrics.serviceMonitor
[INFO] Auditing path $.hub.metrics.serviceMonitor.enabled
[INFO] Auditing path $.hub.metrics.serviceMonitor.honorLabels
[INFO] Auditing path $.hub.metrics.serviceMonitor.interval
[INFO] Auditing path $.hub.metrics.serviceMonitor.jobLabel
[INFO] Auditing path $.hub.metrics.serviceMonitor.labels
[INFO] Auditing path $.hub.metrics.serviceMonitor.metricRelabelings
[INFO] Auditing path $.hub.metrics.serviceMonitor.namespace
[INFO] Auditing path $.hub.metrics.serviceMonitor.path
[INFO] Auditing path $.hub.metrics.serviceMonitor.relabelings
[INFO] Auditing path $.hub.metrics.serviceMonitor.scrapeTimeout
[INFO] Auditing path $.hub.metrics.serviceMonitor.selector
[INFO] Auditing path $.hub.networkPolicy
[INFO] Auditing path $.hub.networkPolicy.allowExternal
[INFO] Auditing path $.hub.networkPolicy.allowExternalEgress
[INFO] Auditing path $.hub.networkPolicy.allowInterspaceAccess
[INFO] Auditing path $.hub.networkPolicy.enabled
[INFO] Auditing path $.hub.networkPolicy.extraEgress
[INFO] Auditing path $.hub.networkPolicy.extraIngress
[INFO] Auditing path $.hub.networkPolicy.ingressNSMatchLabels
[INFO] Auditing path $.hub.networkPolicy.ingressNSPodMatchLabels
[INFO] Auditing path $.hub.nodeAffinityPreset
[INFO] Auditing path $.hub.nodeAffinityPreset.key
[INFO] Auditing path $.hub.nodeAffinityPreset.type
[INFO] Auditing path $.hub.nodeAffinityPreset.values
[INFO] Auditing path $.hub.nodeSelector
[INFO] Auditing path $.hub.password
[INFO] Auditing path $.hub.pdb
[INFO] Auditing path $.hub.pdb.create
[INFO] Auditing path $.hub.pdb.maxUnavailable
[INFO] Auditing path $.hub.pdb.minAvailable
[INFO] Auditing path $.hub.podAffinityPreset
[INFO] Auditing path $.hub.podAnnotations
[INFO] Auditing path $.hub.podAntiAffinityPreset
[INFO] Auditing path $.hub.podLabels
[INFO] Auditing path $.hub.podSecurityContext
[INFO] Auditing path $.hub.podSecurityContext.enabled
[INFO] Auditing path $.hub.podSecurityContext.fsGroup
[INFO] Auditing path $.hub.podSecurityContext.fsGroupChangePolicy
[INFO] Auditing path $.hub.podSecurityContext.supplementalGroups
[INFO] Auditing path $.hub.podSecurityContext.sysctls
[INFO] Auditing path $.hub.priorityClassName
[INFO] Auditing path $.hub.rbac
[INFO] Auditing path $.hub.rbac.create
[INFO] Auditing path $.hub.rbac.rules
[INFO] Auditing path $.hub.readinessProbe
[INFO] Auditing path $.hub.readinessProbe.enabled
[INFO] Auditing path $.hub.readinessProbe.failureThreshold
[INFO] Auditing path $.hub.readinessProbe.initialDelaySeconds
[INFO] Auditing path $.hub.readinessProbe.periodSeconds
[INFO] Auditing path $.hub.readinessProbe.successThreshold
[INFO] Auditing path $.hub.readinessProbe.timeoutSeconds
[INFO] Auditing path $.hub.resources
[INFO] Auditing path $.hub.resourcesPreset
[INFO] Auditing path $.hub.schedulerName
[INFO] Auditing path $.hub.service
[INFO] Auditing path $.hub.service.annotations
[INFO] Auditing path $.hub.service.clusterIP
[INFO] Auditing path $.hub.service.externalTrafficPolicy
[INFO] Auditing path $.hub.service.extraPorts
[INFO] Auditing path $.hub.service.loadBalancerIP
[INFO] Auditing path $.hub.service.loadBalancerSourceRanges
[INFO] Auditing path $.hub.service.nodePorts
[INFO] Auditing path $.hub.service.nodePorts.http
[INFO] Auditing path $.hub.service.ports
[INFO] Auditing path $.hub.service.ports.http
[INFO] Auditing path $.hub.service.sessionAffinity
[INFO] Auditing path $.hub.service.sessionAffinityConfig
[INFO] Auditing path $.hub.service.type
[INFO] Auditing path $.hub.serviceAccount
[INFO] Auditing path $.hub.serviceAccount.annotations
[INFO] Auditing path $.hub.serviceAccount.automountServiceAccountToken
[INFO] Auditing path $.hub.serviceAccount.create
[INFO] Auditing path $.hub.serviceAccount.name
[INFO] Auditing path $.hub.services
[INFO] Auditing path $.hub.sidecars
[INFO] Auditing path $.hub.startupProbe
[INFO] Auditing path $.hub.startupProbe.enabled
[INFO] Auditing path $.hub.startupProbe.failureThreshold
[INFO] Auditing path $.hub.startupProbe.initialDelaySeconds
[INFO] Auditing path $.hub.startupProbe.periodSeconds
[INFO] Auditing path $.hub.startupProbe.successThreshold
[INFO] Auditing path $.hub.startupProbe.timeoutSeconds
[INFO] Auditing path $.hub.terminationGracePeriodSeconds
[INFO] Auditing path $.hub.tolerations
[INFO] Auditing path $.hub.topologySpreadConstraints
[INFO] Auditing path $.hub.updateStrategy
[INFO] Auditing path $.hub.updateStrategy.rollingUpdate
[INFO] Auditing path $.hub.updateStrategy.type
[INFO] Auditing path $.hub
[INFO] Auditing path $.imagePuller.affinity
[INFO] Auditing path $.imagePuller.args
[INFO] Auditing path $.imagePuller.automountServiceAccountToken
[INFO] Auditing path $.imagePuller.command
[INFO] Auditing path $.imagePuller.containerSecurityContext
[INFO] Auditing path $.imagePuller.containerSecurityContext.allowPrivilegeEscalation
[INFO] Auditing path $.imagePuller.containerSecurityContext.capabilities
[INFO] Auditing path $.imagePuller.containerSecurityContext.capabilities.drop
[INFO] Auditing path $.imagePuller.containerSecurityContext.enabled
[INFO] Auditing path $.imagePuller.containerSecurityContext.privileged
[INFO] Auditing path $.imagePuller.containerSecurityContext.readOnlyRootFilesystem
[INFO] Auditing path $.imagePuller.containerSecurityContext.runAsGroup
[INFO] Auditing path $.imagePuller.containerSecurityContext.runAsNonRoot
[INFO] Auditing path $.imagePuller.containerSecurityContext.runAsUser
[INFO] Auditing path $.imagePuller.containerSecurityContext.seLinuxOptions
[INFO] Auditing path $.imagePuller.containerSecurityContext.seccompProfile
[INFO] Auditing path $.imagePuller.containerSecurityContext.seccompProfile.type
[INFO] Auditing path $.imagePuller.customLivenessProbe
[INFO] Auditing path $.imagePuller.customReadinessProbe
[INFO] Auditing path $.imagePuller.customStartupProbe
[INFO] Auditing path $.imagePuller.enabled
[INFO] Auditing path $.imagePuller.extraEnvVars
[INFO] Auditing path $.imagePuller.extraEnvVarsCM
[INFO] Auditing path $.imagePuller.extraEnvVarsSecret
[INFO] Auditing path $.imagePuller.extraVolumeMounts
[INFO] Auditing path $.imagePuller.extraVolumes
[INFO] Auditing path $.imagePuller.hostAliases
[INFO] Auditing path $.imagePuller.initContainers
[INFO] Auditing path $.imagePuller.lifecycleHooks
[INFO] Auditing path $.imagePuller.networkPolicy
[INFO] Auditing path $.imagePuller.networkPolicy.allowExternalEgress
[INFO] Auditing path $.imagePuller.networkPolicy.enabled
[INFO] Auditing path $.imagePuller.networkPolicy.extraEgress
[INFO] Auditing path $.imagePuller.networkPolicy.extraIngress
[INFO] Auditing path $.imagePuller.nodeAffinityPreset
[INFO] Auditing path $.imagePuller.nodeAffinityPreset.key
[INFO] Auditing path $.imagePuller.nodeAffinityPreset.type
[INFO] Auditing path $.imagePuller.nodeAffinityPreset.values
[INFO] Auditing path $.imagePuller.nodeSelector
[INFO] Auditing path $.imagePuller.podAffinityPreset
[INFO] Auditing path $.imagePuller.podAnnotations
[INFO] Auditing path $.imagePuller.podAntiAffinityPreset
[INFO] Auditing path $.imagePuller.podLabels
[INFO] Auditing path $.imagePuller.podSecurityContext
[INFO] Auditing path $.imagePuller.podSecurityContext.enabled
[INFO] Auditing path $.imagePuller.podSecurityContext.fsGroup
[INFO] Auditing path $.imagePuller.podSecurityContext.fsGroupChangePolicy
[INFO] Auditing path $.imagePuller.podSecurityContext.supplementalGroups
[INFO] Auditing path $.imagePuller.podSecurityContext.sysctls
[INFO] Auditing path $.imagePuller.priorityClassName
[INFO] Auditing path $.imagePuller.resources
[INFO] Auditing path $.imagePuller.resourcesPreset
[INFO] Auditing path $.imagePuller.schedulerName
[INFO] Auditing path $.imagePuller.serviceAccount
[INFO] Auditing path $.imagePuller.serviceAccount.annotations
[INFO] Auditing path $.imagePuller.serviceAccount.automountServiceAccountToken
[INFO] Auditing path $.imagePuller.serviceAccount.create
[INFO] Auditing path $.imagePuller.serviceAccount.name
[INFO] Auditing path $.imagePuller.sidecars
[INFO] Auditing path $.imagePuller.terminationGracePeriodSeconds
[INFO] Auditing path $.imagePuller.tolerations
[INFO] Auditing path $.imagePuller.topologySpreadConstraints
[INFO] Auditing path $.imagePuller.updateStrategy
[INFO] Auditing path $.imagePuller.updateStrategy.rollingUpdate
[INFO] Auditing path $.imagePuller.updateStrategy.type
[INFO] Auditing path $.imagePuller
[INFO] Auditing path $.kubeVersion
[INFO] Auditing path $.nameOverride
[INFO] Auditing path $.postgresql.architecture
[INFO] Auditing path $.postgresql.auth
[INFO] Auditing path $.postgresql.auth.database
[INFO] Auditing path $.postgresql.auth.existingSecret
[INFO] Auditing path $.postgresql.auth.password
[INFO] Auditing path $.postgresql.auth.username
[INFO] Auditing path $.postgresql.enabled
[INFO] Auditing path $.postgresql.image
[INFO] Auditing path $.postgresql.image.pullPolicy
[INFO] Auditing path $.postgresql.service
[INFO] Auditing path $.postgresql.service.ports
[INFO] Auditing path $.postgresql.service.ports.postgresql
[INFO] Auditing path $.postgresql
[INFO] Auditing path $.proxy.affinity
[INFO] Auditing path $.proxy.args
[INFO] Auditing path $.proxy.automountServiceAccountToken
[INFO] Auditing path $.proxy.command
[INFO] Auditing path $.proxy.containerPort
[INFO] Auditing path $.proxy.containerPort.api
[INFO] Auditing path $.proxy.containerPort.http
[INFO] Auditing path $.proxy.containerPort.metrics
[INFO] Auditing path $.proxy.containerSecurityContext
[INFO] Auditing path $.proxy.containerSecurityContext.allowPrivilegeEscalation
[INFO] Auditing path $.proxy.containerSecurityContext.capabilities
[INFO] Auditing path $.proxy.containerSecurityContext.capabilities.drop
[INFO] Auditing path $.proxy.containerSecurityContext.enabled
[INFO] Auditing path $.proxy.containerSecurityContext.privileged
[INFO] Auditing path $.proxy.containerSecurityContext.readOnlyRootFilesystem
[INFO] Auditing path $.proxy.containerSecurityContext.runAsGroup
[INFO] Auditing path $.proxy.containerSecurityContext.runAsNonRoot
[INFO] Auditing path $.proxy.containerSecurityContext.runAsUser
[INFO] Auditing path $.proxy.containerSecurityContext.seLinuxOptions
[INFO] Auditing path $.proxy.containerSecurityContext.seccompProfile
[INFO] Auditing path $.proxy.containerSecurityContext.seccompProfile.type
[INFO] Auditing path $.proxy.customLivenessProbe
[INFO] Auditing path $.proxy.customReadinessProbe
[INFO] Auditing path $.proxy.customStartupProbe
[INFO] Auditing path $.proxy.extraEnvVars
[INFO] Auditing path $.proxy.extraEnvVarsCM
[INFO] Auditing path $.proxy.extraEnvVarsSecret
[INFO] Auditing path $.proxy.extraVolumeMounts
[INFO] Auditing path $.proxy.extraVolumes
[INFO] Auditing path $.proxy.hostAliases
[INFO] Auditing path $.proxy.image
[INFO] Auditing path $.proxy.image.debug
[INFO] Auditing path $.proxy.image.digest
[INFO] Auditing path $.proxy.image.pullPolicy
[INFO] Auditing path $.proxy.image.pullSecrets
[INFO] Auditing path $.proxy.image.registry
[INFO] Auditing path $.proxy.image.repository
[INFO] Auditing path $.proxy.image.tag
[INFO] Auditing path $.proxy.ingress
[INFO] Auditing path $.proxy.ingress.annotations
[INFO] Auditing path $.proxy.ingress.apiVersion
[INFO] Auditing path $.proxy.ingress.certManager
[INFO] Auditing path $.proxy.ingress.enabled
[INFO] Auditing path $.proxy.ingress.extraHosts
[INFO] Auditing path $.proxy.ingress.extraHosts[*].name
[INFO] Auditing path $.proxy.ingress.extraHosts[*].path
[INFO] Auditing path $.proxy.ingress.extraHosts[*].pathType
[INFO] Auditing path $.proxy.ingress.extraPaths
[INFO] Auditing path $.proxy.ingress.extraRules
[INFO] Auditing path $.proxy.ingress.extraTls
[INFO] Auditing path $.proxy.ingress.hostname
[INFO] Auditing path $.proxy.ingress.ingressClassName
[INFO] Auditing path $.proxy.ingress.path
[INFO] Auditing path $.proxy.ingress.pathType
[INFO] Auditing path $.proxy.ingress.secrets
[INFO] Auditing path $.proxy.ingress.secrets[*].certificate
[INFO] Auditing path $.proxy.ingress.secrets[*].key
[INFO] Auditing path $.proxy.ingress.secrets[*].name
[INFO] Auditing path $.proxy.ingress.selfSigned
[INFO] Auditing path $.proxy.ingress.tls
[INFO] Auditing path $.proxy.initContainers
[INFO] Auditing path $.proxy.lifecycleHooks
[INFO] Auditing path $.proxy.livenessProbe
[INFO] Auditing path $.proxy.livenessProbe.enabled
[INFO] Auditing path $.proxy.livenessProbe.failureThreshold
[INFO] Auditing path $.proxy.livenessProbe.initialDelaySeconds
[INFO] Auditing path $.proxy.livenessProbe.periodSeconds
[INFO] Auditing path $.proxy.livenessProbe.successThreshold
[INFO] Auditing path $.proxy.livenessProbe.timeoutSeconds
[INFO] Auditing path $.proxy.metrics
[INFO] Auditing path $.proxy.metrics.serviceMonitor
[INFO] Auditing path $.proxy.metrics.serviceMonitor.enabled
[INFO] Auditing path $.proxy.metrics.serviceMonitor.honorLabels
[INFO] Auditing path $.proxy.metrics.serviceMonitor.interval
[INFO] Auditing path $.proxy.metrics.serviceMonitor.jobLabel
[INFO] Auditing path $.proxy.metrics.serviceMonitor.labels
[INFO] Auditing path $.proxy.metrics.serviceMonitor.metricRelabelings
[INFO] Auditing path $.proxy.metrics.serviceMonitor.namespace
[INFO] Auditing path $.proxy.metrics.serviceMonitor.path
[INFO] Auditing path $.proxy.metrics.serviceMonitor.relabelings
[INFO] Auditing path $.proxy.metrics.serviceMonitor.scrapeTimeout
[INFO] Auditing path $.proxy.metrics.serviceMonitor.selector
[INFO] Auditing path $.proxy.networkPolicy
[INFO] Auditing path $.proxy.networkPolicy.allowExternal
[INFO] Auditing path $.proxy.networkPolicy.allowExternalEgress
[INFO] Auditing path $.proxy.networkPolicy.allowInterspaceAccess
[INFO] Auditing path $.proxy.networkPolicy.enabled
[INFO] Auditing path $.proxy.networkPolicy.extraEgress
[INFO] Auditing path $.proxy.networkPolicy.extraIngress
[INFO] Auditing path $.proxy.networkPolicy.ingressNSMatchLabels
[INFO] Auditing path $.proxy.networkPolicy.ingressNSMatchLabels[*]
[INFO] Auditing path $.proxy.networkPolicy.ingressNSPodMatchLabels
[INFO] Auditing path $.proxy.networkPolicy.ingressNSPodMatchLabels[*]
[INFO] Auditing path $.proxy.nodeAffinityPreset
[INFO] Auditing path $.proxy.nodeAffinityPreset.key
[INFO] Auditing path $.proxy.nodeAffinityPreset.type
[INFO] Auditing path $.proxy.nodeAffinityPreset.values
[INFO] Auditing path $.proxy.nodeSelector
[INFO] Auditing path $.proxy.pdb
[INFO] Auditing path $.proxy.pdb.create
[INFO] Auditing path $.proxy.pdb.maxUnavailable
[INFO] Auditing path $.proxy.pdb.minAvailable
[INFO] Auditing path $.proxy.podAffinityPreset
[INFO] Auditing path $.proxy.podAnnotations
[INFO] Auditing path $.proxy.podAntiAffinityPreset
[INFO] Auditing path $.proxy.podLabels
[INFO] Auditing path $.proxy.podSecurityContext
[INFO] Auditing path $.proxy.podSecurityContext.enabled
[INFO] Auditing path $.proxy.podSecurityContext.fsGroup
[INFO] Auditing path $.proxy.podSecurityContext.fsGroupChangePolicy
[INFO] Auditing path $.proxy.podSecurityContext.supplementalGroups
[INFO] Auditing path $.proxy.podSecurityContext.sysctls
[INFO] Auditing path $.proxy.priorityClassName
[INFO] Auditing path $.proxy.readinessProbe
[INFO] Auditing path $.proxy.readinessProbe.enabled
[INFO] Auditing path $.proxy.readinessProbe.failureThreshold
[INFO] Auditing path $.proxy.readinessProbe.initialDelaySeconds
[INFO] Auditing path $.proxy.readinessProbe.periodSeconds
[INFO] Auditing path $.proxy.readinessProbe.successThreshold
[INFO] Auditing path $.proxy.readinessProbe.timeoutSeconds
[INFO] Auditing path $.proxy.resources
[INFO] Auditing path $.proxy.resourcesPreset
[INFO] Auditing path $.proxy.schedulerName
[INFO] Auditing path $.proxy.secretToken
[INFO] Auditing path $.proxy.service
[INFO] Auditing path $.proxy.service.api
[INFO] Auditing path $.proxy.service.api.annotations
[INFO] Auditing path $.proxy.service.api.clusterIP
[INFO] Auditing path $.proxy.service.api.externalTrafficPolicy
[INFO] Auditing path $.proxy.service.api.extraPorts
[INFO] Auditing path $.proxy.service.api.loadBalancerIP
[INFO] Auditing path $.proxy.service.api.loadBalancerSourceRanges
[INFO] Auditing path $.proxy.service.api.nodePorts
[INFO] Auditing path $.proxy.service.api.nodePorts.http
[INFO] Auditing path $.proxy.service.api.ports
[INFO] Auditing path $.proxy.service.api.ports.http
[INFO] Auditing path $.proxy.service.api.sessionAffinity
[INFO] Auditing path $.proxy.service.api.sessionAffinityConfig
[INFO] Auditing path $.proxy.service.api.type
[INFO] Auditing path $.proxy.service.metrics
[INFO] Auditing path $.proxy.service.metrics.annotations
[INFO] Auditing path $.proxy.service.metrics.clusterIP
[INFO] Auditing path $.proxy.service.metrics.externalTrafficPolicy
[INFO] Auditing path $.proxy.service.metrics.extraPorts
[INFO] Auditing path $.proxy.service.metrics.loadBalancerIP
[INFO] Auditing path $.proxy.service.metrics.loadBalancerSourceRanges
[INFO] Auditing path $.proxy.service.metrics.nodePorts
[INFO] Auditing path $.proxy.service.metrics.nodePorts.http
[INFO] Auditing path $.proxy.service.metrics.ports
[INFO] Auditing path $.proxy.service.metrics.ports.http
[INFO] Auditing path $.proxy.service.metrics.sessionAffinity
[INFO] Auditing path $.proxy.service.metrics.sessionAffinityConfig
[INFO] Auditing path $.proxy.service.metrics.type
[INFO] Auditing path $.proxy.service.public
[INFO] Auditing path $.proxy.service.public.annotations
[INFO] Auditing path $.proxy.service.public.clusterIP
[INFO] Auditing path $.proxy.service.public.externalTrafficPolicy
[INFO] Auditing path $.proxy.service.public.extraPorts
[INFO] Auditing path $.proxy.service.public.loadBalancerIP
[INFO] Auditing path $.proxy.service.public.loadBalancerSourceRanges
[INFO] Auditing path $.proxy.service.public.nodePorts
[INFO] Auditing path $.proxy.service.public.nodePorts.http
[INFO] Auditing path $.proxy.service.public.ports
[INFO] Auditing path $.proxy.service.public.ports.http
[INFO] Auditing path $.proxy.service.public.sessionAffinity
[INFO] Auditing path $.proxy.service.public.sessionAffinityConfig
[INFO] Auditing path $.proxy.service.public.type
[INFO] Auditing path $.proxy.serviceAccount
[INFO] Auditing path $.proxy.serviceAccount.annotations
[INFO] Auditing path $.proxy.serviceAccount.automountServiceAccountToken
[INFO] Auditing path $.proxy.serviceAccount.create
[INFO] Auditing path $.proxy.serviceAccount.name
[INFO] Auditing path $.proxy.sidecars
[INFO] Auditing path $.proxy.startupProbe
[INFO] Auditing path $.proxy.startupProbe.enabled
[INFO] Auditing path $.proxy.startupProbe.failureThreshold
[INFO] Auditing path $.proxy.startupProbe.initialDelaySeconds
[INFO] Auditing path $.proxy.startupProbe.periodSeconds
[INFO] Auditing path $.proxy.startupProbe.successThreshold
[INFO] Auditing path $.proxy.startupProbe.timeoutSeconds
[INFO] Auditing path $.proxy.terminationGracePeriodSeconds
[INFO] Auditing path $.proxy.tolerations
[INFO] Auditing path $.proxy.topologySpreadConstraints
[INFO] Auditing path $.proxy.updateStrategy
[INFO] Auditing path $.proxy.updateStrategy.rollingUpdate
[INFO] Auditing path $.proxy.updateStrategy.type
[INFO] Auditing path $.proxy
[INFO] Auditing path $.singleuser.allowPrivilegeEscalation
[INFO] Auditing path $.singleuser.automountServiceAccountToken
[INFO] Auditing path $.singleuser.command
[INFO] Auditing path $.singleuser.containerPorts
[INFO] Auditing path $.singleuser.containerPorts.http
[INFO] Auditing path $.singleuser.containerSecurityContext
[INFO] Auditing path $.singleuser.containerSecurityContext.allowPrivilegeEscalation
[INFO] Auditing path $.singleuser.containerSecurityContext.capabilities
[INFO] Auditing path $.singleuser.containerSecurityContext.capabilities.drop
[INFO] Auditing path $.singleuser.containerSecurityContext.enabled
[INFO] Auditing path $.singleuser.containerSecurityContext.privileged
[INFO] Auditing path $.singleuser.containerSecurityContext.readOnlyRootFilesystem
[INFO] Auditing path $.singleuser.containerSecurityContext.runAsGroup
[INFO] Auditing path $.singleuser.containerSecurityContext.runAsNonRoot
[INFO] Auditing path $.singleuser.containerSecurityContext.runAsUser
[INFO] Auditing path $.singleuser.containerSecurityContext.seLinuxOptions
[INFO] Auditing path $.singleuser.containerSecurityContext.seccompProfile
[INFO] Auditing path $.singleuser.containerSecurityContext.seccompProfile.type
[INFO] Auditing path $.singleuser.extraEnvVars
[INFO] Auditing path $.singleuser.extraVolumeMounts
[INFO] Auditing path $.singleuser.extraVolumes
[INFO] Auditing path $.singleuser.image
[INFO] Auditing path $.singleuser.image.digest
[INFO] Auditing path $.singleuser.image.pullPolicy
[INFO] Auditing path $.singleuser.image.pullSecrets
[INFO] Auditing path $.singleuser.image.registry
[INFO] Auditing path $.singleuser.image.repository
[INFO] Auditing path $.singleuser.image.tag
[INFO] Auditing path $.singleuser.initContainers
[INFO] Auditing path $.singleuser.lifecycleHooks
[INFO] Auditing path $.singleuser.networkPolicy
[INFO] Auditing path $.singleuser.networkPolicy.allowCloudMetadataAccess
[INFO] Auditing path $.singleuser.networkPolicy.allowExternal
[INFO] Auditing path $.singleuser.networkPolicy.allowExternalEgress
[INFO] Auditing path $.singleuser.networkPolicy.allowInterspaceAccess
[INFO] Auditing path $.singleuser.networkPolicy.enabled
[INFO] Auditing path $.singleuser.networkPolicy.extraEgress
[INFO] Auditing path $.singleuser.networkPolicy.extraIngress
[INFO] Auditing path $.singleuser.networkPolicy.ingressNSMatchLabels
[INFO] Auditing path $.singleuser.networkPolicy.ingressNSMatchLabels[*]
[INFO] Auditing path $.singleuser.networkPolicy.ingressNSPodMatchLabels
[INFO] Auditing path $.singleuser.networkPolicy.ingressNSPodMatchLabels[*]
[INFO] Auditing path $.singleuser.nodeSelector
[INFO] Auditing path $.singleuser.notebookDir
[INFO] Auditing path $.singleuser.persistence
[INFO] Auditing path $.singleuser.persistence.accessModes
[INFO] Auditing path $.singleuser.persistence.enabled
[INFO] Auditing path $.singleuser.persistence.size
[INFO] Auditing path $.singleuser.persistence.storageClass
[INFO] Auditing path $.singleuser.podAnnotations
[INFO] Auditing path $.singleuser.podLabels
[INFO] Auditing path $.singleuser.podSecurityContext
[INFO] Auditing path $.singleuser.podSecurityContext.enabled
[INFO] Auditing path $.singleuser.podSecurityContext.fsGroup
[INFO] Auditing path $.singleuser.podSecurityContext.fsGroupChangePolicy
[INFO] Auditing path $.singleuser.podSecurityContext.supplementalGroups
[INFO] Auditing path $.singleuser.podSecurityContext.sysctls
[INFO] Auditing path $.singleuser.priorityClassName
[INFO] Auditing path $.singleuser.profileList
[INFO] Auditing path $.singleuser.resources
[INFO] Auditing path $.singleuser.resourcesPreset
[INFO] Auditing path $.singleuser.serviceAccount
[INFO] Auditing path $.singleuser.serviceAccount.annotations
[INFO] Auditing path $.singleuser.serviceAccount.automountServiceAccountToken
[INFO] Auditing path $.singleuser.serviceAccount.create
[INFO] Auditing path $.singleuser.serviceAccount.name
[INFO] Auditing path $.singleuser.sidecars
[INFO] Auditing path $.singleuser.tolerations
[INFO] Auditing path $.singleuser
