[INFO] Auditing path $.apiVersions
[INFO] Auditing path $.architecture
[INFO] Auditing path $.auth.enabled
[INFO] Auditing path $.auth.existingSecret
[INFO] Auditing path $.auth.existingSecretPasswordKey
[INFO] Auditing path $.auth.password
[INFO] Auditing path $.auth.sentinel
[INFO] Auditing path $.auth.usePasswordFileFromSecret
[INFO] Auditing path $.auth.usePasswordFiles
[INFO] Auditing path $.auth
[INFO] Auditing path $.clusterDomain
[INFO] Auditing path $.commonAnnotations
[INFO] Auditing path $.commonConfiguration
[INFO] Auditing path $.commonLabels
[INFO] Auditing path $.diagnosticMode.args
[INFO] Auditing path $.diagnosticMode.command
[INFO] Auditing path $.diagnosticMode.enabled
[INFO] Auditing path $.diagnosticMode
[INFO] Auditing path $.existingConfigmap
[INFO] Auditing path $.extraDeploy[*]
[INFO] Auditing path $.extraDeploy
[INFO] Auditing path $.fullnameOverride
[INFO] Auditing path $.global.compatibility
[INFO] Auditing path $.global.compatibility.openshift
[INFO] Auditing path $.global.compatibility.openshift.adaptSecurityContext
[INFO] Auditing path $.global.defaultStorageClass
[INFO] Auditing path $.global.imagePullSecrets
[INFO] Auditing path $.global.imageRegistry
[INFO] Auditing path $.global.security
[INFO] Auditing path $.global.security.allowInsecureImages
[INFO] Auditing path $.global.storageClass
[INFO] Auditing path $.global.valkey
[INFO] Auditing path $.global.valkey.password
[INFO] Auditing path $.global
[INFO] Auditing path $.image.debug
[INFO] Auditing path $.image.digest
[INFO] Auditing path $.image.pullPolicy
[INFO] Auditing path $.image.pullSecrets
[INFO] Auditing path $.image.registry
[INFO] Auditing path $.image.repository
[INFO] Auditing path $.image.tag
[INFO] Auditing path $.image
[INFO] Auditing path $.kubeVersion
[INFO] Auditing path $.kubectl.command
[INFO] Auditing path $.kubectl.containerSecurityContext
[INFO] Auditing path $.kubectl.containerSecurityContext.allowPrivilegeEscalation
[INFO] Auditing path $.kubectl.containerSecurityContext.capabilities
[INFO] Auditing path $.kubectl.containerSecurityContext.capabilities.drop
[INFO] Auditing path $.kubectl.containerSecurityContext.enabled
[INFO] Auditing path $.kubectl.containerSecurityContext.readOnlyRootFilesystem
[INFO] Auditing path $.kubectl.containerSecurityContext.runAsGroup
[INFO] Auditing path $.kubectl.containerSecurityContext.runAsNonRoot
[INFO] Auditing path $.kubectl.containerSecurityContext.runAsUser
[INFO] Auditing path $.kubectl.containerSecurityContext.seLinuxOptions
[INFO] Auditing path $.kubectl.containerSecurityContext.seccompProfile
[INFO] Auditing path $.kubectl.containerSecurityContext.seccompProfile.type
[INFO] Auditing path $.kubectl.image
[INFO] Auditing path $.kubectl.image.digest
[INFO] Auditing path $.kubectl.image.pullPolicy
[INFO] Auditing path $.kubectl.image.pullSecrets
[INFO] Auditing path $.kubectl.image.registry
[INFO] Auditing path $.kubectl.image.repository
[INFO] Auditing path $.kubectl.image.tag
[INFO] Auditing path $.kubectl.resources
[INFO] Auditing path $.kubectl.resources.limits
[INFO] Auditing path $.kubectl.resources.requests
[INFO] Auditing path $.kubectl
[INFO] Auditing path $.metrics.command
[INFO] Auditing path $.metrics.containerPorts
[INFO] Auditing path $.metrics.containerPorts.http
[INFO] Auditing path $.metrics.containerSecurityContext
[INFO] Auditing path $.metrics.containerSecurityContext.allowPrivilegeEscalation
[INFO] Auditing path $.metrics.containerSecurityContext.capabilities
[INFO] Auditing path $.metrics.containerSecurityContext.capabilities.drop
[INFO] Auditing path $.metrics.containerSecurityContext.enabled
[INFO] Auditing path $.metrics.containerSecurityContext.readOnlyRootFilesystem
[INFO] Auditing path $.metrics.containerSecurityContext.runAsGroup
[INFO] Auditing path $.metrics.containerSecurityContext.runAsNonRoot
[INFO] Auditing path $.metrics.containerSecurityContext.runAsUser
[INFO] Auditing path $.metrics.containerSecurityContext.seLinuxOptions
[INFO] Auditing path $.metrics.containerSecurityContext.seccompProfile
[INFO] Auditing path $.metrics.containerSecurityContext.seccompProfile.type
[INFO] Auditing path $.metrics.customLivenessProbe
[INFO] Auditing path $.metrics.customReadinessProbe
[INFO] Auditing path $.metrics.customStartupProbe
[INFO] Auditing path $.metrics.enabled
[INFO] Auditing path $.metrics.extraArgs
[INFO] Auditing path $.metrics.extraEnvVars
[INFO] Auditing path $.metrics.extraVolumeMounts
[INFO] Auditing path $.metrics.extraVolumes
[INFO] Auditing path $.metrics.image
[INFO] Auditing path $.metrics.image.digest
[INFO] Auditing path $.metrics.image.pullPolicy
[INFO] Auditing path $.metrics.image.pullSecrets
[INFO] Auditing path $.metrics.image.registry
[INFO] Auditing path $.metrics.image.repository
[INFO] Auditing path $.metrics.image.tag
[INFO] Auditing path $.metrics.livenessProbe
[INFO] Auditing path $.metrics.livenessProbe.enabled
[INFO] Auditing path $.metrics.livenessProbe.failureThreshold
[INFO] Auditing path $.metrics.livenessProbe.initialDelaySeconds
[INFO] Auditing path $.metrics.livenessProbe.periodSeconds
[INFO] Auditing path $.metrics.livenessProbe.successThreshold
[INFO] Auditing path $.metrics.livenessProbe.timeoutSeconds
[INFO] Auditing path $.metrics.podAnnotations
[INFO] Auditing path $.metrics.podAnnotations["prometheus.io/port"]
[INFO] Auditing path $.metrics.podAnnotations["prometheus.io/scrape"]
[INFO] Auditing path $.metrics.podLabels
[INFO] Auditing path $.metrics.podMonitor
[INFO] Auditing path $.metrics.podMonitor.additionalEndpoints
[INFO] Auditing path $.metrics.podMonitor.additionalEndpoints[*].honorLabels
[INFO] Auditing path $.metrics.podMonitor.additionalEndpoints[*].interval
[INFO] Auditing path $.metrics.podMonitor.additionalEndpoints[*].metricRelabelings
[INFO] Auditing path $.metrics.podMonitor.additionalEndpoints[*].params
[INFO] Auditing path $.metrics.podMonitor.additionalEndpoints[*].params[*]
[INFO] Auditing path $.metrics.podMonitor.additionalEndpoints[*].params[*][*]
[INFO] Auditing path $.metrics.podMonitor.additionalEndpoints[*].path
[INFO] Auditing path $.metrics.podMonitor.additionalEndpoints[*].port
[INFO] Auditing path $.metrics.podMonitor.additionalEndpoints[*].relabelings
[INFO] Auditing path $.metrics.podMonitor.additionalEndpoints[*].scrapeTimeout
[INFO] Auditing path $.metrics.podMonitor.additionalLabels
[INFO] Auditing path $.metrics.podMonitor.enabled
[INFO] Auditing path $.metrics.podMonitor.honorLabels
[INFO] Auditing path $.metrics.podMonitor.interval
[INFO] Auditing path $.metrics.podMonitor.metricRelabelings
[INFO] Auditing path $.metrics.podMonitor.namespace
[INFO] Auditing path $.metrics.podMonitor.podTargetLabels
[INFO] Auditing path $.metrics.podMonitor.port
[INFO] Auditing path $.metrics.podMonitor.relabelings
[INFO] Auditing path $.metrics.podMonitor.sampleLimit
[INFO] Auditing path $.metrics.podMonitor.scrapeTimeout
[INFO] Auditing path $.metrics.podMonitor.targetLimit
[INFO] Auditing path $.metrics.prometheusRule
[INFO] Auditing path $.metrics.prometheusRule.additionalLabels
[INFO] Auditing path $.metrics.prometheusRule.enabled
[INFO] Auditing path $.metrics.prometheusRule.namespace
[INFO] Auditing path $.metrics.prometheusRule.rules
[INFO] Auditing path $.metrics.readinessProbe
[INFO] Auditing path $.metrics.readinessProbe.enabled
[INFO] Auditing path $.metrics.readinessProbe.failureThreshold
[INFO] Auditing path $.metrics.readinessProbe.initialDelaySeconds
[INFO] Auditing path $.metrics.readinessProbe.periodSeconds
[INFO] Auditing path $.metrics.readinessProbe.successThreshold
[INFO] Auditing path $.metrics.readinessProbe.timeoutSeconds
[INFO] Auditing path $.metrics.resources
[INFO] Auditing path $.metrics.resourcesPreset
[INFO] Auditing path $.metrics.service
[INFO] Auditing path $.metrics.service.annotations
[INFO] Auditing path $.metrics.service.clusterIP
[INFO] Auditing path $.metrics.service.enabled
[INFO] Auditing path $.metrics.service.externalTrafficPolicy
[INFO] Auditing path $.metrics.service.extraPorts
[INFO] Auditing path $.metrics.service.loadBalancerClass
[INFO] Auditing path $.metrics.service.loadBalancerIP
[INFO] Auditing path $.metrics.service.loadBalancerSourceRanges
[INFO] Auditing path $.metrics.service.ports
[INFO] Auditing path $.metrics.service.ports.http
[INFO] Auditing path $.metrics.service.type
[INFO] Auditing path $.metrics.serviceMonitor
[INFO] Auditing path $.metrics.serviceMonitor.additionalEndpoints
[INFO] Auditing path $.metrics.serviceMonitor.additionalEndpoints[*].honorLabels
[INFO] Auditing path $.metrics.serviceMonitor.additionalEndpoints[*].interval
[INFO] Auditing path $.metrics.serviceMonitor.additionalEndpoints[*].metricRelabelings
[INFO] Auditing path $.metrics.serviceMonitor.additionalEndpoints[*].params
[INFO] Auditing path $.metrics.serviceMonitor.additionalEndpoints[*].params[*]
[INFO] Auditing path $.metrics.serviceMonitor.additionalEndpoints[*].params[*][*]
[INFO] Auditing path $.metrics.serviceMonitor.additionalEndpoints[*].path
[INFO] Auditing path $.metrics.serviceMonitor.additionalEndpoints[*].port
[INFO] Auditing path $.metrics.serviceMonitor.additionalEndpoints[*].scrapeTimeout
[INFO] Auditing path $.metrics.serviceMonitor.additionalLabels
[INFO] Auditing path $.metrics.serviceMonitor.enabled
[INFO] Auditing path $.metrics.serviceMonitor.honorLabels
[INFO] Auditing path $.metrics.serviceMonitor.interval
[INFO] Auditing path $.metrics.serviceMonitor.metricRelabelings
[INFO] Auditing path $.metrics.serviceMonitor.namespace
[INFO] Auditing path $.metrics.serviceMonitor.podTargetLabels
[INFO] Auditing path $.metrics.serviceMonitor.port
[INFO] Auditing path $.metrics.serviceMonitor.relabelings
[INFO] Auditing path $.metrics.serviceMonitor.sampleLimit
[INFO] Auditing path $.metrics.serviceMonitor.scrapeTimeout
[INFO] Auditing path $.metrics.serviceMonitor.targetLimit
[INFO] Auditing path $.metrics.startupProbe
[INFO] Auditing path $.metrics.startupProbe.enabled
[INFO] Auditing path $.metrics.startupProbe.failureThreshold
[INFO] Auditing path $.metrics.startupProbe.initialDelaySeconds
[INFO] Auditing path $.metrics.startupProbe.periodSeconds
[INFO] Auditing path $.metrics.startupProbe.successThreshold
[INFO] Auditing path $.metrics.startupProbe.timeoutSeconds
[INFO] Auditing path $.metrics.valkeyTargetHost
[INFO] Auditing path $.metrics
[INFO] Auditing path $.nameOverride
[INFO] Auditing path $.nameResolutionThreshold
[INFO] Auditing path $.nameResolutionTimeout
[INFO] Auditing path $.namespaceOverride
[INFO] Auditing path $.networkPolicy.allowExternal
[INFO] Auditing path $.networkPolicy.allowExternalEgress
[INFO] Auditing path $.networkPolicy.enabled
[INFO] Auditing path $.networkPolicy.extraEgress
[INFO] Auditing path $.networkPolicy.extraIngress
[INFO] Auditing path $.networkPolicy.ingressNSMatchLabels
[INFO] Auditing path $.networkPolicy.ingressNSMatchLabels[*]
[INFO] Auditing path $.networkPolicy.ingressNSPodMatchLabels
[INFO] Auditing path $.networkPolicy.ingressNSPodMatchLabels[*]
[INFO] Auditing path $.networkPolicy.metrics
[INFO] Auditing path $.networkPolicy.metrics.allowExternal
[INFO] Auditing path $.networkPolicy.metrics.ingressNSMatchLabels
[INFO] Auditing path $.networkPolicy.metrics.ingressNSMatchLabels[*]
[INFO] Auditing path $.networkPolicy.metrics.ingressNSPodMatchLabels
[INFO] Auditing path $.networkPolicy.metrics.ingressNSPodMatchLabels[*]
[INFO] Auditing path $.networkPolicy
[INFO] Auditing path $.pdb
[INFO] Auditing path $.podSecurityPolicy.create
[INFO] Auditing path $.podSecurityPolicy.enabled
[INFO] Auditing path $.podSecurityPolicy
[INFO] Auditing path $.primary.affinity
[INFO] Auditing path $.primary.args
[INFO] Auditing path $.primary.automountServiceAccountToken
[INFO] Auditing path $.primary.command
[INFO] Auditing path $.primary.configuration
[INFO] Auditing path $.primary.containerPorts
[INFO] Auditing path $.primary.containerPorts.valkey
[INFO] Auditing path $.primary.containerSecurityContext
[INFO] Auditing path $.primary.containerSecurityContext.allowPrivilegeEscalation
[INFO] Auditing path $.primary.containerSecurityContext.capabilities
[INFO] Auditing path $.primary.containerSecurityContext.capabilities.drop
[INFO] Auditing path $.primary.containerSecurityContext.enabled
[INFO] Auditing path $.primary.containerSecurityContext.readOnlyRootFilesystem
[INFO] Auditing path $.primary.containerSecurityContext.runAsGroup
[INFO] Auditing path $.primary.containerSecurityContext.runAsNonRoot
[INFO] Auditing path $.primary.containerSecurityContext.runAsUser
[INFO] Auditing path $.primary.containerSecurityContext.seLinuxOptions
[INFO] Auditing path $.primary.containerSecurityContext.seccompProfile
[INFO] Auditing path $.primary.containerSecurityContext.seccompProfile.type
[INFO] Auditing path $.primary.customLivenessProbe
[INFO] Auditing path $.primary.customReadinessProbe
[INFO] Auditing path $.primary.customStartupProbe
[INFO] Auditing path $.primary.disableCommands
[INFO] Auditing path $.primary.disableCommands[*]
[INFO] Auditing path $.primary.dnsConfig
[INFO] Auditing path $.primary.dnsPolicy
[INFO] Auditing path $.primary.enableServiceLinks
[INFO] Auditing path $.primary.extraEnvVars
[INFO] Auditing path $.primary.extraEnvVarsCM
[INFO] Auditing path $.primary.extraEnvVarsSecret
[INFO] Auditing path $.primary.extraFlags
[INFO] Auditing path $.primary.extraVolumeMounts
[INFO] Auditing path $.primary.extraVolumes
[INFO] Auditing path $.primary.hostAliases
[INFO] Auditing path $.primary.initContainers
[INFO] Auditing path $.primary.kind
[INFO] Auditing path $.primary.lifecycleHooks
[INFO] Auditing path $.primary.livenessProbe
[INFO] Auditing path $.primary.livenessProbe.enabled
[INFO] Auditing path $.primary.livenessProbe.failureThreshold
[INFO] Auditing path $.primary.livenessProbe.initialDelaySeconds
[INFO] Auditing path $.primary.livenessProbe.periodSeconds
[INFO] Auditing path $.primary.livenessProbe.successThreshold
[INFO] Auditing path $.primary.livenessProbe.timeoutSeconds
[INFO] Auditing path $.primary.minReadySeconds
[INFO] Auditing path $.primary.nodeAffinityPreset
[INFO] Auditing path $.primary.nodeAffinityPreset.key
[INFO] Auditing path $.primary.nodeAffinityPreset.type
[INFO] Auditing path $.primary.nodeAffinityPreset.values
[INFO] Auditing path $.primary.nodeSelector
[INFO] Auditing path $.primary.pdb
[INFO] Auditing path $.primary.pdb.create
[INFO] Auditing path $.primary.pdb.maxUnavailable
[INFO] Auditing path $.primary.pdb.minAvailable
[INFO] Auditing path $.primary.persistence
[INFO] Auditing path $.primary.persistence.accessModes
[INFO] Auditing path $.primary.persistence.accessModes[*]
[INFO] Auditing path $.primary.persistence.annotations
[INFO] Auditing path $.primary.persistence.dataSource
[INFO] Auditing path $.primary.persistence.enabled
[INFO] Auditing path $.primary.persistence.existingClaim
[INFO] Auditing path $.primary.persistence.labels
[INFO] Auditing path $.primary.persistence.medium
[INFO] Auditing path $.primary.persistence.path
[INFO] Auditing path $.primary.persistence.selector
[INFO] Auditing path $.primary.persistence.size
[INFO] Auditing path $.primary.persistence.sizeLimit
[INFO] Auditing path $.primary.persistence.storageClass
[INFO] Auditing path $.primary.persistence.subPath
[INFO] Auditing path $.primary.persistence.subPathExpr
[INFO] Auditing path $.primary.persistentVolumeClaimRetentionPolicy
[INFO] Auditing path $.primary.persistentVolumeClaimRetentionPolicy.enabled
[INFO] Auditing path $.primary.persistentVolumeClaimRetentionPolicy.whenDeleted
[INFO] Auditing path $.primary.persistentVolumeClaimRetentionPolicy.whenScaled
[INFO] Auditing path $.primary.podAffinityPreset
[INFO] Auditing path $.primary.podAnnotations
[INFO] Auditing path $.primary.podAntiAffinityPreset
[INFO] Auditing path $.primary.podLabels
[INFO] Auditing path $.primary.podSecurityContext
[INFO] Auditing path $.primary.podSecurityContext.enabled
[INFO] Auditing path $.primary.podSecurityContext.fsGroup
[INFO] Auditing path $.primary.podSecurityContext.fsGroupChangePolicy
[INFO] Auditing path $.primary.podSecurityContext.supplementalGroups
[INFO] Auditing path $.primary.podSecurityContext.sysctls
[INFO] Auditing path $.primary.preExecCmds
[INFO] Auditing path $.primary.priorityClassName
[INFO] Auditing path $.primary.readinessProbe
[INFO] Auditing path $.primary.readinessProbe.enabled
[INFO] Auditing path $.primary.readinessProbe.failureThreshold
[INFO] Auditing path $.primary.readinessProbe.initialDelaySeconds
[INFO] Auditing path $.primary.readinessProbe.periodSeconds
[INFO] Auditing path $.primary.readinessProbe.successThreshold
[INFO] Auditing path $.primary.readinessProbe.timeoutSeconds
[INFO] Auditing path $.primary.replicaCount
[INFO] Auditing path $.primary.resources
[INFO] Auditing path $.primary.resourcesPreset
[INFO] Auditing path $.primary.schedulerName
[INFO] Auditing path $.primary.service
[INFO] Auditing path $.primary.service.annotations
[INFO] Auditing path $.primary.service.clusterIP
[INFO] Auditing path $.primary.service.externalIPs
[INFO] Auditing path $.primary.service.externalTrafficPolicy
[INFO] Auditing path $.primary.service.extraPorts
[INFO] Auditing path $.primary.service.internalTrafficPolicy
[INFO] Auditing path $.primary.service.loadBalancerClass
[INFO] Auditing path $.primary.service.loadBalancerIP
[INFO] Auditing path $.primary.service.loadBalancerSourceRanges
[INFO] Auditing path $.primary.service.nodePorts
[INFO] Auditing path $.primary.service.nodePorts.valkey
[INFO] Auditing path $.primary.service.ports
[INFO] Auditing path $.primary.service.ports.valkey
[INFO] Auditing path $.primary.service.sessionAffinity
[INFO] Auditing path $.primary.service.sessionAffinityConfig
[INFO] Auditing path $.primary.service.type
[INFO] Auditing path $.primary.serviceAccount
[INFO] Auditing path $.primary.serviceAccount.annotations
[INFO] Auditing path $.primary.serviceAccount.automountServiceAccountToken
[INFO] Auditing path $.primary.serviceAccount.create
[INFO] Auditing path $.primary.serviceAccount.name
[INFO] Auditing path $.primary.shareProcessNamespace
[INFO] Auditing path $.primary.sidecars
[INFO] Auditing path $.primary.startupProbe
[INFO] Auditing path $.primary.startupProbe.enabled
[INFO] Auditing path $.primary.startupProbe.failureThreshold
[INFO] Auditing path $.primary.startupProbe.initialDelaySeconds
[INFO] Auditing path $.primary.startupProbe.periodSeconds
[INFO] Auditing path $.primary.startupProbe.successThreshold
[INFO] Auditing path $.primary.startupProbe.timeoutSeconds
[INFO] Auditing path $.primary.terminationGracePeriodSeconds
[INFO] Auditing path $.primary.tolerations
[INFO] Auditing path $.primary.topologySpreadConstraints
[INFO] Auditing path $.primary.updateStrategy
[INFO] Auditing path $.primary.updateStrategy.type
[INFO] Auditing path $.primary
[INFO] Auditing path $.rbac.create
[INFO] Auditing path $.rbac.rules
[INFO] Auditing path $.rbac
[INFO] Auditing path $.replica.affinity
[INFO] Auditing path $.replica.args
[INFO] Auditing path $.replica.automountServiceAccountToken
[INFO] Auditing path $.replica.autoscaling
[INFO] Auditing path $.replica.autoscaling.enabled
[INFO] Auditing path $.replica.autoscaling.hpa
[INFO] Auditing path $.replica.autoscaling.hpa.enabled
[INFO] Auditing path $.replica.autoscaling.hpa.maxReplicas
[INFO] Auditing path $.replica.autoscaling.hpa.minReplicas
[INFO] Auditing path $.replica.autoscaling.hpa.targetCPU
[INFO] Auditing path $.replica.autoscaling.hpa.targetMemory
[INFO] Auditing path $.replica.autoscaling.vpa
[INFO] Auditing path $.replica.autoscaling.vpa.annotations
[INFO] Auditing path $.replica.autoscaling.vpa.controlledResources
[INFO] Auditing path $.replica.autoscaling.vpa.enabled
[INFO] Auditing path $.replica.autoscaling.vpa.maxAllowed
[INFO] Auditing path $.replica.autoscaling.vpa.minAllowed
[INFO] Auditing path $.replica.autoscaling.vpa.updatePolicy
[INFO] Auditing path $.replica.autoscaling.vpa.updatePolicy.updateMode
[INFO] Auditing path $.replica.command
[INFO] Auditing path $.replica.configuration
[INFO] Auditing path $.replica.containerPorts
[INFO] Auditing path $.replica.containerPorts.valkey
[INFO] Auditing path $.replica.containerSecurityContext
[INFO] Auditing path $.replica.containerSecurityContext.allowPrivilegeEscalation
[INFO] Auditing path $.replica.containerSecurityContext.capabilities
[INFO] Auditing path $.replica.containerSecurityContext.capabilities.drop
[INFO] Auditing path $.replica.containerSecurityContext.enabled
[INFO] Auditing path $.replica.containerSecurityContext.readOnlyRootFilesystem
[INFO] Auditing path $.replica.containerSecurityContext.runAsGroup
[INFO] Auditing path $.replica.containerSecurityContext.runAsNonRoot
[INFO] Auditing path $.replica.containerSecurityContext.runAsUser
[INFO] Auditing path $.replica.containerSecurityContext.seLinuxOptions
[INFO] Auditing path $.replica.containerSecurityContext.seccompProfile
[INFO] Auditing path $.replica.containerSecurityContext.seccompProfile.type
[INFO] Auditing path $.replica.customLivenessProbe
[INFO] Auditing path $.replica.customReadinessProbe
[INFO] Auditing path $.replica.customStartupProbe
[INFO] Auditing path $.replica.disableCommands
[INFO] Auditing path $.replica.disableCommands[*]
[INFO] Auditing path $.replica.dnsConfig
[INFO] Auditing path $.replica.dnsPolicy
[INFO] Auditing path $.replica.enableServiceLinks
[INFO] Auditing path $.replica.externalPrimary
[INFO] Auditing path $.replica.externalPrimary.enabled
[INFO] Auditing path $.replica.externalPrimary.host
[INFO] Auditing path $.replica.externalPrimary.port
[INFO] Auditing path $.replica.extraEnvVars
[INFO] Auditing path $.replica.extraEnvVarsCM
[INFO] Auditing path $.replica.extraEnvVarsSecret
[INFO] Auditing path $.replica.extraFlags
[INFO] Auditing path $.replica.extraFlags[*]
[INFO] Auditing path $.replica.extraVolumeMounts
[INFO] Auditing path $.replica.extraVolumes
[INFO] Auditing path $.replica.hostAliases
[INFO] Auditing path $.replica.initContainers
[INFO] Auditing path $.replica.kind
[INFO] Auditing path $.replica.lifecycleHooks
[INFO] Auditing path $.replica.livenessProbe
[INFO] Auditing path $.replica.livenessProbe.enabled
[INFO] Auditing path $.replica.livenessProbe.failureThreshold
[INFO] Auditing path $.replica.livenessProbe.initialDelaySeconds
[INFO] Auditing path $.replica.livenessProbe.periodSeconds
[INFO] Auditing path $.replica.livenessProbe.successThreshold
[INFO] Auditing path $.replica.livenessProbe.timeoutSeconds
[INFO] Auditing path $.replica.minReadySeconds
[INFO] Auditing path $.replica.nodeAffinityPreset
[INFO] Auditing path $.replica.nodeAffinityPreset.key
[INFO] Auditing path $.replica.nodeAffinityPreset.type
[INFO] Auditing path $.replica.nodeAffinityPreset.values
[INFO] Auditing path $.replica.nodeSelector
[INFO] Auditing path $.replica.pdb
[INFO] Auditing path $.replica.pdb.create
[INFO] Auditing path $.replica.pdb.maxUnavailable
[INFO] Auditing path $.replica.pdb.minAvailable
[INFO] Auditing path $.replica.persistence
[INFO] Auditing path $.replica.persistence.accessModes
[INFO] Auditing path $.replica.persistence.annotations
[INFO] Auditing path $.replica.persistence.dataSource
[INFO] Auditing path $.replica.persistence.enabled
[INFO] Auditing path $.replica.persistence.existingClaim
[INFO] Auditing path $.replica.persistence.labels
[INFO] Auditing path $.replica.persistence.medium
[INFO] Auditing path $.replica.persistence.path
[INFO] Auditing path $.replica.persistence.selector
[INFO] Auditing path $.replica.persistence.size
[INFO] Auditing path $.replica.persistence.sizeLimit
[INFO] Auditing path $.replica.persistence.storageClass
[INFO] Auditing path $.replica.persistence.subPath
[INFO] Auditing path $.replica.persistence.subPathExpr
[INFO] Auditing path $.replica.persistentVolumeClaimRetentionPolicy
[INFO] Auditing path $.replica.persistentVolumeClaimRetentionPolicy.enabled
[INFO] Auditing path $.replica.persistentVolumeClaimRetentionPolicy.whenDeleted
[INFO] Auditing path $.replica.persistentVolumeClaimRetentionPolicy.whenScaled
[INFO] Auditing path $.replica.podAffinityPreset
[INFO] Auditing path $.replica.podAnnotations
[INFO] Auditing path $.replica.podAntiAffinityPreset
[INFO] Auditing path $.replica.podLabels
[INFO] Auditing path $.replica.podManagementPolicy
[INFO] Auditing path $.replica.podSecurityContext
[INFO] Auditing path $.replica.podSecurityContext.enabled
[INFO] Auditing path $.replica.podSecurityContext.fsGroup
[INFO] Auditing path $.replica.podSecurityContext.fsGroupChangePolicy
[INFO] Auditing path $.replica.podSecurityContext.supplementalGroups
[INFO] Auditing path $.replica.podSecurityContext.sysctls
[INFO] Auditing path $.replica.preExecCmds
[INFO] Auditing path $.replica.priorityClassName
[INFO] Auditing path $.replica.readinessProbe
[INFO] Auditing path $.replica.readinessProbe.enabled
[INFO] Auditing path $.replica.readinessProbe.failureThreshold
[INFO] Auditing path $.replica.readinessProbe.initialDelaySeconds
[INFO] Auditing path $.replica.readinessProbe.periodSeconds
[INFO] Auditing path $.replica.readinessProbe.successThreshold
[INFO] Auditing path $.replica.readinessProbe.timeoutSeconds
[INFO] Auditing path $.replica.replicaCount
[INFO] Auditing path $.replica.resources
[INFO] Auditing path $.replica.resourcesPreset
[INFO] Auditing path $.replica.schedulerName
[INFO] Auditing path $.replica.service
[INFO] Auditing path $.replica.service.annotations
[INFO] Auditing path $.replica.service.clusterIP
[INFO] Auditing path $.replica.service.externalTrafficPolicy
[INFO] Auditing path $.replica.service.extraPorts
[INFO] Auditing path $.replica.service.internalTrafficPolicy
[INFO] Auditing path $.replica.service.loadBalancerClass
[INFO] Auditing path $.replica.service.loadBalancerIP
[INFO] Auditing path $.replica.service.loadBalancerSourceRanges
[INFO] Auditing path $.replica.service.nodePorts
[INFO] Auditing path $.replica.service.nodePorts.valkey
[INFO] Auditing path $.replica.service.ports
[INFO] Auditing path $.replica.service.ports.valkey
[INFO] Auditing path $.replica.service.sessionAffinity
[INFO] Auditing path $.replica.service.sessionAffinityConfig
[INFO] Auditing path $.replica.service.type
[INFO] Auditing path $.replica.serviceAccount
[INFO] Auditing path $.replica.serviceAccount.annotations
[INFO] Auditing path $.replica.serviceAccount.automountServiceAccountToken
[INFO] Auditing path $.replica.serviceAccount.create
[INFO] Auditing path $.replica.serviceAccount.name
[INFO] Auditing path $.replica.shareProcessNamespace
[INFO] Auditing path $.replica.sidecars
[INFO] Auditing path $.replica.startupProbe
[INFO] Auditing path $.replica.startupProbe.enabled
[INFO] Auditing path $.replica.startupProbe.failureThreshold
[INFO] Auditing path $.replica.startupProbe.initialDelaySeconds
[INFO] Auditing path $.replica.startupProbe.periodSeconds
[INFO] Auditing path $.replica.startupProbe.successThreshold
[INFO] Auditing path $.replica.startupProbe.timeoutSeconds
[INFO] Auditing path $.replica.terminationGracePeriodSeconds
[INFO] Auditing path $.replica.tolerations
[INFO] Auditing path $.replica.topologySpreadConstraints
[INFO] Auditing path $.replica.updateStrategy
[INFO] Auditing path $.replica.updateStrategy.type
[INFO] Auditing path $.replica
[INFO] Auditing path $.secretAnnotations
[INFO] Auditing path $.sentinel.annotations
[INFO] Auditing path $.sentinel.args
[INFO] Auditing path $.sentinel.automateClusterRecovery
[INFO] Auditing path $.sentinel.command
[INFO] Auditing path $.sentinel.configuration
[INFO] Auditing path $.sentinel.containerPorts
[INFO] Auditing path $.sentinel.containerPorts.sentinel
[INFO] Auditing path $.sentinel.containerSecurityContext
[INFO] Auditing path $.sentinel.containerSecurityContext.allowPrivilegeEscalation
[INFO] Auditing path $.sentinel.containerSecurityContext.capabilities
[INFO] Auditing path $.sentinel.containerSecurityContext.capabilities.drop
[INFO] Auditing path $.sentinel.containerSecurityContext.enabled
[INFO] Auditing path $.sentinel.containerSecurityContext.readOnlyRootFilesystem
[INFO] Auditing path $.sentinel.containerSecurityContext.runAsGroup
[INFO] Auditing path $.sentinel.containerSecurityContext.runAsNonRoot
[INFO] Auditing path $.sentinel.containerSecurityContext.runAsUser
[INFO] Auditing path $.sentinel.containerSecurityContext.seLinuxOptions
[INFO] Auditing path $.sentinel.containerSecurityContext.seccompProfile
[INFO] Auditing path $.sentinel.containerSecurityContext.seccompProfile.type
[INFO] Auditing path $.sentinel.customLivenessProbe
[INFO] Auditing path $.sentinel.customReadinessProbe
[INFO] Auditing path $.sentinel.customStartupProbe
[INFO] Auditing path $.sentinel.downAfterMilliseconds
[INFO] Auditing path $.sentinel.enableServiceLinks
[INFO] Auditing path $.sentinel.enabled
[INFO] Auditing path $.sentinel.externalPrimary
[INFO] Auditing path $.sentinel.externalPrimary.enabled
[INFO] Auditing path $.sentinel.externalPrimary.host
[INFO] Auditing path $.sentinel.externalPrimary.port
[INFO] Auditing path $.sentinel.extraEnvVars
[INFO] Auditing path $.sentinel.extraEnvVarsCM
[INFO] Auditing path $.sentinel.extraEnvVarsSecret
[INFO] Auditing path $.sentinel.extraVolumeMounts
[INFO] Auditing path $.sentinel.extraVolumes
[INFO] Auditing path $.sentinel.failoverTimeout
[INFO] Auditing path $.sentinel.getPrimaryTimeout
[INFO] Auditing path $.sentinel.image
[INFO] Auditing path $.sentinel.image.debug
[INFO] Auditing path $.sentinel.image.digest
[INFO] Auditing path $.sentinel.image.pullPolicy
[INFO] Auditing path $.sentinel.image.pullSecrets
[INFO] Auditing path $.sentinel.image.registry
[INFO] Auditing path $.sentinel.image.repository
[INFO] Auditing path $.sentinel.image.tag
[INFO] Auditing path $.sentinel.lifecycleHooks
[INFO] Auditing path $.sentinel.livenessProbe
[INFO] Auditing path $.sentinel.livenessProbe.enabled
[INFO] Auditing path $.sentinel.livenessProbe.failureThreshold
[INFO] Auditing path $.sentinel.livenessProbe.initialDelaySeconds
[INFO] Auditing path $.sentinel.livenessProbe.periodSeconds
[INFO] Auditing path $.sentinel.livenessProbe.successThreshold
[INFO] Auditing path $.sentinel.livenessProbe.timeoutSeconds
[INFO] Auditing path $.sentinel.parallelSyncs
[INFO] Auditing path $.sentinel.persistence
[INFO] Auditing path $.sentinel.persistence.accessModes
[INFO] Auditing path $.sentinel.persistence.annotations
[INFO] Auditing path $.sentinel.persistence.dataSource
[INFO] Auditing path $.sentinel.persistence.enabled
[INFO] Auditing path $.sentinel.persistence.labels
[INFO] Auditing path $.sentinel.persistence.medium
[INFO] Auditing path $.sentinel.persistence.selector
[INFO] Auditing path $.sentinel.persistence.size
[INFO] Auditing path $.sentinel.persistence.sizeLimit
[INFO] Auditing path $.sentinel.persistence.storageClass
[INFO] Auditing path $.sentinel.persistentVolumeClaimRetentionPolicy
[INFO] Auditing path $.sentinel.persistentVolumeClaimRetentionPolicy.enabled
[INFO] Auditing path $.sentinel.persistentVolumeClaimRetentionPolicy.whenDeleted
[INFO] Auditing path $.sentinel.persistentVolumeClaimRetentionPolicy.whenScaled
[INFO] Auditing path $.sentinel.preExecCmds
[INFO] Auditing path $.sentinel.primarySet
[INFO] Auditing path $.sentinel.quorum
[INFO] Auditing path $.sentinel.readinessProbe
[INFO] Auditing path $.sentinel.readinessProbe.enabled
[INFO] Auditing path $.sentinel.readinessProbe.failureThreshold
[INFO] Auditing path $.sentinel.readinessProbe.initialDelaySeconds
[INFO] Auditing path $.sentinel.readinessProbe.periodSeconds
[INFO] Auditing path $.sentinel.readinessProbe.successThreshold
[INFO] Auditing path $.sentinel.readinessProbe.timeoutSeconds
[INFO] Auditing path $.sentinel.resources
[INFO] Auditing path $.sentinel.resourcesPreset
[INFO] Auditing path $.sentinel.service
[INFO] Auditing path $.sentinel.service.annotations
[INFO] Auditing path $.sentinel.service.clusterIP
[INFO] Auditing path $.sentinel.service.createPrimary
[INFO] Auditing path $.sentinel.service.externalTrafficPolicy
[INFO] Auditing path $.sentinel.service.extraPorts
[INFO] Auditing path $.sentinel.service.headless
[INFO] Auditing path $.sentinel.service.headless.annotations
[INFO] Auditing path $.sentinel.service.loadBalancerClass
[INFO] Auditing path $.sentinel.service.loadBalancerIP
[INFO] Auditing path $.sentinel.service.loadBalancerSourceRanges
[INFO] Auditing path $.sentinel.service.nodePorts
[INFO] Auditing path $.sentinel.service.nodePorts.sentinel
[INFO] Auditing path $.sentinel.service.nodePorts.valkey
[INFO] Auditing path $.sentinel.service.ports
[INFO] Auditing path $.sentinel.service.ports.sentinel
[INFO] Auditing path $.sentinel.service.ports.valkey
[INFO] Auditing path $.sentinel.service.sessionAffinity
[INFO] Auditing path $.sentinel.service.sessionAffinityConfig
[INFO] Auditing path $.sentinel.service.type
[INFO] Auditing path $.sentinel.startupProbe
[INFO] Auditing path $.sentinel.startupProbe.enabled
[INFO] Auditing path $.sentinel.startupProbe.failureThreshold
[INFO] Auditing path $.sentinel.startupProbe.initialDelaySeconds
[INFO] Auditing path $.sentinel.startupProbe.periodSeconds
[INFO] Auditing path $.sentinel.startupProbe.successThreshold
[INFO] Auditing path $.sentinel.startupProbe.timeoutSeconds
[INFO] Auditing path $.sentinel.terminationGracePeriodSeconds
[INFO] Auditing path $.sentinel.valkeyShutdownWaitFailover
[INFO] Auditing path $.sentinel
[INFO] Auditing path $.serviceAccount.annotations
[INFO] Auditing path $.serviceAccount.automountServiceAccountToken
[INFO] Auditing path $.serviceAccount.create
[INFO] Auditing path $.serviceAccount.name
[INFO] Auditing path $.serviceAccount
[INFO] Auditing path $.serviceBindings.enabled
[INFO] Auditing path $.serviceBindings
[INFO] Auditing path $.tls.authClients
[INFO] Auditing path $.tls.autoGenerated
[INFO] Auditing path $.tls.certCAFilename
[INFO] Auditing path $.tls.certFilename
[INFO] Auditing path $.tls.certKeyFilename
[INFO] Auditing path $.tls.dhParamsFilename
[INFO] Auditing path $.tls.enabled
[INFO] Auditing path $.tls.existingSecret
[INFO] Auditing path $.tls
[INFO] Auditing path $.useExternalDNS.additionalAnnotations
[INFO] Auditing path $.useExternalDNS.annotationKey
[INFO] Auditing path $.useExternalDNS.enabled
[INFO] Auditing path $.useExternalDNS.suffix
[INFO] Auditing path $.useExternalDNS
[INFO] Auditing path $.useHostnames
[INFO] Auditing path $.volumePermissions.containerSecurityContext
[INFO] Auditing path $.volumePermissions.containerSecurityContext.runAsUser
[INFO] Auditing path $.volumePermissions.containerSecurityContext.seLinuxOptions
[INFO] Auditing path $.volumePermissions.enabled
[INFO] Auditing path $.volumePermissions.image
[INFO] Auditing path $.volumePermissions.image.digest
[INFO] Auditing path $.volumePermissions.image.pullPolicy
[INFO] Auditing path $.volumePermissions.image.pullSecrets
[INFO] Auditing path $.volumePermissions.image.registry
[INFO] Auditing path $.volumePermissions.image.repository
[INFO] Auditing path $.volumePermissions.image.tag
[INFO] Auditing path $.volumePermissions.resources
[INFO] Auditing path $.volumePermissions.resourcesPreset
[INFO] Auditing path $.volumePermissions
