[INFO] Auditing path $.clusterDomain
[INFO] Auditing path $.clusterName
[INFO] Auditing path $.commonAnnotations
[INFO] Auditing path $.commonLabels
[INFO] Auditing path $.config
[INFO] Auditing path $.containerPorts.restAPI
[INFO] Auditing path $.containerPorts.transport
[INFO] Auditing path $.containerPorts
[INFO] Auditing path $.coordinating.affinity
[INFO] Auditing path $.coordinating.annotations
[INFO] Auditing path $.coordinating.args
[INFO] Auditing path $.coordinating.automountServiceAccountToken
[INFO] Auditing path $.coordinating.autoscaling
[INFO] Auditing path $.coordinating.autoscaling.enabled
[INFO] Auditing path $.coordinating.autoscaling.maxReplicas
[INFO] Auditing path $.coordinating.autoscaling.minReplicas
[INFO] Auditing path $.coordinating.autoscaling.targetCPU
[INFO] Auditing path $.coordinating.autoscaling.targetMemory
[INFO] Auditing path $.coordinating.command
[INFO] Auditing path $.coordinating.containerSecurityContext
[INFO] Auditing path $.coordinating.containerSecurityContext.allowPrivilegeEscalation
[INFO] Auditing path $.coordinating.containerSecurityContext.capabilities
[INFO] Auditing path $.coordinating.containerSecurityContext.capabilities.drop
[INFO] Auditing path $.coordinating.containerSecurityContext.enabled
[INFO] Auditing path $.coordinating.containerSecurityContext.privileged
[INFO] Auditing path $.coordinating.containerSecurityContext.readOnlyRootFilesystem
[INFO] Auditing path $.coordinating.containerSecurityContext.runAsGroup
[INFO] Auditing path $.coordinating.containerSecurityContext.runAsNonRoot
[INFO] Auditing path $.coordinating.containerSecurityContext.runAsUser
[INFO] Auditing path $.coordinating.containerSecurityContext.seLinuxOptions
[INFO] Auditing path $.coordinating.containerSecurityContext.seccompProfile
[INFO] Auditing path $.coordinating.containerSecurityContext.seccompProfile.type
[INFO] Auditing path $.coordinating.customLivenessProbe
[INFO] Auditing path $.coordinating.customReadinessProbe
[INFO] Auditing path $.coordinating.customStartupProbe
[INFO] Auditing path $.coordinating.extraEnvVars
[INFO] Auditing path $.coordinating.extraEnvVarsCM
[INFO] Auditing path $.coordinating.extraEnvVarsSecret
[INFO] Auditing path $.coordinating.extraRoles
[INFO] Auditing path $.coordinating.extraVolumeMounts
[INFO] Auditing path $.coordinating.extraVolumes
[INFO] Auditing path $.coordinating.fullnameOverride
[INFO] Auditing path $.coordinating.heapSize
[INFO] Auditing path $.coordinating.hostAliases
[INFO] Auditing path $.coordinating.initContainers
[INFO] Auditing path $.coordinating.lifecycleHooks
[INFO] Auditing path $.coordinating.livenessProbe
[INFO] Auditing path $.coordinating.livenessProbe.enabled
[INFO] Auditing path $.coordinating.livenessProbe.failureThreshold
[INFO] Auditing path $.coordinating.livenessProbe.initialDelaySeconds
[INFO] Auditing path $.coordinating.livenessProbe.periodSeconds
[INFO] Auditing path $.coordinating.livenessProbe.successThreshold
[INFO] Auditing path $.coordinating.livenessProbe.timeoutSeconds
[INFO] Auditing path $.coordinating.nameOverride
[INFO] Auditing path $.coordinating.networkPolicy
[INFO] Auditing path $.coordinating.networkPolicy.allowExternal
[INFO] Auditing path $.coordinating.networkPolicy.allowExternalEgress
[INFO] Auditing path $.coordinating.networkPolicy.enabled
[INFO] Auditing path $.coordinating.networkPolicy.extraEgress
[INFO] Auditing path $.coordinating.networkPolicy.extraIngress
[INFO] Auditing path $.coordinating.networkPolicy.ingressNSMatchLabels
[INFO] Auditing path $.coordinating.networkPolicy.ingressNSMatchLabels[*]
[INFO] Auditing path $.coordinating.networkPolicy.ingressNSPodMatchLabels
[INFO] Auditing path $.coordinating.networkPolicy.ingressNSPodMatchLabels[*]
[INFO] Auditing path $.coordinating.nodeAffinityPreset
[INFO] Auditing path $.coordinating.nodeAffinityPreset.key
[INFO] Auditing path $.coordinating.nodeAffinityPreset.type
[INFO] Auditing path $.coordinating.nodeAffinityPreset.values
[INFO] Auditing path $.coordinating.nodeSelector
[INFO] Auditing path $.coordinating.pdb
[INFO] Auditing path $.coordinating.pdb.create
[INFO] Auditing path $.coordinating.pdb.maxUnavailable
[INFO] Auditing path $.coordinating.pdb.minAvailable
[INFO] Auditing path $.coordinating.podAffinityPreset
[INFO] Auditing path $.coordinating.podAnnotations
[INFO] Auditing path $.coordinating.podAntiAffinityPreset
[INFO] Auditing path $.coordinating.podLabels
[INFO] Auditing path $.coordinating.podManagementPolicy
[INFO] Auditing path $.coordinating.podSecurityContext
[INFO] Auditing path $.coordinating.podSecurityContext.enabled
[INFO] Auditing path $.coordinating.podSecurityContext.fsGroup
[INFO] Auditing path $.coordinating.podSecurityContext.fsGroupChangePolicy
[INFO] Auditing path $.coordinating.podSecurityContext.supplementalGroups
[INFO] Auditing path $.coordinating.podSecurityContext.sysctls
[INFO] Auditing path $.coordinating.priorityClassName
[INFO] Auditing path $.coordinating.readinessProbe
[INFO] Auditing path $.coordinating.readinessProbe.enabled
[INFO] Auditing path $.coordinating.readinessProbe.failureThreshold
[INFO] Auditing path $.coordinating.readinessProbe.initialDelaySeconds
[INFO] Auditing path $.coordinating.readinessProbe.periodSeconds
[INFO] Auditing path $.coordinating.readinessProbe.successThreshold
[INFO] Auditing path $.coordinating.readinessProbe.timeoutSeconds
[INFO] Auditing path $.coordinating.replicaCount
[INFO] Auditing path $.coordinating.resources
[INFO] Auditing path $.coordinating.resourcesPreset
[INFO] Auditing path $.coordinating.schedulerName
[INFO] Auditing path $.coordinating.serviceAccount
[INFO] Auditing path $.coordinating.serviceAccount.annotations
[INFO] Auditing path $.coordinating.serviceAccount.automountServiceAccountToken
[INFO] Auditing path $.coordinating.serviceAccount.create
[INFO] Auditing path $.coordinating.serviceAccount.name
[INFO] Auditing path $.coordinating.servicenameOverride
[INFO] Auditing path $.coordinating.shareProcessNamespace
[INFO] Auditing path $.coordinating.sidecars
[INFO] Auditing path $.coordinating.startupProbe
[INFO] Auditing path $.coordinating.startupProbe.enabled
[INFO] Auditing path $.coordinating.startupProbe.failureThreshold
[INFO] Auditing path $.coordinating.startupProbe.initialDelaySeconds
[INFO] Auditing path $.coordinating.startupProbe.periodSeconds
[INFO] Auditing path $.coordinating.startupProbe.successThreshold
[INFO] Auditing path $.coordinating.startupProbe.timeoutSeconds
[INFO] Auditing path $.coordinating.terminationGracePeriodSeconds
[INFO] Auditing path $.coordinating.tolerations
[INFO] Auditing path $.coordinating.topologySpreadConstraints
[INFO] Auditing path $.coordinating.updateStrategy
[INFO] Auditing path $.coordinating.updateStrategy.type
[INFO] Auditing path $.coordinating
[INFO] Auditing path $.data.affinity
[INFO] Auditing path $.data.annotations
[INFO] Auditing path $.data.args
[INFO] Auditing path $.data.automountServiceAccountToken
[INFO] Auditing path $.data.autoscaling
[INFO] Auditing path $.data.autoscaling.enabled
[INFO] Auditing path $.data.autoscaling.maxReplicas
[INFO] Auditing path $.data.autoscaling.minReplicas
[INFO] Auditing path $.data.autoscaling.targetCPU
[INFO] Auditing path $.data.autoscaling.targetMemory
[INFO] Auditing path $.data.command
[INFO] Auditing path $.data.containerSecurityContext
[INFO] Auditing path $.data.containerSecurityContext.allowPrivilegeEscalation
[INFO] Auditing path $.data.containerSecurityContext.capabilities
[INFO] Auditing path $.data.containerSecurityContext.capabilities.drop
[INFO] Auditing path $.data.containerSecurityContext.enabled
[INFO] Auditing path $.data.containerSecurityContext.privileged
[INFO] Auditing path $.data.containerSecurityContext.readOnlyRootFilesystem
[INFO] Auditing path $.data.containerSecurityContext.runAsGroup
[INFO] Auditing path $.data.containerSecurityContext.runAsNonRoot
[INFO] Auditing path $.data.containerSecurityContext.runAsUser
[INFO] Auditing path $.data.containerSecurityContext.seLinuxOptions
[INFO] Auditing path $.data.containerSecurityContext.seccompProfile
[INFO] Auditing path $.data.containerSecurityContext.seccompProfile.type
[INFO] Auditing path $.data.customLivenessProbe
[INFO] Auditing path $.data.customReadinessProbe
[INFO] Auditing path $.data.customStartupProbe
[INFO] Auditing path $.data.extraEnvVars
[INFO] Auditing path $.data.extraEnvVarsCM
[INFO] Auditing path $.data.extraEnvVarsSecret
[INFO] Auditing path $.data.extraRoles
[INFO] Auditing path $.data.extraVolumeMounts
[INFO] Auditing path $.data.extraVolumes
[INFO] Auditing path $.data.fullnameOverride
[INFO] Auditing path $.data.heapSize
[INFO] Auditing path $.data.hostAliases
[INFO] Auditing path $.data.initContainers
[INFO] Auditing path $.data.lifecycleHooks
[INFO] Auditing path $.data.livenessProbe
[INFO] Auditing path $.data.livenessProbe.enabled
[INFO] Auditing path $.data.livenessProbe.failureThreshold
[INFO] Auditing path $.data.livenessProbe.initialDelaySeconds
[INFO] Auditing path $.data.livenessProbe.periodSeconds
[INFO] Auditing path $.data.livenessProbe.successThreshold
[INFO] Auditing path $.data.livenessProbe.timeoutSeconds
[INFO] Auditing path $.data.nameOverride
[INFO] Auditing path $.data.networkPolicy
[INFO] Auditing path $.data.networkPolicy.allowExternal
[INFO] Auditing path $.data.networkPolicy.allowExternalEgress
[INFO] Auditing path $.data.networkPolicy.enabled
[INFO] Auditing path $.data.networkPolicy.extraEgress
[INFO] Auditing path $.data.networkPolicy.extraIngress
[INFO] Auditing path $.data.networkPolicy.ingressNSMatchLabels
[INFO] Auditing path $.data.networkPolicy.ingressNSMatchLabels[*]
[INFO] Auditing path $.data.networkPolicy.ingressNSPodMatchLabels
[INFO] Auditing path $.data.networkPolicy.ingressNSPodMatchLabels[*]
[INFO] Auditing path $.data.nodeAffinityPreset
[INFO] Auditing path $.data.nodeAffinityPreset.key
[INFO] Auditing path $.data.nodeAffinityPreset.type
[INFO] Auditing path $.data.nodeAffinityPreset.values
[INFO] Auditing path $.data.nodeSelector
[INFO] Auditing path $.data.pdb
[INFO] Auditing path $.data.pdb.create
[INFO] Auditing path $.data.pdb.maxUnavailable
[INFO] Auditing path $.data.pdb.minAvailable
[INFO] Auditing path $.data.persistence
[INFO] Auditing path $.data.persistence.accessModes
[INFO] Auditing path $.data.persistence.annotations
[INFO] Auditing path $.data.persistence.enabled
[INFO] Auditing path $.data.persistence.existingClaim
[INFO] Auditing path $.data.persistence.existingVolume
[INFO] Auditing path $.data.persistence.selector
[INFO] Auditing path $.data.persistence.size
[INFO] Auditing path $.data.persistence.storageClass
[INFO] Auditing path $.data.persistentVolumeClaimRetentionPolicy
[INFO] Auditing path $.data.persistentVolumeClaimRetentionPolicy.enabled
[INFO] Auditing path $.data.persistentVolumeClaimRetentionPolicy.whenDeleted
[INFO] Auditing path $.data.persistentVolumeClaimRetentionPolicy.whenScaled
[INFO] Auditing path $.data.podAffinityPreset
[INFO] Auditing path $.data.podAnnotations
[INFO] Auditing path $.data.podAntiAffinityPreset
[INFO] Auditing path $.data.podLabels
[INFO] Auditing path $.data.podManagementPolicy
[INFO] Auditing path $.data.podSecurityContext
[INFO] Auditing path $.data.podSecurityContext.enabled
[INFO] Auditing path $.data.podSecurityContext.fsGroup
[INFO] Auditing path $.data.podSecurityContext.fsGroupChangePolicy
[INFO] Auditing path $.data.podSecurityContext.supplementalGroups
[INFO] Auditing path $.data.podSecurityContext.sysctls
[INFO] Auditing path $.data.priorityClassName
[INFO] Auditing path $.data.readinessProbe
[INFO] Auditing path $.data.readinessProbe.enabled
[INFO] Auditing path $.data.readinessProbe.failureThreshold
[INFO] Auditing path $.data.readinessProbe.initialDelaySeconds
[INFO] Auditing path $.data.readinessProbe.periodSeconds
[INFO] Auditing path $.data.readinessProbe.successThreshold
[INFO] Auditing path $.data.readinessProbe.timeoutSeconds
[INFO] Auditing path $.data.replicaCount
[INFO] Auditing path $.data.resources
[INFO] Auditing path $.data.resourcesPreset
[INFO] Auditing path $.data.schedulerName
[INFO] Auditing path $.data.serviceAccount
[INFO] Auditing path $.data.serviceAccount.annotations
[INFO] Auditing path $.data.serviceAccount.automountServiceAccountToken
[INFO] Auditing path $.data.serviceAccount.create
[INFO] Auditing path $.data.serviceAccount.name
[INFO] Auditing path $.data.servicenameOverride
[INFO] Auditing path $.data.shareProcessNamespace
[INFO] Auditing path $.data.sidecars
[INFO] Auditing path $.data.startupProbe
[INFO] Auditing path $.data.startupProbe.enabled
[INFO] Auditing path $.data.startupProbe.failureThreshold
[INFO] Auditing path $.data.startupProbe.initialDelaySeconds
[INFO] Auditing path $.data.startupProbe.periodSeconds
[INFO] Auditing path $.data.startupProbe.successThreshold
[INFO] Auditing path $.data.startupProbe.timeoutSeconds
[INFO] Auditing path $.data.terminationGracePeriodSeconds
[INFO] Auditing path $.data.tolerations
[INFO] Auditing path $.data.topologySpreadConstraints
[INFO] Auditing path $.data.updateStrategy
[INFO] Auditing path $.data.updateStrategy.type
[INFO] Auditing path $.data
[INFO] Auditing path $.diagnosticMode.args
[INFO] Auditing path $.diagnosticMode.command
[INFO] Auditing path $.diagnosticMode.enabled
[INFO] Auditing path $.diagnosticMode
[INFO] Auditing path $.enableDefaultInitContainers
[INFO] Auditing path $.extraConfig
[INFO] Auditing path $.extraDeploy[*]
[INFO] Auditing path $.extraDeploy
[INFO] Auditing path $.extraEnvVars
[INFO] Auditing path $.extraEnvVarsCM
[INFO] Auditing path $.extraEnvVarsSecret
[INFO] Auditing path $.extraHosts
[INFO] Auditing path $.extraVolumeMounts
[INFO] Auditing path $.extraVolumes
[INFO] Auditing path $.fullnameOverride
[INFO] Auditing path $.global.compatibility
[INFO] Auditing path $.global.compatibility.openshift
[INFO] Auditing path $.global.compatibility.openshift.adaptSecurityContext
[INFO] Auditing path $.global.defaultStorageClass
[INFO] Auditing path $.global.elasticsearch
[INFO] Auditing path $.global.elasticsearch.service
[INFO] Auditing path $.global.elasticsearch.service.fullname
[INFO] Auditing path $.global.elasticsearch.service.name
[INFO] Auditing path $.global.elasticsearch.service.ports
[INFO] Auditing path $.global.elasticsearch.service.ports.restAPI
[INFO] Auditing path $.global.imagePullSecrets
[INFO] Auditing path $.global.imageRegistry
[INFO] Auditing path $.global.kibanaEnabled
[INFO] Auditing path $.global.security
[INFO] Auditing path $.global.security.allowInsecureImages
[INFO] Auditing path $.global.storageClass
[INFO] Auditing path $.global
[INFO] Auditing path $.image.debug
[INFO] Auditing path $.image.digest
[INFO] Auditing path $.image.pullPolicy
[INFO] Auditing path $.image.pullSecrets
[INFO] Auditing path $.image.registry
[INFO] Auditing path $.image.repository
[INFO] Auditing path $.image.tag
[INFO] Auditing path $.image
[INFO] Auditing path $.ingest.affinity
[INFO] Auditing path $.ingest.annotations
[INFO] Auditing path $.ingest.args
[INFO] Auditing path $.ingest.automountServiceAccountToken
[INFO] Auditing path $.ingest.autoscaling
[INFO] Auditing path $.ingest.autoscaling.enabled
[INFO] Auditing path $.ingest.autoscaling.maxReplicas
[INFO] Auditing path $.ingest.autoscaling.minReplicas
[INFO] Auditing path $.ingest.autoscaling.targetCPU
[INFO] Auditing path $.ingest.autoscaling.targetMemory
[INFO] Auditing path $.ingest.command
[INFO] Auditing path $.ingest.containerPorts
[INFO] Auditing path $.ingest.containerPorts.restAPI
[INFO] Auditing path $.ingest.containerPorts.transport
[INFO] Auditing path $.ingest.containerSecurityContext
[INFO] Auditing path $.ingest.containerSecurityContext.allowPrivilegeEscalation
[INFO] Auditing path $.ingest.containerSecurityContext.capabilities
[INFO] Auditing path $.ingest.containerSecurityContext.capabilities.drop
[INFO] Auditing path $.ingest.containerSecurityContext.enabled
[INFO] Auditing path $.ingest.containerSecurityContext.privileged
[INFO] Auditing path $.ingest.containerSecurityContext.readOnlyRootFilesystem
[INFO] Auditing path $.ingest.containerSecurityContext.runAsGroup
[INFO] Auditing path $.ingest.containerSecurityContext.runAsNonRoot
[INFO] Auditing path $.ingest.containerSecurityContext.runAsUser
[INFO] Auditing path $.ingest.containerSecurityContext.seLinuxOptions
[INFO] Auditing path $.ingest.containerSecurityContext.seccompProfile
[INFO] Auditing path $.ingest.containerSecurityContext.seccompProfile.type
[INFO] Auditing path $.ingest.customLivenessProbe
[INFO] Auditing path $.ingest.customReadinessProbe
[INFO] Auditing path $.ingest.customStartupProbe
[INFO] Auditing path $.ingest.enabled
[INFO] Auditing path $.ingest.extraEnvVars
[INFO] Auditing path $.ingest.extraEnvVarsCM
[INFO] Auditing path $.ingest.extraEnvVarsSecret
[INFO] Auditing path $.ingest.extraRoles
[INFO] Auditing path $.ingest.extraVolumeMounts
[INFO] Auditing path $.ingest.extraVolumes
[INFO] Auditing path $.ingest.fullnameOverride
[INFO] Auditing path $.ingest.heapSize
[INFO] Auditing path $.ingest.hostAliases
[INFO] Auditing path $.ingest.ingress
[INFO] Auditing path $.ingest.ingress.annotations
[INFO] Auditing path $.ingest.ingress.apiVersion
[INFO] Auditing path $.ingest.ingress.enabled
[INFO] Auditing path $.ingest.ingress.extraHosts
[INFO] Auditing path $.ingest.ingress.extraHosts[*].name
[INFO] Auditing path $.ingest.ingress.extraHosts[*].path
[INFO] Auditing path $.ingest.ingress.extraHosts[*].pathType
[INFO] Auditing path $.ingest.ingress.extraPaths
[INFO] Auditing path $.ingest.ingress.extraRules
[INFO] Auditing path $.ingest.ingress.extraTls
[INFO] Auditing path $.ingest.ingress.hostname
[INFO] Auditing path $.ingest.ingress.ingressClassName
[INFO] Auditing path $.ingest.ingress.path
[INFO] Auditing path $.ingest.ingress.pathType
[INFO] Auditing path $.ingest.ingress.secrets
[INFO] Auditing path $.ingest.ingress.secrets[*].certificate
[INFO] Auditing path $.ingest.ingress.secrets[*].key
[INFO] Auditing path $.ingest.ingress.secrets[*].name
[INFO] Auditing path $.ingest.ingress.selfSigned
[INFO] Auditing path $.ingest.ingress.tls
[INFO] Auditing path $.ingest.initContainers
[INFO] Auditing path $.ingest.lifecycleHooks
[INFO] Auditing path $.ingest.livenessProbe
[INFO] Auditing path $.ingest.livenessProbe.enabled
[INFO] Auditing path $.ingest.livenessProbe.failureThreshold
[INFO] Auditing path $.ingest.livenessProbe.initialDelaySeconds
[INFO] Auditing path $.ingest.livenessProbe.periodSeconds
[INFO] Auditing path $.ingest.livenessProbe.successThreshold
[INFO] Auditing path $.ingest.livenessProbe.timeoutSeconds
[INFO] Auditing path $.ingest.nameOverride
[INFO] Auditing path $.ingest.networkPolicy
[INFO] Auditing path $.ingest.networkPolicy.allowExternal
[INFO] Auditing path $.ingest.networkPolicy.allowExternalEgress
[INFO] Auditing path $.ingest.networkPolicy.enabled
[INFO] Auditing path $.ingest.networkPolicy.extraEgress
[INFO] Auditing path $.ingest.networkPolicy.extraIngress
[INFO] Auditing path $.ingest.networkPolicy.ingressNSMatchLabels
[INFO] Auditing path $.ingest.networkPolicy.ingressNSMatchLabels[*]
[INFO] Auditing path $.ingest.networkPolicy.ingressNSPodMatchLabels
[INFO] Auditing path $.ingest.networkPolicy.ingressNSPodMatchLabels[*]
[INFO] Auditing path $.ingest.nodeAffinityPreset
[INFO] Auditing path $.ingest.nodeAffinityPreset.key
[INFO] Auditing path $.ingest.nodeAffinityPreset.type
[INFO] Auditing path $.ingest.nodeAffinityPreset.values
[INFO] Auditing path $.ingest.nodeSelector
[INFO] Auditing path $.ingest.pdb
[INFO] Auditing path $.ingest.pdb.create
[INFO] Auditing path $.ingest.pdb.maxUnavailable
[INFO] Auditing path $.ingest.pdb.minAvailable
[INFO] Auditing path $.ingest.podAffinityPreset
[INFO] Auditing path $.ingest.podAnnotations
[INFO] Auditing path $.ingest.podAntiAffinityPreset
[INFO] Auditing path $.ingest.podLabels
[INFO] Auditing path $.ingest.podManagementPolicy
[INFO] Auditing path $.ingest.podSecurityContext
[INFO] Auditing path $.ingest.podSecurityContext.enabled
[INFO] Auditing path $.ingest.podSecurityContext.fsGroup
[INFO] Auditing path $.ingest.podSecurityContext.fsGroupChangePolicy
[INFO] Auditing path $.ingest.podSecurityContext.supplementalGroups
[INFO] Auditing path $.ingest.podSecurityContext.sysctls
[INFO] Auditing path $.ingest.priorityClassName
[INFO] Auditing path $.ingest.readinessProbe
[INFO] Auditing path $.ingest.readinessProbe.enabled
[INFO] Auditing path $.ingest.readinessProbe.failureThreshold
[INFO] Auditing path $.ingest.readinessProbe.initialDelaySeconds
[INFO] Auditing path $.ingest.readinessProbe.periodSeconds
[INFO] Auditing path $.ingest.readinessProbe.successThreshold
[INFO] Auditing path $.ingest.readinessProbe.timeoutSeconds
[INFO] Auditing path $.ingest.replicaCount
[INFO] Auditing path $.ingest.resources
[INFO] Auditing path $.ingest.resourcesPreset
[INFO] Auditing path $.ingest.schedulerName
[INFO] Auditing path $.ingest.service
[INFO] Auditing path $.ingest.service.annotations
[INFO] Auditing path $.ingest.service.clusterIP
[INFO] Auditing path $.ingest.service.enabled
[INFO] Auditing path $.ingest.service.externalTrafficPolicy
[INFO] Auditing path $.ingest.service.extraPorts
[INFO] Auditing path $.ingest.service.loadBalancerIP
[INFO] Auditing path $.ingest.service.loadBalancerSourceRanges
[INFO] Auditing path $.ingest.service.nodePorts
[INFO] Auditing path $.ingest.service.nodePorts.restAPI
[INFO] Auditing path $.ingest.service.nodePorts.transport
[INFO] Auditing path $.ingest.service.ports
[INFO] Auditing path $.ingest.service.ports.restAPI
[INFO] Auditing path $.ingest.service.ports.transport
[INFO] Auditing path $.ingest.service.sessionAffinity
[INFO] Auditing path $.ingest.service.sessionAffinityConfig
[INFO] Auditing path $.ingest.service.type
[INFO] Auditing path $.ingest.serviceAccount
[INFO] Auditing path $.ingest.serviceAccount.annotations
[INFO] Auditing path $.ingest.serviceAccount.automountServiceAccountToken
[INFO] Auditing path $.ingest.serviceAccount.create
[INFO] Auditing path $.ingest.serviceAccount.name
[INFO] Auditing path $.ingest.servicenameOverride
[INFO] Auditing path $.ingest.shareProcessNamespace
[INFO] Auditing path $.ingest.sidecars
[INFO] Auditing path $.ingest.startupProbe
[INFO] Auditing path $.ingest.startupProbe.enabled
[INFO] Auditing path $.ingest.startupProbe.failureThreshold
[INFO] Auditing path $.ingest.startupProbe.initialDelaySeconds
[INFO] Auditing path $.ingest.startupProbe.periodSeconds
[INFO] Auditing path $.ingest.startupProbe.successThreshold
[INFO] Auditing path $.ingest.startupProbe.timeoutSeconds
[INFO] Auditing path $.ingest.terminationGracePeriodSeconds
[INFO] Auditing path $.ingest.tolerations
[INFO] Auditing path $.ingest.topologySpreadConstraints
[INFO] Auditing path $.ingest.updateStrategy
[INFO] Auditing path $.ingest.updateStrategy.type
[INFO] Auditing path $.ingest
[INFO] Auditing path $.ingress.annotations
[INFO] Auditing path $.ingress.apiVersion
[INFO] Auditing path $.ingress.enabled
[INFO] Auditing path $.ingress.extraHosts
[INFO] Auditing path $.ingress.extraHosts[*].name
[INFO] Auditing path $.ingress.extraHosts[*].path
[INFO] Auditing path $.ingress.extraHosts[*].pathType
[INFO] Auditing path $.ingress.extraPaths
[INFO] Auditing path $.ingress.extraRules
[INFO] Auditing path $.ingress.extraTls
[INFO] Auditing path $.ingress.hostname
[INFO] Auditing path $.ingress.ingressClassName
[INFO] Auditing path $.ingress.path
[INFO] Auditing path $.ingress.pathType
[INFO] Auditing path $.ingress.secrets
[INFO] Auditing path $.ingress.secrets[*].certificate
[INFO] Auditing path $.ingress.secrets[*].key
[INFO] Auditing path $.ingress.secrets[*].name
[INFO] Auditing path $.ingress.selfSigned
[INFO] Auditing path $.ingress.tls
[INFO] Auditing path $.ingress
[INFO] Auditing path $.initContainers
[INFO] Auditing path $.initScripts
[INFO] Auditing path $.initScriptsCM
[INFO] Auditing path $.initScriptsSecret
[INFO] Auditing path $.kibana.elasticsearch
[INFO] Auditing path $.kibana.elasticsearch.hosts
[INFO] Auditing path $.kibana.elasticsearch.port
[INFO] Auditing path $.kibana
[INFO] Auditing path $.kubeVersion
[INFO] Auditing path $.master.affinity
[INFO] Auditing path $.master.annotations
[INFO] Auditing path $.master.args
[INFO] Auditing path $.master.automountServiceAccountToken
[INFO] Auditing path $.master.autoscaling
[INFO] Auditing path $.master.autoscaling.enabled
[INFO] Auditing path $.master.autoscaling.maxReplicas
[INFO] Auditing path $.master.autoscaling.minReplicas
[INFO] Auditing path $.master.autoscaling.targetCPU
[INFO] Auditing path $.master.autoscaling.targetMemory
[INFO] Auditing path $.master.command
[INFO] Auditing path $.master.containerSecurityContext
[INFO] Auditing path $.master.containerSecurityContext.allowPrivilegeEscalation
[INFO] Auditing path $.master.containerSecurityContext.capabilities
[INFO] Auditing path $.master.containerSecurityContext.capabilities.drop
[INFO] Auditing path $.master.containerSecurityContext.enabled
[INFO] Auditing path $.master.containerSecurityContext.privileged
[INFO] Auditing path $.master.containerSecurityContext.readOnlyRootFilesystem
[INFO] Auditing path $.master.containerSecurityContext.runAsGroup
[INFO] Auditing path $.master.containerSecurityContext.runAsNonRoot
[INFO] Auditing path $.master.containerSecurityContext.runAsUser
[INFO] Auditing path $.master.containerSecurityContext.seLinuxOptions
[INFO] Auditing path $.master.containerSecurityContext.seccompProfile
[INFO] Auditing path $.master.containerSecurityContext.seccompProfile.type
[INFO] Auditing path $.master.customLivenessProbe
[INFO] Auditing path $.master.customReadinessProbe
[INFO] Auditing path $.master.customStartupProbe
[INFO] Auditing path $.master.extraEnvVars
[INFO] Auditing path $.master.extraEnvVarsCM
[INFO] Auditing path $.master.extraEnvVarsSecret
[INFO] Auditing path $.master.extraRoles
[INFO] Auditing path $.master.extraVolumeMounts
[INFO] Auditing path $.master.extraVolumes
[INFO] Auditing path $.master.fullnameOverride
[INFO] Auditing path $.master.heapSize
[INFO] Auditing path $.master.hostAliases
[INFO] Auditing path $.master.initContainers
[INFO] Auditing path $.master.lifecycleHooks
[INFO] Auditing path $.master.livenessProbe
[INFO] Auditing path $.master.livenessProbe.enabled
[INFO] Auditing path $.master.livenessProbe.failureThreshold
[INFO] Auditing path $.master.livenessProbe.initialDelaySeconds
[INFO] Auditing path $.master.livenessProbe.periodSeconds
[INFO] Auditing path $.master.livenessProbe.successThreshold
[INFO] Auditing path $.master.livenessProbe.timeoutSeconds
[INFO] Auditing path $.master.masterOnly
[INFO] Auditing path $.master.nameOverride
[INFO] Auditing path $.master.networkPolicy
[INFO] Auditing path $.master.networkPolicy.allowExternal
[INFO] Auditing path $.master.networkPolicy.allowExternalEgress
[INFO] Auditing path $.master.networkPolicy.enabled
[INFO] Auditing path $.master.networkPolicy.extraEgress
[INFO] Auditing path $.master.networkPolicy.extraIngress
[INFO] Auditing path $.master.networkPolicy.ingressNSMatchLabels
[INFO] Auditing path $.master.networkPolicy.ingressNSMatchLabels[*]
[INFO] Auditing path $.master.networkPolicy.ingressNSPodMatchLabels
[INFO] Auditing path $.master.networkPolicy.ingressNSPodMatchLabels[*]
[INFO] Auditing path $.master.nodeAffinityPreset
[INFO] Auditing path $.master.nodeAffinityPreset.key
[INFO] Auditing path $.master.nodeAffinityPreset.type
[INFO] Auditing path $.master.nodeAffinityPreset.values
[INFO] Auditing path $.master.nodeSelector
[INFO] Auditing path $.master.pdb
[INFO] Auditing path $.master.pdb.create
[INFO] Auditing path $.master.pdb.maxUnavailable
[INFO] Auditing path $.master.pdb.minAvailable
[INFO] Auditing path $.master.persistence
[INFO] Auditing path $.master.persistence.accessModes
[INFO] Auditing path $.master.persistence.annotations
[INFO] Auditing path $.master.persistence.enabled
[INFO] Auditing path $.master.persistence.existingClaim
[INFO] Auditing path $.master.persistence.existingVolume
[INFO] Auditing path $.master.persistence.selector
[INFO] Auditing path $.master.persistence.size
[INFO] Auditing path $.master.persistence.storageClass
[INFO] Auditing path $.master.persistentVolumeClaimRetentionPolicy
[INFO] Auditing path $.master.persistentVolumeClaimRetentionPolicy.enabled
[INFO] Auditing path $.master.persistentVolumeClaimRetentionPolicy.whenDeleted
[INFO] Auditing path $.master.persistentVolumeClaimRetentionPolicy.whenScaled
[INFO] Auditing path $.master.podAffinityPreset
[INFO] Auditing path $.master.podAnnotations
[INFO] Auditing path $.master.podAntiAffinityPreset
[INFO] Auditing path $.master.podLabels
[INFO] Auditing path $.master.podManagementPolicy
[INFO] Auditing path $.master.podSecurityContext
[INFO] Auditing path $.master.podSecurityContext.enabled
[INFO] Auditing path $.master.podSecurityContext.fsGroup
[INFO] Auditing path $.master.podSecurityContext.fsGroupChangePolicy
[INFO] Auditing path $.master.podSecurityContext.supplementalGroups
[INFO] Auditing path $.master.podSecurityContext.sysctls
[INFO] Auditing path $.master.priorityClassName
[INFO] Auditing path $.master.readinessProbe
[INFO] Auditing path $.master.readinessProbe.enabled
[INFO] Auditing path $.master.readinessProbe.failureThreshold
[INFO] Auditing path $.master.readinessProbe.initialDelaySeconds
[INFO] Auditing path $.master.readinessProbe.periodSeconds
[INFO] Auditing path $.master.readinessProbe.successThreshold
[INFO] Auditing path $.master.readinessProbe.timeoutSeconds
[INFO] Auditing path $.master.replicaCount
[INFO] Auditing path $.master.resources
[INFO] Auditing path $.master.resourcesPreset
[INFO] Auditing path $.master.schedulerName
[INFO] Auditing path $.master.serviceAccount
[INFO] Auditing path $.master.serviceAccount.annotations
[INFO] Auditing path $.master.serviceAccount.automountServiceAccountToken
[INFO] Auditing path $.master.serviceAccount.create
[INFO] Auditing path $.master.serviceAccount.name
[INFO] Auditing path $.master.servicenameOverride
[INFO] Auditing path $.master.shareProcessNamespace
[INFO] Auditing path $.master.sidecars
[INFO] Auditing path $.master.startupProbe
[INFO] Auditing path $.master.startupProbe.enabled
[INFO] Auditing path $.master.startupProbe.failureThreshold
[INFO] Auditing path $.master.startupProbe.initialDelaySeconds
[INFO] Auditing path $.master.startupProbe.periodSeconds
[INFO] Auditing path $.master.startupProbe.successThreshold
[INFO] Auditing path $.master.startupProbe.timeoutSeconds
[INFO] Auditing path $.master.terminationGracePeriodSeconds
[INFO] Auditing path $.master.tolerations
[INFO] Auditing path $.master.topologySpreadConstraints
[INFO] Auditing path $.master.updateStrategy
[INFO] Auditing path $.master.updateStrategy.type
[INFO] Auditing path $.master
[INFO] Auditing path $.metrics.affinity
[INFO] Auditing path $.metrics.annotations
[INFO] Auditing path $.metrics.annotations["helm.sh/hook"]
[INFO] Auditing path $.metrics.annotations["helm.sh/hook-weight"]
[INFO] Auditing path $.metrics.args
[INFO] Auditing path $.metrics.automountServiceAccountToken
[INFO] Auditing path $.metrics.command
[INFO] Auditing path $.metrics.containerPorts
[INFO] Auditing path $.metrics.containerPorts.http
[INFO] Auditing path $.metrics.containerSecurityContext
[INFO] Auditing path $.metrics.containerSecurityContext.allowPrivilegeEscalation
[INFO] Auditing path $.metrics.containerSecurityContext.capabilities
[INFO] Auditing path $.metrics.containerSecurityContext.capabilities.drop
[INFO] Auditing path $.metrics.containerSecurityContext.enabled
[INFO] Auditing path $.metrics.containerSecurityContext.privileged
[INFO] Auditing path $.metrics.containerSecurityContext.readOnlyRootFilesystem
[INFO] Auditing path $.metrics.containerSecurityContext.runAsGroup
[INFO] Auditing path $.metrics.containerSecurityContext.runAsNonRoot
[INFO] Auditing path $.metrics.containerSecurityContext.runAsUser
[INFO] Auditing path $.metrics.containerSecurityContext.seLinuxOptions
[INFO] Auditing path $.metrics.containerSecurityContext.seccompProfile
[INFO] Auditing path $.metrics.containerSecurityContext.seccompProfile.type
[INFO] Auditing path $.metrics.customLivenessProbe
[INFO] Auditing path $.metrics.customReadinessProbe
[INFO] Auditing path $.metrics.customStartupProbe
[INFO] Auditing path $.metrics.enabled
[INFO] Auditing path $.metrics.extraArgs
[INFO] Auditing path $.metrics.extraEnvVars
[INFO] Auditing path $.metrics.extraEnvVarsCM
[INFO] Auditing path $.metrics.extraEnvVarsSecret
[INFO] Auditing path $.metrics.extraVolumeMounts
[INFO] Auditing path $.metrics.extraVolumes
[INFO] Auditing path $.metrics.fullnameOverride
[INFO] Auditing path $.metrics.hostAliases
[INFO] Auditing path $.metrics.image
[INFO] Auditing path $.metrics.image.digest
[INFO] Auditing path $.metrics.image.pullPolicy
[INFO] Auditing path $.metrics.image.pullSecrets
[INFO] Auditing path $.metrics.image.registry
[INFO] Auditing path $.metrics.image.repository
[INFO] Auditing path $.metrics.image.tag
[INFO] Auditing path $.metrics.initContainers
[INFO] Auditing path $.metrics.livenessProbe
[INFO] Auditing path $.metrics.livenessProbe.enabled
[INFO] Auditing path $.metrics.livenessProbe.failureThreshold
[INFO] Auditing path $.metrics.livenessProbe.initialDelaySeconds
[INFO] Auditing path $.metrics.livenessProbe.periodSeconds
[INFO] Auditing path $.metrics.livenessProbe.successThreshold
[INFO] Auditing path $.metrics.livenessProbe.timeoutSeconds
[INFO] Auditing path $.metrics.nameOverride
[INFO] Auditing path $.metrics.networkPolicy
[INFO] Auditing path $.metrics.networkPolicy.allowExternal
[INFO] Auditing path $.metrics.networkPolicy.allowExternalEgress
[INFO] Auditing path $.metrics.networkPolicy.enabled
[INFO] Auditing path $.metrics.networkPolicy.extraEgress
[INFO] Auditing path $.metrics.networkPolicy.extraIngress
[INFO] Auditing path $.metrics.networkPolicy.ingressNSMatchLabels
[INFO] Auditing path $.metrics.networkPolicy.ingressNSMatchLabels[*]
[INFO] Auditing path $.metrics.networkPolicy.ingressNSPodMatchLabels
[INFO] Auditing path $.metrics.networkPolicy.ingressNSPodMatchLabels[*]
[INFO] Auditing path $.metrics.nodeAffinityPreset
[INFO] Auditing path $.metrics.nodeAffinityPreset.key
[INFO] Auditing path $.metrics.nodeAffinityPreset.type
[INFO] Auditing path $.metrics.nodeAffinityPreset.values
[INFO] Auditing path $.metrics.nodeSelector
[INFO] Auditing path $.metrics.podAffinityPreset
[INFO] Auditing path $.metrics.podAnnotations
[INFO] Auditing path $.metrics.podAnnotations["prometheus.io/port"]
[INFO] Auditing path $.metrics.podAnnotations["prometheus.io/scrape"]
[INFO] Auditing path $.metrics.podAntiAffinityPreset
[INFO] Auditing path $.metrics.podLabels
[INFO] Auditing path $.metrics.podSecurityContext
[INFO] Auditing path $.metrics.podSecurityContext.enabled
[INFO] Auditing path $.metrics.podSecurityContext.fsGroup
[INFO] Auditing path $.metrics.podSecurityContext.fsGroupChangePolicy
[INFO] Auditing path $.metrics.podSecurityContext.supplementalGroups
[INFO] Auditing path $.metrics.podSecurityContext.sysctls
[INFO] Auditing path $.metrics.priorityClassName
[INFO] Auditing path $.metrics.prometheusRule
[INFO] Auditing path $.metrics.prometheusRule.additionalLabels
[INFO] Auditing path $.metrics.prometheusRule.enabled
[INFO] Auditing path $.metrics.prometheusRule.namespace
[INFO] Auditing path $.metrics.prometheusRule.rules
[INFO] Auditing path $.metrics.readinessProbe
[INFO] Auditing path $.metrics.readinessProbe.enabled
[INFO] Auditing path $.metrics.readinessProbe.failureThreshold
[INFO] Auditing path $.metrics.readinessProbe.initialDelaySeconds
[INFO] Auditing path $.metrics.readinessProbe.periodSeconds
[INFO] Auditing path $.metrics.readinessProbe.successThreshold
[INFO] Auditing path $.metrics.readinessProbe.timeoutSeconds
[INFO] Auditing path $.metrics.resources
[INFO] Auditing path $.metrics.resourcesPreset
[INFO] Auditing path $.metrics.schedulerName
[INFO] Auditing path $.metrics.service
[INFO] Auditing path $.metrics.service.annotations
[INFO] Auditing path $.metrics.service.annotations["prometheus.io/port"]
[INFO] Auditing path $.metrics.service.annotations["prometheus.io/scrape"]
[INFO] Auditing path $.metrics.service.port
[INFO] Auditing path $.metrics.service.type
[INFO] Auditing path $.metrics.serviceAccount
[INFO] Auditing path $.metrics.serviceAccount.annotations
[INFO] Auditing path $.metrics.serviceAccount.automountServiceAccountToken
[INFO] Auditing path $.metrics.serviceAccount.create
[INFO] Auditing path $.metrics.serviceAccount.name
[INFO] Auditing path $.metrics.serviceMonitor
[INFO] Auditing path $.metrics.serviceMonitor.enabled
[INFO] Auditing path $.metrics.serviceMonitor.honorLabels
[INFO] Auditing path $.metrics.serviceMonitor.interval
[INFO] Auditing path $.metrics.serviceMonitor.jobLabel
[INFO] Auditing path $.metrics.serviceMonitor.labels
[INFO] Auditing path $.metrics.serviceMonitor.metricRelabelings
[INFO] Auditing path $.metrics.serviceMonitor.namespace
[INFO] Auditing path $.metrics.serviceMonitor.relabelings
[INFO] Auditing path $.metrics.serviceMonitor.scrapeTimeout
[INFO] Auditing path $.metrics.serviceMonitor.selector
[INFO] Auditing path $.metrics.sidecars
[INFO] Auditing path $.metrics.startupProbe
[INFO] Auditing path $.metrics.startupProbe.enabled
[INFO] Auditing path $.metrics.startupProbe.failureThreshold
[INFO] Auditing path $.metrics.startupProbe.initialDelaySeconds
[INFO] Auditing path $.metrics.startupProbe.periodSeconds
[INFO] Auditing path $.metrics.startupProbe.successThreshold
[INFO] Auditing path $.metrics.startupProbe.timeoutSeconds
[INFO] Auditing path $.metrics.tolerations
[INFO] Auditing path $.metrics.topologySpreadConstraints
[INFO] Auditing path $.metrics
[INFO] Auditing path $.nameOverride
[INFO] Auditing path $.namespaceOverride
[INFO] Auditing path $.plugins
[INFO] Auditing path $.security.elasticPassword
[INFO] Auditing path $.security.enabled
[INFO] Auditing path $.security.existingSecret
[INFO] Auditing path $.security.fipsMode
[INFO] Auditing path $.security.tls
[INFO] Auditing path $.security.tls.autoGenerated
[INFO] Auditing path $.security.tls.coordinating
[INFO] Auditing path $.security.tls.coordinating.existingSecret
[INFO] Auditing path $.security.tls.data
[INFO] Auditing path $.security.tls.data.existingSecret
[INFO] Auditing path $.security.tls.ingest
[INFO] Auditing path $.security.tls.ingest.existingSecret
[INFO] Auditing path $.security.tls.keyPassword
[INFO] Auditing path $.security.tls.keystoreFilename
[INFO] Auditing path $.security.tls.keystorePassword
[INFO] Auditing path $.security.tls.master
[INFO] Auditing path $.security.tls.master.existingSecret
[INFO] Auditing path $.security.tls.passwordsSecret
[INFO] Auditing path $.security.tls.restEncryption
[INFO] Auditing path $.security.tls.secretKey
[INFO] Auditing path $.security.tls.secretKeystoreKey
[INFO] Auditing path $.security.tls.secretTruststoreKey
[INFO] Auditing path $.security.tls.truststoreFilename
[INFO] Auditing path $.security.tls.truststorePassword
[INFO] Auditing path $.security.tls.usePemCerts
[INFO] Auditing path $.security.tls.verificationMode
[INFO] Auditing path $.security
[INFO] Auditing path $.service.annotations
[INFO] Auditing path $.service.clusterIP
[INFO] Auditing path $.service.externalTrafficPolicy
[INFO] Auditing path $.service.extraPorts
[INFO] Auditing path $.service.loadBalancerIP
[INFO] Auditing path $.service.loadBalancerSourceRanges
[INFO] Auditing path $.service.nodePorts
[INFO] Auditing path $.service.nodePorts.restAPI
[INFO] Auditing path $.service.nodePorts.transport
[INFO] Auditing path $.service.ports
[INFO] Auditing path $.service.ports.restAPI
[INFO] Auditing path $.service.ports.transport
[INFO] Auditing path $.service.sessionAffinity
[INFO] Auditing path $.service.sessionAffinityConfig
[INFO] Auditing path $.service.type
[INFO] Auditing path $.service
[INFO] Auditing path $.sidecars
[INFO] Auditing path $.snapshotRepoPath
[INFO] Auditing path $.sysctlImage.digest
[INFO] Auditing path $.sysctlImage.enabled
[INFO] Auditing path $.sysctlImage.pullPolicy
[INFO] Auditing path $.sysctlImage.pullSecrets
[INFO] Auditing path $.sysctlImage.registry
[INFO] Auditing path $.sysctlImage.repository
[INFO] Auditing path $.sysctlImage.resources
[INFO] Auditing path $.sysctlImage.resourcesPreset
[INFO] Auditing path $.sysctlImage.tag
[INFO] Auditing path $.sysctlImage
[INFO] Auditing path $.useIstioLabels
[INFO] Auditing path $.usePasswordFiles
[INFO] Auditing path $.volumePermissions.enabled
[INFO] Auditing path $.volumePermissions.image
[INFO] Auditing path $.volumePermissions.image.digest
[INFO] Auditing path $.volumePermissions.image.pullPolicy
[INFO] Auditing path $.volumePermissions.image.pullSecrets
[INFO] Auditing path $.volumePermissions.image.registry
[INFO] Auditing path $.volumePermissions.image.repository
[INFO] Auditing path $.volumePermissions.image.tag
[INFO] Auditing path $.volumePermissions.resources
[INFO] Auditing path $.volumePermissions.resourcesPreset
[INFO] Auditing path $.volumePermissions
