constraints / default: 512 valid inputs, 540s ceiling
  passed: 512/512 checks, 8/8 outcomes; 24.23s execution
constraints / exact-equivalence: 512 valid inputs, 540s ceiling
  passed: 512/512 checks, 8/8 outcomes; 23.67s execution
constraints / random: 512 valid inputs, 540s ceiling
  passed: 33/33 checks, 8/8 outcomes; 1.53s execution
constraints / topology: 512 valid inputs, 540s ceiling
  passed: 512/512 checks, 8/8 outcomes; 24.23s execution
constraints / combined: 512 valid inputs, 540s ceiling
  passed: 512/512 checks, 8/8 outcomes; 23.16s execution
control-flow / default: 1024 valid inputs, 540s ceiling
  passed: 1024/1024 checks, 16/16 outcomes; 48.55s execution
control-flow / exact-equivalence: 1024 valid inputs, 540s ceiling
  passed: 1024/1024 checks, 16/16 outcomes; 50.47s execution
control-flow / random: 1024 valid inputs, 540s ceiling
  passed: 65/65 checks, 16/16 outcomes; 3.26s execution
control-flow / topology: 1024 valid inputs, 540s ceiling
  passed: 1024/1024 checks, 16/16 outcomes; 55.85s execution
control-flow / combined: 1024 valid inputs, 540s ceiling
  passed: 1024/1024 checks, 16/16 outcomes; 55.03s execution
dependencies / default: 1024 valid inputs, 540s ceiling
  passed: 1024/1024 checks, 8/8 outcomes; 44.14s execution
dependencies / exact-equivalence: 1024 valid inputs, 540s ceiling
  passed: 1024/1024 checks, 8/8 outcomes; 2.13s execution
dependencies / random: 1024 valid inputs, 540s ceiling
  passed: 65/65 checks, 8/8 outcomes; 2.99s execution
dependencies / topology: 1024 valid inputs, 540s ceiling
  passed: 65/65 checks, 8/8 outcomes; 2.80s execution
dependencies / combined: 1024 valid inputs, 540s ceiling
  passed: 9/9 checks, 8/8 outcomes; 0.48s execution
interactions / default: 1024 valid inputs, 540s ceiling
  passed: 1024/1024 checks, 8/8 outcomes; 49.05s execution
interactions / exact-equivalence: 1024 valid inputs, 540s ceiling
  passed: 1024/1024 checks, 8/8 outcomes; 2.20s execution
interactions / random: 1024 valid inputs, 540s ceiling
  passed: 65/65 checks, 6/8 outcomes; 2.64s execution
interactions / topology: 1024 valid inputs, 540s ceiling
  passed: 65/65 checks, 8/8 outcomes; 2.47s execution
interactions / combined: 1024 valid inputs, 540s ceiling
  passed: 21/21 checks, 8/8 outcomes; 0.84s execution
equivalence / default: 1024 valid inputs, 540s ceiling
  passed: 1024/1024 checks, 4/4 outcomes; 47.65s execution
equivalence / exact-equivalence: 1024 valid inputs, 540s ceiling
  passed: 1024/1024 checks, 4/4 outcomes; 1.96s execution
equivalence / random: 1024 valid inputs, 540s ceiling
  passed: 65/65 checks, 4/4 outcomes; 3.28s execution
equivalence / topology: 1024 valid inputs, 540s ceiling
  passed: 65/65 checks, 4/4 outcomes; 3.34s execution
equivalence / combined: 1024 valid inputs, 540s ceiling
  passed: 5/5 checks, 4/4 outcomes; 0.39s execution
boundaries / default: 1536 valid inputs, 540s ceiling
  passed: 1536/1536 checks, 12/12 outcomes; 73.11s execution
boundaries / exact-equivalence: 1536 valid inputs, 540s ceiling
  passed: 1536/1536 checks, 12/12 outcomes; 66.37s execution
boundaries / random: 1536 valid inputs, 540s ceiling
  passed: 97/97 checks, 12/12 outcomes; 3.66s execution
boundaries / topology: 1536 valid inputs, 540s ceiling
  passed: 1536/1536 checks, 12/12 outcomes; 68.57s execution
boundaries / combined: 1536 valid inputs, 540s ceiling
  passed: 1536/1536 checks, 12/12 outcomes; 72.46s execution
