uniform-shallow: depth distribution {1: 1.0}, strength 8
  uniform-shallow: 100/384 reference renders
  uniform-shallow: 200/384 reference renders
  uniform-shallow: 300/384 reference renders
  complete
uniform-deep: depth distribution {5: 1.0}, strength 8
  uniform-deep: 100/384 reference renders
  uniform-deep: 200/384 reference renders
  uniform-deep: 300/384 reference renders
  complete
uniform-random: depth distribution {1: 1.0, 2: 1.0, 3: 1.0, 4: 1.0, 5: 1.0}, strength 8
  uniform-random: 100/384 reference renders
  uniform-random: 200/384 reference renders
  uniform-random: 300/384 reference renders
  complete
supported-shallow: depth distribution {1: 1.0}, strength 8
  supported-shallow: 100/1024 reference renders
  supported-shallow: 200/1024 reference renders
  supported-shallow: 300/1024 reference renders
  supported-shallow: 400/1024 reference renders
  supported-shallow: 500/1024 reference renders
  supported-shallow: 600/1024 reference renders
  supported-shallow: 700/1024 reference renders
  supported-shallow: 800/1024 reference renders
  supported-shallow: 900/1024 reference renders
  supported-shallow: 1000/1024 reference renders
  complete
supported-deep: depth distribution {5: 1.0}, strength 8
  supported-deep: 100/1024 reference renders
  supported-deep: 200/1024 reference renders
  supported-deep: 300/1024 reference renders
  supported-deep: 400/1024 reference renders
  supported-deep: 500/1024 reference renders
  supported-deep: 600/1024 reference renders
  supported-deep: 700/1024 reference renders
  supported-deep: 800/1024 reference renders
  supported-deep: 900/1024 reference renders
  supported-deep: 1000/1024 reference renders
  complete
supported-random: depth distribution {1: 1.0, 2: 1.0, 3: 1.0, 4: 1.0, 5: 1.0}, strength 8
  supported-random: 100/1024 reference renders
  supported-random: 200/1024 reference renders
  supported-random: 300/1024 reference renders
  supported-random: 400/1024 reference renders
  supported-random: 500/1024 reference renders
  supported-random: 600/1024 reference renders
  supported-random: 700/1024 reference renders
  supported-random: 800/1024 reference renders
  supported-random: 900/1024 reference renders
  supported-random: 1000/1024 reference renders
  complete
