constraints: fixed population, depth sweep [0, 1, 2, 3, 4, 5]
  constraints: 100/512 reference renders
  constraints: 200/512 reference renders
  constraints: 300/512 reference renders
  constraints: 400/512 reference renders
  constraints: 500/512 reference renders
  complete
control-flow: fixed population, depth sweep [0, 1, 2, 3, 4, 5]
  control-flow: 100/1024 reference renders
  control-flow: 200/1024 reference renders
  control-flow: 300/1024 reference renders
  control-flow: 400/1024 reference renders
  control-flow: 500/1024 reference renders
  control-flow: 600/1024 reference renders
  control-flow: 700/1024 reference renders
  control-flow: 800/1024 reference renders
  control-flow: 900/1024 reference renders
  control-flow: 1000/1024 reference renders
  complete
dependencies: fixed population, depth sweep [0, 1, 2, 3, 4, 5]
  dependencies: 100/1024 reference renders
  dependencies: 200/1024 reference renders
  dependencies: 300/1024 reference renders
  dependencies: 400/1024 reference renders
  dependencies: 500/1024 reference renders
  dependencies: 600/1024 reference renders
  dependencies: 700/1024 reference renders
  dependencies: 800/1024 reference renders
  dependencies: 900/1024 reference renders
  dependencies: 1000/1024 reference renders
  complete
interactions: fixed population, depth sweep [0, 1, 2, 3, 4, 5]
  interactions: 100/1024 reference renders
  interactions: 200/1024 reference renders
  interactions: 300/1024 reference renders
  interactions: 400/1024 reference renders
  interactions: 500/1024 reference renders
  interactions: 600/1024 reference renders
  interactions: 700/1024 reference renders
  interactions: 800/1024 reference renders
  interactions: 900/1024 reference renders
  interactions: 1000/1024 reference renders
  complete
equivalence: fixed population, depth sweep [0, 1, 2, 3, 4, 5]
  equivalence: 100/1024 reference renders
  equivalence: 200/1024 reference renders
  equivalence: 300/1024 reference renders
  equivalence: 400/1024 reference renders
  equivalence: 500/1024 reference renders
  equivalence: 600/1024 reference renders
  equivalence: 700/1024 reference renders
  equivalence: 800/1024 reference renders
  equivalence: 900/1024 reference renders
  equivalence: 1000/1024 reference renders
  complete
boundaries: fixed population, depth sweep [0, 1, 2, 3, 4, 5]
  boundaries: 100/1536 reference renders
  boundaries: 200/1536 reference renders
  boundaries: 300/1536 reference renders
  boundaries: 400/1536 reference renders
  boundaries: 500/1536 reference renders
  boundaries: 600/1536 reference renders
  boundaries: 700/1536 reference renders
  boundaries: 800/1536 reference renders
  boundaries: 900/1536 reference renders
  boundaries: 1000/1536 reference renders
  boundaries: 1100/1536 reference renders
  boundaries: 1200/1536 reference renders
  boundaries: 1300/1536 reference renders
  boundaries: 1400/1536 reference renders
  boundaries: 1500/1536 reference renders
  complete
mixed-uniform: fixed population, depth sweep [0, 1, 2, 3, 4, 5]
  mixed-uniform: 100/384 reference renders
  mixed-uniform: 200/384 reference renders
  mixed-uniform: 300/384 reference renders
  complete
mixed-supported: fixed population, depth sweep [0, 1, 2, 3, 4, 5]
  mixed-supported: 100/1024 reference renders
  mixed-supported: 200/1024 reference renders
  mixed-supported: 300/1024 reference renders
  mixed-supported: 400/1024 reference renders
  mixed-supported: 500/1024 reference renders
  mixed-supported: 600/1024 reference renders
  mixed-supported: 700/1024 reference renders
  mixed-supported: 800/1024 reference renders
  mixed-supported: 900/1024 reference renders
  mixed-supported: 1000/1024 reference renders
  complete
