[INFO] Auditing path $.clusterDefault
[INFO] Auditing path $.clusterDomain
[INFO] Auditing path $.commonAnnotations
[INFO] Auditing path $.commonLabels
[INFO] Auditing path $.diagnosticMode.args
[INFO] Auditing path $.diagnosticMode.command
[INFO] Auditing path $.diagnosticMode.enabled
[INFO] Auditing path $.diagnosticMode
[INFO] Auditing path $.externalDatabase.database
[INFO] Auditing path $.externalDatabase.enabled
[INFO] Auditing path $.externalDatabase.existingSecret
[INFO] Auditing path $.externalDatabase.host
[INFO] Auditing path $.externalDatabase.initDatabaseJob
[INFO] Auditing path $.externalDatabase.initDatabaseJob.annotations
[INFO] Auditing path $.externalDatabase.initDatabaseJob.annotations["helm.sh/hook"]
[INFO] Auditing path $.externalDatabase.initDatabaseJob.annotations["helm.sh/hook-delete-policy"]
[INFO] Auditing path $.externalDatabase.initDatabaseJob.automountServiceAccountToken
[INFO] Auditing path $.externalDatabase.initDatabaseJob.backoffLimit
[INFO] Auditing path $.externalDatabase.initDatabaseJob.containerSecurityContext
[INFO] Auditing path $.externalDatabase.initDatabaseJob.containerSecurityContext.allowPrivilegeEscalation
[INFO] Auditing path $.externalDatabase.initDatabaseJob.containerSecurityContext.capabilities
[INFO] Auditing path $.externalDatabase.initDatabaseJob.containerSecurityContext.capabilities.drop
[INFO] Auditing path $.externalDatabase.initDatabaseJob.containerSecurityContext.enabled
[INFO] Auditing path $.externalDatabase.initDatabaseJob.containerSecurityContext.privileged
[INFO] Auditing path $.externalDatabase.initDatabaseJob.containerSecurityContext.readOnlyRootFilesystem
[INFO] Auditing path $.externalDatabase.initDatabaseJob.containerSecurityContext.runAsGroup
[INFO] Auditing path $.externalDatabase.initDatabaseJob.containerSecurityContext.runAsNonRoot
[INFO] Auditing path $.externalDatabase.initDatabaseJob.containerSecurityContext.runAsUser
[INFO] Auditing path $.externalDatabase.initDatabaseJob.containerSecurityContext.seLinuxOptions
[INFO] Auditing path $.externalDatabase.initDatabaseJob.containerSecurityContext.seccompProfile
[INFO] Auditing path $.externalDatabase.initDatabaseJob.containerSecurityContext.seccompProfile.type
[INFO] Auditing path $.externalDatabase.initDatabaseJob.enabled
[INFO] Auditing path $.externalDatabase.initDatabaseJob.hostAliases
[INFO] Auditing path $.externalDatabase.initDatabaseJob.labels
[INFO] Auditing path $.externalDatabase.initDatabaseJob.podSecurityContext
[INFO] Auditing path $.externalDatabase.initDatabaseJob.podSecurityContext.enabled
[INFO] Auditing path $.externalDatabase.initDatabaseJob.podSecurityContext.fsGroup
[INFO] Auditing path $.externalDatabase.initDatabaseJob.podSecurityContext.fsGroupChangePolicy
[INFO] Auditing path $.externalDatabase.initDatabaseJob.podSecurityContext.supplementalGroups
[INFO] Auditing path $.externalDatabase.initDatabaseJob.podSecurityContext.sysctls
[INFO] Auditing path $.externalDatabase.initDatabaseJob.resources
[INFO] Auditing path $.externalDatabase.initDatabaseJob.resourcesPreset
[INFO] Auditing path $.externalDatabase.password
[INFO] Auditing path $.externalDatabase.port
[INFO] Auditing path $.externalDatabase.store
[INFO] Auditing path $.externalDatabase.user
[INFO] Auditing path $.externalDatabase.waitForDatabaseEnabled
[INFO] Auditing path $.externalDatabase
[INFO] Auditing path $.extraDeploy[*]
[INFO] Auditing path $.extraDeploy
[INFO] Auditing path $.filer.affinity
[INFO] Auditing path $.filer.args
[INFO] Auditing path $.filer.automountServiceAccountToken
[INFO] Auditing path $.filer.autoscaling
[INFO] Auditing path $.filer.autoscaling.enabled
[INFO] Auditing path $.filer.autoscaling.maxReplicas
[INFO] Auditing path $.filer.autoscaling.minReplicas
[INFO] Auditing path $.filer.autoscaling.targetCPU
[INFO] Auditing path $.filer.autoscaling.targetMemory
[INFO] Auditing path $.filer.bindAddress
[INFO] Auditing path $.filer.command
[INFO] Auditing path $.filer.config
[INFO] Auditing path $.filer.containerPorts
[INFO] Auditing path $.filer.containerPorts.grpc
[INFO] Auditing path $.filer.containerPorts.http
[INFO] Auditing path $.filer.containerPorts.metrics
[INFO] Auditing path $.filer.containerSecurityContext
[INFO] Auditing path $.filer.containerSecurityContext.allowPrivilegeEscalation
[INFO] Auditing path $.filer.containerSecurityContext.capabilities
[INFO] Auditing path $.filer.containerSecurityContext.capabilities.drop
[INFO] Auditing path $.filer.containerSecurityContext.enabled
[INFO] Auditing path $.filer.containerSecurityContext.privileged
[INFO] Auditing path $.filer.containerSecurityContext.readOnlyRootFilesystem
[INFO] Auditing path $.filer.containerSecurityContext.runAsGroup
[INFO] Auditing path $.filer.containerSecurityContext.runAsNonRoot
[INFO] Auditing path $.filer.containerSecurityContext.runAsUser
[INFO] Auditing path $.filer.containerSecurityContext.seLinuxOptions
[INFO] Auditing path $.filer.containerSecurityContext.seccompProfile
[INFO] Auditing path $.filer.containerSecurityContext.seccompProfile.type
[INFO] Auditing path $.filer.customLivenessProbe
[INFO] Auditing path $.filer.customReadinessProbe
[INFO] Auditing path $.filer.customStartupProbe
[INFO] Auditing path $.filer.enabled
[INFO] Auditing path $.filer.existingConfigmap
[INFO] Auditing path $.filer.existingNotificationConfigmap
[INFO] Auditing path $.filer.extraContainerPorts
[INFO] Auditing path $.filer.extraContainerPorts[*].containerPort
[INFO] Auditing path $.filer.extraEnvVars
[INFO] Auditing path $.filer.extraEnvVarsCM
[INFO] Auditing path $.filer.extraEnvVarsSecret
[INFO] Auditing path $.filer.extraVolumeMounts
[INFO] Auditing path $.filer.extraVolumes
[INFO] Auditing path $.filer.hostAliases
[INFO] Auditing path $.filer.ingress
[INFO] Auditing path $.filer.ingress.annotations
[INFO] Auditing path $.filer.ingress.apiVersion
[INFO] Auditing path $.filer.ingress.enabled
[INFO] Auditing path $.filer.ingress.extraHosts
[INFO] Auditing path $.filer.ingress.extraHosts[*].name
[INFO] Auditing path $.filer.ingress.extraHosts[*].path
[INFO] Auditing path $.filer.ingress.extraHosts[*].pathType
[INFO] Auditing path $.filer.ingress.extraPaths
[INFO] Auditing path $.filer.ingress.extraRules
[INFO] Auditing path $.filer.ingress.extraTls
[INFO] Auditing path $.filer.ingress.hostname
[INFO] Auditing path $.filer.ingress.ingressClassName
[INFO] Auditing path $.filer.ingress.path
[INFO] Auditing path $.filer.ingress.pathType
[INFO] Auditing path $.filer.ingress.secrets
[INFO] Auditing path $.filer.ingress.secrets[*].certificate
[INFO] Auditing path $.filer.ingress.secrets[*].key
[INFO] Auditing path $.filer.ingress.secrets[*].name
[INFO] Auditing path $.filer.ingress.selfSigned
[INFO] Auditing path $.filer.ingress.tls
[INFO] Auditing path $.filer.initContainers
[INFO] Auditing path $.filer.lifecycleHooks
[INFO] Auditing path $.filer.livenessProbe
[INFO] Auditing path $.filer.livenessProbe.enabled
[INFO] Auditing path $.filer.livenessProbe.failureThreshold
[INFO] Auditing path $.filer.livenessProbe.initialDelaySeconds
[INFO] Auditing path $.filer.livenessProbe.periodSeconds
[INFO] Auditing path $.filer.livenessProbe.successThreshold
[INFO] Auditing path $.filer.livenessProbe.timeoutSeconds
[INFO] Auditing path $.filer.logLevel
[INFO] Auditing path $.filer.logPersistence
[INFO] Auditing path $.filer.logPersistence.accessModes
[INFO] Auditing path $.filer.logPersistence.annotations
[INFO] Auditing path $.filer.logPersistence.dataSource
[INFO] Auditing path $.filer.logPersistence.enabled
[INFO] Auditing path $.filer.logPersistence.existingClaim
[INFO] Auditing path $.filer.logPersistence.mountPath
[INFO] Auditing path $.filer.logPersistence.selector
[INFO] Auditing path $.filer.logPersistence.size
[INFO] Auditing path $.filer.logPersistence.storageClass
[INFO] Auditing path $.filer.logPersistence.subPath
[INFO] Auditing path $.filer.metrics
[INFO] Auditing path $.filer.metrics.enabled
[INFO] Auditing path $.filer.metrics.service
[INFO] Auditing path $.filer.metrics.service.annotations
[INFO] Auditing path $.filer.metrics.service.port
[INFO] Auditing path $.filer.metrics.serviceMonitor
[INFO] Auditing path $.filer.metrics.serviceMonitor.annotations
[INFO] Auditing path $.filer.metrics.serviceMonitor.enabled
[INFO] Auditing path $.filer.metrics.serviceMonitor.honorLabels
[INFO] Auditing path $.filer.metrics.serviceMonitor.interval
[INFO] Auditing path $.filer.metrics.serviceMonitor.jobLabel
[INFO] Auditing path $.filer.metrics.serviceMonitor.labels
[INFO] Auditing path $.filer.metrics.serviceMonitor.metricRelabelings
[INFO] Auditing path $.filer.metrics.serviceMonitor.namespace
[INFO] Auditing path $.filer.metrics.serviceMonitor.relabelings
[INFO] Auditing path $.filer.metrics.serviceMonitor.scrapeTimeout
[INFO] Auditing path $.filer.metrics.serviceMonitor.selector
[INFO] Auditing path $.filer.networkPolicy
[INFO] Auditing path $.filer.networkPolicy.allowExternal
[INFO] Auditing path $.filer.networkPolicy.allowExternalEgress
[INFO] Auditing path $.filer.networkPolicy.enabled
[INFO] Auditing path $.filer.networkPolicy.extraEgress
[INFO] Auditing path $.filer.networkPolicy.extraIngress
[INFO] Auditing path $.filer.networkPolicy.ingressNSMatchLabels
[INFO] Auditing path $.filer.networkPolicy.ingressNSMatchLabels[*]
[INFO] Auditing path $.filer.networkPolicy.ingressNSPodMatchLabels
[INFO] Auditing path $.filer.networkPolicy.ingressNSPodMatchLabels[*]
[INFO] Auditing path $.filer.nodeAffinityPreset
[INFO] Auditing path $.filer.nodeAffinityPreset.key
[INFO] Auditing path $.filer.nodeAffinityPreset.type
[INFO] Auditing path $.filer.nodeAffinityPreset.values
[INFO] Auditing path $.filer.nodeSelector
[INFO] Auditing path $.filer.notificationConfig
[INFO] Auditing path $.filer.pdb
[INFO] Auditing path $.filer.pdb.create
[INFO] Auditing path $.filer.pdb.maxUnavailable
[INFO] Auditing path $.filer.pdb.minAvailable
[INFO] Auditing path $.filer.persistentVolumeClaimRetentionPolicy
[INFO] Auditing path $.filer.persistentVolumeClaimRetentionPolicy.enabled
[INFO] Auditing path $.filer.persistentVolumeClaimRetentionPolicy.whenDeleted
[INFO] Auditing path $.filer.persistentVolumeClaimRetentionPolicy.whenScaled
[INFO] Auditing path $.filer.podAffinityPreset
[INFO] Auditing path $.filer.podAnnotations
[INFO] Auditing path $.filer.podAntiAffinityPreset
[INFO] Auditing path $.filer.podLabels
[INFO] Auditing path $.filer.podManagementPolicy
[INFO] Auditing path $.filer.podSecurityContext
[INFO] Auditing path $.filer.podSecurityContext.enabled
[INFO] Auditing path $.filer.podSecurityContext.fsGroup
[INFO] Auditing path $.filer.podSecurityContext.fsGroupChangePolicy
[INFO] Auditing path $.filer.podSecurityContext.supplementalGroups
[INFO] Auditing path $.filer.podSecurityContext.sysctls
[INFO] Auditing path $.filer.priorityClassName
[INFO] Auditing path $.filer.readinessProbe
[INFO] Auditing path $.filer.readinessProbe.enabled
[INFO] Auditing path $.filer.readinessProbe.failureThreshold
[INFO] Auditing path $.filer.readinessProbe.initialDelaySeconds
[INFO] Auditing path $.filer.readinessProbe.periodSeconds
[INFO] Auditing path $.filer.readinessProbe.successThreshold
[INFO] Auditing path $.filer.readinessProbe.timeoutSeconds
[INFO] Auditing path $.filer.replicaCount
[INFO] Auditing path $.filer.resources
[INFO] Auditing path $.filer.resourcesPreset
[INFO] Auditing path $.filer.schedulerName
[INFO] Auditing path $.filer.service
[INFO] Auditing path $.filer.service.annotations
[INFO] Auditing path $.filer.service.clusterIP
[INFO] Auditing path $.filer.service.externalTrafficPolicy
[INFO] Auditing path $.filer.service.extraPorts
[INFO] Auditing path $.filer.service.headless
[INFO] Auditing path $.filer.service.headless.annotations
[INFO] Auditing path $.filer.service.loadBalancerIP
[INFO] Auditing path $.filer.service.loadBalancerSourceRanges
[INFO] Auditing path $.filer.service.nodePorts
[INFO] Auditing path $.filer.service.nodePorts.grpc
[INFO] Auditing path $.filer.service.nodePorts.http
[INFO] Auditing path $.filer.service.ports
[INFO] Auditing path $.filer.service.ports.grpc
[INFO] Auditing path $.filer.service.ports.http
[INFO] Auditing path $.filer.service.sessionAffinity
[INFO] Auditing path $.filer.service.sessionAffinityConfig
[INFO] Auditing path $.filer.service.type
[INFO] Auditing path $.filer.sidecars
[INFO] Auditing path $.filer.startupProbe
[INFO] Auditing path $.filer.startupProbe.enabled
[INFO] Auditing path $.filer.startupProbe.failureThreshold
[INFO] Auditing path $.filer.startupProbe.initialDelaySeconds
[INFO] Auditing path $.filer.startupProbe.periodSeconds
[INFO] Auditing path $.filer.startupProbe.successThreshold
[INFO] Auditing path $.filer.startupProbe.timeoutSeconds
[INFO] Auditing path $.filer.statefulsetAnnotations
[INFO] Auditing path $.filer.terminationGracePeriodSeconds
[INFO] Auditing path $.filer.tolerations
[INFO] Auditing path $.filer.topologySpreadConstraints
[INFO] Auditing path $.filer.updateStrategy
[INFO] Auditing path $.filer.updateStrategy.type
[INFO] Auditing path $.filer
[INFO] Auditing path $.fullnameOverride
[INFO] Auditing path $.global.compatibility
[INFO] Auditing path $.global.compatibility.openshift
[INFO] Auditing path $.global.compatibility.openshift.adaptSecurityContext
[INFO] Auditing path $.global.defaultStorageClass
[INFO] Auditing path $.global.imagePullSecrets
[INFO] Auditing path $.global.imageRegistry
[INFO] Auditing path $.global.security
[INFO] Auditing path $.global.security.allowInsecureImages
[INFO] Auditing path $.global
[INFO] Auditing path $.iam.affinity
[INFO] Auditing path $.iam.args
[INFO] Auditing path $.iam.automountServiceAccountToken
[INFO] Auditing path $.iam.command
[INFO] Auditing path $.iam.containerPorts
[INFO] Auditing path $.iam.containerPorts.http
[INFO] Auditing path $.iam.containerSecurityContext
[INFO] Auditing path $.iam.containerSecurityContext.allowPrivilegeEscalation
[INFO] Auditing path $.iam.containerSecurityContext.capabilities
[INFO] Auditing path $.iam.containerSecurityContext.capabilities.drop
[INFO] Auditing path $.iam.containerSecurityContext.enabled
[INFO] Auditing path $.iam.containerSecurityContext.privileged
[INFO] Auditing path $.iam.containerSecurityContext.readOnlyRootFilesystem
[INFO] Auditing path $.iam.containerSecurityContext.runAsGroup
[INFO] Auditing path $.iam.containerSecurityContext.runAsNonRoot
[INFO] Auditing path $.iam.containerSecurityContext.runAsUser
[INFO] Auditing path $.iam.containerSecurityContext.seLinuxOptions
[INFO] Auditing path $.iam.containerSecurityContext.seccompProfile
[INFO] Auditing path $.iam.containerSecurityContext.seccompProfile.type
[INFO] Auditing path $.iam.customLivenessProbe
[INFO] Auditing path $.iam.customReadinessProbe
[INFO] Auditing path $.iam.customStartupProbe
[INFO] Auditing path $.iam.enabled
[INFO] Auditing path $.iam.extraContainerPorts
[INFO] Auditing path $.iam.extraEnvVars
[INFO] Auditing path $.iam.extraEnvVarsCM
[INFO] Auditing path $.iam.extraEnvVarsSecret
[INFO] Auditing path $.iam.extraVolumeMounts
[INFO] Auditing path $.iam.extraVolumes
[INFO] Auditing path $.iam.hostAliases
[INFO] Auditing path $.iam.initContainers
[INFO] Auditing path $.iam.lifecycleHooks
[INFO] Auditing path $.iam.livenessProbe
[INFO] Auditing path $.iam.livenessProbe.enabled
[INFO] Auditing path $.iam.livenessProbe.failureThreshold
[INFO] Auditing path $.iam.livenessProbe.initialDelaySeconds
[INFO] Auditing path $.iam.livenessProbe.periodSeconds
[INFO] Auditing path $.iam.livenessProbe.successThreshold
[INFO] Auditing path $.iam.livenessProbe.timeoutSeconds
[INFO] Auditing path $.iam.logLevel
[INFO] Auditing path $.iam.nodeAffinityPreset
[INFO] Auditing path $.iam.nodeAffinityPreset.key
[INFO] Auditing path $.iam.nodeAffinityPreset.type
[INFO] Auditing path $.iam.nodeAffinityPreset.values
[INFO] Auditing path $.iam.nodeSelector
[INFO] Auditing path $.iam.pdb
[INFO] Auditing path $.iam.pdb.create
[INFO] Auditing path $.iam.pdb.maxUnavailable
[INFO] Auditing path $.iam.pdb.minAvailable
[INFO] Auditing path $.iam.podAffinityPreset
[INFO] Auditing path $.iam.podAnnotations
[INFO] Auditing path $.iam.podAntiAffinityPreset
[INFO] Auditing path $.iam.podLabels
[INFO] Auditing path $.iam.podSecurityContext
[INFO] Auditing path $.iam.podSecurityContext.enabled
[INFO] Auditing path $.iam.podSecurityContext.fsGroup
[INFO] Auditing path $.iam.podSecurityContext.fsGroupChangePolicy
[INFO] Auditing path $.iam.podSecurityContext.supplementalGroups
[INFO] Auditing path $.iam.podSecurityContext.sysctls
[INFO] Auditing path $.iam.priorityClassName
[INFO] Auditing path $.iam.readinessProbe
[INFO] Auditing path $.iam.readinessProbe.enabled
[INFO] Auditing path $.iam.readinessProbe.failureThreshold
[INFO] Auditing path $.iam.readinessProbe.initialDelaySeconds
[INFO] Auditing path $.iam.readinessProbe.periodSeconds
[INFO] Auditing path $.iam.readinessProbe.successThreshold
[INFO] Auditing path $.iam.readinessProbe.timeoutSeconds
[INFO] Auditing path $.iam.replicaCount
[INFO] Auditing path $.iam.resources
[INFO] Auditing path $.iam.resourcesPreset
[INFO] Auditing path $.iam.schedulerName
[INFO] Auditing path $.iam.service
[INFO] Auditing path $.iam.service.annotations
[INFO] Auditing path $.iam.service.clusterIP
[INFO] Auditing path $.iam.service.externalTrafficPolicy
[INFO] Auditing path $.iam.service.extraPorts
[INFO] Auditing path $.iam.service.loadBalancerIP
[INFO] Auditing path $.iam.service.loadBalancerSourceRanges
[INFO] Auditing path $.iam.service.nodePorts
[INFO] Auditing path $.iam.service.nodePorts.http
[INFO] Auditing path $.iam.service.ports
[INFO] Auditing path $.iam.service.ports.http
[INFO] Auditing path $.iam.service.sessionAffinity
[INFO] Auditing path $.iam.service.sessionAffinityConfig
[INFO] Auditing path $.iam.service.type
[INFO] Auditing path $.iam.sidecars
[INFO] Auditing path $.iam.startupProbe
[INFO] Auditing path $.iam.startupProbe.enabled
[INFO] Auditing path $.iam.startupProbe.failureThreshold
[INFO] Auditing path $.iam.startupProbe.initialDelaySeconds
[INFO] Auditing path $.iam.startupProbe.periodSeconds
[INFO] Auditing path $.iam.startupProbe.successThreshold
[INFO] Auditing path $.iam.startupProbe.timeoutSeconds
[INFO] Auditing path $.iam.statefulsetAnnotations
[INFO] Auditing path $.iam.terminationGracePeriodSeconds
[INFO] Auditing path $.iam.tolerations
[INFO] Auditing path $.iam.topologySpreadConstraints
[INFO] Auditing path $.iam.updateStrategy
[INFO] Auditing path $.iam.updateStrategy.type
[INFO] Auditing path $.iam
[INFO] Auditing path $.image.debug
[INFO] Auditing path $.image.digest
[INFO] Auditing path $.image.pullPolicy
[INFO] Auditing path $.image.pullSecrets
[INFO] Auditing path $.image.registry
[INFO] Auditing path $.image.repository
[INFO] Auditing path $.image.tag
[INFO] Auditing path $.image
[INFO] Auditing path $.kubeVersion
[INFO] Auditing path $.mariadb.architecture
[INFO] Auditing path $.mariadb.auth
[INFO] Auditing path $.mariadb.auth.database
[INFO] Auditing path $.mariadb.auth.password
[INFO] Auditing path $.mariadb.auth.rootPassword
[INFO] Auditing path $.mariadb.auth.username
[INFO] Auditing path $.mariadb.enabled
[INFO] Auditing path $.mariadb.image
[INFO] Auditing path $.mariadb.image.digest
[INFO] Auditing path $.mariadb.image.pullPolicy
[INFO] Auditing path $.mariadb.image.pullSecrets
[INFO] Auditing path $.mariadb.image.registry
[INFO] Auditing path $.mariadb.image.repository
[INFO] Auditing path $.mariadb.image.tag
[INFO] Auditing path $.mariadb.initdbScripts
[INFO] Auditing path $.mariadb.initdbScripts["create_table.sql"]
[INFO] Auditing path $.mariadb.primary
[INFO] Auditing path $.mariadb.primary.persistence
[INFO] Auditing path $.mariadb.primary.persistence.accessModes
[INFO] Auditing path $.mariadb.primary.persistence.enabled
[INFO] Auditing path $.mariadb.primary.persistence.size
[INFO] Auditing path $.mariadb.primary.persistence.storageClass
[INFO] Auditing path $.mariadb.primary.resources
[INFO] Auditing path $.mariadb.primary.resourcesPreset
[INFO] Auditing path $.mariadb
[INFO] Auditing path $.master.affinity
[INFO] Auditing path $.master.args
[INFO] Auditing path $.master.automountServiceAccountToken
[INFO] Auditing path $.master.autoscaling
[INFO] Auditing path $.master.autoscaling.enabled
[INFO] Auditing path $.master.autoscaling.maxReplicas
[INFO] Auditing path $.master.autoscaling.minReplicas
[INFO] Auditing path $.master.autoscaling.targetCPU
[INFO] Auditing path $.master.autoscaling.targetMemory
[INFO] Auditing path $.master.bindAddress
[INFO] Auditing path $.master.command
[INFO] Auditing path $.master.config
[INFO] Auditing path $.master.containerPorts
[INFO] Auditing path $.master.containerPorts.grpc
[INFO] Auditing path $.master.containerPorts.http
[INFO] Auditing path $.master.containerPorts.metrics
[INFO] Auditing path $.master.containerSecurityContext
[INFO] Auditing path $.master.containerSecurityContext.allowPrivilegeEscalation
[INFO] Auditing path $.master.containerSecurityContext.capabilities
[INFO] Auditing path $.master.containerSecurityContext.capabilities.drop
[INFO] Auditing path $.master.containerSecurityContext.enabled
[INFO] Auditing path $.master.containerSecurityContext.privileged
[INFO] Auditing path $.master.containerSecurityContext.readOnlyRootFilesystem
[INFO] Auditing path $.master.containerSecurityContext.runAsGroup
[INFO] Auditing path $.master.containerSecurityContext.runAsNonRoot
[INFO] Auditing path $.master.containerSecurityContext.runAsUser
[INFO] Auditing path $.master.containerSecurityContext.seLinuxOptions
[INFO] Auditing path $.master.containerSecurityContext.seccompProfile
[INFO] Auditing path $.master.containerSecurityContext.seccompProfile.type
[INFO] Auditing path $.master.customLivenessProbe
[INFO] Auditing path $.master.customReadinessProbe
[INFO] Auditing path $.master.customStartupProbe
[INFO] Auditing path $.master.existingConfigmap
[INFO] Auditing path $.master.extraContainerPorts
[INFO] Auditing path $.master.extraContainerPorts[*].containerPort
[INFO] Auditing path $.master.extraEnvVars
[INFO] Auditing path $.master.extraEnvVarsCM
[INFO] Auditing path $.master.extraEnvVarsSecret
[INFO] Auditing path $.master.extraVolumeMounts
[INFO] Auditing path $.master.extraVolumes
[INFO] Auditing path $.master.hostAliases
[INFO] Auditing path $.master.ingress
[INFO] Auditing path $.master.ingress.annotations
[INFO] Auditing path $.master.ingress.apiVersion
[INFO] Auditing path $.master.ingress.enabled
[INFO] Auditing path $.master.ingress.extraHosts
[INFO] Auditing path $.master.ingress.extraHosts[*].name
[INFO] Auditing path $.master.ingress.extraHosts[*].path
[INFO] Auditing path $.master.ingress.extraHosts[*].pathType
[INFO] Auditing path $.master.ingress.extraPaths
[INFO] Auditing path $.master.ingress.extraRules
[INFO] Auditing path $.master.ingress.extraTls
[INFO] Auditing path $.master.ingress.hostname
[INFO] Auditing path $.master.ingress.ingressClassName
[INFO] Auditing path $.master.ingress.path
[INFO] Auditing path $.master.ingress.pathType
[INFO] Auditing path $.master.ingress.secrets
[INFO] Auditing path $.master.ingress.secrets[*].certificate
[INFO] Auditing path $.master.ingress.secrets[*].key
[INFO] Auditing path $.master.ingress.secrets[*].name
[INFO] Auditing path $.master.ingress.selfSigned
[INFO] Auditing path $.master.ingress.tls
[INFO] Auditing path $.master.initContainers
[INFO] Auditing path $.master.lifecycleHooks
[INFO] Auditing path $.master.livenessProbe
[INFO] Auditing path $.master.livenessProbe.enabled
[INFO] Auditing path $.master.livenessProbe.failureThreshold
[INFO] Auditing path $.master.livenessProbe.initialDelaySeconds
[INFO] Auditing path $.master.livenessProbe.periodSeconds
[INFO] Auditing path $.master.livenessProbe.successThreshold
[INFO] Auditing path $.master.livenessProbe.timeoutSeconds
[INFO] Auditing path $.master.logLevel
[INFO] Auditing path $.master.logPersistence
[INFO] Auditing path $.master.logPersistence.accessModes
[INFO] Auditing path $.master.logPersistence.accessModes[*]
[INFO] Auditing path $.master.logPersistence.annotations
[INFO] Auditing path $.master.logPersistence.dataSource
[INFO] Auditing path $.master.logPersistence.enabled
[INFO] Auditing path $.master.logPersistence.existingClaim
[INFO] Auditing path $.master.logPersistence.mountPath
[INFO] Auditing path $.master.logPersistence.selector
[INFO] Auditing path $.master.logPersistence.size
[INFO] Auditing path $.master.logPersistence.storageClass
[INFO] Auditing path $.master.logPersistence.subPath
[INFO] Auditing path $.master.metrics
[INFO] Auditing path $.master.metrics.enabled
[INFO] Auditing path $.master.metrics.service
[INFO] Auditing path $.master.metrics.service.annotations
[INFO] Auditing path $.master.metrics.service.port
[INFO] Auditing path $.master.metrics.serviceMonitor
[INFO] Auditing path $.master.metrics.serviceMonitor.annotations
[INFO] Auditing path $.master.metrics.serviceMonitor.enabled
[INFO] Auditing path $.master.metrics.serviceMonitor.honorLabels
[INFO] Auditing path $.master.metrics.serviceMonitor.interval
[INFO] Auditing path $.master.metrics.serviceMonitor.jobLabel
[INFO] Auditing path $.master.metrics.serviceMonitor.labels
[INFO] Auditing path $.master.metrics.serviceMonitor.metricRelabelings
[INFO] Auditing path $.master.metrics.serviceMonitor.namespace
[INFO] Auditing path $.master.metrics.serviceMonitor.relabelings
[INFO] Auditing path $.master.metrics.serviceMonitor.scrapeTimeout
[INFO] Auditing path $.master.metrics.serviceMonitor.selector
[INFO] Auditing path $.master.networkPolicy
[INFO] Auditing path $.master.networkPolicy.allowExternal
[INFO] Auditing path $.master.networkPolicy.allowExternalEgress
[INFO] Auditing path $.master.networkPolicy.enabled
[INFO] Auditing path $.master.networkPolicy.extraEgress
[INFO] Auditing path $.master.networkPolicy.extraIngress
[INFO] Auditing path $.master.networkPolicy.ingressNSMatchLabels
[INFO] Auditing path $.master.networkPolicy.ingressNSMatchLabels[*]
[INFO] Auditing path $.master.networkPolicy.ingressNSPodMatchLabels
[INFO] Auditing path $.master.networkPolicy.ingressNSPodMatchLabels[*]
[INFO] Auditing path $.master.nodeAffinityPreset
[INFO] Auditing path $.master.nodeAffinityPreset.key
[INFO] Auditing path $.master.nodeAffinityPreset.type
[INFO] Auditing path $.master.nodeAffinityPreset.values
[INFO] Auditing path $.master.nodeSelector
[INFO] Auditing path $.master.pdb
[INFO] Auditing path $.master.pdb.create
[INFO] Auditing path $.master.pdb.maxUnavailable
[INFO] Auditing path $.master.pdb.minAvailable
[INFO] Auditing path $.master.persistence
[INFO] Auditing path $.master.persistence.accessModes
[INFO] Auditing path $.master.persistence.accessModes[*]
[INFO] Auditing path $.master.persistence.annotations
[INFO] Auditing path $.master.persistence.dataSource
[INFO] Auditing path $.master.persistence.enabled
[INFO] Auditing path $.master.persistence.existingClaim
[INFO] Auditing path $.master.persistence.mountPath
[INFO] Auditing path $.master.persistence.selector
[INFO] Auditing path $.master.persistence.size
[INFO] Auditing path $.master.persistence.storageClass
[INFO] Auditing path $.master.persistence.subPath
[INFO] Auditing path $.master.persistentVolumeClaimRetentionPolicy
[INFO] Auditing path $.master.persistentVolumeClaimRetentionPolicy.enabled
[INFO] Auditing path $.master.persistentVolumeClaimRetentionPolicy.whenDeleted
[INFO] Auditing path $.master.persistentVolumeClaimRetentionPolicy.whenScaled
[INFO] Auditing path $.master.podAffinityPreset
[INFO] Auditing path $.master.podAnnotations
[INFO] Auditing path $.master.podAntiAffinityPreset
[INFO] Auditing path $.master.podLabels
[INFO] Auditing path $.master.podManagementPolicy
[INFO] Auditing path $.master.podSecurityContext
[INFO] Auditing path $.master.podSecurityContext.enabled
[INFO] Auditing path $.master.podSecurityContext.fsGroup
[INFO] Auditing path $.master.podSecurityContext.fsGroupChangePolicy
[INFO] Auditing path $.master.podSecurityContext.supplementalGroups
[INFO] Auditing path $.master.podSecurityContext.sysctls
[INFO] Auditing path $.master.priorityClassName
[INFO] Auditing path $.master.readinessProbe
[INFO] Auditing path $.master.readinessProbe.enabled
[INFO] Auditing path $.master.readinessProbe.failureThreshold
[INFO] Auditing path $.master.readinessProbe.initialDelaySeconds
[INFO] Auditing path $.master.readinessProbe.periodSeconds
[INFO] Auditing path $.master.readinessProbe.successThreshold
[INFO] Auditing path $.master.readinessProbe.timeoutSeconds
[INFO] Auditing path $.master.replicaCount
[INFO] Auditing path $.master.resources
[INFO] Auditing path $.master.resourcesPreset
[INFO] Auditing path $.master.schedulerName
[INFO] Auditing path $.master.service
[INFO] Auditing path $.master.service.annotations
[INFO] Auditing path $.master.service.clusterIP
[INFO] Auditing path $.master.service.externalTrafficPolicy
[INFO] Auditing path $.master.service.extraPorts
[INFO] Auditing path $.master.service.headless
[INFO] Auditing path $.master.service.headless.annotations
[INFO] Auditing path $.master.service.loadBalancerIP
[INFO] Auditing path $.master.service.loadBalancerSourceRanges
[INFO] Auditing path $.master.service.nodePorts
[INFO] Auditing path $.master.service.nodePorts.grpc
[INFO] Auditing path $.master.service.nodePorts.http
[INFO] Auditing path $.master.service.ports
[INFO] Auditing path $.master.service.ports.grpc
[INFO] Auditing path $.master.service.ports.http
[INFO] Auditing path $.master.service.sessionAffinity
[INFO] Auditing path $.master.service.sessionAffinityConfig
[INFO] Auditing path $.master.service.type
[INFO] Auditing path $.master.sidecars
[INFO] Auditing path $.master.startupProbe
[INFO] Auditing path $.master.startupProbe.enabled
[INFO] Auditing path $.master.startupProbe.failureThreshold
[INFO] Auditing path $.master.startupProbe.initialDelaySeconds
[INFO] Auditing path $.master.startupProbe.periodSeconds
[INFO] Auditing path $.master.startupProbe.successThreshold
[INFO] Auditing path $.master.startupProbe.timeoutSeconds
[INFO] Auditing path $.master.statefulsetAnnotations
[INFO] Auditing path $.master.terminationGracePeriodSeconds
[INFO] Auditing path $.master.tolerations
[INFO] Auditing path $.master.topologySpreadConstraints
[INFO] Auditing path $.master.updateStrategy
[INFO] Auditing path $.master.updateStrategy.type
[INFO] Auditing path $.master.volumeSizeLimitMB
[INFO] Auditing path $.master
[INFO] Auditing path $.nameOverride
[INFO] Auditing path $.namespaceOverride
[INFO] Auditing path $.postgresql.architecture
[INFO] Auditing path $.postgresql.auth
[INFO] Auditing path $.postgresql.auth.database
[INFO] Auditing path $.postgresql.auth.existingSecret
[INFO] Auditing path $.postgresql.auth.password
[INFO] Auditing path $.postgresql.auth.postgresPassword
[INFO] Auditing path $.postgresql.auth.secretKeys
[INFO] Auditing path $.postgresql.auth.secretKeys.userPasswordKey
[INFO] Auditing path $.postgresql.auth.username
[INFO] Auditing path $.postgresql.enabled
[INFO] Auditing path $.postgresql.image
[INFO] Auditing path $.postgresql.image.digest
[INFO] Auditing path $.postgresql.image.pullPolicy
[INFO] Auditing path $.postgresql.image.pullSecrets
[INFO] Auditing path $.postgresql.image.registry
[INFO] Auditing path $.postgresql.image.repository
[INFO] Auditing path $.postgresql.image.tag
[INFO] Auditing path $.postgresql.primary
[INFO] Auditing path $.postgresql.primary.initdb
[INFO] Auditing path $.postgresql.primary.initdb.scripts
[INFO] Auditing path $.postgresql.primary.initdb.scripts["create_table.sql"]
[INFO] Auditing path $.postgresql.primary.persistence
[INFO] Auditing path $.postgresql.primary.persistence.accessModes
[INFO] Auditing path $.postgresql.primary.persistence.enabled
[INFO] Auditing path $.postgresql.primary.persistence.size
[INFO] Auditing path $.postgresql.primary.persistence.storageClass
[INFO] Auditing path $.postgresql.primary.resources
[INFO] Auditing path $.postgresql.primary.resourcesPreset
[INFO] Auditing path $.postgresql
[INFO] Auditing path $.s3.affinity
[INFO] Auditing path $.s3.allowEmptyFolder
[INFO] Auditing path $.s3.args
[INFO] Auditing path $.s3.auth
[INFO] Auditing path $.s3.auth.adminAccessKeyId
[INFO] Auditing path $.s3.auth.adminSecretAccessKey
[INFO] Auditing path $.s3.auth.enabled
[INFO] Auditing path $.s3.auth.existingSecret
[INFO] Auditing path $.s3.auth.existingSecretConfigKey
[INFO] Auditing path $.s3.auth.readAccessKeyId
[INFO] Auditing path $.s3.auth.readSecretAccessKey
[INFO] Auditing path $.s3.automountServiceAccountToken
[INFO] Auditing path $.s3.autoscaling
[INFO] Auditing path $.s3.autoscaling.enabled
[INFO] Auditing path $.s3.autoscaling.maxReplicas
[INFO] Auditing path $.s3.autoscaling.minReplicas
[INFO] Auditing path $.s3.autoscaling.targetCPU
[INFO] Auditing path $.s3.autoscaling.targetMemory
[INFO] Auditing path $.s3.bindAddress
[INFO] Auditing path $.s3.command
[INFO] Auditing path $.s3.containerPorts
[INFO] Auditing path $.s3.containerPorts.grpc
[INFO] Auditing path $.s3.containerPorts.http
[INFO] Auditing path $.s3.containerPorts.metrics
[INFO] Auditing path $.s3.containerSecurityContext
[INFO] Auditing path $.s3.containerSecurityContext.allowPrivilegeEscalation
[INFO] Auditing path $.s3.containerSecurityContext.capabilities
[INFO] Auditing path $.s3.containerSecurityContext.capabilities.drop
[INFO] Auditing path $.s3.containerSecurityContext.enabled
[INFO] Auditing path $.s3.containerSecurityContext.privileged
[INFO] Auditing path $.s3.containerSecurityContext.readOnlyRootFilesystem
[INFO] Auditing path $.s3.containerSecurityContext.runAsGroup
[INFO] Auditing path $.s3.containerSecurityContext.runAsNonRoot
[INFO] Auditing path $.s3.containerSecurityContext.runAsUser
[INFO] Auditing path $.s3.containerSecurityContext.seLinuxOptions
[INFO] Auditing path $.s3.containerSecurityContext.seccompProfile
[INFO] Auditing path $.s3.containerSecurityContext.seccompProfile.type
[INFO] Auditing path $.s3.customLivenessProbe
[INFO] Auditing path $.s3.customReadinessProbe
[INFO] Auditing path $.s3.customStartupProbe
[INFO] Auditing path $.s3.enabled
[INFO] Auditing path $.s3.extraContainerPorts
[INFO] Auditing path $.s3.extraContainerPorts[*].containerPort
[INFO] Auditing path $.s3.extraEnvVars
[INFO] Auditing path $.s3.extraEnvVarsCM
[INFO] Auditing path $.s3.extraEnvVarsSecret
[INFO] Auditing path $.s3.extraVolumeMounts
[INFO] Auditing path $.s3.extraVolumes
[INFO] Auditing path $.s3.hostAliases
[INFO] Auditing path $.s3.ingress
[INFO] Auditing path $.s3.ingress.annotations
[INFO] Auditing path $.s3.ingress.apiVersion
[INFO] Auditing path $.s3.ingress.enabled
[INFO] Auditing path $.s3.ingress.extraHosts
[INFO] Auditing path $.s3.ingress.extraHosts[*].name
[INFO] Auditing path $.s3.ingress.extraHosts[*].path
[INFO] Auditing path $.s3.ingress.extraHosts[*].pathType
[INFO] Auditing path $.s3.ingress.extraPaths
[INFO] Auditing path $.s3.ingress.extraRules
[INFO] Auditing path $.s3.ingress.extraTls
[INFO] Auditing path $.s3.ingress.hostname
[INFO] Auditing path $.s3.ingress.ingressClassName
[INFO] Auditing path $.s3.ingress.path
[INFO] Auditing path $.s3.ingress.pathType
[INFO] Auditing path $.s3.ingress.secrets
[INFO] Auditing path $.s3.ingress.secrets[*].certificate
[INFO] Auditing path $.s3.ingress.secrets[*].key
[INFO] Auditing path $.s3.ingress.secrets[*].name
[INFO] Auditing path $.s3.ingress.selfSigned
[INFO] Auditing path $.s3.ingress.tls
[INFO] Auditing path $.s3.initContainers
[INFO] Auditing path $.s3.lifecycleHooks
[INFO] Auditing path $.s3.livenessProbe
[INFO] Auditing path $.s3.livenessProbe.enabled
[INFO] Auditing path $.s3.livenessProbe.failureThreshold
[INFO] Auditing path $.s3.livenessProbe.initialDelaySeconds
[INFO] Auditing path $.s3.livenessProbe.periodSeconds
[INFO] Auditing path $.s3.livenessProbe.successThreshold
[INFO] Auditing path $.s3.livenessProbe.timeoutSeconds
[INFO] Auditing path $.s3.logLevel
[INFO] Auditing path $.s3.metrics
[INFO] Auditing path $.s3.metrics.enabled
[INFO] Auditing path $.s3.metrics.service
[INFO] Auditing path $.s3.metrics.service.annotations
[INFO] Auditing path $.s3.metrics.service.port
[INFO] Auditing path $.s3.metrics.serviceMonitor
[INFO] Auditing path $.s3.metrics.serviceMonitor.annotations
[INFO] Auditing path $.s3.metrics.serviceMonitor.enabled
[INFO] Auditing path $.s3.metrics.serviceMonitor.honorLabels
[INFO] Auditing path $.s3.metrics.serviceMonitor.interval
[INFO] Auditing path $.s3.metrics.serviceMonitor.jobLabel
[INFO] Auditing path $.s3.metrics.serviceMonitor.labels
[INFO] Auditing path $.s3.metrics.serviceMonitor.metricRelabelings
[INFO] Auditing path $.s3.metrics.serviceMonitor.namespace
[INFO] Auditing path $.s3.metrics.serviceMonitor.relabelings
[INFO] Auditing path $.s3.metrics.serviceMonitor.scrapeTimeout
[INFO] Auditing path $.s3.metrics.serviceMonitor.selector
[INFO] Auditing path $.s3.networkPolicy
[INFO] Auditing path $.s3.networkPolicy.allowExternal
[INFO] Auditing path $.s3.networkPolicy.allowExternalEgress
[INFO] Auditing path $.s3.networkPolicy.enabled
[INFO] Auditing path $.s3.networkPolicy.extraEgress
[INFO] Auditing path $.s3.networkPolicy.extraIngress
[INFO] Auditing path $.s3.networkPolicy.ingressNSMatchLabels
[INFO] Auditing path $.s3.networkPolicy.ingressNSMatchLabels[*]
[INFO] Auditing path $.s3.networkPolicy.ingressNSPodMatchLabels
[INFO] Auditing path $.s3.networkPolicy.ingressNSPodMatchLabels[*]
[INFO] Auditing path $.s3.nodeAffinityPreset
[INFO] Auditing path $.s3.nodeAffinityPreset.key
[INFO] Auditing path $.s3.nodeAffinityPreset.type
[INFO] Auditing path $.s3.nodeAffinityPreset.values
[INFO] Auditing path $.s3.nodeSelector
[INFO] Auditing path $.s3.pdb
[INFO] Auditing path $.s3.pdb.create
[INFO] Auditing path $.s3.pdb.maxUnavailable
[INFO] Auditing path $.s3.pdb.minAvailable
[INFO] Auditing path $.s3.podAffinityPreset
[INFO] Auditing path $.s3.podAnnotations
[INFO] Auditing path $.s3.podAntiAffinityPreset
[INFO] Auditing path $.s3.podLabels
[INFO] Auditing path $.s3.podSecurityContext
[INFO] Auditing path $.s3.podSecurityContext.enabled
[INFO] Auditing path $.s3.podSecurityContext.fsGroup
[INFO] Auditing path $.s3.podSecurityContext.fsGroupChangePolicy
[INFO] Auditing path $.s3.podSecurityContext.supplementalGroups
[INFO] Auditing path $.s3.podSecurityContext.sysctls
[INFO] Auditing path $.s3.priorityClassName
[INFO] Auditing path $.s3.readinessProbe
[INFO] Auditing path $.s3.readinessProbe.enabled
[INFO] Auditing path $.s3.readinessProbe.failureThreshold
[INFO] Auditing path $.s3.readinessProbe.initialDelaySeconds
[INFO] Auditing path $.s3.readinessProbe.periodSeconds
[INFO] Auditing path $.s3.readinessProbe.successThreshold
[INFO] Auditing path $.s3.readinessProbe.timeoutSeconds
[INFO] Auditing path $.s3.replicaCount
[INFO] Auditing path $.s3.resources
[INFO] Auditing path $.s3.resourcesPreset
[INFO] Auditing path $.s3.schedulerName
[INFO] Auditing path $.s3.service
[INFO] Auditing path $.s3.service.annotations
[INFO] Auditing path $.s3.service.clusterIP
[INFO] Auditing path $.s3.service.externalTrafficPolicy
[INFO] Auditing path $.s3.service.extraPorts
[INFO] Auditing path $.s3.service.headless
[INFO] Auditing path $.s3.service.headless.annotations
[INFO] Auditing path $.s3.service.loadBalancerIP
[INFO] Auditing path $.s3.service.loadBalancerSourceRanges
[INFO] Auditing path $.s3.service.nodePorts
[INFO] Auditing path $.s3.service.nodePorts.grpc
[INFO] Auditing path $.s3.service.nodePorts.http
[INFO] Auditing path $.s3.service.ports
[INFO] Auditing path $.s3.service.ports.grpc
[INFO] Auditing path $.s3.service.ports.http
[INFO] Auditing path $.s3.service.sessionAffinity
[INFO] Auditing path $.s3.service.sessionAffinityConfig
[INFO] Auditing path $.s3.service.type
[INFO] Auditing path $.s3.sidecars
[INFO] Auditing path $.s3.startupProbe
[INFO] Auditing path $.s3.startupProbe.enabled
[INFO] Auditing path $.s3.startupProbe.failureThreshold
[INFO] Auditing path $.s3.startupProbe.initialDelaySeconds
[INFO] Auditing path $.s3.startupProbe.periodSeconds
[INFO] Auditing path $.s3.startupProbe.successThreshold
[INFO] Auditing path $.s3.startupProbe.timeoutSeconds
[INFO] Auditing path $.s3.statefulsetAnnotations
[INFO] Auditing path $.s3.terminationGracePeriodSeconds
[INFO] Auditing path $.s3.tolerations
[INFO] Auditing path $.s3.topologySpreadConstraints
[INFO] Auditing path $.s3.updateStrategy
[INFO] Auditing path $.s3.updateStrategy.type
[INFO] Auditing path $.s3
[INFO] Auditing path $.security.corsAllowedOrigins
[INFO] Auditing path $.security.enabled
[INFO] Auditing path $.security.jwtSigning
[INFO] Auditing path $.security.jwtSigning.filerRead
[INFO] Auditing path $.security.jwtSigning.filerWrite
[INFO] Auditing path $.security.jwtSigning.volumeRead
[INFO] Auditing path $.security.jwtSigning.volumeWrite
[INFO] Auditing path $.security.mTLS
[INFO] Auditing path $.security.mTLS.autoGenerated
[INFO] Auditing path $.security.mTLS.autoGenerated.certManager
[INFO] Auditing path $.security.mTLS.autoGenerated.certManager.duration
[INFO] Auditing path $.security.mTLS.autoGenerated.certManager.existingIssuer
[INFO] Auditing path $.security.mTLS.autoGenerated.certManager.existingIssuerKind
[INFO] Auditing path $.security.mTLS.autoGenerated.certManager.keyAlgorithm
[INFO] Auditing path $.security.mTLS.autoGenerated.certManager.keySize
[INFO] Auditing path $.security.mTLS.autoGenerated.certManager.renewBefore
[INFO] Auditing path $.security.mTLS.autoGenerated.enabled
[INFO] Auditing path $.security.mTLS.autoGenerated.engine
[INFO] Auditing path $.security.mTLS.ca
[INFO] Auditing path $.security.mTLS.client
[INFO] Auditing path $.security.mTLS.client.cert
[INFO] Auditing path $.security.mTLS.client.existingSecret
[INFO] Auditing path $.security.mTLS.client.key
[INFO] Auditing path $.security.mTLS.enabled
[INFO] Auditing path $.security.mTLS.existingCASecret
[INFO] Auditing path $.security.mTLS.filer
[INFO] Auditing path $.security.mTLS.filer.cert
[INFO] Auditing path $.security.mTLS.filer.existingSecret
[INFO] Auditing path $.security.mTLS.filer.key
[INFO] Auditing path $.security.mTLS.master
[INFO] Auditing path $.security.mTLS.master.cert
[INFO] Auditing path $.security.mTLS.master.existingSecret
[INFO] Auditing path $.security.mTLS.master.key
[INFO] Auditing path $.security.mTLS.volume
[INFO] Auditing path $.security.mTLS.volume.cert
[INFO] Auditing path $.security.mTLS.volume.existingSecret
[INFO] Auditing path $.security.mTLS.volume.key
[INFO] Auditing path $.security
[INFO] Auditing path $.serviceAccount.annotations
[INFO] Auditing path $.serviceAccount.automountServiceAccountToken
[INFO] Auditing path $.serviceAccount.create
[INFO] Auditing path $.serviceAccount.name
[INFO] Auditing path $.serviceAccount
[INFO] Auditing path $.usePasswordFiles
[INFO] Auditing path $.volume.affinity
[INFO] Auditing path $.volume.args
[INFO] Auditing path $.volume.automountServiceAccountToken
[INFO] Auditing path $.volume.autoscaling
[INFO] Auditing path $.volume.autoscaling.enabled
[INFO] Auditing path $.volume.autoscaling.maxReplicas
[INFO] Auditing path $.volume.autoscaling.minReplicas
[INFO] Auditing path $.volume.autoscaling.targetCPU
[INFO] Auditing path $.volume.autoscaling.targetMemory
[INFO] Auditing path $.volume.bindAddress
[INFO] Auditing path $.volume.command
[INFO] Auditing path $.volume.config
[INFO] Auditing path $.volume.containerPorts
[INFO] Auditing path $.volume.containerPorts.grpc
[INFO] Auditing path $.volume.containerPorts.http
[INFO] Auditing path $.volume.containerPorts.metrics
[INFO] Auditing path $.volume.containerSecurityContext
[INFO] Auditing path $.volume.containerSecurityContext.allowPrivilegeEscalation
[INFO] Auditing path $.volume.containerSecurityContext.capabilities
[INFO] Auditing path $.volume.containerSecurityContext.capabilities.drop
[INFO] Auditing path $.volume.containerSecurityContext.enabled
[INFO] Auditing path $.volume.containerSecurityContext.privileged
[INFO] Auditing path $.volume.containerSecurityContext.readOnlyRootFilesystem
[INFO] Auditing path $.volume.containerSecurityContext.runAsGroup
[INFO] Auditing path $.volume.containerSecurityContext.runAsNonRoot
[INFO] Auditing path $.volume.containerSecurityContext.runAsUser
[INFO] Auditing path $.volume.containerSecurityContext.seLinuxOptions
[INFO] Auditing path $.volume.containerSecurityContext.seccompProfile
[INFO] Auditing path $.volume.containerSecurityContext.seccompProfile.type
[INFO] Auditing path $.volume.customLivenessProbe
[INFO] Auditing path $.volume.customReadinessProbe
[INFO] Auditing path $.volume.customStartupProbe
[INFO] Auditing path $.volume.dataVolumes
[INFO] Auditing path $.volume.dataVolumes[*].maxVolumes
[INFO] Auditing path $.volume.dataVolumes[*].mountPath
[INFO] Auditing path $.volume.dataVolumes[*].name
[INFO] Auditing path $.volume.dataVolumes[*].persistence
[INFO] Auditing path $.volume.dataVolumes[*].persistence.accessModes
[INFO] Auditing path $.volume.dataVolumes[*].persistence.accessModes[*]
[INFO] Auditing path $.volume.dataVolumes[*].persistence.annotations
[INFO] Auditing path $.volume.dataVolumes[*].persistence.dataSource
[INFO] Auditing path $.volume.dataVolumes[*].persistence.enabled
[INFO] Auditing path $.volume.dataVolumes[*].persistence.existingClaim
[INFO] Auditing path $.volume.dataVolumes[*].persistence.selector
[INFO] Auditing path $.volume.dataVolumes[*].persistence.size
[INFO] Auditing path $.volume.dataVolumes[*].persistence.storageClass
[INFO] Auditing path $.volume.dataVolumes[*].subPath
[INFO] Auditing path $.volume.existingConfigmap
[INFO] Auditing path $.volume.extraContainerPorts
[INFO] Auditing path $.volume.extraContainerPorts[*].containerPort
[INFO] Auditing path $.volume.extraEnvVars
[INFO] Auditing path $.volume.extraEnvVarsCM
[INFO] Auditing path $.volume.extraEnvVarsSecret
[INFO] Auditing path $.volume.extraVolumeMounts
[INFO] Auditing path $.volume.extraVolumes
[INFO] Auditing path $.volume.hostAliases
[INFO] Auditing path $.volume.ingress
[INFO] Auditing path $.volume.ingress.annotations
[INFO] Auditing path $.volume.ingress.apiVersion
[INFO] Auditing path $.volume.ingress.enabled
[INFO] Auditing path $.volume.ingress.extraHosts
[INFO] Auditing path $.volume.ingress.extraHosts[*].name
[INFO] Auditing path $.volume.ingress.extraHosts[*].path
[INFO] Auditing path $.volume.ingress.extraHosts[*].pathType
[INFO] Auditing path $.volume.ingress.extraPaths
[INFO] Auditing path $.volume.ingress.extraRules
[INFO] Auditing path $.volume.ingress.extraTls
[INFO] Auditing path $.volume.ingress.hostname
[INFO] Auditing path $.volume.ingress.ingressClassName
[INFO] Auditing path $.volume.ingress.path
[INFO] Auditing path $.volume.ingress.pathType
[INFO] Auditing path $.volume.ingress.secrets
[INFO] Auditing path $.volume.ingress.secrets[*].certificate
[INFO] Auditing path $.volume.ingress.secrets[*].key
[INFO] Auditing path $.volume.ingress.secrets[*].name
[INFO] Auditing path $.volume.ingress.selfSigned
[INFO] Auditing path $.volume.ingress.tls
[INFO] Auditing path $.volume.initContainers
[INFO] Auditing path $.volume.lifecycleHooks
[INFO] Auditing path $.volume.livenessProbe
[INFO] Auditing path $.volume.livenessProbe.enabled
[INFO] Auditing path $.volume.livenessProbe.failureThreshold
[INFO] Auditing path $.volume.livenessProbe.initialDelaySeconds
[INFO] Auditing path $.volume.livenessProbe.periodSeconds
[INFO] Auditing path $.volume.livenessProbe.successThreshold
[INFO] Auditing path $.volume.livenessProbe.timeoutSeconds
[INFO] Auditing path $.volume.logLevel
[INFO] Auditing path $.volume.logPersistence
[INFO] Auditing path $.volume.logPersistence.accessModes
[INFO] Auditing path $.volume.logPersistence.accessModes[*]
[INFO] Auditing path $.volume.logPersistence.annotations
[INFO] Auditing path $.volume.logPersistence.dataSource
[INFO] Auditing path $.volume.logPersistence.enabled
[INFO] Auditing path $.volume.logPersistence.existingClaim
[INFO] Auditing path $.volume.logPersistence.mountPath
[INFO] Auditing path $.volume.logPersistence.selector
[INFO] Auditing path $.volume.logPersistence.size
[INFO] Auditing path $.volume.logPersistence.storageClass
[INFO] Auditing path $.volume.logPersistence.subPath
[INFO] Auditing path $.volume.metrics
[INFO] Auditing path $.volume.metrics.enabled
[INFO] Auditing path $.volume.metrics.service
[INFO] Auditing path $.volume.metrics.service.annotations
[INFO] Auditing path $.volume.metrics.service.port
[INFO] Auditing path $.volume.metrics.serviceMonitor
[INFO] Auditing path $.volume.metrics.serviceMonitor.annotations
[INFO] Auditing path $.volume.metrics.serviceMonitor.enabled
[INFO] Auditing path $.volume.metrics.serviceMonitor.honorLabels
[INFO] Auditing path $.volume.metrics.serviceMonitor.interval
[INFO] Auditing path $.volume.metrics.serviceMonitor.jobLabel
[INFO] Auditing path $.volume.metrics.serviceMonitor.labels
[INFO] Auditing path $.volume.metrics.serviceMonitor.metricRelabelings
[INFO] Auditing path $.volume.metrics.serviceMonitor.namespace
[INFO] Auditing path $.volume.metrics.serviceMonitor.relabelings
[INFO] Auditing path $.volume.metrics.serviceMonitor.scrapeTimeout
[INFO] Auditing path $.volume.metrics.serviceMonitor.selector
[INFO] Auditing path $.volume.networkPolicy
[INFO] Auditing path $.volume.networkPolicy.allowExternal
[INFO] Auditing path $.volume.networkPolicy.allowExternalEgress
[INFO] Auditing path $.volume.networkPolicy.enabled
[INFO] Auditing path $.volume.networkPolicy.extraEgress
[INFO] Auditing path $.volume.networkPolicy.extraIngress
[INFO] Auditing path $.volume.networkPolicy.ingressNSMatchLabels
[INFO] Auditing path $.volume.networkPolicy.ingressNSMatchLabels[*]
[INFO] Auditing path $.volume.networkPolicy.ingressNSPodMatchLabels
[INFO] Auditing path $.volume.networkPolicy.ingressNSPodMatchLabels[*]
[INFO] Auditing path $.volume.nodeAffinityPreset
[INFO] Auditing path $.volume.nodeAffinityPreset.key
[INFO] Auditing path $.volume.nodeAffinityPreset.type
[INFO] Auditing path $.volume.nodeAffinityPreset.values
[INFO] Auditing path $.volume.nodeSelector
[INFO] Auditing path $.volume.pdb
[INFO] Auditing path $.volume.pdb.create
[INFO] Auditing path $.volume.pdb.maxUnavailable
[INFO] Auditing path $.volume.pdb.minAvailable
[INFO] Auditing path $.volume.persistentVolumeClaimRetentionPolicy
[INFO] Auditing path $.volume.persistentVolumeClaimRetentionPolicy.enabled
[INFO] Auditing path $.volume.persistentVolumeClaimRetentionPolicy.whenDeleted
[INFO] Auditing path $.volume.persistentVolumeClaimRetentionPolicy.whenScaled
[INFO] Auditing path $.volume.podAffinityPreset
[INFO] Auditing path $.volume.podAnnotations
[INFO] Auditing path $.volume.podAntiAffinityPreset
[INFO] Auditing path $.volume.podLabels
[INFO] Auditing path $.volume.podManagementPolicy
[INFO] Auditing path $.volume.podSecurityContext
[INFO] Auditing path $.volume.podSecurityContext.enabled
[INFO] Auditing path $.volume.podSecurityContext.fsGroup
[INFO] Auditing path $.volume.podSecurityContext.fsGroupChangePolicy
[INFO] Auditing path $.volume.podSecurityContext.supplementalGroups
[INFO] Auditing path $.volume.podSecurityContext.sysctls
[INFO] Auditing path $.volume.priorityClassName
[INFO] Auditing path $.volume.publicUrl
[INFO] Auditing path $.volume.readinessProbe
[INFO] Auditing path $.volume.readinessProbe.enabled
[INFO] Auditing path $.volume.readinessProbe.failureThreshold
[INFO] Auditing path $.volume.readinessProbe.initialDelaySeconds
[INFO] Auditing path $.volume.readinessProbe.periodSeconds
[INFO] Auditing path $.volume.readinessProbe.successThreshold
[INFO] Auditing path $.volume.readinessProbe.timeoutSeconds
[INFO] Auditing path $.volume.replicaCount
[INFO] Auditing path $.volume.resources
[INFO] Auditing path $.volume.resourcesPreset
[INFO] Auditing path $.volume.schedulerName
[INFO] Auditing path $.volume.service
[INFO] Auditing path $.volume.service.annotations
[INFO] Auditing path $.volume.service.clusterIP
[INFO] Auditing path $.volume.service.externalTrafficPolicy
[INFO] Auditing path $.volume.service.extraPorts
[INFO] Auditing path $.volume.service.headless
[INFO] Auditing path $.volume.service.headless.annotations
[INFO] Auditing path $.volume.service.loadBalancerIP
[INFO] Auditing path $.volume.service.loadBalancerSourceRanges
[INFO] Auditing path $.volume.service.nodePorts
[INFO] Auditing path $.volume.service.nodePorts.grpc
[INFO] Auditing path $.volume.service.nodePorts.http
[INFO] Auditing path $.volume.service.ports
[INFO] Auditing path $.volume.service.ports.grpc
[INFO] Auditing path $.volume.service.ports.http
[INFO] Auditing path $.volume.service.sessionAffinity
[INFO] Auditing path $.volume.service.sessionAffinityConfig
[INFO] Auditing path $.volume.service.type
[INFO] Auditing path $.volume.sidecars
[INFO] Auditing path $.volume.startupProbe
[INFO] Auditing path $.volume.startupProbe.enabled
[INFO] Auditing path $.volume.startupProbe.failureThreshold
[INFO] Auditing path $.volume.startupProbe.initialDelaySeconds
[INFO] Auditing path $.volume.startupProbe.periodSeconds
[INFO] Auditing path $.volume.startupProbe.successThreshold
[INFO] Auditing path $.volume.startupProbe.timeoutSeconds
[INFO] Auditing path $.volume.statefulsetAnnotations
[INFO] Auditing path $.volume.terminationGracePeriodSeconds
[INFO] Auditing path $.volume.tolerations
[INFO] Auditing path $.volume.topologySpreadConstraints
[INFO] Auditing path $.volume.updateStrategy
[INFO] Auditing path $.volume.updateStrategy.type
[INFO] Auditing path $.volume
[INFO] Auditing path $.volumePermissions.containerSecurityContext
[INFO] Auditing path $.volumePermissions.containerSecurityContext.enabled
[INFO] Auditing path $.volumePermissions.containerSecurityContext.runAsUser
[INFO] Auditing path $.volumePermissions.containerSecurityContext.seLinuxOptions
[INFO] Auditing path $.volumePermissions.enabled
[INFO] Auditing path $.volumePermissions.image
[INFO] Auditing path $.volumePermissions.image.pullPolicy
[INFO] Auditing path $.volumePermissions.image.pullSecrets
[INFO] Auditing path $.volumePermissions.image.registry
[INFO] Auditing path $.volumePermissions.image.repository
[INFO] Auditing path $.volumePermissions.image.tag
[INFO] Auditing path $.volumePermissions.resources
[INFO] Auditing path $.volumePermissions.resourcesPreset
[INFO] Auditing path $.volumePermissions
[INFO] Auditing path $.webdav.affinity
[INFO] Auditing path $.webdav.args
[INFO] Auditing path $.webdav.automountServiceAccountToken
[INFO] Auditing path $.webdav.autoscaling
[INFO] Auditing path $.webdav.autoscaling.enabled
[INFO] Auditing path $.webdav.autoscaling.maxReplicas
[INFO] Auditing path $.webdav.autoscaling.minReplicas
[INFO] Auditing path $.webdav.autoscaling.targetCPU
[INFO] Auditing path $.webdav.autoscaling.targetMemory
[INFO] Auditing path $.webdav.command
[INFO] Auditing path $.webdav.containerPorts
[INFO] Auditing path $.webdav.containerPorts.http
[INFO] Auditing path $.webdav.containerSecurityContext
[INFO] Auditing path $.webdav.containerSecurityContext.allowPrivilegeEscalation
[INFO] Auditing path $.webdav.containerSecurityContext.capabilities
[INFO] Auditing path $.webdav.containerSecurityContext.capabilities.drop
[INFO] Auditing path $.webdav.containerSecurityContext.enabled
[INFO] Auditing path $.webdav.containerSecurityContext.privileged
[INFO] Auditing path $.webdav.containerSecurityContext.readOnlyRootFilesystem
[INFO] Auditing path $.webdav.containerSecurityContext.runAsGroup
[INFO] Auditing path $.webdav.containerSecurityContext.runAsNonRoot
[INFO] Auditing path $.webdav.containerSecurityContext.runAsUser
[INFO] Auditing path $.webdav.containerSecurityContext.seLinuxOptions
[INFO] Auditing path $.webdav.containerSecurityContext.seccompProfile
[INFO] Auditing path $.webdav.containerSecurityContext.seccompProfile.type
[INFO] Auditing path $.webdav.customLivenessProbe
[INFO] Auditing path $.webdav.customReadinessProbe
[INFO] Auditing path $.webdav.customStartupProbe
[INFO] Auditing path $.webdav.enabled
[INFO] Auditing path $.webdav.extraContainerPorts
[INFO] Auditing path $.webdav.extraContainerPorts[*].containerPort
[INFO] Auditing path $.webdav.extraEnvVars
[INFO] Auditing path $.webdav.extraEnvVarsCM
[INFO] Auditing path $.webdav.extraEnvVarsSecret
[INFO] Auditing path $.webdav.extraVolumeMounts
[INFO] Auditing path $.webdav.extraVolumes
[INFO] Auditing path $.webdav.hostAliases
[INFO] Auditing path $.webdav.ingress
[INFO] Auditing path $.webdav.ingress.annotations
[INFO] Auditing path $.webdav.ingress.apiVersion
[INFO] Auditing path $.webdav.ingress.enabled
[INFO] Auditing path $.webdav.ingress.extraHosts
[INFO] Auditing path $.webdav.ingress.extraHosts[*].Values.webdav.tls.enabled
[INFO] Auditing path $.webdav.ingress.extraHosts[*].name
[INFO] Auditing path $.webdav.ingress.extraHosts[*].path
[INFO] Auditing path $.webdav.ingress.extraHosts[*].pathType
[INFO] Auditing path $.webdav.ingress.extraPaths
[INFO] Auditing path $.webdav.ingress.extraRules
[INFO] Auditing path $.webdav.ingress.extraTls
[INFO] Auditing path $.webdav.ingress.hostname
[INFO] Auditing path $.webdav.ingress.ingressClassName
[INFO] Auditing path $.webdav.ingress.path
[INFO] Auditing path $.webdav.ingress.pathType
[INFO] Auditing path $.webdav.ingress.secrets
[INFO] Auditing path $.webdav.ingress.secrets[*].certificate
[INFO] Auditing path $.webdav.ingress.secrets[*].key
[INFO] Auditing path $.webdav.ingress.secrets[*].name
[INFO] Auditing path $.webdav.ingress.selfSigned
[INFO] Auditing path $.webdav.ingress.tls
[INFO] Auditing path $.webdav.initContainers
[INFO] Auditing path $.webdav.lifecycleHooks
[INFO] Auditing path $.webdav.livenessProbe
[INFO] Auditing path $.webdav.livenessProbe.enabled
[INFO] Auditing path $.webdav.livenessProbe.failureThreshold
[INFO] Auditing path $.webdav.livenessProbe.initialDelaySeconds
[INFO] Auditing path $.webdav.livenessProbe.periodSeconds
[INFO] Auditing path $.webdav.livenessProbe.successThreshold
[INFO] Auditing path $.webdav.livenessProbe.timeoutSeconds
[INFO] Auditing path $.webdav.logLevel
[INFO] Auditing path $.webdav.networkPolicy
[INFO] Auditing path $.webdav.networkPolicy.allowExternal
[INFO] Auditing path $.webdav.networkPolicy.allowExternalEgress
[INFO] Auditing path $.webdav.networkPolicy.enabled
[INFO] Auditing path $.webdav.networkPolicy.extraEgress
[INFO] Auditing path $.webdav.networkPolicy.extraIngress
[INFO] Auditing path $.webdav.networkPolicy.ingressNSMatchLabels
[INFO] Auditing path $.webdav.networkPolicy.ingressNSMatchLabels[*]
[INFO] Auditing path $.webdav.networkPolicy.ingressNSPodMatchLabels
[INFO] Auditing path $.webdav.networkPolicy.ingressNSPodMatchLabels[*]
[INFO] Auditing path $.webdav.nodeAffinityPreset
[INFO] Auditing path $.webdav.nodeAffinityPreset.key
[INFO] Auditing path $.webdav.nodeAffinityPreset.type
[INFO] Auditing path $.webdav.nodeAffinityPreset.values
[INFO] Auditing path $.webdav.nodeSelector
[INFO] Auditing path $.webdav.pdb
[INFO] Auditing path $.webdav.pdb.create
[INFO] Auditing path $.webdav.pdb.maxUnavailable
[INFO] Auditing path $.webdav.pdb.minAvailable
[INFO] Auditing path $.webdav.podAffinityPreset
[INFO] Auditing path $.webdav.podAnnotations
[INFO] Auditing path $.webdav.podAntiAffinityPreset
[INFO] Auditing path $.webdav.podLabels
[INFO] Auditing path $.webdav.podSecurityContext
[INFO] Auditing path $.webdav.podSecurityContext.enabled
[INFO] Auditing path $.webdav.podSecurityContext.fsGroup
[INFO] Auditing path $.webdav.podSecurityContext.fsGroupChangePolicy
[INFO] Auditing path $.webdav.podSecurityContext.supplementalGroups
[INFO] Auditing path $.webdav.podSecurityContext.sysctls
[INFO] Auditing path $.webdav.priorityClassName
[INFO] Auditing path $.webdav.readinessProbe
[INFO] Auditing path $.webdav.readinessProbe.enabled
[INFO] Auditing path $.webdav.readinessProbe.failureThreshold
[INFO] Auditing path $.webdav.readinessProbe.initialDelaySeconds
[INFO] Auditing path $.webdav.readinessProbe.periodSeconds
[INFO] Auditing path $.webdav.readinessProbe.successThreshold
[INFO] Auditing path $.webdav.readinessProbe.timeoutSeconds
[INFO] Auditing path $.webdav.replicaCount
[INFO] Auditing path $.webdav.resources
[INFO] Auditing path $.webdav.resourcesPreset
[INFO] Auditing path $.webdav.schedulerName
[INFO] Auditing path $.webdav.service
[INFO] Auditing path $.webdav.service.annotations
[INFO] Auditing path $.webdav.service.clusterIP
[INFO] Auditing path $.webdav.service.externalTrafficPolicy
[INFO] Auditing path $.webdav.service.extraPorts
[INFO] Auditing path $.webdav.service.headless
[INFO] Auditing path $.webdav.service.headless.annotations
[INFO] Auditing path $.webdav.service.loadBalancerIP
[INFO] Auditing path $.webdav.service.loadBalancerSourceRanges
[INFO] Auditing path $.webdav.service.nodePorts
[INFO] Auditing path $.webdav.service.nodePorts.http
[INFO] Auditing path $.webdav.service.ports
[INFO] Auditing path $.webdav.service.ports.http
[INFO] Auditing path $.webdav.service.sessionAffinity
[INFO] Auditing path $.webdav.service.sessionAffinityConfig
[INFO] Auditing path $.webdav.service.type
[INFO] Auditing path $.webdav.sidecars
[INFO] Auditing path $.webdav.startupProbe
[INFO] Auditing path $.webdav.startupProbe.enabled
[INFO] Auditing path $.webdav.startupProbe.failureThreshold
[INFO] Auditing path $.webdav.startupProbe.initialDelaySeconds
[INFO] Auditing path $.webdav.startupProbe.periodSeconds
[INFO] Auditing path $.webdav.startupProbe.successThreshold
[INFO] Auditing path $.webdav.startupProbe.timeoutSeconds
[INFO] Auditing path $.webdav.statefulsetAnnotations
[INFO] Auditing path $.webdav.terminationGracePeriodSeconds
[INFO] Auditing path $.webdav.tls
[INFO] Auditing path $.webdav.tls.autoGenerated
[INFO] Auditing path $.webdav.tls.autoGenerated.certManager
[INFO] Auditing path $.webdav.tls.autoGenerated.certManager.duration
[INFO] Auditing path $.webdav.tls.autoGenerated.certManager.existingIssuer
[INFO] Auditing path $.webdav.tls.autoGenerated.certManager.existingIssuerKind
[INFO] Auditing path $.webdav.tls.autoGenerated.certManager.keyAlgorithm
[INFO] Auditing path $.webdav.tls.autoGenerated.certManager.keySize
[INFO] Auditing path $.webdav.tls.autoGenerated.certManager.renewBefore
[INFO] Auditing path $.webdav.tls.autoGenerated.enabled
[INFO] Auditing path $.webdav.tls.autoGenerated.engine
[INFO] Auditing path $.webdav.tls.cert
[INFO] Auditing path $.webdav.tls.enabled
[INFO] Auditing path $.webdav.tls.existingSecret
[INFO] Auditing path $.webdav.tls.key
[INFO] Auditing path $.webdav.tolerations
[INFO] Auditing path $.webdav.topologySpreadConstraints
[INFO] Auditing path $.webdav.updateStrategy
[INFO] Auditing path $.webdav.updateStrategy.type
[INFO] Auditing path $.webdav
