[INFO] Auditing path $.affinity
[INFO] Auditing path $.annotations
[INFO] Auditing path $.authFilter.enabled
[INFO] Auditing path $.authFilter
[INFO] Auditing path $.automountServiceAccountToken
[INFO] Auditing path $.autosharding.enabled
[INFO] Auditing path $.autosharding
[INFO] Auditing path $.collectors
[INFO] Auditing path $.collectorsExclude
[INFO] Auditing path $.collectorsExtra
[INFO] Auditing path $.containerSecurityContext.allowPrivilegeEscalation
[INFO] Auditing path $.containerSecurityContext.capabilities
[INFO] Auditing path $.containerSecurityContext.capabilities.drop
[INFO] Auditing path $.containerSecurityContext.readOnlyRootFilesystem
[INFO] Auditing path $.containerSecurityContext
[INFO] Auditing path $.containers
[INFO] Auditing path $.customLabels
[INFO] Auditing path $.customResourceState.config
[INFO] Auditing path $.customResourceState.create
[INFO] Auditing path $.customResourceState.enabled
[INFO] Auditing path $.customResourceState.key
[INFO] Auditing path $.customResourceState.name
[INFO] Auditing path $.customResourceState
[INFO] Auditing path $.dnsConfig
[INFO] Auditing path $.dnsPolicy
[INFO] Auditing path $.env
[INFO] Auditing path $.extraArgs
[INFO] Auditing path $.extraManifests[*]
[INFO] Auditing path $.extraManifests
[INFO] Auditing path $.fullnameOverride
[INFO] Auditing path $.global.imagePullSecrets
[INFO] Auditing path $.global.imageRegistry
[INFO] Auditing path $.global
[INFO] Auditing path $.hostNetwork
[INFO] Auditing path $.hostUsers
[INFO] Auditing path $.image.pullPolicy
[INFO] Auditing path $.image.registry
[INFO] Auditing path $.image.repository
[INFO] Auditing path $.image.sha
[INFO] Auditing path $.image.tag
[INFO] Auditing path $.image
[INFO] Auditing path $.imagePullSecrets
[INFO] Auditing path $.initContainers
[INFO] Auditing path $.kubeRBACProxy.containerSecurityContext
[INFO] Auditing path $.kubeRBACProxy.containerSecurityContext.allowPrivilegeEscalation
[INFO] Auditing path $.kubeRBACProxy.containerSecurityContext.capabilities
[INFO] Auditing path $.kubeRBACProxy.containerSecurityContext.capabilities.drop
[INFO] Auditing path $.kubeRBACProxy.containerSecurityContext.readOnlyRootFilesystem
[INFO] Auditing path $.kubeRBACProxy.enabled
[INFO] Auditing path $.kubeRBACProxy.extraArgs
[INFO] Auditing path $.kubeRBACProxy.ignoreProbePaths
[INFO] Auditing path $.kubeRBACProxy.image
[INFO] Auditing path $.kubeRBACProxy.image.pullPolicy
[INFO] Auditing path $.kubeRBACProxy.image.registry
[INFO] Auditing path $.kubeRBACProxy.image.repository
[INFO] Auditing path $.kubeRBACProxy.image.sha
[INFO] Auditing path $.kubeRBACProxy.image.tag
[INFO] Auditing path $.kubeRBACProxy.port
[INFO] Auditing path $.kubeRBACProxy.proxyEndpointsPort
[INFO] Auditing path $.kubeRBACProxy.resources
[INFO] Auditing path $.kubeRBACProxy.volumeMounts
[INFO] Auditing path $.kubeRBACProxy
[INFO] Auditing path $.kubeconfig.enabled
[INFO] Auditing path $.kubeconfig.secret
[INFO] Auditing path $.kubeconfig
[INFO] Auditing path $.labels
[INFO] Auditing path $.livenessProbe.failureThreshold
[INFO] Auditing path $.livenessProbe.httpGet
[INFO] Auditing path $.livenessProbe.httpGet.httpHeaders
[INFO] Auditing path $.livenessProbe.httpGet.httpHeaders[*].name
[INFO] Auditing path $.livenessProbe.httpGet.httpHeaders[*].value
[INFO] Auditing path $.livenessProbe.httpGet.scheme
[INFO] Auditing path $.livenessProbe.initialDelaySeconds
[INFO] Auditing path $.livenessProbe.periodSeconds
[INFO] Auditing path $.livenessProbe.successThreshold
[INFO] Auditing path $.livenessProbe.timeoutSeconds
[INFO] Auditing path $.livenessProbe
[INFO] Auditing path $.metricAllowlist
[INFO] Auditing path $.metricAnnotationsAllowList
[INFO] Auditing path $.metricDenylist
[INFO] Auditing path $.metricLabelsAllowlist
[INFO] Auditing path $.nameOverride
[INFO] Auditing path $.namespaceOverride
[INFO] Auditing path $.namespaces
[INFO] Auditing path $.namespacesDenylist
[INFO] Auditing path $.networkPolicy.egress
[INFO] Auditing path $.networkPolicy.enabled
[INFO] Auditing path $.networkPolicy.ingress
[INFO] Auditing path $.networkPolicy.podSelector
[INFO] Auditing path $.networkPolicy
[INFO] Auditing path $.nodeSelector
[INFO] Auditing path $.podAnnotations
[INFO] Auditing path $.podDisruptionBudget
[INFO] Auditing path $.podLabels
[INFO] Auditing path $.priorityClassName
[INFO] Auditing path $.prometheus.monitor
[INFO] Auditing path $.prometheus.monitor.additionalLabels
[INFO] Auditing path $.prometheus.monitor.annotations
[INFO] Auditing path $.prometheus.monitor.bearerTokenFile
[INFO] Auditing path $.prometheus.monitor.bearerTokenSecret
[INFO] Auditing path $.prometheus.monitor.enableHttp2
[INFO] Auditing path $.prometheus.monitor.enabled
[INFO] Auditing path $.prometheus.monitor.honorLabels
[INFO] Auditing path $.prometheus.monitor.http
[INFO] Auditing path $.prometheus.monitor.http.bearerTokenFile
[INFO] Auditing path $.prometheus.monitor.http.bearerTokenSecret
[INFO] Auditing path $.prometheus.monitor.http.enableHttp2
[INFO] Auditing path $.prometheus.monitor.http.honorLabels
[INFO] Auditing path $.prometheus.monitor.http.interval
[INFO] Auditing path $.prometheus.monitor.http.metricRelabelings
[INFO] Auditing path $.prometheus.monitor.http.proxyUrl
[INFO] Auditing path $.prometheus.monitor.http.relabelings
[INFO] Auditing path $.prometheus.monitor.http.scheme
[INFO] Auditing path $.prometheus.monitor.http.scrapeTimeout
[INFO] Auditing path $.prometheus.monitor.http.tlsConfig
[INFO] Auditing path $.prometheus.monitor.interval
[INFO] Auditing path $.prometheus.monitor.jobLabel
[INFO] Auditing path $.prometheus.monitor.labelLimit
[INFO] Auditing path $.prometheus.monitor.labelNameLengthLimit
[INFO] Auditing path $.prometheus.monitor.labelValueLengthLimit
[INFO] Auditing path $.prometheus.monitor.metricRelabelings
[INFO] Auditing path $.prometheus.monitor.metrics
[INFO] Auditing path $.prometheus.monitor.metrics.bearerTokenFile
[INFO] Auditing path $.prometheus.monitor.metrics.bearerTokenSecret
[INFO] Auditing path $.prometheus.monitor.metrics.enableHttp2
[INFO] Auditing path $.prometheus.monitor.metrics.honorLabels
[INFO] Auditing path $.prometheus.monitor.metrics.interval
[INFO] Auditing path $.prometheus.monitor.metrics.metricRelabelings
[INFO] Auditing path $.prometheus.monitor.metrics.proxyUrl
[INFO] Auditing path $.prometheus.monitor.metrics.relabelings
[INFO] Auditing path $.prometheus.monitor.metrics.scheme
[INFO] Auditing path $.prometheus.monitor.metrics.scrapeTimeout
[INFO] Auditing path $.prometheus.monitor.metrics.tlsConfig
[INFO] Auditing path $.prometheus.monitor.namespace
[INFO] Auditing path $.prometheus.monitor.namespaceSelector
[INFO] Auditing path $.prometheus.monitor.podTargetLabels
[INFO] Auditing path $.prometheus.monitor.proxyUrl
[INFO] Auditing path $.prometheus.monitor.relabelings
[INFO] Auditing path $.prometheus.monitor.sampleLimit
[INFO] Auditing path $.prometheus.monitor.scheme
[INFO] Auditing path $.prometheus.monitor.scrapeTimeout
[INFO] Auditing path $.prometheus.monitor.selectorOverride
[INFO] Auditing path $.prometheus.monitor.targetLabels
[INFO] Auditing path $.prometheus.monitor.targetLimit
[INFO] Auditing path $.prometheus.monitor.tlsConfig
[INFO] Auditing path $.prometheus.scrapeconfig
[INFO] Auditing path $.prometheus.scrapeconfig.additionalLabels
[INFO] Auditing path $.prometheus.scrapeconfig.annotations
[INFO] Auditing path $.prometheus.scrapeconfig.enableHttp2
[INFO] Auditing path $.prometheus.scrapeconfig.enabled
[INFO] Auditing path $.prometheus.scrapeconfig.honorLabels
[INFO] Auditing path $.prometheus.scrapeconfig.jobName
[INFO] Auditing path $.prometheus.scrapeconfig.labelLimit
[INFO] Auditing path $.prometheus.scrapeconfig.labelNameLengthLimit
[INFO] Auditing path $.prometheus.scrapeconfig.labelValueLengthLimit
[INFO] Auditing path $.prometheus.scrapeconfig.metricRelabelings
[INFO] Auditing path $.prometheus.scrapeconfig.proxyUrl
[INFO] Auditing path $.prometheus.scrapeconfig.relabelings
[INFO] Auditing path $.prometheus.scrapeconfig.sampleLimit
[INFO] Auditing path $.prometheus.scrapeconfig.scheme
[INFO] Auditing path $.prometheus.scrapeconfig.scrapeInterval
[INFO] Auditing path $.prometheus.scrapeconfig.scrapeTimeout
[INFO] Auditing path $.prometheus.scrapeconfig.staticConfigLabels
[INFO] Auditing path $.prometheus.scrapeconfig.targetLimit
[INFO] Auditing path $.prometheus.scrapeconfig.tlsConfig
[INFO] Auditing path $.prometheus
[INFO] Auditing path $.prometheusScrape
[INFO] Auditing path $.rbac.clusterRoleSelectors
[INFO] Auditing path $.rbac.create
[INFO] Auditing path $.rbac.customResourceState
[INFO] Auditing path $.rbac.customResourceState.createClusterRoleRules
[INFO] Auditing path $.rbac.extraRules
[INFO] Auditing path $.rbac.useClusterRole
[INFO] Auditing path $.rbac.useExistingRole
[INFO] Auditing path $.rbac
[INFO] Auditing path $.readinessProbe.failureThreshold
[INFO] Auditing path $.readinessProbe.httpGet
[INFO] Auditing path $.readinessProbe.httpGet.httpHeaders
[INFO] Auditing path $.readinessProbe.httpGet.httpHeaders[*].name
[INFO] Auditing path $.readinessProbe.httpGet.httpHeaders[*].value
[INFO] Auditing path $.readinessProbe.httpGet.scheme
[INFO] Auditing path $.readinessProbe.initialDelaySeconds
[INFO] Auditing path $.readinessProbe.periodSeconds
[INFO] Auditing path $.readinessProbe.successThreshold
[INFO] Auditing path $.readinessProbe.timeoutSeconds
[INFO] Auditing path $.readinessProbe
[INFO] Auditing path $.releaseLabel
[INFO] Auditing path $.releaseNamespace
[INFO] Auditing path $.replicas
[INFO] Auditing path $.resources
[INFO] Auditing path $.revisionHistoryLimit
[INFO] Auditing path $.securityContext.enabled
[INFO] Auditing path $.securityContext.fsGroup
[INFO] Auditing path $.securityContext.runAsGroup
[INFO] Auditing path $.securityContext.runAsNonRoot
[INFO] Auditing path $.securityContext.runAsUser
[INFO] Auditing path $.securityContext.seccompProfile
[INFO] Auditing path $.securityContext.seccompProfile.type
[INFO] Auditing path $.securityContext
[INFO] Auditing path $.selectorOverride
[INFO] Auditing path $.selfMonitor.enabled
[INFO] Auditing path $.selfMonitor.telemetryNodePort
[INFO] Auditing path $.selfMonitor.telemetryPort
[INFO] Auditing path $.selfMonitor
[INFO] Auditing path $.service.annotations
[INFO] Auditing path $.service.clusterIP
[INFO] Auditing path $.service.ipDualStack
[INFO] Auditing path $.service.ipDualStack.enabled
[INFO] Auditing path $.service.ipDualStack.ipFamilies
[INFO] Auditing path $.service.ipDualStack.ipFamilyPolicy
[INFO] Auditing path $.service.loadBalancerIP
[INFO] Auditing path $.service.loadBalancerSourceRanges
[INFO] Auditing path $.service.loadBalancerSourceRanges[*]
[INFO] Auditing path $.service.nodePort
[INFO] Auditing path $.service.port
[INFO] Auditing path $.service.type
[INFO] Auditing path $.service
[INFO] Auditing path $.serviceAccount.annotations
[INFO] Auditing path $.serviceAccount.automountServiceAccountToken
[INFO] Auditing path $.serviceAccount.create
[INFO] Auditing path $.serviceAccount.imagePullSecrets
[INFO] Auditing path $.serviceAccount.name
[INFO] Auditing path $.serviceAccount
[INFO] Auditing path $.startupProbe.enabled
[INFO] Auditing path $.startupProbe.failureThreshold
[INFO] Auditing path $.startupProbe.httpGet
[INFO] Auditing path $.startupProbe.httpGet.httpHeaders
[INFO] Auditing path $.startupProbe.httpGet.httpHeaders[*].name
[INFO] Auditing path $.startupProbe.httpGet.httpHeaders[*].value
[INFO] Auditing path $.startupProbe.httpGet.scheme
[INFO] Auditing path $.startupProbe.initialDelaySeconds
[INFO] Auditing path $.startupProbe.periodSeconds
[INFO] Auditing path $.startupProbe.successThreshold
[INFO] Auditing path $.startupProbe.timeoutSeconds
[INFO] Auditing path $.startupProbe
[INFO] Auditing path $.tolerations
[INFO] Auditing path $.topologySpreadConstraints
[INFO] Auditing path $.updateStrategy
[INFO] Auditing path $.verticalPodAutoscaler.controlledResources
[INFO] Auditing path $.verticalPodAutoscaler.controlledValues
[INFO] Auditing path $.verticalPodAutoscaler.enabled
[INFO] Auditing path $.verticalPodAutoscaler.maxAllowed
[INFO] Auditing path $.verticalPodAutoscaler.minAllowed
[INFO] Auditing path $.verticalPodAutoscaler.recommenders
[INFO] Auditing path $.verticalPodAutoscaler.updatePolicy
[INFO] Auditing path $.verticalPodAutoscaler
[INFO] Auditing path $.volumeMounts
[INFO] Auditing path $.volumes
