[INFO] Auditing path $.affinity
[INFO] Auditing path $.annotations
[INFO] Auditing path $.containerSecurityContext
[INFO] Auditing path $.customLabels
[INFO] Auditing path $.extraArgs[*]
[INFO] Auditing path $.extraArgs
[INFO] Auditing path $.extraContainers
[INFO] Auditing path $.extraEnv
[INFO] Auditing path $.extraVolumeMounts
[INFO] Auditing path $.extraVolumes
[INFO] Auditing path $.fullnameOverride
[INFO] Auditing path $.image.pullPolicy
[INFO] Auditing path $.image.pullSecrets
[INFO] Auditing path $.image.pullSecrets[*]
[INFO] Auditing path $.image.repository
[INFO] Auditing path $.image.tag
[INFO] Auditing path $.image
[INFO] Auditing path $.livenessProbe.httpGet
[INFO] Auditing path $.livenessProbe.httpGet.path
[INFO] Auditing path $.livenessProbe.httpGet.port
[INFO] Auditing path $.livenessProbe.httpGet.scheme
[INFO] Auditing path $.livenessProbe.initialDelaySeconds
[INFO] Auditing path $.livenessProbe.timeoutSeconds
[INFO] Auditing path $.livenessProbe
[INFO] Auditing path $.nameOverride
[INFO] Auditing path $.namespaceOverride
[INFO] Auditing path $.nodeSelector
[INFO] Auditing path $.priorityClassName
[INFO] Auditing path $.prometheusRule.additionalLabels
[INFO] Auditing path $.prometheusRule.enabled
[INFO] Auditing path $.prometheusRule.namespace
[INFO] Auditing path $.prometheusRule.rules
[INFO] Auditing path $.prometheusRule
[INFO] Auditing path $.readinessProbe.httpGet
[INFO] Auditing path $.readinessProbe.httpGet.path
[INFO] Auditing path $.readinessProbe.httpGet.port
[INFO] Auditing path $.readinessProbe.httpGet.scheme
[INFO] Auditing path $.readinessProbe.initialDelaySeconds
[INFO] Auditing path $.readinessProbe.timeoutSeconds
[INFO] Auditing path $.readinessProbe
[INFO] Auditing path $.replicaCount
[INFO] Auditing path $.resources
[INFO] Auditing path $.restartPolicy
[INFO] Auditing path $.secret.labels
[INFO] Auditing path $.secret
[INFO] Auditing path $.securityContext
[INFO] Auditing path $.service.annotations
[INFO] Auditing path $.service.httpPort
[INFO] Auditing path $.service.type
[INFO] Auditing path $.service
[INFO] Auditing path $.serviceAccount.annotations
[INFO] Auditing path $.serviceAccount.create
[INFO] Auditing path $.serviceAccount.name
[INFO] Auditing path $.serviceAccount
[INFO] Auditing path $.serviceMonitor.additionalLabels
[INFO] Auditing path $.serviceMonitor.enabled
[INFO] Auditing path $.serviceMonitor.honorLabels
[INFO] Auditing path $.serviceMonitor.honorTimestamps
[INFO] Auditing path $.serviceMonitor.interval
[INFO] Auditing path $.serviceMonitor.metricRelabelings
[INFO] Auditing path $.serviceMonitor.namespace
[INFO] Auditing path $.serviceMonitor.relabelings
[INFO] Auditing path $.serviceMonitor.scrapeClass
[INFO] Auditing path $.serviceMonitor.scrapeTimeout
[INFO] Auditing path $.serviceMonitor
[INFO] Auditing path $.stackdriver.backoffJitter
[INFO] Auditing path $.stackdriver.dropDelegatedProjects
[INFO] Auditing path $.stackdriver.httpTimeout
[INFO] Auditing path $.stackdriver.maxBackoff
[INFO] Auditing path $.stackdriver.maxRetries
[INFO] Auditing path $.stackdriver.metrics
[INFO] Auditing path $.stackdriver.metrics.aggregateDeltas
[INFO] Auditing path $.stackdriver.metrics.aggregateDeltasTTL
[INFO] Auditing path $.stackdriver.metrics.descriptorCacheTTL
[INFO] Auditing path $.stackdriver.metrics.filters
[INFO] Auditing path $.stackdriver.metrics.filters[*]
[INFO] Auditing path $.stackdriver.metrics.ingestDelay
[INFO] Auditing path $.stackdriver.metrics.interval
[INFO] Auditing path $.stackdriver.metrics.offset
[INFO] Auditing path $.stackdriver.metrics.prefixes
[INFO] Auditing path $.stackdriver.metrics.prefixes[*]
[INFO] Auditing path $.stackdriver.projectFilters
[INFO] Auditing path $.stackdriver.projectId
[INFO] Auditing path $.stackdriver.projectIds
[INFO] Auditing path $.stackdriver.projectIds[*]
[INFO] Auditing path $.stackdriver.retryStatuses
[INFO] Auditing path $.stackdriver.serviceAccountKey
[INFO] Auditing path $.stackdriver.serviceAccountSecret
[INFO] Auditing path $.stackdriver.serviceAccountSecretKey
[INFO] Auditing path $.stackdriver.universeDomain
[INFO] Auditing path $.stackdriver
[INFO] Auditing path $.tolerations
[INFO] Auditing path $.web.listenAddress
[INFO] Auditing path $.web.path
[INFO] Auditing path $.web.stackdriverTelemetryPath
[INFO] Auditing path $.web.telemetryPath
[INFO] Auditing path $.web
