[INFO] Auditing path $.apiVersions
[INFO] Auditing path $.architecture
[INFO] Auditing path $.auth.enabled
[INFO] Auditing path $.auth.existingSecret
[INFO] Auditing path $.auth.existingSecretPasswordKey
[INFO] Auditing path $.auth.password
[INFO] Auditing path $.auth.usePasswordFiles
[INFO] Auditing path $.auth
[INFO] Auditing path $.clusterDomain
[INFO] Auditing path $.commonAnnotations
[INFO] Auditing path $.commonConfiguration
[INFO] Auditing path $.commonLabels
[INFO] Auditing path $.diagnosticMode.args
[INFO] Auditing path $.diagnosticMode.command
[INFO] Auditing path $.diagnosticMode.enabled
[INFO] Auditing path $.diagnosticMode
[INFO] Auditing path $.extraDeploy[*]
[INFO] Auditing path $.extraDeploy
[INFO] Auditing path $.fullnameOverride
[INFO] Auditing path $.global.compatibility
[INFO] Auditing path $.global.compatibility.openshift
[INFO] Auditing path $.global.compatibility.openshift.adaptSecurityContext
[INFO] Auditing path $.global.defaultStorageClass
[INFO] Auditing path $.global.imagePullSecrets
[INFO] Auditing path $.global.imageRegistry
[INFO] Auditing path $.global.keydb
[INFO] Auditing path $.global.keydb.password
[INFO] Auditing path $.global.security
[INFO] Auditing path $.global.security.allowInsecureImages
[INFO] Auditing path $.global
[INFO] Auditing path $.image.debug
[INFO] Auditing path $.image.digest
[INFO] Auditing path $.image.pullPolicy
[INFO] Auditing path $.image.pullSecrets
[INFO] Auditing path $.image.registry
[INFO] Auditing path $.image.repository
[INFO] Auditing path $.image.tag
[INFO] Auditing path $.image
[INFO] Auditing path $.kubeVersion
[INFO] Auditing path $.master.affinity
[INFO] Auditing path $.master.args
[INFO] Auditing path $.master.automountServiceAccountToken
[INFO] Auditing path $.master.autoscaling
[INFO] Auditing path $.master.autoscaling.vpa
[INFO] Auditing path $.master.autoscaling.vpa.annotations
[INFO] Auditing path $.master.autoscaling.vpa.controlledResources
[INFO] Auditing path $.master.autoscaling.vpa.enabled
[INFO] Auditing path $.master.autoscaling.vpa.maxAllowed
[INFO] Auditing path $.master.autoscaling.vpa.minAllowed
[INFO] Auditing path $.master.autoscaling.vpa.updatePolicy
[INFO] Auditing path $.master.autoscaling.vpa.updatePolicy.updateMode
[INFO] Auditing path $.master.command
[INFO] Auditing path $.master.configuration
[INFO] Auditing path $.master.containerPorts
[INFO] Auditing path $.master.containerPorts.keydb
[INFO] Auditing path $.master.containerPorts.redis
[INFO] Auditing path $.master.containerSecurityContext
[INFO] Auditing path $.master.containerSecurityContext.allowPrivilegeEscalation
[INFO] Auditing path $.master.containerSecurityContext.capabilities
[INFO] Auditing path $.master.containerSecurityContext.capabilities.drop
[INFO] Auditing path $.master.containerSecurityContext.enabled
[INFO] Auditing path $.master.containerSecurityContext.privileged
[INFO] Auditing path $.master.containerSecurityContext.readOnlyRootFilesystem
[INFO] Auditing path $.master.containerSecurityContext.runAsGroup
[INFO] Auditing path $.master.containerSecurityContext.runAsNonRoot
[INFO] Auditing path $.master.containerSecurityContext.runAsUser
[INFO] Auditing path $.master.containerSecurityContext.seLinuxOptions
[INFO] Auditing path $.master.containerSecurityContext.seccompProfile
[INFO] Auditing path $.master.containerSecurityContext.seccompProfile.type
[INFO] Auditing path $.master.customLivenessProbe
[INFO] Auditing path $.master.customReadinessProbe
[INFO] Auditing path $.master.customStartupProbe
[INFO] Auditing path $.master.disableCommands
[INFO] Auditing path $.master.disableCommands[*]
[INFO] Auditing path $.master.existingConfigmap
[INFO] Auditing path $.master.extraContainerPorts
[INFO] Auditing path $.master.extraContainerPorts[*].containerPort
[INFO] Auditing path $.master.extraEnvVars
[INFO] Auditing path $.master.extraEnvVarsCM
[INFO] Auditing path $.master.extraEnvVarsSecret
[INFO] Auditing path $.master.extraVolumeMounts
[INFO] Auditing path $.master.extraVolumes
[INFO] Auditing path $.master.hostAliases
[INFO] Auditing path $.master.initContainers
[INFO] Auditing path $.master.lifecycleHooks
[INFO] Auditing path $.master.livenessProbe
[INFO] Auditing path $.master.livenessProbe.enabled
[INFO] Auditing path $.master.livenessProbe.failureThreshold
[INFO] Auditing path $.master.livenessProbe.initialDelaySeconds
[INFO] Auditing path $.master.livenessProbe.periodSeconds
[INFO] Auditing path $.master.livenessProbe.successThreshold
[INFO] Auditing path $.master.livenessProbe.timeoutSeconds
[INFO] Auditing path $.master.networkPolicy
[INFO] Auditing path $.master.networkPolicy.addExternalClientAccess
[INFO] Auditing path $.master.networkPolicy.allowExternal
[INFO] Auditing path $.master.networkPolicy.allowExternalEgress
[INFO] Auditing path $.master.networkPolicy.enabled
[INFO] Auditing path $.master.networkPolicy.extraEgress
[INFO] Auditing path $.master.networkPolicy.extraIngress
[INFO] Auditing path $.master.networkPolicy.ingressNSMatchLabels
[INFO] Auditing path $.master.networkPolicy.ingressNSPodMatchLabels
[INFO] Auditing path $.master.networkPolicy.ingressPodMatchLabels
[INFO] Auditing path $.master.nodeAffinityPreset
[INFO] Auditing path $.master.nodeAffinityPreset.key
[INFO] Auditing path $.master.nodeAffinityPreset.type
[INFO] Auditing path $.master.nodeAffinityPreset.values
[INFO] Auditing path $.master.nodeSelector
[INFO] Auditing path $.master.pdb
[INFO] Auditing path $.master.pdb.create
[INFO] Auditing path $.master.pdb.maxUnavailable
[INFO] Auditing path $.master.pdb.minAvailable
[INFO] Auditing path $.master.persistence
[INFO] Auditing path $.master.persistence.accessModes
[INFO] Auditing path $.master.persistence.annotations
[INFO] Auditing path $.master.persistence.dataSource
[INFO] Auditing path $.master.persistence.enabled
[INFO] Auditing path $.master.persistence.existingClaim
[INFO] Auditing path $.master.persistence.medium
[INFO] Auditing path $.master.persistence.mountPath
[INFO] Auditing path $.master.persistence.selector
[INFO] Auditing path $.master.persistence.size
[INFO] Auditing path $.master.persistence.sizeLimit
[INFO] Auditing path $.master.persistence.storageClass
[INFO] Auditing path $.master.persistence.subPath
[INFO] Auditing path $.master.persistentVolumeClaimRetentionPolicy
[INFO] Auditing path $.master.persistentVolumeClaimRetentionPolicy.enabled
[INFO] Auditing path $.master.persistentVolumeClaimRetentionPolicy.whenDeleted
[INFO] Auditing path $.master.persistentVolumeClaimRetentionPolicy.whenScaled
[INFO] Auditing path $.master.podAffinityPreset
[INFO] Auditing path $.master.podAnnotations
[INFO] Auditing path $.master.podAntiAffinityPreset
[INFO] Auditing path $.master.podLabels
[INFO] Auditing path $.master.podSecurityContext
[INFO] Auditing path $.master.podSecurityContext.enabled
[INFO] Auditing path $.master.podSecurityContext.fsGroup
[INFO] Auditing path $.master.podSecurityContext.fsGroupChangePolicy
[INFO] Auditing path $.master.podSecurityContext.supplementalGroups
[INFO] Auditing path $.master.podSecurityContext.sysctls
[INFO] Auditing path $.master.priorityClassName
[INFO] Auditing path $.master.readinessProbe
[INFO] Auditing path $.master.readinessProbe.enabled
[INFO] Auditing path $.master.readinessProbe.failureThreshold
[INFO] Auditing path $.master.readinessProbe.initialDelaySeconds
[INFO] Auditing path $.master.readinessProbe.periodSeconds
[INFO] Auditing path $.master.readinessProbe.successThreshold
[INFO] Auditing path $.master.readinessProbe.timeoutSeconds
[INFO] Auditing path $.master.replicaCount
[INFO] Auditing path $.master.resources
[INFO] Auditing path $.master.resourcesPreset
[INFO] Auditing path $.master.schedulerName
[INFO] Auditing path $.master.service
[INFO] Auditing path $.master.service.annotations
[INFO] Auditing path $.master.service.clusterIP
[INFO] Auditing path $.master.service.externalTrafficPolicy
[INFO] Auditing path $.master.service.extraPorts
[INFO] Auditing path $.master.service.headless
[INFO] Auditing path $.master.service.headless.annotations
[INFO] Auditing path $.master.service.loadBalancerIP
[INFO] Auditing path $.master.service.loadBalancerSourceRanges
[INFO] Auditing path $.master.service.nodePorts
[INFO] Auditing path $.master.service.nodePorts.keydb
[INFO] Auditing path $.master.service.ports
[INFO] Auditing path $.master.service.ports.keydb
[INFO] Auditing path $.master.service.sessionAffinity
[INFO] Auditing path $.master.service.sessionAffinityConfig
[INFO] Auditing path $.master.service.type
[INFO] Auditing path $.master.sidecars
[INFO] Auditing path $.master.startupProbe
[INFO] Auditing path $.master.startupProbe.enabled
[INFO] Auditing path $.master.startupProbe.failureThreshold
[INFO] Auditing path $.master.startupProbe.initialDelaySeconds
[INFO] Auditing path $.master.startupProbe.periodSeconds
[INFO] Auditing path $.master.startupProbe.successThreshold
[INFO] Auditing path $.master.startupProbe.timeoutSeconds
[INFO] Auditing path $.master.statefulsetAnnotations
[INFO] Auditing path $.master.terminationGracePeriodSeconds
[INFO] Auditing path $.master.tolerations
[INFO] Auditing path $.master.topologySpreadConstraints
[INFO] Auditing path $.master.updateStrategy
[INFO] Auditing path $.master.updateStrategy.type
[INFO] Auditing path $.master
[INFO] Auditing path $.metrics.command
[INFO] Auditing path $.metrics.containerPorts
[INFO] Auditing path $.metrics.containerPorts.http
[INFO] Auditing path $.metrics.containerSecurityContext
[INFO] Auditing path $.metrics.containerSecurityContext.allowPrivilegeEscalation
[INFO] Auditing path $.metrics.containerSecurityContext.capabilities
[INFO] Auditing path $.metrics.containerSecurityContext.capabilities.drop
[INFO] Auditing path $.metrics.containerSecurityContext.enabled
[INFO] Auditing path $.metrics.containerSecurityContext.readOnlyRootFilesystem
[INFO] Auditing path $.metrics.containerSecurityContext.runAsGroup
[INFO] Auditing path $.metrics.containerSecurityContext.runAsNonRoot
[INFO] Auditing path $.metrics.containerSecurityContext.runAsUser
[INFO] Auditing path $.metrics.containerSecurityContext.seLinuxOptions
[INFO] Auditing path $.metrics.containerSecurityContext.seccompProfile
[INFO] Auditing path $.metrics.containerSecurityContext.seccompProfile.type
[INFO] Auditing path $.metrics.customLivenessProbe
[INFO] Auditing path $.metrics.customReadinessProbe
[INFO] Auditing path $.metrics.customStartupProbe
[INFO] Auditing path $.metrics.enabled
[INFO] Auditing path $.metrics.extraArgs
[INFO] Auditing path $.metrics.extraEnvVars
[INFO] Auditing path $.metrics.extraVolumeMounts
[INFO] Auditing path $.metrics.image
[INFO] Auditing path $.metrics.image.digest
[INFO] Auditing path $.metrics.image.pullPolicy
[INFO] Auditing path $.metrics.image.pullSecrets
[INFO] Auditing path $.metrics.image.registry
[INFO] Auditing path $.metrics.image.repository
[INFO] Auditing path $.metrics.image.tag
[INFO] Auditing path $.metrics.keydbHost
[INFO] Auditing path $.metrics.livenessProbe
[INFO] Auditing path $.metrics.livenessProbe.enabled
[INFO] Auditing path $.metrics.livenessProbe.failureThreshold
[INFO] Auditing path $.metrics.livenessProbe.initialDelaySeconds
[INFO] Auditing path $.metrics.livenessProbe.periodSeconds
[INFO] Auditing path $.metrics.livenessProbe.successThreshold
[INFO] Auditing path $.metrics.livenessProbe.timeoutSeconds
[INFO] Auditing path $.metrics.podAnnotations
[INFO] Auditing path $.metrics.podAnnotations["prometheus.io/port"]
[INFO] Auditing path $.metrics.podAnnotations["prometheus.io/scrape"]
[INFO] Auditing path $.metrics.podLabels
[INFO] Auditing path $.metrics.prometheusRule
[INFO] Auditing path $.metrics.prometheusRule.annotations
[INFO] Auditing path $.metrics.prometheusRule.enabled
[INFO] Auditing path $.metrics.prometheusRule.labels
[INFO] Auditing path $.metrics.prometheusRule.namespace
[INFO] Auditing path $.metrics.prometheusRule.rules
[INFO] Auditing path $.metrics.readinessProbe
[INFO] Auditing path $.metrics.readinessProbe.enabled
[INFO] Auditing path $.metrics.readinessProbe.failureThreshold
[INFO] Auditing path $.metrics.readinessProbe.initialDelaySeconds
[INFO] Auditing path $.metrics.readinessProbe.periodSeconds
[INFO] Auditing path $.metrics.readinessProbe.successThreshold
[INFO] Auditing path $.metrics.readinessProbe.timeoutSeconds
[INFO] Auditing path $.metrics.resources
[INFO] Auditing path $.metrics.resourcesPreset
[INFO] Auditing path $.metrics.service
[INFO] Auditing path $.metrics.service.annotations
[INFO] Auditing path $.metrics.service.port
[INFO] Auditing path $.metrics.serviceMonitor
[INFO] Auditing path $.metrics.serviceMonitor.annotations
[INFO] Auditing path $.metrics.serviceMonitor.enabled
[INFO] Auditing path $.metrics.serviceMonitor.honorLabels
[INFO] Auditing path $.metrics.serviceMonitor.interval
[INFO] Auditing path $.metrics.serviceMonitor.jobLabel
[INFO] Auditing path $.metrics.serviceMonitor.labels
[INFO] Auditing path $.metrics.serviceMonitor.metricRelabelings
[INFO] Auditing path $.metrics.serviceMonitor.namespace
[INFO] Auditing path $.metrics.serviceMonitor.relabelings
[INFO] Auditing path $.metrics.serviceMonitor.scrapeTimeout
[INFO] Auditing path $.metrics.serviceMonitor.selector
[INFO] Auditing path $.metrics.startupProbe
[INFO] Auditing path $.metrics.startupProbe.enabled
[INFO] Auditing path $.metrics.startupProbe.failureThreshold
[INFO] Auditing path $.metrics.startupProbe.initialDelaySeconds
[INFO] Auditing path $.metrics.startupProbe.periodSeconds
[INFO] Auditing path $.metrics.startupProbe.successThreshold
[INFO] Auditing path $.metrics.startupProbe.timeoutSeconds
[INFO] Auditing path $.metrics
[INFO] Auditing path $.nameOverride
[INFO] Auditing path $.namespaceOverride
[INFO] Auditing path $.replica.activeReplica
[INFO] Auditing path $.replica.affinity
[INFO] Auditing path $.replica.args
[INFO] Auditing path $.replica.automountServiceAccountToken
[INFO] Auditing path $.replica.autoscaling
[INFO] Auditing path $.replica.autoscaling.hpa
[INFO] Auditing path $.replica.autoscaling.hpa.enabled
[INFO] Auditing path $.replica.autoscaling.hpa.maxReplicas
[INFO] Auditing path $.replica.autoscaling.hpa.minReplicas
[INFO] Auditing path $.replica.autoscaling.hpa.targetCPU
[INFO] Auditing path $.replica.autoscaling.hpa.targetMemory
[INFO] Auditing path $.replica.autoscaling.vpa
[INFO] Auditing path $.replica.autoscaling.vpa.annotations
[INFO] Auditing path $.replica.autoscaling.vpa.controlledResources
[INFO] Auditing path $.replica.autoscaling.vpa.enabled
[INFO] Auditing path $.replica.autoscaling.vpa.maxAllowed
[INFO] Auditing path $.replica.autoscaling.vpa.minAllowed
[INFO] Auditing path $.replica.autoscaling.vpa.updatePolicy
[INFO] Auditing path $.replica.autoscaling.vpa.updatePolicy.updateMode
[INFO] Auditing path $.replica.command
[INFO] Auditing path $.replica.configuration
[INFO] Auditing path $.replica.containerPorts
[INFO] Auditing path $.replica.containerPorts.keydb
[INFO] Auditing path $.replica.containerSecurityContext
[INFO] Auditing path $.replica.containerSecurityContext.allowPrivilegeEscalation
[INFO] Auditing path $.replica.containerSecurityContext.capabilities
[INFO] Auditing path $.replica.containerSecurityContext.capabilities.drop
[INFO] Auditing path $.replica.containerSecurityContext.enabled
[INFO] Auditing path $.replica.containerSecurityContext.privileged
[INFO] Auditing path $.replica.containerSecurityContext.readOnlyRootFilesystem
[INFO] Auditing path $.replica.containerSecurityContext.runAsGroup
[INFO] Auditing path $.replica.containerSecurityContext.runAsNonRoot
[INFO] Auditing path $.replica.containerSecurityContext.runAsUser
[INFO] Auditing path $.replica.containerSecurityContext.seLinuxOptions
[INFO] Auditing path $.replica.containerSecurityContext.seccompProfile
[INFO] Auditing path $.replica.containerSecurityContext.seccompProfile.type
[INFO] Auditing path $.replica.customLivenessProbe
[INFO] Auditing path $.replica.customReadinessProbe
[INFO] Auditing path $.replica.customStartupProbe
[INFO] Auditing path $.replica.disableCommands
[INFO] Auditing path $.replica.disableCommands[*]
[INFO] Auditing path $.replica.existingConfigmap
[INFO] Auditing path $.replica.extraContainerPorts
[INFO] Auditing path $.replica.extraContainerPorts[*].containerPort
[INFO] Auditing path $.replica.extraEnvVars
[INFO] Auditing path $.replica.extraEnvVarsCM
[INFO] Auditing path $.replica.extraEnvVarsSecret
[INFO] Auditing path $.replica.extraVolumeMounts
[INFO] Auditing path $.replica.extraVolumes
[INFO] Auditing path $.replica.hostAliases
[INFO] Auditing path $.replica.initContainers
[INFO] Auditing path $.replica.lifecycleHooks
[INFO] Auditing path $.replica.livenessProbe
[INFO] Auditing path $.replica.livenessProbe.enabled
[INFO] Auditing path $.replica.livenessProbe.failureThreshold
[INFO] Auditing path $.replica.livenessProbe.initialDelaySeconds
[INFO] Auditing path $.replica.livenessProbe.periodSeconds
[INFO] Auditing path $.replica.livenessProbe.successThreshold
[INFO] Auditing path $.replica.livenessProbe.timeoutSeconds
[INFO] Auditing path $.replica.networkPolicy
[INFO] Auditing path $.replica.networkPolicy.addExternalClientAccess
[INFO] Auditing path $.replica.networkPolicy.allowExternal
[INFO] Auditing path $.replica.networkPolicy.allowExternalEgress
[INFO] Auditing path $.replica.networkPolicy.enabled
[INFO] Auditing path $.replica.networkPolicy.extraEgress
[INFO] Auditing path $.replica.networkPolicy.extraIngress
[INFO] Auditing path $.replica.networkPolicy.ingressNSMatchLabels
[INFO] Auditing path $.replica.networkPolicy.ingressNSPodMatchLabels
[INFO] Auditing path $.replica.networkPolicy.ingressPodMatchLabels
[INFO] Auditing path $.replica.nodeAffinityPreset
[INFO] Auditing path $.replica.nodeAffinityPreset.key
[INFO] Auditing path $.replica.nodeAffinityPreset.type
[INFO] Auditing path $.replica.nodeAffinityPreset.values
[INFO] Auditing path $.replica.nodeSelector
[INFO] Auditing path $.replica.pdb
[INFO] Auditing path $.replica.pdb.create
[INFO] Auditing path $.replica.pdb.maxUnavailable
[INFO] Auditing path $.replica.pdb.minAvailable
[INFO] Auditing path $.replica.persistence
[INFO] Auditing path $.replica.persistence.accessModes
[INFO] Auditing path $.replica.persistence.annotations
[INFO] Auditing path $.replica.persistence.dataSource
[INFO] Auditing path $.replica.persistence.enabled
[INFO] Auditing path $.replica.persistence.existingClaim
[INFO] Auditing path $.replica.persistence.medium
[INFO] Auditing path $.replica.persistence.mountPath
[INFO] Auditing path $.replica.persistence.selector
[INFO] Auditing path $.replica.persistence.size
[INFO] Auditing path $.replica.persistence.sizeLimit
[INFO] Auditing path $.replica.persistence.storageClass
[INFO] Auditing path $.replica.persistence.subPath
[INFO] Auditing path $.replica.persistentVolumeClaimRetentionPolicy
[INFO] Auditing path $.replica.persistentVolumeClaimRetentionPolicy.enabled
[INFO] Auditing path $.replica.persistentVolumeClaimRetentionPolicy.whenDeleted
[INFO] Auditing path $.replica.persistentVolumeClaimRetentionPolicy.whenScaled
[INFO] Auditing path $.replica.podAffinityPreset
[INFO] Auditing path $.replica.podAnnotations
[INFO] Auditing path $.replica.podAntiAffinityPreset
[INFO] Auditing path $.replica.podLabels
[INFO] Auditing path $.replica.podSecurityContext
[INFO] Auditing path $.replica.podSecurityContext.enabled
[INFO] Auditing path $.replica.podSecurityContext.fsGroup
[INFO] Auditing path $.replica.podSecurityContext.fsGroupChangePolicy
[INFO] Auditing path $.replica.podSecurityContext.supplementalGroups
[INFO] Auditing path $.replica.podSecurityContext.sysctls
[INFO] Auditing path $.replica.priorityClassName
[INFO] Auditing path $.replica.readinessProbe
[INFO] Auditing path $.replica.readinessProbe.enabled
[INFO] Auditing path $.replica.readinessProbe.failureThreshold
[INFO] Auditing path $.replica.readinessProbe.initialDelaySeconds
[INFO] Auditing path $.replica.readinessProbe.periodSeconds
[INFO] Auditing path $.replica.readinessProbe.successThreshold
[INFO] Auditing path $.replica.readinessProbe.timeoutSeconds
[INFO] Auditing path $.replica.replicaCount
[INFO] Auditing path $.replica.resources
[INFO] Auditing path $.replica.resourcesPreset
[INFO] Auditing path $.replica.schedulerName
[INFO] Auditing path $.replica.service
[INFO] Auditing path $.replica.service.annotations
[INFO] Auditing path $.replica.service.clusterIP
[INFO] Auditing path $.replica.service.externalTrafficPolicy
[INFO] Auditing path $.replica.service.extraPorts
[INFO] Auditing path $.replica.service.headless
[INFO] Auditing path $.replica.service.headless.annotations
[INFO] Auditing path $.replica.service.loadBalancerIP
[INFO] Auditing path $.replica.service.loadBalancerSourceRanges
[INFO] Auditing path $.replica.service.nodePorts
[INFO] Auditing path $.replica.service.nodePorts.keydb
[INFO] Auditing path $.replica.service.ports
[INFO] Auditing path $.replica.service.ports.keydb
[INFO] Auditing path $.replica.service.sessionAffinity
[INFO] Auditing path $.replica.service.sessionAffinityConfig
[INFO] Auditing path $.replica.service.type
[INFO] Auditing path $.replica.sidecars
[INFO] Auditing path $.replica.startupProbe
[INFO] Auditing path $.replica.startupProbe.enabled
[INFO] Auditing path $.replica.startupProbe.failureThreshold
[INFO] Auditing path $.replica.startupProbe.initialDelaySeconds
[INFO] Auditing path $.replica.startupProbe.periodSeconds
[INFO] Auditing path $.replica.startupProbe.successThreshold
[INFO] Auditing path $.replica.startupProbe.timeoutSeconds
[INFO] Auditing path $.replica.statefulsetAnnotations
[INFO] Auditing path $.replica.terminationGracePeriodSeconds
[INFO] Auditing path $.replica.tolerations
[INFO] Auditing path $.replica.topologySpreadConstraints
[INFO] Auditing path $.replica.updateStrategy
[INFO] Auditing path $.replica.updateStrategy.type
[INFO] Auditing path $.replica
[INFO] Auditing path $.serviceAccount.annotations
[INFO] Auditing path $.serviceAccount.automountServiceAccountToken
[INFO] Auditing path $.serviceAccount.create
[INFO] Auditing path $.serviceAccount.name
[INFO] Auditing path $.serviceAccount
[INFO] Auditing path $.tls.autoGenerated
[INFO] Auditing path $.tls.autoGenerated.certManager
[INFO] Auditing path $.tls.autoGenerated.certManager.duration
[INFO] Auditing path $.tls.autoGenerated.certManager.existingIssuer
[INFO] Auditing path $.tls.autoGenerated.certManager.existingIssuerKind
[INFO] Auditing path $.tls.autoGenerated.certManager.keyAlgorithm
[INFO] Auditing path $.tls.autoGenerated.certManager.keySize
[INFO] Auditing path $.tls.autoGenerated.certManager.renewBefore
[INFO] Auditing path $.tls.autoGenerated.enabled
[INFO] Auditing path $.tls.autoGenerated.engine
[INFO] Auditing path $.tls.ca
[INFO] Auditing path $.tls.enabled
[INFO] Auditing path $.tls.existingCASecret
[INFO] Auditing path $.tls.master
[INFO] Auditing path $.tls.master.cert
[INFO] Auditing path $.tls.master.existingSecret
[INFO] Auditing path $.tls.master.key
[INFO] Auditing path $.tls.replica
[INFO] Auditing path $.tls.replica.cert
[INFO] Auditing path $.tls.replica.existingSecret
[INFO] Auditing path $.tls.replica.key
[INFO] Auditing path $.tls
[INFO] Auditing path $.volumePermissions.containerSecurityContext
[INFO] Auditing path $.volumePermissions.containerSecurityContext.enabled
[INFO] Auditing path $.volumePermissions.containerSecurityContext.runAsUser
[INFO] Auditing path $.volumePermissions.containerSecurityContext.seLinuxOptions
[INFO] Auditing path $.volumePermissions.enabled
[INFO] Auditing path $.volumePermissions.image
[INFO] Auditing path $.volumePermissions.image.pullPolicy
[INFO] Auditing path $.volumePermissions.image.pullSecrets
[INFO] Auditing path $.volumePermissions.image.registry
[INFO] Auditing path $.volumePermissions.image.repository
[INFO] Auditing path $.volumePermissions.image.tag
[INFO] Auditing path $.volumePermissions.resources
[INFO] Auditing path $.volumePermissions.resourcesPreset
[INFO] Auditing path $.volumePermissions
[INFO] Auditing path $.worker.autoscaling.hpa.targetCPU
[INFO] Auditing path $.worker.autoscaling.hpa.targetMemory
