[INFO] Auditing path $.affinity
[INFO] Auditing path $.automountServiceAccountToken
[INFO] Auditing path $.commonLabels
[INFO] Auditing path $.config.modules
[INFO] Auditing path $.config.modules.http_2xx
[INFO] Auditing path $.config.modules.http_2xx.http
[INFO] Auditing path $.config.modules.http_2xx.http.follow_redirects
[INFO] Auditing path $.config.modules.http_2xx.http.preferred_ip_protocol
[INFO] Auditing path $.config.modules.http_2xx.http.valid_http_versions
[INFO] Auditing path $.config.modules.http_2xx.prober
[INFO] Auditing path $.config.modules.http_2xx.timeout
[INFO] Auditing path $.config
[INFO] Auditing path $.configExistingSecretName
[INFO] Auditing path $.configReloader.config
[INFO] Auditing path $.configReloader.config.logFormat
[INFO] Auditing path $.configReloader.config.logLevel
[INFO] Auditing path $.configReloader.config.watchInterval
[INFO] Auditing path $.configReloader.containerPort
[INFO] Auditing path $.configReloader.enabled
[INFO] Auditing path $.configReloader.image
[INFO] Auditing path $.configReloader.image.digest
[INFO] Auditing path $.configReloader.image.pullPolicy
[INFO] Auditing path $.configReloader.image.registry
[INFO] Auditing path $.configReloader.image.repository
[INFO] Auditing path $.configReloader.image.tag
[INFO] Auditing path $.configReloader.livenessProbe
[INFO] Auditing path $.configReloader.livenessProbe.httpGet
[INFO] Auditing path $.configReloader.livenessProbe.httpGet.path
[INFO] Auditing path $.configReloader.livenessProbe.httpGet.port
[INFO] Auditing path $.configReloader.livenessProbe.httpGet.scheme
[INFO] Auditing path $.configReloader.readinessProbe
[INFO] Auditing path $.configReloader.readinessProbe.httpGet
[INFO] Auditing path $.configReloader.readinessProbe.httpGet.path
[INFO] Auditing path $.configReloader.readinessProbe.httpGet.port
[INFO] Auditing path $.configReloader.readinessProbe.httpGet.scheme
[INFO] Auditing path $.configReloader.resources
[INFO] Auditing path $.configReloader.resources.limits
[INFO] Auditing path $.configReloader.resources.limits.memory
[INFO] Auditing path $.configReloader.resources.requests
[INFO] Auditing path $.configReloader.resources.requests.cpu
[INFO] Auditing path $.configReloader.resources.requests.memory
[INFO] Auditing path $.configReloader.securityContext
[INFO] Auditing path $.configReloader.securityContext.allowPrivilegeEscalation
[INFO] Auditing path $.configReloader.securityContext.capabilities
[INFO] Auditing path $.configReloader.securityContext.capabilities.drop
[INFO] Auditing path $.configReloader.securityContext.readOnlyRootFilesystem
[INFO] Auditing path $.configReloader.securityContext.runAsGroup
[INFO] Auditing path $.configReloader.securityContext.runAsNonRoot
[INFO] Auditing path $.configReloader.securityContext.runAsUser
[INFO] Auditing path $.configReloader.service
[INFO] Auditing path $.configReloader.service.port
[INFO] Auditing path $.configReloader.serviceMonitor
[INFO] Auditing path $.configReloader.serviceMonitor.selfMonitor
[INFO] Auditing path $.configReloader.serviceMonitor.selfMonitor.additionalMetricsRelabels
[INFO] Auditing path $.configReloader.serviceMonitor.selfMonitor.additionalRelabeling
[INFO] Auditing path $.configReloader.serviceMonitor.selfMonitor.interval
[INFO] Auditing path $.configReloader.serviceMonitor.selfMonitor.path
[INFO] Auditing path $.configReloader.serviceMonitor.selfMonitor.scheme
[INFO] Auditing path $.configReloader.serviceMonitor.selfMonitor.scrapeTimeout
[INFO] Auditing path $.configReloader.serviceMonitor.selfMonitor.tlsConfig
[INFO] Auditing path $.configReloader
[INFO] Auditing path $.containerPort
[INFO] Auditing path $.deploymentAnnotations
[INFO] Auditing path $.dnsConfig
[INFO] Auditing path $.dnsPolicy
[INFO] Auditing path $.extraArgs
[INFO] Auditing path $.extraConfigmapMounts
[INFO] Auditing path $.extraContainers
[INFO] Auditing path $.extraEnv
[INFO] Auditing path $.extraEnvFrom
[INFO] Auditing path $.extraInitContainers
[INFO] Auditing path $.extraManifests[*]
[INFO] Auditing path $.extraManifests
[INFO] Auditing path $.extraSecretMounts
[INFO] Auditing path $.extraVolumeMounts
[INFO] Auditing path $.extraVolumes
[INFO] Auditing path $.global.imageRegistry
[INFO] Auditing path $.global
[INFO] Auditing path $.hostAliases
[INFO] Auditing path $.hostNetwork
[INFO] Auditing path $.hostPort
[INFO] Auditing path $.image.digest
[INFO] Auditing path $.image.pullPolicy
[INFO] Auditing path $.image.registry
[INFO] Auditing path $.image.repository
[INFO] Auditing path $.image.tag
[INFO] Auditing path $.image
[INFO] Auditing path $.ingress.annotations
[INFO] Auditing path $.ingress.className
[INFO] Auditing path $.ingress.enabled
[INFO] Auditing path $.ingress.hosts
[INFO] Auditing path $.ingress.hosts[*].host
[INFO] Auditing path $.ingress.hosts[*].paths
[INFO] Auditing path $.ingress.hosts[*].paths[*].path
[INFO] Auditing path $.ingress.hosts[*].paths[*].pathType
[INFO] Auditing path $.ingress.labels
[INFO] Auditing path $.ingress.tls
[INFO] Auditing path $.ingress.tls[*].hosts
[INFO] Auditing path $.ingress.tls[*].hosts[*]
[INFO] Auditing path $.ingress.tls[*].secretName
[INFO] Auditing path $.ingress
[INFO] Auditing path $.kind
[INFO] Auditing path $.kubeVersionOverride
[INFO] Auditing path $.livenessProbe.failureThreshold
[INFO] Auditing path $.livenessProbe.httpGet
[INFO] Auditing path $.livenessProbe.httpGet.path
[INFO] Auditing path $.livenessProbe.httpGet.port
[INFO] Auditing path $.livenessProbe
[INFO] Auditing path $.namespaceOverride
[INFO] Auditing path $.networkPolicy.allowMonitoringNamespace
[INFO] Auditing path $.networkPolicy.enabled
[INFO] Auditing path $.networkPolicy.monitoringNamespaceName
[INFO] Auditing path $.networkPolicy
[INFO] Auditing path $.nodeSelector
[INFO] Auditing path $.pod.labels
[INFO] Auditing path $.pod
[INFO] Auditing path $.podAnnotations
[INFO] Auditing path $.podDisruptionBudget
[INFO] Auditing path $.podMonitoring.defaults
[INFO] Auditing path $.podMonitoring.defaults.additionalMetricsRelabels
[INFO] Auditing path $.podMonitoring.defaults.interval
[INFO] Auditing path $.podMonitoring.defaults.labels
[INFO] Auditing path $.podMonitoring.defaults.module
[INFO] Auditing path $.podMonitoring.defaults.scrapeTimeout
[INFO] Auditing path $.podMonitoring.enabled
[INFO] Auditing path $.podMonitoring.path
[INFO] Auditing path $.podMonitoring.scheme
[INFO] Auditing path $.podMonitoring.selfMonitor
[INFO] Auditing path $.podMonitoring.selfMonitor.additionalMetricsRelabels
[INFO] Auditing path $.podMonitoring.selfMonitor.enabled
[INFO] Auditing path $.podMonitoring.selfMonitor.interval
[INFO] Auditing path $.podMonitoring.selfMonitor.labels
[INFO] Auditing path $.podMonitoring.selfMonitor.path
[INFO] Auditing path $.podMonitoring.selfMonitor.scrapeTimeout
[INFO] Auditing path $.podMonitoring.targets
[INFO] Auditing path $.podMonitoring.targets[*].additionalMetricsRelabels
[INFO] Auditing path $.podMonitoring.targets[*].hostname
[INFO] Auditing path $.podMonitoring.targets[*].interval
[INFO] Auditing path $.podMonitoring.targets[*].labels
[INFO] Auditing path $.podMonitoring.targets[*].module
[INFO] Auditing path $.podMonitoring.targets[*].name
[INFO] Auditing path $.podMonitoring.targets[*].scrapeTimeout
[INFO] Auditing path $.podMonitoring.targets[*].url
[INFO] Auditing path $.podMonitoring.tlsConfig
[INFO] Auditing path $.podMonitoring
[INFO] Auditing path $.podSecurityContext
[INFO] Auditing path $.priorityClassName
[INFO] Auditing path $.prometheusRule.additionalLabels
[INFO] Auditing path $.prometheusRule.enabled
[INFO] Auditing path $.prometheusRule.namespace
[INFO] Auditing path $.prometheusRule.rules
[INFO] Auditing path $.prometheusRule
[INFO] Auditing path $.readinessProbe.httpGet
[INFO] Auditing path $.readinessProbe.httpGet.path
[INFO] Auditing path $.readinessProbe.httpGet.port
[INFO] Auditing path $.readinessProbe
[INFO] Auditing path $.releaseLabel
[INFO] Auditing path $.replicas
[INFO] Auditing path $.resources
[INFO] Auditing path $.restartPolicy
[INFO] Auditing path $.revisionHistoryLimit
[INFO] Auditing path $.route[*].additionalRules
[INFO] Auditing path $.route[*].annotations
[INFO] Auditing path $.route[*].apiVersion
[INFO] Auditing path $.route[*].enabled
[INFO] Auditing path $.route[*].filters
[INFO] Auditing path $.route[*].hostnames
[INFO] Auditing path $.route[*].httpsRedirect
[INFO] Auditing path $.route[*].kind
[INFO] Auditing path $.route[*].labels
[INFO] Auditing path $.route[*].matches
[INFO] Auditing path $.route[*].name
[INFO] Auditing path $.route[*].parentRefs
[INFO] Auditing path $.route.main
[INFO] Auditing path $.route.main.additionalRules
[INFO] Auditing path $.route.main.annotations
[INFO] Auditing path $.route.main.apiVersion
[INFO] Auditing path $.route.main.enabled
[INFO] Auditing path $.route.main.filters
[INFO] Auditing path $.route.main.hostnames
[INFO] Auditing path $.route.main.httpsRedirect
[INFO] Auditing path $.route.main.kind
[INFO] Auditing path $.route.main.labels
[INFO] Auditing path $.route.main.matches
[INFO] Auditing path $.route.main.matches[*].path
[INFO] Auditing path $.route.main.matches[*].path.type
[INFO] Auditing path $.route.main.matches[*].path.value
[INFO] Auditing path $.route.main.name
[INFO] Auditing path $.route.main.parentRefs
[INFO] Auditing path $.route
[INFO] Auditing path $.secretAnnotations
[INFO] Auditing path $.secretConfig
[INFO] Auditing path $.securityContext.allowPrivilegeEscalation
[INFO] Auditing path $.securityContext.capabilities
[INFO] Auditing path $.securityContext.capabilities.drop
[INFO] Auditing path $.securityContext.readOnlyRootFilesystem
[INFO] Auditing path $.securityContext.runAsGroup
[INFO] Auditing path $.securityContext.runAsNonRoot
[INFO] Auditing path $.securityContext.runAsUser
[INFO] Auditing path $.securityContext
[INFO] Auditing path $.service.annotations
[INFO] Auditing path $.service.externalIPs
[INFO] Auditing path $.service.ipDualStack
[INFO] Auditing path $.service.ipDualStack.enabled
[INFO] Auditing path $.service.ipDualStack.ipFamilies
[INFO] Auditing path $.service.ipDualStack.ipFamilyPolicy
[INFO] Auditing path $.service.labels
[INFO] Auditing path $.service.port
[INFO] Auditing path $.service.type
[INFO] Auditing path $.service
[INFO] Auditing path $.serviceAccount.annotations
[INFO] Auditing path $.serviceAccount.create
[INFO] Auditing path $.serviceAccount.name
[INFO] Auditing path $.serviceAccount
[INFO] Auditing path $.serviceMonitor.apiVersion
[INFO] Auditing path $.serviceMonitor.bearerTokenFile
[INFO] Auditing path $.serviceMonitor.defaults
[INFO] Auditing path $.serviceMonitor.defaults.additionalMetricsRelabels
[INFO] Auditing path $.serviceMonitor.defaults.additionalRelabeling
[INFO] Auditing path $.serviceMonitor.defaults.honorTimestamps
[INFO] Auditing path $.serviceMonitor.defaults.interval
[INFO] Auditing path $.serviceMonitor.defaults.labels
[INFO] Auditing path $.serviceMonitor.defaults.module
[INFO] Auditing path $.serviceMonitor.defaults.scrapeTimeout
[INFO] Auditing path $.serviceMonitor.enabled
[INFO] Auditing path $.serviceMonitor.path
[INFO] Auditing path $.serviceMonitor.scheme
[INFO] Auditing path $.serviceMonitor.selfMonitor
[INFO] Auditing path $.serviceMonitor.selfMonitor.additionalMetricsRelabels
[INFO] Auditing path $.serviceMonitor.selfMonitor.additionalRelabeling
[INFO] Auditing path $.serviceMonitor.selfMonitor.enabled
[INFO] Auditing path $.serviceMonitor.selfMonitor.interval
[INFO] Auditing path $.serviceMonitor.selfMonitor.labels
[INFO] Auditing path $.serviceMonitor.selfMonitor.path
[INFO] Auditing path $.serviceMonitor.selfMonitor.port
[INFO] Auditing path $.serviceMonitor.selfMonitor.scheme
[INFO] Auditing path $.serviceMonitor.selfMonitor.scrapeTimeout
[INFO] Auditing path $.serviceMonitor.selfMonitor.tlsConfig
[INFO] Auditing path $.serviceMonitor.targets
[INFO] Auditing path $.serviceMonitor.targets[*]
[INFO] Auditing path $.serviceMonitor.tlsConfig
[INFO] Auditing path $.serviceMonitor
[INFO] Auditing path $.strategy.rollingUpdate
[INFO] Auditing path $.strategy.rollingUpdate.maxSurge
[INFO] Auditing path $.strategy.rollingUpdate.maxUnavailable
[INFO] Auditing path $.strategy.type
[INFO] Auditing path $.strategy
[INFO] Auditing path $.tolerations
[INFO] Auditing path $.topologySpreadConstraints
[INFO] Auditing path $.verticalPodAutoscaler.controlledResources
[INFO] Auditing path $.verticalPodAutoscaler.controlledValues
[INFO] Auditing path $.verticalPodAutoscaler.enabled
[INFO] Auditing path $.verticalPodAutoscaler.maxAllowed
[INFO] Auditing path $.verticalPodAutoscaler.minAllowed
[INFO] Auditing path $.verticalPodAutoscaler.recommenders
[INFO] Auditing path $.verticalPodAutoscaler.updatePolicy
[INFO] Auditing path $.verticalPodAutoscaler.updatePolicy.updateMode
[INFO] Auditing path $.verticalPodAutoscaler
