[INFO] Auditing path $.clusterDomain
[INFO] Auditing path $.commonAnnotations
[INFO] Auditing path $.commonLabels
[INFO] Auditing path $.csiProvider.affinity
[INFO] Auditing path $.csiProvider.agent
[INFO] Auditing path $.csiProvider.agent.args
[INFO] Auditing path $.csiProvider.agent.command
[INFO] Auditing path $.csiProvider.agent.containerPorts
[INFO] Auditing path $.csiProvider.agent.containerPorts.tcp
[INFO] Auditing path $.csiProvider.agent.containerSecurityContext
[INFO] Auditing path $.csiProvider.agent.containerSecurityContext.allowPrivilegeEscalation
[INFO] Auditing path $.csiProvider.agent.containerSecurityContext.capabilities
[INFO] Auditing path $.csiProvider.agent.containerSecurityContext.capabilities.drop
[INFO] Auditing path $.csiProvider.agent.containerSecurityContext.enabled
[INFO] Auditing path $.csiProvider.agent.containerSecurityContext.privileged
[INFO] Auditing path $.csiProvider.agent.containerSecurityContext.readOnlyRootFilesystem
[INFO] Auditing path $.csiProvider.agent.containerSecurityContext.runAsGroup
[INFO] Auditing path $.csiProvider.agent.containerSecurityContext.runAsNonRoot
[INFO] Auditing path $.csiProvider.agent.containerSecurityContext.runAsUser
[INFO] Auditing path $.csiProvider.agent.containerSecurityContext.seLinuxOptions
[INFO] Auditing path $.csiProvider.agent.containerSecurityContext.seccompProfile
[INFO] Auditing path $.csiProvider.agent.containerSecurityContext.seccompProfile.type
[INFO] Auditing path $.csiProvider.agent.customLivenessProbe
[INFO] Auditing path $.csiProvider.agent.customReadinessProbe
[INFO] Auditing path $.csiProvider.agent.customStartupProbe
[INFO] Auditing path $.csiProvider.agent.extraEnvVars
[INFO] Auditing path $.csiProvider.agent.extraEnvVarsCM
[INFO] Auditing path $.csiProvider.agent.extraEnvVarsSecret
[INFO] Auditing path $.csiProvider.agent.extraVolumeMounts
[INFO] Auditing path $.csiProvider.agent.lifecycleHooks
[INFO] Auditing path $.csiProvider.agent.livenessProbe
[INFO] Auditing path $.csiProvider.agent.livenessProbe.enabled
[INFO] Auditing path $.csiProvider.agent.livenessProbe.failureThreshold
[INFO] Auditing path $.csiProvider.agent.livenessProbe.initialDelaySeconds
[INFO] Auditing path $.csiProvider.agent.livenessProbe.periodSeconds
[INFO] Auditing path $.csiProvider.agent.livenessProbe.successThreshold
[INFO] Auditing path $.csiProvider.agent.livenessProbe.timeoutSeconds
[INFO] Auditing path $.csiProvider.agent.readinessProbe
[INFO] Auditing path $.csiProvider.agent.readinessProbe.enabled
[INFO] Auditing path $.csiProvider.agent.readinessProbe.failureThreshold
[INFO] Auditing path $.csiProvider.agent.readinessProbe.initialDelaySeconds
[INFO] Auditing path $.csiProvider.agent.readinessProbe.periodSeconds
[INFO] Auditing path $.csiProvider.agent.readinessProbe.successThreshold
[INFO] Auditing path $.csiProvider.agent.readinessProbe.timeoutSeconds
[INFO] Auditing path $.csiProvider.agent.resources
[INFO] Auditing path $.csiProvider.agent.resourcesPreset
[INFO] Auditing path $.csiProvider.agent.startupProbe
[INFO] Auditing path $.csiProvider.agent.startupProbe.enabled
[INFO] Auditing path $.csiProvider.agent.startupProbe.failureThreshold
[INFO] Auditing path $.csiProvider.agent.startupProbe.initialDelaySeconds
[INFO] Auditing path $.csiProvider.agent.startupProbe.periodSeconds
[INFO] Auditing path $.csiProvider.agent.startupProbe.successThreshold
[INFO] Auditing path $.csiProvider.agent.startupProbe.timeoutSeconds
[INFO] Auditing path $.csiProvider.automountServiceAccountToken
[INFO] Auditing path $.csiProvider.config
[INFO] Auditing path $.csiProvider.enabled
[INFO] Auditing path $.csiProvider.existingConfigMap
[INFO] Auditing path $.csiProvider.extraVolumes
[INFO] Auditing path $.csiProvider.hostAliases
[INFO] Auditing path $.csiProvider.image
[INFO] Auditing path $.csiProvider.image.debug
[INFO] Auditing path $.csiProvider.image.digest
[INFO] Auditing path $.csiProvider.image.pullPolicy
[INFO] Auditing path $.csiProvider.image.pullSecrets
[INFO] Auditing path $.csiProvider.image.registry
[INFO] Auditing path $.csiProvider.image.repository
[INFO] Auditing path $.csiProvider.image.tag
[INFO] Auditing path $.csiProvider.initContainers
[INFO] Auditing path $.csiProvider.networkPolicy
[INFO] Auditing path $.csiProvider.networkPolicy.allowExternalEgress
[INFO] Auditing path $.csiProvider.networkPolicy.enabled
[INFO] Auditing path $.csiProvider.networkPolicy.extraEgress
[INFO] Auditing path $.csiProvider.networkPolicy.extraIngress
[INFO] Auditing path $.csiProvider.networkPolicy.kubeAPIServerPorts
[INFO] Auditing path $.csiProvider.networkPolicy.kubeAPIServerPorts[*]
[INFO] Auditing path $.csiProvider.nodeAffinityPreset
[INFO] Auditing path $.csiProvider.nodeAffinityPreset.key
[INFO] Auditing path $.csiProvider.nodeAffinityPreset.type
[INFO] Auditing path $.csiProvider.nodeAffinityPreset.values
[INFO] Auditing path $.csiProvider.nodeSelector
[INFO] Auditing path $.csiProvider.podAffinityPreset
[INFO] Auditing path $.csiProvider.podAnnotations
[INFO] Auditing path $.csiProvider.podAntiAffinityPreset
[INFO] Auditing path $.csiProvider.podLabels
[INFO] Auditing path $.csiProvider.podSecurityContext
[INFO] Auditing path $.csiProvider.podSecurityContext.enabled
[INFO] Auditing path $.csiProvider.podSecurityContext.fsGroup
[INFO] Auditing path $.csiProvider.podSecurityContext.fsGroupChangePolicy
[INFO] Auditing path $.csiProvider.podSecurityContext.supplementalGroups
[INFO] Auditing path $.csiProvider.podSecurityContext.sysctls
[INFO] Auditing path $.csiProvider.priorityClassName
[INFO] Auditing path $.csiProvider.provider
[INFO] Auditing path $.csiProvider.provider.args
[INFO] Auditing path $.csiProvider.provider.command
[INFO] Auditing path $.csiProvider.provider.containerPorts
[INFO] Auditing path $.csiProvider.provider.containerPorts.health
[INFO] Auditing path $.csiProvider.provider.containerSecurityContext
[INFO] Auditing path $.csiProvider.provider.containerSecurityContext.allowPrivilegeEscalation
[INFO] Auditing path $.csiProvider.provider.containerSecurityContext.capabilities
[INFO] Auditing path $.csiProvider.provider.containerSecurityContext.capabilities.drop
[INFO] Auditing path $.csiProvider.provider.containerSecurityContext.enabled
[INFO] Auditing path $.csiProvider.provider.containerSecurityContext.privileged
[INFO] Auditing path $.csiProvider.provider.containerSecurityContext.readOnlyRootFilesystem
[INFO] Auditing path $.csiProvider.provider.containerSecurityContext.runAsGroup
[INFO] Auditing path $.csiProvider.provider.containerSecurityContext.runAsNonRoot
[INFO] Auditing path $.csiProvider.provider.containerSecurityContext.runAsUser
[INFO] Auditing path $.csiProvider.provider.containerSecurityContext.seLinuxOptions
[INFO] Auditing path $.csiProvider.provider.containerSecurityContext.seccompProfile
[INFO] Auditing path $.csiProvider.provider.containerSecurityContext.seccompProfile.type
[INFO] Auditing path $.csiProvider.provider.customLivenessProbe
[INFO] Auditing path $.csiProvider.provider.customReadinessProbe
[INFO] Auditing path $.csiProvider.provider.customStartupProbe
[INFO] Auditing path $.csiProvider.provider.extraEnvVars
[INFO] Auditing path $.csiProvider.provider.extraEnvVarsCM
[INFO] Auditing path $.csiProvider.provider.extraEnvVarsSecret
[INFO] Auditing path $.csiProvider.provider.extraVolumeMounts
[INFO] Auditing path $.csiProvider.provider.lifecycleHooks
[INFO] Auditing path $.csiProvider.provider.livenessProbe
[INFO] Auditing path $.csiProvider.provider.livenessProbe.enabled
[INFO] Auditing path $.csiProvider.provider.livenessProbe.failureThreshold
[INFO] Auditing path $.csiProvider.provider.livenessProbe.initialDelaySeconds
[INFO] Auditing path $.csiProvider.provider.livenessProbe.periodSeconds
[INFO] Auditing path $.csiProvider.provider.livenessProbe.successThreshold
[INFO] Auditing path $.csiProvider.provider.livenessProbe.timeoutSeconds
[INFO] Auditing path $.csiProvider.provider.readinessProbe
[INFO] Auditing path $.csiProvider.provider.readinessProbe.enabled
[INFO] Auditing path $.csiProvider.provider.readinessProbe.failureThreshold
[INFO] Auditing path $.csiProvider.provider.readinessProbe.initialDelaySeconds
[INFO] Auditing path $.csiProvider.provider.readinessProbe.periodSeconds
[INFO] Auditing path $.csiProvider.provider.readinessProbe.successThreshold
[INFO] Auditing path $.csiProvider.provider.readinessProbe.timeoutSeconds
[INFO] Auditing path $.csiProvider.provider.resources
[INFO] Auditing path $.csiProvider.provider.resourcesPreset
[INFO] Auditing path $.csiProvider.provider.startupProbe
[INFO] Auditing path $.csiProvider.provider.startupProbe.enabled
[INFO] Auditing path $.csiProvider.provider.startupProbe.failureThreshold
[INFO] Auditing path $.csiProvider.provider.startupProbe.initialDelaySeconds
[INFO] Auditing path $.csiProvider.provider.startupProbe.periodSeconds
[INFO] Auditing path $.csiProvider.provider.startupProbe.successThreshold
[INFO] Auditing path $.csiProvider.provider.startupProbe.timeoutSeconds
[INFO] Auditing path $.csiProvider.rbac
[INFO] Auditing path $.csiProvider.rbac.create
[INFO] Auditing path $.csiProvider.rbac.rules
[INFO] Auditing path $.csiProvider.schedulerName
[INFO] Auditing path $.csiProvider.secretStoreHostPath
[INFO] Auditing path $.csiProvider.serviceAccount
[INFO] Auditing path $.csiProvider.serviceAccount.annotations
[INFO] Auditing path $.csiProvider.serviceAccount.automountServiceAccountToken
[INFO] Auditing path $.csiProvider.serviceAccount.create
[INFO] Auditing path $.csiProvider.serviceAccount.name
[INFO] Auditing path $.csiProvider.sidecars
[INFO] Auditing path $.csiProvider.terminationGracePeriodSeconds
[INFO] Auditing path $.csiProvider.tolerations
[INFO] Auditing path $.csiProvider.topologySpreadConstraints
[INFO] Auditing path $.csiProvider.updateStrategy
[INFO] Auditing path $.csiProvider.updateStrategy.type
[INFO] Auditing path $.csiProvider
[INFO] Auditing path $.diagnosticMode.args
[INFO] Auditing path $.diagnosticMode.command
[INFO] Auditing path $.diagnosticMode.enabled
[INFO] Auditing path $.diagnosticMode
[INFO] Auditing path $.extraDeploy[*]
[INFO] Auditing path $.extraDeploy
[INFO] Auditing path $.fullnameOverride
[INFO] Auditing path $.global.compatibility
[INFO] Auditing path $.global.compatibility.openshift
[INFO] Auditing path $.global.compatibility.openshift.adaptSecurityContext
[INFO] Auditing path $.global.defaultStorageClass
[INFO] Auditing path $.global.imagePullSecrets
[INFO] Auditing path $.global.imageRegistry
[INFO] Auditing path $.global.security
[INFO] Auditing path $.global.security.allowInsecureImages
[INFO] Auditing path $.global.storageClass
[INFO] Auditing path $.global
[INFO] Auditing path $.injector.affinity
[INFO] Auditing path $.injector.args
[INFO] Auditing path $.injector.automountServiceAccountToken
[INFO] Auditing path $.injector.autoscaling
[INFO] Auditing path $.injector.autoscaling.enabled
[INFO] Auditing path $.injector.autoscaling.maxReplicas
[INFO] Auditing path $.injector.autoscaling.minReplicas
[INFO] Auditing path $.injector.autoscaling.targetCPU
[INFO] Auditing path $.injector.autoscaling.targetMemory
[INFO] Auditing path $.injector.command
[INFO] Auditing path $.injector.containerPorts
[INFO] Auditing path $.injector.containerPorts.https
[INFO] Auditing path $.injector.containerSecurityContext
[INFO] Auditing path $.injector.containerSecurityContext.allowPrivilegeEscalation
[INFO] Auditing path $.injector.containerSecurityContext.capabilities
[INFO] Auditing path $.injector.containerSecurityContext.capabilities.drop
[INFO] Auditing path $.injector.containerSecurityContext.enabled
[INFO] Auditing path $.injector.containerSecurityContext.privileged
[INFO] Auditing path $.injector.containerSecurityContext.readOnlyRootFilesystem
[INFO] Auditing path $.injector.containerSecurityContext.runAsGroup
[INFO] Auditing path $.injector.containerSecurityContext.runAsNonRoot
[INFO] Auditing path $.injector.containerSecurityContext.runAsUser
[INFO] Auditing path $.injector.containerSecurityContext.seLinuxOptions
[INFO] Auditing path $.injector.containerSecurityContext.seccompProfile
[INFO] Auditing path $.injector.containerSecurityContext.seccompProfile.type
[INFO] Auditing path $.injector.customLivenessProbe
[INFO] Auditing path $.injector.customReadinessProbe
[INFO] Auditing path $.injector.customStartupProbe
[INFO] Auditing path $.injector.enabled
[INFO] Auditing path $.injector.extraEnvVars
[INFO] Auditing path $.injector.extraEnvVarsCM
[INFO] Auditing path $.injector.extraEnvVarsSecret
[INFO] Auditing path $.injector.extraVolumeMounts
[INFO] Auditing path $.injector.extraVolumes
[INFO] Auditing path $.injector.hostAliases
[INFO] Auditing path $.injector.image
[INFO] Auditing path $.injector.image.debug
[INFO] Auditing path $.injector.image.digest
[INFO] Auditing path $.injector.image.pullPolicy
[INFO] Auditing path $.injector.image.pullSecrets
[INFO] Auditing path $.injector.image.registry
[INFO] Auditing path $.injector.image.repository
[INFO] Auditing path $.injector.image.tag
[INFO] Auditing path $.injector.initContainers
[INFO] Auditing path $.injector.lifecycleHooks
[INFO] Auditing path $.injector.livenessProbe
[INFO] Auditing path $.injector.livenessProbe.enabled
[INFO] Auditing path $.injector.livenessProbe.failureThreshold
[INFO] Auditing path $.injector.livenessProbe.initialDelaySeconds
[INFO] Auditing path $.injector.livenessProbe.periodSeconds
[INFO] Auditing path $.injector.livenessProbe.successThreshold
[INFO] Auditing path $.injector.livenessProbe.timeoutSeconds
[INFO] Auditing path $.injector.networkPolicy
[INFO] Auditing path $.injector.networkPolicy.allowExternal
[INFO] Auditing path $.injector.networkPolicy.allowExternalEgress
[INFO] Auditing path $.injector.networkPolicy.enabled
[INFO] Auditing path $.injector.networkPolicy.extraEgress
[INFO] Auditing path $.injector.networkPolicy.extraIngress
[INFO] Auditing path $.injector.networkPolicy.ingressNSMatchLabels
[INFO] Auditing path $.injector.networkPolicy.ingressNSMatchLabels[*]
[INFO] Auditing path $.injector.networkPolicy.ingressNSPodMatchLabels
[INFO] Auditing path $.injector.networkPolicy.ingressNSPodMatchLabels[*]
[INFO] Auditing path $.injector.networkPolicy.kubeAPIServerPorts
[INFO] Auditing path $.injector.networkPolicy.kubeAPIServerPorts[*]
[INFO] Auditing path $.injector.nodeAffinityPreset
[INFO] Auditing path $.injector.nodeAffinityPreset.key
[INFO] Auditing path $.injector.nodeAffinityPreset.type
[INFO] Auditing path $.injector.nodeAffinityPreset.values
[INFO] Auditing path $.injector.nodeSelector
[INFO] Auditing path $.injector.pdb
[INFO] Auditing path $.injector.pdb.create
[INFO] Auditing path $.injector.pdb.maxUnavailable
[INFO] Auditing path $.injector.pdb.minAvailable
[INFO] Auditing path $.injector.podAffinityPreset
[INFO] Auditing path $.injector.podAnnotations
[INFO] Auditing path $.injector.podAntiAffinityPreset
[INFO] Auditing path $.injector.podLabels
[INFO] Auditing path $.injector.podSecurityContext
[INFO] Auditing path $.injector.podSecurityContext.enabled
[INFO] Auditing path $.injector.podSecurityContext.fsGroup
[INFO] Auditing path $.injector.podSecurityContext.fsGroupChangePolicy
[INFO] Auditing path $.injector.podSecurityContext.supplementalGroups
[INFO] Auditing path $.injector.podSecurityContext.sysctls
[INFO] Auditing path $.injector.priorityClassName
[INFO] Auditing path $.injector.rbac
[INFO] Auditing path $.injector.rbac.create
[INFO] Auditing path $.injector.rbac.rules
[INFO] Auditing path $.injector.readinessProbe
[INFO] Auditing path $.injector.readinessProbe.enabled
[INFO] Auditing path $.injector.readinessProbe.failureThreshold
[INFO] Auditing path $.injector.readinessProbe.initialDelaySeconds
[INFO] Auditing path $.injector.readinessProbe.periodSeconds
[INFO] Auditing path $.injector.readinessProbe.successThreshold
[INFO] Auditing path $.injector.readinessProbe.timeoutSeconds
[INFO] Auditing path $.injector.replicaCount
[INFO] Auditing path $.injector.resources
[INFO] Auditing path $.injector.resourcesPreset
[INFO] Auditing path $.injector.schedulerName
[INFO] Auditing path $.injector.service
[INFO] Auditing path $.injector.service.annotations
[INFO] Auditing path $.injector.service.clusterIP
[INFO] Auditing path $.injector.service.externalTrafficPolicy
[INFO] Auditing path $.injector.service.extraPorts
[INFO] Auditing path $.injector.service.loadBalancerIP
[INFO] Auditing path $.injector.service.loadBalancerSourceRanges
[INFO] Auditing path $.injector.service.nodePorts
[INFO] Auditing path $.injector.service.nodePorts.https
[INFO] Auditing path $.injector.service.ports
[INFO] Auditing path $.injector.service.ports.https
[INFO] Auditing path $.injector.service.sessionAffinity
[INFO] Auditing path $.injector.service.sessionAffinityConfig
[INFO] Auditing path $.injector.service.type
[INFO] Auditing path $.injector.serviceAccount
[INFO] Auditing path $.injector.serviceAccount.annotations
[INFO] Auditing path $.injector.serviceAccount.automountServiceAccountToken
[INFO] Auditing path $.injector.serviceAccount.create
[INFO] Auditing path $.injector.serviceAccount.name
[INFO] Auditing path $.injector.sidecars
[INFO] Auditing path $.injector.startupProbe
[INFO] Auditing path $.injector.startupProbe.enabled
[INFO] Auditing path $.injector.startupProbe.failureThreshold
[INFO] Auditing path $.injector.startupProbe.initialDelaySeconds
[INFO] Auditing path $.injector.startupProbe.periodSeconds
[INFO] Auditing path $.injector.startupProbe.successThreshold
[INFO] Auditing path $.injector.startupProbe.timeoutSeconds
[INFO] Auditing path $.injector.terminationGracePeriodSeconds
[INFO] Auditing path $.injector.tolerations
[INFO] Auditing path $.injector.topologySpreadConstraints
[INFO] Auditing path $.injector.updateStrategy
[INFO] Auditing path $.injector.updateStrategy.type
[INFO] Auditing path $.injector.webhook
[INFO] Auditing path $.injector.webhook.clientConfig
[INFO] Auditing path $.injector.webhook.clientConfig.caBundle
[INFO] Auditing path $.injector.webhook.namespaceSelector
[INFO] Auditing path $.injector
[INFO] Auditing path $.kubeVersion
[INFO] Auditing path $.nameOverride
[INFO] Auditing path $.namespaceOverride
[INFO] Auditing path $.server.affinity
[INFO] Auditing path $.server.args
[INFO] Auditing path $.server.automountServiceAccountToken
[INFO] Auditing path $.server.command
[INFO] Auditing path $.server.config
[INFO] Auditing path $.server.containerPorts
[INFO] Auditing path $.server.containerPorts.http
[INFO] Auditing path $.server.containerPorts.internal
[INFO] Auditing path $.server.containerSecurityContext
[INFO] Auditing path $.server.containerSecurityContext.allowPrivilegeEscalation
[INFO] Auditing path $.server.containerSecurityContext.capabilities
[INFO] Auditing path $.server.containerSecurityContext.capabilities.drop
[INFO] Auditing path $.server.containerSecurityContext.enabled
[INFO] Auditing path $.server.containerSecurityContext.privileged
[INFO] Auditing path $.server.containerSecurityContext.readOnlyRootFilesystem
[INFO] Auditing path $.server.containerSecurityContext.runAsGroup
[INFO] Auditing path $.server.containerSecurityContext.runAsNonRoot
[INFO] Auditing path $.server.containerSecurityContext.runAsUser
[INFO] Auditing path $.server.containerSecurityContext.seLinuxOptions
[INFO] Auditing path $.server.containerSecurityContext.seccompProfile
[INFO] Auditing path $.server.containerSecurityContext.seccompProfile.type
[INFO] Auditing path $.server.customLivenessProbe
[INFO] Auditing path $.server.customReadinessProbe
[INFO] Auditing path $.server.customStartupProbe
[INFO] Auditing path $.server.enabled
[INFO] Auditing path $.server.existingConfigMap
[INFO] Auditing path $.server.extraEnvVars
[INFO] Auditing path $.server.extraEnvVarsCM
[INFO] Auditing path $.server.extraEnvVarsSecret
[INFO] Auditing path $.server.extraVolumeMounts
[INFO] Auditing path $.server.extraVolumes
[INFO] Auditing path $.server.hostAliases
[INFO] Auditing path $.server.image
[INFO] Auditing path $.server.image.debug
[INFO] Auditing path $.server.image.digest
[INFO] Auditing path $.server.image.pullPolicy
[INFO] Auditing path $.server.image.pullSecrets
[INFO] Auditing path $.server.image.registry
[INFO] Auditing path $.server.image.repository
[INFO] Auditing path $.server.image.tag
[INFO] Auditing path $.server.ingress
[INFO] Auditing path $.server.ingress.annotations
[INFO] Auditing path $.server.ingress.apiVersion
[INFO] Auditing path $.server.ingress.enabled
[INFO] Auditing path $.server.ingress.extraHosts
[INFO] Auditing path $.server.ingress.extraHosts[*].name
[INFO] Auditing path $.server.ingress.extraHosts[*].path
[INFO] Auditing path $.server.ingress.extraHosts[*].pathType
[INFO] Auditing path $.server.ingress.extraPaths
[INFO] Auditing path $.server.ingress.extraRules
[INFO] Auditing path $.server.ingress.extraTls
[INFO] Auditing path $.server.ingress.hostname
[INFO] Auditing path $.server.ingress.ingressClassName
[INFO] Auditing path $.server.ingress.path
[INFO] Auditing path $.server.ingress.pathType
[INFO] Auditing path $.server.ingress.secrets
[INFO] Auditing path $.server.ingress.secrets[*].certificate
[INFO] Auditing path $.server.ingress.secrets[*].key
[INFO] Auditing path $.server.ingress.secrets[*].name
[INFO] Auditing path $.server.ingress.selfSigned
[INFO] Auditing path $.server.ingress.tls
[INFO] Auditing path $.server.initContainers
[INFO] Auditing path $.server.lifecycleHooks
[INFO] Auditing path $.server.livenessProbe
[INFO] Auditing path $.server.livenessProbe.enabled
[INFO] Auditing path $.server.livenessProbe.failureThreshold
[INFO] Auditing path $.server.livenessProbe.initialDelaySeconds
[INFO] Auditing path $.server.livenessProbe.periodSeconds
[INFO] Auditing path $.server.livenessProbe.successThreshold
[INFO] Auditing path $.server.livenessProbe.timeoutSeconds
[INFO] Auditing path $.server.metrics
[INFO] Auditing path $.server.metrics.annotations
[INFO] Auditing path $.server.metrics.annotations["prometheus.io/port"]
[INFO] Auditing path $.server.metrics.annotations["prometheus.io/scrape"]
[INFO] Auditing path $.server.metrics.enabled
[INFO] Auditing path $.server.metrics.serviceMonitor
[INFO] Auditing path $.server.metrics.serviceMonitor.annotations
[INFO] Auditing path $.server.metrics.serviceMonitor.enabled
[INFO] Auditing path $.server.metrics.serviceMonitor.honorLabels
[INFO] Auditing path $.server.metrics.serviceMonitor.interval
[INFO] Auditing path $.server.metrics.serviceMonitor.jobLabel
[INFO] Auditing path $.server.metrics.serviceMonitor.labels
[INFO] Auditing path $.server.metrics.serviceMonitor.metricRelabelings
[INFO] Auditing path $.server.metrics.serviceMonitor.namespace
[INFO] Auditing path $.server.metrics.serviceMonitor.relabelings
[INFO] Auditing path $.server.metrics.serviceMonitor.scrapeTimeout
[INFO] Auditing path $.server.metrics.serviceMonitor.selector
[INFO] Auditing path $.server.networkPolicy
[INFO] Auditing path $.server.networkPolicy.allowExternal
[INFO] Auditing path $.server.networkPolicy.allowExternalEgress
[INFO] Auditing path $.server.networkPolicy.enabled
[INFO] Auditing path $.server.networkPolicy.extraEgress
[INFO] Auditing path $.server.networkPolicy.extraIngress
[INFO] Auditing path $.server.networkPolicy.ingressNSMatchLabels
[INFO] Auditing path $.server.networkPolicy.ingressNSMatchLabels[*]
[INFO] Auditing path $.server.networkPolicy.ingressNSPodMatchLabels
[INFO] Auditing path $.server.networkPolicy.ingressNSPodMatchLabels[*]
[INFO] Auditing path $.server.networkPolicy.kubeAPIServerPorts
[INFO] Auditing path $.server.networkPolicy.kubeAPIServerPorts[*]
[INFO] Auditing path $.server.nodeAffinityPreset
[INFO] Auditing path $.server.nodeAffinityPreset.key
[INFO] Auditing path $.server.nodeAffinityPreset.type
[INFO] Auditing path $.server.nodeAffinityPreset.values
[INFO] Auditing path $.server.nodeSelector
[INFO] Auditing path $.server.pdb
[INFO] Auditing path $.server.pdb.create
[INFO] Auditing path $.server.pdb.maxUnavailable
[INFO] Auditing path $.server.pdb.minAvailable
[INFO] Auditing path $.server.persistence
[INFO] Auditing path $.server.persistence.accessModes
[INFO] Auditing path $.server.persistence.accessModes[*]
[INFO] Auditing path $.server.persistence.annotations
[INFO] Auditing path $.server.persistence.dataSource
[INFO] Auditing path $.server.persistence.enabled
[INFO] Auditing path $.server.persistence.existingClaim
[INFO] Auditing path $.server.persistence.extraVolumeClaimTemplates
[INFO] Auditing path $.server.persistence.mountPath
[INFO] Auditing path $.server.persistence.selector
[INFO] Auditing path $.server.persistence.size
[INFO] Auditing path $.server.persistence.storageClass
[INFO] Auditing path $.server.podAffinityPreset
[INFO] Auditing path $.server.podAnnotations
[INFO] Auditing path $.server.podAntiAffinityPreset
[INFO] Auditing path $.server.podLabels
[INFO] Auditing path $.server.podManagementPolicy
[INFO] Auditing path $.server.podSecurityContext
[INFO] Auditing path $.server.podSecurityContext.enabled
[INFO] Auditing path $.server.podSecurityContext.fsGroup
[INFO] Auditing path $.server.podSecurityContext.fsGroupChangePolicy
[INFO] Auditing path $.server.podSecurityContext.supplementalGroups
[INFO] Auditing path $.server.podSecurityContext.sysctls
[INFO] Auditing path $.server.priorityClassName
[INFO] Auditing path $.server.rbac
[INFO] Auditing path $.server.rbac.create
[INFO] Auditing path $.server.rbac.createClusterRoleBinding
[INFO] Auditing path $.server.rbac.discovery
[INFO] Auditing path $.server.rbac.discovery.rules
[INFO] Auditing path $.server.rbac.discovery.rules[*].apiGroups
[INFO] Auditing path $.server.rbac.discovery.rules[*].resources
[INFO] Auditing path $.server.rbac.discovery.rules[*].verbs
[INFO] Auditing path $.server.rbac.leaderElection
[INFO] Auditing path $.server.rbac.leaderElection.rules
[INFO] Auditing path $.server.rbac.leaderElection.rules[*].apiGroups
[INFO] Auditing path $.server.rbac.leaderElection.rules[*].resources
[INFO] Auditing path $.server.rbac.leaderElection.rules[*].verbs
[INFO] Auditing path $.server.readinessProbe
[INFO] Auditing path $.server.readinessProbe.enabled
[INFO] Auditing path $.server.readinessProbe.failureThreshold
[INFO] Auditing path $.server.readinessProbe.initialDelaySeconds
[INFO] Auditing path $.server.readinessProbe.periodSeconds
[INFO] Auditing path $.server.readinessProbe.successThreshold
[INFO] Auditing path $.server.readinessProbe.timeoutSeconds
[INFO] Auditing path $.server.replicaCount
[INFO] Auditing path $.server.resources
[INFO] Auditing path $.server.resourcesPreset
[INFO] Auditing path $.server.schedulerName
[INFO] Auditing path $.server.service
[INFO] Auditing path $.server.service.active
[INFO] Auditing path $.server.service.active.annotations
[INFO] Auditing path $.server.service.active.clusterIP
[INFO] Auditing path $.server.service.active.externalTrafficPolicy
[INFO] Auditing path $.server.service.active.extraPorts
[INFO] Auditing path $.server.service.active.loadBalancerIP
[INFO] Auditing path $.server.service.active.loadBalancerSourceRanges
[INFO] Auditing path $.server.service.active.nodePorts
[INFO] Auditing path $.server.service.active.nodePorts.http
[INFO] Auditing path $.server.service.active.nodePorts.internal
[INFO] Auditing path $.server.service.active.ports
[INFO] Auditing path $.server.service.active.ports.http
[INFO] Auditing path $.server.service.active.ports.internal
[INFO] Auditing path $.server.service.active.sessionAffinity
[INFO] Auditing path $.server.service.active.sessionAffinityConfig
[INFO] Auditing path $.server.service.active.type
[INFO] Auditing path $.server.service.annotations
[INFO] Auditing path $.server.service.general
[INFO] Auditing path $.server.service.general.annotations
[INFO] Auditing path $.server.service.general.clusterIP
[INFO] Auditing path $.server.service.general.externalTrafficPolicy
[INFO] Auditing path $.server.service.general.extraPorts
[INFO] Auditing path $.server.service.general.loadBalancerIP
[INFO] Auditing path $.server.service.general.loadBalancerSourceRanges
[INFO] Auditing path $.server.service.general.nodePorts
[INFO] Auditing path $.server.service.general.nodePorts.http
[INFO] Auditing path $.server.service.general.nodePorts.internal
[INFO] Auditing path $.server.service.general.ports
[INFO] Auditing path $.server.service.general.ports.http
[INFO] Auditing path $.server.service.general.ports.internal
[INFO] Auditing path $.server.service.general.sessionAffinity
[INFO] Auditing path $.server.service.general.sessionAffinityConfig
[INFO] Auditing path $.server.service.general.type
[INFO] Auditing path $.server.serviceAccount
[INFO] Auditing path $.server.serviceAccount.annotations
[INFO] Auditing path $.server.serviceAccount.automountServiceAccountToken
[INFO] Auditing path $.server.serviceAccount.create
[INFO] Auditing path $.server.serviceAccount.name
[INFO] Auditing path $.server.sidecars
[INFO] Auditing path $.server.startupProbe
[INFO] Auditing path $.server.startupProbe.enabled
[INFO] Auditing path $.server.startupProbe.failureThreshold
[INFO] Auditing path $.server.startupProbe.initialDelaySeconds
[INFO] Auditing path $.server.startupProbe.periodSeconds
[INFO] Auditing path $.server.startupProbe.successThreshold
[INFO] Auditing path $.server.startupProbe.timeoutSeconds
[INFO] Auditing path $.server.terminationGracePeriodSeconds
[INFO] Auditing path $.server.tolerations
[INFO] Auditing path $.server.topologySpreadConstraints
[INFO] Auditing path $.server.updateStrategy
[INFO] Auditing path $.server.updateStrategy.type
[INFO] Auditing path $.server
[INFO] Auditing path $.volumePermissions.containerSecurityContext
[INFO] Auditing path $.volumePermissions.containerSecurityContext.enabled
[INFO] Auditing path $.volumePermissions.containerSecurityContext.runAsUser
[INFO] Auditing path $.volumePermissions.containerSecurityContext.seLinuxOptions
[INFO] Auditing path $.volumePermissions.enabled
[INFO] Auditing path $.volumePermissions.image
[INFO] Auditing path $.volumePermissions.image.digest
[INFO] Auditing path $.volumePermissions.image.pullPolicy
[INFO] Auditing path $.volumePermissions.image.pullSecrets
[INFO] Auditing path $.volumePermissions.image.registry
[INFO] Auditing path $.volumePermissions.image.repository
[INFO] Auditing path $.volumePermissions.image.tag
[INFO] Auditing path $.volumePermissions.resources
[INFO] Auditing path $.volumePermissions.resourcesPreset
[INFO] Auditing path $.volumePermissions
