[INFO] Auditing path $.affinity
[INFO] Auditing path $.args
[INFO] Auditing path $.auth.client
[INFO] Auditing path $.auth.client.caFilename
[INFO] Auditing path $.auth.client.certFilename
[INFO] Auditing path $.auth.client.certKeyFilename
[INFO] Auditing path $.auth.client.enableAuthentication
[INFO] Auditing path $.auth.client.existingSecret
[INFO] Auditing path $.auth.client.secureTransport
[INFO] Auditing path $.auth.client.useAutoTLS
[INFO] Auditing path $.auth.peer
[INFO] Auditing path $.auth.peer.caFilename
[INFO] Auditing path $.auth.peer.certFilename
[INFO] Auditing path $.auth.peer.certKeyFilename
[INFO] Auditing path $.auth.peer.enableAuthentication
[INFO] Auditing path $.auth.peer.existingSecret
[INFO] Auditing path $.auth.peer.secureTransport
[INFO] Auditing path $.auth.peer.useAutoTLS
[INFO] Auditing path $.auth.rbac
[INFO] Auditing path $.auth.rbac.allowNoneAuthentication
[INFO] Auditing path $.auth.rbac.create
[INFO] Auditing path $.auth.rbac.enabled
[INFO] Auditing path $.auth.rbac.existingSecret
[INFO] Auditing path $.auth.rbac.existingSecretPasswordKey
[INFO] Auditing path $.auth.rbac.rootPassword
[INFO] Auditing path $.auth.token
[INFO] Auditing path $.auth.token.enabled
[INFO] Auditing path $.auth.token.privateKey
[INFO] Auditing path $.auth.token.privateKey.existingSecret
[INFO] Auditing path $.auth.token.privateKey.filename
[INFO] Auditing path $.auth.token.signMethod
[INFO] Auditing path $.auth.token.ttl
[INFO] Auditing path $.auth.token.type
[INFO] Auditing path $.auth
[INFO] Auditing path $.autoCompactionMode
[INFO] Auditing path $.autoCompactionRetention
[INFO] Auditing path $.automountServiceAccountToken
[INFO] Auditing path $.clusterDomain
[INFO] Auditing path $.command
[INFO] Auditing path $.commonAnnotations
[INFO] Auditing path $.commonLabels
[INFO] Auditing path $.configuration
[INFO] Auditing path $.containerPorts.client
[INFO] Auditing path $.containerPorts.metrics
[INFO] Auditing path $.containerPorts.peer
[INFO] Auditing path $.containerPorts
[INFO] Auditing path $.containerSecurityContext.allowPrivilegeEscalation
[INFO] Auditing path $.containerSecurityContext.capabilities
[INFO] Auditing path $.containerSecurityContext.capabilities.drop
[INFO] Auditing path $.containerSecurityContext.enabled
[INFO] Auditing path $.containerSecurityContext.privileged
[INFO] Auditing path $.containerSecurityContext.readOnlyRootFilesystem
[INFO] Auditing path $.containerSecurityContext.runAsGroup
[INFO] Auditing path $.containerSecurityContext.runAsNonRoot
[INFO] Auditing path $.containerSecurityContext.runAsUser
[INFO] Auditing path $.containerSecurityContext.seLinuxOptions
[INFO] Auditing path $.containerSecurityContext.seccompProfile
[INFO] Auditing path $.containerSecurityContext.seccompProfile.type
[INFO] Auditing path $.containerSecurityContext
[INFO] Auditing path $.customLivenessProbe
[INFO] Auditing path $.customReadinessProbe
[INFO] Auditing path $.customStartupProbe
[INFO] Auditing path $.defrag.cronjob
[INFO] Auditing path $.defrag.cronjob.activeDeadlineSeconds
[INFO] Auditing path $.defrag.cronjob.annotations
[INFO] Auditing path $.defrag.cronjob.args
[INFO] Auditing path $.defrag.cronjob.command
[INFO] Auditing path $.defrag.cronjob.concurrencyPolicy
[INFO] Auditing path $.defrag.cronjob.containerSecurityContext
[INFO] Auditing path $.defrag.cronjob.containerSecurityContext.allowPrivilegeEscalation
[INFO] Auditing path $.defrag.cronjob.containerSecurityContext.capabilities
[INFO] Auditing path $.defrag.cronjob.containerSecurityContext.capabilities.drop
[INFO] Auditing path $.defrag.cronjob.containerSecurityContext.enabled
[INFO] Auditing path $.defrag.cronjob.containerSecurityContext.privileged
[INFO] Auditing path $.defrag.cronjob.containerSecurityContext.readOnlyRootFilesystem
[INFO] Auditing path $.defrag.cronjob.containerSecurityContext.runAsGroup
[INFO] Auditing path $.defrag.cronjob.containerSecurityContext.runAsNonRoot
[INFO] Auditing path $.defrag.cronjob.containerSecurityContext.runAsUser
[INFO] Auditing path $.defrag.cronjob.containerSecurityContext.seLinuxOptions
[INFO] Auditing path $.defrag.cronjob.containerSecurityContext.seccompProfile
[INFO] Auditing path $.defrag.cronjob.containerSecurityContext.seccompProfile.type
[INFO] Auditing path $.defrag.cronjob.extraEnvVars
[INFO] Auditing path $.defrag.cronjob.extraEnvVarsCM
[INFO] Auditing path $.defrag.cronjob.extraEnvVarsSecret
[INFO] Auditing path $.defrag.cronjob.failedJobsHistoryLimit
[INFO] Auditing path $.defrag.cronjob.labels
[INFO] Auditing path $.defrag.cronjob.nodeSelector
[INFO] Auditing path $.defrag.cronjob.podAnnotations
[INFO] Auditing path $.defrag.cronjob.podLabels
[INFO] Auditing path $.defrag.cronjob.podSecurityContext
[INFO] Auditing path $.defrag.cronjob.podSecurityContext.enabled
[INFO] Auditing path $.defrag.cronjob.podSecurityContext.fsGroup
[INFO] Auditing path $.defrag.cronjob.podSecurityContext.fsGroupChangePolicy
[INFO] Auditing path $.defrag.cronjob.podSecurityContext.supplementalGroups
[INFO] Auditing path $.defrag.cronjob.podSecurityContext.sysctls
[INFO] Auditing path $.defrag.cronjob.resources
[INFO] Auditing path $.defrag.cronjob.resourcesPreset
[INFO] Auditing path $.defrag.cronjob.restartPolicy
[INFO] Auditing path $.defrag.cronjob.schedule
[INFO] Auditing path $.defrag.cronjob.serviceAccountName
[INFO] Auditing path $.defrag.cronjob.startingDeadlineSeconds
[INFO] Auditing path $.defrag.cronjob.successfulJobsHistoryLimit
[INFO] Auditing path $.defrag.cronjob.suspend
[INFO] Auditing path $.defrag.cronjob.tolerations
[INFO] Auditing path $.defrag.enabled
[INFO] Auditing path $.defrag
[INFO] Auditing path $.diagnosticMode.args
[INFO] Auditing path $.diagnosticMode.command
[INFO] Auditing path $.diagnosticMode.enabled
[INFO] Auditing path $.diagnosticMode
[INFO] Auditing path $.disasterRecovery.cronjob
[INFO] Auditing path $.disasterRecovery.cronjob.command
[INFO] Auditing path $.disasterRecovery.cronjob.containerSecurityContext
[INFO] Auditing path $.disasterRecovery.cronjob.containerSecurityContext.allowPrivilegeEscalation
[INFO] Auditing path $.disasterRecovery.cronjob.containerSecurityContext.capabilities
[INFO] Auditing path $.disasterRecovery.cronjob.containerSecurityContext.capabilities.drop
[INFO] Auditing path $.disasterRecovery.cronjob.containerSecurityContext.enabled
[INFO] Auditing path $.disasterRecovery.cronjob.containerSecurityContext.privileged
[INFO] Auditing path $.disasterRecovery.cronjob.containerSecurityContext.readOnlyRootFilesystem
[INFO] Auditing path $.disasterRecovery.cronjob.containerSecurityContext.runAsGroup
[INFO] Auditing path $.disasterRecovery.cronjob.containerSecurityContext.runAsNonRoot
[INFO] Auditing path $.disasterRecovery.cronjob.containerSecurityContext.runAsUser
[INFO] Auditing path $.disasterRecovery.cronjob.containerSecurityContext.seLinuxOptions
[INFO] Auditing path $.disasterRecovery.cronjob.containerSecurityContext.seccompProfile
[INFO] Auditing path $.disasterRecovery.cronjob.containerSecurityContext.seccompProfile.type
[INFO] Auditing path $.disasterRecovery.cronjob.historyLimit
[INFO] Auditing path $.disasterRecovery.cronjob.nodeSelector
[INFO] Auditing path $.disasterRecovery.cronjob.podAnnotations
[INFO] Auditing path $.disasterRecovery.cronjob.podLabels
[INFO] Auditing path $.disasterRecovery.cronjob.podSecurityContext
[INFO] Auditing path $.disasterRecovery.cronjob.podSecurityContext.enabled
[INFO] Auditing path $.disasterRecovery.cronjob.podSecurityContext.fsGroup
[INFO] Auditing path $.disasterRecovery.cronjob.podSecurityContext.fsGroupChangePolicy
[INFO] Auditing path $.disasterRecovery.cronjob.podSecurityContext.supplementalGroups
[INFO] Auditing path $.disasterRecovery.cronjob.podSecurityContext.sysctls
[INFO] Auditing path $.disasterRecovery.cronjob.resources
[INFO] Auditing path $.disasterRecovery.cronjob.resourcesPreset
[INFO] Auditing path $.disasterRecovery.cronjob.schedule
[INFO] Auditing path $.disasterRecovery.cronjob.serviceAccountName
[INFO] Auditing path $.disasterRecovery.cronjob.snapshotHistoryLimit
[INFO] Auditing path $.disasterRecovery.cronjob.snapshotsDir
[INFO] Auditing path $.disasterRecovery.cronjob.tolerations
[INFO] Auditing path $.disasterRecovery.enabled
[INFO] Auditing path $.disasterRecovery.pvc
[INFO] Auditing path $.disasterRecovery.pvc.existingClaim
[INFO] Auditing path $.disasterRecovery.pvc.size
[INFO] Auditing path $.disasterRecovery.pvc.storageClassName
[INFO] Auditing path $.disasterRecovery.pvc.subPath
[INFO] Auditing path $.disasterRecovery
[INFO] Auditing path $.existingConfigmap
[INFO] Auditing path $.extraDeploy[*]
[INFO] Auditing path $.extraDeploy
[INFO] Auditing path $.extraEnvVars
[INFO] Auditing path $.extraEnvVarsCM
[INFO] Auditing path $.extraEnvVarsSecret
[INFO] Auditing path $.extraVolumeClaimTemplates
[INFO] Auditing path $.extraVolumeMounts
[INFO] Auditing path $.extraVolumes
[INFO] Auditing path $.fullnameOverride
[INFO] Auditing path $.global.compatibility
[INFO] Auditing path $.global.compatibility.openshift
[INFO] Auditing path $.global.compatibility.openshift.adaptSecurityContext
[INFO] Auditing path $.global.defaultStorageClass
[INFO] Auditing path $.global.imagePullSecrets
[INFO] Auditing path $.global.imageRegistry
[INFO] Auditing path $.global.security
[INFO] Auditing path $.global.security.allowInsecureImages
[INFO] Auditing path $.global
[INFO] Auditing path $.hostAliases
[INFO] Auditing path $.image.debug
[INFO] Auditing path $.image.digest
[INFO] Auditing path $.image.pullPolicy
[INFO] Auditing path $.image.pullSecrets
[INFO] Auditing path $.image.registry
[INFO] Auditing path $.image.repository
[INFO] Auditing path $.image.tag
[INFO] Auditing path $.image
[INFO] Auditing path $.initContainers
[INFO] Auditing path $.initialClusterToken
[INFO] Auditing path $.kubeVersion
[INFO] Auditing path $.lifecycleHooks
[INFO] Auditing path $.livenessProbe.enabled
[INFO] Auditing path $.livenessProbe.failureThreshold
[INFO] Auditing path $.livenessProbe.initialDelaySeconds
[INFO] Auditing path $.livenessProbe.periodSeconds
[INFO] Auditing path $.livenessProbe.successThreshold
[INFO] Auditing path $.livenessProbe.timeoutSeconds
[INFO] Auditing path $.livenessProbe
[INFO] Auditing path $.logLevel
[INFO] Auditing path $.maxProcs
[INFO] Auditing path $.metrics.enabled
[INFO] Auditing path $.metrics.podAnnotations
[INFO] Auditing path $.metrics.podAnnotations["prometheus.io/port"]
[INFO] Auditing path $.metrics.podAnnotations["prometheus.io/scrape"]
[INFO] Auditing path $.metrics.podMonitor
[INFO] Auditing path $.metrics.podMonitor.additionalLabels
[INFO] Auditing path $.metrics.podMonitor.enabled
[INFO] Auditing path $.metrics.podMonitor.interval
[INFO] Auditing path $.metrics.podMonitor.namespace
[INFO] Auditing path $.metrics.podMonitor.relabelings
[INFO] Auditing path $.metrics.podMonitor.scheme
[INFO] Auditing path $.metrics.podMonitor.scrapeTimeout
[INFO] Auditing path $.metrics.podMonitor.tlsConfig
[INFO] Auditing path $.metrics.prometheusRule
[INFO] Auditing path $.metrics.prometheusRule.additionalLabels
[INFO] Auditing path $.metrics.prometheusRule.enabled
[INFO] Auditing path $.metrics.prometheusRule.namespace
[INFO] Auditing path $.metrics.prometheusRule.rules
[INFO] Auditing path $.metrics.useSeparateEndpoint
[INFO] Auditing path $.metrics
[INFO] Auditing path $.nameOverride
[INFO] Auditing path $.namespaceOverride
[INFO] Auditing path $.networkPolicy.allowExternal
[INFO] Auditing path $.networkPolicy.allowExternalEgress
[INFO] Auditing path $.networkPolicy.enabled
[INFO] Auditing path $.networkPolicy.extraEgress
[INFO] Auditing path $.networkPolicy.extraIngress
[INFO] Auditing path $.networkPolicy.ingressNSMatchLabels
[INFO] Auditing path $.networkPolicy.ingressNSMatchLabels[*]
[INFO] Auditing path $.networkPolicy.ingressNSPodMatchLabels
[INFO] Auditing path $.networkPolicy.ingressNSPodMatchLabels[*]
[INFO] Auditing path $.networkPolicy
[INFO] Auditing path $.nodeAffinityPreset.key
[INFO] Auditing path $.nodeAffinityPreset.type
[INFO] Auditing path $.nodeAffinityPreset.values
[INFO] Auditing path $.nodeAffinityPreset
[INFO] Auditing path $.nodeSelector
[INFO] Auditing path $.pdb.create
[INFO] Auditing path $.pdb.maxUnavailable
[INFO] Auditing path $.pdb.minAvailable
[INFO] Auditing path $.pdb
[INFO] Auditing path $.persistence.accessModes
[INFO] Auditing path $.persistence.annotations
[INFO] Auditing path $.persistence.enabled
[INFO] Auditing path $.persistence.labels
[INFO] Auditing path $.persistence.selector
[INFO] Auditing path $.persistence.size
[INFO] Auditing path $.persistence.storageClass
[INFO] Auditing path $.persistence
[INFO] Auditing path $.persistentVolumeClaimRetentionPolicy.enabled
[INFO] Auditing path $.persistentVolumeClaimRetentionPolicy.whenDeleted
[INFO] Auditing path $.persistentVolumeClaimRetentionPolicy.whenScaled
[INFO] Auditing path $.persistentVolumeClaimRetentionPolicy
[INFO] Auditing path $.podAffinityPreset
[INFO] Auditing path $.podAnnotations
[INFO] Auditing path $.podAntiAffinityPreset
[INFO] Auditing path $.podLabels
[INFO] Auditing path $.podManagementPolicy
[INFO] Auditing path $.podSecurityContext.enabled
[INFO] Auditing path $.podSecurityContext.fsGroup
[INFO] Auditing path $.podSecurityContext.fsGroupChangePolicy
[INFO] Auditing path $.podSecurityContext.supplementalGroups
[INFO] Auditing path $.podSecurityContext.sysctls
[INFO] Auditing path $.podSecurityContext
[INFO] Auditing path $.preUpgradeJob.affinity
[INFO] Auditing path $.preUpgradeJob.annotations
[INFO] Auditing path $.preUpgradeJob.containerSecurityContext
[INFO] Auditing path $.preUpgradeJob.containerSecurityContext.allowPrivilegeEscalation
[INFO] Auditing path $.preUpgradeJob.containerSecurityContext.capabilities
[INFO] Auditing path $.preUpgradeJob.containerSecurityContext.capabilities.add
[INFO] Auditing path $.preUpgradeJob.containerSecurityContext.capabilities.drop
[INFO] Auditing path $.preUpgradeJob.containerSecurityContext.enabled
[INFO] Auditing path $.preUpgradeJob.containerSecurityContext.privileged
[INFO] Auditing path $.preUpgradeJob.containerSecurityContext.readOnlyRootFilesystem
[INFO] Auditing path $.preUpgradeJob.containerSecurityContext.runAsGroup
[INFO] Auditing path $.preUpgradeJob.containerSecurityContext.runAsNonRoot
[INFO] Auditing path $.preUpgradeJob.containerSecurityContext.runAsUser
[INFO] Auditing path $.preUpgradeJob.containerSecurityContext.seLinuxOptions
[INFO] Auditing path $.preUpgradeJob.containerSecurityContext.seccompProfile
[INFO] Auditing path $.preUpgradeJob.containerSecurityContext.seccompProfile.type
[INFO] Auditing path $.preUpgradeJob.enabled
[INFO] Auditing path $.preUpgradeJob.nodeAffinityPreset
[INFO] Auditing path $.preUpgradeJob.nodeAffinityPreset.key
[INFO] Auditing path $.preUpgradeJob.nodeAffinityPreset.type
[INFO] Auditing path $.preUpgradeJob.nodeAffinityPreset.values
[INFO] Auditing path $.preUpgradeJob.nodeSelector
[INFO] Auditing path $.preUpgradeJob.podAffinityPreset
[INFO] Auditing path $.preUpgradeJob.podAnnotations
[INFO] Auditing path $.preUpgradeJob.podAntiAffinityPreset
[INFO] Auditing path $.preUpgradeJob.podLabels
[INFO] Auditing path $.preUpgradeJob.podSecurityContext
[INFO] Auditing path $.preUpgradeJob.podSecurityContext.enabled
[INFO] Auditing path $.preUpgradeJob.podSecurityContext.fsGroup
[INFO] Auditing path $.preUpgradeJob.podSecurityContext.fsGroupChangePolicy
[INFO] Auditing path $.preUpgradeJob.podSecurityContext.supplementalGroups
[INFO] Auditing path $.preUpgradeJob.podSecurityContext.sysctls
[INFO] Auditing path $.preUpgradeJob.resources
[INFO] Auditing path $.preUpgradeJob.resourcesPreset
[INFO] Auditing path $.preUpgradeJob.startDelay
[INFO] Auditing path $.preUpgradeJob.tolerations
[INFO] Auditing path $.preUpgradeJob
[INFO] Auditing path $.priorityClassName
[INFO] Auditing path $.readinessProbe.enabled
[INFO] Auditing path $.readinessProbe.failureThreshold
[INFO] Auditing path $.readinessProbe.initialDelaySeconds
[INFO] Auditing path $.readinessProbe.periodSeconds
[INFO] Auditing path $.readinessProbe.successThreshold
[INFO] Auditing path $.readinessProbe.timeoutSeconds
[INFO] Auditing path $.readinessProbe
[INFO] Auditing path $.replicaCount
[INFO] Auditing path $.resources
[INFO] Auditing path $.resourcesPreset
[INFO] Auditing path $.runtimeClassName
[INFO] Auditing path $.schedulerName
[INFO] Auditing path $.service.annotations
[INFO] Auditing path $.service.clientPortNameOverride
[INFO] Auditing path $.service.clusterIP
[INFO] Auditing path $.service.enabled
[INFO] Auditing path $.service.externalIPs
[INFO] Auditing path $.service.externalTrafficPolicy
[INFO] Auditing path $.service.extraPorts
[INFO] Auditing path $.service.headless
[INFO] Auditing path $.service.headless.annotations
[INFO] Auditing path $.service.loadBalancerClass
[INFO] Auditing path $.service.loadBalancerIP
[INFO] Auditing path $.service.loadBalancerSourceRanges
[INFO] Auditing path $.service.metricsPortNameOverride
[INFO] Auditing path $.service.nodePorts
[INFO] Auditing path $.service.nodePorts.client
[INFO] Auditing path $.service.nodePorts.metrics
[INFO] Auditing path $.service.nodePorts.peer
[INFO] Auditing path $.service.peerPortNameOverride
[INFO] Auditing path $.service.ports
[INFO] Auditing path $.service.ports.client
[INFO] Auditing path $.service.ports.metrics
[INFO] Auditing path $.service.ports.peer
[INFO] Auditing path $.service.sessionAffinity
[INFO] Auditing path $.service.sessionAffinityConfig
[INFO] Auditing path $.service.type
[INFO] Auditing path $.service
[INFO] Auditing path $.serviceAccount.annotations
[INFO] Auditing path $.serviceAccount.automountServiceAccountToken
[INFO] Auditing path $.serviceAccount.create
[INFO] Auditing path $.serviceAccount.labels
[INFO] Auditing path $.serviceAccount.name
[INFO] Auditing path $.serviceAccount
[INFO] Auditing path $.shareProcessNamespace
[INFO] Auditing path $.sidecars
[INFO] Auditing path $.startFromSnapshot.enabled
[INFO] Auditing path $.startFromSnapshot.existingClaim
[INFO] Auditing path $.startFromSnapshot.snapshotFilename
[INFO] Auditing path $.startFromSnapshot
[INFO] Auditing path $.startupProbe.enabled
[INFO] Auditing path $.startupProbe.failureThreshold
[INFO] Auditing path $.startupProbe.initialDelaySeconds
[INFO] Auditing path $.startupProbe.periodSeconds
[INFO] Auditing path $.startupProbe.successThreshold
[INFO] Auditing path $.startupProbe.timeoutSeconds
[INFO] Auditing path $.startupProbe
[INFO] Auditing path $.terminationGracePeriodSeconds
[INFO] Auditing path $.tolerations
[INFO] Auditing path $.topologySpreadConstraints
[INFO] Auditing path $.updateStrategy.type
[INFO] Auditing path $.updateStrategy
[INFO] Auditing path $.usePasswordFiles
[INFO] Auditing path $.volumePermissions.enabled
[INFO] Auditing path $.volumePermissions.image
[INFO] Auditing path $.volumePermissions.image.digest
[INFO] Auditing path $.volumePermissions.image.pullPolicy
[INFO] Auditing path $.volumePermissions.image.pullSecrets
[INFO] Auditing path $.volumePermissions.image.registry
[INFO] Auditing path $.volumePermissions.image.repository
[INFO] Auditing path $.volumePermissions.image.tag
[INFO] Auditing path $.volumePermissions.resources
[INFO] Auditing path $.volumePermissions.resourcesPreset
[INFO] Auditing path $.volumePermissions
