[INFO] Chart 1/1: .
[INFO] Finite filtering unavailable: permutations need closed objects at (); set additionalProperties: false; prioritizing known inputs before robustness sampling
[INFO] Coalescing path $.affinity
[INFO] Coalescing path $.automountServiceAccountToken
[INFO] Coalescing path $.clusterDomain
[INFO] Coalescing path $.commonAnnotations
[INFO] Coalescing path $.commonLabels
[INFO] Coalescing path $.containerSecurityContext
[INFO] Coalescing path $.customLivenessProbe
[INFO] Coalescing path $.customReadinessProbe
[INFO] Coalescing path $.customStartupProbe
[INFO] Coalescing path $.existingSecret
[INFO] Coalescing path $.extraDeploy
[INFO] Coalescing path $.extraEnvVars
[INFO] Coalescing path $.extraEnvVarsCM
[INFO] Coalescing path $.extraEnvVarsSecret
[INFO] Coalescing path $.extraProperties
[INFO] Coalescing path $.extraVolumeMounts
[INFO] Coalescing path $.extraVolumes
[INFO] Coalescing path $.global
[INFO] Coalescing path $.hostAliases
[INFO] Coalescing path $.image
[INFO] Coalescing path $.initContainers
[INFO] Coalescing path $.lifecycleHooks
[INFO] Coalescing path $.maxHeapSize
[INFO] Coalescing path $.minHeapSize
[INFO] Coalescing path $.nodeSelector
[INFO] Coalescing path $.persistence
[INFO] Coalescing path $.podAffinityPreset
[INFO] Coalescing path $.podAnnotations
[INFO] Coalescing path $.podAntiAffinityPreset
[INFO] Coalescing path $.podLabels
[INFO] Coalescing path $.podSecurityContext
[INFO] Coalescing path $.priorityClassName
[INFO] Coalescing path $.provisioningFolder
[INFO] Coalescing path $.replicaCount
[INFO] Coalescing path $.resources
[INFO] Coalescing path $.schedulerName
[INFO] Coalescing path $.sidecars
[INFO] Coalescing path $.smtpExistingSecret
[INFO] Coalescing path $.smtpHost
[INFO] Coalescing path $.smtpPassword
[INFO] Coalescing path $.smtpPort
[INFO] Coalescing path $.smtpProtocol
[INFO] Coalescing path $.smtpUser
[INFO] Coalescing path $.sonarAuthenticatorDowncase
[INFO] Coalescing path $.sonarSecurityRealm
[INFO] Coalescing path $.sonarqubeEmail
[INFO] Coalescing path $.sonarqubePassword
[INFO] Coalescing path $.sonarqubeSkipInstall
[INFO] Coalescing path $.sonarqubeUsername
[INFO] Coalescing path $.startTimeout
[INFO] Coalescing path $.tolerations
[INFO] Coalescing path $.updateStrategy
[INFO] Coalescing path $.usePasswordFiles
[INFO] Coalescing path $.caCerts.containerSecurityContext
[INFO] Coalescing path $.caCerts.enabled
[INFO] Coalescing path $.caCerts.image
[INFO] Coalescing path $.caCerts.resources
[INFO] Coalescing path $.caCerts.secret
[INFO] Coalescing path $.containerPorts.elastic
[INFO] Coalescing path $.containerPorts.http
[INFO] Coalescing path $.containerSecurityContext.enabled
[INFO] Coalescing path $.containerSecurityContext.runAsUser
[INFO] Coalescing path $.diagnosticMode.args
[INFO] Coalescing path $.diagnosticMode.command
[INFO] Coalescing path $.diagnosticMode.enabled
[INFO] Coalescing path $.externalDatabase.existingSecret
[INFO] Coalescing path $.externalDatabase.password
[INFO] Coalescing path $.extraDeploy[*]
[INFO] Coalescing path $.image.debug
[INFO] Coalescing path $.image.pullPolicy
[INFO] Coalescing path $.ingress.annotations
[INFO] Coalescing path $.ingress.enabled
[INFO] Coalescing path $.ingress.extraHosts
[INFO] Coalescing path $.ingress.extraPaths
[INFO] Coalescing path $.ingress.extraRules
[INFO] Coalescing path $.ingress.extraTls
[INFO] Coalescing path $.ingress.hostname
[INFO] Coalescing path $.ingress.ingressClassName
[INFO] Coalescing path $.ingress.labels
[INFO] Coalescing path $.ingress.path
[INFO] Coalescing path $.ingress.pathType
[INFO] Coalescing path $.ingress.secrets
[INFO] Coalescing path $.ingress.selfSigned
[INFO] Coalescing path $.ingress.tls
[INFO] Coalescing path $.ldap.StartTLS
[INFO] Coalescing path $.ldap.authentication
[INFO] Coalescing path $.ldap.bindDn
[INFO] Coalescing path $.ldap.bindPassword
[INFO] Coalescing path $.ldap.contextFactoryClass
[INFO] Coalescing path $.ldap.followReferrals
[INFO] Coalescing path $.ldap.realm
[INFO] Coalescing path $.ldap.url
[INFO] Coalescing path $.networkPolicy.allowExternal
[INFO] Coalescing path $.networkPolicy.allowExternalEgress
[INFO] Coalescing path $.networkPolicy.enabled
[INFO] Coalescing path $.networkPolicy.extraEgress
[INFO] Coalescing path $.networkPolicy.extraIngress
[INFO] Coalescing path $.networkPolicy.ingressNSMatchLabels
[INFO] Coalescing path $.networkPolicy.ingressNSPodMatchLabels
[INFO] Coalescing path $.nodeAffinityPreset.key
[INFO] Coalescing path $.nodeAffinityPreset.type
[INFO] Coalescing path $.nodeAffinityPreset.values
[INFO] Coalescing path $.pdb.create
[INFO] Coalescing path $.pdb.maxUnavailable
[INFO] Coalescing path $.pdb.minAvailable
[INFO] Coalescing path $.persistence.accessModes
[INFO] Coalescing path $.persistence.annotations
[INFO] Coalescing path $.persistence.dataSource
[INFO] Coalescing path $.persistence.enabled
[INFO] Coalescing path $.persistence.existingClaim
[INFO] Coalescing path $.persistence.size
[INFO] Coalescing path $.plugins.containerSecurityContext
[INFO] Coalescing path $.plugins.image
[INFO] Coalescing path $.plugins.install
[INFO] Coalescing path $.plugins.netrcCreds
[INFO] Coalescing path $.plugins.noCheckCertificate
[INFO] Coalescing path $.plugins.resources
[INFO] Coalescing path $.podSecurityContext.enabled
[INFO] Coalescing path $.podSecurityContext.fsGroup
[INFO] Coalescing path $.postgresql.enabled
[INFO] Coalescing path $.service.annotations
[INFO] Coalescing path $.service.clusterIP
[INFO] Coalescing path $.service.externalTrafficPolicy
[INFO] Coalescing path $.service.extraPorts
[INFO] Coalescing path $.service.loadBalancerIP
[INFO] Coalescing path $.service.loadBalancerSourceRanges
[INFO] Coalescing path $.service.sessionAffinity
[INFO] Coalescing path $.service.sessionAffinityConfig
[INFO] Coalescing path $.service.type
[INFO] Coalescing path $.serviceAccount.annotations
[INFO] Coalescing path $.serviceAccount.automountServiceAccountToken
[INFO] Coalescing path $.serviceAccount.create
[INFO] Coalescing path $.sysctl.containerSecurityContext
[INFO] Coalescing path $.sysctl.enabled
[INFO] Coalescing path $.sysctl.image
[INFO] Coalescing path $.sysctl.resources
[INFO] Coalescing path $.volumePermissions.containerSecurityContext
[INFO] Coalescing path $.volumePermissions.enabled
[INFO] Coalescing path $.volumePermissions.image
[INFO] Coalescing path $.volumePermissions.resources
[INFO] Coalescing path $.caCerts.containerSecurityContext.enabled
[INFO] Coalescing path $.caCerts.image.pullPolicy
[INFO] Coalescing path $.ldap.group.baseDn
[INFO] Coalescing path $.ldap.group.idAttribute
[INFO] Coalescing path $.ldap.group.request
[INFO] Coalescing path $.ldap.user.baseDn
[INFO] Coalescing path $.ldap.user.emailAttribute
[INFO] Coalescing path $.ldap.user.realNameAttribute
[INFO] Coalescing path $.ldap.user.request
[INFO] Coalescing path $.metrics.jmx.configuration
[INFO] Coalescing path $.metrics.jmx.containerSecurityContext
[INFO] Coalescing path $.metrics.jmx.enabled
[INFO] Coalescing path $.metrics.jmx.image
[INFO] Coalescing path $.metrics.jmx.livenessProbe
[INFO] Coalescing path $.metrics.jmx.readinessProbe
[INFO] Coalescing path $.metrics.jmx.resources
[INFO] Coalescing path $.metrics.serviceMonitor.enabled
[INFO] Coalescing path $.metrics.serviceMonitor.interval
[INFO] Coalescing path $.metrics.serviceMonitor.jobLabel
[INFO] Coalescing path $.metrics.serviceMonitor.labels
[INFO] Coalescing path $.metrics.serviceMonitor.metricRelabelings
[INFO] Coalescing path $.metrics.serviceMonitor.namespace
[INFO] Coalescing path $.metrics.serviceMonitor.relabelings
[INFO] Coalescing path $.metrics.serviceMonitor.scrapeTimeout
[INFO] Coalescing path $.metrics.serviceMonitor.selector
[INFO] Coalescing path $.networkPolicy.ingressNSMatchLabels[*]
[INFO] Coalescing path $.networkPolicy.ingressNSPodMatchLabels[*]
[INFO] Coalescing path $.persistence.accessModes[*]
[INFO] Coalescing path $.plugins.containerSecurityContext.enabled
[INFO] Coalescing path $.plugins.image.pullPolicy
[INFO] Coalescing path $.plugins.install[*]
[INFO] Coalescing path $.service.nodePorts.elastic
[INFO] Coalescing path $.service.nodePorts.http
[INFO] Coalescing path $.service.ports.elastic
[INFO] Coalescing path $.service.ports.http
[INFO] Coalescing path $.sysctl.containerSecurityContext.enabled
[INFO] Coalescing path $.sysctl.image.pullPolicy
[INFO] Coalescing path $.volumePermissions.containerSecurityContext.enabled
[INFO] Coalescing path $.volumePermissions.image.pullPolicy
[INFO] Coalescing path $.ingress.extraHosts[*].name
[INFO] Coalescing path $.ingress.extraHosts[*].path
[INFO] Coalescing path $.ingress.extraHosts[*].pathType
[INFO] Coalescing path $.ingress.secrets[*].certificate
[INFO] Coalescing path $.ingress.secrets[*].key
[INFO] Coalescing path $.ingress.secrets[*].name
[INFO] Coalescing path $.metrics.jmx.containerPorts.metrics
[INFO] Coalescing path $.metrics.jmx.containerSecurityContext.enabled
[INFO] Coalescing path $.metrics.jmx.image.pullPolicy
[INFO] Coalescing path $.metrics.jmx.livenessProbe.enabled
[INFO] Coalescing path $.metrics.jmx.readinessProbe.enabled
[INFO] Coalescing path $.metrics.jmx.service.annotations
[INFO] Coalescing path $.metrics.jmx.service.ports.metrics
[INFO] Testing known inputs first; arbitrary extra-key cases are deferred
[INFO] Compiler input baseline: 165 statically named fields
[INFO] Render hashes (run-local): 25 observed, 25 unique, 0 duplicate bundles; 0 successful validations reused
[INFO] Testing deferred arbitrary-key and original-schema robustness cases
[INFO] Compiler input baseline: 165 statically named fields
[INFO] Render hashes (run-local): 101 observed, 101 unique, 0 duplicate bundles; 0 successful validations reused
[INFO] .: failed; 0 charts remain
