[INFO] Chart 1/1: .
[INFO] Finite filtering unavailable: permutations need closed objects at (); set additionalProperties: false; prioritizing known inputs before robustness sampling
[INFO] Coalescing path $.clusterDomain
[INFO] Coalescing path $.commonAnnotations
[INFO] Coalescing path $.commonLabels
[INFO] Coalescing path $.extraDeploy
[INFO] Coalescing path $.hostNetwork
[INFO] Coalescing path $.image
[INFO] Coalescing path $.initScripts
[INFO] Coalescing path $.initScriptsCM
[INFO] Coalescing path $.initScriptsSecret
[INFO] Coalescing path $.diagnosticMode.args
[INFO] Coalescing path $.diagnosticMode.command
[INFO] Coalescing path $.diagnosticMode.enabled
[INFO] Coalescing path $.extraDeploy[*]
[INFO] Coalescing path $.image.debug
[INFO] Coalescing path $.image.pullPolicy
[INFO] Coalescing path $.ingress.annotations
[INFO] Coalescing path $.ingress.enabled
[INFO] Coalescing path $.ingress.extraHosts
[INFO] Coalescing path $.ingress.extraPaths
[INFO] Coalescing path $.ingress.extraRules
[INFO] Coalescing path $.ingress.extraTls
[INFO] Coalescing path $.ingress.hostname
[INFO] Coalescing path $.ingress.ingressClassName
[INFO] Coalescing path $.ingress.path
[INFO] Coalescing path $.ingress.pathType
[INFO] Coalescing path $.ingress.secrets
[INFO] Coalescing path $.ingress.selfSigned
[INFO] Coalescing path $.ingress.tls
[INFO] Coalescing path $.master.affinity
[INFO] Coalescing path $.master.automountServiceAccountToken
[INFO] Coalescing path $.master.configOptions
[INFO] Coalescing path $.master.containerSecurityContext
[INFO] Coalescing path $.master.customLivenessProbe
[INFO] Coalescing path $.master.customReadinessProbe
[INFO] Coalescing path $.master.customStartupProbe
[INFO] Coalescing path $.master.daemonMemoryLimit
[INFO] Coalescing path $.master.enabled
[INFO] Coalescing path $.master.existingConfigmap
[INFO] Coalescing path $.master.extraContainerPorts
[INFO] Coalescing path $.master.extraEnvVars
[INFO] Coalescing path $.master.extraEnvVarsCM
[INFO] Coalescing path $.master.extraEnvVarsSecret
[INFO] Coalescing path $.master.extraVolumeClaimTemplates
[INFO] Coalescing path $.master.extraVolumeMounts
[INFO] Coalescing path $.master.extraVolumes
[INFO] Coalescing path $.master.hostAliases
[INFO] Coalescing path $.master.initContainers
[INFO] Coalescing path $.master.lifecycleHooks
[INFO] Coalescing path $.master.nodeSelector
[INFO] Coalescing path $.master.podAffinityPreset
[INFO] Coalescing path $.master.podAnnotations
[INFO] Coalescing path $.master.podAntiAffinityPreset
[INFO] Coalescing path $.master.podLabels
[INFO] Coalescing path $.master.podSecurityContext
[INFO] Coalescing path $.master.priorityClassName
[INFO] Coalescing path $.master.resources
[INFO] Coalescing path $.master.schedulerName
[INFO] Coalescing path $.master.sidecars
[INFO] Coalescing path $.master.terminationGracePeriodSeconds
[INFO] Coalescing path $.master.tolerations
[INFO] Coalescing path $.master.topologySpreadConstraints
[INFO] Coalescing path $.master.updateStrategy
[INFO] Coalescing path $.metrics.enabled
[INFO] Coalescing path $.metrics.masterAnnotations
[INFO] Coalescing path $.metrics.workerAnnotations
[INFO] Coalescing path $.security.passwordsSecretName
[INFO] Coalescing path $.security.storageEncryptionEnabled
[INFO] Coalescing path $.service.annotations
[INFO] Coalescing path $.service.clusterIP
[INFO] Coalescing path $.service.externalTrafficPolicy
[INFO] Coalescing path $.service.extraPorts
[INFO] Coalescing path $.service.loadBalancerIP
[INFO] Coalescing path $.service.loadBalancerSourceRanges
[INFO] Coalescing path $.service.sessionAffinity
[INFO] Coalescing path $.service.sessionAffinityConfig
[INFO] Coalescing path $.service.type
[INFO] Coalescing path $.serviceAccount.annotations
[INFO] Coalescing path $.serviceAccount.automountServiceAccountToken
[INFO] Coalescing path $.serviceAccount.create
[INFO] Coalescing path $.worker.affinity
[INFO] Coalescing path $.worker.automountServiceAccountToken
[INFO] Coalescing path $.worker.configOptions
[INFO] Coalescing path $.worker.containerSecurityContext
[INFO] Coalescing path $.worker.coreLimit
[INFO] Coalescing path $.worker.customLivenessProbe
[INFO] Coalescing path $.worker.customReadinessProbe
[INFO] Coalescing path $.worker.customStartupProbe
[INFO] Coalescing path $.worker.daemonMemoryLimit
[INFO] Coalescing path $.worker.dir
[INFO] Coalescing path $.worker.enabled
[INFO] Coalescing path $.worker.existingConfigmap
[INFO] Coalescing path $.worker.extraContainerPorts
[INFO] Coalescing path $.worker.extraEnvVars
[INFO] Coalescing path $.worker.extraEnvVarsCM
[INFO] Coalescing path $.worker.extraEnvVarsSecret
[INFO] Coalescing path $.worker.extraVolumeClaimTemplates
[INFO] Coalescing path $.worker.extraVolumeMounts
[INFO] Coalescing path $.worker.extraVolumes
[INFO] Coalescing path $.worker.hostAliases
[INFO] Coalescing path $.worker.initContainers
[INFO] Coalescing path $.worker.javaOptions
[INFO] Coalescing path $.worker.lifecycleHooks
[INFO] Coalescing path $.worker.memoryLimit
[INFO] Coalescing path $.worker.nodeSelector
[INFO] Coalescing path $.worker.podAffinityPreset
[INFO] Coalescing path $.worker.podAnnotations
[INFO] Coalescing path $.worker.podAntiAffinityPreset
[INFO] Coalescing path $.worker.podLabels
[INFO] Coalescing path $.worker.podManagementPolicy
[INFO] Coalescing path $.worker.podSecurityContext
[INFO] Coalescing path $.worker.priorityClassName
[INFO] Coalescing path $.worker.replicaCount
[INFO] Coalescing path $.worker.resources
[INFO] Coalescing path $.worker.schedulerName
[INFO] Coalescing path $.worker.sidecars
[INFO] Coalescing path $.worker.terminationGracePeriodSeconds
[INFO] Coalescing path $.worker.tolerations
[INFO] Coalescing path $.worker.topologySpreadConstraints
[INFO] Coalescing path $.worker.updateStrategy
[INFO] Coalescing path $.master.containerPorts.cluster
[INFO] Coalescing path $.master.containerPorts.http
[INFO] Coalescing path $.master.containerPorts.https
[INFO] Coalescing path $.master.containerSecurityContext.enabled
[INFO] Coalescing path $.master.networkPolicy.allowExternal
[INFO] Coalescing path $.master.networkPolicy.allowExternalEgress
[INFO] Coalescing path $.master.networkPolicy.enabled
[INFO] Coalescing path $.master.networkPolicy.extraEgress
[INFO] Coalescing path $.master.networkPolicy.extraIngress
[INFO] Coalescing path $.master.networkPolicy.ingressNSMatchLabels
[INFO] Coalescing path $.master.networkPolicy.ingressNSPodMatchLabels
[INFO] Coalescing path $.master.nodeAffinityPreset.key
[INFO] Coalescing path $.master.nodeAffinityPreset.type
[INFO] Coalescing path $.master.nodeAffinityPreset.values
[INFO] Coalescing path $.master.pdb.create
[INFO] Coalescing path $.master.pdb.maxUnavailable
[INFO] Coalescing path $.master.pdb.minAvailable
[INFO] Coalescing path $.master.podSecurityContext.enabled
[INFO] Coalescing path $.metrics.podMonitor.additionalLabels
[INFO] Coalescing path $.metrics.podMonitor.enabled
[INFO] Coalescing path $.metrics.podMonitor.extraMetricsEndpoints
[INFO] Coalescing path $.metrics.podMonitor.interval
[INFO] Coalescing path $.metrics.podMonitor.namespace
[INFO] Coalescing path $.metrics.podMonitor.scrapeTimeout
[INFO] Coalescing path $.metrics.prometheusRule.additionalLabels
[INFO] Coalescing path $.metrics.prometheusRule.enabled
[INFO] Coalescing path $.metrics.prometheusRule.namespace
[INFO] Coalescing path $.metrics.prometheusRule.rules
[INFO] Coalescing path $.security.rpc.authenticationEnabled
[INFO] Coalescing path $.security.rpc.encryptionEnabled
[INFO] Coalescing path $.security.ssl.autoGenerated
[INFO] Coalescing path $.security.ssl.enabled
[INFO] Coalescing path $.security.ssl.keystorePassword
[INFO] Coalescing path $.security.ssl.needClientAuth
[INFO] Coalescing path $.security.ssl.protocol
[INFO] Coalescing path $.security.ssl.resources
[INFO] Coalescing path $.security.ssl.truststorePassword
[INFO] Coalescing path $.service.headless.annotations
[INFO] Coalescing path $.service.nodePorts.cluster
[INFO] Coalescing path $.service.nodePorts.http
[INFO] Coalescing path $.service.nodePorts.https
[INFO] Coalescing path $.service.ports.cluster
[INFO] Coalescing path $.service.ports.http
[INFO] Coalescing path $.service.ports.https
[INFO] Coalescing path $.worker.autoscaling.enabled
[INFO] Coalescing path $.worker.autoscaling.maxReplicas
[INFO] Coalescing path $.worker.autoscaling.minReplicas
[INFO] Coalescing path $.worker.autoscaling.targetCPU
[INFO] Coalescing path $.worker.autoscaling.targetMemory
[INFO] Coalescing path $.worker.containerPorts.cluster
[INFO] Coalescing path $.worker.containerPorts.http
[INFO] Coalescing path $.worker.containerPorts.https
[INFO] Coalescing path $.worker.containerSecurityContext.enabled
[INFO] Coalescing path $.worker.networkPolicy.allowExternal
[INFO] Coalescing path $.worker.networkPolicy.allowExternalEgress
[INFO] Coalescing path $.worker.networkPolicy.enabled
[INFO] Coalescing path $.worker.networkPolicy.extraEgress
[INFO] Coalescing path $.worker.networkPolicy.extraIngress
[INFO] Coalescing path $.worker.networkPolicy.ingressNSMatchLabels
[INFO] Coalescing path $.worker.networkPolicy.ingressNSPodMatchLabels
[INFO] Coalescing path $.worker.nodeAffinityPreset.key
[INFO] Coalescing path $.worker.nodeAffinityPreset.type
[INFO] Coalescing path $.worker.nodeAffinityPreset.values
[INFO] Coalescing path $.worker.pdb.create
[INFO] Coalescing path $.worker.pdb.maxUnavailable
[INFO] Coalescing path $.worker.pdb.minAvailable
[INFO] Coalescing path $.worker.podSecurityContext.enabled
[INFO] Coalescing path $.ingress.extraHosts[*].name
[INFO] Coalescing path $.ingress.extraHosts[*].path
[INFO] Coalescing path $.ingress.extraHosts[*].pathType
[INFO] Coalescing path $.ingress.secrets[*].certificate
[INFO] Coalescing path $.ingress.secrets[*].key
[INFO] Coalescing path $.ingress.secrets[*].name
[INFO] Coalescing path $.master.networkPolicy.ingressNSMatchLabels[*]
[INFO] Coalescing path $.master.networkPolicy.ingressNSPodMatchLabels[*]
[INFO] Coalescing path $.worker.networkPolicy.ingressNSMatchLabels[*]
[INFO] Coalescing path $.worker.networkPolicy.ingressNSPodMatchLabels[*]
[INFO] Coalescing path $.metrics.podMonitor.extraMetricsEndpoints[*].path
[INFO] Coalescing path $.metrics.podMonitor.extraMetricsEndpoints[*].port
[INFO] Testing known inputs first; arbitrary extra-key cases are deferred
[INFO] Compiler input baseline: 180 statically named fields
[INFO] Render hashes (run-local): 26 observed, 10 unique, 16 duplicate bundles; 15 successful validations reused
[INFO] Testing deferred arbitrary-key and original-schema robustness cases
[INFO] Compiler input baseline: 180 statically named fields
[INFO] Render hashes (run-local): 101 observed, 1 unique, 100 duplicate bundles; 100 successful validations reused
[INFO] .: failed; 0 charts remain
