[INFO] Chart 1/1: .
[INFO] Finite filtering unavailable: permutations need closed objects at (); set additionalProperties: false; prioritizing known inputs before robustness sampling
[INFO] Coalescing path $.clusterDomain
[INFO] Coalescing path $.commonAnnotations
[INFO] Coalescing path $.commonLabels
[INFO] Coalescing path $.config
[INFO] Coalescing path $.existingConfigmap
[INFO] Coalescing path $.extraDeploy
[INFO] Coalescing path $.image
[INFO] Coalescing path $.loadExamples
[INFO] Coalescing path $.usePasswordFiles
[INFO] Coalescing path $.auth.email
[INFO] Coalescing path $.auth.existingSecret
[INFO] Coalescing path $.auth.usePasswordFiles
[INFO] Coalescing path $.auth.username
[INFO] Coalescing path $.beat.affinity
[INFO] Coalescing path $.beat.automountServiceAccountToken
[INFO] Coalescing path $.beat.containerSecurityContext
[INFO] Coalescing path $.beat.customLivenessProbe
[INFO] Coalescing path $.beat.customReadinessProbe
[INFO] Coalescing path $.beat.customStartupProbe
[INFO] Coalescing path $.beat.deploymentAnnotations
[INFO] Coalescing path $.beat.enabled
[INFO] Coalescing path $.beat.extraEnvVars
[INFO] Coalescing path $.beat.extraEnvVarsCM
[INFO] Coalescing path $.beat.extraEnvVarsSecret
[INFO] Coalescing path $.beat.extraVolumeMounts
[INFO] Coalescing path $.beat.extraVolumes
[INFO] Coalescing path $.beat.hostAliases
[INFO] Coalescing path $.beat.initContainers
[INFO] Coalescing path $.beat.lifecycleHooks
[INFO] Coalescing path $.beat.nodeSelector
[INFO] Coalescing path $.beat.podAffinityPreset
[INFO] Coalescing path $.beat.podAnnotations
[INFO] Coalescing path $.beat.podAntiAffinityPreset
[INFO] Coalescing path $.beat.podLabels
[INFO] Coalescing path $.beat.podSecurityContext
[INFO] Coalescing path $.beat.priorityClassName
[INFO] Coalescing path $.beat.resources
[INFO] Coalescing path $.beat.schedulerName
[INFO] Coalescing path $.beat.sidecars
[INFO] Coalescing path $.beat.terminationGracePeriodSeconds
[INFO] Coalescing path $.beat.tolerations
[INFO] Coalescing path $.beat.topologySpreadConstraints
[INFO] Coalescing path $.beat.updateStrategy
[INFO] Coalescing path $.diagnosticMode.args
[INFO] Coalescing path $.diagnosticMode.command
[INFO] Coalescing path $.diagnosticMode.enabled
[INFO] Coalescing path $.externalDatabase.existingSecret
[INFO] Coalescing path $.externalDatabase.existingSecretPasswordKey
[INFO] Coalescing path $.externalDatabase.password
[INFO] Coalescing path $.externalRedis.existingSecret
[INFO] Coalescing path $.externalRedis.existingSecretPasswordKey
[INFO] Coalescing path $.externalRedis.password
[INFO] Coalescing path $.extraDeploy[*]
[INFO] Coalescing path $.flower.affinity
[INFO] Coalescing path $.flower.automountServiceAccountToken
[INFO] Coalescing path $.flower.containerSecurityContext
[INFO] Coalescing path $.flower.customLivenessProbe
[INFO] Coalescing path $.flower.customReadinessProbe
[INFO] Coalescing path $.flower.customStartupProbe
[INFO] Coalescing path $.flower.deploymentAnnotations
[INFO] Coalescing path $.flower.enabled
[INFO] Coalescing path $.flower.extraContainerPorts
[INFO] Coalescing path $.flower.extraEnvVars
[INFO] Coalescing path $.flower.extraEnvVarsCM
[INFO] Coalescing path $.flower.extraEnvVarsSecret
[INFO] Coalescing path $.flower.extraVolumeMounts
[INFO] Coalescing path $.flower.extraVolumes
[INFO] Coalescing path $.flower.hostAliases
[INFO] Coalescing path $.flower.initContainers
[INFO] Coalescing path $.flower.lifecycleHooks
[INFO] Coalescing path $.flower.nodeSelector
[INFO] Coalescing path $.flower.podAffinityPreset
[INFO] Coalescing path $.flower.podAnnotations
[INFO] Coalescing path $.flower.podAntiAffinityPreset
[INFO] Coalescing path $.flower.podLabels
[INFO] Coalescing path $.flower.podSecurityContext
[INFO] Coalescing path $.flower.priorityClassName
[INFO] Coalescing path $.flower.replicaCount
[INFO] Coalescing path $.flower.resources
[INFO] Coalescing path $.flower.schedulerName
[INFO] Coalescing path $.flower.sidecars
[INFO] Coalescing path $.flower.terminationGracePeriodSeconds
[INFO] Coalescing path $.flower.tolerations
[INFO] Coalescing path $.flower.topologySpreadConstraints
[INFO] Coalescing path $.flower.updateStrategy
[INFO] Coalescing path $.image.pullPolicy
[INFO] Coalescing path $.ingress.annotations
[INFO] Coalescing path $.ingress.enabled
[INFO] Coalescing path $.ingress.extraHosts
[INFO] Coalescing path $.ingress.extraPaths
[INFO] Coalescing path $.ingress.extraRules
[INFO] Coalescing path $.ingress.extraTls
[INFO] Coalescing path $.ingress.hostname
[INFO] Coalescing path $.ingress.ingressClassName
[INFO] Coalescing path $.ingress.path
[INFO] Coalescing path $.ingress.pathType
[INFO] Coalescing path $.ingress.secrets
[INFO] Coalescing path $.ingress.selfSigned
[INFO] Coalescing path $.ingress.tls
[INFO] Coalescing path $.init.automountServiceAccountToken
[INFO] Coalescing path $.init.backoffLimit
[INFO] Coalescing path $.init.containerSecurityContext
[INFO] Coalescing path $.init.enabled
[INFO] Coalescing path $.init.extraEnvVars
[INFO] Coalescing path $.init.extraEnvVarsCM
[INFO] Coalescing path $.init.extraEnvVarsSecret
[INFO] Coalescing path $.init.extraVolumeMounts
[INFO] Coalescing path $.init.extraVolumes
[INFO] Coalescing path $.init.hostAliases
[INFO] Coalescing path $.init.initContainers
[INFO] Coalescing path $.init.jobAnnotations
[INFO] Coalescing path $.init.podAnnotations
[INFO] Coalescing path $.init.podLabels
[INFO] Coalescing path $.init.podSecurityContext
[INFO] Coalescing path $.init.resources
[INFO] Coalescing path $.init.sidecars
[INFO] Coalescing path $.postgresql.enabled
[INFO] Coalescing path $.redis.enabled
[INFO] Coalescing path $.serviceAccount.annotations
[INFO] Coalescing path $.serviceAccount.automountServiceAccountToken
[INFO] Coalescing path $.serviceAccount.create
[INFO] Coalescing path $.web.affinity
[INFO] Coalescing path $.web.automountServiceAccountToken
[INFO] Coalescing path $.web.containerSecurityContext
[INFO] Coalescing path $.web.customLivenessProbe
[INFO] Coalescing path $.web.customReadinessProbe
[INFO] Coalescing path $.web.customStartupProbe
[INFO] Coalescing path $.web.deploymentAnnotations
[INFO] Coalescing path $.web.extraContainerPorts
[INFO] Coalescing path $.web.extraEnvVars
[INFO] Coalescing path $.web.extraEnvVarsCM
[INFO] Coalescing path $.web.extraEnvVarsSecret
[INFO] Coalescing path $.web.extraVolumeMounts
[INFO] Coalescing path $.web.extraVolumes
[INFO] Coalescing path $.web.hostAliases
[INFO] Coalescing path $.web.initContainers
[INFO] Coalescing path $.web.lifecycleHooks
[INFO] Coalescing path $.web.nodeSelector
[INFO] Coalescing path $.web.podAffinityPreset
[INFO] Coalescing path $.web.podAnnotations
[INFO] Coalescing path $.web.podAntiAffinityPreset
[INFO] Coalescing path $.web.podLabels
[INFO] Coalescing path $.web.podSecurityContext
[INFO] Coalescing path $.web.priorityClassName
[INFO] Coalescing path $.web.replicaCount
[INFO] Coalescing path $.web.resources
[INFO] Coalescing path $.web.schedulerName
[INFO] Coalescing path $.web.sidecars
[INFO] Coalescing path $.web.terminationGracePeriodSeconds
[INFO] Coalescing path $.web.tolerations
[INFO] Coalescing path $.web.topologySpreadConstraints
[INFO] Coalescing path $.web.updateStrategy
[INFO] Coalescing path $.worker.affinity
[INFO] Coalescing path $.worker.automountServiceAccountToken
[INFO] Coalescing path $.worker.containerSecurityContext
[INFO] Coalescing path $.worker.customLivenessProbe
[INFO] Coalescing path $.worker.customReadinessProbe
[INFO] Coalescing path $.worker.customStartupProbe
[INFO] Coalescing path $.worker.deploymentAnnotations
[INFO] Coalescing path $.worker.extraEnvVars
[INFO] Coalescing path $.worker.extraEnvVarsCM
[INFO] Coalescing path $.worker.extraEnvVarsSecret
[INFO] Coalescing path $.worker.extraVolumeMounts
[INFO] Coalescing path $.worker.extraVolumes
[INFO] Coalescing path $.worker.hostAliases
[INFO] Coalescing path $.worker.initContainers
[INFO] Coalescing path $.worker.lifecycleHooks
[INFO] Coalescing path $.worker.nodeSelector
[INFO] Coalescing path $.worker.podAffinityPreset
[INFO] Coalescing path $.worker.podAnnotations
[INFO] Coalescing path $.worker.podAntiAffinityPreset
[INFO] Coalescing path $.worker.podLabels
[INFO] Coalescing path $.worker.podSecurityContext
[INFO] Coalescing path $.worker.priorityClassName
[INFO] Coalescing path $.worker.replicaCount
[INFO] Coalescing path $.worker.resources
[INFO] Coalescing path $.worker.schedulerName
[INFO] Coalescing path $.worker.sidecars
[INFO] Coalescing path $.worker.terminationGracePeriodSeconds
[INFO] Coalescing path $.worker.tolerations
[INFO] Coalescing path $.worker.topologySpreadConstraints
[INFO] Coalescing path $.worker.updateStrategy
[INFO] Coalescing path $.beat.containerSecurityContext.enabled
[INFO] Coalescing path $.beat.networkPolicy.allowExternalEgress
[INFO] Coalescing path $.beat.networkPolicy.enabled
[INFO] Coalescing path $.beat.networkPolicy.extraEgress
[INFO] Coalescing path $.beat.networkPolicy.extraIngress
[INFO] Coalescing path $.beat.nodeAffinityPreset.key
[INFO] Coalescing path $.beat.nodeAffinityPreset.type
[INFO] Coalescing path $.beat.nodeAffinityPreset.values
[INFO] Coalescing path $.beat.pdb.create
[INFO] Coalescing path $.beat.pdb.maxUnavailable
[INFO] Coalescing path $.beat.pdb.minAvailable
[INFO] Coalescing path $.beat.podSecurityContext.enabled
[INFO] Coalescing path $.defaultInitContainers.waitForDB.enabled
[INFO] Coalescing path $.defaultInitContainers.waitForRedis.enabled
[INFO] Coalescing path $.flower.auth.enabled
[INFO] Coalescing path $.flower.auth.existingSecret
[INFO] Coalescing path $.flower.auth.password
[INFO] Coalescing path $.flower.auth.username
[INFO] Coalescing path $.flower.containerPorts.flower
[INFO] Coalescing path $.flower.containerSecurityContext.enabled
[INFO] Coalescing path $.flower.networkPolicy.addExternalClientAccess
[INFO] Coalescing path $.flower.networkPolicy.allowExternal
[INFO] Coalescing path $.flower.networkPolicy.allowExternalEgress
[INFO] Coalescing path $.flower.networkPolicy.enabled
[INFO] Coalescing path $.flower.networkPolicy.extraEgress
[INFO] Coalescing path $.flower.networkPolicy.extraIngress
[INFO] Coalescing path $.flower.networkPolicy.ingressNSMatchLabels
[INFO] Coalescing path $.flower.networkPolicy.ingressNSPodMatchLabels
[INFO] Coalescing path $.flower.networkPolicy.ingressPodMatchLabels
[INFO] Coalescing path $.flower.nodeAffinityPreset.key
[INFO] Coalescing path $.flower.nodeAffinityPreset.type
[INFO] Coalescing path $.flower.nodeAffinityPreset.values
[INFO] Coalescing path $.flower.pdb.create
[INFO] Coalescing path $.flower.pdb.maxUnavailable
[INFO] Coalescing path $.flower.pdb.minAvailable
[INFO] Coalescing path $.flower.podSecurityContext.enabled
[INFO] Coalescing path $.flower.service.annotations
[INFO] Coalescing path $.flower.service.clusterIP
[INFO] Coalescing path $.flower.service.externalTrafficPolicy
[INFO] Coalescing path $.flower.service.extraPorts
[INFO] Coalescing path $.flower.service.loadBalancerIP
[INFO] Coalescing path $.flower.service.loadBalancerSourceRanges
[INFO] Coalescing path $.flower.service.sessionAffinity
[INFO] Coalescing path $.flower.service.sessionAffinityConfig
[INFO] Coalescing path $.flower.service.type
[INFO] Coalescing path $.init.containerSecurityContext.enabled
[INFO] Coalescing path $.init.networkPolicy.allowExternalEgress
[INFO] Coalescing path $.init.networkPolicy.enabled
[INFO] Coalescing path $.init.networkPolicy.extraEgress
[INFO] Coalescing path $.init.networkPolicy.extraIngress
[INFO] Coalescing path $.init.podSecurityContext.enabled
[INFO] Coalescing path $.postgresql.auth.enablePostgresUser
[INFO] Coalescing path $.web.containerPorts.http
[INFO] Coalescing path $.web.containerSecurityContext.enabled
[INFO] Coalescing path $.web.networkPolicy.addExternalClientAccess
[INFO] Coalescing path $.web.networkPolicy.allowExternal
[INFO] Coalescing path $.web.networkPolicy.allowExternalEgress
[INFO] Coalescing path $.web.networkPolicy.enabled
[INFO] Coalescing path $.web.networkPolicy.extraEgress
[INFO] Coalescing path $.web.networkPolicy.extraIngress
[INFO] Coalescing path $.web.networkPolicy.ingressNSMatchLabels
[INFO] Coalescing path $.web.networkPolicy.ingressNSPodMatchLabels
[INFO] Coalescing path $.web.networkPolicy.ingressPodMatchLabels
[INFO] Coalescing path $.web.nodeAffinityPreset.key
[INFO] Coalescing path $.web.nodeAffinityPreset.type
[INFO] Coalescing path $.web.nodeAffinityPreset.values
[INFO] Coalescing path $.web.pdb.create
[INFO] Coalescing path $.web.pdb.maxUnavailable
[INFO] Coalescing path $.web.pdb.minAvailable
[INFO] Coalescing path $.web.podSecurityContext.enabled
[INFO] Coalescing path $.web.service.annotations
[INFO] Coalescing path $.web.service.clusterIP
[INFO] Coalescing path $.web.service.externalTrafficPolicy
[INFO] Coalescing path $.web.service.extraPorts
[INFO] Coalescing path $.web.service.loadBalancerIP
[INFO] Coalescing path $.web.service.loadBalancerSourceRanges
[INFO] Coalescing path $.web.service.sessionAffinity
[INFO] Coalescing path $.web.service.sessionAffinityConfig
[INFO] Coalescing path $.web.service.type
[INFO] Coalescing path $.web.waitForExamples.enabled
[INFO] Coalescing path $.worker.containerSecurityContext.enabled
[INFO] Coalescing path $.worker.networkPolicy.allowExternalEgress
[INFO] Coalescing path $.worker.networkPolicy.enabled
[INFO] Coalescing path $.worker.networkPolicy.extraEgress
[INFO] Coalescing path $.worker.networkPolicy.extraIngress
[INFO] Coalescing path $.worker.nodeAffinityPreset.key
[INFO] Coalescing path $.worker.nodeAffinityPreset.type
[INFO] Coalescing path $.worker.nodeAffinityPreset.values
[INFO] Coalescing path $.worker.pdb.create
[INFO] Coalescing path $.worker.pdb.maxUnavailable
[INFO] Coalescing path $.worker.pdb.minAvailable
[INFO] Coalescing path $.worker.podSecurityContext.enabled
[INFO] Coalescing path $.flower.autoscaling.hpa.enabled
[INFO] Coalescing path $.flower.autoscaling.hpa.maxReplicas
[INFO] Coalescing path $.flower.autoscaling.hpa.minReplicas
[INFO] Coalescing path $.flower.autoscaling.hpa.targetCPU
[INFO] Coalescing path $.flower.autoscaling.hpa.targetMemory
[INFO] Coalescing path $.flower.autoscaling.vpa.annotations
[INFO] Coalescing path $.flower.autoscaling.vpa.controlledResources
[INFO] Coalescing path $.flower.autoscaling.vpa.enabled
[INFO] Coalescing path $.flower.autoscaling.vpa.maxAllowed
[INFO] Coalescing path $.flower.autoscaling.vpa.minAllowed
[INFO] Coalescing path $.flower.autoscaling.vpa.updatePolicy
[INFO] Coalescing path $.flower.service.nodePorts.flower
[INFO] Coalescing path $.flower.service.ports.flower
[INFO] Coalescing path $.ingress.extraHosts[*].name
[INFO] Coalescing path $.ingress.extraHosts[*].path
[INFO] Coalescing path $.ingress.extraHosts[*].pathType
[INFO] Coalescing path $.ingress.secrets[*].certificate
[INFO] Coalescing path $.ingress.secrets[*].key
[INFO] Coalescing path $.ingress.secrets[*].name
[INFO] Coalescing path $.web.autoscaling.hpa.enabled
[INFO] Coalescing path $.web.autoscaling.hpa.maxReplicas
[INFO] Coalescing path $.web.autoscaling.hpa.minReplicas
[INFO] Coalescing path $.web.autoscaling.hpa.targetCPU
[INFO] Coalescing path $.web.autoscaling.hpa.targetMemory
[INFO] Coalescing path $.web.autoscaling.vpa.annotations
[INFO] Coalescing path $.web.autoscaling.vpa.controlledResources
[INFO] Coalescing path $.web.autoscaling.vpa.enabled
[INFO] Coalescing path $.web.autoscaling.vpa.maxAllowed
[INFO] Coalescing path $.web.autoscaling.vpa.minAllowed
[INFO] Coalescing path $.web.autoscaling.vpa.updatePolicy
[INFO] Coalescing path $.web.extraContainerPorts[*].containerPort
[INFO] Coalescing path $.web.service.nodePorts.http
[INFO] Coalescing path $.web.service.ports.http
[INFO] Coalescing path $.worker.autoscaling.hpa.enabled
[INFO] Coalescing path $.worker.autoscaling.hpa.maxReplicas
[INFO] Coalescing path $.worker.autoscaling.hpa.minReplicas
[INFO] Coalescing path $.worker.autoscaling.hpa.targetCPU
[INFO] Coalescing path $.worker.autoscaling.hpa.targetMemory
[INFO] Coalescing path $.worker.autoscaling.vpa.annotations
[INFO] Coalescing path $.worker.autoscaling.vpa.controlledResources
[INFO] Coalescing path $.worker.autoscaling.vpa.enabled
[INFO] Coalescing path $.worker.autoscaling.vpa.maxAllowed
[INFO] Coalescing path $.worker.autoscaling.vpa.minAllowed
[INFO] Coalescing path $.worker.autoscaling.vpa.updatePolicy
[INFO] Coalescing path $.flower.autoscaling.vpa.updatePolicy.updateMode
[INFO] Coalescing path $.web.autoscaling.vpa.updatePolicy.updateMode
[INFO] Coalescing path $.worker.autoscaling.vpa.updatePolicy.updateMode
[INFO] Testing known inputs first; arbitrary extra-key cases are deferred
[INFO] Compiler input baseline: 299 statically named fields
[INFO] Render hashes (run-local): 29 observed, 29 unique, 0 duplicate bundles; 0 successful validations reused
[INFO] Testing deferred arbitrary-key and original-schema robustness cases
[INFO] Compiler input baseline: 299 statically named fields
[INFO] Render hashes (run-local): 101 observed, 101 unique, 0 duplicate bundles; 0 successful validations reused
[INFO] .: failed; 0 charts remain
