[INFO] Chart 1/1: .
[INFO] Finite filtering unavailable: permutations need closed objects at (); set additionalProperties: false; prioritizing known inputs before robustness sampling
[INFO] Coalescing path $.commonAnnotations
[INFO] Coalescing path $.commonLabels
[INFO] Coalescing path $.extraDeploy
[INFO] Coalescing path $.global
[INFO] Coalescing path $.csiProvider.affinity
[INFO] Coalescing path $.csiProvider.automountServiceAccountToken
[INFO] Coalescing path $.csiProvider.config
[INFO] Coalescing path $.csiProvider.enabled
[INFO] Coalescing path $.csiProvider.existingConfigMap
[INFO] Coalescing path $.csiProvider.extraVolumes
[INFO] Coalescing path $.csiProvider.hostAliases
[INFO] Coalescing path $.csiProvider.image
[INFO] Coalescing path $.csiProvider.initContainers
[INFO] Coalescing path $.csiProvider.nodeSelector
[INFO] Coalescing path $.csiProvider.podAffinityPreset
[INFO] Coalescing path $.csiProvider.podAnnotations
[INFO] Coalescing path $.csiProvider.podAntiAffinityPreset
[INFO] Coalescing path $.csiProvider.podLabels
[INFO] Coalescing path $.csiProvider.podSecurityContext
[INFO] Coalescing path $.csiProvider.priorityClassName
[INFO] Coalescing path $.csiProvider.schedulerName
[INFO] Coalescing path $.csiProvider.secretStoreHostPath
[INFO] Coalescing path $.csiProvider.sidecars
[INFO] Coalescing path $.csiProvider.terminationGracePeriodSeconds
[INFO] Coalescing path $.csiProvider.tolerations
[INFO] Coalescing path $.csiProvider.topologySpreadConstraints
[INFO] Coalescing path $.csiProvider.updateStrategy
[INFO] Coalescing path $.diagnosticMode.args
[INFO] Coalescing path $.diagnosticMode.command
[INFO] Coalescing path $.diagnosticMode.enabled
[INFO] Coalescing path $.extraDeploy[*]
[INFO] Coalescing path $.injector.affinity
[INFO] Coalescing path $.injector.automountServiceAccountToken
[INFO] Coalescing path $.injector.containerSecurityContext
[INFO] Coalescing path $.injector.customLivenessProbe
[INFO] Coalescing path $.injector.customReadinessProbe
[INFO] Coalescing path $.injector.customStartupProbe
[INFO] Coalescing path $.injector.enabled
[INFO] Coalescing path $.injector.extraEnvVars
[INFO] Coalescing path $.injector.extraEnvVarsCM
[INFO] Coalescing path $.injector.extraEnvVarsSecret
[INFO] Coalescing path $.injector.extraVolumeMounts
[INFO] Coalescing path $.injector.extraVolumes
[INFO] Coalescing path $.injector.hostAliases
[INFO] Coalescing path $.injector.image
[INFO] Coalescing path $.injector.initContainers
[INFO] Coalescing path $.injector.lifecycleHooks
[INFO] Coalescing path $.injector.nodeSelector
[INFO] Coalescing path $.injector.podAffinityPreset
[INFO] Coalescing path $.injector.podAnnotations
[INFO] Coalescing path $.injector.podAntiAffinityPreset
[INFO] Coalescing path $.injector.podLabels
[INFO] Coalescing path $.injector.podSecurityContext
[INFO] Coalescing path $.injector.priorityClassName
[INFO] Coalescing path $.injector.replicaCount
[INFO] Coalescing path $.injector.resources
[INFO] Coalescing path $.injector.schedulerName
[INFO] Coalescing path $.injector.sidecars
[INFO] Coalescing path $.injector.terminationGracePeriodSeconds
[INFO] Coalescing path $.injector.tolerations
[INFO] Coalescing path $.injector.topologySpreadConstraints
[INFO] Coalescing path $.injector.updateStrategy
[INFO] Coalescing path $.server.affinity
[INFO] Coalescing path $.server.automountServiceAccountToken
[INFO] Coalescing path $.server.config
[INFO] Coalescing path $.server.containerSecurityContext
[INFO] Coalescing path $.server.customLivenessProbe
[INFO] Coalescing path $.server.customReadinessProbe
[INFO] Coalescing path $.server.customStartupProbe
[INFO] Coalescing path $.server.enabled
[INFO] Coalescing path $.server.existingConfigMap
[INFO] Coalescing path $.server.extraEnvVars
[INFO] Coalescing path $.server.extraEnvVarsCM
[INFO] Coalescing path $.server.extraEnvVarsSecret
[INFO] Coalescing path $.server.extraVolumeMounts
[INFO] Coalescing path $.server.extraVolumes
[INFO] Coalescing path $.server.hostAliases
[INFO] Coalescing path $.server.image
[INFO] Coalescing path $.server.initContainers
[INFO] Coalescing path $.server.lifecycleHooks
[INFO] Coalescing path $.server.nodeSelector
[INFO] Coalescing path $.server.persistence
[INFO] Coalescing path $.server.podAffinityPreset
[INFO] Coalescing path $.server.podAnnotations
[INFO] Coalescing path $.server.podAntiAffinityPreset
[INFO] Coalescing path $.server.podLabels
[INFO] Coalescing path $.server.podManagementPolicy
[INFO] Coalescing path $.server.podSecurityContext
[INFO] Coalescing path $.server.priorityClassName
[INFO] Coalescing path $.server.replicaCount
[INFO] Coalescing path $.server.resources
[INFO] Coalescing path $.server.schedulerName
[INFO] Coalescing path $.server.sidecars
[INFO] Coalescing path $.server.terminationGracePeriodSeconds
[INFO] Coalescing path $.server.tolerations
[INFO] Coalescing path $.server.topologySpreadConstraints
[INFO] Coalescing path $.server.updateStrategy
[INFO] Coalescing path $.volumePermissions.containerSecurityContext
[INFO] Coalescing path $.volumePermissions.enabled
[INFO] Coalescing path $.volumePermissions.image
[INFO] Coalescing path $.volumePermissions.resources
[INFO] Coalescing path $.csiProvider.agent.containerSecurityContext
[INFO] Coalescing path $.csiProvider.agent.customLivenessProbe
[INFO] Coalescing path $.csiProvider.agent.customReadinessProbe
[INFO] Coalescing path $.csiProvider.agent.customStartupProbe
[INFO] Coalescing path $.csiProvider.agent.extraEnvVars
[INFO] Coalescing path $.csiProvider.agent.extraEnvVarsCM
[INFO] Coalescing path $.csiProvider.agent.extraEnvVarsSecret
[INFO] Coalescing path $.csiProvider.agent.extraVolumeMounts
[INFO] Coalescing path $.csiProvider.agent.lifecycleHooks
[INFO] Coalescing path $.csiProvider.agent.resources
[INFO] Coalescing path $.csiProvider.image.pullPolicy
[INFO] Coalescing path $.csiProvider.networkPolicy.allowExternalEgress
[INFO] Coalescing path $.csiProvider.networkPolicy.enabled
[INFO] Coalescing path $.csiProvider.networkPolicy.extraEgress
[INFO] Coalescing path $.csiProvider.networkPolicy.extraIngress
[INFO] Coalescing path $.csiProvider.networkPolicy.kubeAPIServerPorts
[INFO] Coalescing path $.csiProvider.nodeAffinityPreset.key
[INFO] Coalescing path $.csiProvider.nodeAffinityPreset.type
[INFO] Coalescing path $.csiProvider.nodeAffinityPreset.values
[INFO] Coalescing path $.csiProvider.podSecurityContext.enabled
[INFO] Coalescing path $.csiProvider.provider.containerSecurityContext
[INFO] Coalescing path $.csiProvider.provider.customLivenessProbe
[INFO] Coalescing path $.csiProvider.provider.customReadinessProbe
[INFO] Coalescing path $.csiProvider.provider.customStartupProbe
[INFO] Coalescing path $.csiProvider.provider.extraEnvVars
[INFO] Coalescing path $.csiProvider.provider.extraEnvVarsCM
[INFO] Coalescing path $.csiProvider.provider.extraEnvVarsSecret
[INFO] Coalescing path $.csiProvider.provider.extraVolumeMounts
[INFO] Coalescing path $.csiProvider.provider.lifecycleHooks
[INFO] Coalescing path $.csiProvider.provider.resources
[INFO] Coalescing path $.csiProvider.rbac.create
[INFO] Coalescing path $.csiProvider.rbac.rules
[INFO] Coalescing path $.csiProvider.serviceAccount.annotations
[INFO] Coalescing path $.csiProvider.serviceAccount.automountServiceAccountToken
[INFO] Coalescing path $.csiProvider.serviceAccount.create
[INFO] Coalescing path $.injector.autoscaling.enabled
[INFO] Coalescing path $.injector.autoscaling.maxReplicas
[INFO] Coalescing path $.injector.autoscaling.minReplicas
[INFO] Coalescing path $.injector.autoscaling.targetCPU
[INFO] Coalescing path $.injector.autoscaling.targetMemory
[INFO] Coalescing path $.injector.containerPorts.https
[INFO] Coalescing path $.injector.containerSecurityContext.enabled
[INFO] Coalescing path $.injector.image.pullPolicy
[INFO] Coalescing path $.injector.networkPolicy.allowExternal
[INFO] Coalescing path $.injector.networkPolicy.allowExternalEgress
[INFO] Coalescing path $.injector.networkPolicy.enabled
[INFO] Coalescing path $.injector.networkPolicy.extraEgress
[INFO] Coalescing path $.injector.networkPolicy.extraIngress
[INFO] Coalescing path $.injector.networkPolicy.ingressNSMatchLabels
[INFO] Coalescing path $.injector.networkPolicy.ingressNSPodMatchLabels
[INFO] Coalescing path $.injector.networkPolicy.kubeAPIServerPorts
[INFO] Coalescing path $.injector.nodeAffinityPreset.key
[INFO] Coalescing path $.injector.nodeAffinityPreset.type
[INFO] Coalescing path $.injector.nodeAffinityPreset.values
[INFO] Coalescing path $.injector.pdb.create
[INFO] Coalescing path $.injector.pdb.maxUnavailable
[INFO] Coalescing path $.injector.pdb.minAvailable
[INFO] Coalescing path $.injector.podSecurityContext.enabled
[INFO] Coalescing path $.injector.rbac.create
[INFO] Coalescing path $.injector.rbac.rules
[INFO] Coalescing path $.injector.service.annotations
[INFO] Coalescing path $.injector.service.clusterIP
[INFO] Coalescing path $.injector.service.externalTrafficPolicy
[INFO] Coalescing path $.injector.service.extraPorts
[INFO] Coalescing path $.injector.service.loadBalancerIP
[INFO] Coalescing path $.injector.service.loadBalancerSourceRanges
[INFO] Coalescing path $.injector.service.sessionAffinity
[INFO] Coalescing path $.injector.service.sessionAffinityConfig
[INFO] Coalescing path $.injector.service.type
[INFO] Coalescing path $.injector.serviceAccount.annotations
[INFO] Coalescing path $.injector.serviceAccount.automountServiceAccountToken
[INFO] Coalescing path $.injector.serviceAccount.create
[INFO] Coalescing path $.injector.webhook.clientConfig
[INFO] Coalescing path $.injector.webhook.namespaceSelector
[INFO] Coalescing path $.server.containerPorts.http
[INFO] Coalescing path $.server.containerPorts.internal
[INFO] Coalescing path $.server.containerSecurityContext.enabled
[INFO] Coalescing path $.server.containerSecurityContext.runAsUser
[INFO] Coalescing path $.server.image.pullPolicy
[INFO] Coalescing path $.server.ingress.annotations
[INFO] Coalescing path $.server.ingress.enabled
[INFO] Coalescing path $.server.ingress.extraHosts
[INFO] Coalescing path $.server.ingress.extraPaths
[INFO] Coalescing path $.server.ingress.extraRules
[INFO] Coalescing path $.server.ingress.extraTls
[INFO] Coalescing path $.server.ingress.hostname
[INFO] Coalescing path $.server.ingress.ingressClassName
[INFO] Coalescing path $.server.ingress.path
[INFO] Coalescing path $.server.ingress.pathType
[INFO] Coalescing path $.server.ingress.secrets
[INFO] Coalescing path $.server.ingress.selfSigned
[INFO] Coalescing path $.server.ingress.tls
[INFO] Coalescing path $.server.metrics.annotations
[INFO] Coalescing path $.server.metrics.enabled
[INFO] Coalescing path $.server.networkPolicy.allowExternal
[INFO] Coalescing path $.server.networkPolicy.allowExternalEgress
[INFO] Coalescing path $.server.networkPolicy.enabled
[INFO] Coalescing path $.server.networkPolicy.extraEgress
[INFO] Coalescing path $.server.networkPolicy.extraIngress
[INFO] Coalescing path $.server.networkPolicy.ingressNSMatchLabels
[INFO] Coalescing path $.server.networkPolicy.ingressNSPodMatchLabels
[INFO] Coalescing path $.server.networkPolicy.kubeAPIServerPorts
[INFO] Coalescing path $.server.nodeAffinityPreset.key
[INFO] Coalescing path $.server.nodeAffinityPreset.type
[INFO] Coalescing path $.server.nodeAffinityPreset.values
[INFO] Coalescing path $.server.pdb.create
[INFO] Coalescing path $.server.pdb.maxUnavailable
[INFO] Coalescing path $.server.pdb.minAvailable
[INFO] Coalescing path $.server.persistence.accessModes
[INFO] Coalescing path $.server.persistence.annotations
[INFO] Coalescing path $.server.persistence.dataSource
[INFO] Coalescing path $.server.persistence.enabled
[INFO] Coalescing path $.server.persistence.existingClaim
[INFO] Coalescing path $.server.persistence.extraVolumeClaimTemplates
[INFO] Coalescing path $.server.persistence.mountPath
[INFO] Coalescing path $.server.persistence.selector
[INFO] Coalescing path $.server.persistence.size
[INFO] Coalescing path $.server.podSecurityContext.enabled
[INFO] Coalescing path $.server.podSecurityContext.fsGroup
[INFO] Coalescing path $.server.rbac.create
[INFO] Coalescing path $.server.rbac.createClusterRoleBinding
[INFO] Coalescing path $.server.service.annotations
[INFO] Coalescing path $.server.serviceAccount.annotations
[INFO] Coalescing path $.server.serviceAccount.automountServiceAccountToken
[INFO] Coalescing path $.server.serviceAccount.create
[INFO] Coalescing path $.volumePermissions.containerSecurityContext.enabled
[INFO] Coalescing path $.volumePermissions.image.pullPolicy
[INFO] Coalescing path $.csiProvider.agent.containerPorts.tcp
[INFO] Coalescing path $.csiProvider.agent.containerSecurityContext.enabled
[INFO] Coalescing path $.csiProvider.networkPolicy.kubeAPIServerPorts[*]
[INFO] Coalescing path $.csiProvider.provider.containerPorts.health
[INFO] Coalescing path $.csiProvider.provider.containerSecurityContext.enabled
[INFO] Coalescing path $.injector.networkPolicy.ingressNSMatchLabels[*]
[INFO] Coalescing path $.injector.networkPolicy.ingressNSPodMatchLabels[*]
[INFO] Coalescing path $.injector.networkPolicy.kubeAPIServerPorts[*]
[INFO] Coalescing path $.injector.service.nodePorts.https
[INFO] Coalescing path $.injector.service.ports.https
[INFO] Coalescing path $.injector.webhook.clientConfig.caBundle
[INFO] Coalescing path $.server.metrics.serviceMonitor.annotations
[INFO] Coalescing path $.server.metrics.serviceMonitor.enabled
[INFO] Coalescing path $.server.metrics.serviceMonitor.honorLabels
[INFO] Coalescing path $.server.metrics.serviceMonitor.interval
[INFO] Coalescing path $.server.metrics.serviceMonitor.jobLabel
[INFO] Coalescing path $.server.metrics.serviceMonitor.labels
[INFO] Coalescing path $.server.metrics.serviceMonitor.metricRelabelings
[INFO] Coalescing path $.server.metrics.serviceMonitor.namespace
[INFO] Coalescing path $.server.metrics.serviceMonitor.relabelings
[INFO] Coalescing path $.server.metrics.serviceMonitor.scrapeTimeout
[INFO] Coalescing path $.server.metrics.serviceMonitor.selector
[INFO] Coalescing path $.server.networkPolicy.ingressNSMatchLabels[*]
[INFO] Coalescing path $.server.networkPolicy.ingressNSPodMatchLabels[*]
[INFO] Coalescing path $.server.networkPolicy.kubeAPIServerPorts[*]
[INFO] Coalescing path $.server.persistence.accessModes[*]
[INFO] Coalescing path $.server.rbac.discovery.rules
[INFO] Coalescing path $.server.rbac.leaderElection.rules
[INFO] Coalescing path $.server.service.active.annotations
[INFO] Coalescing path $.server.service.active.clusterIP
[INFO] Coalescing path $.server.service.active.externalTrafficPolicy
[INFO] Coalescing path $.server.service.active.extraPorts
[INFO] Coalescing path $.server.service.active.loadBalancerIP
[INFO] Coalescing path $.server.service.active.loadBalancerSourceRanges
[INFO] Coalescing path $.server.service.active.sessionAffinity
[INFO] Coalescing path $.server.service.active.sessionAffinityConfig
[INFO] Coalescing path $.server.service.active.type
[INFO] Coalescing path $.server.service.general.annotations
[INFO] Coalescing path $.server.service.general.clusterIP
[INFO] Coalescing path $.server.service.general.externalTrafficPolicy
[INFO] Coalescing path $.server.service.general.extraPorts
[INFO] Coalescing path $.server.service.general.loadBalancerIP
[INFO] Coalescing path $.server.service.general.loadBalancerSourceRanges
[INFO] Coalescing path $.server.service.general.sessionAffinity
[INFO] Coalescing path $.server.service.general.sessionAffinityConfig
[INFO] Coalescing path $.server.service.general.type
[INFO] Coalescing path $.server.ingress.extraHosts[*].name
[INFO] Coalescing path $.server.ingress.extraHosts[*].path
[INFO] Coalescing path $.server.ingress.extraHosts[*].pathType
[INFO] Coalescing path $.server.ingress.secrets[*].certificate
[INFO] Coalescing path $.server.ingress.secrets[*].key
[INFO] Coalescing path $.server.ingress.secrets[*].name
[INFO] Coalescing path $.server.service.active.nodePorts.http
[INFO] Coalescing path $.server.service.active.nodePorts.internal
[INFO] Coalescing path $.server.service.active.ports.http
[INFO] Coalescing path $.server.service.active.ports.internal
[INFO] Coalescing path $.server.service.general.nodePorts.http
[INFO] Coalescing path $.server.service.general.nodePorts.internal
[INFO] Coalescing path $.server.service.general.ports.http
[INFO] Coalescing path $.server.service.general.ports.internal
[INFO] Testing known inputs first; arbitrary extra-key cases are deferred
[INFO] Compiler input baseline: 259 statically named fields
[INFO] Render hashes (run-local): 50 observed, 5 unique, 45 duplicate bundles; 45 successful validations reused
[INFO] Testing deferred arbitrary-key and original-schema robustness cases
[INFO] Compiler input baseline: 259 statically named fields
[INFO] Render hashes (run-local): 101 observed, 1 unique, 100 duplicate bundles; 100 successful validations reused
[INFO] .: failed; 0 charts remain
