[INFO] Chart 1/1: .
[INFO] Finite filtering unavailable: permutations need closed objects at (); set additionalProperties: false; prioritizing known inputs before robustness sampling
[INFO] Coalescing path $.affinity
[INFO] Coalescing path $.annotations
[INFO] Coalescing path $.automountServiceAccountToken
[INFO] Coalescing path $.clusterDomain
[INFO] Coalescing path $.commonAnnotations
[INFO] Coalescing path $.commonLabels
[INFO] Coalescing path $.configOverrides
[INFO] Coalescing path $.containerSecurityContext
[INFO] Coalescing path $.customLivenessProbe
[INFO] Coalescing path $.customReadinessProbe
[INFO] Coalescing path $.customStartupProbe
[INFO] Coalescing path $.deploymentAnnotations
[INFO] Coalescing path $.deploymentLabels
[INFO] Coalescing path $.existingConfigmap
[INFO] Coalescing path $.existingSecret
[INFO] Coalescing path $.extraContainerPorts
[INFO] Coalescing path $.extraDeploy
[INFO] Coalescing path $.extraEnvVars
[INFO] Coalescing path $.extraEnvVarsCM
[INFO] Coalescing path $.extraEnvVarsSecret
[INFO] Coalescing path $.extraVolumeMounts
[INFO] Coalescing path $.extraVolumes
[INFO] Coalescing path $.hostAliases
[INFO] Coalescing path $.image
[INFO] Coalescing path $.initContainers
[INFO] Coalescing path $.javaOpts
[INFO] Coalescing path $.lifecycleHooks
[INFO] Coalescing path $.nodeSelector
[INFO] Coalescing path $.podAffinityPreset
[INFO] Coalescing path $.podAnnotations
[INFO] Coalescing path $.podAntiAffinityPreset
[INFO] Coalescing path $.podLabels
[INFO] Coalescing path $.podSecurityContext
[INFO] Coalescing path $.priorityClassName
[INFO] Coalescing path $.replicaCount
[INFO] Coalescing path $.resources
[INFO] Coalescing path $.schedulerName
[INFO] Coalescing path $.secretConfigOverrides
[INFO] Coalescing path $.sidecars
[INFO] Coalescing path $.storageType
[INFO] Coalescing path $.terminationGracePeriodSeconds
[INFO] Coalescing path $.tolerations
[INFO] Coalescing path $.topologySpreadConstraints
[INFO] Coalescing path $.updateStrategy
[INFO] Coalescing path $.usePasswordFiles
[INFO] Coalescing path $.cassandra.enabled
[INFO] Coalescing path $.containerPorts.http
[INFO] Coalescing path $.containerSecurityContext.enabled
[INFO] Coalescing path $.diagnosticMode.args
[INFO] Coalescing path $.diagnosticMode.command
[INFO] Coalescing path $.diagnosticMode.enabled
[INFO] Coalescing path $.externalDatabase.password
[INFO] Coalescing path $.extraDeploy[*]
[INFO] Coalescing path $.image.debug
[INFO] Coalescing path $.image.pullPolicy
[INFO] Coalescing path $.ingress.annotations
[INFO] Coalescing path $.ingress.enabled
[INFO] Coalescing path $.ingress.extraHosts
[INFO] Coalescing path $.ingress.extraPaths
[INFO] Coalescing path $.ingress.extraRules
[INFO] Coalescing path $.ingress.extraTls
[INFO] Coalescing path $.ingress.hostname
[INFO] Coalescing path $.ingress.ingressClassName
[INFO] Coalescing path $.ingress.path
[INFO] Coalescing path $.ingress.pathType
[INFO] Coalescing path $.ingress.secrets
[INFO] Coalescing path $.ingress.selfSigned
[INFO] Coalescing path $.ingress.tls
[INFO] Coalescing path $.ingress.tlsWwwPrefix
[INFO] Coalescing path $.metrics.annotations
[INFO] Coalescing path $.metrics.enabled
[INFO] Coalescing path $.networkPolicy.allowExternal
[INFO] Coalescing path $.networkPolicy.allowExternalEgress
[INFO] Coalescing path $.networkPolicy.enabled
[INFO] Coalescing path $.networkPolicy.extraIngress
[INFO] Coalescing path $.networkPolicy.ingressNSMatchLabels
[INFO] Coalescing path $.networkPolicy.ingressNSPodMatchLabels
[INFO] Coalescing path $.nodeAffinityPreset.key
[INFO] Coalescing path $.nodeAffinityPreset.type
[INFO] Coalescing path $.nodeAffinityPreset.values
[INFO] Coalescing path $.pdb.create
[INFO] Coalescing path $.pdb.maxUnavailable
[INFO] Coalescing path $.pdb.minAvailable
[INFO] Coalescing path $.podSecurityContext.enabled
[INFO] Coalescing path $.service.annotations
[INFO] Coalescing path $.service.clusterIP
[INFO] Coalescing path $.service.externalTrafficPolicy
[INFO] Coalescing path $.service.extraPorts
[INFO] Coalescing path $.service.loadBalancerIP
[INFO] Coalescing path $.service.loadBalancerSourceRanges
[INFO] Coalescing path $.service.sessionAffinity
[INFO] Coalescing path $.service.sessionAffinityConfig
[INFO] Coalescing path $.service.type
[INFO] Coalescing path $.serviceAccount.annotations
[INFO] Coalescing path $.serviceAccount.automountServiceAccountToken
[INFO] Coalescing path $.serviceAccount.create
[INFO] Coalescing path $.tls.certFilename
[INFO] Coalescing path $.tls.certKeyFilename
[INFO] Coalescing path $.tls.enabled
[INFO] Coalescing path $.tls.existingSecret
[INFO] Coalescing path $.tls.keystoreFilename
[INFO] Coalescing path $.tls.password
[INFO] Coalescing path $.tls.passwordSecret
[INFO] Coalescing path $.tls.usePemCerts
[INFO] Coalescing path $.autoscaling.hpa.enabled
[INFO] Coalescing path $.autoscaling.hpa.maxReplicas
[INFO] Coalescing path $.autoscaling.hpa.minReplicas
[INFO] Coalescing path $.autoscaling.hpa.targetCPU
[INFO] Coalescing path $.autoscaling.hpa.targetMemory
[INFO] Coalescing path $.autoscaling.vpa.annotations
[INFO] Coalescing path $.autoscaling.vpa.controlledResources
[INFO] Coalescing path $.autoscaling.vpa.enabled
[INFO] Coalescing path $.autoscaling.vpa.maxAllowed
[INFO] Coalescing path $.autoscaling.vpa.minAllowed
[INFO] Coalescing path $.autoscaling.vpa.updatePolicy
[INFO] Coalescing path $.defaultInitContainers.initCerts.enabled
[INFO] Coalescing path $.defaultInitContainers.waitForCassandra.enabled
[INFO] Coalescing path $.defaultInitContainers.waitForCassandra.image
[INFO] Coalescing path $.extraContainerPorts[*].containerPort
[INFO] Coalescing path $.ingress.annotations["nginx.ingress.kubernetes.io/from-to-www-redirect"]
[INFO] Coalescing path $.metrics.serviceMonitor.annotations
[INFO] Coalescing path $.metrics.serviceMonitor.enabled
[INFO] Coalescing path $.metrics.serviceMonitor.honorLabels
[INFO] Coalescing path $.metrics.serviceMonitor.interval
[INFO] Coalescing path $.metrics.serviceMonitor.jobLabel
[INFO] Coalescing path $.metrics.serviceMonitor.labels
[INFO] Coalescing path $.metrics.serviceMonitor.metricRelabelings
[INFO] Coalescing path $.metrics.serviceMonitor.namespace
[INFO] Coalescing path $.metrics.serviceMonitor.relabelings
[INFO] Coalescing path $.metrics.serviceMonitor.scrapeTimeout
[INFO] Coalescing path $.metrics.serviceMonitor.selector
[INFO] Coalescing path $.networkPolicy.ingressNSMatchLabels[*]
[INFO] Coalescing path $.networkPolicy.ingressNSPodMatchLabels[*]
[INFO] Coalescing path $.service.nodePorts.http
[INFO] Coalescing path $.service.ports.http
[INFO] Coalescing path $.tls.autoGenerated.enabled
[INFO] Coalescing path $.tls.autoGenerated.engine
[INFO] Coalescing path $.autoscaling.vpa.updatePolicy.updateMode
[INFO] Coalescing path $.ingress.extraHosts[*].name
[INFO] Coalescing path $.ingress.extraHosts[*].path
[INFO] Coalescing path $.ingress.extraHosts[*].pathType
[INFO] Coalescing path $.ingress.secrets[*].certificate
[INFO] Coalescing path $.ingress.secrets[*].key
[INFO] Coalescing path $.ingress.secrets[*].name
[INFO] Coalescing path $.tls.autoGenerated.certManager.duration
[INFO] Coalescing path $.tls.autoGenerated.certManager.existingIssuer
[INFO] Coalescing path $.tls.autoGenerated.certManager.existingIssuerKind
[INFO] Coalescing path $.tls.autoGenerated.certManager.keyAlgorithm
[INFO] Coalescing path $.tls.autoGenerated.certManager.keySize
[INFO] Coalescing path $.tls.autoGenerated.certManager.renewBefore
[INFO] Coalescing path $.ingress.extraHosts[*].Values.tls.enabled
[INFO] Testing known inputs first; arbitrary extra-key cases are deferred
[INFO] Compiler input baseline: 135 statically named fields
[INFO] Render hashes (run-local): 0 observed, 0 unique, 0 duplicate bundles; 0 successful validations reused
[INFO] Testing deferred arbitrary-key and original-schema robustness cases
[INFO] Compiler input baseline: 135 statically named fields
[INFO] Render hashes (run-local): 0 observed, 0 unique, 0 duplicate bundles; 0 successful validations reused
[INFO] .: failed; 0 charts remain
