[INFO] Chart 1/1: .
[INFO] Finite filtering unavailable: permutations need closed objects at (); set additionalProperties: false; prioritizing known inputs before robustness sampling
[INFO] Coalescing path $.affinity
[INFO] Coalescing path $.automountServiceAccountToken
[INFO] Coalescing path $.clusterDomain
[INFO] Coalescing path $.commonAnnotations
[INFO] Coalescing path $.commonLabels
[INFO] Coalescing path $.configuration
[INFO] Coalescing path $.containerSecurityContext
[INFO] Coalescing path $.customLivenessProbe
[INFO] Coalescing path $.customReadinessProbe
[INFO] Coalescing path $.customStartupProbe
[INFO] Coalescing path $.dataLogDir
[INFO] Coalescing path $.dnsConfig
[INFO] Coalescing path $.dnsPolicy
[INFO] Coalescing path $.enableServiceLinks
[INFO] Coalescing path $.existingConfigmap
[INFO] Coalescing path $.extraDeploy
[INFO] Coalescing path $.extraEnvVars
[INFO] Coalescing path $.extraEnvVarsCM
[INFO] Coalescing path $.extraEnvVarsSecret
[INFO] Coalescing path $.extraVolumeMounts
[INFO] Coalescing path $.extraVolumes
[INFO] Coalescing path $.fourlwCommandsWhitelist
[INFO] Coalescing path $.global
[INFO] Coalescing path $.heapSize
[INFO] Coalescing path $.hostAliases
[INFO] Coalescing path $.image
[INFO] Coalescing path $.initContainers
[INFO] Coalescing path $.initLimit
[INFO] Coalescing path $.jvmFlags
[INFO] Coalescing path $.lifecycleHooks
[INFO] Coalescing path $.listenOnAllIPs
[INFO] Coalescing path $.logLevel
[INFO] Coalescing path $.maxClientCnxns
[INFO] Coalescing path $.maxSessionTimeout
[INFO] Coalescing path $.minServerId
[INFO] Coalescing path $.nodeSelector
[INFO] Coalescing path $.persistence
[INFO] Coalescing path $.podAffinityPreset
[INFO] Coalescing path $.podAnnotations
[INFO] Coalescing path $.podAntiAffinityPreset
[INFO] Coalescing path $.podLabels
[INFO] Coalescing path $.podManagementPolicy
[INFO] Coalescing path $.podSecurityContext
[INFO] Coalescing path $.preAllocSize
[INFO] Coalescing path $.priorityClassName
[INFO] Coalescing path $.replicaCount
[INFO] Coalescing path $.resources
[INFO] Coalescing path $.revisionHistoryLimit
[INFO] Coalescing path $.schedulerName
[INFO] Coalescing path $.sidecars
[INFO] Coalescing path $.snapCount
[INFO] Coalescing path $.syncLimit
[INFO] Coalescing path $.tickTime
[INFO] Coalescing path $.tolerations
[INFO] Coalescing path $.topologySpreadConstraints
[INFO] Coalescing path $.updateStrategy
[INFO] Coalescing path $.usePasswordFiles
[INFO] Coalescing path $.zooServers
[INFO] Coalescing path $.autopurge.purgeInterval
[INFO] Coalescing path $.autopurge.snapRetainCount
[INFO] Coalescing path $.containerPorts.adminServer
[INFO] Coalescing path $.containerPorts.client
[INFO] Coalescing path $.containerPorts.election
[INFO] Coalescing path $.containerPorts.follower
[INFO] Coalescing path $.containerPorts.metrics
[INFO] Coalescing path $.containerPorts.tls
[INFO] Coalescing path $.containerSecurityContext.enabled
[INFO] Coalescing path $.containerSecurityContext.runAsUser
[INFO] Coalescing path $.diagnosticMode.args
[INFO] Coalescing path $.diagnosticMode.command
[INFO] Coalescing path $.diagnosticMode.enabled
[INFO] Coalescing path $.extraDeploy[*]
[INFO] Coalescing path $.image.debug
[INFO] Coalescing path $.image.pullPolicy
[INFO] Coalescing path $.metrics.containerPort
[INFO] Coalescing path $.metrics.enabled
[INFO] Coalescing path $.networkPolicy.allowExternal
[INFO] Coalescing path $.networkPolicy.allowExternalEgress
[INFO] Coalescing path $.networkPolicy.enabled
[INFO] Coalescing path $.networkPolicy.extraEgress
[INFO] Coalescing path $.networkPolicy.extraIngress
[INFO] Coalescing path $.networkPolicy.ingressNSMatchLabels
[INFO] Coalescing path $.networkPolicy.ingressNSPodMatchLabels
[INFO] Coalescing path $.nodeAffinityPreset.key
[INFO] Coalescing path $.nodeAffinityPreset.type
[INFO] Coalescing path $.nodeAffinityPreset.values
[INFO] Coalescing path $.pdb.create
[INFO] Coalescing path $.pdb.maxUnavailable
[INFO] Coalescing path $.pdb.minAvailable
[INFO] Coalescing path $.persistence.accessModes
[INFO] Coalescing path $.persistence.annotations
[INFO] Coalescing path $.persistence.enabled
[INFO] Coalescing path $.persistence.existingClaim
[INFO] Coalescing path $.persistence.labels
[INFO] Coalescing path $.persistence.selector
[INFO] Coalescing path $.persistence.size
[INFO] Coalescing path $.podSecurityContext.enabled
[INFO] Coalescing path $.podSecurityContext.fsGroup
[INFO] Coalescing path $.service.annotations
[INFO] Coalescing path $.service.clusterIP
[INFO] Coalescing path $.service.disableBaseClientPort
[INFO] Coalescing path $.service.externalTrafficPolicy
[INFO] Coalescing path $.service.extraPorts
[INFO] Coalescing path $.service.loadBalancerIP
[INFO] Coalescing path $.service.loadBalancerSourceRanges
[INFO] Coalescing path $.service.sessionAffinity
[INFO] Coalescing path $.service.sessionAffinityConfig
[INFO] Coalescing path $.service.type
[INFO] Coalescing path $.serviceAccount.annotations
[INFO] Coalescing path $.serviceAccount.automountServiceAccountToken
[INFO] Coalescing path $.serviceAccount.create
[INFO] Coalescing path $.tls.resources
[INFO] Coalescing path $.updateStrategy.rollingUpdate
[INFO] Coalescing path $.updateStrategy.type
[INFO] Coalescing path $.volumePermissions.containerSecurityContext
[INFO] Coalescing path $.volumePermissions.enabled
[INFO] Coalescing path $.volumePermissions.image
[INFO] Coalescing path $.volumePermissions.resources
[INFO] Coalescing path $.auth.client.clientUser
[INFO] Coalescing path $.auth.client.enabled
[INFO] Coalescing path $.auth.client.serverUsers
[INFO] Coalescing path $.auth.quorum.enabled
[INFO] Coalescing path $.auth.quorum.learnerUser
[INFO] Coalescing path $.auth.quorum.serverUsers
[INFO] Coalescing path $.metrics.prometheusRule.additionalLabels
[INFO] Coalescing path $.metrics.prometheusRule.enabled
[INFO] Coalescing path $.metrics.prometheusRule.namespace
[INFO] Coalescing path $.metrics.prometheusRule.rules
[INFO] Coalescing path $.metrics.service.annotations
[INFO] Coalescing path $.metrics.service.port
[INFO] Coalescing path $.metrics.service.type
[INFO] Coalescing path $.metrics.serviceMonitor.additionalLabels
[INFO] Coalescing path $.metrics.serviceMonitor.enabled
[INFO] Coalescing path $.metrics.serviceMonitor.honorLabels
[INFO] Coalescing path $.metrics.serviceMonitor.interval
[INFO] Coalescing path $.metrics.serviceMonitor.jobLabel
[INFO] Coalescing path $.metrics.serviceMonitor.metricRelabelings
[INFO] Coalescing path $.metrics.serviceMonitor.namespace
[INFO] Coalescing path $.metrics.serviceMonitor.relabelings
[INFO] Coalescing path $.metrics.serviceMonitor.scheme
[INFO] Coalescing path $.metrics.serviceMonitor.scrapeTimeout
[INFO] Coalescing path $.metrics.serviceMonitor.selector
[INFO] Coalescing path $.metrics.serviceMonitor.tlsConfig
[INFO] Coalescing path $.networkPolicy.ingressNSMatchLabels[*]
[INFO] Coalescing path $.networkPolicy.ingressNSPodMatchLabels[*]
[INFO] Coalescing path $.persistence.accessModes[*]
[INFO] Coalescing path $.persistence.dataLogDir.existingClaim
[INFO] Coalescing path $.persistence.dataLogDir.selector
[INFO] Coalescing path $.persistence.dataLogDir.size
[INFO] Coalescing path $.rts.networkPolicy.extraEgress
[INFO] Coalescing path $.service.headless.annotations
[INFO] Coalescing path $.service.headless.publishNotReadyAddresses
[INFO] Coalescing path $.service.headless.servicenameOverride
[INFO] Coalescing path $.service.nodePorts.client
[INFO] Coalescing path $.service.nodePorts.tls
[INFO] Coalescing path $.service.ports.client
[INFO] Coalescing path $.service.ports.election
[INFO] Coalescing path $.service.ports.follower
[INFO] Coalescing path $.service.ports.tls
[INFO] Coalescing path $.tls.client.auth
[INFO] Coalescing path $.tls.client.autoGenerated
[INFO] Coalescing path $.tls.client.enabled
[INFO] Coalescing path $.tls.client.keystorePassword
[INFO] Coalescing path $.tls.client.keystorePath
[INFO] Coalescing path $.tls.client.passwordsSecretName
[INFO] Coalescing path $.tls.client.truststorePassword
[INFO] Coalescing path $.tls.client.truststorePath
[INFO] Coalescing path $.tls.quorum.auth
[INFO] Coalescing path $.tls.quorum.autoGenerated
[INFO] Coalescing path $.tls.quorum.enabled
[INFO] Coalescing path $.tls.quorum.keystorePassword
[INFO] Coalescing path $.tls.quorum.keystorePath
[INFO] Coalescing path $.tls.quorum.passwordsSecretName
[INFO] Coalescing path $.tls.quorum.truststorePassword
[INFO] Coalescing path $.tls.quorum.truststorePath
[INFO] Coalescing path $.volumePermissions.containerSecurityContext.enabled
[INFO] Coalescing path $.volumePermissions.image.pullPolicy
[INFO] Testing known inputs first; arbitrary extra-key cases are deferred
[INFO] Compiler input baseline: 166 statically named fields
[INFO] Render hashes (run-local): 19 observed, 10 unique, 9 duplicate bundles; 9 successful validations reused
[INFO] Testing deferred arbitrary-key and original-schema robustness cases
[INFO] Compiler input baseline: 166 statically named fields
[INFO] Render hashes (run-local): 101 observed, 1 unique, 100 duplicate bundles; 100 successful validations reused
[INFO] .: failed; 0 charts remain
