[INFO] Chart 1/1: .
[INFO] Finite filtering unavailable: permutations need closed objects at (); set additionalProperties: false; prioritizing known inputs before robustness sampling
[INFO] Coalescing path $.clusterDomain
[INFO] Coalescing path $.clusterName
[INFO] Coalescing path $.commonAnnotations
[INFO] Coalescing path $.commonLabels
[INFO] Coalescing path $.existingConfigmap
[INFO] Coalescing path $.extraDeploy
[INFO] Coalescing path $.overrideConfiguration
[INFO] Coalescing path $.agent.affinity
[INFO] Coalescing path $.agent.automountServiceAccountToken
[INFO] Coalescing path $.agent.containerSecurityContext
[INFO] Coalescing path $.agent.customLivenessProbe
[INFO] Coalescing path $.agent.customReadinessProbe
[INFO] Coalescing path $.agent.customStartupProbe
[INFO] Coalescing path $.agent.daemonsetAnnotations
[INFO] Coalescing path $.agent.enablePprof
[INFO] Coalescing path $.agent.extraContainerPorts
[INFO] Coalescing path $.agent.extraEnvVars
[INFO] Coalescing path $.agent.extraEnvVarsCM
[INFO] Coalescing path $.agent.extraEnvVarsSecret
[INFO] Coalescing path $.agent.extraVolumeMounts
[INFO] Coalescing path $.agent.extraVolumes
[INFO] Coalescing path $.agent.hostAliases
[INFO] Coalescing path $.agent.image
[INFO] Coalescing path $.agent.initContainers
[INFO] Coalescing path $.agent.lifecycleHooks
[INFO] Coalescing path $.agent.nodeSelector
[INFO] Coalescing path $.agent.podAnnotations
[INFO] Coalescing path $.agent.podLabels
[INFO] Coalescing path $.agent.podSecurityContext
[INFO] Coalescing path $.agent.priorityClassName
[INFO] Coalescing path $.agent.resources
[INFO] Coalescing path $.agent.sidecars
[INFO] Coalescing path $.agent.terminationGracePeriodSeconds
[INFO] Coalescing path $.agent.tolerations
[INFO] Coalescing path $.agent.updateStrategy
[INFO] Coalescing path $.agent.waitForKubeProxy
[INFO] Coalescing path $.aws.accessKeyID
[INFO] Coalescing path $.aws.enabled
[INFO] Coalescing path $.aws.region
[INFO] Coalescing path $.aws.secretAccessKey
[INFO] Coalescing path $.azure.clientID
[INFO] Coalescing path $.azure.clientSecret
[INFO] Coalescing path $.azure.enabled
[INFO] Coalescing path $.azure.resourceGroup
[INFO] Coalescing path $.azure.subscriptionID
[INFO] Coalescing path $.azure.tenantID
[INFO] Coalescing path $.diagnosticMode.args
[INFO] Coalescing path $.diagnosticMode.command
[INFO] Coalescing path $.diagnosticMode.enabled
[INFO] Coalescing path $.envoy.affinity
[INFO] Coalescing path $.envoy.automountServiceAccountToken
[INFO] Coalescing path $.envoy.containerSecurityContext
[INFO] Coalescing path $.envoy.customLivenessProbe
[INFO] Coalescing path $.envoy.customReadinessProbe
[INFO] Coalescing path $.envoy.customStartupProbe
[INFO] Coalescing path $.envoy.daemonsetAnnotations
[INFO] Coalescing path $.envoy.existingConfigmap
[INFO] Coalescing path $.envoy.extraContainerPorts
[INFO] Coalescing path $.envoy.extraEnvVars
[INFO] Coalescing path $.envoy.extraEnvVarsCM
[INFO] Coalescing path $.envoy.extraEnvVarsSecret
[INFO] Coalescing path $.envoy.extraVolumeMounts
[INFO] Coalescing path $.envoy.extraVolumes
[INFO] Coalescing path $.envoy.hostAliases
[INFO] Coalescing path $.envoy.image
[INFO] Coalescing path $.envoy.initContainers
[INFO] Coalescing path $.envoy.lifecycleHooks
[INFO] Coalescing path $.envoy.nodeSelector
[INFO] Coalescing path $.envoy.overrideConfiguration
[INFO] Coalescing path $.envoy.podAnnotations
[INFO] Coalescing path $.envoy.podLabels
[INFO] Coalescing path $.envoy.podSecurityContext
[INFO] Coalescing path $.envoy.priorityClassName
[INFO] Coalescing path $.envoy.resources
[INFO] Coalescing path $.envoy.sidecars
[INFO] Coalescing path $.envoy.terminationGracePeriodSeconds
[INFO] Coalescing path $.envoy.tolerations
[INFO] Coalescing path $.envoy.updateStrategy
[INFO] Coalescing path $.envoy.useDaemonSet
[INFO] Coalescing path $.etcd.enabled
[INFO] Coalescing path $.externalKvstore.enabled
[INFO] Coalescing path $.extraDeploy[*]
[INFO] Coalescing path $.operator.affinity
[INFO] Coalescing path $.operator.automountServiceAccountToken
[INFO] Coalescing path $.operator.containerSecurityContext
[INFO] Coalescing path $.operator.customLivenessProbe
[INFO] Coalescing path $.operator.customReadinessProbe
[INFO] Coalescing path $.operator.customStartupProbe
[INFO] Coalescing path $.operator.deploymentAnnotations
[INFO] Coalescing path $.operator.enablePprof
[INFO] Coalescing path $.operator.extraContainerPorts
[INFO] Coalescing path $.operator.extraEnvVars
[INFO] Coalescing path $.operator.extraEnvVarsCM
[INFO] Coalescing path $.operator.extraEnvVarsSecret
[INFO] Coalescing path $.operator.extraVolumeMounts
[INFO] Coalescing path $.operator.extraVolumes
[INFO] Coalescing path $.operator.hostAliases
[INFO] Coalescing path $.operator.hostNetwork
[INFO] Coalescing path $.operator.image
[INFO] Coalescing path $.operator.initContainers
[INFO] Coalescing path $.operator.lifecycleHooks
[INFO] Coalescing path $.operator.nodeSelector
[INFO] Coalescing path $.operator.podAnnotations
[INFO] Coalescing path $.operator.podLabels
[INFO] Coalescing path $.operator.podSecurityContext
[INFO] Coalescing path $.operator.priorityClassName
[INFO] Coalescing path $.operator.replicaCount
[INFO] Coalescing path $.operator.resources
[INFO] Coalescing path $.operator.schedulerName
[INFO] Coalescing path $.operator.sidecars
[INFO] Coalescing path $.operator.terminationGracePeriodSeconds
[INFO] Coalescing path $.operator.tolerations
[INFO] Coalescing path $.operator.topologySpreadConstraints
[INFO] Coalescing path $.operator.updateStrategy
[INFO] Coalescing path $.agent.bpf.autoMount
[INFO] Coalescing path $.agent.bpf.hostRoot
[INFO] Coalescing path $.agent.cgroup2.autoMount
[INFO] Coalescing path $.agent.cgroup2.hostRoot
[INFO] Coalescing path $.agent.cniPlugin.install
[INFO] Coalescing path $.agent.containerPorts.health
[INFO] Coalescing path $.agent.containerPorts.hubbleMetrics
[INFO] Coalescing path $.agent.containerPorts.hubblePeer
[INFO] Coalescing path $.agent.containerPorts.metrics
[INFO] Coalescing path $.agent.containerPorts.pprof
[INFO] Coalescing path $.agent.containerSecurityContext.enabled
[INFO] Coalescing path $.agent.image.debug
[INFO] Coalescing path $.agent.image.pullPolicy
[INFO] Coalescing path $.agent.metrics.enabled
[INFO] Coalescing path $.agent.networkPolicy.addExternalClientAccess
[INFO] Coalescing path $.agent.networkPolicy.allowExternal
[INFO] Coalescing path $.agent.networkPolicy.allowExternalEgress
[INFO] Coalescing path $.agent.networkPolicy.enabled
[INFO] Coalescing path $.agent.networkPolicy.extraEgress
[INFO] Coalescing path $.agent.networkPolicy.extraIngress
[INFO] Coalescing path $.agent.networkPolicy.ingressNSMatchLabels
[INFO] Coalescing path $.agent.networkPolicy.ingressNSPodMatchLabels
[INFO] Coalescing path $.agent.networkPolicy.ingressPodMatchLabels
[INFO] Coalescing path $.agent.networkPolicy.kubeAPIServerPorts
[INFO] Coalescing path $.agent.podSecurityContext.enabled
[INFO] Coalescing path $.agent.rbac.create
[INFO] Coalescing path $.agent.rbac.rules
[INFO] Coalescing path $.agent.serviceAccount.annotations
[INFO] Coalescing path $.agent.serviceAccount.automountServiceAccountToken
[INFO] Coalescing path $.agent.serviceAccount.create
[INFO] Coalescing path $.envoy.containerPorts.health
[INFO] Coalescing path $.envoy.containerPorts.metrics
[INFO] Coalescing path $.envoy.containerSecurityContext.enabled
[INFO] Coalescing path $.envoy.image.pullPolicy
[INFO] Coalescing path $.envoy.metrics.enabled
[INFO] Coalescing path $.envoy.networkPolicy.addExternalClientAccess
[INFO] Coalescing path $.envoy.networkPolicy.allowExternal
[INFO] Coalescing path $.envoy.networkPolicy.allowExternalEgress
[INFO] Coalescing path $.envoy.networkPolicy.enabled
[INFO] Coalescing path $.envoy.networkPolicy.extraIngress
[INFO] Coalescing path $.envoy.networkPolicy.ingressNSMatchLabels
[INFO] Coalescing path $.envoy.networkPolicy.ingressNSPodMatchLabels
[INFO] Coalescing path $.envoy.networkPolicy.ingressPodMatchLabels
[INFO] Coalescing path $.envoy.podSecurityContext.enabled
[INFO] Coalescing path $.envoy.serviceAccount.annotations
[INFO] Coalescing path $.envoy.serviceAccount.automountServiceAccountToken
[INFO] Coalescing path $.envoy.serviceAccount.create
[INFO] Coalescing path $.hubble.relay.affinity
[INFO] Coalescing path $.hubble.relay.automountServiceAccountToken
[INFO] Coalescing path $.hubble.relay.containerSecurityContext
[INFO] Coalescing path $.hubble.relay.customLivenessProbe
[INFO] Coalescing path $.hubble.relay.customReadinessProbe
[INFO] Coalescing path $.hubble.relay.customStartupProbe
[INFO] Coalescing path $.hubble.relay.deploymentAnnotations
[INFO] Coalescing path $.hubble.relay.enableGops
[INFO] Coalescing path $.hubble.relay.enablePprof
[INFO] Coalescing path $.hubble.relay.enabled
[INFO] Coalescing path $.hubble.relay.existingConfigmap
[INFO] Coalescing path $.hubble.relay.extraContainerPorts
[INFO] Coalescing path $.hubble.relay.extraEnvVars
[INFO] Coalescing path $.hubble.relay.extraEnvVarsCM
[INFO] Coalescing path $.hubble.relay.extraEnvVarsSecret
[INFO] Coalescing path $.hubble.relay.extraVolumeMounts
[INFO] Coalescing path $.hubble.relay.extraVolumes
[INFO] Coalescing path $.hubble.relay.hostAliases
[INFO] Coalescing path $.hubble.relay.image
[INFO] Coalescing path $.hubble.relay.initContainers
[INFO] Coalescing path $.hubble.relay.lifecycleHooks
[INFO] Coalescing path $.hubble.relay.nodeSelector
[INFO] Coalescing path $.hubble.relay.overrideConfiguration
[INFO] Coalescing path $.hubble.relay.podAnnotations
[INFO] Coalescing path $.hubble.relay.podLabels
[INFO] Coalescing path $.hubble.relay.podSecurityContext
[INFO] Coalescing path $.hubble.relay.priorityClassName
[INFO] Coalescing path $.hubble.relay.replicaCount
[INFO] Coalescing path $.hubble.relay.resources
[INFO] Coalescing path $.hubble.relay.schedulerName
[INFO] Coalescing path $.hubble.relay.sidecars
[INFO] Coalescing path $.hubble.relay.terminationGracePeriodSeconds
[INFO] Coalescing path $.hubble.relay.tolerations
[INFO] Coalescing path $.hubble.relay.topologySpreadConstraints
[INFO] Coalescing path $.hubble.relay.updateStrategy
[INFO] Coalescing path $.hubble.tls.enabled
[INFO] Coalescing path $.hubble.ui.affinity
[INFO] Coalescing path $.hubble.ui.automountServiceAccountToken
[INFO] Coalescing path $.hubble.ui.deploymentAnnotations
[INFO] Coalescing path $.hubble.ui.enabled
[INFO] Coalescing path $.hubble.ui.extraVolumes
[INFO] Coalescing path $.hubble.ui.hostAliases
[INFO] Coalescing path $.hubble.ui.initContainers
[INFO] Coalescing path $.hubble.ui.nodeSelector
[INFO] Coalescing path $.hubble.ui.podAnnotations
[INFO] Coalescing path $.hubble.ui.podLabels
[INFO] Coalescing path $.hubble.ui.podSecurityContext
[INFO] Coalescing path $.hubble.ui.priorityClassName
[INFO] Coalescing path $.hubble.ui.replicaCount
[INFO] Coalescing path $.hubble.ui.schedulerName
[INFO] Coalescing path $.hubble.ui.sidecars
[INFO] Coalescing path $.hubble.ui.terminationGracePeriodSeconds
[INFO] Coalescing path $.hubble.ui.tolerations
[INFO] Coalescing path $.hubble.ui.topologySpreadConstraints
[INFO] Coalescing path $.hubble.ui.updateStrategy
[INFO] Coalescing path $.operator.containerPorts.api
[INFO] Coalescing path $.operator.containerPorts.metrics
[INFO] Coalescing path $.operator.containerPorts.pprof
[INFO] Coalescing path $.operator.containerSecurityContext.enabled
[INFO] Coalescing path $.operator.image.debug
[INFO] Coalescing path $.operator.image.pullPolicy
[INFO] Coalescing path $.operator.metrics.enabled
[INFO] Coalescing path $.operator.networkPolicy.addExternalClientAccess
[INFO] Coalescing path $.operator.networkPolicy.allowExternal
[INFO] Coalescing path $.operator.networkPolicy.allowExternalEgress
[INFO] Coalescing path $.operator.networkPolicy.enabled
[INFO] Coalescing path $.operator.networkPolicy.extraEgress
[INFO] Coalescing path $.operator.networkPolicy.extraIngress
[INFO] Coalescing path $.operator.networkPolicy.ingressNSMatchLabels
[INFO] Coalescing path $.operator.networkPolicy.ingressNSPodMatchLabels
[INFO] Coalescing path $.operator.networkPolicy.ingressPodMatchLabels
[INFO] Coalescing path $.operator.networkPolicy.kubeAPIServerPorts
[INFO] Coalescing path $.operator.pdb.create
[INFO] Coalescing path $.operator.pdb.maxUnavailable
[INFO] Coalescing path $.operator.pdb.minAvailable
[INFO] Coalescing path $.operator.podSecurityContext.enabled
[INFO] Coalescing path $.operator.rbac.create
[INFO] Coalescing path $.operator.rbac.rules
[INFO] Coalescing path $.operator.serviceAccount.annotations
[INFO] Coalescing path $.operator.serviceAccount.automountServiceAccountToken
[INFO] Coalescing path $.operator.serviceAccount.create
[INFO] Coalescing path $.agent.autoscaling.vpa.annotations
[INFO] Coalescing path $.agent.autoscaling.vpa.controlledResources
[INFO] Coalescing path $.agent.autoscaling.vpa.enabled
[INFO] Coalescing path $.agent.autoscaling.vpa.maxAllowed
[INFO] Coalescing path $.agent.autoscaling.vpa.minAllowed
[INFO] Coalescing path $.agent.autoscaling.vpa.updatePolicy
[INFO] Coalescing path $.agent.extraContainerPorts[*].containerPort
[INFO] Coalescing path $.agent.metrics.service.annotations
[INFO] Coalescing path $.agent.metrics.service.port
[INFO] Coalescing path $.agent.metrics.serviceMonitor.annotations
[INFO] Coalescing path $.agent.metrics.serviceMonitor.enabled
[INFO] Coalescing path $.agent.metrics.serviceMonitor.honorLabels
[INFO] Coalescing path $.agent.metrics.serviceMonitor.interval
[INFO] Coalescing path $.agent.metrics.serviceMonitor.jobLabel
[INFO] Coalescing path $.agent.metrics.serviceMonitor.labels
[INFO] Coalescing path $.agent.metrics.serviceMonitor.metricRelabelings
[INFO] Coalescing path $.agent.metrics.serviceMonitor.namespace
[INFO] Coalescing path $.agent.metrics.serviceMonitor.relabelings
[INFO] Coalescing path $.agent.metrics.serviceMonitor.scrapeTimeout
[INFO] Coalescing path $.agent.metrics.serviceMonitor.selector
[INFO] Coalescing path $.agent.networkPolicy.kubeAPIServerPorts[*]
[INFO] Coalescing path $.envoy.autoscaling.vpa.annotations
[INFO] Coalescing path $.envoy.autoscaling.vpa.controlledResources
[INFO] Coalescing path $.envoy.autoscaling.vpa.enabled
[INFO] Coalescing path $.envoy.autoscaling.vpa.maxAllowed
[INFO] Coalescing path $.envoy.autoscaling.vpa.minAllowed
[INFO] Coalescing path $.envoy.autoscaling.vpa.updatePolicy
[INFO] Coalescing path $.envoy.extraContainerPorts[*].containerPort
[INFO] Coalescing path $.envoy.metrics.service.annotations
[INFO] Coalescing path $.envoy.metrics.service.port
[INFO] Coalescing path $.envoy.metrics.serviceMonitor.annotations
[INFO] Coalescing path $.envoy.metrics.serviceMonitor.enabled
[INFO] Coalescing path $.envoy.metrics.serviceMonitor.honorLabels
[INFO] Coalescing path $.envoy.metrics.serviceMonitor.interval
[INFO] Coalescing path $.envoy.metrics.serviceMonitor.jobLabel
[INFO] Coalescing path $.envoy.metrics.serviceMonitor.labels
[INFO] Coalescing path $.envoy.metrics.serviceMonitor.metricRelabelings
[INFO] Coalescing path $.envoy.metrics.serviceMonitor.namespace
[INFO] Coalescing path $.envoy.metrics.serviceMonitor.relabelings
[INFO] Coalescing path $.envoy.metrics.serviceMonitor.scrapeTimeout
[INFO] Coalescing path $.envoy.metrics.serviceMonitor.selector
[INFO] Coalescing path $.hubble.peers.metrics.enabled
[INFO] Coalescing path $.hubble.peers.service.annotations
[INFO] Coalescing path $.hubble.peers.service.clusterIP
[INFO] Coalescing path $.hubble.peers.service.extraPorts
[INFO] Coalescing path $.hubble.peers.service.internalTrafficPolicy
[INFO] Coalescing path $.hubble.peers.service.port
[INFO] Coalescing path $.hubble.relay.containerPorts.gops
[INFO] Coalescing path $.hubble.relay.containerPorts.grpc
[INFO] Coalescing path $.hubble.relay.containerPorts.metrics
[INFO] Coalescing path $.hubble.relay.containerPorts.pprof
[INFO] Coalescing path $.hubble.relay.containerSecurityContext.enabled
[INFO] Coalescing path $.hubble.relay.image.pullPolicy
[INFO] Coalescing path $.hubble.relay.metrics.enabled
[INFO] Coalescing path $.hubble.relay.networkPolicy.addExternalClientAccess
[INFO] Coalescing path $.hubble.relay.networkPolicy.allowExternal
[INFO] Coalescing path $.hubble.relay.networkPolicy.allowExternalEgress
[INFO] Coalescing path $.hubble.relay.networkPolicy.enabled
[INFO] Coalescing path $.hubble.relay.networkPolicy.extraIngress
[INFO] Coalescing path $.hubble.relay.networkPolicy.ingressNSMatchLabels
[INFO] Coalescing path $.hubble.relay.networkPolicy.ingressNSPodMatchLabels
[INFO] Coalescing path $.hubble.relay.networkPolicy.ingressPodMatchLabels
[INFO] Coalescing path $.hubble.relay.pdb.create
[INFO] Coalescing path $.hubble.relay.pdb.maxUnavailable
[INFO] Coalescing path $.hubble.relay.pdb.minAvailable
[INFO] Coalescing path $.hubble.relay.podSecurityContext.enabled
[INFO] Coalescing path $.hubble.relay.service.annotations
[INFO] Coalescing path $.hubble.relay.service.clusterIP
[INFO] Coalescing path $.hubble.relay.service.externalTrafficPolicy
[INFO] Coalescing path $.hubble.relay.service.extraPorts
[INFO] Coalescing path $.hubble.relay.service.loadBalancerIP
[INFO] Coalescing path $.hubble.relay.service.loadBalancerSourceRanges
[INFO] Coalescing path $.hubble.relay.service.sessionAffinity
[INFO] Coalescing path $.hubble.relay.service.sessionAffinityConfig
[INFO] Coalescing path $.hubble.relay.service.type
[INFO] Coalescing path $.hubble.relay.serviceAccount.annotations
[INFO] Coalescing path $.hubble.relay.serviceAccount.automountServiceAccountToken
[INFO] Coalescing path $.hubble.relay.serviceAccount.create
[INFO] Coalescing path $.hubble.tls.autoGenerated.enabled
[INFO] Coalescing path $.hubble.tls.autoGenerated.engine
[INFO] Coalescing path $.hubble.ui.backend.containerSecurityContext
[INFO] Coalescing path $.hubble.ui.backend.customLivenessProbe
[INFO] Coalescing path $.hubble.ui.backend.customReadinessProbe
[INFO] Coalescing path $.hubble.ui.backend.customStartupProbe
[INFO] Coalescing path $.hubble.ui.backend.extraContainerPorts
[INFO] Coalescing path $.hubble.ui.backend.extraEnvVars
[INFO] Coalescing path $.hubble.ui.backend.extraEnvVarsCM
[INFO] Coalescing path $.hubble.ui.backend.extraEnvVarsSecret
[INFO] Coalescing path $.hubble.ui.backend.extraVolumeMounts
[INFO] Coalescing path $.hubble.ui.backend.image
[INFO] Coalescing path $.hubble.ui.backend.lifecycleHooks
[INFO] Coalescing path $.hubble.ui.backend.resources
[INFO] Coalescing path $.hubble.ui.frontend.containerSecurityContext
[INFO] Coalescing path $.hubble.ui.frontend.customLivenessProbe
[INFO] Coalescing path $.hubble.ui.frontend.customReadinessProbe
[INFO] Coalescing path $.hubble.ui.frontend.customStartupProbe
[INFO] Coalescing path $.hubble.ui.frontend.enableIPv6
[INFO] Coalescing path $.hubble.ui.frontend.existingServerBlockConfigmap
[INFO] Coalescing path $.hubble.ui.frontend.extraContainerPorts
[INFO] Coalescing path $.hubble.ui.frontend.extraEnvVars
[INFO] Coalescing path $.hubble.ui.frontend.extraEnvVarsCM
[INFO] Coalescing path $.hubble.ui.frontend.extraEnvVarsSecret
[INFO] Coalescing path $.hubble.ui.frontend.extraVolumeMounts
[INFO] Coalescing path $.hubble.ui.frontend.image
[INFO] Coalescing path $.hubble.ui.frontend.lifecycleHooks
[INFO] Coalescing path $.hubble.ui.frontend.resources
[INFO] Coalescing path $.hubble.ui.frontend.serverBlock
[INFO] Coalescing path $.hubble.ui.ingress.annotations
[INFO] Coalescing path $.hubble.ui.ingress.enabled
[INFO] Coalescing path $.hubble.ui.ingress.extraHosts
[INFO] Coalescing path $.hubble.ui.ingress.extraPaths
[INFO] Coalescing path $.hubble.ui.ingress.extraRules
[INFO] Coalescing path $.hubble.ui.ingress.extraTls
[INFO] Coalescing path $.hubble.ui.ingress.hostname
[INFO] Coalescing path $.hubble.ui.ingress.ingressClassName
[INFO] Coalescing path $.hubble.ui.ingress.path
[INFO] Coalescing path $.hubble.ui.ingress.pathType
[INFO] Coalescing path $.hubble.ui.ingress.secrets
[INFO] Coalescing path $.hubble.ui.ingress.selfSigned
[INFO] Coalescing path $.hubble.ui.ingress.tls
[INFO] Coalescing path $.hubble.ui.networkPolicy.addExternalClientAccess
[INFO] Coalescing path $.hubble.ui.networkPolicy.allowExternal
[INFO] Coalescing path $.hubble.ui.networkPolicy.allowExternalEgress
[INFO] Coalescing path $.hubble.ui.networkPolicy.enabled
[INFO] Coalescing path $.hubble.ui.networkPolicy.extraIngress
[INFO] Coalescing path $.hubble.ui.networkPolicy.ingressNSMatchLabels
[INFO] Coalescing path $.hubble.ui.networkPolicy.ingressNSPodMatchLabels
[INFO] Coalescing path $.hubble.ui.networkPolicy.ingressPodMatchLabels
[INFO] Coalescing path $.hubble.ui.pdb.create
[INFO] Coalescing path $.hubble.ui.pdb.maxUnavailable
[INFO] Coalescing path $.hubble.ui.pdb.minAvailable
[INFO] Coalescing path $.hubble.ui.podSecurityContext.enabled
[INFO] Coalescing path $.hubble.ui.rbac.create
[INFO] Coalescing path $.hubble.ui.rbac.rules
[INFO] Coalescing path $.hubble.ui.service.annotations
[INFO] Coalescing path $.hubble.ui.service.clusterIP
[INFO] Coalescing path $.hubble.ui.service.externalTrafficPolicy
[INFO] Coalescing path $.hubble.ui.service.extraPorts
[INFO] Coalescing path $.hubble.ui.service.loadBalancerIP
[INFO] Coalescing path $.hubble.ui.service.loadBalancerSourceRanges
[INFO] Coalescing path $.hubble.ui.service.sessionAffinity
[INFO] Coalescing path $.hubble.ui.service.sessionAffinityConfig
[INFO] Coalescing path $.hubble.ui.service.type
[INFO] Coalescing path $.hubble.ui.serviceAccount.annotations
[INFO] Coalescing path $.hubble.ui.serviceAccount.automountServiceAccountToken
[INFO] Coalescing path $.hubble.ui.serviceAccount.create
[INFO] Coalescing path $.operator.autoscaling.hpa.enabled
[INFO] Coalescing path $.operator.autoscaling.hpa.maxReplicas
[INFO] Coalescing path $.operator.autoscaling.hpa.minReplicas
[INFO] Coalescing path $.operator.autoscaling.hpa.targetCPU
[INFO] Coalescing path $.operator.autoscaling.hpa.targetMemory
[INFO] Coalescing path $.operator.autoscaling.vpa.annotations
[INFO] Coalescing path $.operator.autoscaling.vpa.controlledResources
[INFO] Coalescing path $.operator.autoscaling.vpa.enabled
[INFO] Coalescing path $.operator.autoscaling.vpa.maxAllowed
[INFO] Coalescing path $.operator.autoscaling.vpa.minAllowed
[INFO] Coalescing path $.operator.autoscaling.vpa.updatePolicy
[INFO] Coalescing path $.operator.extraContainerPorts[*].containerPort
[INFO] Coalescing path $.operator.metrics.service.annotations
[INFO] Coalescing path $.operator.metrics.service.port
[INFO] Coalescing path $.operator.metrics.serviceMonitor.annotations
[INFO] Coalescing path $.operator.metrics.serviceMonitor.enabled
[INFO] Coalescing path $.operator.metrics.serviceMonitor.honorLabels
[INFO] Coalescing path $.operator.metrics.serviceMonitor.interval
[INFO] Coalescing path $.operator.metrics.serviceMonitor.jobLabel
[INFO] Coalescing path $.operator.metrics.serviceMonitor.labels
[INFO] Coalescing path $.operator.metrics.serviceMonitor.metricRelabelings
[INFO] Coalescing path $.operator.metrics.serviceMonitor.namespace
[INFO] Coalescing path $.operator.metrics.serviceMonitor.relabelings
[INFO] Coalescing path $.operator.metrics.serviceMonitor.scrapeTimeout
[INFO] Coalescing path $.operator.metrics.serviceMonitor.selector
[INFO] Coalescing path $.operator.networkPolicy.kubeAPIServerPorts[*]
[INFO] Coalescing path $.agent.autoscaling.vpa.updatePolicy.updateMode
[INFO] Coalescing path $.envoy.autoscaling.vpa.updatePolicy.updateMode
[INFO] Coalescing path $.hubble.peers.metrics.service.annotations
[INFO] Coalescing path $.hubble.peers.metrics.service.port
[INFO] Coalescing path $.hubble.peers.metrics.serviceMonitor.annotations
[INFO] Coalescing path $.hubble.peers.metrics.serviceMonitor.enabled
[INFO] Coalescing path $.hubble.peers.metrics.serviceMonitor.honorLabels
[INFO] Coalescing path $.hubble.peers.metrics.serviceMonitor.interval
[INFO] Coalescing path $.hubble.peers.metrics.serviceMonitor.jobLabel
[INFO] Coalescing path $.hubble.peers.metrics.serviceMonitor.labels
[INFO] Coalescing path $.hubble.peers.metrics.serviceMonitor.metricRelabelings
[INFO] Coalescing path $.hubble.peers.metrics.serviceMonitor.namespace
[INFO] Coalescing path $.hubble.peers.metrics.serviceMonitor.relabelings
[INFO] Coalescing path $.hubble.peers.metrics.serviceMonitor.scrapeTimeout
[INFO] Coalescing path $.hubble.peers.metrics.serviceMonitor.selector
[INFO] Coalescing path $.hubble.relay.autoscaling.hpa.enabled
[INFO] Coalescing path $.hubble.relay.autoscaling.hpa.maxReplicas
[INFO] Coalescing path $.hubble.relay.autoscaling.hpa.minReplicas
[INFO] Coalescing path $.hubble.relay.autoscaling.hpa.targetCPU
[INFO] Coalescing path $.hubble.relay.autoscaling.hpa.targetMemory
[INFO] Coalescing path $.hubble.relay.autoscaling.vpa.annotations
[INFO] Coalescing path $.hubble.relay.autoscaling.vpa.controlledResources
[INFO] Coalescing path $.hubble.relay.autoscaling.vpa.enabled
[INFO] Coalescing path $.hubble.relay.autoscaling.vpa.maxAllowed
[INFO] Coalescing path $.hubble.relay.autoscaling.vpa.minAllowed
[INFO] Coalescing path $.hubble.relay.autoscaling.vpa.updatePolicy
[INFO] Coalescing path $.hubble.relay.extraContainerPorts[*].containerPort
[INFO] Coalescing path $.hubble.relay.metrics.serviceMonitor.annotations
[INFO] Coalescing path $.hubble.relay.metrics.serviceMonitor.enabled
[INFO] Coalescing path $.hubble.relay.metrics.serviceMonitor.honorLabels
[INFO] Coalescing path $.hubble.relay.metrics.serviceMonitor.interval
[INFO] Coalescing path $.hubble.relay.metrics.serviceMonitor.jobLabel
[INFO] Coalescing path $.hubble.relay.metrics.serviceMonitor.labels
[INFO] Coalescing path $.hubble.relay.metrics.serviceMonitor.metricRelabelings
[INFO] Coalescing path $.hubble.relay.metrics.serviceMonitor.namespace
[INFO] Coalescing path $.hubble.relay.metrics.serviceMonitor.relabelings
[INFO] Coalescing path $.hubble.relay.metrics.serviceMonitor.scrapeTimeout
[INFO] Coalescing path $.hubble.relay.metrics.serviceMonitor.selector
[INFO] Coalescing path $.hubble.relay.service.nodePorts.grpc
[INFO] Coalescing path $.hubble.relay.service.nodePorts.metrics
[INFO] Coalescing path $.hubble.relay.service.ports.grpc
[INFO] Coalescing path $.hubble.relay.service.ports.metrics
[INFO] Coalescing path $.hubble.tls.autoGenerated.certManager.duration
[INFO] Coalescing path $.hubble.tls.autoGenerated.certManager.existingIssuer
[INFO] Coalescing path $.hubble.tls.autoGenerated.certManager.existingIssuerKind
[INFO] Coalescing path $.hubble.tls.autoGenerated.certManager.keyAlgorithm
[INFO] Coalescing path $.hubble.tls.autoGenerated.certManager.keySize
[INFO] Coalescing path $.hubble.tls.autoGenerated.certManager.renewBefore
[INFO] Coalescing path $.hubble.ui.autoscaling.hpa.enabled
[INFO] Coalescing path $.hubble.ui.autoscaling.hpa.maxReplicas
[INFO] Coalescing path $.hubble.ui.autoscaling.hpa.minReplicas
[INFO] Coalescing path $.hubble.ui.autoscaling.hpa.targetCPU
[INFO] Coalescing path $.hubble.ui.autoscaling.hpa.targetMemory
[INFO] Coalescing path $.hubble.ui.autoscaling.vpa.annotations
[INFO] Coalescing path $.hubble.ui.autoscaling.vpa.controlledResources
[INFO] Coalescing path $.hubble.ui.autoscaling.vpa.enabled
[INFO] Coalescing path $.hubble.ui.autoscaling.vpa.maxAllowed
[INFO] Coalescing path $.hubble.ui.autoscaling.vpa.minAllowed
[INFO] Coalescing path $.hubble.ui.autoscaling.vpa.updatePolicy
[INFO] Coalescing path $.hubble.ui.backend.containerPorts.http
[INFO] Coalescing path $.hubble.ui.backend.containerSecurityContext.enabled
[INFO] Coalescing path $.hubble.ui.backend.image.pullPolicy
[INFO] Coalescing path $.hubble.ui.frontend.containerPorts.http
[INFO] Coalescing path $.hubble.ui.frontend.containerSecurityContext.enabled
[INFO] Coalescing path $.hubble.ui.frontend.image.debug
[INFO] Coalescing path $.hubble.ui.frontend.image.pullPolicy
[INFO] Coalescing path $.hubble.ui.service.nodePorts.http
[INFO] Coalescing path $.hubble.ui.service.ports.http
[INFO] Coalescing path $.operator.autoscaling.vpa.updatePolicy.updateMode
[INFO] Coalescing path $.hubble.relay.autoscaling.vpa.updatePolicy.updateMode
[INFO] Coalescing path $.hubble.ui.autoscaling.vpa.updatePolicy.updateMode
[INFO] Coalescing path $.hubble.ui.backend.extraContainerPorts[*].containerPort
[INFO] Coalescing path $.hubble.ui.frontend.extraContainerPorts[*].containerPort
[INFO] Coalescing path $.hubble.ui.ingress.extraHosts[*].name
[INFO] Coalescing path $.hubble.ui.ingress.extraHosts[*].path
[INFO] Coalescing path $.hubble.ui.ingress.extraHosts[*].pathType
[INFO] Coalescing path $.hubble.ui.ingress.secrets[*].certificate
[INFO] Coalescing path $.hubble.ui.ingress.secrets[*].key
[INFO] Coalescing path $.hubble.ui.ingress.secrets[*].name
[INFO] Testing known inputs first; arbitrary extra-key cases are deferred
[INFO] Compiler input baseline: 456 statically named fields
[INFO] Render hashes (run-local): 58 observed, 58 unique, 0 duplicate bundles; 0 successful validations reused
[INFO] Testing deferred arbitrary-key and original-schema robustness cases
[INFO] Compiler input baseline: 456 statically named fields
[INFO] Render hashes (run-local): 101 observed, 101 unique, 0 duplicate bundles; 0 successful validations reused
[INFO] .: failed; 0 charts remain
