[INFO] Chart 1/1: .
[INFO] Finite filtering unavailable: permutations need closed objects at (); set additionalProperties: false; prioritizing known inputs before robustness sampling
[INFO] Coalescing path $.affinity
[INFO] Coalescing path $.args
[INFO] Coalescing path $.automountServiceAccountToken
[INFO] Coalescing path $.chiConfigd
[INFO] Coalescing path $.chiTemplate
[INFO] Coalescing path $.chiUsersd
[INFO] Coalescing path $.chkConfigd
[INFO] Coalescing path $.chkTemplate
[INFO] Coalescing path $.chkUsersd
[INFO] Coalescing path $.clickHouseImage
[INFO] Coalescing path $.command
[INFO] Coalescing path $.commonAnnotations
[INFO] Coalescing path $.commonLabels
[INFO] Coalescing path $.containerSecurityContext
[INFO] Coalescing path $.customLivenessProbe
[INFO] Coalescing path $.customReadinessProbe
[INFO] Coalescing path $.customStartupProbe
[INFO] Coalescing path $.deploymentAnnotations
[INFO] Coalescing path $.existingChiConfigdConfigmap
[INFO] Coalescing path $.existingChiTemplatesConfigmap
[INFO] Coalescing path $.existingChiUsersdConfigmap
[INFO] Coalescing path $.existingChkConfigdConfigmap
[INFO] Coalescing path $.existingChkTemplatesConfigmap
[INFO] Coalescing path $.existingChkUsersdConfigmap
[INFO] Coalescing path $.existingConfigmap
[INFO] Coalescing path $.extraContainerPorts
[INFO] Coalescing path $.extraDeploy
[INFO] Coalescing path $.extraEnvVars
[INFO] Coalescing path $.extraEnvVarsCM
[INFO] Coalescing path $.extraEnvVarsSecret
[INFO] Coalescing path $.extraVolumeMounts
[INFO] Coalescing path $.extraVolumes
[INFO] Coalescing path $.hostAliases
[INFO] Coalescing path $.image
[INFO] Coalescing path $.initContainers
[INFO] Coalescing path $.keeperImage
[INFO] Coalescing path $.lifecycleHooks
[INFO] Coalescing path $.nodeSelector
[INFO] Coalescing path $.overrideConfiguration
[INFO] Coalescing path $.podAffinityPreset
[INFO] Coalescing path $.podAnnotations
[INFO] Coalescing path $.podAntiAffinityPreset
[INFO] Coalescing path $.podLabels
[INFO] Coalescing path $.podSecurityContext
[INFO] Coalescing path $.priorityClassName
[INFO] Coalescing path $.replicaCount
[INFO] Coalescing path $.resources
[INFO] Coalescing path $.schedulerName
[INFO] Coalescing path $.sidecars
[INFO] Coalescing path $.terminationGracePeriodSeconds
[INFO] Coalescing path $.tolerations
[INFO] Coalescing path $.topologySpreadConstraints
[INFO] Coalescing path $.updateStrategy
[INFO] Coalescing path $.watchAllNamespaces
[INFO] Coalescing path $.watchNamespaces
[INFO] Coalescing path $.auth.existingSecret
[INFO] Coalescing path $.chiConfigd[*]
[INFO] Coalescing path $.chiUsersd[*]
[INFO] Coalescing path $.chkConfigd[*]
[INFO] Coalescing path $.chkUsersd[*]
[INFO] Coalescing path $.clickHouseImage.pullPolicy
[INFO] Coalescing path $.containerPorts.metrics
[INFO] Coalescing path $.containerSecurityContext.enabled
[INFO] Coalescing path $.extraDeploy[*]
[INFO] Coalescing path $.image.pullPolicy
[INFO] Coalescing path $.metrics.containerSecurityContext
[INFO] Coalescing path $.metrics.customLivenessProbe
[INFO] Coalescing path $.metrics.customReadinessProbe
[INFO] Coalescing path $.metrics.customStartupProbe
[INFO] Coalescing path $.metrics.enabled
[INFO] Coalescing path $.metrics.extraContainerPorts
[INFO] Coalescing path $.metrics.extraEnvVars
[INFO] Coalescing path $.metrics.extraEnvVarsCM
[INFO] Coalescing path $.metrics.extraEnvVarsSecret
[INFO] Coalescing path $.metrics.image
[INFO] Coalescing path $.metrics.resources
[INFO] Coalescing path $.networkPolicy.addExternalClientAccess
[INFO] Coalescing path $.networkPolicy.allowExternal
[INFO] Coalescing path $.networkPolicy.allowExternalEgress
[INFO] Coalescing path $.networkPolicy.enabled
[INFO] Coalescing path $.networkPolicy.extraEgress
[INFO] Coalescing path $.networkPolicy.extraIngress
[INFO] Coalescing path $.networkPolicy.ingressNSMatchLabels
[INFO] Coalescing path $.networkPolicy.ingressNSPodMatchLabels
[INFO] Coalescing path $.networkPolicy.ingressPodMatchLabels
[INFO] Coalescing path $.networkPolicy.kubeAPIServerPorts
[INFO] Coalescing path $.nodeAffinityPreset.key
[INFO] Coalescing path $.nodeAffinityPreset.type
[INFO] Coalescing path $.nodeAffinityPreset.values
[INFO] Coalescing path $.pdb.create
[INFO] Coalescing path $.pdb.maxUnavailable
[INFO] Coalescing path $.pdb.minAvailable
[INFO] Coalescing path $.podSecurityContext.enabled
[INFO] Coalescing path $.rbac.create
[INFO] Coalescing path $.rbac.rules
[INFO] Coalescing path $.service.annotations
[INFO] Coalescing path $.service.clusterIP
[INFO] Coalescing path $.service.extraPorts
[INFO] Coalescing path $.serviceAccount.annotations
[INFO] Coalescing path $.serviceAccount.automountServiceAccountToken
[INFO] Coalescing path $.serviceAccount.create
[INFO] Coalescing path $.autoscaling.hpa.enabled
[INFO] Coalescing path $.autoscaling.hpa.maxReplicas
[INFO] Coalescing path $.autoscaling.hpa.minReplicas
[INFO] Coalescing path $.autoscaling.hpa.targetCPU
[INFO] Coalescing path $.autoscaling.hpa.targetMemory
[INFO] Coalescing path $.autoscaling.vpa.annotations
[INFO] Coalescing path $.autoscaling.vpa.controlledResources
[INFO] Coalescing path $.autoscaling.vpa.enabled
[INFO] Coalescing path $.autoscaling.vpa.maxAllowed
[INFO] Coalescing path $.autoscaling.vpa.minAllowed
[INFO] Coalescing path $.autoscaling.vpa.updatePolicy
[INFO] Coalescing path $.extraContainerPorts[*].containerPort
[INFO] Coalescing path $.metrics.containerPorts.metrics
[INFO] Coalescing path $.metrics.containerSecurityContext.enabled
[INFO] Coalescing path $.metrics.image.pullPolicy
[INFO] Coalescing path $.metrics.serviceMonitor.annotations
[INFO] Coalescing path $.metrics.serviceMonitor.enabled
[INFO] Coalescing path $.metrics.serviceMonitor.honorLabels
[INFO] Coalescing path $.metrics.serviceMonitor.interval
[INFO] Coalescing path $.metrics.serviceMonitor.jobLabel
[INFO] Coalescing path $.metrics.serviceMonitor.labels
[INFO] Coalescing path $.metrics.serviceMonitor.metricRelabelings
[INFO] Coalescing path $.metrics.serviceMonitor.namespace
[INFO] Coalescing path $.metrics.serviceMonitor.relabelings
[INFO] Coalescing path $.metrics.serviceMonitor.scrapeTimeout
[INFO] Coalescing path $.metrics.serviceMonitor.selector
[INFO] Coalescing path $.networkPolicy.kubeAPIServerPorts[*]
[INFO] Coalescing path $.service.ports.metrics
[INFO] Coalescing path $.service.ports.metricsExporter
[INFO] Coalescing path $.autoscaling.vpa.updatePolicy.updateMode
[INFO] Testing known inputs first; arbitrary extra-key cases are deferred
[INFO] Compiler input baseline: 117 statically named fields
[INFO] Render hashes (run-local): 64 observed, 64 unique, 0 duplicate bundles; 0 successful validations reused
[INFO] Testing deferred arbitrary-key and original-schema robustness cases
[INFO] Compiler input baseline: 117 statically named fields
[INFO] Render hashes (run-local): 101 observed, 101 unique, 0 duplicate bundles; 0 successful validations reused
[INFO] .: failed; 0 charts remain
