[INFO] Chart 1/1: .
[INFO] Finite filtering unavailable: permutations need closed objects at (); set additionalProperties: false; prioritizing known inputs before robustness sampling
[INFO] Coalescing path $.clusterDomain
[INFO] Coalescing path $.commonAnnotations
[INFO] Coalescing path $.commonLabels
[INFO] Coalescing path $.extraDeploy
[INFO] Coalescing path $.extraDeploy[*]
[INFO] Coalescing path $.operator.affinity
[INFO] Coalescing path $.operator.args
[INFO] Coalescing path $.operator.automountServiceAccountToken
[INFO] Coalescing path $.operator.command
[INFO] Coalescing path $.operator.configuration
[INFO] Coalescing path $.operator.containerSecurityContext
[INFO] Coalescing path $.operator.customLivenessProbe
[INFO] Coalescing path $.operator.customReadinessProbe
[INFO] Coalescing path $.operator.customStartupProbe
[INFO] Coalescing path $.operator.existingConfigMap
[INFO] Coalescing path $.operator.existingSecret
[INFO] Coalescing path $.operator.extraArgs
[INFO] Coalescing path $.operator.extraEnvVars
[INFO] Coalescing path $.operator.extraEnvVarsCM
[INFO] Coalescing path $.operator.extraEnvVarsSecret
[INFO] Coalescing path $.operator.extraVolumeMounts
[INFO] Coalescing path $.operator.extraVolumes
[INFO] Coalescing path $.operator.hostAliases
[INFO] Coalescing path $.operator.image
[INFO] Coalescing path $.operator.initContainers
[INFO] Coalescing path $.operator.lifecycleHooks
[INFO] Coalescing path $.operator.maxConcurrentReconciles
[INFO] Coalescing path $.operator.nodeSelector
[INFO] Coalescing path $.operator.podAffinityPreset
[INFO] Coalescing path $.operator.podAnnotations
[INFO] Coalescing path $.operator.podAntiAffinityPreset
[INFO] Coalescing path $.operator.podLabels
[INFO] Coalescing path $.operator.podSecurityContext
[INFO] Coalescing path $.operator.postgresqlImage
[INFO] Coalescing path $.operator.priorityClassName
[INFO] Coalescing path $.operator.replicaCount
[INFO] Coalescing path $.operator.resources
[INFO] Coalescing path $.operator.schedulerName
[INFO] Coalescing path $.operator.secretConfiguration
[INFO] Coalescing path $.operator.sidecars
[INFO] Coalescing path $.operator.terminationGracePeriodSeconds
[INFO] Coalescing path $.operator.tolerations
[INFO] Coalescing path $.operator.topologySpreadConstraints
[INFO] Coalescing path $.operator.updateStrategy
[INFO] Coalescing path $.operator.watchAllNamespaces
[INFO] Coalescing path $.operator.watchNamespaces
[INFO] Coalescing path $.pluginBarmanCloud.affinity
[INFO] Coalescing path $.pluginBarmanCloud.args
[INFO] Coalescing path $.pluginBarmanCloud.automountServiceAccountToken
[INFO] Coalescing path $.pluginBarmanCloud.command
[INFO] Coalescing path $.pluginBarmanCloud.containerSecurityContext
[INFO] Coalescing path $.pluginBarmanCloud.customLivenessProbe
[INFO] Coalescing path $.pluginBarmanCloud.customReadinessProbe
[INFO] Coalescing path $.pluginBarmanCloud.customStartupProbe
[INFO] Coalescing path $.pluginBarmanCloud.enabled
[INFO] Coalescing path $.pluginBarmanCloud.extraArgs
[INFO] Coalescing path $.pluginBarmanCloud.extraEnvVars
[INFO] Coalescing path $.pluginBarmanCloud.extraEnvVarsCM
[INFO] Coalescing path $.pluginBarmanCloud.extraEnvVarsSecret
[INFO] Coalescing path $.pluginBarmanCloud.extraVolumeMounts
[INFO] Coalescing path $.pluginBarmanCloud.extraVolumes
[INFO] Coalescing path $.pluginBarmanCloud.hostAliases
[INFO] Coalescing path $.pluginBarmanCloud.image
[INFO] Coalescing path $.pluginBarmanCloud.initContainers
[INFO] Coalescing path $.pluginBarmanCloud.lifecycleHooks
[INFO] Coalescing path $.pluginBarmanCloud.nodeSelector
[INFO] Coalescing path $.pluginBarmanCloud.podAffinityPreset
[INFO] Coalescing path $.pluginBarmanCloud.podAnnotations
[INFO] Coalescing path $.pluginBarmanCloud.podAntiAffinityPreset
[INFO] Coalescing path $.pluginBarmanCloud.podLabels
[INFO] Coalescing path $.pluginBarmanCloud.podSecurityContext
[INFO] Coalescing path $.pluginBarmanCloud.priorityClassName
[INFO] Coalescing path $.pluginBarmanCloud.replicaCount
[INFO] Coalescing path $.pluginBarmanCloud.resources
[INFO] Coalescing path $.pluginBarmanCloud.schedulerName
[INFO] Coalescing path $.pluginBarmanCloud.sidecarImage
[INFO] Coalescing path $.pluginBarmanCloud.sidecars
[INFO] Coalescing path $.pluginBarmanCloud.terminationGracePeriodSeconds
[INFO] Coalescing path $.pluginBarmanCloud.tolerations
[INFO] Coalescing path $.pluginBarmanCloud.topologySpreadConstraints
[INFO] Coalescing path $.pluginBarmanCloud.updateStrategy
[INFO] Coalescing path $.operator.containerPorts.metrics
[INFO] Coalescing path $.operator.containerPorts.webhook
[INFO] Coalescing path $.operator.containerSecurityContext.enabled
[INFO] Coalescing path $.operator.image.debug
[INFO] Coalescing path $.operator.image.pullPolicy
[INFO] Coalescing path $.operator.metrics.enabled
[INFO] Coalescing path $.operator.networkPolicy.allowExternal
[INFO] Coalescing path $.operator.networkPolicy.allowExternalEgress
[INFO] Coalescing path $.operator.networkPolicy.enabled
[INFO] Coalescing path $.operator.networkPolicy.extraEgress
[INFO] Coalescing path $.operator.networkPolicy.extraIngress
[INFO] Coalescing path $.operator.networkPolicy.ingressNSMatchLabels
[INFO] Coalescing path $.operator.networkPolicy.ingressNSPodMatchLabels
[INFO] Coalescing path $.operator.networkPolicy.kubeAPIServerPorts
[INFO] Coalescing path $.operator.nodeAffinityPreset.key
[INFO] Coalescing path $.operator.nodeAffinityPreset.type
[INFO] Coalescing path $.operator.nodeAffinityPreset.values
[INFO] Coalescing path $.operator.pdb.create
[INFO] Coalescing path $.operator.pdb.maxUnavailable
[INFO] Coalescing path $.operator.pdb.minAvailable
[INFO] Coalescing path $.operator.podSecurityContext.enabled
[INFO] Coalescing path $.operator.rbac.create
[INFO] Coalescing path $.operator.rbac.rules
[INFO] Coalescing path $.operator.service.annotations
[INFO] Coalescing path $.operator.service.clusterIP
[INFO] Coalescing path $.operator.service.externalTrafficPolicy
[INFO] Coalescing path $.operator.service.extraPorts
[INFO] Coalescing path $.operator.service.labels
[INFO] Coalescing path $.operator.service.loadBalancerIP
[INFO] Coalescing path $.operator.service.loadBalancerSourceRanges
[INFO] Coalescing path $.operator.service.sessionAffinity
[INFO] Coalescing path $.operator.service.sessionAffinityConfig
[INFO] Coalescing path $.operator.service.type
[INFO] Coalescing path $.operator.serviceAccount.annotations
[INFO] Coalescing path $.operator.serviceAccount.automountServiceAccountToken
[INFO] Coalescing path $.operator.serviceAccount.create
[INFO] Coalescing path $.pluginBarmanCloud.containerPorts.grpc
[INFO] Coalescing path $.pluginBarmanCloud.containerPorts.health
[INFO] Coalescing path $.pluginBarmanCloud.containerPorts.metrics
[INFO] Coalescing path $.pluginBarmanCloud.containerSecurityContext.enabled
[INFO] Coalescing path $.pluginBarmanCloud.image.debug
[INFO] Coalescing path $.pluginBarmanCloud.image.pullPolicy
[INFO] Coalescing path $.pluginBarmanCloud.metrics.allowedServiceAccounts
[INFO] Coalescing path $.pluginBarmanCloud.metrics.enabled
[INFO] Coalescing path $.pluginBarmanCloud.networkPolicy.allowExternal
[INFO] Coalescing path $.pluginBarmanCloud.networkPolicy.allowExternalEgress
[INFO] Coalescing path $.pluginBarmanCloud.networkPolicy.enabled
[INFO] Coalescing path $.pluginBarmanCloud.networkPolicy.extraEgress
[INFO] Coalescing path $.pluginBarmanCloud.networkPolicy.extraIngress
[INFO] Coalescing path $.pluginBarmanCloud.networkPolicy.ingressNSMatchLabels
[INFO] Coalescing path $.pluginBarmanCloud.networkPolicy.ingressNSPodMatchLabels
[INFO] Coalescing path $.pluginBarmanCloud.networkPolicy.kubeAPIServerPorts
[INFO] Coalescing path $.pluginBarmanCloud.nodeAffinityPreset.key
[INFO] Coalescing path $.pluginBarmanCloud.nodeAffinityPreset.type
[INFO] Coalescing path $.pluginBarmanCloud.nodeAffinityPreset.values
[INFO] Coalescing path $.pluginBarmanCloud.pdb.create
[INFO] Coalescing path $.pluginBarmanCloud.pdb.maxUnavailable
[INFO] Coalescing path $.pluginBarmanCloud.pdb.minAvailable
[INFO] Coalescing path $.pluginBarmanCloud.podSecurityContext.enabled
[INFO] Coalescing path $.pluginBarmanCloud.rbac.create
[INFO] Coalescing path $.pluginBarmanCloud.rbac.rules
[INFO] Coalescing path $.pluginBarmanCloud.service.annotations
[INFO] Coalescing path $.pluginBarmanCloud.service.clusterIP
[INFO] Coalescing path $.pluginBarmanCloud.service.externalTrafficPolicy
[INFO] Coalescing path $.pluginBarmanCloud.service.extraPorts
[INFO] Coalescing path $.pluginBarmanCloud.service.labels
[INFO] Coalescing path $.pluginBarmanCloud.service.loadBalancerIP
[INFO] Coalescing path $.pluginBarmanCloud.service.loadBalancerSourceRanges
[INFO] Coalescing path $.pluginBarmanCloud.service.sessionAffinity
[INFO] Coalescing path $.pluginBarmanCloud.service.sessionAffinityConfig
[INFO] Coalescing path $.pluginBarmanCloud.service.type
[INFO] Coalescing path $.pluginBarmanCloud.serviceAccount.annotations
[INFO] Coalescing path $.pluginBarmanCloud.serviceAccount.automountServiceAccountToken
[INFO] Coalescing path $.pluginBarmanCloud.serviceAccount.create
[INFO] Coalescing path $.operator.autoscaling.hpa.enabled
[INFO] Coalescing path $.operator.autoscaling.hpa.maxReplicas
[INFO] Coalescing path $.operator.autoscaling.hpa.minReplicas
[INFO] Coalescing path $.operator.autoscaling.hpa.targetCPU
[INFO] Coalescing path $.operator.autoscaling.hpa.targetMemory
[INFO] Coalescing path $.operator.autoscaling.vpa.annotations
[INFO] Coalescing path $.operator.autoscaling.vpa.controlledResources
[INFO] Coalescing path $.operator.autoscaling.vpa.enabled
[INFO] Coalescing path $.operator.autoscaling.vpa.maxAllowed
[INFO] Coalescing path $.operator.autoscaling.vpa.minAllowed
[INFO] Coalescing path $.operator.autoscaling.vpa.updatePolicy
[INFO] Coalescing path $.operator.metrics.monitoringQueries.existingQueries
[INFO] Coalescing path $.operator.metrics.monitoringQueries.overrideConfiguration
[INFO] Coalescing path $.operator.metrics.monitoringQueries.useSecret
[INFO] Coalescing path $.operator.metrics.service.annotations
[INFO] Coalescing path $.operator.metrics.service.clusterIP
[INFO] Coalescing path $.operator.metrics.service.labels
[INFO] Coalescing path $.operator.metrics.service.sessionAffinity
[INFO] Coalescing path $.operator.metrics.serviceMonitor.annotations
[INFO] Coalescing path $.operator.metrics.serviceMonitor.enabled
[INFO] Coalescing path $.operator.metrics.serviceMonitor.honorLabels
[INFO] Coalescing path $.operator.metrics.serviceMonitor.interval
[INFO] Coalescing path $.operator.metrics.serviceMonitor.jobLabel
[INFO] Coalescing path $.operator.metrics.serviceMonitor.labels
[INFO] Coalescing path $.operator.metrics.serviceMonitor.metricRelabelings
[INFO] Coalescing path $.operator.metrics.serviceMonitor.namespace
[INFO] Coalescing path $.operator.metrics.serviceMonitor.relabelings
[INFO] Coalescing path $.operator.metrics.serviceMonitor.scrapeTimeout
[INFO] Coalescing path $.operator.metrics.serviceMonitor.selector
[INFO] Coalescing path $.operator.networkPolicy.ingressNSMatchLabels[*]
[INFO] Coalescing path $.operator.networkPolicy.ingressNSPodMatchLabels[*]
[INFO] Coalescing path $.operator.networkPolicy.kubeAPIServerPorts[*]
[INFO] Coalescing path $.operator.service.nodePorts.webhook
[INFO] Coalescing path $.operator.service.ports.webhook
[INFO] Coalescing path $.operator.webhook.mutating.create
[INFO] Coalescing path $.operator.webhook.mutating.failurePolicy
[INFO] Coalescing path $.operator.webhook.validating.create
[INFO] Coalescing path $.operator.webhook.validating.failurePolicy
[INFO] Coalescing path $.pluginBarmanCloud.autoscaling.hpa.enabled
[INFO] Coalescing path $.pluginBarmanCloud.autoscaling.hpa.maxReplicas
[INFO] Coalescing path $.pluginBarmanCloud.autoscaling.hpa.minReplicas
[INFO] Coalescing path $.pluginBarmanCloud.autoscaling.hpa.targetCPU
[INFO] Coalescing path $.pluginBarmanCloud.autoscaling.hpa.targetMemory
[INFO] Coalescing path $.pluginBarmanCloud.autoscaling.vpa.annotations
[INFO] Coalescing path $.pluginBarmanCloud.autoscaling.vpa.controlledResources
[INFO] Coalescing path $.pluginBarmanCloud.autoscaling.vpa.enabled
[INFO] Coalescing path $.pluginBarmanCloud.autoscaling.vpa.maxAllowed
[INFO] Coalescing path $.pluginBarmanCloud.autoscaling.vpa.minAllowed
[INFO] Coalescing path $.pluginBarmanCloud.autoscaling.vpa.updatePolicy
[INFO] Coalescing path $.pluginBarmanCloud.metrics.service.annotations
[INFO] Coalescing path $.pluginBarmanCloud.metrics.service.clusterIP
[INFO] Coalescing path $.pluginBarmanCloud.metrics.service.labels
[INFO] Coalescing path $.pluginBarmanCloud.metrics.service.sessionAffinity
[INFO] Coalescing path $.pluginBarmanCloud.metrics.serviceMonitor.annotations
[INFO] Coalescing path $.pluginBarmanCloud.metrics.serviceMonitor.enabled
[INFO] Coalescing path $.pluginBarmanCloud.metrics.serviceMonitor.honorLabels
[INFO] Coalescing path $.pluginBarmanCloud.metrics.serviceMonitor.interval
[INFO] Coalescing path $.pluginBarmanCloud.metrics.serviceMonitor.jobLabel
[INFO] Coalescing path $.pluginBarmanCloud.metrics.serviceMonitor.labels
[INFO] Coalescing path $.pluginBarmanCloud.metrics.serviceMonitor.metricRelabelings
[INFO] Coalescing path $.pluginBarmanCloud.metrics.serviceMonitor.namespace
[INFO] Coalescing path $.pluginBarmanCloud.metrics.serviceMonitor.relabelings
[INFO] Coalescing path $.pluginBarmanCloud.metrics.serviceMonitor.scrapeTimeout
[INFO] Coalescing path $.pluginBarmanCloud.metrics.serviceMonitor.selector
[INFO] Coalescing path $.pluginBarmanCloud.networkPolicy.ingressNSMatchLabels[*]
[INFO] Coalescing path $.pluginBarmanCloud.networkPolicy.ingressNSPodMatchLabels[*]
[INFO] Coalescing path $.pluginBarmanCloud.networkPolicy.kubeAPIServerPorts[*]
[INFO] Coalescing path $.pluginBarmanCloud.service.nodePorts.grpc
[INFO] Coalescing path $.pluginBarmanCloud.service.ports.grpc
[INFO] Coalescing path $.pluginBarmanCloud.tls.autoGenerated.enabled
[INFO] Coalescing path $.pluginBarmanCloud.tls.autoGenerated.engine
[INFO] Coalescing path $.pluginBarmanCloud.tls.client.cert
[INFO] Coalescing path $.pluginBarmanCloud.tls.client.existingSecret
[INFO] Coalescing path $.pluginBarmanCloud.tls.client.key
[INFO] Coalescing path $.pluginBarmanCloud.tls.server.cert
[INFO] Coalescing path $.pluginBarmanCloud.tls.server.existingSecret
[INFO] Coalescing path $.pluginBarmanCloud.tls.server.key
[INFO] Coalescing path $.operator.autoscaling.vpa.updatePolicy.updateMode
[INFO] Coalescing path $.operator.metrics.service.ports.metrics
[INFO] Coalescing path $.pluginBarmanCloud.autoscaling.vpa.updatePolicy.updateMode
[INFO] Coalescing path $.pluginBarmanCloud.metrics.allowedServiceAccounts[*].name
[INFO] Coalescing path $.pluginBarmanCloud.metrics.allowedServiceAccounts[*].namespace
[INFO] Coalescing path $.pluginBarmanCloud.metrics.service.ports.metrics
[INFO] Coalescing path $.pluginBarmanCloud.tls.autoGenerated.certManager.duration
[INFO] Coalescing path $.pluginBarmanCloud.tls.autoGenerated.certManager.existingIssuer
[INFO] Coalescing path $.pluginBarmanCloud.tls.autoGenerated.certManager.existingIssuerKind
[INFO] Coalescing path $.pluginBarmanCloud.tls.autoGenerated.certManager.keyAlgorithm
[INFO] Coalescing path $.pluginBarmanCloud.tls.autoGenerated.certManager.keySize
[INFO] Coalescing path $.pluginBarmanCloud.tls.autoGenerated.certManager.renewBefore
[INFO] Testing known inputs first; arbitrary extra-key cases are deferred
[INFO] Compiler input baseline: 227 statically named fields
[INFO] Render hashes (run-local): 29 observed, 29 unique, 0 duplicate bundles; 0 successful validations reused
[INFO] Testing deferred arbitrary-key and original-schema robustness cases
[INFO] Compiler input baseline: 227 statically named fields
[INFO] Render hashes (run-local): 101 observed, 101 unique, 0 duplicate bundles; 0 successful validations reused
[INFO] .: failed; 0 charts remain
