[INFO] Chart 1/1: .
[INFO] Finite filtering unavailable: permutations need closed objects at (); set additionalProperties: false; prioritizing known inputs before robustness sampling
[INFO] Coalescing path $.commonAnnotations
[INFO] Coalescing path $.commonLabels
[INFO] Coalescing path $.extraDeploy
[INFO] Coalescing path $.gitImage
[INFO] Coalescing path $.global
[INFO] Coalescing path $.image
[INFO] Coalescing path $.client.affinity
[INFO] Coalescing path $.client.annotations
[INFO] Coalescing path $.client.automountServiceAccountToken
[INFO] Coalescing path $.client.backoffLimit
[INFO] Coalescing path $.client.containerSecurityContext
[INFO] Coalescing path $.client.customLivenessProbe
[INFO] Coalescing path $.client.customReadinessProbe
[INFO] Coalescing path $.client.customStartupProbe
[INFO] Coalescing path $.client.enableDefaultInitContainers
[INFO] Coalescing path $.client.enabled
[INFO] Coalescing path $.client.extraEnvVars
[INFO] Coalescing path $.client.extraEnvVarsCM
[INFO] Coalescing path $.client.extraEnvVarsSecret
[INFO] Coalescing path $.client.extraVolumeMounts
[INFO] Coalescing path $.client.extraVolumes
[INFO] Coalescing path $.client.hostAliases
[INFO] Coalescing path $.client.initContainers
[INFO] Coalescing path $.client.labels
[INFO] Coalescing path $.client.lifecycleHooks
[INFO] Coalescing path $.client.nodeSelector
[INFO] Coalescing path $.client.persistence
[INFO] Coalescing path $.client.podAffinityPreset
[INFO] Coalescing path $.client.podAnnotations
[INFO] Coalescing path $.client.podAntiAffinityPreset
[INFO] Coalescing path $.client.podLabels
[INFO] Coalescing path $.client.podSecurityContext
[INFO] Coalescing path $.client.priorityClassName
[INFO] Coalescing path $.client.resources
[INFO] Coalescing path $.client.runtimeClassName
[INFO] Coalescing path $.client.schedulerName
[INFO] Coalescing path $.client.sidecars
[INFO] Coalescing path $.client.terminationGracePeriodSeconds
[INFO] Coalescing path $.client.tolerations
[INFO] Coalescing path $.client.topologySpreadConstraints
[INFO] Coalescing path $.client.useJob
[INFO] Coalescing path $.config.defaultHostFile
[INFO] Coalescing path $.config.defaultSSHClient
[INFO] Coalescing path $.config.defaultSSHServer
[INFO] Coalescing path $.config.existingSSHKeySecret
[INFO] Coalescing path $.config.overrideHostFile
[INFO] Coalescing path $.config.overrideSSHClient
[INFO] Coalescing path $.config.overrideSSHServer
[INFO] Coalescing path $.config.sshPrivateKey
[INFO] Coalescing path $.diagnosticMode.args
[INFO] Coalescing path $.diagnosticMode.command
[INFO] Coalescing path $.diagnosticMode.enabled
[INFO] Coalescing path $.extraDeploy[*]
[INFO] Coalescing path $.image.pullPolicy
[INFO] Coalescing path $.source.configMap
[INFO] Coalescing path $.source.existingConfigMap
[INFO] Coalescing path $.source.type
[INFO] Coalescing path $.volumePermissions.enabled
[INFO] Coalescing path $.volumePermissions.image
[INFO] Coalescing path $.worker.affinity
[INFO] Coalescing path $.worker.annotations
[INFO] Coalescing path $.worker.automountServiceAccountToken
[INFO] Coalescing path $.worker.containerSecurityContext
[INFO] Coalescing path $.worker.customLivenessProbe
[INFO] Coalescing path $.worker.customReadinessProbe
[INFO] Coalescing path $.worker.customStartupProbe
[INFO] Coalescing path $.worker.enableDefaultInitContainers
[INFO] Coalescing path $.worker.enabled
[INFO] Coalescing path $.worker.extraEnvVars
[INFO] Coalescing path $.worker.extraEnvVarsCM
[INFO] Coalescing path $.worker.extraEnvVarsSecret
[INFO] Coalescing path $.worker.extraVolumeMounts
[INFO] Coalescing path $.worker.extraVolumes
[INFO] Coalescing path $.worker.headlessServiceAnnotations
[INFO] Coalescing path $.worker.hostAliases
[INFO] Coalescing path $.worker.initContainers
[INFO] Coalescing path $.worker.labels
[INFO] Coalescing path $.worker.lifecycleHooks
[INFO] Coalescing path $.worker.nodeSelector
[INFO] Coalescing path $.worker.podAffinityPreset
[INFO] Coalescing path $.worker.podAnnotations
[INFO] Coalescing path $.worker.podAntiAffinityPreset
[INFO] Coalescing path $.worker.podLabels
[INFO] Coalescing path $.worker.podManagementPolicy
[INFO] Coalescing path $.worker.podSecurityContext
[INFO] Coalescing path $.worker.priorityClassName
[INFO] Coalescing path $.worker.replicaCount
[INFO] Coalescing path $.worker.resources
[INFO] Coalescing path $.worker.runtimeClassName
[INFO] Coalescing path $.worker.schedulerName
[INFO] Coalescing path $.worker.sidecars
[INFO] Coalescing path $.worker.terminationGracePeriodSeconds
[INFO] Coalescing path $.worker.tolerations
[INFO] Coalescing path $.worker.topologySpreadConstraints
[INFO] Coalescing path $.worker.updateStrategy
[INFO] Coalescing path $.client.containerSecurityContext.enabled
[INFO] Coalescing path $.client.networkPolicy.allowExternalEgress
[INFO] Coalescing path $.client.networkPolicy.enabled
[INFO] Coalescing path $.client.networkPolicy.extraIngress
[INFO] Coalescing path $.client.nodeAffinityPreset.key
[INFO] Coalescing path $.client.nodeAffinityPreset.type
[INFO] Coalescing path $.client.nodeAffinityPreset.values
[INFO] Coalescing path $.client.pdb.create
[INFO] Coalescing path $.client.pdb.maxUnavailable
[INFO] Coalescing path $.client.pdb.minAvailable
[INFO] Coalescing path $.client.persistence.accessMode
[INFO] Coalescing path $.client.persistence.accessModes
[INFO] Coalescing path $.client.persistence.annotations
[INFO] Coalescing path $.client.persistence.dataSource
[INFO] Coalescing path $.client.persistence.enabled
[INFO] Coalescing path $.client.persistence.existingClaim
[INFO] Coalescing path $.client.persistence.labels
[INFO] Coalescing path $.client.persistence.mountPath
[INFO] Coalescing path $.client.persistence.size
[INFO] Coalescing path $.client.podSecurityContext.enabled
[INFO] Coalescing path $.client.serviceAccount.annotations
[INFO] Coalescing path $.client.serviceAccount.automountServiceAccountToken
[INFO] Coalescing path $.client.serviceAccount.create
[INFO] Coalescing path $.worker.containerPorts.ssh
[INFO] Coalescing path $.worker.containerSecurityContext.enabled
[INFO] Coalescing path $.worker.externalAccess.enabled
[INFO] Coalescing path $.worker.networkPolicy.allowExternal
[INFO] Coalescing path $.worker.networkPolicy.allowExternalEgress
[INFO] Coalescing path $.worker.networkPolicy.enabled
[INFO] Coalescing path $.worker.networkPolicy.extraIngress
[INFO] Coalescing path $.worker.networkPolicy.ingressNSMatchLabels
[INFO] Coalescing path $.worker.networkPolicy.ingressNSPodMatchLabels
[INFO] Coalescing path $.worker.nodeAffinityPreset.key
[INFO] Coalescing path $.worker.nodeAffinityPreset.type
[INFO] Coalescing path $.worker.nodeAffinityPreset.values
[INFO] Coalescing path $.worker.pdb.create
[INFO] Coalescing path $.worker.pdb.maxUnavailable
[INFO] Coalescing path $.worker.pdb.minAvailable
[INFO] Coalescing path $.worker.persistence.enabled
[INFO] Coalescing path $.worker.podSecurityContext.enabled
[INFO] Coalescing path $.worker.serviceAccount.annotations
[INFO] Coalescing path $.worker.serviceAccount.automountServiceAccountToken
[INFO] Coalescing path $.worker.serviceAccount.create
[INFO] Coalescing path $.client.persistence.accessModes[*]
[INFO] Coalescing path $.worker.externalAccess.service.annotations
[INFO] Coalescing path $.worker.externalAccess.service.externalIPs
[INFO] Coalescing path $.worker.externalAccess.service.externalTrafficPolicy
[INFO] Coalescing path $.worker.externalAccess.service.extraPorts
[INFO] Coalescing path $.worker.externalAccess.service.labels
[INFO] Coalescing path $.worker.externalAccess.service.loadBalancerAnnotations
[INFO] Coalescing path $.worker.externalAccess.service.loadBalancerIPs
[INFO] Coalescing path $.worker.externalAccess.service.loadBalancerSourceRanges
[INFO] Coalescing path $.worker.externalAccess.service.nodePorts
[INFO] Coalescing path $.worker.externalAccess.service.publishNotReadyAddresses
[INFO] Coalescing path $.worker.externalAccess.service.sessionAffinity
[INFO] Coalescing path $.worker.externalAccess.service.sessionAffinityConfig
[INFO] Coalescing path $.worker.externalAccess.service.type
[INFO] Coalescing path $.worker.networkPolicy.ingressNSMatchLabels[*]
[INFO] Coalescing path $.worker.networkPolicy.ingressNSPodMatchLabels[*]
[INFO] Coalescing path $.worker.externalAccess.service.externalIPs[*]
[INFO] Coalescing path $.worker.externalAccess.service.loadBalancerAnnotations[*]
[INFO] Coalescing path $.worker.externalAccess.service.loadBalancerIPs[*]
[INFO] Coalescing path $.worker.externalAccess.service.nodePorts[*]
[INFO] Coalescing path $.worker.externalAccess.service.ports.ssh
[INFO] Testing known inputs first; arbitrary extra-key cases are deferred
[INFO] Compiler input baseline: 145 statically named fields
[INFO] Render hashes (run-local): 8 observed, 8 unique, 0 duplicate bundles; 0 successful validations reused
[INFO] Testing deferred arbitrary-key and original-schema robustness cases
[INFO] Compiler input baseline: 145 statically named fields
[INFO] Execution stopped at the 271.956s time limit; coverage is incomplete
[INFO] Render hashes (run-local): 48 observed, 48 unique, 0 duplicate bundles; 0 successful validations reused
[INFO] .: failed; 0 charts remain
