[INFO] Chart 1/1: .
[INFO] Finite filtering unavailable: permutations need closed objects at (); set additionalProperties: false; prioritizing known inputs before robustness sampling
[INFO] Coalescing path $.affinity
[INFO] Coalescing path $.automountServiceAccountToken
[INFO] Coalescing path $.clusterDomain
[INFO] Coalescing path $.commonAnnotations
[INFO] Coalescing path $.commonLabels
[INFO] Coalescing path $.extraDeploy
[INFO] Coalescing path $.extraVolumes
[INFO] Coalescing path $.global
[INFO] Coalescing path $.hostAliases
[INFO] Coalescing path $.image
[INFO] Coalescing path $.initContainers
[INFO] Coalescing path $.nodeSelector
[INFO] Coalescing path $.persistence
[INFO] Coalescing path $.podAffinityPreset
[INFO] Coalescing path $.podAnnotations
[INFO] Coalescing path $.podAntiAffinityPreset
[INFO] Coalescing path $.podLabels
[INFO] Coalescing path $.podSecurityContext
[INFO] Coalescing path $.priorityClassName
[INFO] Coalescing path $.replicaCount
[INFO] Coalescing path $.schedulerName
[INFO] Coalescing path $.sidecars
[INFO] Coalescing path $.siteName
[INFO] Coalescing path $.tolerations
[INFO] Coalescing path $.topologySpreadConstraints
[INFO] Coalescing path $.updateStrategy
[INFO] Coalescing path $.auth.email
[INFO] Coalescing path $.auth.existingSecret
[INFO] Coalescing path $.auth.username
[INFO] Coalescing path $.diagnosticMode.args
[INFO] Coalescing path $.diagnosticMode.command
[INFO] Coalescing path $.diagnosticMode.enabled
[INFO] Coalescing path $.discourse.compatiblePlugins
[INFO] Coalescing path $.discourse.containerSecurityContext
[INFO] Coalescing path $.discourse.customLivenessProbe
[INFO] Coalescing path $.discourse.customReadinessProbe
[INFO] Coalescing path $.discourse.customStartupProbe
[INFO] Coalescing path $.discourse.extraContainerPorts
[INFO] Coalescing path $.discourse.extraEnvVars
[INFO] Coalescing path $.discourse.extraEnvVarsCM
[INFO] Coalescing path $.discourse.extraEnvVarsSecret
[INFO] Coalescing path $.discourse.extraVolumeMounts
[INFO] Coalescing path $.discourse.lifecycleHooks
[INFO] Coalescing path $.discourse.persistPlugins
[INFO] Coalescing path $.discourse.plugins
[INFO] Coalescing path $.discourse.resources
[INFO] Coalescing path $.discourse.skipInstall
[INFO] Coalescing path $.externalDatabase.create
[INFO] Coalescing path $.externalDatabase.existingSecret
[INFO] Coalescing path $.externalDatabase.host
[INFO] Coalescing path $.externalDatabase.password
[INFO] Coalescing path $.externalDatabase.postgresPassword
[INFO] Coalescing path $.externalDatabase.postgresUser
[INFO] Coalescing path $.externalDatabase.user
[INFO] Coalescing path $.externalRedis.existingSecret
[INFO] Coalescing path $.externalRedis.password
[INFO] Coalescing path $.extraDeploy[*]
[INFO] Coalescing path $.image.debug
[INFO] Coalescing path $.image.pullPolicy
[INFO] Coalescing path $.ingress.annotations
[INFO] Coalescing path $.ingress.enabled
[INFO] Coalescing path $.ingress.extraHosts
[INFO] Coalescing path $.ingress.extraPaths
[INFO] Coalescing path $.ingress.extraRules
[INFO] Coalescing path $.ingress.extraTls
[INFO] Coalescing path $.ingress.hostname
[INFO] Coalescing path $.ingress.ingressClassName
[INFO] Coalescing path $.ingress.path
[INFO] Coalescing path $.ingress.pathType
[INFO] Coalescing path $.ingress.secrets
[INFO] Coalescing path $.ingress.selfSigned
[INFO] Coalescing path $.ingress.tls
[INFO] Coalescing path $.networkPolicy.allowExternal
[INFO] Coalescing path $.networkPolicy.allowExternalEgress
[INFO] Coalescing path $.networkPolicy.enabled
[INFO] Coalescing path $.networkPolicy.extraEgress
[INFO] Coalescing path $.networkPolicy.extraIngress
[INFO] Coalescing path $.networkPolicy.ingressNSMatchLabels
[INFO] Coalescing path $.networkPolicy.ingressNSPodMatchLabels
[INFO] Coalescing path $.nodeAffinityPreset.key
[INFO] Coalescing path $.nodeAffinityPreset.type
[INFO] Coalescing path $.nodeAffinityPreset.values
[INFO] Coalescing path $.pdb.create
[INFO] Coalescing path $.pdb.maxUnavailable
[INFO] Coalescing path $.pdb.minAvailable
[INFO] Coalescing path $.persistence.accessModes
[INFO] Coalescing path $.persistence.annotations
[INFO] Coalescing path $.persistence.enabled
[INFO] Coalescing path $.persistence.existingClaim
[INFO] Coalescing path $.persistence.selector
[INFO] Coalescing path $.persistence.size
[INFO] Coalescing path $.podSecurityContext.enabled
[INFO] Coalescing path $.podSecurityContext.fsGroup
[INFO] Coalescing path $.postgresql.enabled
[INFO] Coalescing path $.redis.enabled
[INFO] Coalescing path $.service.annotations
[INFO] Coalescing path $.service.clusterIP
[INFO] Coalescing path $.service.externalTrafficPolicy
[INFO] Coalescing path $.service.extraPorts
[INFO] Coalescing path $.service.loadBalancerIP
[INFO] Coalescing path $.service.loadBalancerSourceRanges
[INFO] Coalescing path $.service.sessionAffinity
[INFO] Coalescing path $.service.sessionAffinityConfig
[INFO] Coalescing path $.service.type
[INFO] Coalescing path $.serviceAccount.annotations
[INFO] Coalescing path $.serviceAccount.automountServiceAccountToken
[INFO] Coalescing path $.serviceAccount.create
[INFO] Coalescing path $.sidekiq.containerSecurityContext
[INFO] Coalescing path $.sidekiq.customLivenessProbe
[INFO] Coalescing path $.sidekiq.customReadinessProbe
[INFO] Coalescing path $.sidekiq.customStartupProbe
[INFO] Coalescing path $.sidekiq.extraEnvVars
[INFO] Coalescing path $.sidekiq.extraEnvVarsCM
[INFO] Coalescing path $.sidekiq.extraEnvVarsSecret
[INFO] Coalescing path $.sidekiq.extraVolumeMounts
[INFO] Coalescing path $.sidekiq.lifecycleHooks
[INFO] Coalescing path $.sidekiq.resources
[INFO] Coalescing path $.smtp.auth
[INFO] Coalescing path $.smtp.enabled
[INFO] Coalescing path $.smtp.existingSecret
[INFO] Coalescing path $.smtp.host
[INFO] Coalescing path $.smtp.password
[INFO] Coalescing path $.smtp.port
[INFO] Coalescing path $.smtp.protocol
[INFO] Coalescing path $.smtp.user
[INFO] Coalescing path $.volumePermissions.containerSecurityContext
[INFO] Coalescing path $.volumePermissions.enabled
[INFO] Coalescing path $.volumePermissions.image
[INFO] Coalescing path $.volumePermissions.resources
[INFO] Coalescing path $.discourse.containerPorts.http
[INFO] Coalescing path $.discourse.containerSecurityContext.enabled
[INFO] Coalescing path $.discourse.containerSecurityContext.runAsUser
[INFO] Coalescing path $.discourse.plugins[*]
[INFO] Coalescing path $.networkPolicy.ingressNSMatchLabels[*]
[INFO] Coalescing path $.networkPolicy.ingressNSPodMatchLabels[*]
[INFO] Coalescing path $.persistence.accessModes[*]
[INFO] Coalescing path $.service.nodePorts.http
[INFO] Coalescing path $.service.ports.http
[INFO] Coalescing path $.sidekiq.containerSecurityContext.enabled
[INFO] Coalescing path $.volumePermissions.containerSecurityContext.enabled
[INFO] Coalescing path $.volumePermissions.image.pullPolicy
[INFO] Coalescing path $.discourse.extraContainerPorts[*].containerPort
[INFO] Coalescing path $.ingress.extraHosts[*].name
[INFO] Coalescing path $.ingress.extraHosts[*].path
[INFO] Coalescing path $.ingress.extraHosts[*].pathType
[INFO] Coalescing path $.ingress.secrets[*].certificate
[INFO] Coalescing path $.ingress.secrets[*].key
[INFO] Coalescing path $.ingress.secrets[*].name
[INFO] Testing known inputs first; arbitrary extra-key cases are deferred
[INFO] Compiler input baseline: 129 statically named fields
[INFO] Render hashes (run-local): 51 observed, 51 unique, 0 duplicate bundles; 0 successful validations reused
[INFO] Testing deferred arbitrary-key and original-schema robustness cases
[INFO] Compiler input baseline: 129 statically named fields
[INFO] Render hashes (run-local): 101 observed, 101 unique, 0 duplicate bundles; 0 successful validations reused
[INFO] .: failed; 0 charts remain
