[INFO] Chart 1/1: .
[INFO] Finite filtering unavailable: permutations need closed objects at (); set additionalProperties: false; prioritizing known inputs before robustness sampling
[INFO] Coalescing path $.clusterDomain
[INFO] Coalescing path $.commonAnnotations
[INFO] Coalescing path $.commonLabels
[INFO] Coalescing path $.extraDeploy
[INFO] Coalescing path $.image
[INFO] Coalescing path $.usePasswordFiles
[INFO] Coalescing path $.controlPlane.affinity
[INFO] Coalescing path $.controlPlane.automountServiceAccountToken
[INFO] Coalescing path $.controlPlane.containerSecurityContext
[INFO] Coalescing path $.controlPlane.customLivenessProbe
[INFO] Coalescing path $.controlPlane.customReadinessProbe
[INFO] Coalescing path $.controlPlane.customStartupProbe
[INFO] Coalescing path $.controlPlane.dashboardEnabled
[INFO] Coalescing path $.controlPlane.defaultConfig
[INFO] Coalescing path $.controlPlane.dnsPolicy
[INFO] Coalescing path $.controlPlane.enabled
[INFO] Coalescing path $.controlPlane.existingConfigMap
[INFO] Coalescing path $.controlPlane.existingSecret
[INFO] Coalescing path $.controlPlane.extraConfig
[INFO] Coalescing path $.controlPlane.extraConfigExistingConfigMap
[INFO] Coalescing path $.controlPlane.extraEnvVars
[INFO] Coalescing path $.controlPlane.extraEnvVarsCM
[INFO] Coalescing path $.controlPlane.extraEnvVarsSecret
[INFO] Coalescing path $.controlPlane.extraVolumeMounts
[INFO] Coalescing path $.controlPlane.extraVolumes
[INFO] Coalescing path $.controlPlane.hostAliases
[INFO] Coalescing path $.controlPlane.hostNetwork
[INFO] Coalescing path $.controlPlane.initContainers
[INFO] Coalescing path $.controlPlane.lifecycleHooks
[INFO] Coalescing path $.controlPlane.nodeSelector
[INFO] Coalescing path $.controlPlane.podAffinityPreset
[INFO] Coalescing path $.controlPlane.podAnnotations
[INFO] Coalescing path $.controlPlane.podAntiAffinityPreset
[INFO] Coalescing path $.controlPlane.podLabels
[INFO] Coalescing path $.controlPlane.podSecurityContext
[INFO] Coalescing path $.controlPlane.priorityClassName
[INFO] Coalescing path $.controlPlane.replicaCount
[INFO] Coalescing path $.controlPlane.resources
[INFO] Coalescing path $.controlPlane.schedulerName
[INFO] Coalescing path $.controlPlane.sidecars
[INFO] Coalescing path $.controlPlane.terminationGracePeriodSeconds
[INFO] Coalescing path $.controlPlane.tolerations
[INFO] Coalescing path $.controlPlane.topologySpreadConstraints
[INFO] Coalescing path $.controlPlane.updateStrategy
[INFO] Coalescing path $.controlPlane.useDaemonSet
[INFO] Coalescing path $.dataPlane.affinity
[INFO] Coalescing path $.dataPlane.automountServiceAccountToken
[INFO] Coalescing path $.dataPlane.containerSecurityContext
[INFO] Coalescing path $.dataPlane.customLivenessProbe
[INFO] Coalescing path $.dataPlane.customReadinessProbe
[INFO] Coalescing path $.dataPlane.customStartupProbe
[INFO] Coalescing path $.dataPlane.defaultConfig
[INFO] Coalescing path $.dataPlane.dnsPolicy
[INFO] Coalescing path $.dataPlane.enabled
[INFO] Coalescing path $.dataPlane.existingConfigMap
[INFO] Coalescing path $.dataPlane.extraConfig
[INFO] Coalescing path $.dataPlane.extraConfigExistingConfigMap
[INFO] Coalescing path $.dataPlane.extraEnvVars
[INFO] Coalescing path $.dataPlane.extraEnvVarsCM
[INFO] Coalescing path $.dataPlane.extraEnvVarsSecret
[INFO] Coalescing path $.dataPlane.extraVolumeMounts
[INFO] Coalescing path $.dataPlane.extraVolumes
[INFO] Coalescing path $.dataPlane.hostAliases
[INFO] Coalescing path $.dataPlane.hostNetwork
[INFO] Coalescing path $.dataPlane.initContainers
[INFO] Coalescing path $.dataPlane.lifecycleHooks
[INFO] Coalescing path $.dataPlane.nodeSelector
[INFO] Coalescing path $.dataPlane.podAffinityPreset
[INFO] Coalescing path $.dataPlane.podAnnotations
[INFO] Coalescing path $.dataPlane.podAntiAffinityPreset
[INFO] Coalescing path $.dataPlane.podLabels
[INFO] Coalescing path $.dataPlane.podSecurityContext
[INFO] Coalescing path $.dataPlane.priorityClassName
[INFO] Coalescing path $.dataPlane.replicaCount
[INFO] Coalescing path $.dataPlane.resources
[INFO] Coalescing path $.dataPlane.schedulerName
[INFO] Coalescing path $.dataPlane.sidecars
[INFO] Coalescing path $.dataPlane.terminationGracePeriodSeconds
[INFO] Coalescing path $.dataPlane.tolerations
[INFO] Coalescing path $.dataPlane.topologySpreadConstraints
[INFO] Coalescing path $.dataPlane.updateStrategy
[INFO] Coalescing path $.dataPlane.useDaemonSet
[INFO] Coalescing path $.diagnosticMode.args
[INFO] Coalescing path $.diagnosticMode.command
[INFO] Coalescing path $.diagnosticMode.enabled
[INFO] Coalescing path $.etcd.enabled
[INFO] Coalescing path $.externalEtcd.existingSecret
[INFO] Coalescing path $.externalEtcd.password
[INFO] Coalescing path $.extraDeploy[*]
[INFO] Coalescing path $.image.pullPolicy
[INFO] Coalescing path $.ingressController.affinity
[INFO] Coalescing path $.ingressController.automountServiceAccountToken
[INFO] Coalescing path $.ingressController.containerSecurityContext
[INFO] Coalescing path $.ingressController.customLivenessProbe
[INFO] Coalescing path $.ingressController.customReadinessProbe
[INFO] Coalescing path $.ingressController.customStartupProbe
[INFO] Coalescing path $.ingressController.defaultConfig
[INFO] Coalescing path $.ingressController.enabled
[INFO] Coalescing path $.ingressController.existingConfigMap
[INFO] Coalescing path $.ingressController.extraConfig
[INFO] Coalescing path $.ingressController.extraConfigExistingConfigMap
[INFO] Coalescing path $.ingressController.extraEnvVars
[INFO] Coalescing path $.ingressController.extraEnvVarsCM
[INFO] Coalescing path $.ingressController.extraEnvVarsSecret
[INFO] Coalescing path $.ingressController.extraVolumeMounts
[INFO] Coalescing path $.ingressController.extraVolumes
[INFO] Coalescing path $.ingressController.hostAliases
[INFO] Coalescing path $.ingressController.image
[INFO] Coalescing path $.ingressController.initContainers
[INFO] Coalescing path $.ingressController.lifecycleHooks
[INFO] Coalescing path $.ingressController.nodeSelector
[INFO] Coalescing path $.ingressController.podAffinityPreset
[INFO] Coalescing path $.ingressController.podAnnotations
[INFO] Coalescing path $.ingressController.podAntiAffinityPreset
[INFO] Coalescing path $.ingressController.podLabels
[INFO] Coalescing path $.ingressController.podSecurityContext
[INFO] Coalescing path $.ingressController.priorityClassName
[INFO] Coalescing path $.ingressController.replicaCount
[INFO] Coalescing path $.ingressController.resources
[INFO] Coalescing path $.ingressController.schedulerName
[INFO] Coalescing path $.ingressController.sidecars
[INFO] Coalescing path $.ingressController.terminationGracePeriodSeconds
[INFO] Coalescing path $.ingressController.tolerations
[INFO] Coalescing path $.ingressController.topologySpreadConstraints
[INFO] Coalescing path $.ingressController.updateStrategy
[INFO] Coalescing path $.waitContainer.image
[INFO] Coalescing path $.controlPlane.containerPorts.adminAPI
[INFO] Coalescing path $.controlPlane.containerPorts.configServer
[INFO] Coalescing path $.controlPlane.containerPorts.control
[INFO] Coalescing path $.controlPlane.containerPorts.metrics
[INFO] Coalescing path $.controlPlane.containerSecurityContext.enabled
[INFO] Coalescing path $.controlPlane.ingress.annotations
[INFO] Coalescing path $.controlPlane.ingress.enabled
[INFO] Coalescing path $.controlPlane.ingress.extraHosts
[INFO] Coalescing path $.controlPlane.ingress.extraPaths
[INFO] Coalescing path $.controlPlane.ingress.extraRules
[INFO] Coalescing path $.controlPlane.ingress.extraTls
[INFO] Coalescing path $.controlPlane.ingress.hostname
[INFO] Coalescing path $.controlPlane.ingress.ingressClassName
[INFO] Coalescing path $.controlPlane.ingress.path
[INFO] Coalescing path $.controlPlane.ingress.pathType
[INFO] Coalescing path $.controlPlane.ingress.secrets
[INFO] Coalescing path $.controlPlane.ingress.selfSigned
[INFO] Coalescing path $.controlPlane.ingress.tls
[INFO] Coalescing path $.controlPlane.metrics.annotations
[INFO] Coalescing path $.controlPlane.metrics.enabled
[INFO] Coalescing path $.controlPlane.networkPolicy.allowExternal
[INFO] Coalescing path $.controlPlane.networkPolicy.allowExternalEgress
[INFO] Coalescing path $.controlPlane.networkPolicy.enabled
[INFO] Coalescing path $.controlPlane.networkPolicy.extraEgress
[INFO] Coalescing path $.controlPlane.networkPolicy.extraIngress
[INFO] Coalescing path $.controlPlane.networkPolicy.ingressNSMatchLabels
[INFO] Coalescing path $.controlPlane.networkPolicy.ingressNSPodMatchLabels
[INFO] Coalescing path $.controlPlane.networkPolicy.kubeAPIServerPorts
[INFO] Coalescing path $.controlPlane.nodeAffinityPreset.key
[INFO] Coalescing path $.controlPlane.nodeAffinityPreset.type
[INFO] Coalescing path $.controlPlane.nodeAffinityPreset.values
[INFO] Coalescing path $.controlPlane.pdb.create
[INFO] Coalescing path $.controlPlane.pdb.maxUnavailable
[INFO] Coalescing path $.controlPlane.pdb.minAvailable
[INFO] Coalescing path $.controlPlane.podSecurityContext.enabled
[INFO] Coalescing path $.controlPlane.rbac.create
[INFO] Coalescing path $.controlPlane.rbac.rules
[INFO] Coalescing path $.controlPlane.service.annotations
[INFO] Coalescing path $.controlPlane.service.clusterIP
[INFO] Coalescing path $.controlPlane.service.externalIPs
[INFO] Coalescing path $.controlPlane.service.externalTrafficPolicy
[INFO] Coalescing path $.controlPlane.service.extraPorts
[INFO] Coalescing path $.controlPlane.service.loadBalancerIP
[INFO] Coalescing path $.controlPlane.service.loadBalancerSourceRanges
[INFO] Coalescing path $.controlPlane.service.sessionAffinity
[INFO] Coalescing path $.controlPlane.service.sessionAffinityConfig
[INFO] Coalescing path $.controlPlane.service.type
[INFO] Coalescing path $.controlPlane.serviceAccount.annotations
[INFO] Coalescing path $.controlPlane.serviceAccount.automountServiceAccountToken
[INFO] Coalescing path $.controlPlane.serviceAccount.create
[INFO] Coalescing path $.controlPlane.tls.autoGenerated
[INFO] Coalescing path $.controlPlane.tls.certCAFilename
[INFO] Coalescing path $.controlPlane.tls.certFilename
[INFO] Coalescing path $.controlPlane.tls.certKeyFilename
[INFO] Coalescing path $.controlPlane.tls.enabled
[INFO] Coalescing path $.controlPlane.tls.existingSecret
[INFO] Coalescing path $.dataPlane.containerPorts.control
[INFO] Coalescing path $.dataPlane.containerPorts.http
[INFO] Coalescing path $.dataPlane.containerPorts.https
[INFO] Coalescing path $.dataPlane.containerPorts.metrics
[INFO] Coalescing path $.dataPlane.containerSecurityContext.enabled
[INFO] Coalescing path $.dataPlane.ingress.annotations
[INFO] Coalescing path $.dataPlane.ingress.enabled
[INFO] Coalescing path $.dataPlane.ingress.extraHosts
[INFO] Coalescing path $.dataPlane.ingress.extraPaths
[INFO] Coalescing path $.dataPlane.ingress.extraRules
[INFO] Coalescing path $.dataPlane.ingress.extraTls
[INFO] Coalescing path $.dataPlane.ingress.hostname
[INFO] Coalescing path $.dataPlane.ingress.ingressClassName
[INFO] Coalescing path $.dataPlane.ingress.path
[INFO] Coalescing path $.dataPlane.ingress.pathType
[INFO] Coalescing path $.dataPlane.ingress.secrets
[INFO] Coalescing path $.dataPlane.ingress.selfSigned
[INFO] Coalescing path $.dataPlane.ingress.tls
[INFO] Coalescing path $.dataPlane.metrics.annotations
[INFO] Coalescing path $.dataPlane.metrics.enabled
[INFO] Coalescing path $.dataPlane.networkPolicy.allowExternal
[INFO] Coalescing path $.dataPlane.networkPolicy.allowExternalEgress
[INFO] Coalescing path $.dataPlane.networkPolicy.enabled
[INFO] Coalescing path $.dataPlane.networkPolicy.extraEgress
[INFO] Coalescing path $.dataPlane.networkPolicy.extraIngress
[INFO] Coalescing path $.dataPlane.networkPolicy.ingressNSMatchLabels
[INFO] Coalescing path $.dataPlane.networkPolicy.ingressNSPodMatchLabels
[INFO] Coalescing path $.dataPlane.networkPolicy.kubeAPIServerPorts
[INFO] Coalescing path $.dataPlane.nodeAffinityPreset.key
[INFO] Coalescing path $.dataPlane.nodeAffinityPreset.type
[INFO] Coalescing path $.dataPlane.nodeAffinityPreset.values
[INFO] Coalescing path $.dataPlane.pdb.create
[INFO] Coalescing path $.dataPlane.pdb.maxUnavailable
[INFO] Coalescing path $.dataPlane.pdb.minAvailable
[INFO] Coalescing path $.dataPlane.podSecurityContext.enabled
[INFO] Coalescing path $.dataPlane.rbac.create
[INFO] Coalescing path $.dataPlane.rbac.rules
[INFO] Coalescing path $.dataPlane.service.annotations
[INFO] Coalescing path $.dataPlane.service.clusterIP
[INFO] Coalescing path $.dataPlane.service.externalIPs
[INFO] Coalescing path $.dataPlane.service.externalTrafficPolicy
[INFO] Coalescing path $.dataPlane.service.extraPorts
[INFO] Coalescing path $.dataPlane.service.loadBalancerIP
[INFO] Coalescing path $.dataPlane.service.loadBalancerSourceRanges
[INFO] Coalescing path $.dataPlane.service.sessionAffinity
[INFO] Coalescing path $.dataPlane.service.sessionAffinityConfig
[INFO] Coalescing path $.dataPlane.service.type
[INFO] Coalescing path $.dataPlane.serviceAccount.annotations
[INFO] Coalescing path $.dataPlane.serviceAccount.automountServiceAccountToken
[INFO] Coalescing path $.dataPlane.serviceAccount.create
[INFO] Coalescing path $.dataPlane.tls.autoGenerated
[INFO] Coalescing path $.dataPlane.tls.certCAFilename
[INFO] Coalescing path $.dataPlane.tls.certFilename
[INFO] Coalescing path $.dataPlane.tls.certKeyFilename
[INFO] Coalescing path $.dataPlane.tls.enabled
[INFO] Coalescing path $.dataPlane.tls.existingSecret
[INFO] Coalescing path $.ingressController.containerPorts.http
[INFO] Coalescing path $.ingressController.containerPorts.https
[INFO] Coalescing path $.ingressController.containerSecurityContext.enabled
[INFO] Coalescing path $.ingressController.image.pullPolicy
[INFO] Coalescing path $.ingressController.ingress.annotations
[INFO] Coalescing path $.ingressController.ingress.enabled
[INFO] Coalescing path $.ingressController.ingress.extraHosts
[INFO] Coalescing path $.ingressController.ingress.extraPaths
[INFO] Coalescing path $.ingressController.ingress.extraRules
[INFO] Coalescing path $.ingressController.ingress.extraTls
[INFO] Coalescing path $.ingressController.ingress.hostname
[INFO] Coalescing path $.ingressController.ingress.ingressClassName
[INFO] Coalescing path $.ingressController.ingress.path
[INFO] Coalescing path $.ingressController.ingress.pathType
[INFO] Coalescing path $.ingressController.ingress.secrets
[INFO] Coalescing path $.ingressController.ingress.selfSigned
[INFO] Coalescing path $.ingressController.ingress.tls
[INFO] Coalescing path $.ingressController.ingressClass.annotations
[INFO] Coalescing path $.ingressController.ingressClass.create
[INFO] Coalescing path $.ingressController.ingressClass.name
[INFO] Coalescing path $.ingressController.metrics.annotations
[INFO] Coalescing path $.ingressController.metrics.enabled
[INFO] Coalescing path $.ingressController.networkPolicy.allowExternal
[INFO] Coalescing path $.ingressController.networkPolicy.allowExternalEgress
[INFO] Coalescing path $.ingressController.networkPolicy.enabled
[INFO] Coalescing path $.ingressController.networkPolicy.extraEgress
[INFO] Coalescing path $.ingressController.networkPolicy.extraIngress
[INFO] Coalescing path $.ingressController.networkPolicy.ingressNSMatchLabels
[INFO] Coalescing path $.ingressController.networkPolicy.ingressNSPodMatchLabels
[INFO] Coalescing path $.ingressController.networkPolicy.kubeAPIServerPorts
[INFO] Coalescing path $.ingressController.nodeAffinityPreset.key
[INFO] Coalescing path $.ingressController.nodeAffinityPreset.type
[INFO] Coalescing path $.ingressController.nodeAffinityPreset.values
[INFO] Coalescing path $.ingressController.pdb.create
[INFO] Coalescing path $.ingressController.pdb.maxUnavailable
[INFO] Coalescing path $.ingressController.pdb.minAvailable
[INFO] Coalescing path $.ingressController.podSecurityContext.enabled
[INFO] Coalescing path $.ingressController.rbac.create
[INFO] Coalescing path $.ingressController.rbac.rules
[INFO] Coalescing path $.ingressController.service.annotations
[INFO] Coalescing path $.ingressController.service.clusterIP
[INFO] Coalescing path $.ingressController.service.externalIPs
[INFO] Coalescing path $.ingressController.service.externalTrafficPolicy
[INFO] Coalescing path $.ingressController.service.extraPorts
[INFO] Coalescing path $.ingressController.service.loadBalancerIP
[INFO] Coalescing path $.ingressController.service.loadBalancerSourceRanges
[INFO] Coalescing path $.ingressController.service.sessionAffinity
[INFO] Coalescing path $.ingressController.service.sessionAffinityConfig
[INFO] Coalescing path $.ingressController.service.type
[INFO] Coalescing path $.ingressController.serviceAccount.annotations
[INFO] Coalescing path $.ingressController.serviceAccount.automountServiceAccountToken
[INFO] Coalescing path $.ingressController.serviceAccount.create
[INFO] Coalescing path $.ingressController.tls.autoGenerated
[INFO] Coalescing path $.ingressController.tls.certCAFilename
[INFO] Coalescing path $.ingressController.tls.certFilename
[INFO] Coalescing path $.ingressController.tls.certKeyFilename
[INFO] Coalescing path $.ingressController.tls.enabled
[INFO] Coalescing path $.ingressController.tls.existingSecret
[INFO] Coalescing path $.controlPlane.autoscaling.hpa.enabled
[INFO] Coalescing path $.controlPlane.autoscaling.hpa.maxReplicas
[INFO] Coalescing path $.controlPlane.autoscaling.hpa.minReplicas
[INFO] Coalescing path $.controlPlane.autoscaling.hpa.targetCPU
[INFO] Coalescing path $.controlPlane.autoscaling.hpa.targetMemory
[INFO] Coalescing path $.controlPlane.autoscaling.vpa.annotations
[INFO] Coalescing path $.controlPlane.autoscaling.vpa.controlledResources
[INFO] Coalescing path $.controlPlane.autoscaling.vpa.enabled
[INFO] Coalescing path $.controlPlane.autoscaling.vpa.maxAllowed
[INFO] Coalescing path $.controlPlane.autoscaling.vpa.minAllowed
[INFO] Coalescing path $.controlPlane.autoscaling.vpa.updatePolicy
[INFO] Coalescing path $.controlPlane.metrics.serviceMonitor.annotations
[INFO] Coalescing path $.controlPlane.metrics.serviceMonitor.enabled
[INFO] Coalescing path $.controlPlane.metrics.serviceMonitor.honorLabels
[INFO] Coalescing path $.controlPlane.metrics.serviceMonitor.interval
[INFO] Coalescing path $.controlPlane.metrics.serviceMonitor.jobLabel
[INFO] Coalescing path $.controlPlane.metrics.serviceMonitor.labels
[INFO] Coalescing path $.controlPlane.metrics.serviceMonitor.metricRelabelings
[INFO] Coalescing path $.controlPlane.metrics.serviceMonitor.namespace
[INFO] Coalescing path $.controlPlane.metrics.serviceMonitor.relabelings
[INFO] Coalescing path $.controlPlane.metrics.serviceMonitor.scrapeTimeout
[INFO] Coalescing path $.controlPlane.metrics.serviceMonitor.selector
[INFO] Coalescing path $.controlPlane.networkPolicy.ingressNSMatchLabels[*]
[INFO] Coalescing path $.controlPlane.networkPolicy.ingressNSPodMatchLabels[*]
[INFO] Coalescing path $.controlPlane.networkPolicy.kubeAPIServerPorts[*]
[INFO] Coalescing path $.controlPlane.service.nodePorts.adminAPI
[INFO] Coalescing path $.controlPlane.service.nodePorts.configServer
[INFO] Coalescing path $.controlPlane.service.nodePorts.metrics
[INFO] Coalescing path $.controlPlane.service.ports.adminAPI
[INFO] Coalescing path $.controlPlane.service.ports.configServer
[INFO] Coalescing path $.controlPlane.service.ports.metrics
[INFO] Coalescing path $.dataPlane.autoscaling.hpa.enabled
[INFO] Coalescing path $.dataPlane.autoscaling.hpa.maxReplicas
[INFO] Coalescing path $.dataPlane.autoscaling.hpa.minReplicas
[INFO] Coalescing path $.dataPlane.autoscaling.hpa.targetCPU
[INFO] Coalescing path $.dataPlane.autoscaling.hpa.targetMemory
[INFO] Coalescing path $.dataPlane.autoscaling.vpa.annotations
[INFO] Coalescing path $.dataPlane.autoscaling.vpa.controlledResources
[INFO] Coalescing path $.dataPlane.autoscaling.vpa.enabled
[INFO] Coalescing path $.dataPlane.autoscaling.vpa.maxAllowed
[INFO] Coalescing path $.dataPlane.autoscaling.vpa.minAllowed
[INFO] Coalescing path $.dataPlane.autoscaling.vpa.updatePolicy
[INFO] Coalescing path $.dataPlane.metrics.serviceMonitor.annotations
[INFO] Coalescing path $.dataPlane.metrics.serviceMonitor.enabled
[INFO] Coalescing path $.dataPlane.metrics.serviceMonitor.honorLabels
[INFO] Coalescing path $.dataPlane.metrics.serviceMonitor.interval
[INFO] Coalescing path $.dataPlane.metrics.serviceMonitor.jobLabel
[INFO] Coalescing path $.dataPlane.metrics.serviceMonitor.labels
[INFO] Coalescing path $.dataPlane.metrics.serviceMonitor.metricRelabelings
[INFO] Coalescing path $.dataPlane.metrics.serviceMonitor.namespace
[INFO] Coalescing path $.dataPlane.metrics.serviceMonitor.relabelings
[INFO] Coalescing path $.dataPlane.metrics.serviceMonitor.scrapeTimeout
[INFO] Coalescing path $.dataPlane.metrics.serviceMonitor.selector
[INFO] Coalescing path $.dataPlane.networkPolicy.ingressNSMatchLabels[*]
[INFO] Coalescing path $.dataPlane.networkPolicy.ingressNSPodMatchLabels[*]
[INFO] Coalescing path $.dataPlane.networkPolicy.kubeAPIServerPorts[*]
[INFO] Coalescing path $.dataPlane.service.nodePorts.http
[INFO] Coalescing path $.dataPlane.service.nodePorts.https
[INFO] Coalescing path $.dataPlane.service.nodePorts.metrics
[INFO] Coalescing path $.dataPlane.service.ports.http
[INFO] Coalescing path $.dataPlane.service.ports.https
[INFO] Coalescing path $.dataPlane.service.ports.metrics
[INFO] Coalescing path $.ingressController.autoscaling.hpa.enabled
[INFO] Coalescing path $.ingressController.autoscaling.hpa.maxReplicas
[INFO] Coalescing path $.ingressController.autoscaling.hpa.minReplicas
[INFO] Coalescing path $.ingressController.autoscaling.hpa.targetCPU
[INFO] Coalescing path $.ingressController.autoscaling.hpa.targetMemory
[INFO] Coalescing path $.ingressController.autoscaling.vpa.annotations
[INFO] Coalescing path $.ingressController.autoscaling.vpa.controlledResources
[INFO] Coalescing path $.ingressController.autoscaling.vpa.enabled
[INFO] Coalescing path $.ingressController.autoscaling.vpa.maxAllowed
[INFO] Coalescing path $.ingressController.autoscaling.vpa.minAllowed
[INFO] Coalescing path $.ingressController.autoscaling.vpa.updatePolicy
[INFO] Coalescing path $.ingressController.metrics.serviceMonitor.annotations
[INFO] Coalescing path $.ingressController.metrics.serviceMonitor.enabled
[INFO] Coalescing path $.ingressController.metrics.serviceMonitor.honorLabels
[INFO] Coalescing path $.ingressController.metrics.serviceMonitor.interval
[INFO] Coalescing path $.ingressController.metrics.serviceMonitor.jobLabel
[INFO] Coalescing path $.ingressController.metrics.serviceMonitor.labels
[INFO] Coalescing path $.ingressController.metrics.serviceMonitor.metricRelabelings
[INFO] Coalescing path $.ingressController.metrics.serviceMonitor.namespace
[INFO] Coalescing path $.ingressController.metrics.serviceMonitor.relabelings
[INFO] Coalescing path $.ingressController.metrics.serviceMonitor.scrapeTimeout
[INFO] Coalescing path $.ingressController.metrics.serviceMonitor.selector
[INFO] Coalescing path $.ingressController.networkPolicy.ingressNSMatchLabels[*]
[INFO] Coalescing path $.ingressController.networkPolicy.ingressNSPodMatchLabels[*]
[INFO] Coalescing path $.ingressController.networkPolicy.kubeAPIServerPorts[*]
[INFO] Coalescing path $.ingressController.service.nodePorts.http
[INFO] Coalescing path $.ingressController.service.nodePorts.https
[INFO] Coalescing path $.ingressController.service.ports.http
[INFO] Coalescing path $.ingressController.service.ports.https
[INFO] Coalescing path $.controlPlane.autoscaling.vpa.updatePolicy.updateMode
[INFO] Coalescing path $.controlPlane.ingress.extraHosts[*].name
[INFO] Coalescing path $.controlPlane.ingress.extraHosts[*].path
[INFO] Coalescing path $.controlPlane.ingress.extraHosts[*].pathType
[INFO] Coalescing path $.controlPlane.ingress.secrets[*].certificate
[INFO] Coalescing path $.controlPlane.ingress.secrets[*].key
[INFO] Coalescing path $.controlPlane.ingress.secrets[*].name
[INFO] Coalescing path $.dataPlane.autoscaling.vpa.updatePolicy.updateMode
[INFO] Coalescing path $.dataPlane.ingress.extraHosts[*].name
[INFO] Coalescing path $.dataPlane.ingress.extraHosts[*].path
[INFO] Coalescing path $.dataPlane.ingress.extraHosts[*].pathType
[INFO] Coalescing path $.dataPlane.ingress.secrets[*].certificate
[INFO] Coalescing path $.dataPlane.ingress.secrets[*].key
[INFO] Coalescing path $.dataPlane.ingress.secrets[*].name
[INFO] Coalescing path $.ingressController.autoscaling.vpa.updatePolicy.updateMode
[INFO] Coalescing path $.ingressController.ingress.extraHosts[*].name
[INFO] Coalescing path $.ingressController.ingress.extraHosts[*].path
[INFO] Coalescing path $.ingressController.ingress.extraHosts[*].pathType
[INFO] Coalescing path $.ingressController.ingress.secrets[*].certificate
[INFO] Coalescing path $.ingressController.ingress.secrets[*].key
[INFO] Coalescing path $.ingressController.ingress.secrets[*].name
[INFO] Testing known inputs first; arbitrary extra-key cases are deferred
[INFO] Compiler input baseline: 369 statically named fields
[INFO] Render hashes (run-local): 29 observed, 29 unique, 0 duplicate bundles; 0 successful validations reused
[INFO] Testing deferred arbitrary-key and original-schema robustness cases
[INFO] Compiler input baseline: 369 statically named fields
[INFO] Execution stopped at the 115.403s time limit; coverage is incomplete
[INFO] Render hashes (run-local): 12 observed, 12 unique, 0 duplicate bundles; 0 successful validations reused
[INFO] .: failed; 0 charts remain
