[INFO] Chart 1/1: .
[INFO] Finite filtering unavailable: permutations need closed objects at (); set additionalProperties: false; prioritizing known inputs before robustness sampling
[INFO] Coalescing path $.clusterDomain
[INFO] Coalescing path $.commonAnnotations
[INFO] Coalescing path $.commonLabels
[INFO] Coalescing path $.extraDeploy
[INFO] Coalescing path $.global
[INFO] Coalescing path $.image
[INFO] Coalescing path $.aggregator.affinity
[INFO] Coalescing path $.aggregator.annotations
[INFO] Coalescing path $.aggregator.automountServiceAccountToken
[INFO] Coalescing path $.aggregator.configFile
[INFO] Coalescing path $.aggregator.configMap
[INFO] Coalescing path $.aggregator.configMapFiles
[INFO] Coalescing path $.aggregator.containerPorts
[INFO] Coalescing path $.aggregator.containerSecurityContext
[INFO] Coalescing path $.aggregator.customLivenessProbe
[INFO] Coalescing path $.aggregator.customReadinessProbe
[INFO] Coalescing path $.aggregator.customStartupProbe
[INFO] Coalescing path $.aggregator.enabled
[INFO] Coalescing path $.aggregator.extraArgs
[INFO] Coalescing path $.aggregator.extraEnvVars
[INFO] Coalescing path $.aggregator.extraEnvVarsCM
[INFO] Coalescing path $.aggregator.extraEnvVarsSecret
[INFO] Coalescing path $.aggregator.extraGems
[INFO] Coalescing path $.aggregator.extraVolumeClaimTemplates
[INFO] Coalescing path $.aggregator.extraVolumeMounts
[INFO] Coalescing path $.aggregator.extraVolumes
[INFO] Coalescing path $.aggregator.hostAliases
[INFO] Coalescing path $.aggregator.initContainers
[INFO] Coalescing path $.aggregator.initResources
[INFO] Coalescing path $.aggregator.initScripts
[INFO] Coalescing path $.aggregator.initScriptsCM
[INFO] Coalescing path $.aggregator.initScriptsSecret
[INFO] Coalescing path $.aggregator.lifecycleHooks
[INFO] Coalescing path $.aggregator.nodeSelector
[INFO] Coalescing path $.aggregator.persistence
[INFO] Coalescing path $.aggregator.podAffinityPreset
[INFO] Coalescing path $.aggregator.podAnnotations
[INFO] Coalescing path $.aggregator.podAntiAffinityPreset
[INFO] Coalescing path $.aggregator.podLabels
[INFO] Coalescing path $.aggregator.podManagementPolicy
[INFO] Coalescing path $.aggregator.podSecurityContext
[INFO] Coalescing path $.aggregator.port
[INFO] Coalescing path $.aggregator.priorityClassName
[INFO] Coalescing path $.aggregator.replicaCount
[INFO] Coalescing path $.aggregator.resources
[INFO] Coalescing path $.aggregator.schedulerName
[INFO] Coalescing path $.aggregator.sidecars
[INFO] Coalescing path $.aggregator.terminationGracePeriodSeconds
[INFO] Coalescing path $.aggregator.tolerations
[INFO] Coalescing path $.aggregator.topologySpreadConstraints
[INFO] Coalescing path $.aggregator.updateStrategy
[INFO] Coalescing path $.diagnosticMode.args
[INFO] Coalescing path $.diagnosticMode.command
[INFO] Coalescing path $.diagnosticMode.enabled
[INFO] Coalescing path $.extraDeploy[*]
[INFO] Coalescing path $.forwarder.affinity
[INFO] Coalescing path $.forwarder.annotations
[INFO] Coalescing path $.forwarder.automountServiceAccountToken
[INFO] Coalescing path $.forwarder.configFile
[INFO] Coalescing path $.forwarder.configMap
[INFO] Coalescing path $.forwarder.configMapFiles
[INFO] Coalescing path $.forwarder.containerPorts
[INFO] Coalescing path $.forwarder.containerSecurityContext
[INFO] Coalescing path $.forwarder.customLivenessProbe
[INFO] Coalescing path $.forwarder.customReadinessProbe
[INFO] Coalescing path $.forwarder.customStartupProbe
[INFO] Coalescing path $.forwarder.daemonGroup
[INFO] Coalescing path $.forwarder.daemonUser
[INFO] Coalescing path $.forwarder.dnsPolicy
[INFO] Coalescing path $.forwarder.enabled
[INFO] Coalescing path $.forwarder.extraArgs
[INFO] Coalescing path $.forwarder.extraEnvVars
[INFO] Coalescing path $.forwarder.extraEnvVarsCM
[INFO] Coalescing path $.forwarder.extraEnvVarsSecret
[INFO] Coalescing path $.forwarder.extraGems
[INFO] Coalescing path $.forwarder.extraVolumeMounts
[INFO] Coalescing path $.forwarder.extraVolumes
[INFO] Coalescing path $.forwarder.hostAliases
[INFO] Coalescing path $.forwarder.hostNetwork
[INFO] Coalescing path $.forwarder.initContainers
[INFO] Coalescing path $.forwarder.initResources
[INFO] Coalescing path $.forwarder.initScripts
[INFO] Coalescing path $.forwarder.initScriptsCM
[INFO] Coalescing path $.forwarder.initScriptsSecret
[INFO] Coalescing path $.forwarder.lifecycleHooks
[INFO] Coalescing path $.forwarder.nodeSelector
[INFO] Coalescing path $.forwarder.podAffinityPreset
[INFO] Coalescing path $.forwarder.podAnnotations
[INFO] Coalescing path $.forwarder.podAntiAffinityPreset
[INFO] Coalescing path $.forwarder.podLabels
[INFO] Coalescing path $.forwarder.podSecurityContext
[INFO] Coalescing path $.forwarder.priorityClassName
[INFO] Coalescing path $.forwarder.resources
[INFO] Coalescing path $.forwarder.schedulerName
[INFO] Coalescing path $.forwarder.sidecars
[INFO] Coalescing path $.forwarder.terminationGracePeriodSeconds
[INFO] Coalescing path $.forwarder.tolerations
[INFO] Coalescing path $.forwarder.topologySpreadConstraints
[INFO] Coalescing path $.forwarder.updateStrategy
[INFO] Coalescing path $.image.debug
[INFO] Coalescing path $.image.pullPolicy
[INFO] Coalescing path $.metrics.enabled
[INFO] Coalescing path $.tls.enabled
[INFO] Coalescing path $.varlog.readonly
[INFO] Coalescing path $.aggregator.autoscaling.behavior
[INFO] Coalescing path $.aggregator.autoscaling.enabled
[INFO] Coalescing path $.aggregator.autoscaling.maxReplicas
[INFO] Coalescing path $.aggregator.autoscaling.metrics
[INFO] Coalescing path $.aggregator.autoscaling.minReplicas
[INFO] Coalescing path $.aggregator.configMapFiles[*]
[INFO] Coalescing path $.aggregator.containerSecurityContext.enabled
[INFO] Coalescing path $.aggregator.extraGems[*]
[INFO] Coalescing path $.aggregator.ingress.annotations
[INFO] Coalescing path $.aggregator.ingress.certManager
[INFO] Coalescing path $.aggregator.ingress.enabled
[INFO] Coalescing path $.aggregator.ingress.extraHosts
[INFO] Coalescing path $.aggregator.ingress.extraPaths
[INFO] Coalescing path $.aggregator.ingress.extraRules
[INFO] Coalescing path $.aggregator.ingress.extraTls
[INFO] Coalescing path $.aggregator.ingress.hostname
[INFO] Coalescing path $.aggregator.ingress.ingressClassName
[INFO] Coalescing path $.aggregator.ingress.path
[INFO] Coalescing path $.aggregator.ingress.pathType
[INFO] Coalescing path $.aggregator.ingress.secrets
[INFO] Coalescing path $.aggregator.ingress.tls
[INFO] Coalescing path $.aggregator.networkPolicy.allowExternal
[INFO] Coalescing path $.aggregator.networkPolicy.allowExternalEgress
[INFO] Coalescing path $.aggregator.networkPolicy.enabled
[INFO] Coalescing path $.aggregator.networkPolicy.extraEgress
[INFO] Coalescing path $.aggregator.networkPolicy.extraFromClauses
[INFO] Coalescing path $.aggregator.networkPolicy.extraIngress
[INFO] Coalescing path $.aggregator.networkPolicy.ingressNSMatchLabels
[INFO] Coalescing path $.aggregator.networkPolicy.ingressNSPodMatchLabels
[INFO] Coalescing path $.aggregator.nodeAffinityPreset.key
[INFO] Coalescing path $.aggregator.nodeAffinityPreset.type
[INFO] Coalescing path $.aggregator.nodeAffinityPreset.values
[INFO] Coalescing path $.aggregator.pdb.create
[INFO] Coalescing path $.aggregator.pdb.maxUnavailable
[INFO] Coalescing path $.aggregator.pdb.minAvailable
[INFO] Coalescing path $.aggregator.persistence.accessModes
[INFO] Coalescing path $.aggregator.persistence.annotations
[INFO] Coalescing path $.aggregator.persistence.enabled
[INFO] Coalescing path $.aggregator.persistence.selector
[INFO] Coalescing path $.aggregator.persistence.size
[INFO] Coalescing path $.aggregator.podSecurityContext.enabled
[INFO] Coalescing path $.aggregator.service.annotations
[INFO] Coalescing path $.aggregator.service.annotationsHeadless
[INFO] Coalescing path $.aggregator.service.clusterIP
[INFO] Coalescing path $.aggregator.service.externalTrafficPolicy
[INFO] Coalescing path $.aggregator.service.ipFamilies
[INFO] Coalescing path $.aggregator.service.ipFamilyPolicy
[INFO] Coalescing path $.aggregator.service.loadBalancerIP
[INFO] Coalescing path $.aggregator.service.loadBalancerSourceRanges
[INFO] Coalescing path $.aggregator.service.ports
[INFO] Coalescing path $.aggregator.service.sessionAffinity
[INFO] Coalescing path $.aggregator.service.sessionAffinityConfig
[INFO] Coalescing path $.aggregator.service.type
[INFO] Coalescing path $.aggregator.serviceAccount.annotations
[INFO] Coalescing path $.aggregator.serviceAccount.automountServiceAccountToken
[INFO] Coalescing path $.aggregator.serviceAccount.create
[INFO] Coalescing path $.forwarder.configMapFiles[*]
[INFO] Coalescing path $.forwarder.containerSecurityContext.enabled
[INFO] Coalescing path $.forwarder.containerSecurityContext.readOnlyRootFilesystem
[INFO] Coalescing path $.forwarder.extraGems[*]
[INFO] Coalescing path $.forwarder.networkPolicy.allowExternal
[INFO] Coalescing path $.forwarder.networkPolicy.allowExternalEgress
[INFO] Coalescing path $.forwarder.networkPolicy.enabled
[INFO] Coalescing path $.forwarder.networkPolicy.extraFromClauses
[INFO] Coalescing path $.forwarder.networkPolicy.extraIngress
[INFO] Coalescing path $.forwarder.networkPolicy.ingressNSMatchLabels
[INFO] Coalescing path $.forwarder.networkPolicy.ingressNSPodMatchLabels
[INFO] Coalescing path $.forwarder.networkPolicy.kubeAPIServerPorts
[INFO] Coalescing path $.forwarder.nodeAffinityPreset.key
[INFO] Coalescing path $.forwarder.nodeAffinityPreset.type
[INFO] Coalescing path $.forwarder.nodeAffinityPreset.values
[INFO] Coalescing path $.forwarder.persistence.enabled
[INFO] Coalescing path $.forwarder.podSecurityContext.enabled
[INFO] Coalescing path $.forwarder.podSecurityContext.fsGroup
[INFO] Coalescing path $.forwarder.podSecurityContext.runAsGroup
[INFO] Coalescing path $.forwarder.podSecurityContext.runAsUser
[INFO] Coalescing path $.forwarder.rbac.create
[INFO] Coalescing path $.forwarder.rbac.pspEnabled
[INFO] Coalescing path $.forwarder.service.annotations
[INFO] Coalescing path $.forwarder.service.clusterIP
[INFO] Coalescing path $.forwarder.service.externalTrafficPolicy
[INFO] Coalescing path $.forwarder.service.ipFamilies
[INFO] Coalescing path $.forwarder.service.ipFamilyPolicy
[INFO] Coalescing path $.forwarder.service.loadBalancerIP
[INFO] Coalescing path $.forwarder.service.loadBalancerSourceRanges
[INFO] Coalescing path $.forwarder.service.ports
[INFO] Coalescing path $.forwarder.service.sessionAffinity
[INFO] Coalescing path $.forwarder.service.sessionAffinityConfig
[INFO] Coalescing path $.forwarder.service.type
[INFO] Coalescing path $.forwarder.serviceAccount.annotations
[INFO] Coalescing path $.forwarder.serviceAccount.automountServiceAccountToken
[INFO] Coalescing path $.forwarder.serviceAccount.create
[INFO] Coalescing path $.metrics.service.annotations
[INFO] Coalescing path $.metrics.service.clusterIP
[INFO] Coalescing path $.metrics.service.externalTrafficPolicy
[INFO] Coalescing path $.metrics.service.loadBalancerIP
[INFO] Coalescing path $.metrics.service.loadBalancerSourceRanges
[INFO] Coalescing path $.metrics.service.port
[INFO] Coalescing path $.metrics.service.sessionAffinity
[INFO] Coalescing path $.metrics.service.sessionAffinityConfig
[INFO] Coalescing path $.metrics.service.type
[INFO] Coalescing path $.metrics.serviceMonitor.annotations
[INFO] Coalescing path $.metrics.serviceMonitor.enabled
[INFO] Coalescing path $.metrics.serviceMonitor.honorLabels
[INFO] Coalescing path $.metrics.serviceMonitor.interval
[INFO] Coalescing path $.metrics.serviceMonitor.jobLabel
[INFO] Coalescing path $.metrics.serviceMonitor.labels
[INFO] Coalescing path $.metrics.serviceMonitor.metricRelabelings
[INFO] Coalescing path $.metrics.serviceMonitor.namespace
[INFO] Coalescing path $.metrics.serviceMonitor.path
[INFO] Coalescing path $.metrics.serviceMonitor.relabelings
[INFO] Coalescing path $.metrics.serviceMonitor.scrapeTimeout
[INFO] Coalescing path $.metrics.serviceMonitor.selector
[INFO] Coalescing path $.aggregator.containerPorts[*].containerPort
[INFO] Coalescing path $.aggregator.extraGems[*].name
[INFO] Coalescing path $.aggregator.extraGems[*].version
[INFO] Coalescing path $.aggregator.networkPolicy.ingressNSMatchLabels[*]
[INFO] Coalescing path $.aggregator.networkPolicy.ingressNSPodMatchLabels[*]
[INFO] Coalescing path $.aggregator.persistence.accessModes[*]
[INFO] Coalescing path $.aggregator.service.headless.annotations
[INFO] Coalescing path $.aggregator.service.ports[*]
[INFO] Coalescing path $.forwarder.containerPorts[*].containerPort
[INFO] Coalescing path $.forwarder.extraGems[*].name
[INFO] Coalescing path $.forwarder.extraGems[*].version
[INFO] Coalescing path $.forwarder.networkPolicy.ingressNSMatchLabels[*]
[INFO] Coalescing path $.forwarder.networkPolicy.ingressNSPodMatchLabels[*]
[INFO] Coalescing path $.forwarder.networkPolicy.kubeAPIServerPorts[*]
[INFO] Coalescing path $.forwarder.persistence.hostPath.path
[INFO] Coalescing path $.forwarder.service.ports[*]
[INFO] Coalescing path $.metrics.service.annotations["prometheus.io/path"]
[INFO] Coalescing path $.aggregator.ingress.extraHosts[*].name
[INFO] Coalescing path $.aggregator.ingress.extraHosts[*].path
[INFO] Coalescing path $.aggregator.ingress.extraHosts[*].pathType
[INFO] Coalescing path $.aggregator.ingress.secrets[*].certificate
[INFO] Coalescing path $.aggregator.ingress.secrets[*].key
[INFO] Coalescing path $.aggregator.ingress.secrets[*].name
[INFO] Testing known inputs first; arbitrary extra-key cases are deferred
[INFO] Compiler input baseline: 208 statically named fields
[INFO] Render hashes (run-local): 23 observed, 5 unique, 18 duplicate bundles; 17 successful validations reused
[INFO] Testing deferred arbitrary-key and original-schema robustness cases
[INFO] Compiler input baseline: 208 statically named fields
[INFO] Render hashes (run-local): 101 observed, 1 unique, 100 duplicate bundles; 100 successful validations reused
[INFO] .: failed; 0 charts remain
