[INFO] Chart 1/1: .
[INFO] Finite filtering unavailable: permutations need closed objects at (); set additionalProperties: false; prioritizing known inputs before robustness sampling
[INFO] Coalescing path $.affinity
[INFO] Coalescing path $.automountServiceAccountToken
[INFO] Coalescing path $.checkInterval
[INFO] Coalescing path $.commonAnnotations
[INFO] Coalescing path $.commonLabels
[INFO] Coalescing path $.concurrent
[INFO] Coalescing path $.connectionMaxAge
[INFO] Coalescing path $.containerSecurityContext
[INFO] Coalescing path $.customLivenessProbe
[INFO] Coalescing path $.customReadinessProbe
[INFO] Coalescing path $.customStartupProbe
[INFO] Coalescing path $.dnsPolicy
[INFO] Coalescing path $.existingCacheSecret
[INFO] Coalescing path $.existingCertsSecret
[INFO] Coalescing path $.existingConfigMap
[INFO] Coalescing path $.existingSecret
[INFO] Coalescing path $.extraConfig
[INFO] Coalescing path $.extraDeploy
[INFO] Coalescing path $.extraEnvVars
[INFO] Coalescing path $.extraEnvVarsCM
[INFO] Coalescing path $.extraEnvVarsSecret
[INFO] Coalescing path $.extraVolumeMounts
[INFO] Coalescing path $.extraVolumes
[INFO] Coalescing path $.gitlabUrl
[INFO] Coalescing path $.hostAliases
[INFO] Coalescing path $.initContainers
[INFO] Coalescing path $.lifecycleHooks
[INFO] Coalescing path $.logFormat
[INFO] Coalescing path $.logLevel
[INFO] Coalescing path $.nodeSelector
[INFO] Coalescing path $.podAffinityPreset
[INFO] Coalescing path $.podAnnotations
[INFO] Coalescing path $.podAntiAffinityPreset
[INFO] Coalescing path $.podLabels
[INFO] Coalescing path $.podSecurityContext
[INFO] Coalescing path $.preEntrypointScript
[INFO] Coalescing path $.priorityClassName
[INFO] Coalescing path $.replicaCount
[INFO] Coalescing path $.resources
[INFO] Coalescing path $.schedulerName
[INFO] Coalescing path $.sentryDsn
[INFO] Coalescing path $.shutdownTimeout
[INFO] Coalescing path $.sidecars
[INFO] Coalescing path $.terminationGracePeriodSeconds
[INFO] Coalescing path $.tolerations
[INFO] Coalescing path $.topologySpreadConstraints
[INFO] Coalescing path $.updateStrategy
[INFO] Coalescing path $.containerPorts.metrics
[INFO] Coalescing path $.containerPorts.sessionServer
[INFO] Coalescing path $.containerSecurityContext.enabled
[INFO] Coalescing path $.containerSecurityContext.runAsUser
[INFO] Coalescing path $.diagnosticMode.args
[INFO] Coalescing path $.diagnosticMode.command
[INFO] Coalescing path $.diagnosticMode.enabled
[INFO] Coalescing path $.extraDeploy[*]
[INFO] Coalescing path $.image.pullPolicy
[INFO] Coalescing path $.metrics.enabled
[INFO] Coalescing path $.networkPolicy.allowExternal
[INFO] Coalescing path $.networkPolicy.allowExternalEgress
[INFO] Coalescing path $.networkPolicy.enabled
[INFO] Coalescing path $.networkPolicy.extraEgress
[INFO] Coalescing path $.networkPolicy.extraIngress
[INFO] Coalescing path $.networkPolicy.ingressNSMatchLabels
[INFO] Coalescing path $.networkPolicy.ingressNSPodMatchLabels
[INFO] Coalescing path $.networkPolicy.kubeAPIServerPorts
[INFO] Coalescing path $.nodeAffinityPreset.key
[INFO] Coalescing path $.nodeAffinityPreset.type
[INFO] Coalescing path $.nodeAffinityPreset.values
[INFO] Coalescing path $.pdb.create
[INFO] Coalescing path $.pdb.maxUnavailable
[INFO] Coalescing path $.pdb.minAvailable
[INFO] Coalescing path $.podSecurityContext.enabled
[INFO] Coalescing path $.rbac.clusterWideAccess
[INFO] Coalescing path $.rbac.create
[INFO] Coalescing path $.rbac.rules
[INFO] Coalescing path $.runners.config
[INFO] Coalescing path $.runners.executor
[INFO] Coalescing path $.runners.maximumTimeout
[INFO] Coalescing path $.runners.name
[INFO] Coalescing path $.runners.protected
[INFO] Coalescing path $.runners.runUntagged
[INFO] Coalescing path $.serviceAccount.annotations
[INFO] Coalescing path $.serviceAccount.automountServiceAccountToken
[INFO] Coalescing path $.serviceAccount.create
[INFO] Coalescing path $.sessionServer.enabled
[INFO] Coalescing path $.sessionServer.sessionTimeout
[INFO] Coalescing path $.autoscaling.hpa.enabled
[INFO] Coalescing path $.autoscaling.hpa.maxReplicas
[INFO] Coalescing path $.autoscaling.hpa.minReplicas
[INFO] Coalescing path $.autoscaling.hpa.targetCPU
[INFO] Coalescing path $.autoscaling.hpa.targetMemory
[INFO] Coalescing path $.autoscaling.vpa.annotations
[INFO] Coalescing path $.autoscaling.vpa.controlledResources
[INFO] Coalescing path $.autoscaling.vpa.enabled
[INFO] Coalescing path $.autoscaling.vpa.maxAllowed
[INFO] Coalescing path $.autoscaling.vpa.minAllowed
[INFO] Coalescing path $.autoscaling.vpa.updatePolicy
[INFO] Coalescing path $.metrics.service.annotations
[INFO] Coalescing path $.metrics.service.clusterIP
[INFO] Coalescing path $.metrics.service.externalTrafficPolicy
[INFO] Coalescing path $.metrics.service.extraPorts
[INFO] Coalescing path $.metrics.service.labels
[INFO] Coalescing path $.metrics.service.loadBalancerIP
[INFO] Coalescing path $.metrics.service.loadBalancerSourceRanges
[INFO] Coalescing path $.metrics.service.sessionAffinity
[INFO] Coalescing path $.metrics.service.sessionAffinityConfig
[INFO] Coalescing path $.metrics.service.type
[INFO] Coalescing path $.metrics.serviceMonitor.annotations
[INFO] Coalescing path $.metrics.serviceMonitor.enabled
[INFO] Coalescing path $.metrics.serviceMonitor.honorLabels
[INFO] Coalescing path $.metrics.serviceMonitor.interval
[INFO] Coalescing path $.metrics.serviceMonitor.jobLabel
[INFO] Coalescing path $.metrics.serviceMonitor.labels
[INFO] Coalescing path $.metrics.serviceMonitor.metricRelabelings
[INFO] Coalescing path $.metrics.serviceMonitor.namespace
[INFO] Coalescing path $.metrics.serviceMonitor.relabelings
[INFO] Coalescing path $.metrics.serviceMonitor.scrapeTimeout
[INFO] Coalescing path $.metrics.serviceMonitor.selector
[INFO] Coalescing path $.networkPolicy.ingressNSMatchLabels[*]
[INFO] Coalescing path $.networkPolicy.ingressNSPodMatchLabels[*]
[INFO] Coalescing path $.networkPolicy.kubeAPIServerPorts[*]
[INFO] Coalescing path $.sessionServer.ingress.annotations
[INFO] Coalescing path $.sessionServer.ingress.enabled
[INFO] Coalescing path $.sessionServer.ingress.extraHosts
[INFO] Coalescing path $.sessionServer.ingress.extraPaths
[INFO] Coalescing path $.sessionServer.ingress.extraRules
[INFO] Coalescing path $.sessionServer.ingress.extraTls
[INFO] Coalescing path $.sessionServer.ingress.hostname
[INFO] Coalescing path $.sessionServer.ingress.ingressClassName
[INFO] Coalescing path $.sessionServer.ingress.path
[INFO] Coalescing path $.sessionServer.ingress.pathType
[INFO] Coalescing path $.sessionServer.ingress.secrets
[INFO] Coalescing path $.sessionServer.ingress.selfSigned
[INFO] Coalescing path $.sessionServer.ingress.tls
[INFO] Coalescing path $.sessionServer.service.annotations
[INFO] Coalescing path $.sessionServer.service.clusterIP
[INFO] Coalescing path $.sessionServer.service.externalTrafficPolicy
[INFO] Coalescing path $.sessionServer.service.extraPorts
[INFO] Coalescing path $.sessionServer.service.labels
[INFO] Coalescing path $.sessionServer.service.loadBalancerIP
[INFO] Coalescing path $.sessionServer.service.loadBalancerSourceRanges
[INFO] Coalescing path $.sessionServer.service.sessionAffinity
[INFO] Coalescing path $.sessionServer.service.sessionAffinityConfig
[INFO] Coalescing path $.sessionServer.service.type
[INFO] Coalescing path $.autoscaling.vpa.updatePolicy.updateMode
[INFO] Coalescing path $.metrics.service.nodePorts.metrics
[INFO] Coalescing path $.metrics.service.ports.metrics
[INFO] Coalescing path $.sessionServer.ingress.extraHosts[*]
[INFO] Coalescing path $.sessionServer.service.nodePorts.sessionServer
[INFO] Coalescing path $.sessionServer.service.ports.sessionServer
[INFO] Coalescing path $.sessionServer.ingress.extraHosts[*].name
[INFO] Coalescing path $.sessionServer.ingress.extraHosts[*].path
[INFO] Coalescing path $.sessionServer.ingress.extraHosts[*].pathType
[INFO] Coalescing path $.sessionServer.ingress.secrets[*].certificate
[INFO] Coalescing path $.sessionServer.ingress.secrets[*].key
[INFO] Coalescing path $.sessionServer.ingress.secrets[*].name
[INFO] Testing known inputs first; arbitrary extra-key cases are deferred
[INFO] Compiler input baseline: 142 statically named fields
[INFO] Render hashes (run-local): 100 observed, 100 unique, 0 duplicate bundles; 0 successful validations reused
[INFO] Testing deferred arbitrary-key and original-schema robustness cases
[INFO] Compiler input baseline: 142 statically named fields
[INFO] Render hashes (run-local): 101 observed, 101 unique, 0 duplicate bundles; 0 successful validations reused
[INFO] .: failed; 0 charts remain
