[INFO] Chart 1/1: .
[INFO] Finite filtering unavailable: permutations need closed objects at (); set additionalProperties: false; prioritizing known inputs before robustness sampling
[INFO] Coalescing path $.clusterDomain
[INFO] Coalescing path $.commonAnnotations
[INFO] Coalescing path $.commonLabels
[INFO] Coalescing path $.extraDeploy
[INFO] Coalescing path $.global
[INFO] Coalescing path $.compactor.affinity
[INFO] Coalescing path $.compactor.automountServiceAccountToken
[INFO] Coalescing path $.compactor.containerSecurityContext
[INFO] Coalescing path $.compactor.customLivenessProbe
[INFO] Coalescing path $.compactor.customReadinessProbe
[INFO] Coalescing path $.compactor.customStartupProbe
[INFO] Coalescing path $.compactor.enableServiceLinks
[INFO] Coalescing path $.compactor.enabled
[INFO] Coalescing path $.compactor.extraEnvVars
[INFO] Coalescing path $.compactor.extraEnvVarsCM
[INFO] Coalescing path $.compactor.extraEnvVarsSecret
[INFO] Coalescing path $.compactor.extraVolumeMounts
[INFO] Coalescing path $.compactor.extraVolumes
[INFO] Coalescing path $.compactor.hostAliases
[INFO] Coalescing path $.compactor.initContainers
[INFO] Coalescing path $.compactor.lifecycleHooks
[INFO] Coalescing path $.compactor.nodeSelector
[INFO] Coalescing path $.compactor.persistence
[INFO] Coalescing path $.compactor.podAffinityPreset
[INFO] Coalescing path $.compactor.podAnnotations
[INFO] Coalescing path $.compactor.podAntiAffinityPreset
[INFO] Coalescing path $.compactor.podLabels
[INFO] Coalescing path $.compactor.podSecurityContext
[INFO] Coalescing path $.compactor.priorityClassName
[INFO] Coalescing path $.compactor.replicaCount
[INFO] Coalescing path $.compactor.resources
[INFO] Coalescing path $.compactor.schedulerName
[INFO] Coalescing path $.compactor.sidecars
[INFO] Coalescing path $.compactor.tolerations
[INFO] Coalescing path $.compactor.topologySpreadConstraints
[INFO] Coalescing path $.compactor.updateStrategy
[INFO] Coalescing path $.diagnosticMode.args
[INFO] Coalescing path $.diagnosticMode.command
[INFO] Coalescing path $.diagnosticMode.enabled
[INFO] Coalescing path $.distributor.affinity
[INFO] Coalescing path $.distributor.automountServiceAccountToken
[INFO] Coalescing path $.distributor.containerSecurityContext
[INFO] Coalescing path $.distributor.customLivenessProbe
[INFO] Coalescing path $.distributor.customReadinessProbe
[INFO] Coalescing path $.distributor.customStartupProbe
[INFO] Coalescing path $.distributor.enableServiceLinks
[INFO] Coalescing path $.distributor.extraEnvVars
[INFO] Coalescing path $.distributor.extraEnvVarsCM
[INFO] Coalescing path $.distributor.extraEnvVarsSecret
[INFO] Coalescing path $.distributor.extraVolumeMounts
[INFO] Coalescing path $.distributor.extraVolumes
[INFO] Coalescing path $.distributor.hostAliases
[INFO] Coalescing path $.distributor.initContainers
[INFO] Coalescing path $.distributor.lifecycleHooks
[INFO] Coalescing path $.distributor.nodeSelector
[INFO] Coalescing path $.distributor.podAffinityPreset
[INFO] Coalescing path $.distributor.podAnnotations
[INFO] Coalescing path $.distributor.podAntiAffinityPreset
[INFO] Coalescing path $.distributor.podLabels
[INFO] Coalescing path $.distributor.podSecurityContext
[INFO] Coalescing path $.distributor.priorityClassName
[INFO] Coalescing path $.distributor.replicaCount
[INFO] Coalescing path $.distributor.resources
[INFO] Coalescing path $.distributor.schedulerName
[INFO] Coalescing path $.distributor.sidecars
[INFO] Coalescing path $.distributor.tolerations
[INFO] Coalescing path $.distributor.topologySpreadConstraints
[INFO] Coalescing path $.distributor.updateStrategy
[INFO] Coalescing path $.externalMemcachedChunks.port
[INFO] Coalescing path $.externalMemcachedFrontend.port
[INFO] Coalescing path $.externalMemcachedIndexQueries.port
[INFO] Coalescing path $.externalMemcachedIndexWrites.port
[INFO] Coalescing path $.extraDeploy[*]
[INFO] Coalescing path $.gateway.affinity
[INFO] Coalescing path $.gateway.automountServiceAccountToken
[INFO] Coalescing path $.gateway.containerSecurityContext
[INFO] Coalescing path $.gateway.customLivenessProbe
[INFO] Coalescing path $.gateway.customReadinessProbe
[INFO] Coalescing path $.gateway.customStartupProbe
[INFO] Coalescing path $.gateway.enableServiceLinks
[INFO] Coalescing path $.gateway.enabled
[INFO] Coalescing path $.gateway.extraEnvVars
[INFO] Coalescing path $.gateway.extraEnvVarsCM
[INFO] Coalescing path $.gateway.extraEnvVarsSecret
[INFO] Coalescing path $.gateway.extraVolumeMounts
[INFO] Coalescing path $.gateway.extraVolumes
[INFO] Coalescing path $.gateway.hostAliases
[INFO] Coalescing path $.gateway.image
[INFO] Coalescing path $.gateway.initContainers
[INFO] Coalescing path $.gateway.lifecycleHooks
[INFO] Coalescing path $.gateway.nodeSelector
[INFO] Coalescing path $.gateway.podAffinityPreset
[INFO] Coalescing path $.gateway.podAnnotations
[INFO] Coalescing path $.gateway.podAntiAffinityPreset
[INFO] Coalescing path $.gateway.podLabels
[INFO] Coalescing path $.gateway.podSecurityContext
[INFO] Coalescing path $.gateway.priorityClassName
[INFO] Coalescing path $.gateway.replicaCount
[INFO] Coalescing path $.gateway.resources
[INFO] Coalescing path $.gateway.schedulerName
[INFO] Coalescing path $.gateway.sidecars
[INFO] Coalescing path $.gateway.tolerations
[INFO] Coalescing path $.gateway.topologySpreadConstraints
[INFO] Coalescing path $.gateway.updateStrategy
[INFO] Coalescing path $.gateway.verboseLogging
[INFO] Coalescing path $.grafanaalloy.enabled
[INFO] Coalescing path $.indexGateway.affinity
[INFO] Coalescing path $.indexGateway.automountServiceAccountToken
[INFO] Coalescing path $.indexGateway.containerSecurityContext
[INFO] Coalescing path $.indexGateway.customLivenessProbe
[INFO] Coalescing path $.indexGateway.customReadinessProbe
[INFO] Coalescing path $.indexGateway.customStartupProbe
[INFO] Coalescing path $.indexGateway.enableServiceLinks
[INFO] Coalescing path $.indexGateway.enabled
[INFO] Coalescing path $.indexGateway.extraEnvVars
[INFO] Coalescing path $.indexGateway.extraEnvVarsCM
[INFO] Coalescing path $.indexGateway.extraEnvVarsSecret
[INFO] Coalescing path $.indexGateway.extraVolumeMounts
[INFO] Coalescing path $.indexGateway.extraVolumes
[INFO] Coalescing path $.indexGateway.hostAliases
[INFO] Coalescing path $.indexGateway.initContainers
[INFO] Coalescing path $.indexGateway.lifecycleHooks
[INFO] Coalescing path $.indexGateway.nodeSelector
[INFO] Coalescing path $.indexGateway.podAffinityPreset
[INFO] Coalescing path $.indexGateway.podAnnotations
[INFO] Coalescing path $.indexGateway.podAntiAffinityPreset
[INFO] Coalescing path $.indexGateway.podLabels
[INFO] Coalescing path $.indexGateway.podManagementPolicy
[INFO] Coalescing path $.indexGateway.podSecurityContext
[INFO] Coalescing path $.indexGateway.priorityClassName
[INFO] Coalescing path $.indexGateway.replicaCount
[INFO] Coalescing path $.indexGateway.resources
[INFO] Coalescing path $.indexGateway.schedulerName
[INFO] Coalescing path $.indexGateway.sidecars
[INFO] Coalescing path $.indexGateway.tolerations
[INFO] Coalescing path $.indexGateway.topologySpreadConstraints
[INFO] Coalescing path $.indexGateway.updateStrategy
[INFO] Coalescing path $.ingester.affinity
[INFO] Coalescing path $.ingester.automountServiceAccountToken
[INFO] Coalescing path $.ingester.containerSecurityContext
[INFO] Coalescing path $.ingester.customLivenessProbe
[INFO] Coalescing path $.ingester.customReadinessProbe
[INFO] Coalescing path $.ingester.customStartupProbe
[INFO] Coalescing path $.ingester.enableServiceLinks
[INFO] Coalescing path $.ingester.extraEnvVars
[INFO] Coalescing path $.ingester.extraEnvVarsCM
[INFO] Coalescing path $.ingester.extraEnvVarsSecret
[INFO] Coalescing path $.ingester.extraVolumeMounts
[INFO] Coalescing path $.ingester.extraVolumes
[INFO] Coalescing path $.ingester.hostAliases
[INFO] Coalescing path $.ingester.initContainers
[INFO] Coalescing path $.ingester.lifecycleHooks
[INFO] Coalescing path $.ingester.nodeSelector
[INFO] Coalescing path $.ingester.podAffinityPreset
[INFO] Coalescing path $.ingester.podAnnotations
[INFO] Coalescing path $.ingester.podAntiAffinityPreset
[INFO] Coalescing path $.ingester.podLabels
[INFO] Coalescing path $.ingester.podManagementPolicy
[INFO] Coalescing path $.ingester.podSecurityContext
[INFO] Coalescing path $.ingester.priorityClassName
[INFO] Coalescing path $.ingester.replicaCount
[INFO] Coalescing path $.ingester.resources
[INFO] Coalescing path $.ingester.schedulerName
[INFO] Coalescing path $.ingester.sidecars
[INFO] Coalescing path $.ingester.tolerations
[INFO] Coalescing path $.ingester.topologySpreadConstraints
[INFO] Coalescing path $.ingester.updateStrategy
[INFO] Coalescing path $.loki.configuration
[INFO] Coalescing path $.loki.dataDir
[INFO] Coalescing path $.loki.image
[INFO] Coalescing path $.loki.overrideConfiguration
[INFO] Coalescing path $.memcachedchunks.enabled
[INFO] Coalescing path $.memcachedfrontend.enabled
[INFO] Coalescing path $.memcachedindexqueries.enabled
[INFO] Coalescing path $.memcachedindexwrites.enabled
[INFO] Coalescing path $.metrics.enabled
[INFO] Coalescing path $.querier.affinity
[INFO] Coalescing path $.querier.automountServiceAccountToken
[INFO] Coalescing path $.querier.containerSecurityContext
[INFO] Coalescing path $.querier.customLivenessProbe
[INFO] Coalescing path $.querier.customReadinessProbe
[INFO] Coalescing path $.querier.customStartupProbe
[INFO] Coalescing path $.querier.enableServiceLinks
[INFO] Coalescing path $.querier.extraEnvVars
[INFO] Coalescing path $.querier.extraEnvVarsCM
[INFO] Coalescing path $.querier.extraEnvVarsSecret
[INFO] Coalescing path $.querier.extraVolumeMounts
[INFO] Coalescing path $.querier.extraVolumes
[INFO] Coalescing path $.querier.hostAliases
[INFO] Coalescing path $.querier.initContainers
[INFO] Coalescing path $.querier.lifecycleHooks
[INFO] Coalescing path $.querier.nodeSelector
[INFO] Coalescing path $.querier.podAffinityPreset
[INFO] Coalescing path $.querier.podAnnotations
[INFO] Coalescing path $.querier.podAntiAffinityPreset
[INFO] Coalescing path $.querier.podLabels
[INFO] Coalescing path $.querier.podManagementPolicy
[INFO] Coalescing path $.querier.podSecurityContext
[INFO] Coalescing path $.querier.priorityClassName
[INFO] Coalescing path $.querier.replicaCount
[INFO] Coalescing path $.querier.resources
[INFO] Coalescing path $.querier.schedulerName
[INFO] Coalescing path $.querier.sidecars
[INFO] Coalescing path $.querier.tolerations
[INFO] Coalescing path $.querier.topologySpreadConstraints
[INFO] Coalescing path $.querier.updateStrategy
[INFO] Coalescing path $.queryFrontend.affinity
[INFO] Coalescing path $.queryFrontend.automountServiceAccountToken
[INFO] Coalescing path $.queryFrontend.containerSecurityContext
[INFO] Coalescing path $.queryFrontend.customLivenessProbe
[INFO] Coalescing path $.queryFrontend.customReadinessProbe
[INFO] Coalescing path $.queryFrontend.customStartupProbe
[INFO] Coalescing path $.queryFrontend.enableServiceLinks
[INFO] Coalescing path $.queryFrontend.extraEnvVars
[INFO] Coalescing path $.queryFrontend.extraEnvVarsCM
[INFO] Coalescing path $.queryFrontend.extraEnvVarsSecret
[INFO] Coalescing path $.queryFrontend.extraVolumeMounts
[INFO] Coalescing path $.queryFrontend.extraVolumes
[INFO] Coalescing path $.queryFrontend.hostAliases
[INFO] Coalescing path $.queryFrontend.initContainers
[INFO] Coalescing path $.queryFrontend.lifecycleHooks
[INFO] Coalescing path $.queryFrontend.nodeSelector
[INFO] Coalescing path $.queryFrontend.podAffinityPreset
[INFO] Coalescing path $.queryFrontend.podAnnotations
[INFO] Coalescing path $.queryFrontend.podAntiAffinityPreset
[INFO] Coalescing path $.queryFrontend.podLabels
[INFO] Coalescing path $.queryFrontend.podSecurityContext
[INFO] Coalescing path $.queryFrontend.priorityClassName
[INFO] Coalescing path $.queryFrontend.replicaCount
[INFO] Coalescing path $.queryFrontend.resources
[INFO] Coalescing path $.queryFrontend.schedulerName
[INFO] Coalescing path $.queryFrontend.sidecars
[INFO] Coalescing path $.queryFrontend.tolerations
[INFO] Coalescing path $.queryFrontend.topologySpreadConstraints
[INFO] Coalescing path $.queryFrontend.updateStrategy
[INFO] Coalescing path $.queryScheduler.affinity
[INFO] Coalescing path $.queryScheduler.automountServiceAccountToken
[INFO] Coalescing path $.queryScheduler.containerSecurityContext
[INFO] Coalescing path $.queryScheduler.customLivenessProbe
[INFO] Coalescing path $.queryScheduler.customReadinessProbe
[INFO] Coalescing path $.queryScheduler.customStartupProbe
[INFO] Coalescing path $.queryScheduler.enableServiceLinks
[INFO] Coalescing path $.queryScheduler.enabled
[INFO] Coalescing path $.queryScheduler.extraEnvVars
[INFO] Coalescing path $.queryScheduler.extraEnvVarsCM
[INFO] Coalescing path $.queryScheduler.extraEnvVarsSecret
[INFO] Coalescing path $.queryScheduler.extraVolumeMounts
[INFO] Coalescing path $.queryScheduler.extraVolumes
[INFO] Coalescing path $.queryScheduler.hostAliases
[INFO] Coalescing path $.queryScheduler.initContainers
[INFO] Coalescing path $.queryScheduler.lifecycleHooks
[INFO] Coalescing path $.queryScheduler.nodeSelector
[INFO] Coalescing path $.queryScheduler.podAffinityPreset
[INFO] Coalescing path $.queryScheduler.podAnnotations
[INFO] Coalescing path $.queryScheduler.podAntiAffinityPreset
[INFO] Coalescing path $.queryScheduler.podLabels
[INFO] Coalescing path $.queryScheduler.podSecurityContext
[INFO] Coalescing path $.queryScheduler.priorityClassName
[INFO] Coalescing path $.queryScheduler.replicaCount
[INFO] Coalescing path $.queryScheduler.resources
[INFO] Coalescing path $.queryScheduler.schedulerName
[INFO] Coalescing path $.queryScheduler.sidecars
[INFO] Coalescing path $.queryScheduler.tolerations
[INFO] Coalescing path $.queryScheduler.topologySpreadConstraints
[INFO] Coalescing path $.queryScheduler.updateStrategy
[INFO] Coalescing path $.ruler.affinity
[INFO] Coalescing path $.ruler.automountServiceAccountToken
[INFO] Coalescing path $.ruler.containerSecurityContext
[INFO] Coalescing path $.ruler.customLivenessProbe
[INFO] Coalescing path $.ruler.customReadinessProbe
[INFO] Coalescing path $.ruler.customStartupProbe
[INFO] Coalescing path $.ruler.enableServiceLinks
[INFO] Coalescing path $.ruler.enabled
[INFO] Coalescing path $.ruler.extraEnvVars
[INFO] Coalescing path $.ruler.extraEnvVarsCM
[INFO] Coalescing path $.ruler.extraEnvVarsSecret
[INFO] Coalescing path $.ruler.extraVolumeMounts
[INFO] Coalescing path $.ruler.extraVolumes
[INFO] Coalescing path $.ruler.hostAliases
[INFO] Coalescing path $.ruler.initContainers
[INFO] Coalescing path $.ruler.lifecycleHooks
[INFO] Coalescing path $.ruler.nodeSelector
[INFO] Coalescing path $.ruler.podAffinityPreset
[INFO] Coalescing path $.ruler.podAnnotations
[INFO] Coalescing path $.ruler.podAntiAffinityPreset
[INFO] Coalescing path $.ruler.podLabels
[INFO] Coalescing path $.ruler.podManagementPolicy
[INFO] Coalescing path $.ruler.podSecurityContext
[INFO] Coalescing path $.ruler.priorityClassName
[INFO] Coalescing path $.ruler.replicaCount
[INFO] Coalescing path $.ruler.resources
[INFO] Coalescing path $.ruler.schedulerName
[INFO] Coalescing path $.ruler.sidecars
[INFO] Coalescing path $.ruler.tolerations
[INFO] Coalescing path $.ruler.topologySpreadConstraints
[INFO] Coalescing path $.ruler.updateStrategy
[INFO] Coalescing path $.serviceAccount.annotations
[INFO] Coalescing path $.serviceAccount.automountServiceAccountToken
[INFO] Coalescing path $.serviceAccount.create
[INFO] Coalescing path $.tableManager.affinity
[INFO] Coalescing path $.tableManager.automountServiceAccountToken
[INFO] Coalescing path $.tableManager.containerSecurityContext
[INFO] Coalescing path $.tableManager.customLivenessProbe
[INFO] Coalescing path $.tableManager.customReadinessProbe
[INFO] Coalescing path $.tableManager.customStartupProbe
[INFO] Coalescing path $.tableManager.enableServiceLinks
[INFO] Coalescing path $.tableManager.enabled
[INFO] Coalescing path $.tableManager.extraEnvVars
[INFO] Coalescing path $.tableManager.extraEnvVarsCM
[INFO] Coalescing path $.tableManager.extraEnvVarsSecret
[INFO] Coalescing path $.tableManager.extraVolumeMounts
[INFO] Coalescing path $.tableManager.extraVolumes
[INFO] Coalescing path $.tableManager.hostAliases
[INFO] Coalescing path $.tableManager.initContainers
[INFO] Coalescing path $.tableManager.lifecycleHooks
[INFO] Coalescing path $.tableManager.nodeSelector
[INFO] Coalescing path $.tableManager.podAffinityPreset
[INFO] Coalescing path $.tableManager.podAnnotations
[INFO] Coalescing path $.tableManager.podAntiAffinityPreset
[INFO] Coalescing path $.tableManager.podLabels
[INFO] Coalescing path $.tableManager.podSecurityContext
[INFO] Coalescing path $.tableManager.priorityClassName
[INFO] Coalescing path $.tableManager.replicaCount
[INFO] Coalescing path $.tableManager.resources
[INFO] Coalescing path $.tableManager.schedulerName
[INFO] Coalescing path $.tableManager.sidecars
[INFO] Coalescing path $.tableManager.tolerations
[INFO] Coalescing path $.tableManager.topologySpreadConstraints
[INFO] Coalescing path $.tableManager.updateStrategy
[INFO] Coalescing path $.volumePermissions.containerSecurityContext
[INFO] Coalescing path $.volumePermissions.enabled
[INFO] Coalescing path $.volumePermissions.image
[INFO] Coalescing path $.volumePermissions.resources
[INFO] Coalescing path $.compactor.containerSecurityContext.enabled
[INFO] Coalescing path $.compactor.networkPolicy.addExternalClientAccess
[INFO] Coalescing path $.compactor.networkPolicy.allowExternal
[INFO] Coalescing path $.compactor.networkPolicy.allowExternalEgress
[INFO] Coalescing path $.compactor.networkPolicy.enabled
[INFO] Coalescing path $.compactor.networkPolicy.extraEgress
[INFO] Coalescing path $.compactor.networkPolicy.extraIngress
[INFO] Coalescing path $.compactor.networkPolicy.ingressNSMatchLabels
[INFO] Coalescing path $.compactor.networkPolicy.ingressNSPodMatchLabels
[INFO] Coalescing path $.compactor.networkPolicy.ingressPodMatchLabels
[INFO] Coalescing path $.compactor.nodeAffinityPreset.key
[INFO] Coalescing path $.compactor.nodeAffinityPreset.type
[INFO] Coalescing path $.compactor.nodeAffinityPreset.values
[INFO] Coalescing path $.compactor.pdb.create
[INFO] Coalescing path $.compactor.pdb.maxUnavailable
[INFO] Coalescing path $.compactor.pdb.minAvailable
[INFO] Coalescing path $.compactor.persistence.accessModes
[INFO] Coalescing path $.compactor.persistence.annotations
[INFO] Coalescing path $.compactor.persistence.dataSource
[INFO] Coalescing path $.compactor.persistence.enabled
[INFO] Coalescing path $.compactor.persistence.existingClaim
[INFO] Coalescing path $.compactor.persistence.selector
[INFO] Coalescing path $.compactor.persistence.size
[INFO] Coalescing path $.compactor.podSecurityContext.enabled
[INFO] Coalescing path $.compactor.service.annotations
[INFO] Coalescing path $.compactor.service.clusterIP
[INFO] Coalescing path $.compactor.service.externalTrafficPolicy
[INFO] Coalescing path $.compactor.service.extraPorts
[INFO] Coalescing path $.compactor.service.loadBalancerIP
[INFO] Coalescing path $.compactor.service.loadBalancerSourceRanges
[INFO] Coalescing path $.compactor.service.sessionAffinity
[INFO] Coalescing path $.compactor.service.sessionAffinityConfig
[INFO] Coalescing path $.compactor.service.type
[INFO] Coalescing path $.distributor.containerSecurityContext.enabled
[INFO] Coalescing path $.distributor.networkPolicy.addExternalClientAccess
[INFO] Coalescing path $.distributor.networkPolicy.allowExternal
[INFO] Coalescing path $.distributor.networkPolicy.allowExternalEgress
[INFO] Coalescing path $.distributor.networkPolicy.enabled
[INFO] Coalescing path $.distributor.networkPolicy.extraEgress
[INFO] Coalescing path $.distributor.networkPolicy.extraIngress
[INFO] Coalescing path $.distributor.networkPolicy.ingressNSMatchLabels
[INFO] Coalescing path $.distributor.networkPolicy.ingressNSPodMatchLabels
[INFO] Coalescing path $.distributor.networkPolicy.ingressPodMatchLabels
[INFO] Coalescing path $.distributor.nodeAffinityPreset.key
[INFO] Coalescing path $.distributor.nodeAffinityPreset.type
[INFO] Coalescing path $.distributor.nodeAffinityPreset.values
[INFO] Coalescing path $.distributor.pdb.create
[INFO] Coalescing path $.distributor.pdb.maxUnavailable
[INFO] Coalescing path $.distributor.pdb.minAvailable
[INFO] Coalescing path $.distributor.podSecurityContext.enabled
[INFO] Coalescing path $.distributor.service.annotations
[INFO] Coalescing path $.distributor.service.clusterIP
[INFO] Coalescing path $.distributor.service.externalTrafficPolicy
[INFO] Coalescing path $.distributor.service.extraPorts
[INFO] Coalescing path $.distributor.service.loadBalancerIP
[INFO] Coalescing path $.distributor.service.loadBalancerSourceRanges
[INFO] Coalescing path $.distributor.service.sessionAffinity
[INFO] Coalescing path $.distributor.service.sessionAffinityConfig
[INFO] Coalescing path $.distributor.service.type
[INFO] Coalescing path $.gateway.auth.enabled
[INFO] Coalescing path $.gateway.auth.existingSecret
[INFO] Coalescing path $.gateway.auth.password
[INFO] Coalescing path $.gateway.auth.username
[INFO] Coalescing path $.gateway.containerPorts.http
[INFO] Coalescing path $.gateway.containerSecurityContext.enabled
[INFO] Coalescing path $.gateway.image.debug
[INFO] Coalescing path $.gateway.image.pullPolicy
[INFO] Coalescing path $.gateway.ingress.annotations
[INFO] Coalescing path $.gateway.ingress.enabled
[INFO] Coalescing path $.gateway.ingress.extraHosts
[INFO] Coalescing path $.gateway.ingress.extraPaths
[INFO] Coalescing path $.gateway.ingress.extraTls
[INFO] Coalescing path $.gateway.ingress.hostname
[INFO] Coalescing path $.gateway.ingress.ingressClassName
[INFO] Coalescing path $.gateway.ingress.path
[INFO] Coalescing path $.gateway.ingress.pathType
[INFO] Coalescing path $.gateway.ingress.secrets
[INFO] Coalescing path $.gateway.ingress.selfSigned
[INFO] Coalescing path $.gateway.ingress.tls
[INFO] Coalescing path $.gateway.networkPolicy.addExternalClientAccess
[INFO] Coalescing path $.gateway.networkPolicy.allowExternal
[INFO] Coalescing path $.gateway.networkPolicy.allowExternalEgress
[INFO] Coalescing path $.gateway.networkPolicy.enabled
[INFO] Coalescing path $.gateway.networkPolicy.extraEgress
[INFO] Coalescing path $.gateway.networkPolicy.extraIngress
[INFO] Coalescing path $.gateway.networkPolicy.ingressNSMatchLabels
[INFO] Coalescing path $.gateway.networkPolicy.ingressNSPodMatchLabels
[INFO] Coalescing path $.gateway.networkPolicy.ingressPodMatchLabels
[INFO] Coalescing path $.gateway.nodeAffinityPreset.key
[INFO] Coalescing path $.gateway.nodeAffinityPreset.type
[INFO] Coalescing path $.gateway.nodeAffinityPreset.values
[INFO] Coalescing path $.gateway.pdb.create
[INFO] Coalescing path $.gateway.pdb.maxUnavailable
[INFO] Coalescing path $.gateway.pdb.minAvailable
[INFO] Coalescing path $.gateway.podSecurityContext.enabled
[INFO] Coalescing path $.gateway.service.annotations
[INFO] Coalescing path $.gateway.service.clusterIP
[INFO] Coalescing path $.gateway.service.externalTrafficPolicy
[INFO] Coalescing path $.gateway.service.extraPorts
[INFO] Coalescing path $.gateway.service.loadBalancerIP
[INFO] Coalescing path $.gateway.service.loadBalancerSourceRanges
[INFO] Coalescing path $.gateway.service.sessionAffinity
[INFO] Coalescing path $.gateway.service.sessionAffinityConfig
[INFO] Coalescing path $.gateway.service.type
[INFO] Coalescing path $.grafanaalloy.alloy.createSecret
[INFO] Coalescing path $.grafanaalloy.alloy.extraConfig
[INFO] Coalescing path $.indexGateway.containerSecurityContext.enabled
[INFO] Coalescing path $.indexGateway.networkPolicy.addExternalClientAccess
[INFO] Coalescing path $.indexGateway.networkPolicy.allowExternal
[INFO] Coalescing path $.indexGateway.networkPolicy.allowExternalEgress
[INFO] Coalescing path $.indexGateway.networkPolicy.enabled
[INFO] Coalescing path $.indexGateway.networkPolicy.extraEgress
[INFO] Coalescing path $.indexGateway.networkPolicy.extraIngress
[INFO] Coalescing path $.indexGateway.networkPolicy.ingressNSMatchLabels
[INFO] Coalescing path $.indexGateway.networkPolicy.ingressNSPodMatchLabels
[INFO] Coalescing path $.indexGateway.networkPolicy.ingressPodMatchLabels
[INFO] Coalescing path $.indexGateway.nodeAffinityPreset.key
[INFO] Coalescing path $.indexGateway.nodeAffinityPreset.type
[INFO] Coalescing path $.indexGateway.nodeAffinityPreset.values
[INFO] Coalescing path $.indexGateway.pdb.create
[INFO] Coalescing path $.indexGateway.pdb.maxUnavailable
[INFO] Coalescing path $.indexGateway.pdb.minAvailable
[INFO] Coalescing path $.indexGateway.persistence.enabled
[INFO] Coalescing path $.indexGateway.podSecurityContext.enabled
[INFO] Coalescing path $.indexGateway.service.annotations
[INFO] Coalescing path $.indexGateway.service.clusterIP
[INFO] Coalescing path $.indexGateway.service.externalTrafficPolicy
[INFO] Coalescing path $.indexGateway.service.extraPorts
[INFO] Coalescing path $.indexGateway.service.loadBalancerIP
[INFO] Coalescing path $.indexGateway.service.loadBalancerSourceRanges
[INFO] Coalescing path $.indexGateway.service.sessionAffinity
[INFO] Coalescing path $.indexGateway.service.sessionAffinityConfig
[INFO] Coalescing path $.indexGateway.service.type
[INFO] Coalescing path $.ingester.containerSecurityContext.enabled
[INFO] Coalescing path $.ingester.containerSecurityContext.runAsUser
[INFO] Coalescing path $.ingester.networkPolicy.addExternalClientAccess
[INFO] Coalescing path $.ingester.networkPolicy.allowExternal
[INFO] Coalescing path $.ingester.networkPolicy.allowExternalEgress
[INFO] Coalescing path $.ingester.networkPolicy.enabled
[INFO] Coalescing path $.ingester.networkPolicy.extraEgress
[INFO] Coalescing path $.ingester.networkPolicy.extraIngress
[INFO] Coalescing path $.ingester.networkPolicy.ingressNSMatchLabels
[INFO] Coalescing path $.ingester.networkPolicy.ingressNSPodMatchLabels
[INFO] Coalescing path $.ingester.networkPolicy.ingressPodMatchLabels
[INFO] Coalescing path $.ingester.nodeAffinityPreset.key
[INFO] Coalescing path $.ingester.nodeAffinityPreset.type
[INFO] Coalescing path $.ingester.nodeAffinityPreset.values
[INFO] Coalescing path $.ingester.pdb.create
[INFO] Coalescing path $.ingester.pdb.maxUnavailable
[INFO] Coalescing path $.ingester.pdb.minAvailable
[INFO] Coalescing path $.ingester.persistence.enabled
[INFO] Coalescing path $.ingester.persistence.subPath
[INFO] Coalescing path $.ingester.podSecurityContext.enabled
[INFO] Coalescing path $.ingester.podSecurityContext.fsGroup
[INFO] Coalescing path $.ingester.service.annotations
[INFO] Coalescing path $.ingester.service.clusterIP
[INFO] Coalescing path $.ingester.service.externalTrafficPolicy
[INFO] Coalescing path $.ingester.service.extraPorts
[INFO] Coalescing path $.ingester.service.loadBalancerIP
[INFO] Coalescing path $.ingester.service.loadBalancerSourceRanges
[INFO] Coalescing path $.ingester.service.sessionAffinity
[INFO] Coalescing path $.ingester.service.sessionAffinityConfig
[INFO] Coalescing path $.ingester.service.type
[INFO] Coalescing path $.loki.containerPorts.gossipRing
[INFO] Coalescing path $.loki.containerPorts.grpc
[INFO] Coalescing path $.loki.containerPorts.http
[INFO] Coalescing path $.loki.image.pullPolicy
[INFO] Coalescing path $.memcachedchunks.containerPorts.memcached
[INFO] Coalescing path $.memcachedfrontend.containerPorts.memcached
[INFO] Coalescing path $.memcachedindexqueries.containerPorts.memcached
[INFO] Coalescing path $.memcachedindexwrites.containerPorts.memcached
[INFO] Coalescing path $.metrics.serviceMonitor.annotations
[INFO] Coalescing path $.metrics.serviceMonitor.enabled
[INFO] Coalescing path $.metrics.serviceMonitor.honorLabels
[INFO] Coalescing path $.metrics.serviceMonitor.interval
[INFO] Coalescing path $.metrics.serviceMonitor.jobLabel
[INFO] Coalescing path $.metrics.serviceMonitor.labels
[INFO] Coalescing path $.metrics.serviceMonitor.metricRelabelings
[INFO] Coalescing path $.metrics.serviceMonitor.namespace
[INFO] Coalescing path $.metrics.serviceMonitor.relabelings
[INFO] Coalescing path $.metrics.serviceMonitor.scrapeTimeout
[INFO] Coalescing path $.metrics.serviceMonitor.selector
[INFO] Coalescing path $.querier.containerSecurityContext.enabled
[INFO] Coalescing path $.querier.containerSecurityContext.runAsUser
[INFO] Coalescing path $.querier.networkPolicy.addExternalClientAccess
[INFO] Coalescing path $.querier.networkPolicy.allowExternal
[INFO] Coalescing path $.querier.networkPolicy.allowExternalEgress
[INFO] Coalescing path $.querier.networkPolicy.enabled
[INFO] Coalescing path $.querier.networkPolicy.extraEgress
[INFO] Coalescing path $.querier.networkPolicy.extraIngress
[INFO] Coalescing path $.querier.networkPolicy.ingressNSMatchLabels
[INFO] Coalescing path $.querier.networkPolicy.ingressNSPodMatchLabels
[INFO] Coalescing path $.querier.networkPolicy.ingressPodMatchLabels
[INFO] Coalescing path $.querier.nodeAffinityPreset.key
[INFO] Coalescing path $.querier.nodeAffinityPreset.type
[INFO] Coalescing path $.querier.nodeAffinityPreset.values
[INFO] Coalescing path $.querier.pdb.create
[INFO] Coalescing path $.querier.pdb.maxUnavailable
[INFO] Coalescing path $.querier.pdb.minAvailable
[INFO] Coalescing path $.querier.persistence.enabled
[INFO] Coalescing path $.querier.persistence.subPath
[INFO] Coalescing path $.querier.podSecurityContext.enabled
[INFO] Coalescing path $.querier.podSecurityContext.fsGroup
[INFO] Coalescing path $.querier.service.annotations
[INFO] Coalescing path $.querier.service.clusterIP
[INFO] Coalescing path $.querier.service.externalTrafficPolicy
[INFO] Coalescing path $.querier.service.extraPorts
[INFO] Coalescing path $.querier.service.loadBalancerIP
[INFO] Coalescing path $.querier.service.loadBalancerSourceRanges
[INFO] Coalescing path $.querier.service.sessionAffinity
[INFO] Coalescing path $.querier.service.sessionAffinityConfig
[INFO] Coalescing path $.querier.service.type
[INFO] Coalescing path $.queryFrontend.containerSecurityContext.enabled
[INFO] Coalescing path $.queryFrontend.networkPolicy.addExternalClientAccess
[INFO] Coalescing path $.queryFrontend.networkPolicy.allowExternal
[INFO] Coalescing path $.queryFrontend.networkPolicy.allowExternalEgress
[INFO] Coalescing path $.queryFrontend.networkPolicy.enabled
[INFO] Coalescing path $.queryFrontend.networkPolicy.extraEgress
[INFO] Coalescing path $.queryFrontend.networkPolicy.extraIngress
[INFO] Coalescing path $.queryFrontend.networkPolicy.ingressNSMatchLabels
[INFO] Coalescing path $.queryFrontend.networkPolicy.ingressNSPodMatchLabels
[INFO] Coalescing path $.queryFrontend.networkPolicy.ingressPodMatchLabels
[INFO] Coalescing path $.queryFrontend.nodeAffinityPreset.key
[INFO] Coalescing path $.queryFrontend.nodeAffinityPreset.type
[INFO] Coalescing path $.queryFrontend.nodeAffinityPreset.values
[INFO] Coalescing path $.queryFrontend.pdb.create
[INFO] Coalescing path $.queryFrontend.pdb.maxUnavailable
[INFO] Coalescing path $.queryFrontend.pdb.minAvailable
[INFO] Coalescing path $.queryFrontend.podSecurityContext.enabled
[INFO] Coalescing path $.queryFrontend.service.annotations
[INFO] Coalescing path $.queryFrontend.service.clusterIP
[INFO] Coalescing path $.queryFrontend.service.externalTrafficPolicy
[INFO] Coalescing path $.queryFrontend.service.extraPorts
[INFO] Coalescing path $.queryFrontend.service.loadBalancerIP
[INFO] Coalescing path $.queryFrontend.service.loadBalancerSourceRanges
[INFO] Coalescing path $.queryFrontend.service.sessionAffinity
[INFO] Coalescing path $.queryFrontend.service.sessionAffinityConfig
[INFO] Coalescing path $.queryFrontend.service.type
[INFO] Coalescing path $.queryScheduler.containerSecurityContext.enabled
[INFO] Coalescing path $.queryScheduler.networkPolicy.addExternalClientAccess
[INFO] Coalescing path $.queryScheduler.networkPolicy.allowExternal
[INFO] Coalescing path $.queryScheduler.networkPolicy.allowExternalEgress
[INFO] Coalescing path $.queryScheduler.networkPolicy.enabled
[INFO] Coalescing path $.queryScheduler.networkPolicy.extraEgress
[INFO] Coalescing path $.queryScheduler.networkPolicy.extraIngress
[INFO] Coalescing path $.queryScheduler.networkPolicy.ingressNSMatchLabels
[INFO] Coalescing path $.queryScheduler.networkPolicy.ingressNSPodMatchLabels
[INFO] Coalescing path $.queryScheduler.networkPolicy.ingressPodMatchLabels
[INFO] Coalescing path $.queryScheduler.nodeAffinityPreset.key
[INFO] Coalescing path $.queryScheduler.nodeAffinityPreset.type
[INFO] Coalescing path $.queryScheduler.nodeAffinityPreset.values
[INFO] Coalescing path $.queryScheduler.pdb.create
[INFO] Coalescing path $.queryScheduler.pdb.maxUnavailable
[INFO] Coalescing path $.queryScheduler.pdb.minAvailable
[INFO] Coalescing path $.queryScheduler.podSecurityContext.enabled
[INFO] Coalescing path $.queryScheduler.service.annotations
[INFO] Coalescing path $.queryScheduler.service.clusterIP
[INFO] Coalescing path $.queryScheduler.service.externalTrafficPolicy
[INFO] Coalescing path $.queryScheduler.service.extraPorts
[INFO] Coalescing path $.queryScheduler.service.loadBalancerIP
[INFO] Coalescing path $.queryScheduler.service.loadBalancerSourceRanges
[INFO] Coalescing path $.queryScheduler.service.sessionAffinity
[INFO] Coalescing path $.queryScheduler.service.sessionAffinityConfig
[INFO] Coalescing path $.queryScheduler.service.type
[INFO] Coalescing path $.ruler.containerSecurityContext.enabled
[INFO] Coalescing path $.ruler.containerSecurityContext.runAsUser
[INFO] Coalescing path $.ruler.networkPolicy.addExternalClientAccess
[INFO] Coalescing path $.ruler.networkPolicy.allowExternal
[INFO] Coalescing path $.ruler.networkPolicy.allowExternalEgress
[INFO] Coalescing path $.ruler.networkPolicy.enabled
[INFO] Coalescing path $.ruler.networkPolicy.extraEgress
[INFO] Coalescing path $.ruler.networkPolicy.extraIngress
[INFO] Coalescing path $.ruler.networkPolicy.ingressNSMatchLabels
[INFO] Coalescing path $.ruler.networkPolicy.ingressNSPodMatchLabels
[INFO] Coalescing path $.ruler.networkPolicy.ingressPodMatchLabels
[INFO] Coalescing path $.ruler.nodeAffinityPreset.key
[INFO] Coalescing path $.ruler.nodeAffinityPreset.type
[INFO] Coalescing path $.ruler.nodeAffinityPreset.values
[INFO] Coalescing path $.ruler.pdb.create
[INFO] Coalescing path $.ruler.pdb.maxUnavailable
[INFO] Coalescing path $.ruler.pdb.minAvailable
[INFO] Coalescing path $.ruler.persistence.enabled
[INFO] Coalescing path $.ruler.persistence.subPath
[INFO] Coalescing path $.ruler.podSecurityContext.enabled
[INFO] Coalescing path $.ruler.podSecurityContext.fsGroup
[INFO] Coalescing path $.ruler.service.annotations
[INFO] Coalescing path $.ruler.service.clusterIP
[INFO] Coalescing path $.ruler.service.externalTrafficPolicy
[INFO] Coalescing path $.ruler.service.extraPorts
[INFO] Coalescing path $.ruler.service.loadBalancerIP
[INFO] Coalescing path $.ruler.service.loadBalancerSourceRanges
[INFO] Coalescing path $.ruler.service.sessionAffinity
[INFO] Coalescing path $.ruler.service.sessionAffinityConfig
[INFO] Coalescing path $.ruler.service.type
[INFO] Coalescing path $.tableManager.containerSecurityContext.enabled
[INFO] Coalescing path $.tableManager.networkPolicy.addExternalClientAccess
[INFO] Coalescing path $.tableManager.networkPolicy.allowExternal
[INFO] Coalescing path $.tableManager.networkPolicy.allowExternalEgress
[INFO] Coalescing path $.tableManager.networkPolicy.enabled
[INFO] Coalescing path $.tableManager.networkPolicy.extraEgress
[INFO] Coalescing path $.tableManager.networkPolicy.extraIngress
[INFO] Coalescing path $.tableManager.networkPolicy.ingressNSMatchLabels
[INFO] Coalescing path $.tableManager.networkPolicy.ingressNSPodMatchLabels
[INFO] Coalescing path $.tableManager.networkPolicy.ingressPodMatchLabels
[INFO] Coalescing path $.tableManager.nodeAffinityPreset.key
[INFO] Coalescing path $.tableManager.nodeAffinityPreset.type
[INFO] Coalescing path $.tableManager.nodeAffinityPreset.values
[INFO] Coalescing path $.tableManager.pdb.create
[INFO] Coalescing path $.tableManager.pdb.maxUnavailable
[INFO] Coalescing path $.tableManager.pdb.minAvailable
[INFO] Coalescing path $.tableManager.podSecurityContext.enabled
[INFO] Coalescing path $.tableManager.service.annotations
[INFO] Coalescing path $.tableManager.service.clusterIP
[INFO] Coalescing path $.tableManager.service.externalTrafficPolicy
[INFO] Coalescing path $.tableManager.service.extraPorts
[INFO] Coalescing path $.tableManager.service.loadBalancerIP
[INFO] Coalescing path $.tableManager.service.loadBalancerSourceRanges
[INFO] Coalescing path $.tableManager.service.sessionAffinity
[INFO] Coalescing path $.tableManager.service.sessionAffinityConfig
[INFO] Coalescing path $.tableManager.service.type
[INFO] Coalescing path $.volumePermissions.containerSecurityContext.runAsUser
[INFO] Coalescing path $.volumePermissions.image.pullPolicy
[INFO] Coalescing path $.compactor.persistence.accessModes[*]
[INFO] Coalescing path $.compactor.service.nodePorts.grpc
[INFO] Coalescing path $.compactor.service.nodePorts.http
[INFO] Coalescing path $.compactor.service.ports.grpc
[INFO] Coalescing path $.compactor.service.ports.http
[INFO] Coalescing path $.distributor.service.nodePorts.grpc
[INFO] Coalescing path $.distributor.service.nodePorts.http
[INFO] Coalescing path $.distributor.service.ports.grpc
[INFO] Coalescing path $.distributor.service.ports.http
[INFO] Coalescing path $.gateway.service.nginx.config
[INFO] Coalescing path $.gateway.service.nodePorts.http
[INFO] Coalescing path $.gateway.service.ports.http
[INFO] Coalescing path $.indexGateway.service.nodePorts.grpc
[INFO] Coalescing path $.indexGateway.service.nodePorts.http
[INFO] Coalescing path $.indexGateway.service.ports.grpc
[INFO] Coalescing path $.indexGateway.service.ports.http
[INFO] Coalescing path $.ingester.service.nodePorts.grpc
[INFO] Coalescing path $.ingester.service.nodePorts.http
[INFO] Coalescing path $.ingester.service.ports.grpc
[INFO] Coalescing path $.ingester.service.ports.http
[INFO] Coalescing path $.loki.gossipRing.service.annotations
[INFO] Coalescing path $.querier.service.nodePorts.grpc
[INFO] Coalescing path $.querier.service.nodePorts.http
[INFO] Coalescing path $.querier.service.ports.grpc
[INFO] Coalescing path $.querier.service.ports.http
[INFO] Coalescing path $.queryFrontend.service.headless.annotations
[INFO] Coalescing path $.queryFrontend.service.nodePorts.grpc
[INFO] Coalescing path $.queryFrontend.service.nodePorts.http
[INFO] Coalescing path $.queryFrontend.service.ports.grpc
[INFO] Coalescing path $.queryFrontend.service.ports.http
[INFO] Coalescing path $.queryScheduler.service.nodePorts.grpc
[INFO] Coalescing path $.queryScheduler.service.nodePorts.http
[INFO] Coalescing path $.queryScheduler.service.ports.grpc
[INFO] Coalescing path $.queryScheduler.service.ports.http
[INFO] Coalescing path $.ruler.service.nodePorts.grpc
[INFO] Coalescing path $.ruler.service.nodePorts.http
[INFO] Coalescing path $.ruler.service.ports.grpc
[INFO] Coalescing path $.ruler.service.ports.http
[INFO] Coalescing path $.tableManager.service.nodePorts.grpc
[INFO] Coalescing path $.tableManager.service.nodePorts.http
[INFO] Coalescing path $.tableManager.service.ports.grpc
[INFO] Coalescing path $.tableManager.service.ports.http
[INFO] Coalescing path $.gateway.ingress.extraHosts[*].name
[INFO] Coalescing path $.gateway.ingress.extraHosts[*].path
[INFO] Coalescing path $.gateway.ingress.extraHosts[*].pathType
[INFO] Coalescing path $.gateway.ingress.secrets[*].certificate
[INFO] Coalescing path $.gateway.ingress.secrets[*].key
[INFO] Coalescing path $.gateway.ingress.secrets[*].name
[INFO] Coalescing path $.loki.gossipRing.service.ports.http
[INFO] Coalescing path $.gateway.ingress.secrets[*].Values.commonAnnotations
[INFO] Testing known inputs first; arbitrary extra-key cases are deferred
[INFO] Compiler input baseline: 671 statically named fields
[INFO] Render hashes (run-local): 26 observed, 15 unique, 11 duplicate bundles; 11 successful validations reused
[INFO] Testing deferred arbitrary-key and original-schema robustness cases
[INFO] Compiler input baseline: 671 statically named fields
[INFO] Render hashes (run-local): 101 observed, 1 unique, 100 duplicate bundles; 100 successful validations reused
[INFO] .: failed; 0 charts remain
