[INFO] Chart 1/1: .
[INFO] Finite filtering unavailable: permutations need closed objects at (); set additionalProperties: false; prioritizing known inputs before robustness sampling
[INFO] Coalescing path $.clusterDomain
[INFO] Coalescing path $.commonAnnotations
[INFO] Coalescing path $.commonLabels
[INFO] Coalescing path $.extraDeploy
[INFO] Coalescing path $.global
[INFO] Coalescing path $.image
[INFO] Coalescing path $.usePasswordFiles
[INFO] Coalescing path $.backend.adminEmail
[INFO] Coalescing path $.backend.adminUser
[INFO] Coalescing path $.backend.affinity
[INFO] Coalescing path $.backend.automountServiceAccountToken
[INFO] Coalescing path $.backend.containerSecurityContext
[INFO] Coalescing path $.backend.customLivenessProbe
[INFO] Coalescing path $.backend.customReadinessProbe
[INFO] Coalescing path $.backend.customStartupProbe
[INFO] Coalescing path $.backend.existingSecret
[INFO] Coalescing path $.backend.extraEnvVars
[INFO] Coalescing path $.backend.extraEnvVarsCM
[INFO] Coalescing path $.backend.extraEnvVarsSecret
[INFO] Coalescing path $.backend.extraVolumeMounts
[INFO] Coalescing path $.backend.extraVolumes
[INFO] Coalescing path $.backend.hostAliases
[INFO] Coalescing path $.backend.initContainers
[INFO] Coalescing path $.backend.lifecycleHooks
[INFO] Coalescing path $.backend.nodeSelector
[INFO] Coalescing path $.backend.persistence
[INFO] Coalescing path $.backend.podAffinityPreset
[INFO] Coalescing path $.backend.podAnnotations
[INFO] Coalescing path $.backend.podAntiAffinityPreset
[INFO] Coalescing path $.backend.podLabels
[INFO] Coalescing path $.backend.podSecurityContext
[INFO] Coalescing path $.backend.priorityClassName
[INFO] Coalescing path $.backend.replicaCount
[INFO] Coalescing path $.backend.resources
[INFO] Coalescing path $.backend.schedulerName
[INFO] Coalescing path $.backend.sidecars
[INFO] Coalescing path $.backend.terminationGracePeriodSeconds
[INFO] Coalescing path $.backend.tolerations
[INFO] Coalescing path $.backend.topologySpreadConstraints
[INFO] Coalescing path $.backend.updateStrategy
[INFO] Coalescing path $.client.affinity
[INFO] Coalescing path $.client.automountServiceAccountToken
[INFO] Coalescing path $.client.containerSecurityContext
[INFO] Coalescing path $.client.customLivenessProbe
[INFO] Coalescing path $.client.customReadinessProbe
[INFO] Coalescing path $.client.customStartupProbe
[INFO] Coalescing path $.client.extraEnvVars
[INFO] Coalescing path $.client.extraEnvVarsCM
[INFO] Coalescing path $.client.extraEnvVarsSecret
[INFO] Coalescing path $.client.extraVolumeMounts
[INFO] Coalescing path $.client.extraVolumes
[INFO] Coalescing path $.client.hostAliases
[INFO] Coalescing path $.client.initContainers
[INFO] Coalescing path $.client.lifecycleHooks
[INFO] Coalescing path $.client.nodeSelector
[INFO] Coalescing path $.client.podAffinityPreset
[INFO] Coalescing path $.client.podAnnotations
[INFO] Coalescing path $.client.podAntiAffinityPreset
[INFO] Coalescing path $.client.podLabels
[INFO] Coalescing path $.client.podSecurityContext
[INFO] Coalescing path $.client.priorityClassName
[INFO] Coalescing path $.client.replicaCount
[INFO] Coalescing path $.client.resources
[INFO] Coalescing path $.client.schedulerName
[INFO] Coalescing path $.client.sidecars
[INFO] Coalescing path $.client.terminationGracePeriodSeconds
[INFO] Coalescing path $.client.tolerations
[INFO] Coalescing path $.client.topologySpreadConstraints
[INFO] Coalescing path $.client.updateStrategy
[INFO] Coalescing path $.diagnosticMode.args
[INFO] Coalescing path $.diagnosticMode.command
[INFO] Coalescing path $.diagnosticMode.enabled
[INFO] Coalescing path $.externalDatabase.database
[INFO] Coalescing path $.externalDatabase.password
[INFO] Coalescing path $.externalDatabase.username
[INFO] Coalescing path $.externalRedis.existingSecret
[INFO] Coalescing path $.externalRedis.password
[INFO] Coalescing path $.extraDeploy[*]
[INFO] Coalescing path $.image.debug
[INFO] Coalescing path $.image.pullPolicy
[INFO] Coalescing path $.mongodb.enabled
[INFO] Coalescing path $.redis.enabled
[INFO] Coalescing path $.redis.existingSecret
[INFO] Coalescing path $.rts.affinity
[INFO] Coalescing path $.rts.automountServiceAccountToken
[INFO] Coalescing path $.rts.containerSecurityContext
[INFO] Coalescing path $.rts.customLivenessProbe
[INFO] Coalescing path $.rts.customReadinessProbe
[INFO] Coalescing path $.rts.customStartupProbe
[INFO] Coalescing path $.rts.extraEnvVars
[INFO] Coalescing path $.rts.extraEnvVarsCM
[INFO] Coalescing path $.rts.extraEnvVarsSecret
[INFO] Coalescing path $.rts.extraVolumeMounts
[INFO] Coalescing path $.rts.extraVolumes
[INFO] Coalescing path $.rts.hostAliases
[INFO] Coalescing path $.rts.initContainers
[INFO] Coalescing path $.rts.lifecycleHooks
[INFO] Coalescing path $.rts.nodeSelector
[INFO] Coalescing path $.rts.podAffinityPreset
[INFO] Coalescing path $.rts.podAnnotations
[INFO] Coalescing path $.rts.podAntiAffinityPreset
[INFO] Coalescing path $.rts.podLabels
[INFO] Coalescing path $.rts.podSecurityContext
[INFO] Coalescing path $.rts.priorityClassName
[INFO] Coalescing path $.rts.replicaCount
[INFO] Coalescing path $.rts.resources
[INFO] Coalescing path $.rts.schedulerName
[INFO] Coalescing path $.rts.sidecars
[INFO] Coalescing path $.rts.terminationGracePeriodSeconds
[INFO] Coalescing path $.rts.tolerations
[INFO] Coalescing path $.rts.topologySpreadConstraints
[INFO] Coalescing path $.rts.updateStrategy
[INFO] Coalescing path $.serviceAccount.annotations
[INFO] Coalescing path $.serviceAccount.automountServiceAccountToken
[INFO] Coalescing path $.serviceAccount.create
[INFO] Coalescing path $.volumePermissions.enabled
[INFO] Coalescing path $.volumePermissions.image
[INFO] Coalescing path $.volumePermissions.resources
[INFO] Coalescing path $.backend.containerPorts.http
[INFO] Coalescing path $.backend.containerSecurityContext.enabled
[INFO] Coalescing path $.backend.containerSecurityContext.runAsUser
[INFO] Coalescing path $.backend.networkPolicy.allowExternal
[INFO] Coalescing path $.backend.networkPolicy.allowExternalEgress
[INFO] Coalescing path $.backend.networkPolicy.enabled
[INFO] Coalescing path $.backend.networkPolicy.extraEgress
[INFO] Coalescing path $.backend.networkPolicy.extraIngress
[INFO] Coalescing path $.backend.networkPolicy.ingressNSMatchLabels
[INFO] Coalescing path $.backend.networkPolicy.ingressNSPodMatchLabels
[INFO] Coalescing path $.backend.nodeAffinityPreset.key
[INFO] Coalescing path $.backend.nodeAffinityPreset.type
[INFO] Coalescing path $.backend.nodeAffinityPreset.values
[INFO] Coalescing path $.backend.pdb.create
[INFO] Coalescing path $.backend.pdb.maxUnavailable
[INFO] Coalescing path $.backend.pdb.minAvailable
[INFO] Coalescing path $.backend.persistence.accessModes
[INFO] Coalescing path $.backend.persistence.annotations
[INFO] Coalescing path $.backend.persistence.dataSource
[INFO] Coalescing path $.backend.persistence.enabled
[INFO] Coalescing path $.backend.persistence.existingClaim
[INFO] Coalescing path $.backend.persistence.gitDataPath
[INFO] Coalescing path $.backend.persistence.mountPath
[INFO] Coalescing path $.backend.persistence.selector
[INFO] Coalescing path $.backend.persistence.size
[INFO] Coalescing path $.backend.persistence.subPath
[INFO] Coalescing path $.backend.podSecurityContext.enabled
[INFO] Coalescing path $.backend.podSecurityContext.fsGroup
[INFO] Coalescing path $.backend.redirectAmbassador.containerSecurityContext
[INFO] Coalescing path $.backend.redirectAmbassador.customLivenessProbe
[INFO] Coalescing path $.backend.redirectAmbassador.customReadinessProbe
[INFO] Coalescing path $.backend.redirectAmbassador.customStartupProbe
[INFO] Coalescing path $.backend.redirectAmbassador.extraEnvVars
[INFO] Coalescing path $.backend.redirectAmbassador.extraEnvVarsCM
[INFO] Coalescing path $.backend.redirectAmbassador.extraEnvVarsSecret
[INFO] Coalescing path $.backend.redirectAmbassador.extraVolumeMounts
[INFO] Coalescing path $.backend.redirectAmbassador.image
[INFO] Coalescing path $.backend.redirectAmbassador.lifecycleHooks
[INFO] Coalescing path $.backend.redirectAmbassador.resources
[INFO] Coalescing path $.backend.service.annotations
[INFO] Coalescing path $.backend.service.clusterIP
[INFO] Coalescing path $.backend.service.externalTrafficPolicy
[INFO] Coalescing path $.backend.service.extraPorts
[INFO] Coalescing path $.backend.service.loadBalancerIP
[INFO] Coalescing path $.backend.service.loadBalancerSourceRanges
[INFO] Coalescing path $.backend.service.sessionAffinity
[INFO] Coalescing path $.backend.service.sessionAffinityConfig
[INFO] Coalescing path $.backend.service.type
[INFO] Coalescing path $.client.containerPorts.http
[INFO] Coalescing path $.client.containerPorts.https
[INFO] Coalescing path $.client.containerSecurityContext.enabled
[INFO] Coalescing path $.client.ingress.annotations
[INFO] Coalescing path $.client.ingress.enabled
[INFO] Coalescing path $.client.ingress.extraHosts
[INFO] Coalescing path $.client.ingress.extraPaths
[INFO] Coalescing path $.client.ingress.extraRules
[INFO] Coalescing path $.client.ingress.extraTls
[INFO] Coalescing path $.client.ingress.hostname
[INFO] Coalescing path $.client.ingress.ingressClassName
[INFO] Coalescing path $.client.ingress.path
[INFO] Coalescing path $.client.ingress.pathType
[INFO] Coalescing path $.client.ingress.secrets
[INFO] Coalescing path $.client.ingress.selfSigned
[INFO] Coalescing path $.client.ingress.tls
[INFO] Coalescing path $.client.networkPolicy.allowExternal
[INFO] Coalescing path $.client.networkPolicy.allowExternalEgress
[INFO] Coalescing path $.client.networkPolicy.enabled
[INFO] Coalescing path $.client.networkPolicy.extraEgress
[INFO] Coalescing path $.client.networkPolicy.extraIngress
[INFO] Coalescing path $.client.networkPolicy.ingressNSMatchLabels
[INFO] Coalescing path $.client.networkPolicy.ingressNSPodMatchLabels
[INFO] Coalescing path $.client.nodeAffinityPreset.key
[INFO] Coalescing path $.client.nodeAffinityPreset.type
[INFO] Coalescing path $.client.nodeAffinityPreset.values
[INFO] Coalescing path $.client.pdb.create
[INFO] Coalescing path $.client.pdb.maxUnavailable
[INFO] Coalescing path $.client.pdb.minAvailable
[INFO] Coalescing path $.client.podSecurityContext.enabled
[INFO] Coalescing path $.client.service.annotations
[INFO] Coalescing path $.client.service.clusterIP
[INFO] Coalescing path $.client.service.externalTrafficPolicy
[INFO] Coalescing path $.client.service.extraPorts
[INFO] Coalescing path $.client.service.loadBalancerIP
[INFO] Coalescing path $.client.service.loadBalancerSourceRanges
[INFO] Coalescing path $.client.service.sessionAffinity
[INFO] Coalescing path $.client.service.sessionAffinityConfig
[INFO] Coalescing path $.client.service.type
[INFO] Coalescing path $.mongodb.auth.databases
[INFO] Coalescing path $.mongodb.auth.usernames
[INFO] Coalescing path $.rts.containerPorts.http
[INFO] Coalescing path $.rts.containerSecurityContext.enabled
[INFO] Coalescing path $.rts.networkPolicy.allowExternal
[INFO] Coalescing path $.rts.networkPolicy.allowExternalEgress
[INFO] Coalescing path $.rts.networkPolicy.enabled
[INFO] Coalescing path $.rts.networkPolicy.extraEgress
[INFO] Coalescing path $.rts.networkPolicy.extraIngress
[INFO] Coalescing path $.rts.networkPolicy.ingressNSMatchLabels
[INFO] Coalescing path $.rts.networkPolicy.ingressNSPodMatchLabels
[INFO] Coalescing path $.rts.nodeAffinityPreset.key
[INFO] Coalescing path $.rts.nodeAffinityPreset.type
[INFO] Coalescing path $.rts.nodeAffinityPreset.values
[INFO] Coalescing path $.rts.pdb.create
[INFO] Coalescing path $.rts.pdb.maxUnavailable
[INFO] Coalescing path $.rts.pdb.minAvailable
[INFO] Coalescing path $.rts.podSecurityContext.enabled
[INFO] Coalescing path $.rts.service.annotations
[INFO] Coalescing path $.rts.service.clusterIP
[INFO] Coalescing path $.rts.service.externalTrafficPolicy
[INFO] Coalescing path $.rts.service.extraPorts
[INFO] Coalescing path $.rts.service.loadBalancerIP
[INFO] Coalescing path $.rts.service.loadBalancerSourceRanges
[INFO] Coalescing path $.rts.service.sessionAffinity
[INFO] Coalescing path $.rts.service.sessionAffinityConfig
[INFO] Coalescing path $.rts.service.type
[INFO] Coalescing path $.volumePermissions.image.pullPolicy
[INFO] Coalescing path $.backend.networkPolicy.ingressNSMatchLabels[*]
[INFO] Coalescing path $.backend.networkPolicy.ingressNSPodMatchLabels[*]
[INFO] Coalescing path $.backend.persistence.accessModes[*]
[INFO] Coalescing path $.backend.redirectAmbassador.containerSecurityContext.enabled
[INFO] Coalescing path $.backend.redirectAmbassador.image.pullPolicy
[INFO] Coalescing path $.backend.service.nodePorts.http
[INFO] Coalescing path $.backend.service.ports.http
[INFO] Coalescing path $.client.networkPolicy.ingressNSMatchLabels[*]
[INFO] Coalescing path $.client.networkPolicy.ingressNSPodMatchLabels[*]
[INFO] Coalescing path $.client.service.nodePorts.http
[INFO] Coalescing path $.client.service.ports.http
[INFO] Coalescing path $.mongodb.auth.databases[*]
[INFO] Coalescing path $.mongodb.auth.usernames[*]
[INFO] Coalescing path $.rts.networkPolicy.ingressNSMatchLabels[*]
[INFO] Coalescing path $.rts.networkPolicy.ingressNSPodMatchLabels[*]
[INFO] Coalescing path $.rts.service.nodePorts.http
[INFO] Coalescing path $.rts.service.ports.http
[INFO] Coalescing path $.client.ingress.extraHosts[*].name
[INFO] Coalescing path $.client.ingress.extraHosts[*].path
[INFO] Coalescing path $.client.ingress.extraHosts[*].pathType
[INFO] Coalescing path $.client.ingress.secrets[*].certificate
[INFO] Coalescing path $.client.ingress.secrets[*].key
[INFO] Coalescing path $.client.ingress.secrets[*].name
[INFO] Coalescing path $.mongodb.auth.databases[*].Values.externalDatabase.database
[INFO] Coalescing path $.mongodb.auth.usernames[*].Values.externalDatabase.username
[INFO] Testing known inputs first; arbitrary extra-key cases are deferred
[INFO] Compiler input baseline: 229 statically named fields
[INFO] Render hashes (run-local): 19 observed, 19 unique, 0 duplicate bundles; 0 successful validations reused
[INFO] Testing deferred arbitrary-key and original-schema robustness cases
[INFO] Compiler input baseline: 229 statically named fields
[INFO] Render hashes (run-local): 101 observed, 101 unique, 0 duplicate bundles; 0 successful validations reused
[INFO] .: failed; 0 charts remain
