[INFO] Chart 1/1: .
[INFO] Finite filtering unavailable: permutations need closed objects at (); set additionalProperties: false; prioritizing known inputs before robustness sampling
[INFO] Coalescing path $.commonAnnotations
[INFO] Coalescing path $.commonLabels
[INFO] Coalescing path $.extraDeploy
[INFO] Coalescing path $.compactor.affinity
[INFO] Coalescing path $.compactor.automountServiceAccountToken
[INFO] Coalescing path $.compactor.containerSecurityContext
[INFO] Coalescing path $.compactor.customLivenessProbe
[INFO] Coalescing path $.compactor.customReadinessProbe
[INFO] Coalescing path $.compactor.customStartupProbe
[INFO] Coalescing path $.compactor.enableServiceLinks
[INFO] Coalescing path $.compactor.enabled
[INFO] Coalescing path $.compactor.extraEnvVars
[INFO] Coalescing path $.compactor.extraEnvVarsCM
[INFO] Coalescing path $.compactor.extraEnvVarsSecret
[INFO] Coalescing path $.compactor.extraVolumeMounts
[INFO] Coalescing path $.compactor.extraVolumes
[INFO] Coalescing path $.compactor.hostAliases
[INFO] Coalescing path $.compactor.initContainers
[INFO] Coalescing path $.compactor.lifecycleHooks
[INFO] Coalescing path $.compactor.nodeSelector
[INFO] Coalescing path $.compactor.podAffinityPreset
[INFO] Coalescing path $.compactor.podAnnotations
[INFO] Coalescing path $.compactor.podAntiAffinityPreset
[INFO] Coalescing path $.compactor.podLabels
[INFO] Coalescing path $.compactor.podSecurityContext
[INFO] Coalescing path $.compactor.priorityClassName
[INFO] Coalescing path $.compactor.replicaCount
[INFO] Coalescing path $.compactor.resources
[INFO] Coalescing path $.compactor.schedulerName
[INFO] Coalescing path $.compactor.sidecars
[INFO] Coalescing path $.compactor.tolerations
[INFO] Coalescing path $.compactor.topologySpreadConstraints
[INFO] Coalescing path $.compactor.updateStrategy
[INFO] Coalescing path $.diagnosticMode.args
[INFO] Coalescing path $.diagnosticMode.command
[INFO] Coalescing path $.diagnosticMode.enabled
[INFO] Coalescing path $.distributor.affinity
[INFO] Coalescing path $.distributor.automountServiceAccountToken
[INFO] Coalescing path $.distributor.containerSecurityContext
[INFO] Coalescing path $.distributor.customLivenessProbe
[INFO] Coalescing path $.distributor.customReadinessProbe
[INFO] Coalescing path $.distributor.customStartupProbe
[INFO] Coalescing path $.distributor.enableServiceLinks
[INFO] Coalescing path $.distributor.extraEnvVars
[INFO] Coalescing path $.distributor.extraEnvVarsCM
[INFO] Coalescing path $.distributor.extraEnvVarsSecret
[INFO] Coalescing path $.distributor.extraVolumeMounts
[INFO] Coalescing path $.distributor.extraVolumes
[INFO] Coalescing path $.distributor.hostAliases
[INFO] Coalescing path $.distributor.initContainers
[INFO] Coalescing path $.distributor.lifecycleHooks
[INFO] Coalescing path $.distributor.nodeSelector
[INFO] Coalescing path $.distributor.podAffinityPreset
[INFO] Coalescing path $.distributor.podAnnotations
[INFO] Coalescing path $.distributor.podAntiAffinityPreset
[INFO] Coalescing path $.distributor.podLabels
[INFO] Coalescing path $.distributor.podSecurityContext
[INFO] Coalescing path $.distributor.priorityClassName
[INFO] Coalescing path $.distributor.replicaCount
[INFO] Coalescing path $.distributor.resources
[INFO] Coalescing path $.distributor.schedulerName
[INFO] Coalescing path $.distributor.sidecars
[INFO] Coalescing path $.distributor.tolerations
[INFO] Coalescing path $.distributor.topologySpreadConstraints
[INFO] Coalescing path $.distributor.updateStrategy
[INFO] Coalescing path $.externalMemcached.port
[INFO] Coalescing path $.extraDeploy[*]
[INFO] Coalescing path $.ingester.affinity
[INFO] Coalescing path $.ingester.automountServiceAccountToken
[INFO] Coalescing path $.ingester.containerSecurityContext
[INFO] Coalescing path $.ingester.customLivenessProbe
[INFO] Coalescing path $.ingester.customReadinessProbe
[INFO] Coalescing path $.ingester.customStartupProbe
[INFO] Coalescing path $.ingester.enableServiceLinks
[INFO] Coalescing path $.ingester.extraEnvVars
[INFO] Coalescing path $.ingester.extraEnvVarsCM
[INFO] Coalescing path $.ingester.extraEnvVarsSecret
[INFO] Coalescing path $.ingester.extraVolumeMounts
[INFO] Coalescing path $.ingester.extraVolumes
[INFO] Coalescing path $.ingester.hostAliases
[INFO] Coalescing path $.ingester.initContainers
[INFO] Coalescing path $.ingester.lifecycleHooks
[INFO] Coalescing path $.ingester.nodeSelector
[INFO] Coalescing path $.ingester.podAffinityPreset
[INFO] Coalescing path $.ingester.podAnnotations
[INFO] Coalescing path $.ingester.podAntiAffinityPreset
[INFO] Coalescing path $.ingester.podLabels
[INFO] Coalescing path $.ingester.podSecurityContext
[INFO] Coalescing path $.ingester.priorityClassName
[INFO] Coalescing path $.ingester.replicaCount
[INFO] Coalescing path $.ingester.resources
[INFO] Coalescing path $.ingester.schedulerName
[INFO] Coalescing path $.ingester.sidecars
[INFO] Coalescing path $.ingester.tolerations
[INFO] Coalescing path $.ingester.topologySpreadConstraints
[INFO] Coalescing path $.ingester.updateStrategy
[INFO] Coalescing path $.memcached.enabled
[INFO] Coalescing path $.metrics.enabled
[INFO] Coalescing path $.metricsGenerator.affinity
[INFO] Coalescing path $.metricsGenerator.automountServiceAccountToken
[INFO] Coalescing path $.metricsGenerator.containerSecurityContext
[INFO] Coalescing path $.metricsGenerator.customLivenessProbe
[INFO] Coalescing path $.metricsGenerator.customReadinessProbe
[INFO] Coalescing path $.metricsGenerator.customStartupProbe
[INFO] Coalescing path $.metricsGenerator.enableServiceLinks
[INFO] Coalescing path $.metricsGenerator.extraEnvVars
[INFO] Coalescing path $.metricsGenerator.extraEnvVarsCM
[INFO] Coalescing path $.metricsGenerator.extraEnvVarsSecret
[INFO] Coalescing path $.metricsGenerator.extraVolumeMounts
[INFO] Coalescing path $.metricsGenerator.extraVolumes
[INFO] Coalescing path $.metricsGenerator.hostAliases
[INFO] Coalescing path $.metricsGenerator.initContainers
[INFO] Coalescing path $.metricsGenerator.lifecycleHooks
[INFO] Coalescing path $.metricsGenerator.nodeSelector
[INFO] Coalescing path $.metricsGenerator.podAffinityPreset
[INFO] Coalescing path $.metricsGenerator.podAnnotations
[INFO] Coalescing path $.metricsGenerator.podAntiAffinityPreset
[INFO] Coalescing path $.metricsGenerator.podLabels
[INFO] Coalescing path $.metricsGenerator.podSecurityContext
[INFO] Coalescing path $.metricsGenerator.priorityClassName
[INFO] Coalescing path $.metricsGenerator.replicaCount
[INFO] Coalescing path $.metricsGenerator.resources
[INFO] Coalescing path $.metricsGenerator.schedulerName
[INFO] Coalescing path $.metricsGenerator.sidecars
[INFO] Coalescing path $.metricsGenerator.tolerations
[INFO] Coalescing path $.metricsGenerator.topologySpreadConstraints
[INFO] Coalescing path $.metricsGenerator.updateStrategy
[INFO] Coalescing path $.querier.affinity
[INFO] Coalescing path $.querier.automountServiceAccountToken
[INFO] Coalescing path $.querier.containerSecurityContext
[INFO] Coalescing path $.querier.customLivenessProbe
[INFO] Coalescing path $.querier.customReadinessProbe
[INFO] Coalescing path $.querier.customStartupProbe
[INFO] Coalescing path $.querier.enableServiceLinks
[INFO] Coalescing path $.querier.extraEnvVars
[INFO] Coalescing path $.querier.extraEnvVarsCM
[INFO] Coalescing path $.querier.extraEnvVarsSecret
[INFO] Coalescing path $.querier.extraVolumeMounts
[INFO] Coalescing path $.querier.extraVolumes
[INFO] Coalescing path $.querier.hostAliases
[INFO] Coalescing path $.querier.initContainers
[INFO] Coalescing path $.querier.lifecycleHooks
[INFO] Coalescing path $.querier.nodeSelector
[INFO] Coalescing path $.querier.podAffinityPreset
[INFO] Coalescing path $.querier.podAnnotations
[INFO] Coalescing path $.querier.podAntiAffinityPreset
[INFO] Coalescing path $.querier.podLabels
[INFO] Coalescing path $.querier.podSecurityContext
[INFO] Coalescing path $.querier.priorityClassName
[INFO] Coalescing path $.querier.replicaCount
[INFO] Coalescing path $.querier.resources
[INFO] Coalescing path $.querier.schedulerName
[INFO] Coalescing path $.querier.sidecars
[INFO] Coalescing path $.querier.tolerations
[INFO] Coalescing path $.querier.topologySpreadConstraints
[INFO] Coalescing path $.querier.updateStrategy
[INFO] Coalescing path $.queryFrontend.affinity
[INFO] Coalescing path $.queryFrontend.automountServiceAccountToken
[INFO] Coalescing path $.queryFrontend.containerSecurityContext
[INFO] Coalescing path $.queryFrontend.customLivenessProbe
[INFO] Coalescing path $.queryFrontend.customReadinessProbe
[INFO] Coalescing path $.queryFrontend.customStartupProbe
[INFO] Coalescing path $.queryFrontend.enableServiceLinks
[INFO] Coalescing path $.queryFrontend.extraEnvVars
[INFO] Coalescing path $.queryFrontend.extraEnvVarsCM
[INFO] Coalescing path $.queryFrontend.extraEnvVarsSecret
[INFO] Coalescing path $.queryFrontend.extraVolumeMounts
[INFO] Coalescing path $.queryFrontend.extraVolumes
[INFO] Coalescing path $.queryFrontend.hostAliases
[INFO] Coalescing path $.queryFrontend.initContainers
[INFO] Coalescing path $.queryFrontend.lifecycleHooks
[INFO] Coalescing path $.queryFrontend.nodeSelector
[INFO] Coalescing path $.queryFrontend.podAffinityPreset
[INFO] Coalescing path $.queryFrontend.podAnnotations
[INFO] Coalescing path $.queryFrontend.podAntiAffinityPreset
[INFO] Coalescing path $.queryFrontend.podLabels
[INFO] Coalescing path $.queryFrontend.podSecurityContext
[INFO] Coalescing path $.queryFrontend.priorityClassName
[INFO] Coalescing path $.queryFrontend.replicaCount
[INFO] Coalescing path $.queryFrontend.resources
[INFO] Coalescing path $.queryFrontend.schedulerName
[INFO] Coalescing path $.queryFrontend.sidecars
[INFO] Coalescing path $.queryFrontend.tolerations
[INFO] Coalescing path $.queryFrontend.topologySpreadConstraints
[INFO] Coalescing path $.queryFrontend.updateStrategy
[INFO] Coalescing path $.serviceAccount.annotations
[INFO] Coalescing path $.serviceAccount.automountServiceAccountToken
[INFO] Coalescing path $.serviceAccount.create
[INFO] Coalescing path $.tempo.configuration
[INFO] Coalescing path $.tempo.dataDir
[INFO] Coalescing path $.tempo.image
[INFO] Coalescing path $.tempo.overridesConfiguration
[INFO] Coalescing path $.volumePermissions.containerSecurityContext
[INFO] Coalescing path $.volumePermissions.enabled
[INFO] Coalescing path $.volumePermissions.image
[INFO] Coalescing path $.volumePermissions.resources
[INFO] Coalescing path $.vulture.affinity
[INFO] Coalescing path $.vulture.automountServiceAccountToken
[INFO] Coalescing path $.vulture.containerSecurityContext
[INFO] Coalescing path $.vulture.customLivenessProbe
[INFO] Coalescing path $.vulture.customReadinessProbe
[INFO] Coalescing path $.vulture.customStartupProbe
[INFO] Coalescing path $.vulture.enableServiceLinks
[INFO] Coalescing path $.vulture.enabled
[INFO] Coalescing path $.vulture.extraEnvVars
[INFO] Coalescing path $.vulture.extraEnvVarsCM
[INFO] Coalescing path $.vulture.extraEnvVarsSecret
[INFO] Coalescing path $.vulture.extraVolumeMounts
[INFO] Coalescing path $.vulture.extraVolumes
[INFO] Coalescing path $.vulture.hostAliases
[INFO] Coalescing path $.vulture.image
[INFO] Coalescing path $.vulture.initContainers
[INFO] Coalescing path $.vulture.lifecycleHooks
[INFO] Coalescing path $.vulture.nodeSelector
[INFO] Coalescing path $.vulture.podAffinityPreset
[INFO] Coalescing path $.vulture.podAnnotations
[INFO] Coalescing path $.vulture.podAntiAffinityPreset
[INFO] Coalescing path $.vulture.podLabels
[INFO] Coalescing path $.vulture.podSecurityContext
[INFO] Coalescing path $.vulture.priorityClassName
[INFO] Coalescing path $.vulture.replicaCount
[INFO] Coalescing path $.vulture.resources
[INFO] Coalescing path $.vulture.schedulerName
[INFO] Coalescing path $.vulture.sidecars
[INFO] Coalescing path $.vulture.tolerations
[INFO] Coalescing path $.vulture.topologySpreadConstraints
[INFO] Coalescing path $.vulture.updateStrategy
[INFO] Coalescing path $.compactor.containerSecurityContext.enabled
[INFO] Coalescing path $.compactor.networkPolicy.addExternalClientAccess
[INFO] Coalescing path $.compactor.networkPolicy.allowExternal
[INFO] Coalescing path $.compactor.networkPolicy.allowExternalEgress
[INFO] Coalescing path $.compactor.networkPolicy.enabled
[INFO] Coalescing path $.compactor.networkPolicy.extraEgress
[INFO] Coalescing path $.compactor.networkPolicy.extraIngress
[INFO] Coalescing path $.compactor.networkPolicy.ingressNSMatchLabels
[INFO] Coalescing path $.compactor.networkPolicy.ingressNSPodMatchLabels
[INFO] Coalescing path $.compactor.networkPolicy.ingressPodMatchLabels
[INFO] Coalescing path $.compactor.nodeAffinityPreset.key
[INFO] Coalescing path $.compactor.nodeAffinityPreset.type
[INFO] Coalescing path $.compactor.nodeAffinityPreset.values
[INFO] Coalescing path $.compactor.pdb.create
[INFO] Coalescing path $.compactor.pdb.maxUnavailable
[INFO] Coalescing path $.compactor.pdb.minAvailable
[INFO] Coalescing path $.compactor.podSecurityContext.enabled
[INFO] Coalescing path $.compactor.service.annotations
[INFO] Coalescing path $.compactor.service.clusterIP
[INFO] Coalescing path $.compactor.service.externalTrafficPolicy
[INFO] Coalescing path $.compactor.service.extraPorts
[INFO] Coalescing path $.compactor.service.loadBalancerIP
[INFO] Coalescing path $.compactor.service.loadBalancerSourceRanges
[INFO] Coalescing path $.compactor.service.sessionAffinity
[INFO] Coalescing path $.compactor.service.sessionAffinityConfig
[INFO] Coalescing path $.compactor.service.type
[INFO] Coalescing path $.distributor.containerSecurityContext.enabled
[INFO] Coalescing path $.distributor.networkPolicy.addExternalClientAccess
[INFO] Coalescing path $.distributor.networkPolicy.allowExternal
[INFO] Coalescing path $.distributor.networkPolicy.allowExternalEgress
[INFO] Coalescing path $.distributor.networkPolicy.enabled
[INFO] Coalescing path $.distributor.networkPolicy.extraEgress
[INFO] Coalescing path $.distributor.networkPolicy.extraIngress
[INFO] Coalescing path $.distributor.networkPolicy.ingressNSMatchLabels
[INFO] Coalescing path $.distributor.networkPolicy.ingressNSPodMatchLabels
[INFO] Coalescing path $.distributor.networkPolicy.ingressPodMatchLabels
[INFO] Coalescing path $.distributor.nodeAffinityPreset.key
[INFO] Coalescing path $.distributor.nodeAffinityPreset.type
[INFO] Coalescing path $.distributor.nodeAffinityPreset.values
[INFO] Coalescing path $.distributor.pdb.create
[INFO] Coalescing path $.distributor.pdb.maxUnavailable
[INFO] Coalescing path $.distributor.pdb.minAvailable
[INFO] Coalescing path $.distributor.podSecurityContext.enabled
[INFO] Coalescing path $.distributor.service.annotations
[INFO] Coalescing path $.distributor.service.clusterIP
[INFO] Coalescing path $.distributor.service.externalTrafficPolicy
[INFO] Coalescing path $.distributor.service.extraPorts
[INFO] Coalescing path $.distributor.service.loadBalancerIP
[INFO] Coalescing path $.distributor.service.loadBalancerSourceRanges
[INFO] Coalescing path $.distributor.service.sessionAffinity
[INFO] Coalescing path $.distributor.service.sessionAffinityConfig
[INFO] Coalescing path $.distributor.service.type
[INFO] Coalescing path $.ingester.containerSecurityContext.enabled
[INFO] Coalescing path $.ingester.containerSecurityContext.runAsUser
[INFO] Coalescing path $.ingester.networkPolicy.addExternalClientAccess
[INFO] Coalescing path $.ingester.networkPolicy.allowExternal
[INFO] Coalescing path $.ingester.networkPolicy.allowExternalEgress
[INFO] Coalescing path $.ingester.networkPolicy.enabled
[INFO] Coalescing path $.ingester.networkPolicy.extraEgress
[INFO] Coalescing path $.ingester.networkPolicy.extraIngress
[INFO] Coalescing path $.ingester.networkPolicy.ingressNSMatchLabels
[INFO] Coalescing path $.ingester.networkPolicy.ingressNSPodMatchLabels
[INFO] Coalescing path $.ingester.networkPolicy.ingressPodMatchLabels
[INFO] Coalescing path $.ingester.nodeAffinityPreset.key
[INFO] Coalescing path $.ingester.nodeAffinityPreset.type
[INFO] Coalescing path $.ingester.nodeAffinityPreset.values
[INFO] Coalescing path $.ingester.pdb.create
[INFO] Coalescing path $.ingester.pdb.maxUnavailable
[INFO] Coalescing path $.ingester.pdb.minAvailable
[INFO] Coalescing path $.ingester.persistence.enabled
[INFO] Coalescing path $.ingester.persistence.subPath
[INFO] Coalescing path $.ingester.podSecurityContext.enabled
[INFO] Coalescing path $.ingester.podSecurityContext.fsGroup
[INFO] Coalescing path $.ingester.service.annotations
[INFO] Coalescing path $.ingester.service.clusterIP
[INFO] Coalescing path $.ingester.service.externalTrafficPolicy
[INFO] Coalescing path $.ingester.service.extraPorts
[INFO] Coalescing path $.ingester.service.loadBalancerIP
[INFO] Coalescing path $.ingester.service.loadBalancerSourceRanges
[INFO] Coalescing path $.ingester.service.sessionAffinity
[INFO] Coalescing path $.ingester.service.sessionAffinityConfig
[INFO] Coalescing path $.ingester.service.type
[INFO] Coalescing path $.memcached.containerPorts.memcached
[INFO] Coalescing path $.metrics.serviceMonitor.enabled
[INFO] Coalescing path $.metrics.serviceMonitor.honorLabels
[INFO] Coalescing path $.metrics.serviceMonitor.interval
[INFO] Coalescing path $.metrics.serviceMonitor.jobLabel
[INFO] Coalescing path $.metrics.serviceMonitor.labels
[INFO] Coalescing path $.metrics.serviceMonitor.metricRelabelings
[INFO] Coalescing path $.metrics.serviceMonitor.namespace
[INFO] Coalescing path $.metrics.serviceMonitor.relabelings
[INFO] Coalescing path $.metrics.serviceMonitor.scrapeTimeout
[INFO] Coalescing path $.metrics.serviceMonitor.selector
[INFO] Coalescing path $.metricsGenerator.containerSecurityContext.enabled
[INFO] Coalescing path $.metricsGenerator.containerSecurityContext.runAsUser
[INFO] Coalescing path $.metricsGenerator.networkPolicy.addExternalClientAccess
[INFO] Coalescing path $.metricsGenerator.networkPolicy.allowExternal
[INFO] Coalescing path $.metricsGenerator.networkPolicy.allowExternalEgress
[INFO] Coalescing path $.metricsGenerator.networkPolicy.enabled
[INFO] Coalescing path $.metricsGenerator.networkPolicy.extraEgress
[INFO] Coalescing path $.metricsGenerator.networkPolicy.extraIngress
[INFO] Coalescing path $.metricsGenerator.networkPolicy.ingressNSMatchLabels
[INFO] Coalescing path $.metricsGenerator.networkPolicy.ingressNSPodMatchLabels
[INFO] Coalescing path $.metricsGenerator.networkPolicy.ingressPodMatchLabels
[INFO] Coalescing path $.metricsGenerator.nodeAffinityPreset.key
[INFO] Coalescing path $.metricsGenerator.nodeAffinityPreset.type
[INFO] Coalescing path $.metricsGenerator.nodeAffinityPreset.values
[INFO] Coalescing path $.metricsGenerator.pdb.create
[INFO] Coalescing path $.metricsGenerator.pdb.maxUnavailable
[INFO] Coalescing path $.metricsGenerator.pdb.minAvailable
[INFO] Coalescing path $.metricsGenerator.persistence.enabled
[INFO] Coalescing path $.metricsGenerator.persistence.subPath
[INFO] Coalescing path $.metricsGenerator.podSecurityContext.enabled
[INFO] Coalescing path $.metricsGenerator.podSecurityContext.fsGroup
[INFO] Coalescing path $.metricsGenerator.service.annotations
[INFO] Coalescing path $.metricsGenerator.service.clusterIP
[INFO] Coalescing path $.metricsGenerator.service.externalTrafficPolicy
[INFO] Coalescing path $.metricsGenerator.service.loadBalancerIP
[INFO] Coalescing path $.metricsGenerator.service.loadBalancerSourceRanges
[INFO] Coalescing path $.metricsGenerator.service.sessionAffinity
[INFO] Coalescing path $.metricsGenerator.service.type
[INFO] Coalescing path $.querier.containerSecurityContext.enabled
[INFO] Coalescing path $.querier.networkPolicy.addExternalClientAccess
[INFO] Coalescing path $.querier.networkPolicy.allowExternal
[INFO] Coalescing path $.querier.networkPolicy.allowExternalEgress
[INFO] Coalescing path $.querier.networkPolicy.enabled
[INFO] Coalescing path $.querier.networkPolicy.extraEgress
[INFO] Coalescing path $.querier.networkPolicy.extraIngress
[INFO] Coalescing path $.querier.networkPolicy.ingressNSMatchLabels
[INFO] Coalescing path $.querier.networkPolicy.ingressNSPodMatchLabels
[INFO] Coalescing path $.querier.networkPolicy.ingressPodMatchLabels
[INFO] Coalescing path $.querier.nodeAffinityPreset.key
[INFO] Coalescing path $.querier.nodeAffinityPreset.type
[INFO] Coalescing path $.querier.nodeAffinityPreset.values
[INFO] Coalescing path $.querier.pdb.create
[INFO] Coalescing path $.querier.pdb.maxUnavailable
[INFO] Coalescing path $.querier.pdb.minAvailable
[INFO] Coalescing path $.querier.podSecurityContext.enabled
[INFO] Coalescing path $.querier.service.annotations
[INFO] Coalescing path $.querier.service.clusterIP
[INFO] Coalescing path $.querier.service.externalTrafficPolicy
[INFO] Coalescing path $.querier.service.extraPorts
[INFO] Coalescing path $.querier.service.loadBalancerIP
[INFO] Coalescing path $.querier.service.loadBalancerSourceRanges
[INFO] Coalescing path $.querier.service.sessionAffinity
[INFO] Coalescing path $.querier.service.sessionAffinityConfig
[INFO] Coalescing path $.querier.service.type
[INFO] Coalescing path $.queryFrontend.containerSecurityContext.enabled
[INFO] Coalescing path $.queryFrontend.networkPolicy.addExternalClientAccess
[INFO] Coalescing path $.queryFrontend.networkPolicy.allowExternal
[INFO] Coalescing path $.queryFrontend.networkPolicy.allowExternalEgress
[INFO] Coalescing path $.queryFrontend.networkPolicy.enabled
[INFO] Coalescing path $.queryFrontend.networkPolicy.extraEgress
[INFO] Coalescing path $.queryFrontend.networkPolicy.extraIngress
[INFO] Coalescing path $.queryFrontend.networkPolicy.ingressNSMatchLabels
[INFO] Coalescing path $.queryFrontend.networkPolicy.ingressNSPodMatchLabels
[INFO] Coalescing path $.queryFrontend.networkPolicy.ingressPodMatchLabels
[INFO] Coalescing path $.queryFrontend.nodeAffinityPreset.key
[INFO] Coalescing path $.queryFrontend.nodeAffinityPreset.type
[INFO] Coalescing path $.queryFrontend.nodeAffinityPreset.values
[INFO] Coalescing path $.queryFrontend.pdb.create
[INFO] Coalescing path $.queryFrontend.pdb.maxUnavailable
[INFO] Coalescing path $.queryFrontend.pdb.minAvailable
[INFO] Coalescing path $.queryFrontend.podSecurityContext.enabled
[INFO] Coalescing path $.queryFrontend.query.configuration
[INFO] Coalescing path $.queryFrontend.query.containerSecurityContext
[INFO] Coalescing path $.queryFrontend.query.customLivenessProbe
[INFO] Coalescing path $.queryFrontend.query.customReadinessProbe
[INFO] Coalescing path $.queryFrontend.query.customStartupProbe
[INFO] Coalescing path $.queryFrontend.query.enabled
[INFO] Coalescing path $.queryFrontend.query.existingConfigmap
[INFO] Coalescing path $.queryFrontend.query.extraEnvVars
[INFO] Coalescing path $.queryFrontend.query.extraEnvVarsCM
[INFO] Coalescing path $.queryFrontend.query.extraEnvVarsSecret
[INFO] Coalescing path $.queryFrontend.query.extraVolumeMounts
[INFO] Coalescing path $.queryFrontend.query.image
[INFO] Coalescing path $.queryFrontend.query.lifecycleHooks
[INFO] Coalescing path $.queryFrontend.query.resources
[INFO] Coalescing path $.queryFrontend.service.annotations
[INFO] Coalescing path $.queryFrontend.service.clusterIP
[INFO] Coalescing path $.queryFrontend.service.externalTrafficPolicy
[INFO] Coalescing path $.queryFrontend.service.extraPorts
[INFO] Coalescing path $.queryFrontend.service.loadBalancerIP
[INFO] Coalescing path $.queryFrontend.service.loadBalancerSourceRanges
[INFO] Coalescing path $.queryFrontend.service.sessionAffinity
[INFO] Coalescing path $.queryFrontend.service.sessionAffinityConfig
[INFO] Coalescing path $.queryFrontend.service.type
[INFO] Coalescing path $.tempo.containerPorts.gossipRing
[INFO] Coalescing path $.tempo.containerPorts.grpc
[INFO] Coalescing path $.tempo.containerPorts.web
[INFO] Coalescing path $.tempo.image.pullPolicy
[INFO] Coalescing path $.tempo.traces.opencensus
[INFO] Coalescing path $.tempo.traces.zipkin
[INFO] Coalescing path $.volumePermissions.containerSecurityContext.runAsUser
[INFO] Coalescing path $.volumePermissions.image.pullPolicy
[INFO] Coalescing path $.vulture.containerPorts.http
[INFO] Coalescing path $.vulture.containerSecurityContext.enabled
[INFO] Coalescing path $.vulture.image.pullPolicy
[INFO] Coalescing path $.vulture.networkPolicy.addExternalClientAccess
[INFO] Coalescing path $.vulture.networkPolicy.allowExternal
[INFO] Coalescing path $.vulture.networkPolicy.allowExternalEgress
[INFO] Coalescing path $.vulture.networkPolicy.enabled
[INFO] Coalescing path $.vulture.networkPolicy.extraEgress
[INFO] Coalescing path $.vulture.networkPolicy.extraIngress
[INFO] Coalescing path $.vulture.networkPolicy.ingressNSMatchLabels
[INFO] Coalescing path $.vulture.networkPolicy.ingressNSPodMatchLabels
[INFO] Coalescing path $.vulture.networkPolicy.ingressPodMatchLabels
[INFO] Coalescing path $.vulture.nodeAffinityPreset.key
[INFO] Coalescing path $.vulture.nodeAffinityPreset.type
[INFO] Coalescing path $.vulture.nodeAffinityPreset.values
[INFO] Coalescing path $.vulture.pdb.create
[INFO] Coalescing path $.vulture.pdb.maxUnavailable
[INFO] Coalescing path $.vulture.pdb.minAvailable
[INFO] Coalescing path $.vulture.podSecurityContext.enabled
[INFO] Coalescing path $.vulture.service.annotations
[INFO] Coalescing path $.vulture.service.clusterIP
[INFO] Coalescing path $.vulture.service.externalTrafficPolicy
[INFO] Coalescing path $.vulture.service.extraPorts
[INFO] Coalescing path $.vulture.service.loadBalancerIP
[INFO] Coalescing path $.vulture.service.loadBalancerSourceRanges
[INFO] Coalescing path $.vulture.service.sessionAffinity
[INFO] Coalescing path $.vulture.service.sessionAffinityConfig
[INFO] Coalescing path $.vulture.service.type
[INFO] Coalescing path $.compactor.service.nodePorts.grpc
[INFO] Coalescing path $.compactor.service.nodePorts.http
[INFO] Coalescing path $.compactor.service.ports.grpc
[INFO] Coalescing path $.compactor.service.ports.http
[INFO] Coalescing path $.distributor.service.nodePorts.grpc
[INFO] Coalescing path $.distributor.service.nodePorts.http
[INFO] Coalescing path $.distributor.service.ports.grpc
[INFO] Coalescing path $.distributor.service.ports.http
[INFO] Coalescing path $.ingester.service.nodePorts.grpc
[INFO] Coalescing path $.ingester.service.nodePorts.http
[INFO] Coalescing path $.ingester.service.ports.grpc
[INFO] Coalescing path $.ingester.service.ports.http
[INFO] Coalescing path $.metricsGenerator.service.nodePorts.grpc
[INFO] Coalescing path $.metricsGenerator.service.nodePorts.http
[INFO] Coalescing path $.metricsGenerator.service.ports.grpc
[INFO] Coalescing path $.metricsGenerator.service.ports.http
[INFO] Coalescing path $.querier.service.nodePorts.grpc
[INFO] Coalescing path $.querier.service.nodePorts.http
[INFO] Coalescing path $.querier.service.ports.grpc
[INFO] Coalescing path $.querier.service.ports.http
[INFO] Coalescing path $.queryFrontend.query.containerPorts.grpcJaeger
[INFO] Coalescing path $.queryFrontend.query.containerSecurityContext.enabled
[INFO] Coalescing path $.queryFrontend.query.image.pullPolicy
[INFO] Coalescing path $.queryFrontend.service.headless.annotations
[INFO] Coalescing path $.queryFrontend.service.nodePorts.grpc
[INFO] Coalescing path $.queryFrontend.service.nodePorts.grpcJaeger
[INFO] Coalescing path $.queryFrontend.service.nodePorts.http
[INFO] Coalescing path $.queryFrontend.service.ports.grpc
[INFO] Coalescing path $.queryFrontend.service.ports.grpcJaeger
[INFO] Coalescing path $.queryFrontend.service.ports.http
[INFO] Coalescing path $.tempo.gossipRing.service.annotations
[INFO] Coalescing path $.tempo.traces.jaeger.grpc
[INFO] Coalescing path $.tempo.traces.jaeger.thriftBinary
[INFO] Coalescing path $.tempo.traces.jaeger.thriftCompact
[INFO] Coalescing path $.tempo.traces.jaeger.thriftHttp
[INFO] Coalescing path $.tempo.traces.otlp.grpc
[INFO] Coalescing path $.tempo.traces.otlp.http
[INFO] Coalescing path $.vulture.service.nodePorts.http
[INFO] Coalescing path $.vulture.service.ports.http
[INFO] Coalescing path $.tempo.gossipRing.service.ports.http
[INFO] Testing known inputs first; arbitrary extra-key cases are deferred
[INFO] Compiler input baseline: 469 statically named fields
[INFO] Render hashes (run-local): 25 observed, 13 unique, 12 duplicate bundles; 12 successful validations reused
[INFO] Testing deferred arbitrary-key and original-schema robustness cases
[INFO] Compiler input baseline: 469 statically named fields
[INFO] Render hashes (run-local): 101 observed, 1 unique, 100 duplicate bundles; 100 successful validations reused
[INFO] .: failed; 0 charts remain
