[INFO] Chart 1/1: .
[INFO] Finite filtering unavailable: permutations need closed objects at (); set additionalProperties: false; prioritizing known inputs before robustness sampling
[INFO] Coalescing path $.commonAnnotations
[INFO] Coalescing path $.commonLabels
[INFO] Coalescing path $.cqlshImage
[INFO] Coalescing path $.image
[INFO] Coalescing path $.cassandra.enabled
[INFO] Coalescing path $.collector.affinity
[INFO] Coalescing path $.collector.automountServiceAccountToken
[INFO] Coalescing path $.collector.containerSecurityContext
[INFO] Coalescing path $.collector.customLivenessProbe
[INFO] Coalescing path $.collector.customReadinessProbe
[INFO] Coalescing path $.collector.customStartupProbe
[INFO] Coalescing path $.collector.existingConfigmap
[INFO] Coalescing path $.collector.extraEnvVars
[INFO] Coalescing path $.collector.extraEnvVarsCM
[INFO] Coalescing path $.collector.extraEnvVarsSecret
[INFO] Coalescing path $.collector.extraVolumeMounts
[INFO] Coalescing path $.collector.extraVolumes
[INFO] Coalescing path $.collector.hostAliases
[INFO] Coalescing path $.collector.initContainers
[INFO] Coalescing path $.collector.lifecycleHooks
[INFO] Coalescing path $.collector.nodeSelector
[INFO] Coalescing path $.collector.overrideConfiguration
[INFO] Coalescing path $.collector.podAffinityPreset
[INFO] Coalescing path $.collector.podAnnotations
[INFO] Coalescing path $.collector.podAntiAffinityPreset
[INFO] Coalescing path $.collector.podLabels
[INFO] Coalescing path $.collector.podSecurityContext
[INFO] Coalescing path $.collector.priorityClassName
[INFO] Coalescing path $.collector.receivers
[INFO] Coalescing path $.collector.replicaCount
[INFO] Coalescing path $.collector.resources
[INFO] Coalescing path $.collector.schedulerName
[INFO] Coalescing path $.collector.sidecars
[INFO] Coalescing path $.collector.tolerations
[INFO] Coalescing path $.collector.topologySpreadConstraints
[INFO] Coalescing path $.collector.updateStrategy
[INFO] Coalescing path $.diagnosticMode.args
[INFO] Coalescing path $.diagnosticMode.command
[INFO] Coalescing path $.diagnosticMode.enabled
[INFO] Coalescing path $.image.debug
[INFO] Coalescing path $.image.pullPolicy
[INFO] Coalescing path $.migration.podLabels
[INFO] Coalescing path $.query.affinity
[INFO] Coalescing path $.query.automountServiceAccountToken
[INFO] Coalescing path $.query.containerSecurityContext
[INFO] Coalescing path $.query.customLivenessProbe
[INFO] Coalescing path $.query.customReadinessProbe
[INFO] Coalescing path $.query.customStartupProbe
[INFO] Coalescing path $.query.existingConfigmap
[INFO] Coalescing path $.query.extraEnvVars
[INFO] Coalescing path $.query.extraEnvVarsCM
[INFO] Coalescing path $.query.extraEnvVarsSecret
[INFO] Coalescing path $.query.extraVolumeMounts
[INFO] Coalescing path $.query.extraVolumes
[INFO] Coalescing path $.query.hostAliases
[INFO] Coalescing path $.query.initContainers
[INFO] Coalescing path $.query.lifecycleHooks
[INFO] Coalescing path $.query.nodeSelector
[INFO] Coalescing path $.query.overrideConfiguration
[INFO] Coalescing path $.query.podAffinityPreset
[INFO] Coalescing path $.query.podAnnotations
[INFO] Coalescing path $.query.podAntiAffinityPreset
[INFO] Coalescing path $.query.podLabels
[INFO] Coalescing path $.query.podSecurityContext
[INFO] Coalescing path $.query.priorityClassName
[INFO] Coalescing path $.query.replicaCount
[INFO] Coalescing path $.query.resources
[INFO] Coalescing path $.query.schedulerName
[INFO] Coalescing path $.query.sidecars
[INFO] Coalescing path $.query.tolerations
[INFO] Coalescing path $.query.topologySpreadConstraints
[INFO] Coalescing path $.query.updateStrategy
[INFO] Coalescing path $.collector.containerPorts.healthcheck
[INFO] Coalescing path $.collector.containerPorts.metrics
[INFO] Coalescing path $.collector.containerPorts.zipkin
[INFO] Coalescing path $.collector.containerSecurityContext.enabled
[INFO] Coalescing path $.collector.networkPolicy.allowExternal
[INFO] Coalescing path $.collector.networkPolicy.allowExternalEgress
[INFO] Coalescing path $.collector.networkPolicy.enabled
[INFO] Coalescing path $.collector.networkPolicy.extraEgress
[INFO] Coalescing path $.collector.networkPolicy.extraIngress
[INFO] Coalescing path $.collector.networkPolicy.ingressNSMatchLabels
[INFO] Coalescing path $.collector.networkPolicy.ingressNSPodMatchLabels
[INFO] Coalescing path $.collector.nodeAffinityPreset.key
[INFO] Coalescing path $.collector.nodeAffinityPreset.type
[INFO] Coalescing path $.collector.nodeAffinityPreset.values
[INFO] Coalescing path $.collector.pdb.create
[INFO] Coalescing path $.collector.pdb.maxUnavailable
[INFO] Coalescing path $.collector.pdb.minAvailable
[INFO] Coalescing path $.collector.podSecurityContext.enabled
[INFO] Coalescing path $.collector.service.annotations
[INFO] Coalescing path $.collector.service.clusterIP
[INFO] Coalescing path $.collector.service.externalTrafficPolicy
[INFO] Coalescing path $.collector.service.extraPorts
[INFO] Coalescing path $.collector.service.loadBalancerIP
[INFO] Coalescing path $.collector.service.loadBalancerSourceRanges
[INFO] Coalescing path $.collector.service.sessionAffinity
[INFO] Coalescing path $.collector.service.sessionAffinityConfig
[INFO] Coalescing path $.collector.service.type
[INFO] Coalescing path $.collector.serviceAccount.annotations
[INFO] Coalescing path $.collector.serviceAccount.automountServiceAccountToken
[INFO] Coalescing path $.collector.serviceAccount.create
[INFO] Coalescing path $.migration.networkPolicy.allowExternalEgress
[INFO] Coalescing path $.migration.networkPolicy.enabled
[INFO] Coalescing path $.migration.networkPolicy.extraEgress
[INFO] Coalescing path $.migration.networkPolicy.extraIngress
[INFO] Coalescing path $.query.containerPorts.grpc
[INFO] Coalescing path $.query.containerPorts.healthcheck
[INFO] Coalescing path $.query.containerPorts.http
[INFO] Coalescing path $.query.containerPorts.metrics
[INFO] Coalescing path $.query.containerSecurityContext.enabled
[INFO] Coalescing path $.query.networkPolicy.allowExternalEgress
[INFO] Coalescing path $.query.networkPolicy.enabled
[INFO] Coalescing path $.query.networkPolicy.extraEgress
[INFO] Coalescing path $.query.networkPolicy.extraIngress
[INFO] Coalescing path $.query.networkPolicy.ingressNSMatchLabels
[INFO] Coalescing path $.query.networkPolicy.ingressNSPodMatchLabels
[INFO] Coalescing path $.query.nodeAffinityPreset.key
[INFO] Coalescing path $.query.nodeAffinityPreset.type
[INFO] Coalescing path $.query.nodeAffinityPreset.values
[INFO] Coalescing path $.query.pdb.create
[INFO] Coalescing path $.query.pdb.maxUnavailable
[INFO] Coalescing path $.query.pdb.minAvailable
[INFO] Coalescing path $.query.podSecurityContext.enabled
[INFO] Coalescing path $.query.service.annotations
[INFO] Coalescing path $.query.service.clusterIP
[INFO] Coalescing path $.query.service.externalTrafficPolicy
[INFO] Coalescing path $.query.service.extraPorts
[INFO] Coalescing path $.query.service.loadBalancerIP
[INFO] Coalescing path $.query.service.loadBalancerSourceRanges
[INFO] Coalescing path $.query.service.sessionAffinity
[INFO] Coalescing path $.query.service.sessionAffinityConfig
[INFO] Coalescing path $.query.service.type
[INFO] Coalescing path $.query.serviceAccount.annotations
[INFO] Coalescing path $.query.serviceAccount.automountServiceAccountToken
[INFO] Coalescing path $.query.serviceAccount.create
[INFO] Coalescing path $.collector.containerPorts.jaeger.grpc
[INFO] Coalescing path $.collector.containerPorts.jaeger.thrift_http
[INFO] Coalescing path $.collector.containerPorts.otlp.grpc
[INFO] Coalescing path $.collector.containerPorts.otlp.http
[INFO] Coalescing path $.collector.networkPolicy.ingressNSMatchLabels[*]
[INFO] Coalescing path $.collector.networkPolicy.ingressNSPodMatchLabels[*]
[INFO] Coalescing path $.collector.service.metrics.annotations
[INFO] Coalescing path $.collector.service.nodePorts.metrics
[INFO] Coalescing path $.collector.service.nodePorts.zipkin
[INFO] Coalescing path $.collector.service.ports.metrics
[INFO] Coalescing path $.collector.service.ports.zipkin
[INFO] Coalescing path $.query.networkPolicy.ingressNSMatchLabels[*]
[INFO] Coalescing path $.query.networkPolicy.ingressNSPodMatchLabels[*]
[INFO] Coalescing path $.query.service.metrics.annotations
[INFO] Coalescing path $.query.service.nodePorts.grpc
[INFO] Coalescing path $.query.service.nodePorts.http
[INFO] Coalescing path $.query.service.nodePorts.metrics
[INFO] Coalescing path $.query.service.ports.grpc
[INFO] Coalescing path $.query.service.ports.http
[INFO] Coalescing path $.query.service.ports.metrics
[INFO] Coalescing path $.collector.service.nodePorts.jaeger.grpc
[INFO] Coalescing path $.collector.service.nodePorts.jaeger.thrift_http
[INFO] Coalescing path $.collector.service.nodePorts.otlp.grpc
[INFO] Coalescing path $.collector.service.nodePorts.otlp.http
[INFO] Coalescing path $.collector.service.ports.jaeger.grpc
[INFO] Coalescing path $.collector.service.ports.jaeger.thrift_http
[INFO] Coalescing path $.collector.service.ports.otlp.grpc
[INFO] Coalescing path $.collector.service.ports.otlp.http
[INFO] Testing known inputs first; arbitrary extra-key cases are deferred
[INFO] Compiler input baseline: 155 statically named fields
[INFO] Render hashes (run-local): 75 observed, 75 unique, 0 duplicate bundles; 0 successful validations reused
[INFO] Testing deferred arbitrary-key and original-schema robustness cases
[INFO] Compiler input baseline: 155 statically named fields
[INFO] Render hashes (run-local): 101 observed, 101 unique, 0 duplicate bundles; 0 successful validations reused
[INFO] .: failed; 0 charts remain
