[INFO] Chart 1/1: .
[INFO] Finite filtering unavailable: permutations need closed objects at (); set additionalProperties: false; prioritizing known inputs before robustness sampling
[INFO] Coalescing path $.affinity
[INFO] Coalescing path $.automountServiceAccountToken
[INFO] Coalescing path $.clusterDomain
[INFO] Coalescing path $.commonAnnotations
[INFO] Coalescing path $.commonLabels
[INFO] Coalescing path $.containerSecurityContext
[INFO] Coalescing path $.customLivenessProbe
[INFO] Coalescing path $.customReadinessProbe
[INFO] Coalescing path $.customStartupProbe
[INFO] Coalescing path $.disableInitialization
[INFO] Coalescing path $.extraDeploy
[INFO] Coalescing path $.extraEnvVars
[INFO] Coalescing path $.extraEnvVarsCM
[INFO] Coalescing path $.extraEnvVarsSecret
[INFO] Coalescing path $.extraPlugins
[INFO] Coalescing path $.extraVolumeMounts
[INFO] Coalescing path $.extraVolumes
[INFO] Coalescing path $.global
[INFO] Coalescing path $.hostAliases
[INFO] Coalescing path $.image
[INFO] Coalescing path $.initContainers
[INFO] Coalescing path $.initHookScripts
[INFO] Coalescing path $.initHookScriptsCM
[INFO] Coalescing path $.initHookScriptsSecret
[INFO] Coalescing path $.initScripts
[INFO] Coalescing path $.initScriptsCM
[INFO] Coalescing path $.initScriptsSecret
[INFO] Coalescing path $.javaOpts
[INFO] Coalescing path $.jenkinsHome
[INFO] Coalescing path $.jenkinsUser
[INFO] Coalescing path $.latestPlugins
[INFO] Coalescing path $.latestSpecifiedPlugins
[INFO] Coalescing path $.lifecycleHooks
[INFO] Coalescing path $.nodeSelector
[INFO] Coalescing path $.overridePaths
[INFO] Coalescing path $.overridePlugins
[INFO] Coalescing path $.persistence
[INFO] Coalescing path $.plugins
[INFO] Coalescing path $.podAffinityPreset
[INFO] Coalescing path $.podAnnotations
[INFO] Coalescing path $.podAntiAffinityPreset
[INFO] Coalescing path $.podLabels
[INFO] Coalescing path $.podSecurityContext
[INFO] Coalescing path $.priorityClassName
[INFO] Coalescing path $.replicaCount
[INFO] Coalescing path $.resources
[INFO] Coalescing path $.schedulerName
[INFO] Coalescing path $.sidecars
[INFO] Coalescing path $.skipImagePlugins
[INFO] Coalescing path $.tolerations
[INFO] Coalescing path $.topologySpreadConstraints
[INFO] Coalescing path $.updateStrategy
[INFO] Coalescing path $.usePasswordFiles
[INFO] Coalescing path $.agent.annotations
[INFO] Coalescing path $.agent.args
[INFO] Coalescing path $.agent.command
[INFO] Coalescing path $.agent.containerExtraEnvVars
[INFO] Coalescing path $.agent.enabled
[INFO] Coalescing path $.agent.extraAgentTemplate
[INFO] Coalescing path $.agent.extraTemplates
[INFO] Coalescing path $.agent.image
[INFO] Coalescing path $.agent.podExtraEnvVars
[INFO] Coalescing path $.agent.podLabels
[INFO] Coalescing path $.agent.resources
[INFO] Coalescing path $.agent.resourcesPreset
[INFO] Coalescing path $.agent.sidecars
[INFO] Coalescing path $.agent.templateLabel
[INFO] Coalescing path $.agentListenerService.annotations
[INFO] Coalescing path $.agentListenerService.clusterIP
[INFO] Coalescing path $.agentListenerService.enabled
[INFO] Coalescing path $.agentListenerService.externalTrafficPolicy
[INFO] Coalescing path $.agentListenerService.extraPorts
[INFO] Coalescing path $.agentListenerService.loadBalancerIP
[INFO] Coalescing path $.agentListenerService.loadBalancerSourceRanges
[INFO] Coalescing path $.agentListenerService.sessionAffinity
[INFO] Coalescing path $.agentListenerService.sessionAffinityConfig
[INFO] Coalescing path $.agentListenerService.type
[INFO] Coalescing path $.commonAnnotations[*]
[INFO] Coalescing path $.configAsCode.authorizationStrategy
[INFO] Coalescing path $.configAsCode.enabled
[INFO] Coalescing path $.configAsCode.extraClouds
[INFO] Coalescing path $.configAsCode.extraConfig
[INFO] Coalescing path $.configAsCode.extraJenkins
[INFO] Coalescing path $.configAsCode.extraKubernetes
[INFO] Coalescing path $.configAsCode.security
[INFO] Coalescing path $.configAsCode.securityRealm
[INFO] Coalescing path $.containerPorts.agentListener
[INFO] Coalescing path $.containerPorts.http
[INFO] Coalescing path $.containerPorts.https
[INFO] Coalescing path $.containerSecurityContext.enabled
[INFO] Coalescing path $.containerSecurityContext.runAsUser
[INFO] Coalescing path $.diagnosticMode.args
[INFO] Coalescing path $.diagnosticMode.command
[INFO] Coalescing path $.diagnosticMode.enabled
[INFO] Coalescing path $.extraDeploy[*]
[INFO] Coalescing path $.image.debug
[INFO] Coalescing path $.image.pullPolicy
[INFO] Coalescing path $.ingress.annotations
[INFO] Coalescing path $.ingress.enabled
[INFO] Coalescing path $.ingress.extraHosts
[INFO] Coalescing path $.ingress.extraPaths
[INFO] Coalescing path $.ingress.extraRules
[INFO] Coalescing path $.ingress.extraTls
[INFO] Coalescing path $.ingress.hostname
[INFO] Coalescing path $.ingress.ingressClassName
[INFO] Coalescing path $.ingress.path
[INFO] Coalescing path $.ingress.pathType
[INFO] Coalescing path $.ingress.secrets
[INFO] Coalescing path $.ingress.selfSigned
[INFO] Coalescing path $.ingress.tls
[INFO] Coalescing path $.initHookScripts[*]
[INFO] Coalescing path $.initScripts[*]
[INFO] Coalescing path $.networkPolicy.allowExternal
[INFO] Coalescing path $.networkPolicy.allowExternalEgress
[INFO] Coalescing path $.networkPolicy.enabled
[INFO] Coalescing path $.networkPolicy.extraEgress
[INFO] Coalescing path $.networkPolicy.extraIngress
[INFO] Coalescing path $.networkPolicy.ingressNSMatchLabels
[INFO] Coalescing path $.networkPolicy.ingressNSPodMatchLabels
[INFO] Coalescing path $.networkPolicy.kubeAPIServerPorts
[INFO] Coalescing path $.nodeAffinityPreset.key
[INFO] Coalescing path $.nodeAffinityPreset.type
[INFO] Coalescing path $.nodeAffinityPreset.values
[INFO] Coalescing path $.pdb.create
[INFO] Coalescing path $.pdb.maxUnavailable
[INFO] Coalescing path $.pdb.minAvailable
[INFO] Coalescing path $.persistence.accessModes
[INFO] Coalescing path $.persistence.annotations
[INFO] Coalescing path $.persistence.enabled
[INFO] Coalescing path $.persistence.existingClaim
[INFO] Coalescing path $.persistence.selector
[INFO] Coalescing path $.persistence.size
[INFO] Coalescing path $.podSecurityContext.enabled
[INFO] Coalescing path $.podSecurityContext.fsGroup
[INFO] Coalescing path $.rbac.create
[INFO] Coalescing path $.rbac.rules
[INFO] Coalescing path $.service.annotations
[INFO] Coalescing path $.service.clusterIP
[INFO] Coalescing path $.service.externalTrafficPolicy
[INFO] Coalescing path $.service.extraPorts
[INFO] Coalescing path $.service.loadBalancerIP
[INFO] Coalescing path $.service.loadBalancerSourceRanges
[INFO] Coalescing path $.service.sessionAffinity
[INFO] Coalescing path $.service.sessionAffinityConfig
[INFO] Coalescing path $.service.type
[INFO] Coalescing path $.serviceAccount.annotations
[INFO] Coalescing path $.serviceAccount.automountServiceAccountToken
[INFO] Coalescing path $.serviceAccount.create
[INFO] Coalescing path $.tls.autoGenerated
[INFO] Coalescing path $.tls.existingSecret
[INFO] Coalescing path $.tls.password
[INFO] Coalescing path $.tls.passwordsSecret
[INFO] Coalescing path $.tls.resources
[INFO] Coalescing path $.tls.usePemCerts
[INFO] Coalescing path $.volumePermissions.enabled
[INFO] Coalescing path $.volumePermissions.image
[INFO] Coalescing path $.volumePermissions.resources
[INFO] Coalescing path $.volumePermissions.securityContext
[INFO] Coalescing path $.agent.annotations[*]
[INFO] Coalescing path $.agent.containerSecurityContext.enabled
[INFO] Coalescing path $.agent.containerSecurityContext.privileged
[INFO] Coalescing path $.agent.containerSecurityContext.runAsGroup
[INFO] Coalescing path $.agent.containerSecurityContext.runAsUser
[INFO] Coalescing path $.agentListenerService.nodePorts.agentListener
[INFO] Coalescing path $.agentListenerService.ports.agentListener
[INFO] Coalescing path $.configAsCode.autoReload.args
[INFO] Coalescing path $.configAsCode.autoReload.command
[INFO] Coalescing path $.configAsCode.autoReload.enabled
[INFO] Coalescing path $.configAsCode.autoReload.extraEnvVars
[INFO] Coalescing path $.configAsCode.autoReload.extraEnvVarsCM
[INFO] Coalescing path $.configAsCode.autoReload.extraEnvVarsSecret
[INFO] Coalescing path $.configAsCode.autoReload.extraVolumeMounts
[INFO] Coalescing path $.configAsCode.autoReload.initialDelay
[INFO] Coalescing path $.configAsCode.autoReload.interval
[INFO] Coalescing path $.configAsCode.autoReload.reqRetries
[INFO] Coalescing path $.configAsCode.autoReload.resources
[INFO] Coalescing path $.networkPolicy.ingressNSMatchLabels[*]
[INFO] Coalescing path $.networkPolicy.ingressNSPodMatchLabels[*]
[INFO] Coalescing path $.networkPolicy.kubeAPIServerPorts[*]
[INFO] Coalescing path $.persistence.accessModes[*]
[INFO] Coalescing path $.service.nodePorts.http
[INFO] Coalescing path $.service.nodePorts.https
[INFO] Coalescing path $.service.ports.http
[INFO] Coalescing path $.service.ports.https
[INFO] Coalescing path $.volumePermissions.image.pullPolicy
[INFO] Coalescing path $.volumePermissions.securityContext.runAsUser
[INFO] Coalescing path $.configAsCode.autoReload.containerSecurityContext.enabled
[INFO] Coalescing path $.global.compatibility.openshift.adaptSecurityContext
[INFO] Coalescing path $.ingress.extraHosts[*].name
[INFO] Coalescing path $.ingress.extraHosts[*].path
[INFO] Coalescing path $.ingress.extraHosts[*].pathType
[INFO] Coalescing path $.ingress.secrets[*].certificate
[INFO] Coalescing path $.ingress.secrets[*].key
[INFO] Coalescing path $.ingress.secrets[*].name
[INFO] Testing known inputs first; arbitrary extra-key cases are deferred
[INFO] Compiler input baseline: 172 statically named fields
[INFO] Render hashes (run-local): 74 observed, 74 unique, 0 duplicate bundles; 0 successful validations reused
[INFO] Testing deferred arbitrary-key and original-schema robustness cases
[INFO] Compiler input baseline: 172 statically named fields
[INFO] Render hashes (run-local): 261 observed, 261 unique, 0 duplicate bundles; 0 successful validations reused
[INFO] .: failed; 0 charts remain
