[INFO] Chart 1/1: .
[INFO] Finite filtering unavailable: permutations need closed objects at (); set additionalProperties: false; prioritizing known inputs before robustness sampling
[INFO] Coalescing path $.clusterDomain
[INFO] Coalescing path $.commonAnnotations
[INFO] Coalescing path $.commonLabels
[INFO] Coalescing path $.dnsConfig
[INFO] Coalescing path $.dnsPolicy
[INFO] Coalescing path $.existingKraftSecret
[INFO] Coalescing path $.existingLog4j2ConfigMap
[INFO] Coalescing path $.extraDeploy
[INFO] Coalescing path $.extraEnvVars
[INFO] Coalescing path $.extraEnvVarsCM
[INFO] Coalescing path $.extraEnvVarsSecret
[INFO] Coalescing path $.extraVolumeMounts
[INFO] Coalescing path $.extraVolumes
[INFO] Coalescing path $.global
[INFO] Coalescing path $.heapOpts
[INFO] Coalescing path $.image
[INFO] Coalescing path $.initContainers
[INFO] Coalescing path $.log4j2
[INFO] Coalescing path $.overrideConfiguration
[INFO] Coalescing path $.sidecars
[INFO] Coalescing path $.usePasswordFiles
[INFO] Coalescing path $.broker.affinity
[INFO] Coalescing path $.broker.automountServiceAccountToken
[INFO] Coalescing path $.broker.containerSecurityContext
[INFO] Coalescing path $.broker.customLivenessProbe
[INFO] Coalescing path $.broker.customReadinessProbe
[INFO] Coalescing path $.broker.customStartupProbe
[INFO] Coalescing path $.broker.enableServiceLinks
[INFO] Coalescing path $.broker.extraContainerPorts
[INFO] Coalescing path $.broker.extraEnvVars
[INFO] Coalescing path $.broker.extraEnvVarsCM
[INFO] Coalescing path $.broker.extraEnvVarsSecret
[INFO] Coalescing path $.broker.extraVolumeMounts
[INFO] Coalescing path $.broker.extraVolumes
[INFO] Coalescing path $.broker.heapOpts
[INFO] Coalescing path $.broker.hostAliases
[INFO] Coalescing path $.broker.hostIPC
[INFO] Coalescing path $.broker.hostNetwork
[INFO] Coalescing path $.broker.initContainers
[INFO] Coalescing path $.broker.lifecycleHooks
[INFO] Coalescing path $.broker.minReadySeconds
[INFO] Coalescing path $.broker.nodeSelector
[INFO] Coalescing path $.broker.overrideConfiguration
[INFO] Coalescing path $.broker.persistence
[INFO] Coalescing path $.broker.podAffinityPreset
[INFO] Coalescing path $.broker.podAnnotations
[INFO] Coalescing path $.broker.podAntiAffinityPreset
[INFO] Coalescing path $.broker.podLabels
[INFO] Coalescing path $.broker.podManagementPolicy
[INFO] Coalescing path $.broker.podSecurityContext
[INFO] Coalescing path $.broker.priorityClassName
[INFO] Coalescing path $.broker.replicaCount
[INFO] Coalescing path $.broker.resources
[INFO] Coalescing path $.broker.schedulerName
[INFO] Coalescing path $.broker.sidecars
[INFO] Coalescing path $.broker.terminationGracePeriodSeconds
[INFO] Coalescing path $.broker.tolerations
[INFO] Coalescing path $.broker.topologyKey
[INFO] Coalescing path $.broker.topologySpreadConstraints
[INFO] Coalescing path $.broker.updateStrategy
[INFO] Coalescing path $.controller.affinity
[INFO] Coalescing path $.controller.automountServiceAccountToken
[INFO] Coalescing path $.controller.containerSecurityContext
[INFO] Coalescing path $.controller.controllerOnly
[INFO] Coalescing path $.controller.customLivenessProbe
[INFO] Coalescing path $.controller.customReadinessProbe
[INFO] Coalescing path $.controller.customStartupProbe
[INFO] Coalescing path $.controller.enableServiceLinks
[INFO] Coalescing path $.controller.extraContainerPorts
[INFO] Coalescing path $.controller.extraEnvVars
[INFO] Coalescing path $.controller.extraEnvVarsCM
[INFO] Coalescing path $.controller.extraEnvVarsSecret
[INFO] Coalescing path $.controller.extraVolumeMounts
[INFO] Coalescing path $.controller.extraVolumes
[INFO] Coalescing path $.controller.heapOpts
[INFO] Coalescing path $.controller.hostAliases
[INFO] Coalescing path $.controller.hostIPC
[INFO] Coalescing path $.controller.hostNetwork
[INFO] Coalescing path $.controller.initContainers
[INFO] Coalescing path $.controller.lifecycleHooks
[INFO] Coalescing path $.controller.logPersistence
[INFO] Coalescing path $.controller.minReadySeconds
[INFO] Coalescing path $.controller.nodeSelector
[INFO] Coalescing path $.controller.overrideConfiguration
[INFO] Coalescing path $.controller.persistence
[INFO] Coalescing path $.controller.podAffinityPreset
[INFO] Coalescing path $.controller.podAnnotations
[INFO] Coalescing path $.controller.podAntiAffinityPreset
[INFO] Coalescing path $.controller.podLabels
[INFO] Coalescing path $.controller.podManagementPolicy
[INFO] Coalescing path $.controller.podSecurityContext
[INFO] Coalescing path $.controller.priorityClassName
[INFO] Coalescing path $.controller.replicaCount
[INFO] Coalescing path $.controller.resources
[INFO] Coalescing path $.controller.runtimeClassName
[INFO] Coalescing path $.controller.schedulerName
[INFO] Coalescing path $.controller.sidecars
[INFO] Coalescing path $.controller.terminationGracePeriodSeconds
[INFO] Coalescing path $.controller.tolerations
[INFO] Coalescing path $.controller.topologyKey
[INFO] Coalescing path $.controller.topologySpreadConstraints
[INFO] Coalescing path $.controller.updateStrategy
[INFO] Coalescing path $.diagnosticMode.args
[INFO] Coalescing path $.diagnosticMode.command
[INFO] Coalescing path $.diagnosticMode.enabled
[INFO] Coalescing path $.externalAccess.enabled
[INFO] Coalescing path $.extraDeploy[*]
[INFO] Coalescing path $.image.debug
[INFO] Coalescing path $.image.pullPolicy
[INFO] Coalescing path $.listeners.extraListeners
[INFO] Coalescing path $.networkPolicy.addExternalClientAccess
[INFO] Coalescing path $.networkPolicy.allowExternal
[INFO] Coalescing path $.networkPolicy.allowExternalEgress
[INFO] Coalescing path $.networkPolicy.enabled
[INFO] Coalescing path $.networkPolicy.extraEgress
[INFO] Coalescing path $.networkPolicy.extraIngress
[INFO] Coalescing path $.networkPolicy.ingressNSMatchLabels
[INFO] Coalescing path $.networkPolicy.ingressNSPodMatchLabel
[INFO] Coalescing path $.networkPolicy.ingressNSPodMatchLabels
[INFO] Coalescing path $.networkPolicy.ingressPodMatchLabels
[INFO] Coalescing path $.provisioning.automountServiceAccountToken
[INFO] Coalescing path $.provisioning.containerSecurityContext
[INFO] Coalescing path $.provisioning.enableServiceLinks
[INFO] Coalescing path $.provisioning.enabled
[INFO] Coalescing path $.provisioning.extraEnvVars
[INFO] Coalescing path $.provisioning.extraEnvVarsCM
[INFO] Coalescing path $.provisioning.extraEnvVarsSecret
[INFO] Coalescing path $.provisioning.extraVolumeMounts
[INFO] Coalescing path $.provisioning.extraVolumes
[INFO] Coalescing path $.provisioning.initContainers
[INFO] Coalescing path $.provisioning.nodeSelector
[INFO] Coalescing path $.provisioning.numPartitions
[INFO] Coalescing path $.provisioning.podAnnotations
[INFO] Coalescing path $.provisioning.podLabels
[INFO] Coalescing path $.provisioning.podSecurityContext
[INFO] Coalescing path $.provisioning.replicationFactor
[INFO] Coalescing path $.provisioning.resources
[INFO] Coalescing path $.provisioning.schedulerName
[INFO] Coalescing path $.provisioning.sidecars
[INFO] Coalescing path $.provisioning.tolerations
[INFO] Coalescing path $.provisioning.useHelmHooks
[INFO] Coalescing path $.provisioning.waitForKafka
[INFO] Coalescing path $.rbac.create
[INFO] Coalescing path $.sasl.enabledMechanisms
[INFO] Coalescing path $.service.allocateLoadBalancerNodePorts
[INFO] Coalescing path $.service.annotations
[INFO] Coalescing path $.service.clusterIP
[INFO] Coalescing path $.service.externalTrafficPolicy
[INFO] Coalescing path $.service.extraPorts
[INFO] Coalescing path $.service.ipFamilies
[INFO] Coalescing path $.service.ipFamilyPolicy
[INFO] Coalescing path $.service.loadBalancerClass
[INFO] Coalescing path $.service.loadBalancerIP
[INFO] Coalescing path $.service.loadBalancerSourceRanges
[INFO] Coalescing path $.service.sessionAffinity
[INFO] Coalescing path $.service.sessionAffinityConfig
[INFO] Coalescing path $.service.type
[INFO] Coalescing path $.serviceAccount.annotations
[INFO] Coalescing path $.serviceAccount.automountServiceAccountToken
[INFO] Coalescing path $.serviceAccount.create
[INFO] Coalescing path $.serviceBindings.enabled
[INFO] Coalescing path $.tls.endpointIdentificationAlgorithm
[INFO] Coalescing path $.tls.existingSecret
[INFO] Coalescing path $.tls.jksTruststoreSecret
[INFO] Coalescing path $.tls.keyPassword
[INFO] Coalescing path $.tls.passwordsSecret
[INFO] Coalescing path $.tls.passwordsSecretKeystoreKey
[INFO] Coalescing path $.tls.passwordsSecretPemPasswordKey
[INFO] Coalescing path $.tls.passwordsSecretTruststoreKey
[INFO] Coalescing path $.tls.sslClientAuth
[INFO] Coalescing path $.tls.type
[INFO] Coalescing path $.broker.containerSecurityContext.enabled
[INFO] Coalescing path $.broker.logPersistence.accessModes
[INFO] Coalescing path $.broker.logPersistence.annotations
[INFO] Coalescing path $.broker.logPersistence.enabled
[INFO] Coalescing path $.broker.logPersistence.existingClaim
[INFO] Coalescing path $.broker.logPersistence.mountPath
[INFO] Coalescing path $.broker.logPersistence.selector
[INFO] Coalescing path $.broker.logPersistence.size
[INFO] Coalescing path $.broker.nodeAffinityPreset.key
[INFO] Coalescing path $.broker.nodeAffinityPreset.type
[INFO] Coalescing path $.broker.nodeAffinityPreset.values
[INFO] Coalescing path $.broker.pdb.create
[INFO] Coalescing path $.broker.pdb.maxUnavailable
[INFO] Coalescing path $.broker.pdb.minAvailable
[INFO] Coalescing path $.broker.persistence.accessModes
[INFO] Coalescing path $.broker.persistence.annotations
[INFO] Coalescing path $.broker.persistence.enabled
[INFO] Coalescing path $.broker.persistence.existingClaim
[INFO] Coalescing path $.broker.persistence.labels
[INFO] Coalescing path $.broker.persistence.mountPath
[INFO] Coalescing path $.broker.persistence.selector
[INFO] Coalescing path $.broker.persistence.size
[INFO] Coalescing path $.broker.persistentVolumeClaimRetentionPolicy.enabled
[INFO] Coalescing path $.broker.persistentVolumeClaimRetentionPolicy.whenDeleted
[INFO] Coalescing path $.broker.persistentVolumeClaimRetentionPolicy.whenScaled
[INFO] Coalescing path $.broker.podSecurityContext.enabled
[INFO] Coalescing path $.controller.containerSecurityContext.enabled
[INFO] Coalescing path $.controller.logPersistence.accessModes
[INFO] Coalescing path $.controller.logPersistence.annotations
[INFO] Coalescing path $.controller.logPersistence.enabled
[INFO] Coalescing path $.controller.logPersistence.existingClaim
[INFO] Coalescing path $.controller.logPersistence.mountPath
[INFO] Coalescing path $.controller.logPersistence.selector
[INFO] Coalescing path $.controller.logPersistence.size
[INFO] Coalescing path $.controller.nodeAffinityPreset.key
[INFO] Coalescing path $.controller.nodeAffinityPreset.type
[INFO] Coalescing path $.controller.nodeAffinityPreset.values
[INFO] Coalescing path $.controller.pdb.create
[INFO] Coalescing path $.controller.pdb.maxUnavailable
[INFO] Coalescing path $.controller.pdb.minAvailable
[INFO] Coalescing path $.controller.persistence.accessModes
[INFO] Coalescing path $.controller.persistence.annotations
[INFO] Coalescing path $.controller.persistence.enabled
[INFO] Coalescing path $.controller.persistence.existingClaim
[INFO] Coalescing path $.controller.persistence.labels
[INFO] Coalescing path $.controller.persistence.mountPath
[INFO] Coalescing path $.controller.persistence.selector
[INFO] Coalescing path $.controller.persistence.size
[INFO] Coalescing path $.controller.persistentVolumeClaimRetentionPolicy.enabled
[INFO] Coalescing path $.controller.persistentVolumeClaimRetentionPolicy.whenDeleted
[INFO] Coalescing path $.controller.persistentVolumeClaimRetentionPolicy.whenScaled
[INFO] Coalescing path $.controller.podSecurityContext.enabled
[INFO] Coalescing path $.defaultInitContainers.autoDiscovery.enabled
[INFO] Coalescing path $.defaultInitContainers.autoDiscovery.image
[INFO] Coalescing path $.defaultInitContainers.volumePermissions.enabled
[INFO] Coalescing path $.defaultInitContainers.volumePermissions.image
[INFO] Coalescing path $.externalAccess.controller.forceExpose
[INFO] Coalescing path $.listeners.client.containerPort
[INFO] Coalescing path $.listeners.client.name
[INFO] Coalescing path $.listeners.client.protocol
[INFO] Coalescing path $.listeners.client.sslClientAuth
[INFO] Coalescing path $.listeners.controller.containerPort
[INFO] Coalescing path $.listeners.controller.protocol
[INFO] Coalescing path $.listeners.external.containerPort
[INFO] Coalescing path $.listeners.external.name
[INFO] Coalescing path $.listeners.external.protocol
[INFO] Coalescing path $.listeners.external.sslClientAuth
[INFO] Coalescing path $.listeners.interbroker.containerPort
[INFO] Coalescing path $.listeners.interbroker.protocol
[INFO] Coalescing path $.metrics.jmx.config
[INFO] Coalescing path $.metrics.jmx.containerSecurityContext
[INFO] Coalescing path $.metrics.jmx.enabled
[INFO] Coalescing path $.metrics.jmx.extraRules
[INFO] Coalescing path $.metrics.jmx.image
[INFO] Coalescing path $.metrics.jmx.livenessProbe
[INFO] Coalescing path $.metrics.jmx.readinessProbe
[INFO] Coalescing path $.metrics.jmx.resources
[INFO] Coalescing path $.metrics.prometheusRule.enabled
[INFO] Coalescing path $.metrics.prometheusRule.groups
[INFO] Coalescing path $.metrics.prometheusRule.labels
[INFO] Coalescing path $.metrics.prometheusRule.namespace
[INFO] Coalescing path $.metrics.serviceMonitor.enabled
[INFO] Coalescing path $.metrics.serviceMonitor.honorLabels
[INFO] Coalescing path $.metrics.serviceMonitor.interval
[INFO] Coalescing path $.metrics.serviceMonitor.jobLabel
[INFO] Coalescing path $.metrics.serviceMonitor.labels
[INFO] Coalescing path $.metrics.serviceMonitor.metricRelabelings
[INFO] Coalescing path $.metrics.serviceMonitor.namespace
[INFO] Coalescing path $.metrics.serviceMonitor.path
[INFO] Coalescing path $.metrics.serviceMonitor.relabelings
[INFO] Coalescing path $.metrics.serviceMonitor.scrapeTimeout
[INFO] Coalescing path $.metrics.serviceMonitor.selector
[INFO] Coalescing path $.provisioning.containerSecurityContext.enabled
[INFO] Coalescing path $.provisioning.podSecurityContext.enabled
[INFO] Coalescing path $.provisioning.serviceAccount.automountServiceAccountToken
[INFO] Coalescing path $.provisioning.serviceAccount.create
[INFO] Coalescing path $.sasl.client.passwords
[INFO] Coalescing path $.sasl.client.users
[INFO] Coalescing path $.sasl.interbroker.clientId
[INFO] Coalescing path $.sasl.oauthbearer.tokenEndpointUrl
[INFO] Coalescing path $.service.headless.ipFamilies
[INFO] Coalescing path $.service.headless.ipFamilyPolicy
[INFO] Coalescing path $.service.nodePorts.client
[INFO] Coalescing path $.service.nodePorts.external
[INFO] Coalescing path $.service.ports.client
[INFO] Coalescing path $.service.ports.controller
[INFO] Coalescing path $.service.ports.external
[INFO] Coalescing path $.service.ports.interbroker
[INFO] Coalescing path $.tls.autoGenerated.customAltNames
[INFO] Coalescing path $.tls.autoGenerated.enabled
[INFO] Coalescing path $.broker.autoscaling.hpa.annotations
[INFO] Coalescing path $.broker.autoscaling.hpa.enabled
[INFO] Coalescing path $.broker.autoscaling.hpa.maxReplicas
[INFO] Coalescing path $.broker.autoscaling.hpa.minReplicas
[INFO] Coalescing path $.broker.autoscaling.hpa.targetCPU
[INFO] Coalescing path $.broker.autoscaling.hpa.targetMemory
[INFO] Coalescing path $.broker.autoscaling.vpa.annotations
[INFO] Coalescing path $.broker.autoscaling.vpa.controlledResources
[INFO] Coalescing path $.broker.autoscaling.vpa.enabled
[INFO] Coalescing path $.broker.autoscaling.vpa.maxAllowed
[INFO] Coalescing path $.broker.autoscaling.vpa.minAllowed
[INFO] Coalescing path $.broker.autoscaling.vpa.updatePolicy
[INFO] Coalescing path $.broker.logPersistence.accessModes[*]
[INFO] Coalescing path $.broker.persistence.accessModes[*]
[INFO] Coalescing path $.controller.autoscaling.hpa.annotations
[INFO] Coalescing path $.controller.autoscaling.hpa.enabled
[INFO] Coalescing path $.controller.autoscaling.hpa.maxReplicas
[INFO] Coalescing path $.controller.autoscaling.hpa.minReplicas
[INFO] Coalescing path $.controller.autoscaling.hpa.targetCPU
[INFO] Coalescing path $.controller.autoscaling.hpa.targetMemory
[INFO] Coalescing path $.controller.autoscaling.vpa.annotations
[INFO] Coalescing path $.controller.autoscaling.vpa.controlledResources
[INFO] Coalescing path $.controller.autoscaling.vpa.enabled
[INFO] Coalescing path $.controller.autoscaling.vpa.maxAllowed
[INFO] Coalescing path $.controller.autoscaling.vpa.minAllowed
[INFO] Coalescing path $.controller.autoscaling.vpa.updatePolicy
[INFO] Coalescing path $.controller.logPersistence.accessModes[*]
[INFO] Coalescing path $.controller.persistence.accessModes[*]
[INFO] Coalescing path $.externalAccess.broker.service.allocateLoadBalancerNodePorts
[INFO] Coalescing path $.externalAccess.broker.service.annotations
[INFO] Coalescing path $.externalAccess.broker.service.domain
[INFO] Coalescing path $.externalAccess.broker.service.externalIPs
[INFO] Coalescing path $.externalAccess.broker.service.extraPorts
[INFO] Coalescing path $.externalAccess.broker.service.ipFamilies
[INFO] Coalescing path $.externalAccess.broker.service.ipFamilyPolicy
[INFO] Coalescing path $.externalAccess.broker.service.labels
[INFO] Coalescing path $.externalAccess.broker.service.loadBalancerAnnotations
[INFO] Coalescing path $.externalAccess.broker.service.loadBalancerClass
[INFO] Coalescing path $.externalAccess.broker.service.loadBalancerIPs
[INFO] Coalescing path $.externalAccess.broker.service.loadBalancerSourceRanges
[INFO] Coalescing path $.externalAccess.broker.service.nodePorts
[INFO] Coalescing path $.externalAccess.broker.service.publishNotReadyAddresses
[INFO] Coalescing path $.externalAccess.broker.service.type
[INFO] Coalescing path $.externalAccess.controller.service.allocateLoadBalancerNodePorts
[INFO] Coalescing path $.externalAccess.controller.service.annotations
[INFO] Coalescing path $.externalAccess.controller.service.domain
[INFO] Coalescing path $.externalAccess.controller.service.externalIPs
[INFO] Coalescing path $.externalAccess.controller.service.extraPorts
[INFO] Coalescing path $.externalAccess.controller.service.ipFamilies
[INFO] Coalescing path $.externalAccess.controller.service.ipFamilyPolicy
[INFO] Coalescing path $.externalAccess.controller.service.labels
[INFO] Coalescing path $.externalAccess.controller.service.loadBalancerAnnotations
[INFO] Coalescing path $.externalAccess.controller.service.loadBalancerClass
[INFO] Coalescing path $.externalAccess.controller.service.loadBalancerIPs
[INFO] Coalescing path $.externalAccess.controller.service.loadBalancerSourceRanges
[INFO] Coalescing path $.externalAccess.controller.service.nodePorts
[INFO] Coalescing path $.externalAccess.controller.service.publishNotReadyAddresses
[INFO] Coalescing path $.externalAccess.controller.service.type
[INFO] Coalescing path $.listeners.extraListeners[*].containerPort
[INFO] Coalescing path $.metrics.jmx.containerPorts.metrics
[INFO] Coalescing path $.metrics.jmx.containerSecurityContext.enabled
[INFO] Coalescing path $.metrics.jmx.image.pullPolicy
[INFO] Coalescing path $.metrics.jmx.livenessProbe.enabled
[INFO] Coalescing path $.metrics.jmx.readinessProbe.enabled
[INFO] Coalescing path $.metrics.jmx.service.annotations
[INFO] Coalescing path $.metrics.jmx.service.clusterIP
[INFO] Coalescing path $.metrics.jmx.service.ipFamilies
[INFO] Coalescing path $.metrics.jmx.service.ipFamilyPolicy
[INFO] Coalescing path $.metrics.jmx.service.sessionAffinity
[INFO] Coalescing path $.provisioning.auth.tls.caCert
[INFO] Coalescing path $.provisioning.auth.tls.cert
[INFO] Coalescing path $.provisioning.auth.tls.certificatesSecret
[INFO] Coalescing path $.provisioning.auth.tls.key
[INFO] Coalescing path $.provisioning.auth.tls.keyPassword
[INFO] Coalescing path $.provisioning.auth.tls.keyPasswordSecretKey
[INFO] Coalescing path $.provisioning.auth.tls.keystore
[INFO] Coalescing path $.provisioning.auth.tls.keystorePassword
[INFO] Coalescing path $.provisioning.auth.tls.keystorePasswordSecretKey
[INFO] Coalescing path $.provisioning.auth.tls.passwordsSecret
[INFO] Coalescing path $.provisioning.auth.tls.truststore
[INFO] Coalescing path $.provisioning.auth.tls.truststorePassword
[INFO] Coalescing path $.provisioning.auth.tls.truststorePasswordSecretKey
[INFO] Coalescing path $.provisioning.auth.tls.type
[INFO] Coalescing path $.sasl.client.passwords[*]
[INFO] Coalescing path $.sasl.client.users[*]
[INFO] Coalescing path $.service.headless.broker.annotations
[INFO] Coalescing path $.service.headless.controller.annotations
[INFO] Coalescing path $.service.headless.controller.labels
[INFO] Coalescing path $.tls.autoGenerated.certManager.duration
[INFO] Coalescing path $.tls.autoGenerated.certManager.existingIssuer
[INFO] Coalescing path $.tls.autoGenerated.certManager.existingIssuerKind
[INFO] Coalescing path $.tls.autoGenerated.certManager.keyAlgorithm
[INFO] Coalescing path $.tls.autoGenerated.certManager.keySize
[INFO] Coalescing path $.tls.autoGenerated.certManager.renewBefore
[INFO] Coalescing path $.tls.autoGenerated.customAltNames[*]
[INFO] Coalescing path $.broker.autoscaling.vpa.updatePolicy.updateMode
[INFO] Coalescing path $.controller.autoscaling.vpa.updatePolicy.updateMode
[INFO] Coalescing path $.externalAccess.broker.service.externalIPs[*]
[INFO] Coalescing path $.externalAccess.broker.service.loadBalancerAnnotations[*]
[INFO] Coalescing path $.externalAccess.broker.service.loadBalancerIPs[*]
[INFO] Coalescing path $.externalAccess.broker.service.nodePorts[*]
[INFO] Coalescing path $.externalAccess.broker.service.ports.external
[INFO] Coalescing path $.externalAccess.controller.service.externalIPs[*]
[INFO] Coalescing path $.externalAccess.controller.service.loadBalancerAnnotations[*]
[INFO] Coalescing path $.externalAccess.controller.service.loadBalancerIPs[*]
[INFO] Coalescing path $.externalAccess.controller.service.nodePorts[*]
[INFO] Coalescing path $.externalAccess.controller.service.ports.external
[INFO] Coalescing path $.metrics.jmx.service.ports.metrics
[INFO] Testing known inputs first; arbitrary extra-key cases are deferred
[INFO] Compiler input baseline: 356 statically named fields
[INFO] Render hashes (run-local): 19 observed, 19 unique, 0 duplicate bundles; 0 successful validations reused
[INFO] Testing deferred arbitrary-key and original-schema robustness cases
[INFO] Compiler input baseline: 356 statically named fields
[INFO] Render hashes (run-local): 101 observed, 101 unique, 0 duplicate bundles; 0 successful validations reused
[INFO] .: failed; 0 charts remain
