[INFO] Chart 1/1: .
[INFO] Finite filtering unavailable: permutations need closed objects at (); set additionalProperties: false; prioritizing known inputs before robustness sampling
[INFO] Coalescing path $.affinity
[INFO] Coalescing path $.automountServiceAccountToken
[INFO] Coalescing path $.commonAnnotations
[INFO] Coalescing path $.commonLabels
[INFO] Coalescing path $.containerSecurityContext
[INFO] Coalescing path $.database
[INFO] Coalescing path $.extraDeploy
[INFO] Coalescing path $.extraVolumes
[INFO] Coalescing path $.hostAliases
[INFO] Coalescing path $.image
[INFO] Coalescing path $.initContainers
[INFO] Coalescing path $.nodeSelector
[INFO] Coalescing path $.podAffinityPreset
[INFO] Coalescing path $.podAnnotations
[INFO] Coalescing path $.podAntiAffinityPreset
[INFO] Coalescing path $.podLabels
[INFO] Coalescing path $.podSecurityContext
[INFO] Coalescing path $.priorityClassName
[INFO] Coalescing path $.replicaCount
[INFO] Coalescing path $.schedulerName
[INFO] Coalescing path $.sidecars
[INFO] Coalescing path $.terminationGracePeriodSeconds
[INFO] Coalescing path $.tolerations
[INFO] Coalescing path $.topologySpreadConstraints
[INFO] Coalescing path $.updateStrategy
[INFO] Coalescing path $.useDaemonset
[INFO] Coalescing path $.usePasswordFiles
[INFO] Coalescing path $.autoscaling.enabled
[INFO] Coalescing path $.autoscaling.maxReplicas
[INFO] Coalescing path $.autoscaling.metrics
[INFO] Coalescing path $.autoscaling.minReplicas
[INFO] Coalescing path $.containerSecurityContext.enabled
[INFO] Coalescing path $.diagnosticMode.args
[INFO] Coalescing path $.diagnosticMode.command
[INFO] Coalescing path $.diagnosticMode.enabled
[INFO] Coalescing path $.extraDeploy[*]
[INFO] Coalescing path $.image.debug
[INFO] Coalescing path $.image.pullPolicy
[INFO] Coalescing path $.ingress.annotations
[INFO] Coalescing path $.ingress.enabled
[INFO] Coalescing path $.ingress.extraHosts
[INFO] Coalescing path $.ingress.extraPaths
[INFO] Coalescing path $.ingress.extraRules
[INFO] Coalescing path $.ingress.extraTls
[INFO] Coalescing path $.ingress.hostname
[INFO] Coalescing path $.ingress.ingressClassName
[INFO] Coalescing path $.ingress.path
[INFO] Coalescing path $.ingress.pathType
[INFO] Coalescing path $.ingress.secrets
[INFO] Coalescing path $.ingress.selfSigned
[INFO] Coalescing path $.ingress.tls
[INFO] Coalescing path $.ingressController.customLivenessProbe
[INFO] Coalescing path $.ingressController.customReadinessProbe
[INFO] Coalescing path $.ingressController.customStartupProbe
[INFO] Coalescing path $.ingressController.enabled
[INFO] Coalescing path $.ingressController.extraEnvVars
[INFO] Coalescing path $.ingressController.extraEnvVarsCM
[INFO] Coalescing path $.ingressController.extraEnvVarsSecret
[INFO] Coalescing path $.ingressController.extraVolumeMounts
[INFO] Coalescing path $.ingressController.image
[INFO] Coalescing path $.ingressController.ingressClass
[INFO] Coalescing path $.ingressController.lifecycleHooks
[INFO] Coalescing path $.ingressController.proxyReadyTimeout
[INFO] Coalescing path $.ingressController.resources
[INFO] Coalescing path $.kong.customLivenessProbe
[INFO] Coalescing path $.kong.customReadinessProbe
[INFO] Coalescing path $.kong.customStartupProbe
[INFO] Coalescing path $.kong.declarativeConfig
[INFO] Coalescing path $.kong.declarativeConfigCM
[INFO] Coalescing path $.kong.extraEnvVars
[INFO] Coalescing path $.kong.extraEnvVarsCM
[INFO] Coalescing path $.kong.extraEnvVarsSecret
[INFO] Coalescing path $.kong.extraVolumeMounts
[INFO] Coalescing path $.kong.initScriptsCM
[INFO] Coalescing path $.kong.initScriptsSecret
[INFO] Coalescing path $.kong.lifecycleHooks
[INFO] Coalescing path $.kong.resources
[INFO] Coalescing path $.metrics.enabled
[INFO] Coalescing path $.migration.annotations
[INFO] Coalescing path $.migration.args
[INFO] Coalescing path $.migration.automountServiceAccountToken
[INFO] Coalescing path $.migration.command
[INFO] Coalescing path $.migration.extraEnvVars
[INFO] Coalescing path $.migration.extraEnvVarsCM
[INFO] Coalescing path $.migration.extraEnvVarsSecret
[INFO] Coalescing path $.migration.extraVolumeMounts
[INFO] Coalescing path $.migration.hostAliases
[INFO] Coalescing path $.migration.podAnnotations
[INFO] Coalescing path $.migration.podLabels
[INFO] Coalescing path $.migration.resources
[INFO] Coalescing path $.networkPolicy.allowExternal
[INFO] Coalescing path $.networkPolicy.allowExternalEgress
[INFO] Coalescing path $.networkPolicy.enabled
[INFO] Coalescing path $.networkPolicy.extraIngress
[INFO] Coalescing path $.networkPolicy.ingressNSMatchLabels
[INFO] Coalescing path $.networkPolicy.ingressNSPodMatchLabels
[INFO] Coalescing path $.nodeAffinityPreset.key
[INFO] Coalescing path $.nodeAffinityPreset.type
[INFO] Coalescing path $.nodeAffinityPreset.values
[INFO] Coalescing path $.pdb.create
[INFO] Coalescing path $.pdb.maxUnavailable
[INFO] Coalescing path $.pdb.minAvailable
[INFO] Coalescing path $.podSecurityContext.enabled
[INFO] Coalescing path $.service.adminHttpNodePort
[INFO] Coalescing path $.service.adminHttpPort
[INFO] Coalescing path $.service.adminHttpsNodePort
[INFO] Coalescing path $.service.adminHttpsPort
[INFO] Coalescing path $.service.annotations
[INFO] Coalescing path $.service.clusterIP
[INFO] Coalescing path $.service.disableHttpPort
[INFO] Coalescing path $.service.exposeAdmin
[INFO] Coalescing path $.service.externalTrafficPolicy
[INFO] Coalescing path $.service.extraPorts
[INFO] Coalescing path $.service.loadBalancerIP
[INFO] Coalescing path $.service.loadBalancerSourceRanges
[INFO] Coalescing path $.service.proxyHttpNodePort
[INFO] Coalescing path $.service.proxyHttpPort
[INFO] Coalescing path $.service.proxyHttpsNodePort
[INFO] Coalescing path $.service.proxyHttpsPort
[INFO] Coalescing path $.service.sessionAffinity
[INFO] Coalescing path $.service.sessionAffinityConfig
[INFO] Coalescing path $.service.type
[INFO] Coalescing path $.cassandra.external.password
[INFO] Coalescing path $.ingressController.containerPorts.health
[INFO] Coalescing path $.ingressController.image.pullPolicy
[INFO] Coalescing path $.ingressController.rbac.create
[INFO] Coalescing path $.ingressController.rbac.rules
[INFO] Coalescing path $.ingressController.serviceAccount.annotations
[INFO] Coalescing path $.ingressController.serviceAccount.automountServiceAccountToken
[INFO] Coalescing path $.ingressController.serviceAccount.create
[INFO] Coalescing path $.kong.containerPorts.adminHttp
[INFO] Coalescing path $.kong.containerPorts.adminHttps
[INFO] Coalescing path $.kong.containerPorts.proxyHttp
[INFO] Coalescing path $.kong.containerPorts.proxyHttps
[INFO] Coalescing path $.metrics.containerPorts.http
[INFO] Coalescing path $.metrics.service.annotations
[INFO] Coalescing path $.metrics.service.clusterIP
[INFO] Coalescing path $.metrics.service.port
[INFO] Coalescing path $.metrics.service.sessionAffinity
[INFO] Coalescing path $.metrics.serviceMonitor.enabled
[INFO] Coalescing path $.metrics.serviceMonitor.honorLabels
[INFO] Coalescing path $.metrics.serviceMonitor.interval
[INFO] Coalescing path $.metrics.serviceMonitor.jobLabel
[INFO] Coalescing path $.metrics.serviceMonitor.labels
[INFO] Coalescing path $.metrics.serviceMonitor.metricRelabelings
[INFO] Coalescing path $.metrics.serviceMonitor.namespace
[INFO] Coalescing path $.metrics.serviceMonitor.relabelings
[INFO] Coalescing path $.metrics.serviceMonitor.scrapeTimeout
[INFO] Coalescing path $.metrics.serviceMonitor.selector
[INFO] Coalescing path $.metrics.serviceMonitor.serviceAccount
[INFO] Coalescing path $.networkPolicy.ingressNSMatchLabels[*]
[INFO] Coalescing path $.networkPolicy.ingressNSPodMatchLabels[*]
[INFO] Coalescing path $.postgresql.external.password
[INFO] Coalescing path $.service.nodePorts.adminHttp
[INFO] Coalescing path $.service.nodePorts.adminHttps
[INFO] Coalescing path $.service.nodePorts.proxyHttp
[INFO] Coalescing path $.service.nodePorts.proxyHttps
[INFO] Coalescing path $.service.ports.adminHttp
[INFO] Coalescing path $.service.ports.adminHttps
[INFO] Coalescing path $.service.ports.proxyHttp
[INFO] Coalescing path $.service.ports.proxyHttps
[INFO] Coalescing path $.ingress.extraHosts[*].name
[INFO] Coalescing path $.ingress.extraHosts[*].path
[INFO] Coalescing path $.ingress.extraHosts[*].pathType
[INFO] Coalescing path $.ingress.secrets[*].certificate
[INFO] Coalescing path $.ingress.secrets[*].key
[INFO] Coalescing path $.ingress.secrets[*].name
[INFO] Coalescing path $.metrics.service.ports.http
[INFO] Coalescing path $.metrics.serviceMonitor.rbac.create
[INFO] Testing known inputs first; arbitrary extra-key cases are deferred
[INFO] Compiler input baseline: 156 statically named fields
[INFO] Render hashes (run-local): 24 observed, 24 unique, 0 duplicate bundles; 0 successful validations reused
[INFO] Testing deferred arbitrary-key and original-schema robustness cases
[INFO] Compiler input baseline: 156 statically named fields
[INFO] Render hashes (run-local): 101 observed, 101 unique, 0 duplicate bundles; 0 successful validations reused
[INFO] .: failed; 0 charts remain
