[INFO] Chart 1/1: .
[INFO] Finite filtering unavailable: permutations need closed objects at (); set additionalProperties: false; prioritizing known inputs before robustness sampling
[INFO] Coalescing path $.affinity
[INFO] Coalescing path $.arangodbImage
[INFO] Coalescing path $.automountServiceAccountToken
[INFO] Coalescing path $.clusterDomain
[INFO] Coalescing path $.commonAnnotations
[INFO] Coalescing path $.commonLabels
[INFO] Coalescing path $.containerSecurityContext
[INFO] Coalescing path $.customLivenessProbe
[INFO] Coalescing path $.customReadinessProbe
[INFO] Coalescing path $.customStartupProbe
[INFO] Coalescing path $.enableAPI
[INFO] Coalescing path $.enableCRDManagement
[INFO] Coalescing path $.extraDeploy
[INFO] Coalescing path $.extraEnvVars
[INFO] Coalescing path $.extraEnvVarsCM
[INFO] Coalescing path $.extraEnvVarsSecret
[INFO] Coalescing path $.extraVolumeMounts
[INFO] Coalescing path $.extraVolumes
[INFO] Coalescing path $.hostAliases
[INFO] Coalescing path $.image
[INFO] Coalescing path $.initContainers
[INFO] Coalescing path $.lifecycleHooks
[INFO] Coalescing path $.nodeSelector
[INFO] Coalescing path $.podAffinityPreset
[INFO] Coalescing path $.podAnnotations
[INFO] Coalescing path $.podAntiAffinityPreset
[INFO] Coalescing path $.podLabels
[INFO] Coalescing path $.podSecurityContext
[INFO] Coalescing path $.priorityClassName
[INFO] Coalescing path $.replicaCount
[INFO] Coalescing path $.resources
[INFO] Coalescing path $.schedulerName
[INFO] Coalescing path $.scope
[INFO] Coalescing path $.sidecars
[INFO] Coalescing path $.terminationGracePeriodSeconds
[INFO] Coalescing path $.tolerations
[INFO] Coalescing path $.topologySpreadConstraints
[INFO] Coalescing path $.updateStrategy
[INFO] Coalescing path $.auth.existingSecret
[INFO] Coalescing path $.auth.username
[INFO] Coalescing path $.containerPorts.apiGrpc
[INFO] Coalescing path $.containerPorts.apiHttp
[INFO] Coalescing path $.containerPorts.server
[INFO] Coalescing path $.containerSecurityContext.enabled
[INFO] Coalescing path $.diagnosticMode.args
[INFO] Coalescing path $.diagnosticMode.command
[INFO] Coalescing path $.diagnosticMode.enabled
[INFO] Coalescing path $.extraDeploy[*]
[INFO] Coalescing path $.features.analytics
[INFO] Coalescing path $.features.apps
[INFO] Coalescing path $.features.backup
[INFO] Coalescing path $.features.deployment
[INFO] Coalescing path $.features.deploymentReplications
[INFO] Coalescing path $.features.k8sToK8sClusterSync
[INFO] Coalescing path $.features.ml
[INFO] Coalescing path $.features.networking
[INFO] Coalescing path $.features.platform
[INFO] Coalescing path $.features.scheduler
[INFO] Coalescing path $.features.storage
[INFO] Coalescing path $.image.pullPolicy
[INFO] Coalescing path $.ingress.annotations
[INFO] Coalescing path $.ingress.enabled
[INFO] Coalescing path $.ingress.extraHosts
[INFO] Coalescing path $.ingress.extraPaths
[INFO] Coalescing path $.ingress.extraRules
[INFO] Coalescing path $.ingress.extraTls
[INFO] Coalescing path $.ingress.hostname
[INFO] Coalescing path $.ingress.ingressClassName
[INFO] Coalescing path $.ingress.path
[INFO] Coalescing path $.ingress.pathType
[INFO] Coalescing path $.ingress.secrets
[INFO] Coalescing path $.ingress.selfSigned
[INFO] Coalescing path $.ingress.tls
[INFO] Coalescing path $.metrics.annotations
[INFO] Coalescing path $.metrics.enabled
[INFO] Coalescing path $.networkPolicy.allowExternal
[INFO] Coalescing path $.networkPolicy.allowExternalEgress
[INFO] Coalescing path $.networkPolicy.enabled
[INFO] Coalescing path $.networkPolicy.extraEgress
[INFO] Coalescing path $.networkPolicy.extraIngress
[INFO] Coalescing path $.networkPolicy.ingressNSMatchLabels
[INFO] Coalescing path $.networkPolicy.ingressNSPodMatchLabels
[INFO] Coalescing path $.networkPolicy.kubeAPIServerPorts
[INFO] Coalescing path $.nodeAffinityPreset.key
[INFO] Coalescing path $.nodeAffinityPreset.type
[INFO] Coalescing path $.nodeAffinityPreset.values
[INFO] Coalescing path $.pdb.create
[INFO] Coalescing path $.pdb.maxUnavailable
[INFO] Coalescing path $.pdb.minAvailable
[INFO] Coalescing path $.podSecurityContext.enabled
[INFO] Coalescing path $.rbac.create
[INFO] Coalescing path $.service.annotations
[INFO] Coalescing path $.service.clusterIP
[INFO] Coalescing path $.service.externalTrafficPolicy
[INFO] Coalescing path $.service.extraPorts
[INFO] Coalescing path $.service.labels
[INFO] Coalescing path $.service.loadBalancerIP
[INFO] Coalescing path $.service.loadBalancerSourceRanges
[INFO] Coalescing path $.service.sessionAffinity
[INFO] Coalescing path $.service.sessionAffinityConfig
[INFO] Coalescing path $.service.type
[INFO] Coalescing path $.webhooks.containerSecurityContext
[INFO] Coalescing path $.webhooks.customLivenessProbe
[INFO] Coalescing path $.webhooks.customReadinessProbe
[INFO] Coalescing path $.webhooks.customStartupProbe
[INFO] Coalescing path $.webhooks.enabled
[INFO] Coalescing path $.webhooks.extraEnvVars
[INFO] Coalescing path $.webhooks.extraEnvVarsCM
[INFO] Coalescing path $.webhooks.extraEnvVarsSecret
[INFO] Coalescing path $.webhooks.extraVolumeMounts
[INFO] Coalescing path $.webhooks.lifecycleHooks
[INFO] Coalescing path $.webhooks.resources
[INFO] Coalescing path $.autoscaling.hpa.enabled
[INFO] Coalescing path $.autoscaling.hpa.maxReplicas
[INFO] Coalescing path $.autoscaling.hpa.minReplicas
[INFO] Coalescing path $.autoscaling.hpa.targetCPU
[INFO] Coalescing path $.autoscaling.hpa.targetMemory
[INFO] Coalescing path $.autoscaling.vpa.annotations
[INFO] Coalescing path $.autoscaling.vpa.controlledResources
[INFO] Coalescing path $.autoscaling.vpa.enabled
[INFO] Coalescing path $.autoscaling.vpa.maxAllowed
[INFO] Coalescing path $.autoscaling.vpa.minAllowed
[INFO] Coalescing path $.autoscaling.vpa.updatePolicy
[INFO] Coalescing path $.metrics.serviceMonitor.annotations
[INFO] Coalescing path $.metrics.serviceMonitor.enabled
[INFO] Coalescing path $.metrics.serviceMonitor.honorLabels
[INFO] Coalescing path $.metrics.serviceMonitor.interval
[INFO] Coalescing path $.metrics.serviceMonitor.jobLabel
[INFO] Coalescing path $.metrics.serviceMonitor.labels
[INFO] Coalescing path $.metrics.serviceMonitor.metricRelabelings
[INFO] Coalescing path $.metrics.serviceMonitor.namespace
[INFO] Coalescing path $.metrics.serviceMonitor.relabelings
[INFO] Coalescing path $.metrics.serviceMonitor.scrapeTimeout
[INFO] Coalescing path $.metrics.serviceMonitor.selector
[INFO] Coalescing path $.networkPolicy.ingressNSMatchLabels[*]
[INFO] Coalescing path $.networkPolicy.ingressNSPodMatchLabels[*]
[INFO] Coalescing path $.networkPolicy.kubeAPIServerPorts[*]
[INFO] Coalescing path $.rbac.extensions.acs
[INFO] Coalescing path $.rbac.extensions.at
[INFO] Coalescing path $.rbac.extensions.debug
[INFO] Coalescing path $.rbac.extensions.monitoring
[INFO] Coalescing path $.service.nodePorts.apiGrpc
[INFO] Coalescing path $.service.nodePorts.apiHttp
[INFO] Coalescing path $.service.nodePorts.server
[INFO] Coalescing path $.service.ports.apiGrpc
[INFO] Coalescing path $.service.ports.apiHttp
[INFO] Coalescing path $.service.ports.server
[INFO] Coalescing path $.serviceAccount.job.annotations
[INFO] Coalescing path $.serviceAccount.job.automountServiceAccountToken
[INFO] Coalescing path $.serviceAccount.job.create
[INFO] Coalescing path $.serviceAccount.operator.annotations
[INFO] Coalescing path $.serviceAccount.operator.automountServiceAccountToken
[INFO] Coalescing path $.serviceAccount.operator.create
[INFO] Coalescing path $.webhooks.containerPorts.webhook
[INFO] Coalescing path $.webhooks.containerSecurityContext.enabled
[INFO] Coalescing path $.webhooks.mutating.create
[INFO] Coalescing path $.webhooks.service.annotations
[INFO] Coalescing path $.webhooks.service.clusterIP
[INFO] Coalescing path $.webhooks.service.labels
[INFO] Coalescing path $.webhooks.validating.create
[INFO] Coalescing path $.autoscaling.vpa.updatePolicy.updateMode
[INFO] Coalescing path $.ingress.extraHosts[*].name
[INFO] Coalescing path $.ingress.extraHosts[*].path
[INFO] Coalescing path $.ingress.extraHosts[*].pathType
[INFO] Coalescing path $.ingress.secrets[*].certificate
[INFO] Coalescing path $.ingress.secrets[*].key
[INFO] Coalescing path $.ingress.secrets[*].name
[INFO] Coalescing path $.webhooks.service.ports.webhook
[INFO] Testing known inputs first; arbitrary extra-key cases are deferred
[INFO] Compiler input baseline: 153 statically named fields
[INFO] Render hashes (run-local): 34 observed, 34 unique, 0 duplicate bundles; 0 successful validations reused
[INFO] Testing deferred arbitrary-key and original-schema robustness cases
[INFO] Compiler input baseline: 153 statically named fields
[INFO] Render hashes (run-local): 101 observed, 101 unique, 0 duplicate bundles; 0 successful validations reused
[INFO] .: failed; 0 charts remain
