[INFO] Chart 1/1: .
[INFO] Finite filtering unavailable: permutations need closed objects at (); set additionalProperties: false; prioritizing known inputs before robustness sampling
[INFO] Coalescing path $.commonAnnotations
[INFO] Coalescing path $.commonLabels
[INFO] Coalescing path $.extraDeploy
[INFO] Coalescing path $.rayImage
[INFO] Coalescing path $.apiserver.affinity
[INFO] Coalescing path $.apiserver.automountServiceAccountToken
[INFO] Coalescing path $.apiserver.containerSecurityContext
[INFO] Coalescing path $.apiserver.customLivenessProbe
[INFO] Coalescing path $.apiserver.customReadinessProbe
[INFO] Coalescing path $.apiserver.customStartupProbe
[INFO] Coalescing path $.apiserver.enabled
[INFO] Coalescing path $.apiserver.extraEnvVars
[INFO] Coalescing path $.apiserver.extraEnvVarsCM
[INFO] Coalescing path $.apiserver.extraEnvVarsSecret
[INFO] Coalescing path $.apiserver.extraVolumeMounts
[INFO] Coalescing path $.apiserver.extraVolumes
[INFO] Coalescing path $.apiserver.hostAliases
[INFO] Coalescing path $.apiserver.image
[INFO] Coalescing path $.apiserver.initContainers
[INFO] Coalescing path $.apiserver.lifecycleHooks
[INFO] Coalescing path $.apiserver.nodeSelector
[INFO] Coalescing path $.apiserver.podAffinityPreset
[INFO] Coalescing path $.apiserver.podAnnotations
[INFO] Coalescing path $.apiserver.podAntiAffinityPreset
[INFO] Coalescing path $.apiserver.podLabels
[INFO] Coalescing path $.apiserver.podSecurityContext
[INFO] Coalescing path $.apiserver.priorityClassName
[INFO] Coalescing path $.apiserver.replicaCount
[INFO] Coalescing path $.apiserver.resources
[INFO] Coalescing path $.apiserver.schedulerName
[INFO] Coalescing path $.apiserver.sidecars
[INFO] Coalescing path $.apiserver.terminationGracePeriodSeconds
[INFO] Coalescing path $.apiserver.tolerations
[INFO] Coalescing path $.apiserver.topologySpreadConstraints
[INFO] Coalescing path $.apiserver.updateStrategy
[INFO] Coalescing path $.apiserver.watchAllNamespaces
[INFO] Coalescing path $.apiserver.watchNamespaces
[INFO] Coalescing path $.cluster.enabled
[INFO] Coalescing path $.cluster.serviceType
[INFO] Coalescing path $.diagnosticMode.args
[INFO] Coalescing path $.diagnosticMode.command
[INFO] Coalescing path $.diagnosticMode.enabled
[INFO] Coalescing path $.extraDeploy[*]
[INFO] Coalescing path $.operator.affinity
[INFO] Coalescing path $.operator.automountServiceAccountToken
[INFO] Coalescing path $.operator.containerSecurityContext
[INFO] Coalescing path $.operator.crNamespacedRbacEnable
[INFO] Coalescing path $.operator.customLivenessProbe
[INFO] Coalescing path $.operator.customReadinessProbe
[INFO] Coalescing path $.operator.customStartupProbe
[INFO] Coalescing path $.operator.enableBatchScheduler
[INFO] Coalescing path $.operator.enabled
[INFO] Coalescing path $.operator.extraEnvVars
[INFO] Coalescing path $.operator.extraEnvVarsCM
[INFO] Coalescing path $.operator.extraEnvVarsSecret
[INFO] Coalescing path $.operator.extraVolumeMounts
[INFO] Coalescing path $.operator.extraVolumes
[INFO] Coalescing path $.operator.hostAliases
[INFO] Coalescing path $.operator.image
[INFO] Coalescing path $.operator.initContainers
[INFO] Coalescing path $.operator.lifecycleHooks
[INFO] Coalescing path $.operator.nodeSelector
[INFO] Coalescing path $.operator.podAffinityPreset
[INFO] Coalescing path $.operator.podAnnotations
[INFO] Coalescing path $.operator.podAntiAffinityPreset
[INFO] Coalescing path $.operator.podLabels
[INFO] Coalescing path $.operator.podSecurityContext
[INFO] Coalescing path $.operator.priorityClassName
[INFO] Coalescing path $.operator.replicaCount
[INFO] Coalescing path $.operator.resources
[INFO] Coalescing path $.operator.schedulerName
[INFO] Coalescing path $.operator.sidecars
[INFO] Coalescing path $.operator.terminationGracePeriodSeconds
[INFO] Coalescing path $.operator.tolerations
[INFO] Coalescing path $.operator.topologySpreadConstraints
[INFO] Coalescing path $.operator.updateStrategy
[INFO] Coalescing path $.operator.watchAllNamespaces
[INFO] Coalescing path $.operator.watchNamespaces
[INFO] Coalescing path $.rayImage.pullPolicy
[INFO] Coalescing path $.apiserver.containerPorts.grpc
[INFO] Coalescing path $.apiserver.containerPorts.http
[INFO] Coalescing path $.apiserver.containerSecurityContext.enabled
[INFO] Coalescing path $.apiserver.image.pullPolicy
[INFO] Coalescing path $.apiserver.ingress.annotations
[INFO] Coalescing path $.apiserver.ingress.enabled
[INFO] Coalescing path $.apiserver.ingress.extraHosts
[INFO] Coalescing path $.apiserver.ingress.extraPaths
[INFO] Coalescing path $.apiserver.ingress.extraRules
[INFO] Coalescing path $.apiserver.ingress.extraTls
[INFO] Coalescing path $.apiserver.ingress.hostname
[INFO] Coalescing path $.apiserver.ingress.ingressClassName
[INFO] Coalescing path $.apiserver.ingress.path
[INFO] Coalescing path $.apiserver.ingress.pathType
[INFO] Coalescing path $.apiserver.ingress.secrets
[INFO] Coalescing path $.apiserver.ingress.selfSigned
[INFO] Coalescing path $.apiserver.ingress.tls
[INFO] Coalescing path $.apiserver.metrics.annotations
[INFO] Coalescing path $.apiserver.metrics.enabled
[INFO] Coalescing path $.apiserver.networkPolicy.allowExternal
[INFO] Coalescing path $.apiserver.networkPolicy.allowExternalEgress
[INFO] Coalescing path $.apiserver.networkPolicy.enabled
[INFO] Coalescing path $.apiserver.networkPolicy.extraEgress
[INFO] Coalescing path $.apiserver.networkPolicy.extraIngress
[INFO] Coalescing path $.apiserver.networkPolicy.ingressNSMatchLabels
[INFO] Coalescing path $.apiserver.networkPolicy.ingressNSPodMatchLabels
[INFO] Coalescing path $.apiserver.networkPolicy.kubeAPIServerPorts
[INFO] Coalescing path $.apiserver.nodeAffinityPreset.key
[INFO] Coalescing path $.apiserver.nodeAffinityPreset.type
[INFO] Coalescing path $.apiserver.nodeAffinityPreset.values
[INFO] Coalescing path $.apiserver.pdb.create
[INFO] Coalescing path $.apiserver.pdb.maxUnavailable
[INFO] Coalescing path $.apiserver.pdb.minAvailable
[INFO] Coalescing path $.apiserver.podSecurityContext.enabled
[INFO] Coalescing path $.apiserver.rbac.create
[INFO] Coalescing path $.apiserver.rbac.rules
[INFO] Coalescing path $.apiserver.service.annotations
[INFO] Coalescing path $.apiserver.service.clusterIP
[INFO] Coalescing path $.apiserver.service.externalTrafficPolicy
[INFO] Coalescing path $.apiserver.service.extraPorts
[INFO] Coalescing path $.apiserver.service.loadBalancerIP
[INFO] Coalescing path $.apiserver.service.loadBalancerSourceRanges
[INFO] Coalescing path $.apiserver.service.sessionAffinity
[INFO] Coalescing path $.apiserver.service.sessionAffinityConfig
[INFO] Coalescing path $.apiserver.service.type
[INFO] Coalescing path $.apiserver.serviceAccount.annotations
[INFO] Coalescing path $.apiserver.serviceAccount.automountServiceAccountToken
[INFO] Coalescing path $.apiserver.serviceAccount.create
[INFO] Coalescing path $.cluster.head.affinity
[INFO] Coalescing path $.cluster.head.automountServiceAccountToken
[INFO] Coalescing path $.cluster.head.containerSecurityContext
[INFO] Coalescing path $.cluster.head.customLivenessProbe
[INFO] Coalescing path $.cluster.head.customReadinessProbe
[INFO] Coalescing path $.cluster.head.customStartupProbe
[INFO] Coalescing path $.cluster.head.extraEnvVars
[INFO] Coalescing path $.cluster.head.extraEnvVarsCM
[INFO] Coalescing path $.cluster.head.extraEnvVarsSecret
[INFO] Coalescing path $.cluster.head.extraVolumeMounts
[INFO] Coalescing path $.cluster.head.extraVolumes
[INFO] Coalescing path $.cluster.head.hostAliases
[INFO] Coalescing path $.cluster.head.initContainers
[INFO] Coalescing path $.cluster.head.lifecycleHooks
[INFO] Coalescing path $.cluster.head.nodeSelector
[INFO] Coalescing path $.cluster.head.podAffinityPreset
[INFO] Coalescing path $.cluster.head.podAnnotations
[INFO] Coalescing path $.cluster.head.podAntiAffinityPreset
[INFO] Coalescing path $.cluster.head.podLabels
[INFO] Coalescing path $.cluster.head.podSecurityContext
[INFO] Coalescing path $.cluster.head.priorityClassName
[INFO] Coalescing path $.cluster.head.rayStartParams
[INFO] Coalescing path $.cluster.head.resources
[INFO] Coalescing path $.cluster.head.schedulerName
[INFO] Coalescing path $.cluster.head.sidecars
[INFO] Coalescing path $.cluster.head.terminationGracePeriodSeconds
[INFO] Coalescing path $.cluster.head.tolerations
[INFO] Coalescing path $.cluster.head.topologySpreadConstraints
[INFO] Coalescing path $.cluster.serviceAccount.annotations
[INFO] Coalescing path $.cluster.serviceAccount.automountServiceAccountToken
[INFO] Coalescing path $.cluster.serviceAccount.create
[INFO] Coalescing path $.cluster.worker.groupSpecs
[INFO] Coalescing path $.operator.containerPorts.health
[INFO] Coalescing path $.operator.containerPorts.metrics
[INFO] Coalescing path $.operator.containerSecurityContext.enabled
[INFO] Coalescing path $.operator.image.pullPolicy
[INFO] Coalescing path $.operator.ingress.annotations
[INFO] Coalescing path $.operator.ingress.enabled
[INFO] Coalescing path $.operator.ingress.extraHosts
[INFO] Coalescing path $.operator.ingress.extraPaths
[INFO] Coalescing path $.operator.ingress.extraRules
[INFO] Coalescing path $.operator.ingress.extraTls
[INFO] Coalescing path $.operator.ingress.hostname
[INFO] Coalescing path $.operator.ingress.ingressClassName
[INFO] Coalescing path $.operator.ingress.path
[INFO] Coalescing path $.operator.ingress.pathType
[INFO] Coalescing path $.operator.ingress.secrets
[INFO] Coalescing path $.operator.ingress.selfSigned
[INFO] Coalescing path $.operator.ingress.tls
[INFO] Coalescing path $.operator.metrics.annotations
[INFO] Coalescing path $.operator.metrics.enabled
[INFO] Coalescing path $.operator.networkPolicy.allowExternal
[INFO] Coalescing path $.operator.networkPolicy.allowExternalEgress
[INFO] Coalescing path $.operator.networkPolicy.enabled
[INFO] Coalescing path $.operator.networkPolicy.extraEgress
[INFO] Coalescing path $.operator.networkPolicy.extraIngress
[INFO] Coalescing path $.operator.networkPolicy.ingressNSMatchLabels
[INFO] Coalescing path $.operator.networkPolicy.ingressNSPodMatchLabels
[INFO] Coalescing path $.operator.networkPolicy.kubeAPIServerPorts
[INFO] Coalescing path $.operator.nodeAffinityPreset.key
[INFO] Coalescing path $.operator.nodeAffinityPreset.type
[INFO] Coalescing path $.operator.nodeAffinityPreset.values
[INFO] Coalescing path $.operator.pdb.create
[INFO] Coalescing path $.operator.pdb.maxUnavailable
[INFO] Coalescing path $.operator.pdb.minAvailable
[INFO] Coalescing path $.operator.podSecurityContext.enabled
[INFO] Coalescing path $.operator.rbac.create
[INFO] Coalescing path $.operator.rbac.rules
[INFO] Coalescing path $.operator.service.annotations
[INFO] Coalescing path $.operator.service.clusterIP
[INFO] Coalescing path $.operator.service.externalTrafficPolicy
[INFO] Coalescing path $.operator.service.extraPorts
[INFO] Coalescing path $.operator.service.loadBalancerIP
[INFO] Coalescing path $.operator.service.loadBalancerSourceRanges
[INFO] Coalescing path $.operator.service.sessionAffinity
[INFO] Coalescing path $.operator.service.sessionAffinityConfig
[INFO] Coalescing path $.operator.service.type
[INFO] Coalescing path $.operator.serviceAccount.annotations
[INFO] Coalescing path $.operator.serviceAccount.automountServiceAccountToken
[INFO] Coalescing path $.operator.serviceAccount.create
[INFO] Coalescing path $.apiserver.autoscaling.hpa.enabled
[INFO] Coalescing path $.apiserver.autoscaling.hpa.maxReplicas
[INFO] Coalescing path $.apiserver.autoscaling.hpa.minReplicas
[INFO] Coalescing path $.apiserver.autoscaling.hpa.targetCPU
[INFO] Coalescing path $.apiserver.autoscaling.hpa.targetMemory
[INFO] Coalescing path $.apiserver.autoscaling.vpa.annotations
[INFO] Coalescing path $.apiserver.autoscaling.vpa.controlledResources
[INFO] Coalescing path $.apiserver.autoscaling.vpa.enabled
[INFO] Coalescing path $.apiserver.autoscaling.vpa.maxAllowed
[INFO] Coalescing path $.apiserver.autoscaling.vpa.minAllowed
[INFO] Coalescing path $.apiserver.autoscaling.vpa.updatePolicy
[INFO] Coalescing path $.apiserver.metrics.serviceMonitor.annotations
[INFO] Coalescing path $.apiserver.metrics.serviceMonitor.enabled
[INFO] Coalescing path $.apiserver.metrics.serviceMonitor.honorLabels
[INFO] Coalescing path $.apiserver.metrics.serviceMonitor.interval
[INFO] Coalescing path $.apiserver.metrics.serviceMonitor.jobLabel
[INFO] Coalescing path $.apiserver.metrics.serviceMonitor.labels
[INFO] Coalescing path $.apiserver.metrics.serviceMonitor.metricRelabelings
[INFO] Coalescing path $.apiserver.metrics.serviceMonitor.namespace
[INFO] Coalescing path $.apiserver.metrics.serviceMonitor.relabelings
[INFO] Coalescing path $.apiserver.metrics.serviceMonitor.scrapeTimeout
[INFO] Coalescing path $.apiserver.metrics.serviceMonitor.selector
[INFO] Coalescing path $.apiserver.networkPolicy.ingressNSMatchLabels[*]
[INFO] Coalescing path $.apiserver.networkPolicy.ingressNSPodMatchLabels[*]
[INFO] Coalescing path $.apiserver.networkPolicy.kubeAPIServerPorts[*]
[INFO] Coalescing path $.apiserver.service.nodePorts.grpc
[INFO] Coalescing path $.apiserver.service.nodePorts.http
[INFO] Coalescing path $.apiserver.service.ports.grpc
[INFO] Coalescing path $.apiserver.service.ports.http
[INFO] Coalescing path $.cluster.head.containerSecurityContext.enabled
[INFO] Coalescing path $.cluster.head.nodeAffinityPreset.key
[INFO] Coalescing path $.cluster.head.nodeAffinityPreset.type
[INFO] Coalescing path $.cluster.head.nodeAffinityPreset.values
[INFO] Coalescing path $.cluster.head.podSecurityContext.enabled
[INFO] Coalescing path $.cluster.worker.common.affinity
[INFO] Coalescing path $.cluster.worker.common.args
[INFO] Coalescing path $.cluster.worker.common.command
[INFO] Coalescing path $.cluster.worker.common.containerSecurityContext
[INFO] Coalescing path $.cluster.worker.common.customLivenessProbe
[INFO] Coalescing path $.cluster.worker.common.customReadinessProbe
[INFO] Coalescing path $.cluster.worker.common.customStartupProbe
[INFO] Coalescing path $.cluster.worker.common.extraEnvVars
[INFO] Coalescing path $.cluster.worker.common.extraEnvVarsCM
[INFO] Coalescing path $.cluster.worker.common.extraEnvVarsSecret
[INFO] Coalescing path $.cluster.worker.common.extraVolumeMounts
[INFO] Coalescing path $.cluster.worker.common.extraVolumes
[INFO] Coalescing path $.cluster.worker.common.hostAliases
[INFO] Coalescing path $.cluster.worker.common.initContainers
[INFO] Coalescing path $.cluster.worker.common.lifecycleHooks
[INFO] Coalescing path $.cluster.worker.common.nodeAffinityPreset
[INFO] Coalescing path $.cluster.worker.common.nodeSelector
[INFO] Coalescing path $.cluster.worker.common.podAffinityPreset
[INFO] Coalescing path $.cluster.worker.common.podAnnotations
[INFO] Coalescing path $.cluster.worker.common.podAntiAffinityPreset
[INFO] Coalescing path $.cluster.worker.common.podLabels
[INFO] Coalescing path $.cluster.worker.common.podSecurityContext
[INFO] Coalescing path $.cluster.worker.common.priorityClassName
[INFO] Coalescing path $.cluster.worker.common.rayStartParams
[INFO] Coalescing path $.cluster.worker.common.replicaCount
[INFO] Coalescing path $.cluster.worker.common.resources
[INFO] Coalescing path $.cluster.worker.common.schedulerName
[INFO] Coalescing path $.cluster.worker.common.sidecars
[INFO] Coalescing path $.cluster.worker.common.terminationGracePeriodSeconds
[INFO] Coalescing path $.cluster.worker.common.tolerations
[INFO] Coalescing path $.cluster.worker.common.topologySpreadConstraints
[INFO] Coalescing path $.cluster.worker.groupSpecs[*]
[INFO] Coalescing path $.operator.autoscaling.hpa.enabled
[INFO] Coalescing path $.operator.autoscaling.hpa.maxReplicas
[INFO] Coalescing path $.operator.autoscaling.hpa.minReplicas
[INFO] Coalescing path $.operator.autoscaling.hpa.targetCPU
[INFO] Coalescing path $.operator.autoscaling.hpa.targetMemory
[INFO] Coalescing path $.operator.autoscaling.vpa.annotations
[INFO] Coalescing path $.operator.autoscaling.vpa.controlledResources
[INFO] Coalescing path $.operator.autoscaling.vpa.enabled
[INFO] Coalescing path $.operator.autoscaling.vpa.maxAllowed
[INFO] Coalescing path $.operator.autoscaling.vpa.minAllowed
[INFO] Coalescing path $.operator.autoscaling.vpa.updatePolicy
[INFO] Coalescing path $.operator.metrics.serviceMonitor.annotations
[INFO] Coalescing path $.operator.metrics.serviceMonitor.enabled
[INFO] Coalescing path $.operator.metrics.serviceMonitor.honorLabels
[INFO] Coalescing path $.operator.metrics.serviceMonitor.interval
[INFO] Coalescing path $.operator.metrics.serviceMonitor.jobLabel
[INFO] Coalescing path $.operator.metrics.serviceMonitor.labels
[INFO] Coalescing path $.operator.metrics.serviceMonitor.metricRelabelings
[INFO] Coalescing path $.operator.metrics.serviceMonitor.namespace
[INFO] Coalescing path $.operator.metrics.serviceMonitor.relabelings
[INFO] Coalescing path $.operator.metrics.serviceMonitor.scrapeTimeout
[INFO] Coalescing path $.operator.metrics.serviceMonitor.selector
[INFO] Coalescing path $.operator.networkPolicy.ingressNSMatchLabels[*]
[INFO] Coalescing path $.operator.networkPolicy.ingressNSPodMatchLabels[*]
[INFO] Coalescing path $.operator.networkPolicy.kubeAPIServerPorts[*]
[INFO] Coalescing path $.operator.service.nodePorts.metrics
[INFO] Coalescing path $.operator.service.ports.metrics
[INFO] Coalescing path $.apiserver.autoscaling.vpa.updatePolicy.updateMode
[INFO] Coalescing path $.apiserver.ingress.extraHosts[*].name
[INFO] Coalescing path $.apiserver.ingress.extraHosts[*].path
[INFO] Coalescing path $.apiserver.ingress.extraHosts[*].pathType
[INFO] Coalescing path $.apiserver.ingress.secrets[*].certificate
[INFO] Coalescing path $.apiserver.ingress.secrets[*].key
[INFO] Coalescing path $.apiserver.ingress.secrets[*].name
[INFO] Coalescing path $.cluster.worker.groupSpecs[*].affinity
[INFO] Coalescing path $.cluster.worker.groupSpecs[*].args
[INFO] Coalescing path $.cluster.worker.groupSpecs[*].command
[INFO] Coalescing path $.cluster.worker.groupSpecs[*].containerSecurityContext
[INFO] Coalescing path $.cluster.worker.groupSpecs[*].customLivenessProbe
[INFO] Coalescing path $.cluster.worker.groupSpecs[*].customReadinessProbe
[INFO] Coalescing path $.cluster.worker.groupSpecs[*].customStartupProbe
[INFO] Coalescing path $.cluster.worker.groupSpecs[*].extraEnvVars
[INFO] Coalescing path $.cluster.worker.groupSpecs[*].extraEnvVarsCM
[INFO] Coalescing path $.cluster.worker.groupSpecs[*].extraEnvVarsSecret
[INFO] Coalescing path $.cluster.worker.groupSpecs[*].extraVolumeMounts
[INFO] Coalescing path $.cluster.worker.groupSpecs[*].extraVolumes
[INFO] Coalescing path $.cluster.worker.groupSpecs[*].groupName
[INFO] Coalescing path $.cluster.worker.groupSpecs[*].hostAliases
[INFO] Coalescing path $.cluster.worker.groupSpecs[*].initContainers
[INFO] Coalescing path $.cluster.worker.groupSpecs[*].lifecycleHooks
[INFO] Coalescing path $.cluster.worker.groupSpecs[*].nodeAffinityPreset
[INFO] Coalescing path $.cluster.worker.groupSpecs[*].nodeSelector
[INFO] Coalescing path $.cluster.worker.groupSpecs[*].podAffinityPreset
[INFO] Coalescing path $.cluster.worker.groupSpecs[*].podAnnotations
[INFO] Coalescing path $.cluster.worker.groupSpecs[*].podAntiAffinityPreset
[INFO] Coalescing path $.cluster.worker.groupSpecs[*].podLabels
[INFO] Coalescing path $.cluster.worker.groupSpecs[*].podSecurityContext
[INFO] Coalescing path $.cluster.worker.groupSpecs[*].priorityClassName
[INFO] Coalescing path $.cluster.worker.groupSpecs[*].rayStartParams
[INFO] Coalescing path $.cluster.worker.groupSpecs[*].replicaCount
[INFO] Coalescing path $.cluster.worker.groupSpecs[*].resources
[INFO] Coalescing path $.cluster.worker.groupSpecs[*].schedulerName
[INFO] Coalescing path $.cluster.worker.groupSpecs[*].sidecars
[INFO] Coalescing path $.cluster.worker.groupSpecs[*].terminationGracePeriodSeconds
[INFO] Coalescing path $.cluster.worker.groupSpecs[*].tolerations
[INFO] Coalescing path $.cluster.worker.groupSpecs[*].topologySpreadConstraints
[INFO] Coalescing path $.operator.autoscaling.vpa.updatePolicy.updateMode
[INFO] Coalescing path $.operator.ingress.extraHosts[*].name
[INFO] Coalescing path $.operator.ingress.extraHosts[*].path
[INFO] Coalescing path $.operator.ingress.extraHosts[*].pathType
[INFO] Coalescing path $.operator.ingress.secrets[*].certificate
[INFO] Coalescing path $.operator.ingress.secrets[*].key
[INFO] Coalescing path $.operator.ingress.secrets[*].name
[INFO] Testing known inputs first; arbitrary extra-key cases are deferred
[INFO] Compiler input baseline: 283 statically named fields
[INFO] Render hashes (run-local): 27 observed, 7 unique, 20 duplicate bundles; 20 successful validations reused
[INFO] Testing deferred arbitrary-key and original-schema robustness cases
[INFO] Compiler input baseline: 283 statically named fields
[INFO] Render hashes (run-local): 101 observed, 1 unique, 100 duplicate bundles; 100 successful validations reused
[INFO] .: failed; 0 charts remain
