[INFO] Chart 1/1: .
[INFO] Finite filtering unavailable: permutations need closed objects at (); set additionalProperties: false; prioritizing known inputs before robustness sampling
[INFO] Coalescing path $.architecture
[INFO] Coalescing path $.clusterDomain
[INFO] Coalescing path $.commonAnnotations
[INFO] Coalescing path $.commonLabels
[INFO] Coalescing path $.extraDeploy
[INFO] Coalescing path $.global
[INFO] Coalescing path $.image
[INFO] Coalescing path $.initdbScripts
[INFO] Coalescing path $.initdbScriptsConfigMap
[INFO] Coalescing path $.schedulerName
[INFO] Coalescing path $.usePasswordFiles
[INFO] Coalescing path $.auth.customPasswordFiles
[INFO] Coalescing path $.auth.database
[INFO] Coalescing path $.auth.forcePassword
[INFO] Coalescing path $.auth.password
[INFO] Coalescing path $.auth.replicationPassword
[INFO] Coalescing path $.auth.replicationUser
[INFO] Coalescing path $.auth.rootPassword
[INFO] Coalescing path $.auth.usePasswordFiles
[INFO] Coalescing path $.auth.username
[INFO] Coalescing path $.diagnosticMode.args
[INFO] Coalescing path $.diagnosticMode.command
[INFO] Coalescing path $.diagnosticMode.enabled
[INFO] Coalescing path $.extraDeploy[*]
[INFO] Coalescing path $.image.debug
[INFO] Coalescing path $.image.pullPolicy
[INFO] Coalescing path $.metrics.annotations
[INFO] Coalescing path $.metrics.containerSecurityContext
[INFO] Coalescing path $.metrics.enabled
[INFO] Coalescing path $.metrics.image
[INFO] Coalescing path $.metrics.livenessProbe
[INFO] Coalescing path $.metrics.readinessProbe
[INFO] Coalescing path $.metrics.resources
[INFO] Coalescing path $.networkPolicy.allowExternal
[INFO] Coalescing path $.networkPolicy.allowExternalEgress
[INFO] Coalescing path $.networkPolicy.enabled
[INFO] Coalescing path $.networkPolicy.extraEgress
[INFO] Coalescing path $.networkPolicy.extraIngress
[INFO] Coalescing path $.networkPolicy.ingressNSMatchLabels
[INFO] Coalescing path $.networkPolicy.ingressNSPodMatchLabels
[INFO] Coalescing path $.passwordUpdateJob.args
[INFO] Coalescing path $.passwordUpdateJob.automountServiceAccountToken
[INFO] Coalescing path $.passwordUpdateJob.backoffLimit
[INFO] Coalescing path $.passwordUpdateJob.command
[INFO] Coalescing path $.passwordUpdateJob.containerSecurityContext
[INFO] Coalescing path $.passwordUpdateJob.customLivenessProbe
[INFO] Coalescing path $.passwordUpdateJob.customReadinessProbe
[INFO] Coalescing path $.passwordUpdateJob.customStartupProbe
[INFO] Coalescing path $.passwordUpdateJob.enabled
[INFO] Coalescing path $.passwordUpdateJob.extraEnvVars
[INFO] Coalescing path $.passwordUpdateJob.extraEnvVarsCM
[INFO] Coalescing path $.passwordUpdateJob.extraEnvVarsSecret
[INFO] Coalescing path $.passwordUpdateJob.extraVolumeMounts
[INFO] Coalescing path $.passwordUpdateJob.extraVolumes
[INFO] Coalescing path $.passwordUpdateJob.hostAliases
[INFO] Coalescing path $.passwordUpdateJob.initContainers
[INFO] Coalescing path $.passwordUpdateJob.podAnnotations
[INFO] Coalescing path $.passwordUpdateJob.podLabels
[INFO] Coalescing path $.passwordUpdateJob.podSecurityContext
[INFO] Coalescing path $.passwordUpdateJob.resources
[INFO] Coalescing path $.primary.affinity
[INFO] Coalescing path $.primary.automountServiceAccountToken
[INFO] Coalescing path $.primary.configuration
[INFO] Coalescing path $.primary.containerSecurityContext
[INFO] Coalescing path $.primary.customLivenessProbe
[INFO] Coalescing path $.primary.customReadinessProbe
[INFO] Coalescing path $.primary.customStartupProbe
[INFO] Coalescing path $.primary.existingConfigmap
[INFO] Coalescing path $.primary.extraEnvVars
[INFO] Coalescing path $.primary.extraEnvVarsCM
[INFO] Coalescing path $.primary.extraEnvVarsSecret
[INFO] Coalescing path $.primary.extraFlags
[INFO] Coalescing path $.primary.extraVolumeMounts
[INFO] Coalescing path $.primary.extraVolumes
[INFO] Coalescing path $.primary.hostAliases
[INFO] Coalescing path $.primary.initContainerSecurityContext
[INFO] Coalescing path $.primary.initContainers
[INFO] Coalescing path $.primary.lifecycleHooks
[INFO] Coalescing path $.primary.nodeSelector
[INFO] Coalescing path $.primary.podAffinityPreset
[INFO] Coalescing path $.primary.podAnnotations
[INFO] Coalescing path $.primary.podAntiAffinityPreset
[INFO] Coalescing path $.primary.podLabels
[INFO] Coalescing path $.primary.podSecurityContext
[INFO] Coalescing path $.primary.priorityClassName
[INFO] Coalescing path $.primary.resources
[INFO] Coalescing path $.primary.revisionHistoryLimit
[INFO] Coalescing path $.primary.runtimeClassName
[INFO] Coalescing path $.primary.schedulerName
[INFO] Coalescing path $.primary.sidecars
[INFO] Coalescing path $.primary.startupWaitOptions
[INFO] Coalescing path $.primary.terminationGracePeriodSeconds
[INFO] Coalescing path $.primary.tolerations
[INFO] Coalescing path $.primary.topologySpreadConstraints
[INFO] Coalescing path $.primary.updateStrategy
[INFO] Coalescing path $.rbac.create
[INFO] Coalescing path $.secondary.affinity
[INFO] Coalescing path $.secondary.automountServiceAccountToken
[INFO] Coalescing path $.secondary.configuration
[INFO] Coalescing path $.secondary.containerSecurityContext
[INFO] Coalescing path $.secondary.customLivenessProbe
[INFO] Coalescing path $.secondary.customReadinessProbe
[INFO] Coalescing path $.secondary.customStartupProbe
[INFO] Coalescing path $.secondary.existingConfigmap
[INFO] Coalescing path $.secondary.extraEnvVars
[INFO] Coalescing path $.secondary.extraEnvVarsCM
[INFO] Coalescing path $.secondary.extraEnvVarsSecret
[INFO] Coalescing path $.secondary.extraFlags
[INFO] Coalescing path $.secondary.extraVolumeMounts
[INFO] Coalescing path $.secondary.extraVolumes
[INFO] Coalescing path $.secondary.hostAliases
[INFO] Coalescing path $.secondary.initContainers
[INFO] Coalescing path $.secondary.lifecycleHooks
[INFO] Coalescing path $.secondary.nodeSelector
[INFO] Coalescing path $.secondary.persistence
[INFO] Coalescing path $.secondary.podAffinityPreset
[INFO] Coalescing path $.secondary.podAnnotations
[INFO] Coalescing path $.secondary.podAntiAffinityPreset
[INFO] Coalescing path $.secondary.podLabels
[INFO] Coalescing path $.secondary.podManagementPolicy
[INFO] Coalescing path $.secondary.podSecurityContext
[INFO] Coalescing path $.secondary.priorityClassName
[INFO] Coalescing path $.secondary.replicaCount
[INFO] Coalescing path $.secondary.resources
[INFO] Coalescing path $.secondary.revisionHistoryLimit
[INFO] Coalescing path $.secondary.runtimeClassName
[INFO] Coalescing path $.secondary.schedulerName
[INFO] Coalescing path $.secondary.sidecars
[INFO] Coalescing path $.secondary.startupWaitOptions
[INFO] Coalescing path $.secondary.terminationGracePeriodSeconds
[INFO] Coalescing path $.secondary.tolerations
[INFO] Coalescing path $.secondary.topologySpreadConstraints
[INFO] Coalescing path $.secondary.updateStrategy
[INFO] Coalescing path $.serviceAccount.annotations
[INFO] Coalescing path $.serviceAccount.automountServiceAccountToken
[INFO] Coalescing path $.serviceAccount.create
[INFO] Coalescing path $.serviceBindings.enabled
[INFO] Coalescing path $.tde.enabled
[INFO] Coalescing path $.tde.encryptedKeyFilename
[INFO] Coalescing path $.tde.existingSecret
[INFO] Coalescing path $.tde.randomKeyFilename
[INFO] Coalescing path $.tls.enabled
[INFO] Coalescing path $.volumePermissions.enabled
[INFO] Coalescing path $.volumePermissions.image
[INFO] Coalescing path $.volumePermissions.resources
[INFO] Coalescing path $.auth.customPasswordFiles.replicator
[INFO] Coalescing path $.auth.customPasswordFiles.root
[INFO] Coalescing path $.auth.customPasswordFiles.user
[INFO] Coalescing path $.metrics.containerPorts.http
[INFO] Coalescing path $.metrics.containerSecurityContext.enabled
[INFO] Coalescing path $.metrics.extraArgs.primary
[INFO] Coalescing path $.metrics.extraVolumeMounts.primary
[INFO] Coalescing path $.metrics.extraVolumeMounts.secondary
[INFO] Coalescing path $.metrics.image.pullPolicy
[INFO] Coalescing path $.metrics.livenessProbe.enabled
[INFO] Coalescing path $.metrics.prometheusRule.additionalLabels
[INFO] Coalescing path $.metrics.prometheusRule.enabled
[INFO] Coalescing path $.metrics.prometheusRule.namespace
[INFO] Coalescing path $.metrics.prometheusRule.rules
[INFO] Coalescing path $.metrics.readinessProbe.enabled
[INFO] Coalescing path $.metrics.serviceMonitor.enabled
[INFO] Coalescing path $.metrics.serviceMonitor.honorLabels
[INFO] Coalescing path $.metrics.serviceMonitor.interval
[INFO] Coalescing path $.metrics.serviceMonitor.jobLabel
[INFO] Coalescing path $.metrics.serviceMonitor.labels
[INFO] Coalescing path $.metrics.serviceMonitor.metricRelabelings
[INFO] Coalescing path $.metrics.serviceMonitor.namespace
[INFO] Coalescing path $.metrics.serviceMonitor.relabelings
[INFO] Coalescing path $.metrics.serviceMonitor.scrapeTimeout
[INFO] Coalescing path $.metrics.serviceMonitor.selector
[INFO] Coalescing path $.networkPolicy.ingressNSMatchLabels[*]
[INFO] Coalescing path $.networkPolicy.ingressNSPodMatchLabels[*]
[INFO] Coalescing path $.passwordUpdateJob.containerSecurityContext.enabled
[INFO] Coalescing path $.passwordUpdateJob.podSecurityContext.enabled
[INFO] Coalescing path $.passwordUpdateJob.previousPasswords.existingSecret
[INFO] Coalescing path $.passwordUpdateJob.previousPasswords.password
[INFO] Coalescing path $.passwordUpdateJob.previousPasswords.replicationPassword
[INFO] Coalescing path $.passwordUpdateJob.previousPasswords.rootPassword
[INFO] Coalescing path $.primary.containerPorts.mysql
[INFO] Coalescing path $.primary.containerSecurityContext.enabled
[INFO] Coalescing path $.primary.containerSecurityContext.runAsUser
[INFO] Coalescing path $.primary.initContainerSecurityContext.enabled
[INFO] Coalescing path $.primary.nodeAffinityPreset.key
[INFO] Coalescing path $.primary.nodeAffinityPreset.type
[INFO] Coalescing path $.primary.nodeAffinityPreset.values
[INFO] Coalescing path $.primary.pdb.create
[INFO] Coalescing path $.primary.pdb.maxUnavailable
[INFO] Coalescing path $.primary.pdb.minAvailable
[INFO] Coalescing path $.primary.persistence.enabled
[INFO] Coalescing path $.primary.persistence.existingClaim
[INFO] Coalescing path $.primary.persistence.subPath
[INFO] Coalescing path $.primary.podSecurityContext.enabled
[INFO] Coalescing path $.primary.podSecurityContext.fsGroup
[INFO] Coalescing path $.primary.service.annotations
[INFO] Coalescing path $.primary.service.clusterIP
[INFO] Coalescing path $.primary.service.externalTrafficPolicy
[INFO] Coalescing path $.primary.service.extraPorts
[INFO] Coalescing path $.primary.service.loadBalancerIP
[INFO] Coalescing path $.primary.service.loadBalancerSourceRanges
[INFO] Coalescing path $.primary.service.nodePort
[INFO] Coalescing path $.primary.service.port
[INFO] Coalescing path $.primary.service.sessionAffinity
[INFO] Coalescing path $.primary.service.sessionAffinityConfig
[INFO] Coalescing path $.primary.service.type
[INFO] Coalescing path $.primary.startupWaitOptions.retries
[INFO] Coalescing path $.primary.startupWaitOptions.sleepTime
[INFO] Coalescing path $.secondary.containerPorts.mysql
[INFO] Coalescing path $.secondary.containerSecurityContext.enabled
[INFO] Coalescing path $.secondary.containerSecurityContext.runAsUser
[INFO] Coalescing path $.secondary.nodeAffinityPreset.key
[INFO] Coalescing path $.secondary.nodeAffinityPreset.type
[INFO] Coalescing path $.secondary.nodeAffinityPreset.values
[INFO] Coalescing path $.secondary.pdb.create
[INFO] Coalescing path $.secondary.pdb.maxUnavailable
[INFO] Coalescing path $.secondary.pdb.minAvailable
[INFO] Coalescing path $.secondary.persistence.accessModes
[INFO] Coalescing path $.secondary.persistence.annotations
[INFO] Coalescing path $.secondary.persistence.enabled
[INFO] Coalescing path $.secondary.persistence.labels
[INFO] Coalescing path $.secondary.persistence.selector
[INFO] Coalescing path $.secondary.persistence.size
[INFO] Coalescing path $.secondary.persistence.subPath
[INFO] Coalescing path $.secondary.podSecurityContext.enabled
[INFO] Coalescing path $.secondary.podSecurityContext.fsGroup
[INFO] Coalescing path $.secondary.service.annotations
[INFO] Coalescing path $.secondary.service.clusterIP
[INFO] Coalescing path $.secondary.service.externalTrafficPolicy
[INFO] Coalescing path $.secondary.service.extraPorts
[INFO] Coalescing path $.secondary.service.loadBalancerIP
[INFO] Coalescing path $.secondary.service.loadBalancerSourceRanges
[INFO] Coalescing path $.secondary.service.nodePort
[INFO] Coalescing path $.secondary.service.port
[INFO] Coalescing path $.secondary.service.sessionAffinity
[INFO] Coalescing path $.secondary.service.sessionAffinityConfig
[INFO] Coalescing path $.secondary.service.type
[INFO] Coalescing path $.secondary.startupWaitOptions.retries
[INFO] Coalescing path $.secondary.startupWaitOptions.sleepTime
[INFO] Coalescing path $.tde.secretsStoreProvider.enabled
[INFO] Coalescing path $.tde.secretsStoreProvider.provider
[INFO] Coalescing path $.tls.autoGenerated.enabled
[INFO] Coalescing path $.tls.autoGenerated.engine
[INFO] Coalescing path $.volumePermissions.image.pullPolicy
[INFO] Coalescing path $.metrics.extraArgs.primary[*]
[INFO] Coalescing path $.primary.service.headless.annotations
[INFO] Coalescing path $.primary.service.nodePorts.mysql
[INFO] Coalescing path $.primary.service.ports.metrics
[INFO] Coalescing path $.primary.service.ports.mysql
[INFO] Coalescing path $.secondary.persistence.accessModes[*]
[INFO] Coalescing path $.secondary.service.nodePorts.mysql
[INFO] Coalescing path $.secondary.service.ports.metrics
[INFO] Coalescing path $.secondary.service.ports.mysql
[INFO] Coalescing path $.tde.secretsStoreProvider.vault.address
[INFO] Coalescing path $.tde.secretsStoreProvider.vault.authMountPath
[INFO] Coalescing path $.tde.secretsStoreProvider.vault.encryptedKeySecretKey
[INFO] Coalescing path $.tde.secretsStoreProvider.vault.encryptedKeySecretPath
[INFO] Coalescing path $.tde.secretsStoreProvider.vault.randomKeySecretKey
[INFO] Coalescing path $.tde.secretsStoreProvider.vault.randomKeySecretPath
[INFO] Coalescing path $.tde.secretsStoreProvider.vault.roleName
[INFO] Coalescing path $.tls.autoGenerated.certManager.duration
[INFO] Coalescing path $.tls.autoGenerated.certManager.existingIssuer
[INFO] Coalescing path $.tls.autoGenerated.certManager.existingIssuerKind
[INFO] Coalescing path $.tls.autoGenerated.certManager.keyAlgorithm
[INFO] Coalescing path $.tls.autoGenerated.certManager.keySize
[INFO] Coalescing path $.tls.autoGenerated.certManager.renewBefore
[INFO] Testing known inputs first; arbitrary extra-key cases are deferred
[INFO] Compiler input baseline: 242 statically named fields
[INFO] Render hashes (run-local): 2 observed, 2 unique, 0 duplicate bundles; 0 successful validations reused
[INFO] Testing deferred arbitrary-key and original-schema robustness cases
[INFO] Compiler input baseline: 242 statically named fields
[INFO] Render hashes (run-local): 87 observed, 87 unique, 0 duplicate bundles; 0 successful validations reused
[INFO] .: failed; 0 charts remain
