[INFO] Chart 1/1: .
[INFO] Finite filtering unavailable: permutations need closed objects at (); set additionalProperties: false; prioritizing known inputs before robustness sampling
[INFO] Coalescing path $.adminEmail
[INFO] Coalescing path $.adminPassword
[INFO] Coalescing path $.adminUser
[INFO] Coalescing path $.commonAnnotations
[INFO] Coalescing path $.commonLabels
[INFO] Coalescing path $.defaultLocale
[INFO] Coalescing path $.enableS3
[INFO] Coalescing path $.enableSearches
[INFO] Coalescing path $.environment
[INFO] Coalescing path $.existingConfigmap
[INFO] Coalescing path $.existingSecret
[INFO] Coalescing path $.extraConfig
[INFO] Coalescing path $.extraConfigExistingConfigmap
[INFO] Coalescing path $.extraConfigExistingSecret
[INFO] Coalescing path $.extraDeploy
[INFO] Coalescing path $.extraSecretConfig
[INFO] Coalescing path $.global
[INFO] Coalescing path $.image
[INFO] Coalescing path $.localDomain
[INFO] Coalescing path $.local_https
[INFO] Coalescing path $.otpSecret
[INFO] Coalescing path $.persistence
[INFO] Coalescing path $.secretKeyBase
[INFO] Coalescing path $.usePasswordFiles
[INFO] Coalescing path $.vapidPrivateKey
[INFO] Coalescing path $.vapidPublicKey
[INFO] Coalescing path $.apache.enabled
[INFO] Coalescing path $.diagnosticMode.args
[INFO] Coalescing path $.diagnosticMode.command
[INFO] Coalescing path $.diagnosticMode.enabled
[INFO] Coalescing path $.elasticsearch.enabled
[INFO] Coalescing path $.externalDatabase.existingSecret
[INFO] Coalescing path $.externalDatabase.password
[INFO] Coalescing path $.externalElasticsearch.existingSecret
[INFO] Coalescing path $.externalElasticsearch.password
[INFO] Coalescing path $.externalRedis.existingSecret
[INFO] Coalescing path $.externalRedis.password
[INFO] Coalescing path $.externalS3.accessKeyID
[INFO] Coalescing path $.externalS3.accessKeySecret
[INFO] Coalescing path $.externalS3.existingSecret
[INFO] Coalescing path $.externalS3.existingSecretAccessKeyIDKey
[INFO] Coalescing path $.externalS3.existingSecretKeySecretKey
[INFO] Coalescing path $.extraDeploy[*]
[INFO] Coalescing path $.global.imagePullSecrets
[INFO] Coalescing path $.image.debug
[INFO] Coalescing path $.image.pullPolicy
[INFO] Coalescing path $.initJob.annotations
[INFO] Coalescing path $.initJob.automountServiceAccountToken
[INFO] Coalescing path $.initJob.backoffLimit
[INFO] Coalescing path $.initJob.extraVolumes
[INFO] Coalescing path $.initJob.hostAliases
[INFO] Coalescing path $.initJob.podAnnotations
[INFO] Coalescing path $.initJob.podLabels
[INFO] Coalescing path $.initJob.podSecurityContext
[INFO] Coalescing path $.initJob.precompileAssets
[INFO] Coalescing path $.minio.enabled
[INFO] Coalescing path $.persistence.accessModes
[INFO] Coalescing path $.persistence.annotations
[INFO] Coalescing path $.persistence.dataSource
[INFO] Coalescing path $.persistence.enabled
[INFO] Coalescing path $.persistence.existingClaim
[INFO] Coalescing path $.persistence.mountPath
[INFO] Coalescing path $.persistence.selector
[INFO] Coalescing path $.persistence.size
[INFO] Coalescing path $.persistence.subPath
[INFO] Coalescing path $.postgresql.enabled
[INFO] Coalescing path $.redis.enabled
[INFO] Coalescing path $.serviceAccount.annotations
[INFO] Coalescing path $.serviceAccount.automountServiceAccountToken
[INFO] Coalescing path $.serviceAccount.create
[INFO] Coalescing path $.sidekiq.affinity
[INFO] Coalescing path $.sidekiq.automountServiceAccountToken
[INFO] Coalescing path $.sidekiq.containerSecurityContext
[INFO] Coalescing path $.sidekiq.customLivenessProbe
[INFO] Coalescing path $.sidekiq.customReadinessProbe
[INFO] Coalescing path $.sidekiq.customStartupProbe
[INFO] Coalescing path $.sidekiq.extraEnvVars
[INFO] Coalescing path $.sidekiq.extraEnvVarsCM
[INFO] Coalescing path $.sidekiq.extraEnvVarsSecret
[INFO] Coalescing path $.sidekiq.extraVolumeMounts
[INFO] Coalescing path $.sidekiq.extraVolumes
[INFO] Coalescing path $.sidekiq.hostAliases
[INFO] Coalescing path $.sidekiq.initContainers
[INFO] Coalescing path $.sidekiq.lifecycleHooks
[INFO] Coalescing path $.sidekiq.nodeSelector
[INFO] Coalescing path $.sidekiq.podAffinityPreset
[INFO] Coalescing path $.sidekiq.podAnnotations
[INFO] Coalescing path $.sidekiq.podAntiAffinityPreset
[INFO] Coalescing path $.sidekiq.podLabels
[INFO] Coalescing path $.sidekiq.podSecurityContext
[INFO] Coalescing path $.sidekiq.priorityClassName
[INFO] Coalescing path $.sidekiq.replicaCount
[INFO] Coalescing path $.sidekiq.resources
[INFO] Coalescing path $.sidekiq.schedulerName
[INFO] Coalescing path $.sidekiq.sidecars
[INFO] Coalescing path $.sidekiq.terminationGracePeriodSeconds
[INFO] Coalescing path $.sidekiq.tolerations
[INFO] Coalescing path $.sidekiq.topologySpreadConstraints
[INFO] Coalescing path $.sidekiq.updateStrategy
[INFO] Coalescing path $.smtp.auth_method
[INFO] Coalescing path $.smtp.ca_file
[INFO] Coalescing path $.smtp.delivery_method
[INFO] Coalescing path $.smtp.domain
[INFO] Coalescing path $.smtp.enable_starttls_auto
[INFO] Coalescing path $.smtp.existingSecret
[INFO] Coalescing path $.smtp.from_address
[INFO] Coalescing path $.smtp.login
[INFO] Coalescing path $.smtp.openssl_verify_mode
[INFO] Coalescing path $.smtp.password
[INFO] Coalescing path $.smtp.port
[INFO] Coalescing path $.smtp.reply_to
[INFO] Coalescing path $.smtp.server
[INFO] Coalescing path $.smtp.tls
[INFO] Coalescing path $.streaming.affinity
[INFO] Coalescing path $.streaming.automountServiceAccountToken
[INFO] Coalescing path $.streaming.containerSecurityContext
[INFO] Coalescing path $.streaming.customLivenessProbe
[INFO] Coalescing path $.streaming.customReadinessProbe
[INFO] Coalescing path $.streaming.customStartupProbe
[INFO] Coalescing path $.streaming.extraEnvVars
[INFO] Coalescing path $.streaming.extraEnvVarsCM
[INFO] Coalescing path $.streaming.extraEnvVarsSecret
[INFO] Coalescing path $.streaming.extraVolumeMounts
[INFO] Coalescing path $.streaming.extraVolumes
[INFO] Coalescing path $.streaming.hostAliases
[INFO] Coalescing path $.streaming.initContainers
[INFO] Coalescing path $.streaming.lifecycleHooks
[INFO] Coalescing path $.streaming.nodeSelector
[INFO] Coalescing path $.streaming.podAffinityPreset
[INFO] Coalescing path $.streaming.podAnnotations
[INFO] Coalescing path $.streaming.podAntiAffinityPreset
[INFO] Coalescing path $.streaming.podLabels
[INFO] Coalescing path $.streaming.podSecurityContext
[INFO] Coalescing path $.streaming.priorityClassName
[INFO] Coalescing path $.streaming.replicaCount
[INFO] Coalescing path $.streaming.resources
[INFO] Coalescing path $.streaming.schedulerName
[INFO] Coalescing path $.streaming.sidecars
[INFO] Coalescing path $.streaming.terminationGracePeriodSeconds
[INFO] Coalescing path $.streaming.tolerations
[INFO] Coalescing path $.streaming.topologySpreadConstraints
[INFO] Coalescing path $.streaming.updateStrategy
[INFO] Coalescing path $.tootctlMediaManagement.concurrencyPolicy
[INFO] Coalescing path $.tootctlMediaManagement.cronSchedule
[INFO] Coalescing path $.tootctlMediaManagement.enabled
[INFO] Coalescing path $.tootctlMediaManagement.failedJobsHistoryLimit
[INFO] Coalescing path $.tootctlMediaManagement.podLabels
[INFO] Coalescing path $.tootctlMediaManagement.removeAttachments
[INFO] Coalescing path $.tootctlMediaManagement.removeAttachmentsDays
[INFO] Coalescing path $.tootctlMediaManagement.removeAvatars
[INFO] Coalescing path $.tootctlMediaManagement.removeAvatarsDays
[INFO] Coalescing path $.tootctlMediaManagement.removeCustomEmoji
[INFO] Coalescing path $.tootctlMediaManagement.removeHeaders
[INFO] Coalescing path $.tootctlMediaManagement.removeHeadersDays
[INFO] Coalescing path $.tootctlMediaManagement.removeOrphans
[INFO] Coalescing path $.tootctlMediaManagement.removePreviewCards
[INFO] Coalescing path $.tootctlMediaManagement.removePreviewCardsDays
[INFO] Coalescing path $.tootctlMediaManagement.successfulJobsHistoryLimit
[INFO] Coalescing path $.web.affinity
[INFO] Coalescing path $.web.automountServiceAccountToken
[INFO] Coalescing path $.web.containerSecurityContext
[INFO] Coalescing path $.web.customLivenessProbe
[INFO] Coalescing path $.web.customReadinessProbe
[INFO] Coalescing path $.web.customStartupProbe
[INFO] Coalescing path $.web.extraEnvVars
[INFO] Coalescing path $.web.extraEnvVarsCM
[INFO] Coalescing path $.web.extraEnvVarsSecret
[INFO] Coalescing path $.web.extraVolumeMounts
[INFO] Coalescing path $.web.extraVolumes
[INFO] Coalescing path $.web.hostAliases
[INFO] Coalescing path $.web.initContainers
[INFO] Coalescing path $.web.lifecycleHooks
[INFO] Coalescing path $.web.nodeSelector
[INFO] Coalescing path $.web.podAffinityPreset
[INFO] Coalescing path $.web.podAnnotations
[INFO] Coalescing path $.web.podAntiAffinityPreset
[INFO] Coalescing path $.web.podLabels
[INFO] Coalescing path $.web.podSecurityContext
[INFO] Coalescing path $.web.priorityClassName
[INFO] Coalescing path $.web.replicaCount
[INFO] Coalescing path $.web.resources
[INFO] Coalescing path $.web.schedulerName
[INFO] Coalescing path $.web.sidecars
[INFO] Coalescing path $.web.terminationGracePeriodSeconds
[INFO] Coalescing path $.web.tolerations
[INFO] Coalescing path $.web.topologySpreadConstraints
[INFO] Coalescing path $.web.updateStrategy
[INFO] Coalescing path $.apache.containerPorts.http
[INFO] Coalescing path $.apache.service.type
[INFO] Coalescing path $.defaultInitContainers.prepareDirs.containerSecurityContext
[INFO] Coalescing path $.defaultInitContainers.prepareDirs.enabled
[INFO] Coalescing path $.defaultInitContainers.prepareDirs.resources
[INFO] Coalescing path $.defaultInitContainers.volumePermissions.enabled
[INFO] Coalescing path $.defaultInitContainers.volumePermissions.image
[INFO] Coalescing path $.defaultInitContainers.volumePermissions.resources
[INFO] Coalescing path $.defaultInitContainers.waitForBackends.containerSecurityContext
[INFO] Coalescing path $.defaultInitContainers.waitForBackends.enabled
[INFO] Coalescing path $.defaultInitContainers.waitForBackends.resources
[INFO] Coalescing path $.elasticsearch.containerPorts.restAPI
[INFO] Coalescing path $.initJob.migrateAndCreateAdmin.containerSecurityContext
[INFO] Coalescing path $.initJob.migrateAndCreateAdmin.createAdmin
[INFO] Coalescing path $.initJob.migrateAndCreateAdmin.enabled
[INFO] Coalescing path $.initJob.migrateAndCreateAdmin.extraEnvVars
[INFO] Coalescing path $.initJob.migrateAndCreateAdmin.extraEnvVarsCM
[INFO] Coalescing path $.initJob.migrateAndCreateAdmin.extraEnvVarsSecret
[INFO] Coalescing path $.initJob.migrateAndCreateAdmin.extraVolumeMounts
[INFO] Coalescing path $.initJob.migrateAndCreateAdmin.migrateDB
[INFO] Coalescing path $.initJob.migrateAndCreateAdmin.migrateElasticsearch
[INFO] Coalescing path $.initJob.migrateAndCreateAdmin.resources
[INFO] Coalescing path $.initJob.networkPolicy.allowExternalEgress
[INFO] Coalescing path $.initJob.networkPolicy.enabled
[INFO] Coalescing path $.initJob.networkPolicy.extraEgress
[INFO] Coalescing path $.initJob.networkPolicy.extraIngress
[INFO] Coalescing path $.initJob.podSecurityContext.enabled
[INFO] Coalescing path $.initJob.precompileAssets.containerSecurityContext
[INFO] Coalescing path $.initJob.precompileAssets.enabled
[INFO] Coalescing path $.initJob.precompileAssets.extraEnvVars
[INFO] Coalescing path $.initJob.precompileAssets.extraEnvVarsCM
[INFO] Coalescing path $.initJob.precompileAssets.extraEnvVarsSecret
[INFO] Coalescing path $.initJob.precompileAssets.extraVolumeMounts
[INFO] Coalescing path $.initJob.precompileAssets.resources
[INFO] Coalescing path $.minio.containerPorts.api
[INFO] Coalescing path $.persistence.accessModes[*]
[INFO] Coalescing path $.postgresql.containerPorts.postgresql
[INFO] Coalescing path $.sidekiq.containerSecurityContext.enabled
[INFO] Coalescing path $.sidekiq.networkPolicy.allowExternalEgress
[INFO] Coalescing path $.sidekiq.networkPolicy.enabled
[INFO] Coalescing path $.sidekiq.networkPolicy.extraEgress
[INFO] Coalescing path $.sidekiq.networkPolicy.extraIngress
[INFO] Coalescing path $.sidekiq.nodeAffinityPreset.key
[INFO] Coalescing path $.sidekiq.nodeAffinityPreset.type
[INFO] Coalescing path $.sidekiq.nodeAffinityPreset.values
[INFO] Coalescing path $.sidekiq.pdb.create
[INFO] Coalescing path $.sidekiq.pdb.maxUnavailable
[INFO] Coalescing path $.sidekiq.pdb.minAvailable
[INFO] Coalescing path $.sidekiq.podSecurityContext.enabled
[INFO] Coalescing path $.streaming.containerPorts.http
[INFO] Coalescing path $.streaming.containerSecurityContext.enabled
[INFO] Coalescing path $.streaming.networkPolicy.allowExternal
[INFO] Coalescing path $.streaming.networkPolicy.allowExternalEgress
[INFO] Coalescing path $.streaming.networkPolicy.enabled
[INFO] Coalescing path $.streaming.networkPolicy.extraEgress
[INFO] Coalescing path $.streaming.networkPolicy.extraIngress
[INFO] Coalescing path $.streaming.networkPolicy.ingressNSMatchLabels
[INFO] Coalescing path $.streaming.networkPolicy.ingressNSPodMatchLabels
[INFO] Coalescing path $.streaming.nodeAffinityPreset.key
[INFO] Coalescing path $.streaming.nodeAffinityPreset.type
[INFO] Coalescing path $.streaming.nodeAffinityPreset.values
[INFO] Coalescing path $.streaming.pdb.create
[INFO] Coalescing path $.streaming.pdb.maxUnavailable
[INFO] Coalescing path $.streaming.pdb.minAvailable
[INFO] Coalescing path $.streaming.podSecurityContext.enabled
[INFO] Coalescing path $.streaming.service.annotations
[INFO] Coalescing path $.streaming.service.clusterIP
[INFO] Coalescing path $.streaming.service.externalTrafficPolicy
[INFO] Coalescing path $.streaming.service.extraPorts
[INFO] Coalescing path $.streaming.service.loadBalancerIP
[INFO] Coalescing path $.streaming.service.loadBalancerSourceRanges
[INFO] Coalescing path $.streaming.service.sessionAffinity
[INFO] Coalescing path $.streaming.service.sessionAffinityConfig
[INFO] Coalescing path $.streaming.service.type
[INFO] Coalescing path $.tootctlMediaManagement.networkPolicy.allowExternalEgress
[INFO] Coalescing path $.tootctlMediaManagement.networkPolicy.enabled
[INFO] Coalescing path $.tootctlMediaManagement.networkPolicy.extraEgress
[INFO] Coalescing path $.tootctlMediaManagement.networkPolicy.extraIngress
[INFO] Coalescing path $.web.containerPorts.http
[INFO] Coalescing path $.web.containerSecurityContext.enabled
[INFO] Coalescing path $.web.containerSecurityContext.runAsUser
[INFO] Coalescing path $.web.networkPolicy.allowExternal
[INFO] Coalescing path $.web.networkPolicy.allowExternalEgress
[INFO] Coalescing path $.web.networkPolicy.enabled
[INFO] Coalescing path $.web.networkPolicy.extraEgress
[INFO] Coalescing path $.web.networkPolicy.extraIngress
[INFO] Coalescing path $.web.networkPolicy.ingressNSMatchLabels
[INFO] Coalescing path $.web.networkPolicy.ingressNSPodMatchLabels
[INFO] Coalescing path $.web.nodeAffinityPreset.key
[INFO] Coalescing path $.web.nodeAffinityPreset.type
[INFO] Coalescing path $.web.nodeAffinityPreset.values
[INFO] Coalescing path $.web.pdb.create
[INFO] Coalescing path $.web.pdb.maxUnavailable
[INFO] Coalescing path $.web.pdb.minAvailable
[INFO] Coalescing path $.web.podSecurityContext.enabled
[INFO] Coalescing path $.web.podSecurityContext.fsGroup
[INFO] Coalescing path $.web.service.annotations
[INFO] Coalescing path $.web.service.clusterIP
[INFO] Coalescing path $.web.service.externalTrafficPolicy
[INFO] Coalescing path $.web.service.extraPorts
[INFO] Coalescing path $.web.service.loadBalancerIP
[INFO] Coalescing path $.web.service.loadBalancerSourceRanges
[INFO] Coalescing path $.web.service.sessionAffinity
[INFO] Coalescing path $.web.service.sessionAffinityConfig
[INFO] Coalescing path $.web.service.type
[INFO] Coalescing path $.defaultInitContainers.prepareDirs.containerSecurityContext.enabled
[INFO] Coalescing path $.defaultInitContainers.volumePermissions.image.pullPolicy
[INFO] Coalescing path $.defaultInitContainers.waitForBackends.containerSecurityContext.enabled
[INFO] Coalescing path $.initJob.migrateAndCreateAdmin.containerSecurityContext.enabled
[INFO] Coalescing path $.initJob.precompileAssets.containerSecurityContext.enabled
[INFO] Coalescing path $.redis.master.containerPorts.redis
[INFO] Coalescing path $.streaming.networkPolicy.ingressNSMatchLabels[*]
[INFO] Coalescing path $.streaming.networkPolicy.ingressNSPodMatchLabels[*]
[INFO] Coalescing path $.streaming.service.nodePorts.http
[INFO] Coalescing path $.streaming.service.ports.http
[INFO] Coalescing path $.web.networkPolicy.ingressNSMatchLabels[*]
[INFO] Coalescing path $.web.networkPolicy.ingressNSPodMatchLabels[*]
[INFO] Coalescing path $.web.service.nodePorts.http
[INFO] Coalescing path $.web.service.ports.http
[INFO] Testing known inputs first; arbitrary extra-key cases are deferred
[INFO] Compiler input baseline: 284 statically named fields
[INFO] Render hashes (run-local): 51 observed, 51 unique, 0 duplicate bundles; 0 successful validations reused
[INFO] Testing deferred arbitrary-key and original-schema robustness cases
[INFO] Compiler input baseline: 284 statically named fields
[INFO] Render hashes (run-local): 101 observed, 101 unique, 0 duplicate bundles; 0 successful validations reused
[INFO] .: failed; 0 charts remain
