[INFO] Chart 1/1: .
[INFO] Finite filtering unavailable: permutations need closed objects at (); set additionalProperties: false; prioritizing known inputs before robustness sampling
[INFO] Coalescing path $.affinity
[INFO] Coalescing path $.allowEmptyPassword
[INFO] Coalescing path $.args
[INFO] Coalescing path $.automountServiceAccountToken
[INFO] Coalescing path $.command
[INFO] Coalescing path $.commonAnnotations
[INFO] Coalescing path $.commonLabels
[INFO] Coalescing path $.containerSecurityContext
[INFO] Coalescing path $.customLivenessProbe
[INFO] Coalescing path $.customPostInitScripts
[INFO] Coalescing path $.customReadinessProbe
[INFO] Coalescing path $.customStartupProbe
[INFO] Coalescing path $.existingSecret
[INFO] Coalescing path $.extraContainerPorts
[INFO] Coalescing path $.extraDeploy
[INFO] Coalescing path $.extraEnvVars
[INFO] Coalescing path $.extraEnvVarsCM
[INFO] Coalescing path $.extraEnvVarsSecret
[INFO] Coalescing path $.extraVolumeMounts
[INFO] Coalescing path $.extraVolumes
[INFO] Coalescing path $.global
[INFO] Coalescing path $.hostAliases
[INFO] Coalescing path $.image
[INFO] Coalescing path $.initContainers
[INFO] Coalescing path $.lifecycleHooks
[INFO] Coalescing path $.matomoEmail
[INFO] Coalescing path $.matomoSkipInstall
[INFO] Coalescing path $.matomoUsername
[INFO] Coalescing path $.matomoWebsiteHost
[INFO] Coalescing path $.matomoWebsiteName
[INFO] Coalescing path $.nodeSelector
[INFO] Coalescing path $.noreplyAddress
[INFO] Coalescing path $.noreplyName
[INFO] Coalescing path $.podAffinityPreset
[INFO] Coalescing path $.podAnnotations
[INFO] Coalescing path $.podAntiAffinityPreset
[INFO] Coalescing path $.podLabels
[INFO] Coalescing path $.podSecurityContext
[INFO] Coalescing path $.priorityClassName
[INFO] Coalescing path $.replicaCount
[INFO] Coalescing path $.resources
[INFO] Coalescing path $.schedulerName
[INFO] Coalescing path $.serviceAccountName
[INFO] Coalescing path $.sidecars
[INFO] Coalescing path $.smtpAuth
[INFO] Coalescing path $.smtpExistingSecret
[INFO] Coalescing path $.smtpHost
[INFO] Coalescing path $.smtpPassword
[INFO] Coalescing path $.smtpPort
[INFO] Coalescing path $.smtpProtocol
[INFO] Coalescing path $.smtpUser
[INFO] Coalescing path $.tolerations
[INFO] Coalescing path $.topologySpreadConstraints
[INFO] Coalescing path $.updateStrategy
[INFO] Coalescing path $.usePasswordFiles
[INFO] Coalescing path $.certificates.customCAs
[INFO] Coalescing path $.certificates.image
[INFO] Coalescing path $.containerPorts.http
[INFO] Coalescing path $.containerPorts.https
[INFO] Coalescing path $.containerSecurityContext.enabled
[INFO] Coalescing path $.externalDatabase.database
[INFO] Coalescing path $.externalDatabase.existingSecret
[INFO] Coalescing path $.externalDatabase.host
[INFO] Coalescing path $.externalDatabase.password
[INFO] Coalescing path $.externalDatabase.user
[INFO] Coalescing path $.extraDeploy[*]
[INFO] Coalescing path $.global.imagePullSecrets
[INFO] Coalescing path $.image.debug
[INFO] Coalescing path $.image.pullPolicy
[INFO] Coalescing path $.ingress.annotations
[INFO] Coalescing path $.ingress.enabled
[INFO] Coalescing path $.ingress.extraHosts
[INFO] Coalescing path $.ingress.extraPaths
[INFO] Coalescing path $.ingress.extraRules
[INFO] Coalescing path $.ingress.extraTls
[INFO] Coalescing path $.ingress.hostname
[INFO] Coalescing path $.ingress.ingressClassName
[INFO] Coalescing path $.ingress.path
[INFO] Coalescing path $.ingress.pathType
[INFO] Coalescing path $.ingress.secrets
[INFO] Coalescing path $.ingress.selfSigned
[INFO] Coalescing path $.ingress.tls
[INFO] Coalescing path $.mariadb.enabled
[INFO] Coalescing path $.metrics.enabled
[INFO] Coalescing path $.metrics.image
[INFO] Coalescing path $.metrics.podAnnotations
[INFO] Coalescing path $.metrics.resources
[INFO] Coalescing path $.networkPolicy.allowExternal
[INFO] Coalescing path $.networkPolicy.allowExternalEgress
[INFO] Coalescing path $.networkPolicy.enabled
[INFO] Coalescing path $.networkPolicy.extraEgress
[INFO] Coalescing path $.networkPolicy.extraIngress
[INFO] Coalescing path $.networkPolicy.ingressNSMatchLabels
[INFO] Coalescing path $.networkPolicy.ingressNSPodMatchLabels
[INFO] Coalescing path $.nodeAffinityPreset.key
[INFO] Coalescing path $.nodeAffinityPreset.type
[INFO] Coalescing path $.nodeAffinityPreset.values
[INFO] Coalescing path $.pdb.create
[INFO] Coalescing path $.pdb.maxUnavailable
[INFO] Coalescing path $.pdb.minAvailable
[INFO] Coalescing path $.persistence.accessModes
[INFO] Coalescing path $.persistence.annotations
[INFO] Coalescing path $.persistence.dataSource
[INFO] Coalescing path $.persistence.enabled
[INFO] Coalescing path $.persistence.existingClaim
[INFO] Coalescing path $.persistence.hostPath
[INFO] Coalescing path $.persistence.selector
[INFO] Coalescing path $.persistence.size
[INFO] Coalescing path $.podSecurityContext.enabled
[INFO] Coalescing path $.service.annotations
[INFO] Coalescing path $.service.clusterIP
[INFO] Coalescing path $.service.externalTrafficPolicy
[INFO] Coalescing path $.service.extraPorts
[INFO] Coalescing path $.service.loadBalancerIP
[INFO] Coalescing path $.service.loadBalancerSourceRanges
[INFO] Coalescing path $.service.sessionAffinity
[INFO] Coalescing path $.service.sessionAffinityConfig
[INFO] Coalescing path $.service.type
[INFO] Coalescing path $.volumePermissions.image
[INFO] Coalescing path $.certificates.customCertificate.certificateLocation
[INFO] Coalescing path $.certificates.customCertificate.certificateSecret
[INFO] Coalescing path $.certificates.customCertificate.chainLocation
[INFO] Coalescing path $.certificates.customCertificate.chainSecret
[INFO] Coalescing path $.certificates.customCertificate.keyLocation
[INFO] Coalescing path $.cronjobs.archive.affinity
[INFO] Coalescing path $.cronjobs.archive.args
[INFO] Coalescing path $.cronjobs.archive.automountServiceAccountToken
[INFO] Coalescing path $.cronjobs.archive.command
[INFO] Coalescing path $.cronjobs.archive.containerSecurityContext
[INFO] Coalescing path $.cronjobs.archive.extraEnvVars
[INFO] Coalescing path $.cronjobs.archive.initContainers
[INFO] Coalescing path $.cronjobs.archive.nodeSelector
[INFO] Coalescing path $.cronjobs.archive.podAnnotations
[INFO] Coalescing path $.cronjobs.archive.podLabels
[INFO] Coalescing path $.cronjobs.archive.podSecurityContext
[INFO] Coalescing path $.cronjobs.archive.resources
[INFO] Coalescing path $.cronjobs.archive.schedule
[INFO] Coalescing path $.cronjobs.archive.serviceAccountName
[INFO] Coalescing path $.cronjobs.archive.suspend
[INFO] Coalescing path $.cronjobs.archive.tolerations
[INFO] Coalescing path $.cronjobs.taskScheduler.affinity
[INFO] Coalescing path $.cronjobs.taskScheduler.args
[INFO] Coalescing path $.cronjobs.taskScheduler.automountServiceAccountToken
[INFO] Coalescing path $.cronjobs.taskScheduler.command
[INFO] Coalescing path $.cronjobs.taskScheduler.containerSecurityContext
[INFO] Coalescing path $.cronjobs.taskScheduler.extraEnvVars
[INFO] Coalescing path $.cronjobs.taskScheduler.initContainers
[INFO] Coalescing path $.cronjobs.taskScheduler.nodeSelector
[INFO] Coalescing path $.cronjobs.taskScheduler.podAnnotations
[INFO] Coalescing path $.cronjobs.taskScheduler.podLabels
[INFO] Coalescing path $.cronjobs.taskScheduler.podSecurityContext
[INFO] Coalescing path $.cronjobs.taskScheduler.resources
[INFO] Coalescing path $.cronjobs.taskScheduler.schedule
[INFO] Coalescing path $.cronjobs.taskScheduler.serviceAccountName
[INFO] Coalescing path $.cronjobs.taskScheduler.suspend
[INFO] Coalescing path $.cronjobs.taskScheduler.tolerations
[INFO] Coalescing path $.extraContainerPorts[*].containerPort
[INFO] Coalescing path $.metrics.image.pullPolicy
[INFO] Coalescing path $.networkPolicy.ingressNSMatchLabels[*]
[INFO] Coalescing path $.networkPolicy.ingressNSPodMatchLabels[*]
[INFO] Coalescing path $.persistence.accessModes[*]
[INFO] Coalescing path $.service.nodePorts.http
[INFO] Coalescing path $.service.nodePorts.https
[INFO] Coalescing path $.service.ports.http
[INFO] Coalescing path $.service.ports.https
[INFO] Coalescing path $.certificates.customCAs[*].secret
[INFO] Coalescing path $.certificates.customCertificate.chainSecret.key
[INFO] Coalescing path $.certificates.customCertificate.chainSecret.name
[INFO] Coalescing path $.cronjobs.archive.containerSecurityContext.enabled
[INFO] Coalescing path $.cronjobs.archive.persistence.enabled
[INFO] Coalescing path $.cronjobs.archive.persistence.existingClaim
[INFO] Coalescing path $.cronjobs.archive.podSecurityContext.enabled
[INFO] Coalescing path $.cronjobs.taskScheduler.containerSecurityContext.enabled
[INFO] Coalescing path $.cronjobs.taskScheduler.persistence.enabled
[INFO] Coalescing path $.cronjobs.taskScheduler.persistence.existingClaim
[INFO] Coalescing path $.cronjobs.taskScheduler.podSecurityContext.enabled
[INFO] Coalescing path $.ingress.extraHosts[*].name
[INFO] Coalescing path $.ingress.extraHosts[*].path
[INFO] Coalescing path $.ingress.extraHosts[*].pathType
[INFO] Coalescing path $.ingress.secrets[*].certificate
[INFO] Coalescing path $.ingress.secrets[*].key
[INFO] Coalescing path $.ingress.secrets[*].name
[INFO] Testing known inputs first; arbitrary extra-key cases are deferred
[INFO] Compiler input baseline: 160 statically named fields
[INFO] Render hashes (run-local): 18 observed, 18 unique, 0 duplicate bundles; 0 successful validations reused
[INFO] Testing deferred arbitrary-key and original-schema robustness cases
[INFO] Compiler input baseline: 160 statically named fields
[INFO] Render hashes (run-local): 101 observed, 101 unique, 0 duplicate bundles; 0 successful validations reused
[INFO] .: failed; 0 charts remain
