[INFO] Chart 1/1: .
[INFO] Finite filtering unavailable: permutations need closed objects at (); set additionalProperties: false; prioritizing known inputs before robustness sampling
[INFO] Coalescing path $.commonAnnotations
[INFO] Coalescing path $.commonLabels
[INFO] Coalescing path $.enableServiceLinks
[INFO] Coalescing path $.externalS3
[INFO] Coalescing path $.extraDeploy
[INFO] Coalescing path $.usePasswordFiles
[INFO] Coalescing path $.attu.affinity
[INFO] Coalescing path $.attu.automountServiceAccountToken
[INFO] Coalescing path $.attu.containerSecurityContext
[INFO] Coalescing path $.attu.customLivenessProbe
[INFO] Coalescing path $.attu.customReadinessProbe
[INFO] Coalescing path $.attu.customStartupProbe
[INFO] Coalescing path $.attu.enableDefaultInitContainers
[INFO] Coalescing path $.attu.enabled
[INFO] Coalescing path $.attu.extraEnvVars
[INFO] Coalescing path $.attu.extraEnvVarsCM
[INFO] Coalescing path $.attu.extraEnvVarsSecret
[INFO] Coalescing path $.attu.extraVolumeMounts
[INFO] Coalescing path $.attu.extraVolumes
[INFO] Coalescing path $.attu.hostAliases
[INFO] Coalescing path $.attu.image
[INFO] Coalescing path $.attu.initContainers
[INFO] Coalescing path $.attu.lifecycleHooks
[INFO] Coalescing path $.attu.nodeSelector
[INFO] Coalescing path $.attu.podAffinityPreset
[INFO] Coalescing path $.attu.podAnnotations
[INFO] Coalescing path $.attu.podAntiAffinityPreset
[INFO] Coalescing path $.attu.podLabels
[INFO] Coalescing path $.attu.podSecurityContext
[INFO] Coalescing path $.attu.priorityClassName
[INFO] Coalescing path $.attu.replicaCount
[INFO] Coalescing path $.attu.resources
[INFO] Coalescing path $.attu.runtimeClassName
[INFO] Coalescing path $.attu.schedulerName
[INFO] Coalescing path $.attu.sidecars
[INFO] Coalescing path $.attu.tolerations
[INFO] Coalescing path $.attu.topologySpreadConstraints
[INFO] Coalescing path $.attu.updateStrategy
[INFO] Coalescing path $.coordinator.affinity
[INFO] Coalescing path $.coordinator.automountServiceAccountToken
[INFO] Coalescing path $.coordinator.containerSecurityContext
[INFO] Coalescing path $.coordinator.customLivenessProbe
[INFO] Coalescing path $.coordinator.customReadinessProbe
[INFO] Coalescing path $.coordinator.customStartupProbe
[INFO] Coalescing path $.coordinator.defaultConfig
[INFO] Coalescing path $.coordinator.enableDefaultInitContainers
[INFO] Coalescing path $.coordinator.enabled
[INFO] Coalescing path $.coordinator.existingConfigMap
[INFO] Coalescing path $.coordinator.extraConfig
[INFO] Coalescing path $.coordinator.extraConfigExistingConfigMap
[INFO] Coalescing path $.coordinator.extraEnvVars
[INFO] Coalescing path $.coordinator.extraEnvVarsCM
[INFO] Coalescing path $.coordinator.extraEnvVarsSecret
[INFO] Coalescing path $.coordinator.extraVolumeMounts
[INFO] Coalescing path $.coordinator.extraVolumes
[INFO] Coalescing path $.coordinator.hostAliases
[INFO] Coalescing path $.coordinator.initContainers
[INFO] Coalescing path $.coordinator.lifecycleHooks
[INFO] Coalescing path $.coordinator.nodeSelector
[INFO] Coalescing path $.coordinator.podAffinityPreset
[INFO] Coalescing path $.coordinator.podAnnotations
[INFO] Coalescing path $.coordinator.podAntiAffinityPreset
[INFO] Coalescing path $.coordinator.podLabels
[INFO] Coalescing path $.coordinator.podSecurityContext
[INFO] Coalescing path $.coordinator.priorityClassName
[INFO] Coalescing path $.coordinator.replicaCount
[INFO] Coalescing path $.coordinator.resources
[INFO] Coalescing path $.coordinator.runtimeClassName
[INFO] Coalescing path $.coordinator.schedulerName
[INFO] Coalescing path $.coordinator.sidecars
[INFO] Coalescing path $.coordinator.tolerations
[INFO] Coalescing path $.coordinator.topologySpreadConstraints
[INFO] Coalescing path $.coordinator.updateStrategy
[INFO] Coalescing path $.dataNode.affinity
[INFO] Coalescing path $.dataNode.automountServiceAccountToken
[INFO] Coalescing path $.dataNode.containerSecurityContext
[INFO] Coalescing path $.dataNode.customLivenessProbe
[INFO] Coalescing path $.dataNode.customReadinessProbe
[INFO] Coalescing path $.dataNode.customStartupProbe
[INFO] Coalescing path $.dataNode.defaultConfig
[INFO] Coalescing path $.dataNode.enableDefaultInitContainers
[INFO] Coalescing path $.dataNode.enabled
[INFO] Coalescing path $.dataNode.existingConfigMap
[INFO] Coalescing path $.dataNode.extraConfig
[INFO] Coalescing path $.dataNode.extraConfigExistingConfigMap
[INFO] Coalescing path $.dataNode.extraEnvVars
[INFO] Coalescing path $.dataNode.extraEnvVarsCM
[INFO] Coalescing path $.dataNode.extraEnvVarsSecret
[INFO] Coalescing path $.dataNode.extraVolumeMounts
[INFO] Coalescing path $.dataNode.extraVolumes
[INFO] Coalescing path $.dataNode.hostAliases
[INFO] Coalescing path $.dataNode.initContainers
[INFO] Coalescing path $.dataNode.lifecycleHooks
[INFO] Coalescing path $.dataNode.nodeSelector
[INFO] Coalescing path $.dataNode.podAffinityPreset
[INFO] Coalescing path $.dataNode.podAnnotations
[INFO] Coalescing path $.dataNode.podAntiAffinityPreset
[INFO] Coalescing path $.dataNode.podLabels
[INFO] Coalescing path $.dataNode.podSecurityContext
[INFO] Coalescing path $.dataNode.priorityClassName
[INFO] Coalescing path $.dataNode.replicaCount
[INFO] Coalescing path $.dataNode.resources
[INFO] Coalescing path $.dataNode.runtimeClassName
[INFO] Coalescing path $.dataNode.schedulerName
[INFO] Coalescing path $.dataNode.sidecars
[INFO] Coalescing path $.dataNode.tolerations
[INFO] Coalescing path $.dataNode.topologySpreadConstraints
[INFO] Coalescing path $.dataNode.updateStrategy
[INFO] Coalescing path $.diagnosticMode.args
[INFO] Coalescing path $.diagnosticMode.command
[INFO] Coalescing path $.diagnosticMode.enabled
[INFO] Coalescing path $.etcd.enabled
[INFO] Coalescing path $.externalEtcd.existingSecret
[INFO] Coalescing path $.externalEtcd.password
[INFO] Coalescing path $.externalS3.accessKeyID
[INFO] Coalescing path $.externalS3.accessKeySecret
[INFO] Coalescing path $.externalS3.existingSecret
[INFO] Coalescing path $.externalS3.existingSecretAccessKeyIDKey
[INFO] Coalescing path $.externalS3.existingSecretKeySecretKey
[INFO] Coalescing path $.extraDeploy[*]
[INFO] Coalescing path $.initJob.annotations
[INFO] Coalescing path $.initJob.automountServiceAccountToken
[INFO] Coalescing path $.initJob.backoffLimit
[INFO] Coalescing path $.initJob.containerSecurityContext
[INFO] Coalescing path $.initJob.customLivenessProbe
[INFO] Coalescing path $.initJob.customReadinessProbe
[INFO] Coalescing path $.initJob.customStartupProbe
[INFO] Coalescing path $.initJob.enableDefaultInitContainers
[INFO] Coalescing path $.initJob.extraCommands
[INFO] Coalescing path $.initJob.extraEnvVarsCM
[INFO] Coalescing path $.initJob.extraEnvVarsSecret
[INFO] Coalescing path $.initJob.extraVolumeMounts
[INFO] Coalescing path $.initJob.extraVolumes
[INFO] Coalescing path $.initJob.hostAliases
[INFO] Coalescing path $.initJob.image
[INFO] Coalescing path $.initJob.podAnnotations
[INFO] Coalescing path $.initJob.podLabels
[INFO] Coalescing path $.initJob.podSecurityContext
[INFO] Coalescing path $.initJob.resources
[INFO] Coalescing path $.kafka.enabled
[INFO] Coalescing path $.milvus.defaultConfig
[INFO] Coalescing path $.milvus.existingConfigMap
[INFO] Coalescing path $.milvus.extraConfig
[INFO] Coalescing path $.milvus.extraConfigExistingConfigMap
[INFO] Coalescing path $.milvus.image
[INFO] Coalescing path $.minio.enabled
[INFO] Coalescing path $.proxy.affinity
[INFO] Coalescing path $.proxy.automountServiceAccountToken
[INFO] Coalescing path $.proxy.containerSecurityContext
[INFO] Coalescing path $.proxy.customLivenessProbe
[INFO] Coalescing path $.proxy.customReadinessProbe
[INFO] Coalescing path $.proxy.customStartupProbe
[INFO] Coalescing path $.proxy.defaultConfig
[INFO] Coalescing path $.proxy.enableDefaultInitContainers
[INFO] Coalescing path $.proxy.enabled
[INFO] Coalescing path $.proxy.existingConfigMap
[INFO] Coalescing path $.proxy.extraConfig
[INFO] Coalescing path $.proxy.extraConfigExistingConfigMap
[INFO] Coalescing path $.proxy.extraEnvVars
[INFO] Coalescing path $.proxy.extraEnvVarsCM
[INFO] Coalescing path $.proxy.extraEnvVarsSecret
[INFO] Coalescing path $.proxy.extraVolumeMounts
[INFO] Coalescing path $.proxy.extraVolumes
[INFO] Coalescing path $.proxy.hostAliases
[INFO] Coalescing path $.proxy.initContainers
[INFO] Coalescing path $.proxy.lifecycleHooks
[INFO] Coalescing path $.proxy.nodeSelector
[INFO] Coalescing path $.proxy.podAffinityPreset
[INFO] Coalescing path $.proxy.podAnnotations
[INFO] Coalescing path $.proxy.podAntiAffinityPreset
[INFO] Coalescing path $.proxy.podLabels
[INFO] Coalescing path $.proxy.podSecurityContext
[INFO] Coalescing path $.proxy.priorityClassName
[INFO] Coalescing path $.proxy.replicaCount
[INFO] Coalescing path $.proxy.resources
[INFO] Coalescing path $.proxy.runtimeClassName
[INFO] Coalescing path $.proxy.schedulerName
[INFO] Coalescing path $.proxy.sidecars
[INFO] Coalescing path $.proxy.tolerations
[INFO] Coalescing path $.proxy.topologySpreadConstraints
[INFO] Coalescing path $.proxy.updateStrategy
[INFO] Coalescing path $.queryNode.affinity
[INFO] Coalescing path $.queryNode.automountServiceAccountToken
[INFO] Coalescing path $.queryNode.containerSecurityContext
[INFO] Coalescing path $.queryNode.customLivenessProbe
[INFO] Coalescing path $.queryNode.customReadinessProbe
[INFO] Coalescing path $.queryNode.customStartupProbe
[INFO] Coalescing path $.queryNode.defaultConfig
[INFO] Coalescing path $.queryNode.enableDefaultInitContainers
[INFO] Coalescing path $.queryNode.enabled
[INFO] Coalescing path $.queryNode.existingConfigMap
[INFO] Coalescing path $.queryNode.extraConfig
[INFO] Coalescing path $.queryNode.extraConfigExistingConfigMap
[INFO] Coalescing path $.queryNode.extraEnvVars
[INFO] Coalescing path $.queryNode.extraEnvVarsCM
[INFO] Coalescing path $.queryNode.extraEnvVarsSecret
[INFO] Coalescing path $.queryNode.extraVolumeMounts
[INFO] Coalescing path $.queryNode.extraVolumes
[INFO] Coalescing path $.queryNode.hostAliases
[INFO] Coalescing path $.queryNode.initContainers
[INFO] Coalescing path $.queryNode.lifecycleHooks
[INFO] Coalescing path $.queryNode.nodeSelector
[INFO] Coalescing path $.queryNode.podAffinityPreset
[INFO] Coalescing path $.queryNode.podAnnotations
[INFO] Coalescing path $.queryNode.podAntiAffinityPreset
[INFO] Coalescing path $.queryNode.podLabels
[INFO] Coalescing path $.queryNode.podSecurityContext
[INFO] Coalescing path $.queryNode.priorityClassName
[INFO] Coalescing path $.queryNode.replicaCount
[INFO] Coalescing path $.queryNode.resources
[INFO] Coalescing path $.queryNode.runtimeClassName
[INFO] Coalescing path $.queryNode.schedulerName
[INFO] Coalescing path $.queryNode.sidecars
[INFO] Coalescing path $.queryNode.tolerations
[INFO] Coalescing path $.queryNode.topologySpreadConstraints
[INFO] Coalescing path $.queryNode.updateStrategy
[INFO] Coalescing path $.streamingNode.affinity
[INFO] Coalescing path $.streamingNode.automountServiceAccountToken
[INFO] Coalescing path $.streamingNode.containerSecurityContext
[INFO] Coalescing path $.streamingNode.customLivenessProbe
[INFO] Coalescing path $.streamingNode.customReadinessProbe
[INFO] Coalescing path $.streamingNode.customStartupProbe
[INFO] Coalescing path $.streamingNode.defaultConfig
[INFO] Coalescing path $.streamingNode.enableDefaultInitContainers
[INFO] Coalescing path $.streamingNode.enabled
[INFO] Coalescing path $.streamingNode.existingConfigMap
[INFO] Coalescing path $.streamingNode.extraConfig
[INFO] Coalescing path $.streamingNode.extraConfigExistingConfigMap
[INFO] Coalescing path $.streamingNode.extraEnvVars
[INFO] Coalescing path $.streamingNode.extraEnvVarsCM
[INFO] Coalescing path $.streamingNode.extraEnvVarsSecret
[INFO] Coalescing path $.streamingNode.extraVolumeMounts
[INFO] Coalescing path $.streamingNode.extraVolumes
[INFO] Coalescing path $.streamingNode.hostAliases
[INFO] Coalescing path $.streamingNode.initContainers
[INFO] Coalescing path $.streamingNode.lifecycleHooks
[INFO] Coalescing path $.streamingNode.nodeSelector
[INFO] Coalescing path $.streamingNode.podAffinityPreset
[INFO] Coalescing path $.streamingNode.podAnnotations
[INFO] Coalescing path $.streamingNode.podAntiAffinityPreset
[INFO] Coalescing path $.streamingNode.podLabels
[INFO] Coalescing path $.streamingNode.podSecurityContext
[INFO] Coalescing path $.streamingNode.priorityClassName
[INFO] Coalescing path $.streamingNode.replicaCount
[INFO] Coalescing path $.streamingNode.resources
[INFO] Coalescing path $.streamingNode.runtimeClassName
[INFO] Coalescing path $.streamingNode.schedulerName
[INFO] Coalescing path $.streamingNode.sidecars
[INFO] Coalescing path $.streamingNode.tolerations
[INFO] Coalescing path $.streamingNode.topologySpreadConstraints
[INFO] Coalescing path $.streamingNode.updateStrategy
[INFO] Coalescing path $.waitContainer.image
[INFO] Coalescing path $.attu.containerPorts.http
[INFO] Coalescing path $.attu.containerSecurityContext.enabled
[INFO] Coalescing path $.attu.image.pullPolicy
[INFO] Coalescing path $.attu.ingress.annotations
[INFO] Coalescing path $.attu.ingress.enabled
[INFO] Coalescing path $.attu.ingress.extraHosts
[INFO] Coalescing path $.attu.ingress.extraPaths
[INFO] Coalescing path $.attu.ingress.extraRules
[INFO] Coalescing path $.attu.ingress.extraTls
[INFO] Coalescing path $.attu.ingress.hostname
[INFO] Coalescing path $.attu.ingress.ingressClassName
[INFO] Coalescing path $.attu.ingress.path
[INFO] Coalescing path $.attu.ingress.pathType
[INFO] Coalescing path $.attu.ingress.secrets
[INFO] Coalescing path $.attu.ingress.selfSigned
[INFO] Coalescing path $.attu.ingress.tls
[INFO] Coalescing path $.attu.networkPolicy.allowExternal
[INFO] Coalescing path $.attu.networkPolicy.allowExternalEgress
[INFO] Coalescing path $.attu.networkPolicy.enabled
[INFO] Coalescing path $.attu.networkPolicy.extraEgress
[INFO] Coalescing path $.attu.networkPolicy.extraIngress
[INFO] Coalescing path $.attu.networkPolicy.ingressNSMatchLabels
[INFO] Coalescing path $.attu.networkPolicy.ingressNSPodMatchLabels
[INFO] Coalescing path $.attu.nodeAffinityPreset.key
[INFO] Coalescing path $.attu.nodeAffinityPreset.type
[INFO] Coalescing path $.attu.nodeAffinityPreset.values
[INFO] Coalescing path $.attu.pdb.create
[INFO] Coalescing path $.attu.pdb.maxUnavailable
[INFO] Coalescing path $.attu.pdb.minAvailable
[INFO] Coalescing path $.attu.podSecurityContext.enabled
[INFO] Coalescing path $.attu.service.annotations
[INFO] Coalescing path $.attu.service.clusterIP
[INFO] Coalescing path $.attu.service.externalTrafficPolicy
[INFO] Coalescing path $.attu.service.extraPorts
[INFO] Coalescing path $.attu.service.loadBalancerIP
[INFO] Coalescing path $.attu.service.loadBalancerSourceRanges
[INFO] Coalescing path $.attu.service.sessionAffinity
[INFO] Coalescing path $.attu.service.sessionAffinityConfig
[INFO] Coalescing path $.attu.service.type
[INFO] Coalescing path $.attu.serviceAccount.annotations
[INFO] Coalescing path $.attu.serviceAccount.automountServiceAccountToken
[INFO] Coalescing path $.attu.serviceAccount.create
[INFO] Coalescing path $.coordinator.containerPorts.metrics
[INFO] Coalescing path $.coordinator.containerSecurityContext.enabled
[INFO] Coalescing path $.coordinator.metrics.annotations
[INFO] Coalescing path $.coordinator.metrics.enabled
[INFO] Coalescing path $.coordinator.networkPolicy.allowExternal
[INFO] Coalescing path $.coordinator.networkPolicy.allowExternalEgress
[INFO] Coalescing path $.coordinator.networkPolicy.enabled
[INFO] Coalescing path $.coordinator.networkPolicy.extraEgress
[INFO] Coalescing path $.coordinator.networkPolicy.extraIngress
[INFO] Coalescing path $.coordinator.networkPolicy.ingressNSMatchLabels
[INFO] Coalescing path $.coordinator.networkPolicy.ingressNSPodMatchLabels
[INFO] Coalescing path $.coordinator.nodeAffinityPreset.key
[INFO] Coalescing path $.coordinator.nodeAffinityPreset.type
[INFO] Coalescing path $.coordinator.nodeAffinityPreset.values
[INFO] Coalescing path $.coordinator.pdb.create
[INFO] Coalescing path $.coordinator.pdb.maxUnavailable
[INFO] Coalescing path $.coordinator.pdb.minAvailable
[INFO] Coalescing path $.coordinator.podSecurityContext.enabled
[INFO] Coalescing path $.coordinator.service.annotations
[INFO] Coalescing path $.coordinator.service.clusterIP
[INFO] Coalescing path $.coordinator.service.externalTrafficPolicy
[INFO] Coalescing path $.coordinator.service.extraPorts
[INFO] Coalescing path $.coordinator.service.loadBalancerIP
[INFO] Coalescing path $.coordinator.service.loadBalancerSourceRanges
[INFO] Coalescing path $.coordinator.service.sessionAffinity
[INFO] Coalescing path $.coordinator.service.sessionAffinityConfig
[INFO] Coalescing path $.coordinator.service.type
[INFO] Coalescing path $.coordinator.serviceAccount.annotations
[INFO] Coalescing path $.coordinator.serviceAccount.automountServiceAccountToken
[INFO] Coalescing path $.coordinator.serviceAccount.create
[INFO] Coalescing path $.dataNode.containerPorts.grpc
[INFO] Coalescing path $.dataNode.containerPorts.metrics
[INFO] Coalescing path $.dataNode.containerSecurityContext.enabled
[INFO] Coalescing path $.dataNode.metrics.annotations
[INFO] Coalescing path $.dataNode.metrics.enabled
[INFO] Coalescing path $.dataNode.networkPolicy.allowExternal
[INFO] Coalescing path $.dataNode.networkPolicy.allowExternalEgress
[INFO] Coalescing path $.dataNode.networkPolicy.enabled
[INFO] Coalescing path $.dataNode.networkPolicy.extraEgress
[INFO] Coalescing path $.dataNode.networkPolicy.extraIngress
[INFO] Coalescing path $.dataNode.networkPolicy.ingressNSMatchLabels
[INFO] Coalescing path $.dataNode.networkPolicy.ingressNSPodMatchLabels
[INFO] Coalescing path $.dataNode.nodeAffinityPreset.key
[INFO] Coalescing path $.dataNode.nodeAffinityPreset.type
[INFO] Coalescing path $.dataNode.nodeAffinityPreset.values
[INFO] Coalescing path $.dataNode.pdb.create
[INFO] Coalescing path $.dataNode.pdb.maxUnavailable
[INFO] Coalescing path $.dataNode.pdb.minAvailable
[INFO] Coalescing path $.dataNode.podSecurityContext.enabled
[INFO] Coalescing path $.dataNode.service.annotations
[INFO] Coalescing path $.dataNode.service.clusterIP
[INFO] Coalescing path $.dataNode.service.externalTrafficPolicy
[INFO] Coalescing path $.dataNode.service.extraPorts
[INFO] Coalescing path $.dataNode.service.loadBalancerIP
[INFO] Coalescing path $.dataNode.service.loadBalancerSourceRanges
[INFO] Coalescing path $.dataNode.service.sessionAffinity
[INFO] Coalescing path $.dataNode.service.sessionAffinityConfig
[INFO] Coalescing path $.dataNode.service.type
[INFO] Coalescing path $.dataNode.serviceAccount.annotations
[INFO] Coalescing path $.dataNode.serviceAccount.automountServiceAccountToken
[INFO] Coalescing path $.dataNode.serviceAccount.create
[INFO] Coalescing path $.externalEtcd.tls.enabled
[INFO] Coalescing path $.externalEtcd.tls.existingSecret
[INFO] Coalescing path $.externalKafka.sasl.existingSecret
[INFO] Coalescing path $.externalKafka.sasl.password
[INFO] Coalescing path $.externalKafka.tls.enabled
[INFO] Coalescing path $.externalKafka.tls.existingSecret
[INFO] Coalescing path $.externalKafka.tls.keyPassword
[INFO] Coalescing path $.externalS3.tls.enabled
[INFO] Coalescing path $.externalS3.tls.existingSecret
[INFO] Coalescing path $.initJob.containerSecurityContext.enabled
[INFO] Coalescing path $.initJob.image.pullPolicy
[INFO] Coalescing path $.initJob.networkPolicy.allowExternalEgress
[INFO] Coalescing path $.initJob.networkPolicy.enabled
[INFO] Coalescing path $.initJob.networkPolicy.extraEgress
[INFO] Coalescing path $.initJob.networkPolicy.extraIngress
[INFO] Coalescing path $.initJob.podSecurityContext.enabled
[INFO] Coalescing path $.initJob.tls.existingSecret
[INFO] Coalescing path $.milvus.auth.enabled
[INFO] Coalescing path $.milvus.auth.existingSecret
[INFO] Coalescing path $.milvus.auth.username
[INFO] Coalescing path $.milvus.image.pullPolicy
[INFO] Coalescing path $.minio.containerPorts.api
[INFO] Coalescing path $.proxy.containerPorts.grpc
[INFO] Coalescing path $.proxy.containerPorts.grpcInternal
[INFO] Coalescing path $.proxy.containerPorts.metrics
[INFO] Coalescing path $.proxy.containerSecurityContext.enabled
[INFO] Coalescing path $.proxy.metrics.annotations
[INFO] Coalescing path $.proxy.metrics.enabled
[INFO] Coalescing path $.proxy.networkPolicy.allowExternal
[INFO] Coalescing path $.proxy.networkPolicy.allowExternalEgress
[INFO] Coalescing path $.proxy.networkPolicy.enabled
[INFO] Coalescing path $.proxy.networkPolicy.extraEgress
[INFO] Coalescing path $.proxy.networkPolicy.extraIngress
[INFO] Coalescing path $.proxy.networkPolicy.ingressNSMatchLabels
[INFO] Coalescing path $.proxy.networkPolicy.ingressNSPodMatchLabels
[INFO] Coalescing path $.proxy.nodeAffinityPreset.key
[INFO] Coalescing path $.proxy.nodeAffinityPreset.type
[INFO] Coalescing path $.proxy.nodeAffinityPreset.values
[INFO] Coalescing path $.proxy.pdb.create
[INFO] Coalescing path $.proxy.pdb.maxUnavailable
[INFO] Coalescing path $.proxy.pdb.minAvailable
[INFO] Coalescing path $.proxy.podSecurityContext.enabled
[INFO] Coalescing path $.proxy.service.annotations
[INFO] Coalescing path $.proxy.service.clusterIP
[INFO] Coalescing path $.proxy.service.externalTrafficPolicy
[INFO] Coalescing path $.proxy.service.extraPorts
[INFO] Coalescing path $.proxy.service.loadBalancerIP
[INFO] Coalescing path $.proxy.service.loadBalancerSourceRanges
[INFO] Coalescing path $.proxy.service.sessionAffinity
[INFO] Coalescing path $.proxy.service.sessionAffinityConfig
[INFO] Coalescing path $.proxy.service.type
[INFO] Coalescing path $.proxy.serviceAccount.annotations
[INFO] Coalescing path $.proxy.serviceAccount.automountServiceAccountToken
[INFO] Coalescing path $.proxy.serviceAccount.create
[INFO] Coalescing path $.proxy.tls.existingSecret
[INFO] Coalescing path $.proxy.tls.mode
[INFO] Coalescing path $.queryNode.containerPorts.grpc
[INFO] Coalescing path $.queryNode.containerPorts.metrics
[INFO] Coalescing path $.queryNode.containerSecurityContext.enabled
[INFO] Coalescing path $.queryNode.metrics.annotations
[INFO] Coalescing path $.queryNode.metrics.enabled
[INFO] Coalescing path $.queryNode.networkPolicy.allowExternal
[INFO] Coalescing path $.queryNode.networkPolicy.allowExternalEgress
[INFO] Coalescing path $.queryNode.networkPolicy.enabled
[INFO] Coalescing path $.queryNode.networkPolicy.extraEgress
[INFO] Coalescing path $.queryNode.networkPolicy.extraIngress
[INFO] Coalescing path $.queryNode.networkPolicy.ingressNSMatchLabels
[INFO] Coalescing path $.queryNode.networkPolicy.ingressNSPodMatchLabels
[INFO] Coalescing path $.queryNode.nodeAffinityPreset.key
[INFO] Coalescing path $.queryNode.nodeAffinityPreset.type
[INFO] Coalescing path $.queryNode.nodeAffinityPreset.values
[INFO] Coalescing path $.queryNode.pdb.create
[INFO] Coalescing path $.queryNode.pdb.maxUnavailable
[INFO] Coalescing path $.queryNode.pdb.minAvailable
[INFO] Coalescing path $.queryNode.podSecurityContext.enabled
[INFO] Coalescing path $.queryNode.service.annotations
[INFO] Coalescing path $.queryNode.service.clusterIP
[INFO] Coalescing path $.queryNode.service.externalTrafficPolicy
[INFO] Coalescing path $.queryNode.service.extraPorts
[INFO] Coalescing path $.queryNode.service.loadBalancerIP
[INFO] Coalescing path $.queryNode.service.loadBalancerSourceRanges
[INFO] Coalescing path $.queryNode.service.sessionAffinity
[INFO] Coalescing path $.queryNode.service.sessionAffinityConfig
[INFO] Coalescing path $.queryNode.service.type
[INFO] Coalescing path $.queryNode.serviceAccount.annotations
[INFO] Coalescing path $.queryNode.serviceAccount.automountServiceAccountToken
[INFO] Coalescing path $.queryNode.serviceAccount.create
[INFO] Coalescing path $.streamingNode.containerPorts.grpc
[INFO] Coalescing path $.streamingNode.containerPorts.metrics
[INFO] Coalescing path $.streamingNode.containerSecurityContext.enabled
[INFO] Coalescing path $.streamingNode.metrics.annotations
[INFO] Coalescing path $.streamingNode.metrics.enabled
[INFO] Coalescing path $.streamingNode.networkPolicy.allowExternal
[INFO] Coalescing path $.streamingNode.networkPolicy.allowExternalEgress
[INFO] Coalescing path $.streamingNode.networkPolicy.enabled
[INFO] Coalescing path $.streamingNode.networkPolicy.extraEgress
[INFO] Coalescing path $.streamingNode.networkPolicy.extraIngress
[INFO] Coalescing path $.streamingNode.networkPolicy.ingressNSMatchLabels
[INFO] Coalescing path $.streamingNode.networkPolicy.ingressNSPodMatchLabels
[INFO] Coalescing path $.streamingNode.nodeAffinityPreset.key
[INFO] Coalescing path $.streamingNode.nodeAffinityPreset.type
[INFO] Coalescing path $.streamingNode.nodeAffinityPreset.values
[INFO] Coalescing path $.streamingNode.pdb.create
[INFO] Coalescing path $.streamingNode.pdb.maxUnavailable
[INFO] Coalescing path $.streamingNode.pdb.minAvailable
[INFO] Coalescing path $.streamingNode.podSecurityContext.enabled
[INFO] Coalescing path $.streamingNode.service.annotations
[INFO] Coalescing path $.streamingNode.service.clusterIP
[INFO] Coalescing path $.streamingNode.service.externalTrafficPolicy
[INFO] Coalescing path $.streamingNode.service.extraPorts
[INFO] Coalescing path $.streamingNode.service.loadBalancerIP
[INFO] Coalescing path $.streamingNode.service.loadBalancerSourceRanges
[INFO] Coalescing path $.streamingNode.service.sessionAffinity
[INFO] Coalescing path $.streamingNode.service.sessionAffinityConfig
[INFO] Coalescing path $.streamingNode.service.type
[INFO] Coalescing path $.streamingNode.serviceAccount.annotations
[INFO] Coalescing path $.streamingNode.serviceAccount.automountServiceAccountToken
[INFO] Coalescing path $.streamingNode.serviceAccount.create
[INFO] Coalescing path $.attu.autoscaling.hpa.annotations
[INFO] Coalescing path $.attu.autoscaling.hpa.enabled
[INFO] Coalescing path $.attu.autoscaling.hpa.maxReplicas
[INFO] Coalescing path $.attu.autoscaling.hpa.minReplicas
[INFO] Coalescing path $.attu.autoscaling.hpa.targetCPU
[INFO] Coalescing path $.attu.autoscaling.hpa.targetMemory
[INFO] Coalescing path $.attu.autoscaling.vpa.annotations
[INFO] Coalescing path $.attu.autoscaling.vpa.controlledResources
[INFO] Coalescing path $.attu.autoscaling.vpa.enabled
[INFO] Coalescing path $.attu.autoscaling.vpa.maxAllowed
[INFO] Coalescing path $.attu.autoscaling.vpa.minAllowed
[INFO] Coalescing path $.attu.autoscaling.vpa.updatePolicy
[INFO] Coalescing path $.attu.networkPolicy.ingressNSMatchLabels[*]
[INFO] Coalescing path $.attu.networkPolicy.ingressNSPodMatchLabels[*]
[INFO] Coalescing path $.attu.service.nodePorts.http
[INFO] Coalescing path $.attu.service.ports.http
[INFO] Coalescing path $.coordinator.autoscaling.hpa.annotations
[INFO] Coalescing path $.coordinator.autoscaling.hpa.enabled
[INFO] Coalescing path $.coordinator.autoscaling.hpa.maxReplicas
[INFO] Coalescing path $.coordinator.autoscaling.hpa.minReplicas
[INFO] Coalescing path $.coordinator.autoscaling.hpa.targetCPU
[INFO] Coalescing path $.coordinator.autoscaling.hpa.targetMemory
[INFO] Coalescing path $.coordinator.autoscaling.vpa.annotations
[INFO] Coalescing path $.coordinator.autoscaling.vpa.controlledResources
[INFO] Coalescing path $.coordinator.autoscaling.vpa.enabled
[INFO] Coalescing path $.coordinator.autoscaling.vpa.maxAllowed
[INFO] Coalescing path $.coordinator.autoscaling.vpa.minAllowed
[INFO] Coalescing path $.coordinator.autoscaling.vpa.updatePolicy
[INFO] Coalescing path $.coordinator.metrics.serviceMonitor.annotations
[INFO] Coalescing path $.coordinator.metrics.serviceMonitor.enabled
[INFO] Coalescing path $.coordinator.metrics.serviceMonitor.honorLabels
[INFO] Coalescing path $.coordinator.metrics.serviceMonitor.interval
[INFO] Coalescing path $.coordinator.metrics.serviceMonitor.jobLabel
[INFO] Coalescing path $.coordinator.metrics.serviceMonitor.labels
[INFO] Coalescing path $.coordinator.metrics.serviceMonitor.metricRelabelings
[INFO] Coalescing path $.coordinator.metrics.serviceMonitor.namespace
[INFO] Coalescing path $.coordinator.metrics.serviceMonitor.relabelings
[INFO] Coalescing path $.coordinator.metrics.serviceMonitor.scrapeTimeout
[INFO] Coalescing path $.coordinator.metrics.serviceMonitor.selector
[INFO] Coalescing path $.coordinator.networkPolicy.ingressNSMatchLabels[*]
[INFO] Coalescing path $.coordinator.networkPolicy.ingressNSPodMatchLabels[*]
[INFO] Coalescing path $.coordinator.service.nodePorts.metrics
[INFO] Coalescing path $.coordinator.service.ports.metrics
[INFO] Coalescing path $.dataNode.autoscaling.hpa.annotations
[INFO] Coalescing path $.dataNode.autoscaling.hpa.enabled
[INFO] Coalescing path $.dataNode.autoscaling.hpa.maxReplicas
[INFO] Coalescing path $.dataNode.autoscaling.hpa.minReplicas
[INFO] Coalescing path $.dataNode.autoscaling.hpa.targetCPU
[INFO] Coalescing path $.dataNode.autoscaling.hpa.targetMemory
[INFO] Coalescing path $.dataNode.autoscaling.vpa.annotations
[INFO] Coalescing path $.dataNode.autoscaling.vpa.controlledResources
[INFO] Coalescing path $.dataNode.autoscaling.vpa.enabled
[INFO] Coalescing path $.dataNode.autoscaling.vpa.maxAllowed
[INFO] Coalescing path $.dataNode.autoscaling.vpa.minAllowed
[INFO] Coalescing path $.dataNode.autoscaling.vpa.updatePolicy
[INFO] Coalescing path $.dataNode.metrics.serviceMonitor.annotations
[INFO] Coalescing path $.dataNode.metrics.serviceMonitor.enabled
[INFO] Coalescing path $.dataNode.metrics.serviceMonitor.honorLabels
[INFO] Coalescing path $.dataNode.metrics.serviceMonitor.interval
[INFO] Coalescing path $.dataNode.metrics.serviceMonitor.jobLabel
[INFO] Coalescing path $.dataNode.metrics.serviceMonitor.labels
[INFO] Coalescing path $.dataNode.metrics.serviceMonitor.metricRelabelings
[INFO] Coalescing path $.dataNode.metrics.serviceMonitor.namespace
[INFO] Coalescing path $.dataNode.metrics.serviceMonitor.relabelings
[INFO] Coalescing path $.dataNode.metrics.serviceMonitor.scrapeTimeout
[INFO] Coalescing path $.dataNode.metrics.serviceMonitor.selector
[INFO] Coalescing path $.dataNode.networkPolicy.ingressNSMatchLabels[*]
[INFO] Coalescing path $.dataNode.networkPolicy.ingressNSPodMatchLabels[*]
[INFO] Coalescing path $.dataNode.service.nodePorts.grpc
[INFO] Coalescing path $.dataNode.service.nodePorts.metrics
[INFO] Coalescing path $.dataNode.service.ports.grpc
[INFO] Coalescing path $.dataNode.service.ports.metrics
[INFO] Coalescing path $.proxy.autoscaling.hpa.annotations
[INFO] Coalescing path $.proxy.autoscaling.hpa.enabled
[INFO] Coalescing path $.proxy.autoscaling.hpa.maxReplicas
[INFO] Coalescing path $.proxy.autoscaling.hpa.minReplicas
[INFO] Coalescing path $.proxy.autoscaling.hpa.targetCPU
[INFO] Coalescing path $.proxy.autoscaling.hpa.targetMemory
[INFO] Coalescing path $.proxy.autoscaling.vpa.annotations
[INFO] Coalescing path $.proxy.autoscaling.vpa.controlledResources
[INFO] Coalescing path $.proxy.autoscaling.vpa.enabled
[INFO] Coalescing path $.proxy.autoscaling.vpa.maxAllowed
[INFO] Coalescing path $.proxy.autoscaling.vpa.minAllowed
[INFO] Coalescing path $.proxy.autoscaling.vpa.updatePolicy
[INFO] Coalescing path $.proxy.metrics.serviceMonitor.annotations
[INFO] Coalescing path $.proxy.metrics.serviceMonitor.enabled
[INFO] Coalescing path $.proxy.metrics.serviceMonitor.honorLabels
[INFO] Coalescing path $.proxy.metrics.serviceMonitor.interval
[INFO] Coalescing path $.proxy.metrics.serviceMonitor.jobLabel
[INFO] Coalescing path $.proxy.metrics.serviceMonitor.labels
[INFO] Coalescing path $.proxy.metrics.serviceMonitor.metricRelabelings
[INFO] Coalescing path $.proxy.metrics.serviceMonitor.namespace
[INFO] Coalescing path $.proxy.metrics.serviceMonitor.relabelings
[INFO] Coalescing path $.proxy.metrics.serviceMonitor.scrapeTimeout
[INFO] Coalescing path $.proxy.metrics.serviceMonitor.selector
[INFO] Coalescing path $.proxy.networkPolicy.ingressNSMatchLabels[*]
[INFO] Coalescing path $.proxy.networkPolicy.ingressNSPodMatchLabels[*]
[INFO] Coalescing path $.proxy.service.nodePorts.grpc
[INFO] Coalescing path $.proxy.service.nodePorts.metrics
[INFO] Coalescing path $.proxy.service.ports.grpc
[INFO] Coalescing path $.proxy.service.ports.metrics
[INFO] Coalescing path $.queryNode.autoscaling.hpa.annotations
[INFO] Coalescing path $.queryNode.autoscaling.hpa.enabled
[INFO] Coalescing path $.queryNode.autoscaling.hpa.maxReplicas
[INFO] Coalescing path $.queryNode.autoscaling.hpa.minReplicas
[INFO] Coalescing path $.queryNode.autoscaling.hpa.targetCPU
[INFO] Coalescing path $.queryNode.autoscaling.hpa.targetMemory
[INFO] Coalescing path $.queryNode.autoscaling.vpa.annotations
[INFO] Coalescing path $.queryNode.autoscaling.vpa.controlledResources
[INFO] Coalescing path $.queryNode.autoscaling.vpa.enabled
[INFO] Coalescing path $.queryNode.autoscaling.vpa.maxAllowed
[INFO] Coalescing path $.queryNode.autoscaling.vpa.minAllowed
[INFO] Coalescing path $.queryNode.autoscaling.vpa.updatePolicy
[INFO] Coalescing path $.queryNode.metrics.serviceMonitor.annotations
[INFO] Coalescing path $.queryNode.metrics.serviceMonitor.enabled
[INFO] Coalescing path $.queryNode.metrics.serviceMonitor.honorLabels
[INFO] Coalescing path $.queryNode.metrics.serviceMonitor.interval
[INFO] Coalescing path $.queryNode.metrics.serviceMonitor.jobLabel
[INFO] Coalescing path $.queryNode.metrics.serviceMonitor.labels
[INFO] Coalescing path $.queryNode.metrics.serviceMonitor.metricRelabelings
[INFO] Coalescing path $.queryNode.metrics.serviceMonitor.namespace
[INFO] Coalescing path $.queryNode.metrics.serviceMonitor.relabelings
[INFO] Coalescing path $.queryNode.metrics.serviceMonitor.scrapeTimeout
[INFO] Coalescing path $.queryNode.metrics.serviceMonitor.selector
[INFO] Coalescing path $.queryNode.networkPolicy.ingressNSMatchLabels[*]
[INFO] Coalescing path $.queryNode.networkPolicy.ingressNSPodMatchLabels[*]
[INFO] Coalescing path $.queryNode.service.nodePorts.grpc
[INFO] Coalescing path $.queryNode.service.nodePorts.metrics
[INFO] Coalescing path $.queryNode.service.ports.grpc
[INFO] Coalescing path $.queryNode.service.ports.metrics
[INFO] Coalescing path $.streamingNode.autoscaling.hpa.annotations
[INFO] Coalescing path $.streamingNode.autoscaling.hpa.enabled
[INFO] Coalescing path $.streamingNode.autoscaling.hpa.maxReplicas
[INFO] Coalescing path $.streamingNode.autoscaling.hpa.minReplicas
[INFO] Coalescing path $.streamingNode.autoscaling.hpa.targetCPU
[INFO] Coalescing path $.streamingNode.autoscaling.hpa.targetMemory
[INFO] Coalescing path $.streamingNode.autoscaling.vpa.annotations
[INFO] Coalescing path $.streamingNode.autoscaling.vpa.controlledResources
[INFO] Coalescing path $.streamingNode.autoscaling.vpa.enabled
[INFO] Coalescing path $.streamingNode.autoscaling.vpa.maxAllowed
[INFO] Coalescing path $.streamingNode.autoscaling.vpa.minAllowed
[INFO] Coalescing path $.streamingNode.autoscaling.vpa.updatePolicy
[INFO] Coalescing path $.streamingNode.metrics.serviceMonitor.annotations
[INFO] Coalescing path $.streamingNode.metrics.serviceMonitor.enabled
[INFO] Coalescing path $.streamingNode.metrics.serviceMonitor.honorLabels
[INFO] Coalescing path $.streamingNode.metrics.serviceMonitor.interval
[INFO] Coalescing path $.streamingNode.metrics.serviceMonitor.jobLabel
[INFO] Coalescing path $.streamingNode.metrics.serviceMonitor.labels
[INFO] Coalescing path $.streamingNode.metrics.serviceMonitor.metricRelabelings
[INFO] Coalescing path $.streamingNode.metrics.serviceMonitor.namespace
[INFO] Coalescing path $.streamingNode.metrics.serviceMonitor.relabelings
[INFO] Coalescing path $.streamingNode.metrics.serviceMonitor.scrapeTimeout
[INFO] Coalescing path $.streamingNode.metrics.serviceMonitor.selector
[INFO] Coalescing path $.streamingNode.networkPolicy.ingressNSMatchLabels[*]
[INFO] Coalescing path $.streamingNode.networkPolicy.ingressNSPodMatchLabels[*]
[INFO] Coalescing path $.streamingNode.service.nodePorts.grpc
[INFO] Coalescing path $.streamingNode.service.nodePorts.metrics
[INFO] Coalescing path $.streamingNode.service.ports.grpc
[INFO] Coalescing path $.streamingNode.service.ports.metrics
[INFO] Coalescing path $.attu.autoscaling.vpa.updatePolicy.updateMode
[INFO] Coalescing path $.attu.ingress.extraHosts[*].name
[INFO] Coalescing path $.attu.ingress.extraHosts[*].path
[INFO] Coalescing path $.attu.ingress.extraHosts[*].pathType
[INFO] Coalescing path $.attu.ingress.secrets[*].certificate
[INFO] Coalescing path $.attu.ingress.secrets[*].key
[INFO] Coalescing path $.attu.ingress.secrets[*].name
[INFO] Coalescing path $.coordinator.autoscaling.vpa.updatePolicy.updateMode
[INFO] Coalescing path $.dataNode.autoscaling.vpa.updatePolicy.updateMode
[INFO] Coalescing path $.proxy.autoscaling.vpa.updatePolicy.updateMode
[INFO] Coalescing path $.queryNode.autoscaling.vpa.updatePolicy.updateMode
[INFO] Coalescing path $.streamingNode.autoscaling.vpa.updatePolicy.updateMode
[INFO] Testing known inputs first; arbitrary extra-key cases are deferred
[INFO] Compiler input baseline: 601 statically named fields
[INFO] Execution stopped at the 207.454s time limit; coverage is incomplete
[INFO] Render hashes (run-local): 18 observed, 18 unique, 0 duplicate bundles; 0 successful validations reused
[INFO] Testing deferred arbitrary-key and original-schema robustness cases
[INFO] Compiler input baseline: 601 statically named fields
[INFO] Execution stopped at the 29.9763s time limit; coverage is incomplete
[INFO] Render hashes (run-local): 6 observed, 6 unique, 0 duplicate bundles; 0 successful validations reused
[INFO] .: time-limit; 0 charts remain
