[INFO] Chart 1/1: .
[INFO] Finite filtering unavailable: permutations need closed objects at (); set additionalProperties: false; prioritizing known inputs before robustness sampling
[INFO] Coalescing path $.affinity
[INFO] Coalescing path $.annotations
[INFO] Coalescing path $.architecture
[INFO] Coalescing path $.automountServiceAccountToken
[INFO] Coalescing path $.clusterDomain
[INFO] Coalescing path $.commonAnnotation
[INFO] Coalescing path $.commonAnnotations
[INFO] Coalescing path $.commonLabels
[INFO] Coalescing path $.configuration
[INFO] Coalescing path $.containerSecurityContext
[INFO] Coalescing path $.customLivenessProbe
[INFO] Coalescing path $.customReadinessProbe
[INFO] Coalescing path $.customStartupProbe
[INFO] Coalescing path $.directoryPerDB
[INFO] Coalescing path $.disableJavascript
[INFO] Coalescing path $.disableSystemLog
[INFO] Coalescing path $.enableIPv6
[INFO] Coalescing path $.enableJournal
[INFO] Coalescing path $.enableServiceLinks
[INFO] Coalescing path $.existingConfigmap
[INFO] Coalescing path $.extraDeploy
[INFO] Coalescing path $.extraEnvVars
[INFO] Coalescing path $.extraEnvVarsCM
[INFO] Coalescing path $.extraEnvVarsSecret
[INFO] Coalescing path $.extraFlags
[INFO] Coalescing path $.extraVolumeMounts
[INFO] Coalescing path $.extraVolumes
[INFO] Coalescing path $.global
[INFO] Coalescing path $.hostAliases
[INFO] Coalescing path $.image
[INFO] Coalescing path $.initContainers
[INFO] Coalescing path $.initdbScripts
[INFO] Coalescing path $.initdbScriptsConfigMap
[INFO] Coalescing path $.labels
[INFO] Coalescing path $.lifecycleHooks
[INFO] Coalescing path $.nodeSelector
[INFO] Coalescing path $.persistence
[INFO] Coalescing path $.podAffinityPreset
[INFO] Coalescing path $.podAnnotations
[INFO] Coalescing path $.podAntiAffinityPreset
[INFO] Coalescing path $.podLabels
[INFO] Coalescing path $.podManagementPolicy
[INFO] Coalescing path $.podSecurityContext
[INFO] Coalescing path $.priorityClassName
[INFO] Coalescing path $.replicaCount
[INFO] Coalescing path $.replicaSetHostnames
[INFO] Coalescing path $.replicaSetName
[INFO] Coalescing path $.resources
[INFO] Coalescing path $.runtimeClassName
[INFO] Coalescing path $.schedulerName
[INFO] Coalescing path $.sidecars
[INFO] Coalescing path $.systemLogVerbosity
[INFO] Coalescing path $.terminationGracePeriodSeconds
[INFO] Coalescing path $.tolerations
[INFO] Coalescing path $.topologyKey
[INFO] Coalescing path $.topologySpreadConstraints
[INFO] Coalescing path $.updateStrategy
[INFO] Coalescing path $.usePasswordFiles
[INFO] Coalescing path $.useStatefulSet
[INFO] Coalescing path $.arbiter.affinity
[INFO] Coalescing path $.arbiter.annotations
[INFO] Coalescing path $.arbiter.automountServiceAccountToken
[INFO] Coalescing path $.arbiter.configuration
[INFO] Coalescing path $.arbiter.containerSecurityContext
[INFO] Coalescing path $.arbiter.customLivenessProbe
[INFO] Coalescing path $.arbiter.customReadinessProbe
[INFO] Coalescing path $.arbiter.customStartupProbe
[INFO] Coalescing path $.arbiter.enabled
[INFO] Coalescing path $.arbiter.existingConfigmap
[INFO] Coalescing path $.arbiter.extraEnvVars
[INFO] Coalescing path $.arbiter.extraEnvVarsCM
[INFO] Coalescing path $.arbiter.extraEnvVarsSecret
[INFO] Coalescing path $.arbiter.extraFlags
[INFO] Coalescing path $.arbiter.extraVolumeMounts
[INFO] Coalescing path $.arbiter.extraVolumes
[INFO] Coalescing path $.arbiter.hostAliases
[INFO] Coalescing path $.arbiter.initContainers
[INFO] Coalescing path $.arbiter.labels
[INFO] Coalescing path $.arbiter.lifecycleHooks
[INFO] Coalescing path $.arbiter.nodeSelector
[INFO] Coalescing path $.arbiter.podAffinityPreset
[INFO] Coalescing path $.arbiter.podAnnotations
[INFO] Coalescing path $.arbiter.podAntiAffinityPreset
[INFO] Coalescing path $.arbiter.podLabels
[INFO] Coalescing path $.arbiter.podManagementPolicy
[INFO] Coalescing path $.arbiter.podSecurityContext
[INFO] Coalescing path $.arbiter.priorityClassName
[INFO] Coalescing path $.arbiter.resources
[INFO] Coalescing path $.arbiter.runtimeClassName
[INFO] Coalescing path $.arbiter.schedulerName
[INFO] Coalescing path $.arbiter.sidecars
[INFO] Coalescing path $.arbiter.terminationGracePeriodSeconds
[INFO] Coalescing path $.arbiter.tolerations
[INFO] Coalescing path $.arbiter.topologySpreadConstraints
[INFO] Coalescing path $.arbiter.updateStrategy
[INFO] Coalescing path $.auth.enabled
[INFO] Coalescing path $.auth.existingSecret
[INFO] Coalescing path $.auth.replicationPassword
[INFO] Coalescing path $.auth.rootPassword
[INFO] Coalescing path $.auth.rootUser
[INFO] Coalescing path $.backup.enabled
[INFO] Coalescing path $.containerPorts.mongodb
[INFO] Coalescing path $.containerSecurityContext.enabled
[INFO] Coalescing path $.containerSecurityContext.runAsUser
[INFO] Coalescing path $.diagnosticMode.args
[INFO] Coalescing path $.diagnosticMode.command
[INFO] Coalescing path $.diagnosticMode.enabled
[INFO] Coalescing path $.externalAccess.enabled
[INFO] Coalescing path $.extraDeploy[*]
[INFO] Coalescing path $.hidden.affinity
[INFO] Coalescing path $.hidden.annotations
[INFO] Coalescing path $.hidden.automountServiceAccountToken
[INFO] Coalescing path $.hidden.configuration
[INFO] Coalescing path $.hidden.containerSecurityContext
[INFO] Coalescing path $.hidden.customLivenessProbe
[INFO] Coalescing path $.hidden.customReadinessProbe
[INFO] Coalescing path $.hidden.customStartupProbe
[INFO] Coalescing path $.hidden.existingConfigmap
[INFO] Coalescing path $.hidden.extraEnvVars
[INFO] Coalescing path $.hidden.extraEnvVarsCM
[INFO] Coalescing path $.hidden.extraEnvVarsSecret
[INFO] Coalescing path $.hidden.extraFlags
[INFO] Coalescing path $.hidden.extraVolumeMounts
[INFO] Coalescing path $.hidden.extraVolumes
[INFO] Coalescing path $.hidden.hostAliases
[INFO] Coalescing path $.hidden.initContainers
[INFO] Coalescing path $.hidden.labels
[INFO] Coalescing path $.hidden.lifecycleHooks
[INFO] Coalescing path $.hidden.nodeSelector
[INFO] Coalescing path $.hidden.podAffinityPreset
[INFO] Coalescing path $.hidden.podAnnotations
[INFO] Coalescing path $.hidden.podAntiAffinityPreset
[INFO] Coalescing path $.hidden.podLabels
[INFO] Coalescing path $.hidden.podManagementPolicy
[INFO] Coalescing path $.hidden.podSecurityContext
[INFO] Coalescing path $.hidden.priorityClassName
[INFO] Coalescing path $.hidden.replicaCount
[INFO] Coalescing path $.hidden.resources
[INFO] Coalescing path $.hidden.runtimeClassName
[INFO] Coalescing path $.hidden.schedulerName
[INFO] Coalescing path $.hidden.sidecars
[INFO] Coalescing path $.hidden.terminationGracePeriodSeconds
[INFO] Coalescing path $.hidden.tolerations
[INFO] Coalescing path $.hidden.topologySpreadConstraints
[INFO] Coalescing path $.hidden.updateStrategy
[INFO] Coalescing path $.image.debug
[INFO] Coalescing path $.image.pullPolicy
[INFO] Coalescing path $.metrics.containerPort
[INFO] Coalescing path $.metrics.customLivenessProbe
[INFO] Coalescing path $.metrics.customReadinessProbe
[INFO] Coalescing path $.metrics.customStartupProbe
[INFO] Coalescing path $.metrics.enabled
[INFO] Coalescing path $.metrics.extraVolumeMounts
[INFO] Coalescing path $.metrics.image
[INFO] Coalescing path $.metrics.password
[INFO] Coalescing path $.metrics.resources
[INFO] Coalescing path $.metrics.username
[INFO] Coalescing path $.networkPolicy.addExternalClientAccess
[INFO] Coalescing path $.networkPolicy.allowExternal
[INFO] Coalescing path $.networkPolicy.allowExternalEgress
[INFO] Coalescing path $.networkPolicy.customRules
[INFO] Coalescing path $.networkPolicy.enabled
[INFO] Coalescing path $.networkPolicy.extraEgress
[INFO] Coalescing path $.networkPolicy.extraIngress
[INFO] Coalescing path $.networkPolicy.ingressNSMatchLabels
[INFO] Coalescing path $.networkPolicy.ingressNSPodMatchLabels
[INFO] Coalescing path $.networkPolicy.ingressPodMatchLabels
[INFO] Coalescing path $.networkPolicy.namespaceSelector
[INFO] Coalescing path $.networkPolicy.podSelector
[INFO] Coalescing path $.nodeAffinityPreset.key
[INFO] Coalescing path $.nodeAffinityPreset.type
[INFO] Coalescing path $.nodeAffinityPreset.values
[INFO] Coalescing path $.passwordUpdateJob.annotations
[INFO] Coalescing path $.passwordUpdateJob.args
[INFO] Coalescing path $.passwordUpdateJob.automountServiceAccountToken
[INFO] Coalescing path $.passwordUpdateJob.backoffLimit
[INFO] Coalescing path $.passwordUpdateJob.command
[INFO] Coalescing path $.passwordUpdateJob.containerSecurityContext
[INFO] Coalescing path $.passwordUpdateJob.customLivenessProbe
[INFO] Coalescing path $.passwordUpdateJob.customReadinessProbe
[INFO] Coalescing path $.passwordUpdateJob.customStartupProbe
[INFO] Coalescing path $.passwordUpdateJob.enabled
[INFO] Coalescing path $.passwordUpdateJob.extraEnvVars
[INFO] Coalescing path $.passwordUpdateJob.extraEnvVarsCM
[INFO] Coalescing path $.passwordUpdateJob.extraEnvVarsSecret
[INFO] Coalescing path $.passwordUpdateJob.extraVolumeMounts
[INFO] Coalescing path $.passwordUpdateJob.extraVolumes
[INFO] Coalescing path $.passwordUpdateJob.hostAliases
[INFO] Coalescing path $.passwordUpdateJob.initContainers
[INFO] Coalescing path $.passwordUpdateJob.podAnnotations
[INFO] Coalescing path $.passwordUpdateJob.podLabels
[INFO] Coalescing path $.passwordUpdateJob.podSecurityContext
[INFO] Coalescing path $.passwordUpdateJob.resources
[INFO] Coalescing path $.pdb.create
[INFO] Coalescing path $.pdb.maxUnavailable
[INFO] Coalescing path $.pdb.minAvailable
[INFO] Coalescing path $.persistence.accessModes
[INFO] Coalescing path $.persistence.annotations
[INFO] Coalescing path $.persistence.enabled
[INFO] Coalescing path $.persistence.existingClaim
[INFO] Coalescing path $.persistence.medium
[INFO] Coalescing path $.persistence.mountPath
[INFO] Coalescing path $.persistence.name
[INFO] Coalescing path $.persistence.resourcePolicy
[INFO] Coalescing path $.persistence.size
[INFO] Coalescing path $.persistence.subPath
[INFO] Coalescing path $.podSecurityContext.enabled
[INFO] Coalescing path $.podSecurityContext.fsGroup
[INFO] Coalescing path $.podSecurityPolicy.allowPrivilegeEscalation
[INFO] Coalescing path $.podSecurityPolicy.create
[INFO] Coalescing path $.podSecurityPolicy.privileged
[INFO] Coalescing path $.podSecurityPolicy.spec
[INFO] Coalescing path $.rbac.create
[INFO] Coalescing path $.rbac.rules
[INFO] Coalescing path $.replicaSetConfigurationSettings.configuration
[INFO] Coalescing path $.replicaSetConfigurationSettings.enabled
[INFO] Coalescing path $.service.allocateLoadBalancerNodePorts
[INFO] Coalescing path $.service.annotations
[INFO] Coalescing path $.service.clusterIP
[INFO] Coalescing path $.service.externalIPs
[INFO] Coalescing path $.service.externalTrafficPolicy
[INFO] Coalescing path $.service.extraPorts
[INFO] Coalescing path $.service.loadBalancerClass
[INFO] Coalescing path $.service.loadBalancerIP
[INFO] Coalescing path $.service.loadBalancerSourceRanges
[INFO] Coalescing path $.service.portName
[INFO] Coalescing path $.service.publishNotReadyAddresses
[INFO] Coalescing path $.service.sessionAffinity
[INFO] Coalescing path $.service.sessionAffinityConfig
[INFO] Coalescing path $.service.type
[INFO] Coalescing path $.serviceAccount.annotations
[INFO] Coalescing path $.serviceAccount.automountServiceAccountToken
[INFO] Coalescing path $.serviceAccount.create
[INFO] Coalescing path $.serviceBindings.enabled
[INFO] Coalescing path $.tls.autoGenerated
[INFO] Coalescing path $.tls.caCert
[INFO] Coalescing path $.tls.caKey
[INFO] Coalescing path $.tls.enabled
[INFO] Coalescing path $.tls.extraDnsNames
[INFO] Coalescing path $.tls.image
[INFO] Coalescing path $.tls.mode
[INFO] Coalescing path $.tls.resources
[INFO] Coalescing path $.tls.securityContext
[INFO] Coalescing path $.volumePermissions.enabled
[INFO] Coalescing path $.volumePermissions.image
[INFO] Coalescing path $.arbiter.containerPorts.mongodb
[INFO] Coalescing path $.arbiter.containerSecurityContext.enabled
[INFO] Coalescing path $.arbiter.nodeAffinityPreset.key
[INFO] Coalescing path $.arbiter.nodeAffinityPreset.type
[INFO] Coalescing path $.arbiter.nodeAffinityPreset.values
[INFO] Coalescing path $.arbiter.pdb.create
[INFO] Coalescing path $.arbiter.pdb.maxUnavailable
[INFO] Coalescing path $.arbiter.pdb.minAvailable
[INFO] Coalescing path $.arbiter.podSecurityContext.enabled
[INFO] Coalescing path $.arbiter.service.extraPorts
[INFO] Coalescing path $.backup.cronjob.annotations
[INFO] Coalescing path $.backup.cronjob.backoffLimit
[INFO] Coalescing path $.backup.cronjob.command
[INFO] Coalescing path $.backup.cronjob.concurrencyPolicy
[INFO] Coalescing path $.backup.cronjob.containerSecurityContext
[INFO] Coalescing path $.backup.cronjob.failedJobsHistoryLimit
[INFO] Coalescing path $.backup.cronjob.labels
[INFO] Coalescing path $.backup.cronjob.resources
[INFO] Coalescing path $.backup.cronjob.restartPolicy
[INFO] Coalescing path $.backup.cronjob.schedule
[INFO] Coalescing path $.backup.cronjob.startingDeadlineSeconds
[INFO] Coalescing path $.backup.cronjob.storage
[INFO] Coalescing path $.backup.cronjob.successfulJobsHistoryLimit
[INFO] Coalescing path $.backup.cronjob.timeZone
[INFO] Coalescing path $.backup.cronjob.ttlSecondsAfterFinished
[INFO] Coalescing path $.externalAccess.autoDiscovery.enabled
[INFO] Coalescing path $.externalAccess.autoDiscovery.image
[INFO] Coalescing path $.externalAccess.dnsCheck.image
[INFO] Coalescing path $.externalAccess.externalMaster.enabled
[INFO] Coalescing path $.externalAccess.externalMaster.host
[INFO] Coalescing path $.externalAccess.externalMaster.port
[INFO] Coalescing path $.externalAccess.hidden.enabled
[INFO] Coalescing path $.externalAccess.service.allocateLoadBalancerNodePorts
[INFO] Coalescing path $.externalAccess.service.annotations
[INFO] Coalescing path $.externalAccess.service.annotationsList
[INFO] Coalescing path $.externalAccess.service.domain
[INFO] Coalescing path $.externalAccess.service.externalTrafficPolicy
[INFO] Coalescing path $.externalAccess.service.extraPorts
[INFO] Coalescing path $.externalAccess.service.loadBalancerClass
[INFO] Coalescing path $.externalAccess.service.loadBalancerIPs
[INFO] Coalescing path $.externalAccess.service.loadBalancerSourceRanges
[INFO] Coalescing path $.externalAccess.service.nodePorts
[INFO] Coalescing path $.externalAccess.service.portName
[INFO] Coalescing path $.externalAccess.service.publicNames
[INFO] Coalescing path $.externalAccess.service.sessionAffinity
[INFO] Coalescing path $.externalAccess.service.sessionAffinityConfig
[INFO] Coalescing path $.externalAccess.service.type
[INFO] Coalescing path $.hidden.containerPorts.mongodb
[INFO] Coalescing path $.hidden.containerSecurityContext.enabled
[INFO] Coalescing path $.hidden.nodeAffinityPreset.key
[INFO] Coalescing path $.hidden.nodeAffinityPreset.type
[INFO] Coalescing path $.hidden.nodeAffinityPreset.values
[INFO] Coalescing path $.hidden.pdb.create
[INFO] Coalescing path $.hidden.pdb.maxUnavailable
[INFO] Coalescing path $.hidden.pdb.minAvailable
[INFO] Coalescing path $.hidden.persistence.enabled
[INFO] Coalescing path $.hidden.persistence.medium
[INFO] Coalescing path $.hidden.persistence.mountPath
[INFO] Coalescing path $.hidden.persistence.subPath
[INFO] Coalescing path $.hidden.podSecurityContext.enabled
[INFO] Coalescing path $.hidden.service.extraPorts
[INFO] Coalescing path $.hidden.service.portName
[INFO] Coalescing path $.metrics.image.pullPolicy
[INFO] Coalescing path $.metrics.prometheusRule.additionalLabels
[INFO] Coalescing path $.metrics.prometheusRule.enabled
[INFO] Coalescing path $.metrics.prometheusRule.rules
[INFO] Coalescing path $.metrics.service.annotations
[INFO] Coalescing path $.metrics.service.extraPorts
[INFO] Coalescing path $.metrics.service.type
[INFO] Coalescing path $.metrics.serviceMonitor.enabled
[INFO] Coalescing path $.metrics.serviceMonitor.honorLabels
[INFO] Coalescing path $.metrics.serviceMonitor.interval
[INFO] Coalescing path $.metrics.serviceMonitor.jobLabel
[INFO] Coalescing path $.metrics.serviceMonitor.labels
[INFO] Coalescing path $.metrics.serviceMonitor.metricRelabelings
[INFO] Coalescing path $.metrics.serviceMonitor.relabelings
[INFO] Coalescing path $.metrics.serviceMonitor.scrapeTimeout
[INFO] Coalescing path $.metrics.serviceMonitor.selector
[INFO] Coalescing path $.passwordUpdateJob.containerSecurityContext.enabled
[INFO] Coalescing path $.passwordUpdateJob.podSecurityContext.enabled
[INFO] Coalescing path $.passwordUpdateJob.previousPasswords.existingSecret
[INFO] Coalescing path $.passwordUpdateJob.previousPasswords.rootPassword
[INFO] Coalescing path $.persistence.accessModes[*]
[INFO] Coalescing path $.replicaSetConfigurationSettings.configuration[*]
[INFO] Coalescing path $.service.headless.annotations
[INFO] Coalescing path $.service.nodePorts.mongodb
[INFO] Coalescing path $.service.ports.mongodb
[INFO] Coalescing path $.tls.arbiter.existingSecret
[INFO] Coalescing path $.tls.hidden.existingSecrets
[INFO] Coalescing path $.tls.image.pullPolicy
[INFO] Coalescing path $.tls.mTLS.enabled
[INFO] Coalescing path $.tls.replicaset.existingSecrets
[INFO] Coalescing path $.tls.standalone.existingSecret
[INFO] Coalescing path $.arbiter.service.headless.annotations
[INFO] Coalescing path $.arbiter.service.ports.mongodb
[INFO] Coalescing path $.backup.cronjob.containerSecurityContext.enabled
[INFO] Coalescing path $.backup.cronjob.serviceAccount.name
[INFO] Coalescing path $.backup.cronjob.storage.accessModes
[INFO] Coalescing path $.backup.cronjob.storage.existingClaim
[INFO] Coalescing path $.backup.cronjob.storage.mountPath
[INFO] Coalescing path $.backup.cronjob.storage.resourcePolicy
[INFO] Coalescing path $.backup.cronjob.storage.size
[INFO] Coalescing path $.backup.cronjob.storage.subPath
[INFO] Coalescing path $.externalAccess.hidden.service.allocateLoadBalancerNodePorts
[INFO] Coalescing path $.externalAccess.hidden.service.annotations
[INFO] Coalescing path $.externalAccess.hidden.service.externalTrafficPolicy
[INFO] Coalescing path $.externalAccess.hidden.service.extraPorts
[INFO] Coalescing path $.externalAccess.hidden.service.loadBalancerClass
[INFO] Coalescing path $.externalAccess.hidden.service.loadBalancerIPs
[INFO] Coalescing path $.externalAccess.hidden.service.loadBalancerSourceRanges
[INFO] Coalescing path $.externalAccess.hidden.service.nodePorts
[INFO] Coalescing path $.externalAccess.hidden.service.portName
[INFO] Coalescing path $.externalAccess.hidden.service.sessionAffinity
[INFO] Coalescing path $.externalAccess.hidden.service.sessionAffinityConfig
[INFO] Coalescing path $.externalAccess.hidden.service.type
[INFO] Coalescing path $.externalAccess.service.annotationsList[*]
[INFO] Coalescing path $.externalAccess.service.loadBalancerIPs[*]
[INFO] Coalescing path $.externalAccess.service.nodePorts[*]
[INFO] Coalescing path $.externalAccess.service.ports.mongodb
[INFO] Coalescing path $.hidden.service.headless.annotations
[INFO] Coalescing path $.hidden.service.ports.mongodb
[INFO] Coalescing path $.metrics.service.ports.metrics
[INFO] Coalescing path $.tls.hidden.existingSecrets[*]
[INFO] Coalescing path $.tls.replicaset.existingSecrets[*]
[INFO] Coalescing path $.backup.cronjob.storage.accessModes[*]
[INFO] Coalescing path $.externalAccess.hidden.service.loadBalancerIPs[*]
[INFO] Coalescing path $.externalAccess.hidden.service.nodePorts[*]
[INFO] Coalescing path $.externalAccess.hidden.service.ports.mongodb
[INFO] Testing known inputs first; arbitrary extra-key cases are deferred
[INFO] Compiler input baseline: 348 statically named fields
[INFO] Render hashes (run-local): 32 observed, 32 unique, 0 duplicate bundles; 0 successful validations reused
[INFO] Testing deferred arbitrary-key and original-schema robustness cases
[INFO] Compiler input baseline: 348 statically named fields
[INFO] Execution stopped at the 238.352s time limit; coverage is incomplete
[INFO] Render hashes (run-local): 36 observed, 36 unique, 0 duplicate bundles; 0 successful validations reused
[INFO] .: failed; 0 charts remain
