[INFO] Chart 1/1: .
[INFO] Finite filtering unavailable: permutations need closed objects at (); set additionalProperties: false; prioritizing known inputs before robustness sampling
[INFO] Coalescing path $.clusterDomain
[INFO] Coalescing path $.commonAnnotations
[INFO] Coalescing path $.commonLabels
[INFO] Coalescing path $.configsvr
[INFO] Coalescing path $.extraDeploy
[INFO] Coalescing path $.global
[INFO] Coalescing path $.image
[INFO] Coalescing path $.mongos
[INFO] Coalescing path $.shards
[INFO] Coalescing path $.auth.enabled
[INFO] Coalescing path $.auth.existingSecret
[INFO] Coalescing path $.auth.rootUser
[INFO] Coalescing path $.auth.usePasswordFiles
[INFO] Coalescing path $.common.extraEnvVars
[INFO] Coalescing path $.common.extraEnvVarsCM
[INFO] Coalescing path $.common.extraEnvVarsSecret
[INFO] Coalescing path $.common.extraVolumeMounts
[INFO] Coalescing path $.common.extraVolumes
[INFO] Coalescing path $.common.initContainers
[INFO] Coalescing path $.common.initScriptsCM
[INFO] Coalescing path $.common.initScriptsSecret
[INFO] Coalescing path $.common.mongodbDirectoryPerDB
[INFO] Coalescing path $.common.mongodbDisableSystemLog
[INFO] Coalescing path $.common.mongodbEnableIPv6
[INFO] Coalescing path $.common.mongodbEnableNumactl
[INFO] Coalescing path $.common.mongodbInitRetryAttempts
[INFO] Coalescing path $.common.mongodbInitRetryDelay
[INFO] Coalescing path $.common.mongodbSystemLogVerbosity
[INFO] Coalescing path $.common.podAnnotations
[INFO] Coalescing path $.common.podLabels
[INFO] Coalescing path $.common.serviceAccount
[INFO] Coalescing path $.common.sidecars
[INFO] Coalescing path $.common.useHostnames
[INFO] Coalescing path $.configsvr.affinity
[INFO] Coalescing path $.configsvr.automountServiceAccountToken
[INFO] Coalescing path $.configsvr.config
[INFO] Coalescing path $.configsvr.configCM
[INFO] Coalescing path $.configsvr.containerSecurityContext
[INFO] Coalescing path $.configsvr.extraEnvVars
[INFO] Coalescing path $.configsvr.extraEnvVarsCM
[INFO] Coalescing path $.configsvr.extraEnvVarsSecret
[INFO] Coalescing path $.configsvr.extraVolumeMounts
[INFO] Coalescing path $.configsvr.extraVolumes
[INFO] Coalescing path $.configsvr.hostAliases
[INFO] Coalescing path $.configsvr.initContainers
[INFO] Coalescing path $.configsvr.lifecycleHooks
[INFO] Coalescing path $.configsvr.mongodbExtraFlags
[INFO] Coalescing path $.configsvr.nodeSelector
[INFO] Coalescing path $.configsvr.podAffinityPreset
[INFO] Coalescing path $.configsvr.podAnnotations
[INFO] Coalescing path $.configsvr.podAntiAffinityPreset
[INFO] Coalescing path $.configsvr.podLabels
[INFO] Coalescing path $.configsvr.podManagementPolicy
[INFO] Coalescing path $.configsvr.podSecurityContext
[INFO] Coalescing path $.configsvr.priorityClassName
[INFO] Coalescing path $.configsvr.replicaCount
[INFO] Coalescing path $.configsvr.resources
[INFO] Coalescing path $.configsvr.schedulerName
[INFO] Coalescing path $.configsvr.serviceAccount
[INFO] Coalescing path $.configsvr.sidecars
[INFO] Coalescing path $.configsvr.terminationGracePeriodSeconds
[INFO] Coalescing path $.configsvr.tolerations
[INFO] Coalescing path $.configsvr.topologySpreadConstraints
[INFO] Coalescing path $.configsvr.updateStrategy
[INFO] Coalescing path $.diagnosticMode.args
[INFO] Coalescing path $.diagnosticMode.command
[INFO] Coalescing path $.diagnosticMode.enabled
[INFO] Coalescing path $.extraDeploy[*]
[INFO] Coalescing path $.image.debug
[INFO] Coalescing path $.image.pullPolicy
[INFO] Coalescing path $.metrics.containerSecurityContext
[INFO] Coalescing path $.metrics.customLivenessProbe
[INFO] Coalescing path $.metrics.customReadinessProbe
[INFO] Coalescing path $.metrics.customStartupProbe
[INFO] Coalescing path $.metrics.enabled
[INFO] Coalescing path $.metrics.extraArgs
[INFO] Coalescing path $.metrics.image
[INFO] Coalescing path $.metrics.livenessProbe
[INFO] Coalescing path $.metrics.podAnnotations
[INFO] Coalescing path $.metrics.readinessProbe
[INFO] Coalescing path $.metrics.resources
[INFO] Coalescing path $.metrics.resourcesPreset
[INFO] Coalescing path $.metrics.startupProbe
[INFO] Coalescing path $.metrics.useTLS
[INFO] Coalescing path $.mongos.affinity
[INFO] Coalescing path $.mongos.automountServiceAccountToken
[INFO] Coalescing path $.mongos.config
[INFO] Coalescing path $.mongos.configCM
[INFO] Coalescing path $.mongos.containerSecurityContext
[INFO] Coalescing path $.mongos.extraEnvVars
[INFO] Coalescing path $.mongos.extraEnvVarsCM
[INFO] Coalescing path $.mongos.extraEnvVarsSecret
[INFO] Coalescing path $.mongos.extraVolumeMounts
[INFO] Coalescing path $.mongos.extraVolumes
[INFO] Coalescing path $.mongos.hostAliases
[INFO] Coalescing path $.mongos.initContainers
[INFO] Coalescing path $.mongos.lifecycleHooks
[INFO] Coalescing path $.mongos.mongodbExtraFlags
[INFO] Coalescing path $.mongos.nodeSelector
[INFO] Coalescing path $.mongos.podAffinityPreset
[INFO] Coalescing path $.mongos.podAnnotations
[INFO] Coalescing path $.mongos.podAntiAffinityPreset
[INFO] Coalescing path $.mongos.podLabels
[INFO] Coalescing path $.mongos.podManagementPolicy
[INFO] Coalescing path $.mongos.podSecurityContext
[INFO] Coalescing path $.mongos.priorityClassName
[INFO] Coalescing path $.mongos.replicaCount
[INFO] Coalescing path $.mongos.resources
[INFO] Coalescing path $.mongos.schedulerName
[INFO] Coalescing path $.mongos.serviceAccount
[INFO] Coalescing path $.mongos.sidecars
[INFO] Coalescing path $.mongos.terminationGracePeriodSeconds
[INFO] Coalescing path $.mongos.tolerations
[INFO] Coalescing path $.mongos.topologySpreadConstraints
[INFO] Coalescing path $.mongos.updateStrategy
[INFO] Coalescing path $.mongos.useStatefulSet
[INFO] Coalescing path $.networkPolicy.allowExternal
[INFO] Coalescing path $.networkPolicy.allowExternalEgress
[INFO] Coalescing path $.networkPolicy.enabled
[INFO] Coalescing path $.networkPolicy.extraEgress
[INFO] Coalescing path $.networkPolicy.extraIngress
[INFO] Coalescing path $.networkPolicy.ingressNSMatchLabels
[INFO] Coalescing path $.networkPolicy.ingressNSPodMatchLabels
[INFO] Coalescing path $.service.annotations
[INFO] Coalescing path $.service.clusterIP
[INFO] Coalescing path $.service.externalIPs
[INFO] Coalescing path $.service.externalTrafficPolicy
[INFO] Coalescing path $.service.extraPorts
[INFO] Coalescing path $.service.loadBalancerIP
[INFO] Coalescing path $.service.loadBalancerSourceRanges
[INFO] Coalescing path $.service.sessionAffinity
[INFO] Coalescing path $.service.sessionAffinityConfig
[INFO] Coalescing path $.service.type
[INFO] Coalescing path $.shardsvr.arbiter
[INFO] Coalescing path $.shardsvr.dataNode
[INFO] Coalescing path $.shardsvr.persistence
[INFO] Coalescing path $.volumePermissions.enabled
[INFO] Coalescing path $.volumePermissions.image
[INFO] Coalescing path $.volumePermissions.resources
[INFO] Coalescing path $.volumePermissions.resourcesPreset
[INFO] Coalescing path $.common.containerPorts.mongodb
[INFO] Coalescing path $.configsvr.containerSecurityContext.enabled
[INFO] Coalescing path $.configsvr.containerSecurityContext.runAsUser
[INFO] Coalescing path $.configsvr.external.host
[INFO] Coalescing path $.configsvr.external.replicasetKey
[INFO] Coalescing path $.configsvr.external.rootPassword
[INFO] Coalescing path $.configsvr.nodeAffinityPreset.key
[INFO] Coalescing path $.configsvr.nodeAffinityPreset.type
[INFO] Coalescing path $.configsvr.nodeAffinityPreset.values
[INFO] Coalescing path $.configsvr.pdb.create
[INFO] Coalescing path $.configsvr.pdb.maxUnavailable
[INFO] Coalescing path $.configsvr.pdb.minAvailable
[INFO] Coalescing path $.configsvr.persistence.enabled
[INFO] Coalescing path $.configsvr.persistence.mountPath
[INFO] Coalescing path $.configsvr.persistence.subPath
[INFO] Coalescing path $.configsvr.podSecurityContext.enabled
[INFO] Coalescing path $.configsvr.podSecurityContext.fsGroup
[INFO] Coalescing path $.metrics.containerPorts.metrics
[INFO] Coalescing path $.metrics.containerSecurityContext.enabled
[INFO] Coalescing path $.metrics.image.pullPolicy
[INFO] Coalescing path $.metrics.livenessProbe.enabled
[INFO] Coalescing path $.metrics.podMonitor.additionalLabels
[INFO] Coalescing path $.metrics.podMonitor.enabled
[INFO] Coalescing path $.metrics.podMonitor.interval
[INFO] Coalescing path $.metrics.podMonitor.namespace
[INFO] Coalescing path $.metrics.podMonitor.scrapeTimeout
[INFO] Coalescing path $.metrics.readinessProbe.enabled
[INFO] Coalescing path $.metrics.startupProbe.enabled
[INFO] Coalescing path $.mongos.containerSecurityContext.enabled
[INFO] Coalescing path $.mongos.nodeAffinityPreset.key
[INFO] Coalescing path $.mongos.nodeAffinityPreset.type
[INFO] Coalescing path $.mongos.nodeAffinityPreset.values
[INFO] Coalescing path $.mongos.pdb.create
[INFO] Coalescing path $.mongos.pdb.maxUnavailable
[INFO] Coalescing path $.mongos.pdb.minAvailable
[INFO] Coalescing path $.mongos.podSecurityContext.enabled
[INFO] Coalescing path $.mongos.servicePerReplica.annotations
[INFO] Coalescing path $.mongos.servicePerReplica.clusterIPs
[INFO] Coalescing path $.mongos.servicePerReplica.enabled
[INFO] Coalescing path $.mongos.servicePerReplica.externalIPs
[INFO] Coalescing path $.mongos.servicePerReplica.externalTrafficPolicy
[INFO] Coalescing path $.mongos.servicePerReplica.extraPorts
[INFO] Coalescing path $.mongos.servicePerReplica.loadBalancerIPs
[INFO] Coalescing path $.mongos.servicePerReplica.loadBalancerSourceRanges
[INFO] Coalescing path $.mongos.servicePerReplica.nodePorts
[INFO] Coalescing path $.mongos.servicePerReplica.port
[INFO] Coalescing path $.mongos.servicePerReplica.sessionAffinity
[INFO] Coalescing path $.mongos.servicePerReplica.sessionAffinityConfig
[INFO] Coalescing path $.mongos.servicePerReplica.type
[INFO] Coalescing path $.networkPolicy.ingressNSMatchLabels[*]
[INFO] Coalescing path $.networkPolicy.ingressNSPodMatchLabels[*]
[INFO] Coalescing path $.rts.networkPolicy.extraEgress
[INFO] Coalescing path $.service.headless.annotations
[INFO] Coalescing path $.service.nodePorts.metrics
[INFO] Coalescing path $.service.nodePorts.mongodb
[INFO] Coalescing path $.service.ports.mongodb
[INFO] Coalescing path $.shardsvr.arbiter.affinity
[INFO] Coalescing path $.shardsvr.arbiter.args
[INFO] Coalescing path $.shardsvr.arbiter.automountServiceAccountToken
[INFO] Coalescing path $.shardsvr.arbiter.command
[INFO] Coalescing path $.shardsvr.arbiter.config
[INFO] Coalescing path $.shardsvr.arbiter.configCM
[INFO] Coalescing path $.shardsvr.arbiter.containerSecurityContext
[INFO] Coalescing path $.shardsvr.arbiter.customLivenessProbe
[INFO] Coalescing path $.shardsvr.arbiter.customReadinessProbe
[INFO] Coalescing path $.shardsvr.arbiter.customStartupProbe
[INFO] Coalescing path $.shardsvr.arbiter.extraEnvVars
[INFO] Coalescing path $.shardsvr.arbiter.extraEnvVarsCM
[INFO] Coalescing path $.shardsvr.arbiter.extraEnvVarsSecret
[INFO] Coalescing path $.shardsvr.arbiter.extraVolumeMounts
[INFO] Coalescing path $.shardsvr.arbiter.extraVolumes
[INFO] Coalescing path $.shardsvr.arbiter.hostAliases
[INFO] Coalescing path $.shardsvr.arbiter.initContainers
[INFO] Coalescing path $.shardsvr.arbiter.lifecycleHooks
[INFO] Coalescing path $.shardsvr.arbiter.livenessProbe
[INFO] Coalescing path $.shardsvr.arbiter.mongodbExtraFlags
[INFO] Coalescing path $.shardsvr.arbiter.nodeSelector
[INFO] Coalescing path $.shardsvr.arbiter.podAffinityPreset
[INFO] Coalescing path $.shardsvr.arbiter.podAnnotations
[INFO] Coalescing path $.shardsvr.arbiter.podAntiAffinityPreset
[INFO] Coalescing path $.shardsvr.arbiter.podLabels
[INFO] Coalescing path $.shardsvr.arbiter.podManagementPolicy
[INFO] Coalescing path $.shardsvr.arbiter.podSecurityContext
[INFO] Coalescing path $.shardsvr.arbiter.priorityClassName
[INFO] Coalescing path $.shardsvr.arbiter.readinessProbe
[INFO] Coalescing path $.shardsvr.arbiter.replicaCount
[INFO] Coalescing path $.shardsvr.arbiter.resources
[INFO] Coalescing path $.shardsvr.arbiter.resourcesPreset
[INFO] Coalescing path $.shardsvr.arbiter.schedulerName
[INFO] Coalescing path $.shardsvr.arbiter.serviceAccount
[INFO] Coalescing path $.shardsvr.arbiter.sidecars
[INFO] Coalescing path $.shardsvr.arbiter.startupProbe
[INFO] Coalescing path $.shardsvr.arbiter.terminationGracePeriodSeconds
[INFO] Coalescing path $.shardsvr.arbiter.tolerations
[INFO] Coalescing path $.shardsvr.arbiter.topologySpreadConstraints
[INFO] Coalescing path $.shardsvr.arbiter.updateStrategy
[INFO] Coalescing path $.shardsvr.dataNode.affinity
[INFO] Coalescing path $.shardsvr.dataNode.args
[INFO] Coalescing path $.shardsvr.dataNode.automountServiceAccountToken
[INFO] Coalescing path $.shardsvr.dataNode.command
[INFO] Coalescing path $.shardsvr.dataNode.config
[INFO] Coalescing path $.shardsvr.dataNode.configCM
[INFO] Coalescing path $.shardsvr.dataNode.containerSecurityContext
[INFO] Coalescing path $.shardsvr.dataNode.customLivenessProbe
[INFO] Coalescing path $.shardsvr.dataNode.customReadinessProbe
[INFO] Coalescing path $.shardsvr.dataNode.customStartupProbe
[INFO] Coalescing path $.shardsvr.dataNode.extraEnvVars
[INFO] Coalescing path $.shardsvr.dataNode.extraEnvVarsCM
[INFO] Coalescing path $.shardsvr.dataNode.extraEnvVarsSecret
[INFO] Coalescing path $.shardsvr.dataNode.extraVolumeMounts
[INFO] Coalescing path $.shardsvr.dataNode.extraVolumes
[INFO] Coalescing path $.shardsvr.dataNode.hostAliases
[INFO] Coalescing path $.shardsvr.dataNode.initContainers
[INFO] Coalescing path $.shardsvr.dataNode.lifecycleHooks
[INFO] Coalescing path $.shardsvr.dataNode.livenessProbe
[INFO] Coalescing path $.shardsvr.dataNode.mongodbExtraFlags
[INFO] Coalescing path $.shardsvr.dataNode.nodeSelector
[INFO] Coalescing path $.shardsvr.dataNode.podAffinityPreset
[INFO] Coalescing path $.shardsvr.dataNode.podAnnotations
[INFO] Coalescing path $.shardsvr.dataNode.podAntiAffinityPreset
[INFO] Coalescing path $.shardsvr.dataNode.podLabels
[INFO] Coalescing path $.shardsvr.dataNode.podManagementPolicy
[INFO] Coalescing path $.shardsvr.dataNode.podSecurityContext
[INFO] Coalescing path $.shardsvr.dataNode.priorityClassName
[INFO] Coalescing path $.shardsvr.dataNode.readinessProbe
[INFO] Coalescing path $.shardsvr.dataNode.replicaCount
[INFO] Coalescing path $.shardsvr.dataNode.resources
[INFO] Coalescing path $.shardsvr.dataNode.resourcesPreset
[INFO] Coalescing path $.shardsvr.dataNode.schedulerName
[INFO] Coalescing path $.shardsvr.dataNode.serviceAccount
[INFO] Coalescing path $.shardsvr.dataNode.sidecars
[INFO] Coalescing path $.shardsvr.dataNode.startupProbe
[INFO] Coalescing path $.shardsvr.dataNode.terminationGracePeriodSeconds
[INFO] Coalescing path $.shardsvr.dataNode.tolerations
[INFO] Coalescing path $.shardsvr.dataNode.topologySpreadConstraints
[INFO] Coalescing path $.shardsvr.dataNode.updateStrategy
[INFO] Coalescing path $.shardsvr.persistence.accessModes
[INFO] Coalescing path $.shardsvr.persistence.annotations
[INFO] Coalescing path $.shardsvr.persistence.enabled
[INFO] Coalescing path $.shardsvr.persistence.mountPath
[INFO] Coalescing path $.shardsvr.persistence.resourcePolicy
[INFO] Coalescing path $.shardsvr.persistence.selector
[INFO] Coalescing path $.shardsvr.persistence.size
[INFO] Coalescing path $.shardsvr.persistence.subPath
[INFO] Coalescing path $.shardsvr.persistentVolumeClaimRetentionPolicy.enabled
[INFO] Coalescing path $.shardsvr.persistentVolumeClaimRetentionPolicy.whenDeleted
[INFO] Coalescing path $.shardsvr.persistentVolumeClaimRetentionPolicy.whenScaled
[INFO] Coalescing path $.volumePermissions.image.pullPolicy
[INFO] Coalescing path $.mongos.servicePerReplica.clusterIPs[*]
[INFO] Coalescing path $.mongos.servicePerReplica.loadBalancerIPs[*]
[INFO] Coalescing path $.mongos.servicePerReplica.nodePorts[*]
[INFO] Coalescing path $.shardsvr.arbiter.containerSecurityContext.enabled
[INFO] Coalescing path $.shardsvr.arbiter.livenessProbe.enabled
[INFO] Coalescing path $.shardsvr.arbiter.nodeAffinityPreset.key
[INFO] Coalescing path $.shardsvr.arbiter.nodeAffinityPreset.type
[INFO] Coalescing path $.shardsvr.arbiter.nodeAffinityPreset.values
[INFO] Coalescing path $.shardsvr.arbiter.podSecurityContext.enabled
[INFO] Coalescing path $.shardsvr.arbiter.readinessProbe.enabled
[INFO] Coalescing path $.shardsvr.arbiter.startupProbe.enabled
[INFO] Coalescing path $.shardsvr.dataNode.containerSecurityContext.enabled
[INFO] Coalescing path $.shardsvr.dataNode.containerSecurityContext.runAsUser
[INFO] Coalescing path $.shardsvr.dataNode.livenessProbe.enabled
[INFO] Coalescing path $.shardsvr.dataNode.nodeAffinityPreset.key
[INFO] Coalescing path $.shardsvr.dataNode.nodeAffinityPreset.type
[INFO] Coalescing path $.shardsvr.dataNode.nodeAffinityPreset.values
[INFO] Coalescing path $.shardsvr.dataNode.pdb.create
[INFO] Coalescing path $.shardsvr.dataNode.pdb.maxUnavailable
[INFO] Coalescing path $.shardsvr.dataNode.pdb.minAvailable
[INFO] Coalescing path $.shardsvr.dataNode.podSecurityContext.enabled
[INFO] Coalescing path $.shardsvr.dataNode.podSecurityContext.fsGroup
[INFO] Coalescing path $.shardsvr.dataNode.readinessProbe.enabled
[INFO] Coalescing path $.shardsvr.dataNode.startupProbe.enabled
[INFO] Coalescing path $.shardsvr.persistence.accessModes[*]
[INFO] Testing known inputs first; arbitrary extra-key cases are deferred
[INFO] Compiler input baseline: 280 statically named fields
[INFO] Render hashes (run-local): 25 observed, 25 unique, 0 duplicate bundles; 0 successful validations reused
[INFO] Testing deferred arbitrary-key and original-schema robustness cases
[INFO] Compiler input baseline: 280 statically named fields
[INFO] Render hashes (run-local): 101 observed, 101 unique, 0 duplicate bundles; 0 successful validations reused
[INFO] .: failed; 0 charts remain
