[INFO] Chart 1/1: .
[INFO] Finite filtering unavailable: permutations need closed objects at (); set additionalProperties: false; prioritizing known inputs before robustness sampling
[INFO] Coalescing path $.commonAnnotations
[INFO] Coalescing path $.commonLabels
[INFO] Coalescing path $.extraDeploy
[INFO] Coalescing path $.global
[INFO] Coalescing path $.persistence
[INFO] Coalescing path $.usePasswordFiles
[INFO] Coalescing path $.dashboard.affinity
[INFO] Coalescing path $.dashboard.appName
[INFO] Coalescing path $.dashboard.automountServiceAccountToken
[INFO] Coalescing path $.dashboard.containerSecurityContext
[INFO] Coalescing path $.dashboard.customLivenessProbe
[INFO] Coalescing path $.dashboard.customReadinessProbe
[INFO] Coalescing path $.dashboard.customStartupProbe
[INFO] Coalescing path $.dashboard.enabled
[INFO] Coalescing path $.dashboard.extraEnvVars
[INFO] Coalescing path $.dashboard.extraEnvVarsCM
[INFO] Coalescing path $.dashboard.extraEnvVarsSecret
[INFO] Coalescing path $.dashboard.extraVolumeMounts
[INFO] Coalescing path $.dashboard.extraVolumes
[INFO] Coalescing path $.dashboard.hostAliases
[INFO] Coalescing path $.dashboard.image
[INFO] Coalescing path $.dashboard.initContainers
[INFO] Coalescing path $.dashboard.lifecycleHooks
[INFO] Coalescing path $.dashboard.nodeSelector
[INFO] Coalescing path $.dashboard.parseServerUrlProtocol
[INFO] Coalescing path $.dashboard.podAffinityPreset
[INFO] Coalescing path $.dashboard.podAnnotations
[INFO] Coalescing path $.dashboard.podAntiAffinityPreset
[INFO] Coalescing path $.dashboard.podLabels
[INFO] Coalescing path $.dashboard.podSecurityContext
[INFO] Coalescing path $.dashboard.priorityClassName
[INFO] Coalescing path $.dashboard.replicaCount
[INFO] Coalescing path $.dashboard.resources
[INFO] Coalescing path $.dashboard.schedulerName
[INFO] Coalescing path $.dashboard.sidecars
[INFO] Coalescing path $.dashboard.terminationGracePeriodSeconds
[INFO] Coalescing path $.dashboard.tolerations
[INFO] Coalescing path $.dashboard.topologySpreadConstraints
[INFO] Coalescing path $.dashboard.updateStrategy
[INFO] Coalescing path $.dashboard.username
[INFO] Coalescing path $.diagnosticMode.args
[INFO] Coalescing path $.diagnosticMode.command
[INFO] Coalescing path $.diagnosticMode.enabled
[INFO] Coalescing path $.extraDeploy[*]
[INFO] Coalescing path $.ingress.annotations
[INFO] Coalescing path $.ingress.enabled
[INFO] Coalescing path $.ingress.extraRules
[INFO] Coalescing path $.ingress.extraTls
[INFO] Coalescing path $.ingress.ingressClassName
[INFO] Coalescing path $.ingress.secrets
[INFO] Coalescing path $.ingress.selfSigned
[INFO] Coalescing path $.ingress.tls
[INFO] Coalescing path $.persistence.accessModes
[INFO] Coalescing path $.persistence.annotations
[INFO] Coalescing path $.persistence.dataSource
[INFO] Coalescing path $.persistence.enabled
[INFO] Coalescing path $.persistence.existingClaim
[INFO] Coalescing path $.persistence.selector
[INFO] Coalescing path $.persistence.size
[INFO] Coalescing path $.server.affinity
[INFO] Coalescing path $.server.appId
[INFO] Coalescing path $.server.automountServiceAccountToken
[INFO] Coalescing path $.server.cloudCodeScripts
[INFO] Coalescing path $.server.containerSecurityContext
[INFO] Coalescing path $.server.customLivenessProbe
[INFO] Coalescing path $.server.customReadinessProbe
[INFO] Coalescing path $.server.customStartupProbe
[INFO] Coalescing path $.server.enableCloudCode
[INFO] Coalescing path $.server.existingCloudCodeScriptsCM
[INFO] Coalescing path $.server.extraEnvVars
[INFO] Coalescing path $.server.extraEnvVarsCM
[INFO] Coalescing path $.server.extraEnvVarsSecret
[INFO] Coalescing path $.server.extraVolumeMounts
[INFO] Coalescing path $.server.extraVolumes
[INFO] Coalescing path $.server.forceOverwriteConfFile
[INFO] Coalescing path $.server.hostAliases
[INFO] Coalescing path $.server.image
[INFO] Coalescing path $.server.initContainers
[INFO] Coalescing path $.server.lifecycleHooks
[INFO] Coalescing path $.server.masterKeyIps
[INFO] Coalescing path $.server.mountPath
[INFO] Coalescing path $.server.nodeSelector
[INFO] Coalescing path $.server.podAffinityPreset
[INFO] Coalescing path $.server.podAnnotations
[INFO] Coalescing path $.server.podAntiAffinityPreset
[INFO] Coalescing path $.server.podLabels
[INFO] Coalescing path $.server.podSecurityContext
[INFO] Coalescing path $.server.priorityClassName
[INFO] Coalescing path $.server.resources
[INFO] Coalescing path $.server.schedulerName
[INFO] Coalescing path $.server.sidecars
[INFO] Coalescing path $.server.terminationGracePeriodSeconds
[INFO] Coalescing path $.server.tolerations
[INFO] Coalescing path $.server.topologySpreadConstraints
[INFO] Coalescing path $.server.updateStrategy
[INFO] Coalescing path $.serviceAccount.annotations
[INFO] Coalescing path $.serviceAccount.automountServiceAccountToken
[INFO] Coalescing path $.serviceAccount.create
[INFO] Coalescing path $.volumePermissions.enabled
[INFO] Coalescing path $.volumePermissions.image
[INFO] Coalescing path $.volumePermissions.resources
[INFO] Coalescing path $.dashboard.containerPorts.http
[INFO] Coalescing path $.dashboard.containerSecurityContext.enabled
[INFO] Coalescing path $.dashboard.image.debug
[INFO] Coalescing path $.dashboard.image.pullPolicy
[INFO] Coalescing path $.dashboard.networkPolicy.allowExternal
[INFO] Coalescing path $.dashboard.networkPolicy.allowExternalEgress
[INFO] Coalescing path $.dashboard.networkPolicy.enabled
[INFO] Coalescing path $.dashboard.networkPolicy.extraEgress
[INFO] Coalescing path $.dashboard.networkPolicy.extraIngress
[INFO] Coalescing path $.dashboard.networkPolicy.ingressNSMatchLabels
[INFO] Coalescing path $.dashboard.networkPolicy.ingressNSPodMatchLabels
[INFO] Coalescing path $.dashboard.nodeAffinityPreset.key
[INFO] Coalescing path $.dashboard.nodeAffinityPreset.type
[INFO] Coalescing path $.dashboard.nodeAffinityPreset.values
[INFO] Coalescing path $.dashboard.pdb.create
[INFO] Coalescing path $.dashboard.pdb.maxUnavailable
[INFO] Coalescing path $.dashboard.pdb.minAvailable
[INFO] Coalescing path $.dashboard.podSecurityContext.enabled
[INFO] Coalescing path $.dashboard.service.annotations
[INFO] Coalescing path $.dashboard.service.clusterIP
[INFO] Coalescing path $.dashboard.service.externalTrafficPolicy
[INFO] Coalescing path $.dashboard.service.extraPorts
[INFO] Coalescing path $.dashboard.service.loadBalancerIP
[INFO] Coalescing path $.dashboard.service.loadBalancerSourceRanges
[INFO] Coalescing path $.dashboard.service.sessionAffinity
[INFO] Coalescing path $.dashboard.service.sessionAffinityConfig
[INFO] Coalescing path $.dashboard.service.type
[INFO] Coalescing path $.ingress.dashboard.extraHosts
[INFO] Coalescing path $.ingress.dashboard.extraPaths
[INFO] Coalescing path $.ingress.dashboard.hostname
[INFO] Coalescing path $.ingress.dashboard.path
[INFO] Coalescing path $.ingress.dashboard.pathType
[INFO] Coalescing path $.ingress.server.extraHosts
[INFO] Coalescing path $.ingress.server.extraPaths
[INFO] Coalescing path $.ingress.server.hostname
[INFO] Coalescing path $.ingress.server.path
[INFO] Coalescing path $.ingress.server.pathType
[INFO] Coalescing path $.mongodb.auth.enabled
[INFO] Coalescing path $.mongodb.auth.username
[INFO] Coalescing path $.persistence.accessModes[*]
[INFO] Coalescing path $.server.containerPorts.http
[INFO] Coalescing path $.server.containerSecurityContext.enabled
[INFO] Coalescing path $.server.containerSecurityContext.runAsUser
[INFO] Coalescing path $.server.image.debug
[INFO] Coalescing path $.server.image.pullPolicy
[INFO] Coalescing path $.server.networkPolicy.allowExternal
[INFO] Coalescing path $.server.networkPolicy.allowExternalEgress
[INFO] Coalescing path $.server.networkPolicy.enabled
[INFO] Coalescing path $.server.networkPolicy.extraEgress
[INFO] Coalescing path $.server.networkPolicy.extraIngress
[INFO] Coalescing path $.server.networkPolicy.ingressNSMatchLabels
[INFO] Coalescing path $.server.networkPolicy.ingressNSPodMatchLabels
[INFO] Coalescing path $.server.nodeAffinityPreset.key
[INFO] Coalescing path $.server.nodeAffinityPreset.type
[INFO] Coalescing path $.server.nodeAffinityPreset.values
[INFO] Coalescing path $.server.pdb.create
[INFO] Coalescing path $.server.pdb.maxUnavailable
[INFO] Coalescing path $.server.pdb.minAvailable
[INFO] Coalescing path $.server.podSecurityContext.enabled
[INFO] Coalescing path $.server.podSecurityContext.fsGroup
[INFO] Coalescing path $.server.service.annotations
[INFO] Coalescing path $.server.service.clusterIP
[INFO] Coalescing path $.server.service.externalTrafficPolicy
[INFO] Coalescing path $.server.service.extraPorts
[INFO] Coalescing path $.server.service.loadBalancerIP
[INFO] Coalescing path $.server.service.loadBalancerSourceRanges
[INFO] Coalescing path $.server.service.sessionAffinity
[INFO] Coalescing path $.server.service.sessionAffinityConfig
[INFO] Coalescing path $.server.service.type
[INFO] Coalescing path $.volumePermissions.image.pullPolicy
[INFO] Coalescing path $.dashboard.networkPolicy.ingressNSMatchLabels[*]
[INFO] Coalescing path $.dashboard.networkPolicy.ingressNSPodMatchLabels[*]
[INFO] Coalescing path $.dashboard.service.nodePorts.http
[INFO] Coalescing path $.dashboard.service.ports.http
[INFO] Coalescing path $.ingress.dashboard.extraHosts[*]
[INFO] Coalescing path $.ingress.secrets[*].certificate
[INFO] Coalescing path $.ingress.secrets[*].key
[INFO] Coalescing path $.ingress.secrets[*].name
[INFO] Coalescing path $.server.networkPolicy.ingressNSMatchLabels[*]
[INFO] Coalescing path $.server.networkPolicy.ingressNSPodMatchLabels[*]
[INFO] Coalescing path $.server.service.nodePorts.http
[INFO] Coalescing path $.server.service.ports.http
[INFO] Coalescing path $.ingress.dashboard.extraHosts[*].name
[INFO] Coalescing path $.ingress.dashboard.extraHosts[*].path
[INFO] Coalescing path $.ingress.dashboard.extraHosts[*].pathType
[INFO] Coalescing path $.ingress.server.extraHosts[*].name
[INFO] Coalescing path $.ingress.server.extraHosts[*].path
[INFO] Coalescing path $.ingress.server.extraHosts[*].pathType
[INFO] Testing known inputs first; arbitrary extra-key cases are deferred
[INFO] Compiler input baseline: 165 statically named fields
[INFO] Render hashes (run-local): 14 observed, 14 unique, 0 duplicate bundles; 0 successful validations reused
[INFO] Testing deferred arbitrary-key and original-schema robustness cases
[INFO] Compiler input baseline: 165 statically named fields
[INFO] Render hashes (run-local): 101 observed, 101 unique, 0 duplicate bundles; 0 successful validations reused
[INFO] .: failed; 0 charts remain
