[INFO] Chart 1/1: .
[INFO] Finite filtering unavailable: permutations need closed objects at (); set additionalProperties: false; prioritizing known inputs before robustness sampling
[INFO] Coalescing path $.commonAnnotations
[INFO] Coalescing path $.commonLabels
[INFO] Coalescing path $.extraDeploy
[INFO] Coalescing path $.image
[INFO] Coalescing path $.concierge.affinity
[INFO] Coalescing path $.concierge.args
[INFO] Coalescing path $.concierge.automountServiceAccountToken
[INFO] Coalescing path $.concierge.command
[INFO] Coalescing path $.concierge.configuration
[INFO] Coalescing path $.concierge.containerSecurityContext
[INFO] Coalescing path $.concierge.credentialIssuerConfig
[INFO] Coalescing path $.concierge.customLivenessProbe
[INFO] Coalescing path $.concierge.customReadinessProbe
[INFO] Coalescing path $.concierge.customStartupProbe
[INFO] Coalescing path $.concierge.deployAPIService
[INFO] Coalescing path $.concierge.dnsPolicy
[INFO] Coalescing path $.concierge.enabled
[INFO] Coalescing path $.concierge.existingConfigmap
[INFO] Coalescing path $.concierge.extraEnvVars
[INFO] Coalescing path $.concierge.extraEnvVarsCM
[INFO] Coalescing path $.concierge.extraEnvVarsSecret
[INFO] Coalescing path $.concierge.extraVolumeMounts
[INFO] Coalescing path $.concierge.extraVolumes
[INFO] Coalescing path $.concierge.hostAliases
[INFO] Coalescing path $.concierge.hostNetwork
[INFO] Coalescing path $.concierge.initContainers
[INFO] Coalescing path $.concierge.lifecycleHooks
[INFO] Coalescing path $.concierge.nodeSelector
[INFO] Coalescing path $.concierge.podAffinityPreset
[INFO] Coalescing path $.concierge.podAnnotations
[INFO] Coalescing path $.concierge.podAntiAffinityPreset
[INFO] Coalescing path $.concierge.podLabels
[INFO] Coalescing path $.concierge.podSecurityContext
[INFO] Coalescing path $.concierge.priorityClassName
[INFO] Coalescing path $.concierge.replicaCount
[INFO] Coalescing path $.concierge.resources
[INFO] Coalescing path $.concierge.schedulerName
[INFO] Coalescing path $.concierge.sidecars
[INFO] Coalescing path $.concierge.terminationGracePeriodSeconds
[INFO] Coalescing path $.concierge.tolerations
[INFO] Coalescing path $.concierge.topologySpreadConstraints
[INFO] Coalescing path $.concierge.updateStrategy
[INFO] Coalescing path $.extraDeploy[*]
[INFO] Coalescing path $.image.pullPolicy
[INFO] Coalescing path $.supervisor.affinity
[INFO] Coalescing path $.supervisor.args
[INFO] Coalescing path $.supervisor.automountServiceAccountToken
[INFO] Coalescing path $.supervisor.command
[INFO] Coalescing path $.supervisor.configuration
[INFO] Coalescing path $.supervisor.containerSecurityContext
[INFO] Coalescing path $.supervisor.customLivenessProbe
[INFO] Coalescing path $.supervisor.customReadinessProbe
[INFO] Coalescing path $.supervisor.customStartupProbe
[INFO] Coalescing path $.supervisor.deployAPIService
[INFO] Coalescing path $.supervisor.enabled
[INFO] Coalescing path $.supervisor.existingConfigmap
[INFO] Coalescing path $.supervisor.extraEnvVars
[INFO] Coalescing path $.supervisor.extraEnvVarsCM
[INFO] Coalescing path $.supervisor.extraEnvVarsSecret
[INFO] Coalescing path $.supervisor.extraVolumeMounts
[INFO] Coalescing path $.supervisor.extraVolumes
[INFO] Coalescing path $.supervisor.hostAliases
[INFO] Coalescing path $.supervisor.initContainers
[INFO] Coalescing path $.supervisor.lifecycleHooks
[INFO] Coalescing path $.supervisor.nodeSelector
[INFO] Coalescing path $.supervisor.podAffinityPreset
[INFO] Coalescing path $.supervisor.podAnnotations
[INFO] Coalescing path $.supervisor.podAntiAffinityPreset
[INFO] Coalescing path $.supervisor.podLabels
[INFO] Coalescing path $.supervisor.podSecurityContext
[INFO] Coalescing path $.supervisor.priorityClassName
[INFO] Coalescing path $.supervisor.replicaCount
[INFO] Coalescing path $.supervisor.resources
[INFO] Coalescing path $.supervisor.schedulerName
[INFO] Coalescing path $.supervisor.sidecars
[INFO] Coalescing path $.supervisor.terminationGracePeriodSeconds
[INFO] Coalescing path $.supervisor.tolerations
[INFO] Coalescing path $.supervisor.topologySpreadConstraints
[INFO] Coalescing path $.supervisor.updateStrategy
[INFO] Coalescing path $.concierge.containerPorts.api
[INFO] Coalescing path $.concierge.containerPorts.proxy
[INFO] Coalescing path $.concierge.containerSecurityContext.enabled
[INFO] Coalescing path $.concierge.networkPolicy.allowExternal
[INFO] Coalescing path $.concierge.networkPolicy.allowExternalEgress
[INFO] Coalescing path $.concierge.networkPolicy.enabled
[INFO] Coalescing path $.concierge.networkPolicy.extraEgress
[INFO] Coalescing path $.concierge.networkPolicy.extraIngress
[INFO] Coalescing path $.concierge.networkPolicy.ingressNSMatchLabels
[INFO] Coalescing path $.concierge.networkPolicy.ingressNSPodMatchLabels
[INFO] Coalescing path $.concierge.networkPolicy.kubeAPIServerPorts
[INFO] Coalescing path $.concierge.nodeAffinityPreset.key
[INFO] Coalescing path $.concierge.nodeAffinityPreset.type
[INFO] Coalescing path $.concierge.nodeAffinityPreset.values
[INFO] Coalescing path $.concierge.pdb.create
[INFO] Coalescing path $.concierge.pdb.maxUnavailable
[INFO] Coalescing path $.concierge.pdb.minAvailable
[INFO] Coalescing path $.concierge.podSecurityContext.enabled
[INFO] Coalescing path $.concierge.rbac.create
[INFO] Coalescing path $.concierge.service.annotations
[INFO] Coalescing path $.concierge.service.clusterIP
[INFO] Coalescing path $.concierge.service.externalTrafficPolicy
[INFO] Coalescing path $.concierge.service.extraPorts
[INFO] Coalescing path $.concierge.service.labels
[INFO] Coalescing path $.concierge.service.loadBalancerIP
[INFO] Coalescing path $.concierge.service.loadBalancerSourceRanges
[INFO] Coalescing path $.concierge.service.sessionAffinity
[INFO] Coalescing path $.concierge.service.sessionAffinityConfig
[INFO] Coalescing path $.concierge.service.type
[INFO] Coalescing path $.supervisor.containerPorts.api
[INFO] Coalescing path $.supervisor.containerPorts.https
[INFO] Coalescing path $.supervisor.containerSecurityContext.enabled
[INFO] Coalescing path $.supervisor.ingress.annotations
[INFO] Coalescing path $.supervisor.ingress.enabled
[INFO] Coalescing path $.supervisor.ingress.extraHosts
[INFO] Coalescing path $.supervisor.ingress.extraPaths
[INFO] Coalescing path $.supervisor.ingress.extraRules
[INFO] Coalescing path $.supervisor.ingress.extraTls
[INFO] Coalescing path $.supervisor.ingress.hostname
[INFO] Coalescing path $.supervisor.ingress.ingressClassName
[INFO] Coalescing path $.supervisor.ingress.path
[INFO] Coalescing path $.supervisor.ingress.pathType
[INFO] Coalescing path $.supervisor.ingress.secrets
[INFO] Coalescing path $.supervisor.ingress.selfSigned
[INFO] Coalescing path $.supervisor.ingress.tls
[INFO] Coalescing path $.supervisor.networkPolicy.allowExternal
[INFO] Coalescing path $.supervisor.networkPolicy.allowExternalEgress
[INFO] Coalescing path $.supervisor.networkPolicy.enabled
[INFO] Coalescing path $.supervisor.networkPolicy.extraEgress
[INFO] Coalescing path $.supervisor.networkPolicy.extraIngress
[INFO] Coalescing path $.supervisor.networkPolicy.ingressNSMatchLabels
[INFO] Coalescing path $.supervisor.networkPolicy.ingressNSPodMatchLabels
[INFO] Coalescing path $.supervisor.networkPolicy.kubeAPIServerPorts
[INFO] Coalescing path $.supervisor.nodeAffinityPreset.key
[INFO] Coalescing path $.supervisor.nodeAffinityPreset.type
[INFO] Coalescing path $.supervisor.nodeAffinityPreset.values
[INFO] Coalescing path $.supervisor.pdb.create
[INFO] Coalescing path $.supervisor.pdb.maxUnavailable
[INFO] Coalescing path $.supervisor.pdb.minAvailable
[INFO] Coalescing path $.supervisor.podSecurityContext.enabled
[INFO] Coalescing path $.supervisor.rbac.create
[INFO] Coalescing path $.supervisor.service.api
[INFO] Coalescing path $.supervisor.service.public
[INFO] Coalescing path $.supervisor.serviceAccount.annotations
[INFO] Coalescing path $.supervisor.serviceAccount.automountServiceAccountToken
[INFO] Coalescing path $.supervisor.serviceAccount.create
[INFO] Coalescing path $.concierge.networkPolicy.ingressNSMatchLabels[*]
[INFO] Coalescing path $.concierge.networkPolicy.ingressNSPodMatchLabels[*]
[INFO] Coalescing path $.concierge.networkPolicy.kubeAPIServerPorts[*]
[INFO] Coalescing path $.concierge.service.nodePorts.https
[INFO] Coalescing path $.concierge.service.ports.https
[INFO] Coalescing path $.concierge.serviceAccount.concierge.annotations
[INFO] Coalescing path $.concierge.serviceAccount.concierge.automountServiceAccountToken
[INFO] Coalescing path $.concierge.serviceAccount.concierge.create
[INFO] Coalescing path $.concierge.serviceAccount.impersonationProxy.annotations
[INFO] Coalescing path $.concierge.serviceAccount.impersonationProxy.automountServiceAccountToken
[INFO] Coalescing path $.concierge.serviceAccount.impersonationProxy.create
[INFO] Coalescing path $.concierge.serviceAccount.kubeCertAgentService.annotations
[INFO] Coalescing path $.concierge.serviceAccount.kubeCertAgentService.automountServiceAccountToken
[INFO] Coalescing path $.concierge.serviceAccount.kubeCertAgentService.create
[INFO] Coalescing path $.supervisor.networkPolicy.ingressNSMatchLabels[*]
[INFO] Coalescing path $.supervisor.networkPolicy.ingressNSPodMatchLabels[*]
[INFO] Coalescing path $.supervisor.networkPolicy.kubeAPIServerPorts[*]
[INFO] Coalescing path $.supervisor.service.api.annotations
[INFO] Coalescing path $.supervisor.service.api.clusterIP
[INFO] Coalescing path $.supervisor.service.api.externalTrafficPolicy
[INFO] Coalescing path $.supervisor.service.api.extraPorts
[INFO] Coalescing path $.supervisor.service.api.labels
[INFO] Coalescing path $.supervisor.service.api.loadBalancerIP
[INFO] Coalescing path $.supervisor.service.api.loadBalancerSourceRanges
[INFO] Coalescing path $.supervisor.service.api.sessionAffinity
[INFO] Coalescing path $.supervisor.service.api.sessionAffinityConfig
[INFO] Coalescing path $.supervisor.service.api.type
[INFO] Coalescing path $.supervisor.service.public.annotations
[INFO] Coalescing path $.supervisor.service.public.clusterIP
[INFO] Coalescing path $.supervisor.service.public.externalTrafficPolicy
[INFO] Coalescing path $.supervisor.service.public.extraPorts
[INFO] Coalescing path $.supervisor.service.public.labels
[INFO] Coalescing path $.supervisor.service.public.loadBalancerIP
[INFO] Coalescing path $.supervisor.service.public.loadBalancerSourceRanges
[INFO] Coalescing path $.supervisor.service.public.sessionAffinity
[INFO] Coalescing path $.supervisor.service.public.sessionAffinityConfig
[INFO] Coalescing path $.supervisor.service.public.type
[INFO] Coalescing path $.supervisor.ingress.extraHosts[*].name
[INFO] Coalescing path $.supervisor.ingress.extraHosts[*].path
[INFO] Coalescing path $.supervisor.ingress.extraHosts[*].pathType
[INFO] Coalescing path $.supervisor.ingress.secrets[*].certificate
[INFO] Coalescing path $.supervisor.ingress.secrets[*].key
[INFO] Coalescing path $.supervisor.ingress.secrets[*].name
[INFO] Coalescing path $.supervisor.service.api.nodePorts.https
[INFO] Coalescing path $.supervisor.service.api.ports.aggregatedAPIServer
[INFO] Coalescing path $.supervisor.service.api.ports.https
[INFO] Coalescing path $.supervisor.service.public.nodePorts.https
[INFO] Coalescing path $.supervisor.service.public.ports.https
[INFO] Coalescing path $.supervisor.ingress.secrets[*].Values.commonAnnotations
[INFO] Testing known inputs first; arbitrary extra-key cases are deferred
[INFO] Compiler input baseline: 173 statically named fields
[INFO] Render hashes (run-local): 37 observed, 14 unique, 23 duplicate bundles; 23 successful validations reused
[INFO] Testing deferred arbitrary-key and original-schema robustness cases
[INFO] Compiler input baseline: 173 statically named fields
[INFO] Render hashes (run-local): 101 observed, 1 unique, 100 duplicate bundles; 100 successful validations reused
[INFO] .: failed; 0 charts remain
