[INFO] Chart 1/1: .
[INFO] Finite filtering unavailable: permutations need closed objects at (); set additionalProperties: false; prioritizing known inputs before robustness sampling
[INFO] Coalescing path $.architecture
[INFO] Coalescing path $.clusterDomain
[INFO] Coalescing path $.commonAnnotations
[INFO] Coalescing path $.commonLabels
[INFO] Coalescing path $.extraDeploy
[INFO] Coalescing path $.global
[INFO] Coalescing path $.image
[INFO] Coalescing path $.postgresqlDataDir
[INFO] Coalescing path $.postgresqlSharedPreloadLibraries
[INFO] Coalescing path $.secretAnnotations
[INFO] Coalescing path $.audit.clientMinMessages
[INFO] Coalescing path $.audit.logConnections
[INFO] Coalescing path $.audit.logDisconnections
[INFO] Coalescing path $.audit.logHostname
[INFO] Coalescing path $.audit.logLinePrefix
[INFO] Coalescing path $.audit.logTimezone
[INFO] Coalescing path $.audit.pgAuditLog
[INFO] Coalescing path $.audit.pgAuditLogCatalog
[INFO] Coalescing path $.auth.enablePostgresUser
[INFO] Coalescing path $.auth.existingSecret
[INFO] Coalescing path $.auth.metricsPassword
[INFO] Coalescing path $.auth.metricsUsername
[INFO] Coalescing path $.auth.password
[INFO] Coalescing path $.auth.postgresPassword
[INFO] Coalescing path $.auth.replicationPassword
[INFO] Coalescing path $.auth.replicationUsername
[INFO] Coalescing path $.auth.usePasswordFiles
[INFO] Coalescing path $.auth.username
[INFO] Coalescing path $.backup.enabled
[INFO] Coalescing path $.containerPorts.postgresql
[INFO] Coalescing path $.diagnosticMode.args
[INFO] Coalescing path $.diagnosticMode.command
[INFO] Coalescing path $.diagnosticMode.enabled
[INFO] Coalescing path $.extraDeploy[*]
[INFO] Coalescing path $.image.debug
[INFO] Coalescing path $.image.pullPolicy
[INFO] Coalescing path $.ldap.baseDN
[INFO] Coalescing path $.ldap.basedn
[INFO] Coalescing path $.ldap.bindDN
[INFO] Coalescing path $.ldap.bind_password
[INFO] Coalescing path $.ldap.binddn
[INFO] Coalescing path $.ldap.bindpw
[INFO] Coalescing path $.ldap.enabled
[INFO] Coalescing path $.ldap.port
[INFO] Coalescing path $.ldap.prefix
[INFO] Coalescing path $.ldap.scheme
[INFO] Coalescing path $.ldap.searchAttribute
[INFO] Coalescing path $.ldap.searchFilter
[INFO] Coalescing path $.ldap.search_attr
[INFO] Coalescing path $.ldap.search_filter
[INFO] Coalescing path $.ldap.server
[INFO] Coalescing path $.ldap.suffix
[INFO] Coalescing path $.ldap.uri
[INFO] Coalescing path $.ldap.url
[INFO] Coalescing path $.metrics.containerSecurityContext
[INFO] Coalescing path $.metrics.customLivenessProbe
[INFO] Coalescing path $.metrics.customMetrics
[INFO] Coalescing path $.metrics.customReadinessProbe
[INFO] Coalescing path $.metrics.customStartupProbe
[INFO] Coalescing path $.metrics.enabled
[INFO] Coalescing path $.metrics.extraEnvVars
[INFO] Coalescing path $.metrics.image
[INFO] Coalescing path $.metrics.resources
[INFO] Coalescing path $.passwordUpdateJob.annotations
[INFO] Coalescing path $.passwordUpdateJob.args
[INFO] Coalescing path $.passwordUpdateJob.automountServiceAccountToken
[INFO] Coalescing path $.passwordUpdateJob.backoffLimit
[INFO] Coalescing path $.passwordUpdateJob.command
[INFO] Coalescing path $.passwordUpdateJob.containerSecurityContext
[INFO] Coalescing path $.passwordUpdateJob.customLivenessProbe
[INFO] Coalescing path $.passwordUpdateJob.customReadinessProbe
[INFO] Coalescing path $.passwordUpdateJob.customStartupProbe
[INFO] Coalescing path $.passwordUpdateJob.enabled
[INFO] Coalescing path $.passwordUpdateJob.extraCommands
[INFO] Coalescing path $.passwordUpdateJob.extraEnvVars
[INFO] Coalescing path $.passwordUpdateJob.extraEnvVarsCM
[INFO] Coalescing path $.passwordUpdateJob.extraEnvVarsSecret
[INFO] Coalescing path $.passwordUpdateJob.extraVolumeMounts
[INFO] Coalescing path $.passwordUpdateJob.extraVolumes
[INFO] Coalescing path $.passwordUpdateJob.hostAliases
[INFO] Coalescing path $.passwordUpdateJob.initContainers
[INFO] Coalescing path $.passwordUpdateJob.podAnnotations
[INFO] Coalescing path $.passwordUpdateJob.podLabels
[INFO] Coalescing path $.passwordUpdateJob.podSecurityContext
[INFO] Coalescing path $.passwordUpdateJob.resources
[INFO] Coalescing path $.primary.affinity
[INFO] Coalescing path $.primary.annotations
[INFO] Coalescing path $.primary.automountServiceAccountToken
[INFO] Coalescing path $.primary.configuration
[INFO] Coalescing path $.primary.containerSecurityContext
[INFO] Coalescing path $.primary.customLivenessProbe
[INFO] Coalescing path $.primary.customReadinessProbe
[INFO] Coalescing path $.primary.customStartupProbe
[INFO] Coalescing path $.primary.existingConfigmap
[INFO] Coalescing path $.primary.existingExtendedConfigmap
[INFO] Coalescing path $.primary.extendedConfiguration
[INFO] Coalescing path $.primary.extraEnvVars
[INFO] Coalescing path $.primary.extraEnvVarsCM
[INFO] Coalescing path $.primary.extraEnvVarsSecret
[INFO] Coalescing path $.primary.extraPodSpec
[INFO] Coalescing path $.primary.extraVolumeMounts
[INFO] Coalescing path $.primary.extraVolumes
[INFO] Coalescing path $.primary.hostAliases
[INFO] Coalescing path $.primary.hostIPC
[INFO] Coalescing path $.primary.hostNetwork
[INFO] Coalescing path $.primary.initContainers
[INFO] Coalescing path $.primary.labels
[INFO] Coalescing path $.primary.lifecycleHooks
[INFO] Coalescing path $.primary.nodeSelector
[INFO] Coalescing path $.primary.pgHbaConfiguration
[INFO] Coalescing path $.primary.podAffinityPreset
[INFO] Coalescing path $.primary.podAnnotations
[INFO] Coalescing path $.primary.podAntiAffinityPreset
[INFO] Coalescing path $.primary.podLabels
[INFO] Coalescing path $.primary.podSecurityContext
[INFO] Coalescing path $.primary.priorityClassName
[INFO] Coalescing path $.primary.replicaCount
[INFO] Coalescing path $.primary.resources
[INFO] Coalescing path $.primary.schedulerName
[INFO] Coalescing path $.primary.sidecars
[INFO] Coalescing path $.primary.terminationGracePeriodSeconds
[INFO] Coalescing path $.primary.tolerations
[INFO] Coalescing path $.primary.topologySpreadConstraints
[INFO] Coalescing path $.primary.updateStrategy
[INFO] Coalescing path $.psp.create
[INFO] Coalescing path $.rbac.create
[INFO] Coalescing path $.rbac.rules
[INFO] Coalescing path $.readReplicas.affinity
[INFO] Coalescing path $.readReplicas.annotations
[INFO] Coalescing path $.readReplicas.automountServiceAccountToken
[INFO] Coalescing path $.readReplicas.containerSecurityContext
[INFO] Coalescing path $.readReplicas.customLivenessProbe
[INFO] Coalescing path $.readReplicas.customReadinessProbe
[INFO] Coalescing path $.readReplicas.customStartupProbe
[INFO] Coalescing path $.readReplicas.extendedConfiguration
[INFO] Coalescing path $.readReplicas.extraEnvVars
[INFO] Coalescing path $.readReplicas.extraEnvVarsCM
[INFO] Coalescing path $.readReplicas.extraEnvVarsSecret
[INFO] Coalescing path $.readReplicas.extraPodSpec
[INFO] Coalescing path $.readReplicas.extraVolumeMounts
[INFO] Coalescing path $.readReplicas.extraVolumes
[INFO] Coalescing path $.readReplicas.hostAliases
[INFO] Coalescing path $.readReplicas.hostIPC
[INFO] Coalescing path $.readReplicas.hostNetwork
[INFO] Coalescing path $.readReplicas.initContainers
[INFO] Coalescing path $.readReplicas.labels
[INFO] Coalescing path $.readReplicas.lifecycleHooks
[INFO] Coalescing path $.readReplicas.nodeSelector
[INFO] Coalescing path $.readReplicas.podAffinityPreset
[INFO] Coalescing path $.readReplicas.podAnnotations
[INFO] Coalescing path $.readReplicas.podAntiAffinityPreset
[INFO] Coalescing path $.readReplicas.podLabels
[INFO] Coalescing path $.readReplicas.podSecurityContext
[INFO] Coalescing path $.readReplicas.priorityClassName
[INFO] Coalescing path $.readReplicas.replicaCount
[INFO] Coalescing path $.readReplicas.resources
[INFO] Coalescing path $.readReplicas.schedulerName
[INFO] Coalescing path $.readReplicas.sidecars
[INFO] Coalescing path $.readReplicas.terminationGracePeriodSeconds
[INFO] Coalescing path $.readReplicas.tolerations
[INFO] Coalescing path $.readReplicas.topologySpreadConstraints
[INFO] Coalescing path $.readReplicas.updateStrategy
[INFO] Coalescing path $.replication.applicationName
[INFO] Coalescing path $.replication.numSynchronousReplicas
[INFO] Coalescing path $.replication.synchronousCommit
[INFO] Coalescing path $.serviceAccount.annotations
[INFO] Coalescing path $.serviceAccount.automountServiceAccountToken
[INFO] Coalescing path $.serviceAccount.create
[INFO] Coalescing path $.serviceBindings.enabled
[INFO] Coalescing path $.shmVolume.enabled
[INFO] Coalescing path $.shmVolume.sizeLimit
[INFO] Coalescing path $.tls.autoGenerated
[INFO] Coalescing path $.tls.certCAFilename
[INFO] Coalescing path $.tls.crlFilename
[INFO] Coalescing path $.tls.enabled
[INFO] Coalescing path $.tls.preferServerCiphers
[INFO] Coalescing path $.volumePermissions.enabled
[INFO] Coalescing path $.volumePermissions.image
[INFO] Coalescing path $.auth.secretKeys.adminPasswordKey
[INFO] Coalescing path $.auth.secretKeys.replicationPasswordKey
[INFO] Coalescing path $.auth.secretKeys.userPasswordKey
[INFO] Coalescing path $.backup.cronjob.annotations
[INFO] Coalescing path $.backup.cronjob.command
[INFO] Coalescing path $.backup.cronjob.concurrencyPolicy
[INFO] Coalescing path $.backup.cronjob.containerSecurityContext
[INFO] Coalescing path $.backup.cronjob.extraVolumeMounts
[INFO] Coalescing path $.backup.cronjob.extraVolumes
[INFO] Coalescing path $.backup.cronjob.failedJobsHistoryLimit
[INFO] Coalescing path $.backup.cronjob.labels
[INFO] Coalescing path $.backup.cronjob.nodeSelector
[INFO] Coalescing path $.backup.cronjob.podLabels
[INFO] Coalescing path $.backup.cronjob.podSecurityContext
[INFO] Coalescing path $.backup.cronjob.resources
[INFO] Coalescing path $.backup.cronjob.restartPolicy
[INFO] Coalescing path $.backup.cronjob.schedule
[INFO] Coalescing path $.backup.cronjob.startingDeadlineSeconds
[INFO] Coalescing path $.backup.cronjob.storage
[INFO] Coalescing path $.backup.cronjob.successfulJobsHistoryLimit
[INFO] Coalescing path $.backup.cronjob.timeZone
[INFO] Coalescing path $.backup.cronjob.tolerations
[INFO] Coalescing path $.backup.cronjob.ttlSecondsAfterFinished
[INFO] Coalescing path $.metrics.containerPorts.metrics
[INFO] Coalescing path $.metrics.containerSecurityContext.enabled
[INFO] Coalescing path $.metrics.image.pullPolicy
[INFO] Coalescing path $.metrics.prometheusRule.enabled
[INFO] Coalescing path $.metrics.prometheusRule.labels
[INFO] Coalescing path $.metrics.prometheusRule.namespace
[INFO] Coalescing path $.metrics.prometheusRule.rules
[INFO] Coalescing path $.metrics.service.annotations
[INFO] Coalescing path $.metrics.service.clusterIP
[INFO] Coalescing path $.metrics.service.sessionAffinity
[INFO] Coalescing path $.metrics.serviceMonitor.enabled
[INFO] Coalescing path $.metrics.serviceMonitor.honorLabels
[INFO] Coalescing path $.metrics.serviceMonitor.interval
[INFO] Coalescing path $.metrics.serviceMonitor.jobLabel
[INFO] Coalescing path $.metrics.serviceMonitor.labels
[INFO] Coalescing path $.metrics.serviceMonitor.metricRelabelings
[INFO] Coalescing path $.metrics.serviceMonitor.namespace
[INFO] Coalescing path $.metrics.serviceMonitor.relabelings
[INFO] Coalescing path $.metrics.serviceMonitor.scrapeTimeout
[INFO] Coalescing path $.metrics.serviceMonitor.selector
[INFO] Coalescing path $.passwordUpdateJob.containerSecurityContext.enabled
[INFO] Coalescing path $.passwordUpdateJob.podSecurityContext.enabled
[INFO] Coalescing path $.passwordUpdateJob.previousPasswords.existingSecret
[INFO] Coalescing path $.passwordUpdateJob.previousPasswords.password
[INFO] Coalescing path $.passwordUpdateJob.previousPasswords.postgresPassword
[INFO] Coalescing path $.passwordUpdateJob.previousPasswords.replicationPassword
[INFO] Coalescing path $.primary.containerSecurityContext.enabled
[INFO] Coalescing path $.primary.containerSecurityContext.runAsUser
[INFO] Coalescing path $.primary.initdb.args
[INFO] Coalescing path $.primary.initdb.password
[INFO] Coalescing path $.primary.initdb.postgresqlWalDir
[INFO] Coalescing path $.primary.initdb.scripts
[INFO] Coalescing path $.primary.initdb.scriptsConfigMap
[INFO] Coalescing path $.primary.initdb.scriptsSecret
[INFO] Coalescing path $.primary.initdb.user
[INFO] Coalescing path $.primary.networkPolicy.allowExternal
[INFO] Coalescing path $.primary.networkPolicy.allowExternalEgress
[INFO] Coalescing path $.primary.networkPolicy.enabled
[INFO] Coalescing path $.primary.networkPolicy.extraEgress
[INFO] Coalescing path $.primary.networkPolicy.extraIngress
[INFO] Coalescing path $.primary.networkPolicy.ingressNSMatchLabels
[INFO] Coalescing path $.primary.networkPolicy.ingressNSPodMatchLabels
[INFO] Coalescing path $.primary.nodeAffinityPreset.key
[INFO] Coalescing path $.primary.nodeAffinityPreset.type
[INFO] Coalescing path $.primary.nodeAffinityPreset.values
[INFO] Coalescing path $.primary.pdb.create
[INFO] Coalescing path $.primary.pdb.maxUnavailable
[INFO] Coalescing path $.primary.pdb.minAvailable
[INFO] Coalescing path $.primary.persistence.enabled
[INFO] Coalescing path $.primary.persistence.existingClaim
[INFO] Coalescing path $.primary.persistence.mountPath
[INFO] Coalescing path $.primary.persistence.subPath
[INFO] Coalescing path $.primary.persistence.volumeName
[INFO] Coalescing path $.primary.podSecurityContext.enabled
[INFO] Coalescing path $.primary.preInitDb.scripts
[INFO] Coalescing path $.primary.preInitDb.scriptsConfigMap
[INFO] Coalescing path $.primary.preInitDb.scriptsSecret
[INFO] Coalescing path $.primary.service.annotations
[INFO] Coalescing path $.primary.service.clusterIP
[INFO] Coalescing path $.primary.service.enabled
[INFO] Coalescing path $.primary.service.externalTrafficPolicy
[INFO] Coalescing path $.primary.service.extraPorts
[INFO] Coalescing path $.primary.service.labels
[INFO] Coalescing path $.primary.service.loadBalancerClass
[INFO] Coalescing path $.primary.service.loadBalancerIP
[INFO] Coalescing path $.primary.service.loadBalancerSourceRanges
[INFO] Coalescing path $.primary.service.sessionAffinity
[INFO] Coalescing path $.primary.service.sessionAffinityConfig
[INFO] Coalescing path $.primary.service.type
[INFO] Coalescing path $.primary.standby.enabled
[INFO] Coalescing path $.primary.standby.primaryHost
[INFO] Coalescing path $.primary.standby.primaryPort
[INFO] Coalescing path $.readReplicas.containerSecurityContext.enabled
[INFO] Coalescing path $.readReplicas.networkPolicy.allowExternal
[INFO] Coalescing path $.readReplicas.networkPolicy.allowExternalEgress
[INFO] Coalescing path $.readReplicas.networkPolicy.enabled
[INFO] Coalescing path $.readReplicas.networkPolicy.extraEgress
[INFO] Coalescing path $.readReplicas.networkPolicy.extraIngress
[INFO] Coalescing path $.readReplicas.networkPolicy.ingressNSMatchLabels
[INFO] Coalescing path $.readReplicas.networkPolicy.ingressNSPodMatchLabels
[INFO] Coalescing path $.readReplicas.nodeAffinityPreset.key
[INFO] Coalescing path $.readReplicas.nodeAffinityPreset.type
[INFO] Coalescing path $.readReplicas.nodeAffinityPreset.values
[INFO] Coalescing path $.readReplicas.pdb.create
[INFO] Coalescing path $.readReplicas.pdb.maxUnavailable
[INFO] Coalescing path $.readReplicas.pdb.minAvailable
[INFO] Coalescing path $.readReplicas.persistence.enabled
[INFO] Coalescing path $.readReplicas.persistence.existingClaim
[INFO] Coalescing path $.readReplicas.persistence.mountPath
[INFO] Coalescing path $.readReplicas.persistence.subPath
[INFO] Coalescing path $.readReplicas.podSecurityContext.enabled
[INFO] Coalescing path $.readReplicas.service.annotations
[INFO] Coalescing path $.readReplicas.service.clusterIP
[INFO] Coalescing path $.readReplicas.service.externalTrafficPolicy
[INFO] Coalescing path $.readReplicas.service.extraPorts
[INFO] Coalescing path $.readReplicas.service.labels
[INFO] Coalescing path $.readReplicas.service.loadBalancerClass
[INFO] Coalescing path $.readReplicas.service.loadBalancerIP
[INFO] Coalescing path $.readReplicas.service.loadBalancerSourceRanges
[INFO] Coalescing path $.readReplicas.service.sessionAffinity
[INFO] Coalescing path $.readReplicas.service.sessionAffinityConfig
[INFO] Coalescing path $.readReplicas.service.type
[INFO] Coalescing path $.volumePermissions.image.pullPolicy
[INFO] Coalescing path $.backup.cronjob.containerSecurityContext.enabled
[INFO] Coalescing path $.backup.cronjob.networkPolicy.enabled
[INFO] Coalescing path $.backup.cronjob.podSecurityContext.enabled
[INFO] Coalescing path $.backup.cronjob.storage.accessModes
[INFO] Coalescing path $.backup.cronjob.storage.enabled
[INFO] Coalescing path $.backup.cronjob.storage.existingClaim
[INFO] Coalescing path $.backup.cronjob.storage.mountPath
[INFO] Coalescing path $.backup.cronjob.storage.resourcePolicy
[INFO] Coalescing path $.backup.cronjob.storage.size
[INFO] Coalescing path $.backup.cronjob.storage.subPath
[INFO] Coalescing path $.global.postgresql.auth.existingSecret
[INFO] Coalescing path $.global.postgresql.auth.password
[INFO] Coalescing path $.global.postgresql.auth.postgresPassword
[INFO] Coalescing path $.metrics.service.ports.metrics
[INFO] Coalescing path $.primary.networkPolicy.ingressNSMatchLabels[*]
[INFO] Coalescing path $.primary.networkPolicy.ingressNSPodMatchLabels[*]
[INFO] Coalescing path $.primary.service.headless.annotations
[INFO] Coalescing path $.primary.service.nodePorts.postgresql
[INFO] Coalescing path $.readReplicas.networkPolicy.ingressNSMatchLabels[*]
[INFO] Coalescing path $.readReplicas.networkPolicy.ingressNSPodMatchLabels[*]
[INFO] Coalescing path $.readReplicas.service.headless.annotations
[INFO] Coalescing path $.readReplicas.service.nodePorts.postgresql
[INFO] Coalescing path $.backup.cronjob.storage.accessModes[*]
[INFO] Coalescing path $.global.postgresql.auth.secretKeys.adminPasswordKey
[INFO] Coalescing path $.global.postgresql.auth.secretKeys.replicationPasswordKey
[INFO] Coalescing path $.global.postgresql.auth.secretKeys.userPasswordKey
[INFO] Testing known inputs first; arbitrary extra-key cases are deferred
[INFO] Compiler input baseline: 310 statically named fields
[INFO] Render hashes (run-local): 11 observed, 11 unique, 0 duplicate bundles; 0 successful validations reused
[INFO] Testing deferred arbitrary-key and original-schema robustness cases
[INFO] Compiler input baseline: 310 statically named fields
[INFO] Render hashes (run-local): 233 observed, 230 unique, 3 duplicate bundles; 3 successful validations reused
[INFO] .: failed; 0 charts remain
