[INFO] Chart 1/1: .
[INFO] Finite filtering unavailable: permutations need closed objects at (); set additionalProperties: false; prioritizing known inputs before robustness sampling
[INFO] Coalescing path $.advancedConfiguration
[INFO] Coalescing path $.advancedConfigurationExistingSecret
[INFO] Coalescing path $.affinity
[INFO] Coalescing path $.automountServiceAccountToken
[INFO] Coalescing path $.clusterDomain
[INFO] Coalescing path $.commonAnnotations
[INFO] Coalescing path $.commonLabels
[INFO] Coalescing path $.communityPlugins
[INFO] Coalescing path $.configuration
[INFO] Coalescing path $.configurationExistingSecret
[INFO] Coalescing path $.containerSecurityContext
[INFO] Coalescing path $.customLivenessProbe
[INFO] Coalescing path $.customReadinessProbe
[INFO] Coalescing path $.customStartupProbe
[INFO] Coalescing path $.dnsConfig
[INFO] Coalescing path $.dnsPolicy
[INFO] Coalescing path $.enableServiceLinks
[INFO] Coalescing path $.extraContainerPorts
[INFO] Coalescing path $.extraDeploy
[INFO] Coalescing path $.extraEnvVars
[INFO] Coalescing path $.extraEnvVarsCM
[INFO] Coalescing path $.extraEnvVarsSecret
[INFO] Coalescing path $.extraSecrets
[INFO] Coalescing path $.extraSecretsPrependReleaseName
[INFO] Coalescing path $.extraVolumeMounts
[INFO] Coalescing path $.extraVolumes
[INFO] Coalescing path $.featureFlags
[INFO] Coalescing path $.hostAliases
[INFO] Coalescing path $.image
[INFO] Coalescing path $.initContainers
[INFO] Coalescing path $.initScripts
[INFO] Coalescing path $.initScriptsCM
[INFO] Coalescing path $.initScriptsSecret
[INFO] Coalescing path $.lifecycleHooks
[INFO] Coalescing path $.logs
[INFO] Coalescing path $.maxAvailableSchedulers
[INFO] Coalescing path $.nodeSelector
[INFO] Coalescing path $.onlineSchedulers
[INFO] Coalescing path $.podAffinityPreset
[INFO] Coalescing path $.podAnnotations
[INFO] Coalescing path $.podAntiAffinityPreset
[INFO] Coalescing path $.podLabels
[INFO] Coalescing path $.podManagementPolicy
[INFO] Coalescing path $.podSecurityContext
[INFO] Coalescing path $.priorityClassName
[INFO] Coalescing path $.replicaCount
[INFO] Coalescing path $.resources
[INFO] Coalescing path $.schedulerName
[INFO] Coalescing path $.servicenameOverride
[INFO] Coalescing path $.sidecars
[INFO] Coalescing path $.statefulsetAnnotations
[INFO] Coalescing path $.statefulsetLabels
[INFO] Coalescing path $.terminationGracePeriodSeconds
[INFO] Coalescing path $.tolerations
[INFO] Coalescing path $.topologySpreadConstraints
[INFO] Coalescing path $.ulimitNofiles
[INFO] Coalescing path $.updateStrategy
[INFO] Coalescing path $.usePasswordFiles
[INFO] Coalescing path $.auth.existingErlangSecret
[INFO] Coalescing path $.auth.existingPasswordSecret
[INFO] Coalescing path $.auth.password
[INFO] Coalescing path $.auth.securePassword
[INFO] Coalescing path $.auth.updatePassword
[INFO] Coalescing path $.auth.username
[INFO] Coalescing path $.clustering.addressType
[INFO] Coalescing path $.clustering.forceBoot
[INFO] Coalescing path $.clustering.rebalance
[INFO] Coalescing path $.containerPorts.amqp
[INFO] Coalescing path $.containerPorts.amqpTls
[INFO] Coalescing path $.containerPorts.dist
[INFO] Coalescing path $.containerPorts.epmd
[INFO] Coalescing path $.containerPorts.manager
[INFO] Coalescing path $.containerPorts.metrics
[INFO] Coalescing path $.containerSecurityContext.enabled
[INFO] Coalescing path $.containerSecurityContext.runAsUser
[INFO] Coalescing path $.diagnosticMode.args
[INFO] Coalescing path $.diagnosticMode.command
[INFO] Coalescing path $.diagnosticMode.enabled
[INFO] Coalescing path $.extraDeploy[*]
[INFO] Coalescing path $.extraSecrets[*]
[INFO] Coalescing path $.hostPorts.amqp
[INFO] Coalescing path $.hostPorts.amqpTls
[INFO] Coalescing path $.hostPorts.manager
[INFO] Coalescing path $.hostPorts.metrics
[INFO] Coalescing path $.image.debug
[INFO] Coalescing path $.image.pullPolicy
[INFO] Coalescing path $.ingress.annotations
[INFO] Coalescing path $.ingress.enabled
[INFO] Coalescing path $.ingress.existingSecret
[INFO] Coalescing path $.ingress.extraHosts
[INFO] Coalescing path $.ingress.extraPaths
[INFO] Coalescing path $.ingress.extraRules
[INFO] Coalescing path $.ingress.extraTls
[INFO] Coalescing path $.ingress.hostname
[INFO] Coalescing path $.ingress.ingressClassName
[INFO] Coalescing path $.ingress.path
[INFO] Coalescing path $.ingress.pathType
[INFO] Coalescing path $.ingress.secrets
[INFO] Coalescing path $.ingress.selfSigned
[INFO] Coalescing path $.ingress.tls
[INFO] Coalescing path $.ldap.enabled
[INFO] Coalescing path $.ldap.port
[INFO] Coalescing path $.ldap.servers
[INFO] Coalescing path $.ldap.user_dn_pattern
[INFO] Coalescing path $.loadDefinition.enabled
[INFO] Coalescing path $.loadDefinition.existingSecret
[INFO] Coalescing path $.loadDefinition.file
[INFO] Coalescing path $.metrics.enabled
[INFO] Coalescing path $.metrics.podAnnotations
[INFO] Coalescing path $.networkPolicy.addExternalClientAccess
[INFO] Coalescing path $.networkPolicy.allowExternal
[INFO] Coalescing path $.networkPolicy.allowExternalEgress
[INFO] Coalescing path $.networkPolicy.enabled
[INFO] Coalescing path $.networkPolicy.extraIngress
[INFO] Coalescing path $.networkPolicy.ingressNSMatchLabels
[INFO] Coalescing path $.networkPolicy.ingressNSPodMatchLabels
[INFO] Coalescing path $.networkPolicy.ingressPodMatchLabels
[INFO] Coalescing path $.nodeAffinityPreset.key
[INFO] Coalescing path $.nodeAffinityPreset.type
[INFO] Coalescing path $.nodeAffinityPreset.values
[INFO] Coalescing path $.pdb.create
[INFO] Coalescing path $.pdb.maxUnavailable
[INFO] Coalescing path $.pdb.minAvailable
[INFO] Coalescing path $.persistence.enabled
[INFO] Coalescing path $.persistence.mountPath
[INFO] Coalescing path $.persistence.subPath
[INFO] Coalescing path $.podSecurityContext.enabled
[INFO] Coalescing path $.podSecurityContext.fsGroup
[INFO] Coalescing path $.rbac.create
[INFO] Coalescing path $.rbac.rules
[INFO] Coalescing path $.service.allocateLoadBalancerNodePorts
[INFO] Coalescing path $.service.annotations
[INFO] Coalescing path $.service.annotationsHeadless
[INFO] Coalescing path $.service.clusterIP
[INFO] Coalescing path $.service.distPortEnabled
[INFO] Coalescing path $.service.epmdPortEnabled
[INFO] Coalescing path $.service.externalIPs
[INFO] Coalescing path $.service.externalTrafficPolicy
[INFO] Coalescing path $.service.extraPorts
[INFO] Coalescing path $.service.extraPortsHeadless
[INFO] Coalescing path $.service.labels
[INFO] Coalescing path $.service.loadBalancerClass
[INFO] Coalescing path $.service.loadBalancerIP
[INFO] Coalescing path $.service.loadBalancerSourceRanges
[INFO] Coalescing path $.service.managerPortEnabled
[INFO] Coalescing path $.service.portEnabled
[INFO] Coalescing path $.service.sessionAffinity
[INFO] Coalescing path $.service.sessionAffinityConfig
[INFO] Coalescing path $.service.trafficDistribution
[INFO] Coalescing path $.service.type
[INFO] Coalescing path $.serviceAccount.annotations
[INFO] Coalescing path $.serviceAccount.automountServiceAccountToken
[INFO] Coalescing path $.serviceAccount.create
[INFO] Coalescing path $.serviceBindings.enabled
[INFO] Coalescing path $.volumePermissions.containerSecurityContext
[INFO] Coalescing path $.volumePermissions.enabled
[INFO] Coalescing path $.volumePermissions.image
[INFO] Coalescing path $.volumePermissions.resources
[INFO] Coalescing path $.auth.tls.autoGenerated
[INFO] Coalescing path $.auth.tls.caCertificate
[INFO] Coalescing path $.auth.tls.enabled
[INFO] Coalescing path $.auth.tls.existingSecretFullChain
[INFO] Coalescing path $.auth.tls.overrideCaCertificate
[INFO] Coalescing path $.auth.tls.serverCertificate
[INFO] Coalescing path $.auth.tls.serverKey
[INFO] Coalescing path $.ldap.tls.certificatesMountPath
[INFO] Coalescing path $.ldap.tls.certificatesSecret
[INFO] Coalescing path $.ldap.tls.enabled
[INFO] Coalescing path $.metrics.prometheusRule.additionalLabels
[INFO] Coalescing path $.metrics.prometheusRule.enabled
[INFO] Coalescing path $.metrics.prometheusRule.namespace
[INFO] Coalescing path $.metrics.prometheusRule.rules
[INFO] Coalescing path $.metrics.serviceMonitor.annotations
[INFO] Coalescing path $.metrics.serviceMonitor.enabled
[INFO] Coalescing path $.metrics.serviceMonitor.honorLabels
[INFO] Coalescing path $.metrics.serviceMonitor.interval
[INFO] Coalescing path $.metrics.serviceMonitor.jobLabel
[INFO] Coalescing path $.metrics.serviceMonitor.labels
[INFO] Coalescing path $.metrics.serviceMonitor.metricRelabelings
[INFO] Coalescing path $.metrics.serviceMonitor.namespace
[INFO] Coalescing path $.metrics.serviceMonitor.params
[INFO] Coalescing path $.metrics.serviceMonitor.path
[INFO] Coalescing path $.metrics.serviceMonitor.podTargetLabels
[INFO] Coalescing path $.metrics.serviceMonitor.relabelings
[INFO] Coalescing path $.metrics.serviceMonitor.scrapeTimeout
[INFO] Coalescing path $.metrics.serviceMonitor.selector
[INFO] Coalescing path $.metrics.serviceMonitor.targetLabels
[INFO] Coalescing path $.service.headless.annotations
[INFO] Coalescing path $.service.portNames.amqp
[INFO] Coalescing path $.service.portNames.amqpTls
[INFO] Coalescing path $.service.portNames.dist
[INFO] Coalescing path $.service.portNames.epmd
[INFO] Coalescing path $.service.portNames.manager
[INFO] Coalescing path $.service.portNames.metrics
[INFO] Coalescing path $.service.ports.amqp
[INFO] Coalescing path $.service.ports.amqpTls
[INFO] Coalescing path $.service.ports.dist
[INFO] Coalescing path $.service.ports.epmd
[INFO] Coalescing path $.service.ports.manager
[INFO] Coalescing path $.service.ports.metrics
[INFO] Coalescing path $.volumePermissions.containerSecurityContext.runAsUser
[INFO] Coalescing path $.volumePermissions.image.pullPolicy
[INFO] Coalescing path $.ingress.extraHosts[*].name
[INFO] Coalescing path $.ingress.extraHosts[*].path
[INFO] Coalescing path $.ingress.extraHosts[*].pathType
[INFO] Coalescing path $.ingress.secrets[*].certificate
[INFO] Coalescing path $.ingress.secrets[*].key
[INFO] Coalescing path $.ingress.secrets[*].name
[INFO] Coalescing path $.metrics.serviceMonitor.default.enabled
[INFO] Coalescing path $.metrics.serviceMonitor.default.honorLabels
[INFO] Coalescing path $.metrics.serviceMonitor.default.interval
[INFO] Coalescing path $.metrics.serviceMonitor.default.metricRelabelings
[INFO] Coalescing path $.metrics.serviceMonitor.default.relabelings
[INFO] Coalescing path $.metrics.serviceMonitor.default.scrapeTimeout
[INFO] Coalescing path $.metrics.serviceMonitor.detailed.enabled
[INFO] Coalescing path $.metrics.serviceMonitor.detailed.family
[INFO] Coalescing path $.metrics.serviceMonitor.detailed.honorLabels
[INFO] Coalescing path $.metrics.serviceMonitor.detailed.interval
[INFO] Coalescing path $.metrics.serviceMonitor.detailed.metricRelabelings
[INFO] Coalescing path $.metrics.serviceMonitor.detailed.relabelings
[INFO] Coalescing path $.metrics.serviceMonitor.detailed.scrapeTimeout
[INFO] Coalescing path $.metrics.serviceMonitor.detailed.vhost
[INFO] Coalescing path $.metrics.serviceMonitor.perObject.enabled
[INFO] Coalescing path $.metrics.serviceMonitor.perObject.honorLabels
[INFO] Coalescing path $.metrics.serviceMonitor.perObject.interval
[INFO] Coalescing path $.metrics.serviceMonitor.perObject.metricRelabelings
[INFO] Coalescing path $.metrics.serviceMonitor.perObject.relabelings
[INFO] Coalescing path $.metrics.serviceMonitor.perObject.scrapeTimeout
[INFO] Coalescing path $.ingress.secrets[*].Values.commonAnnotations
[INFO] Coalescing path $.metrics.serviceMonitor.detailed.family[*]
[INFO] Coalescing path $.metrics.serviceMonitor.detailed.vhost[*]
[INFO] Testing known inputs first; arbitrary extra-key cases are deferred
[INFO] Compiler input baseline: 215 statically named fields
[INFO] Render hashes (run-local): 58 observed, 58 unique, 0 duplicate bundles; 0 successful validations reused
[INFO] Testing deferred arbitrary-key and original-schema robustness cases
[INFO] Compiler input baseline: 215 statically named fields
[INFO] Render hashes (run-local): 101 observed, 101 unique, 0 duplicate bundles; 0 successful validations reused
[INFO] .: failed; 0 charts remain
