[INFO] Chart 1/1: .
[INFO] Finite filtering unavailable: permutations need closed objects at (); set additionalProperties: false; prioritizing known inputs before robustness sampling
[INFO] Coalescing path $.clusterDomain
[INFO] Coalescing path $.commonAnnotations
[INFO] Coalescing path $.commonLabels
[INFO] Coalescing path $.credentialUpdaterImage
[INFO] Coalescing path $.extraDeploy
[INFO] Coalescing path $.rabbitmqImage
[INFO] Coalescing path $.useCertManager
[INFO] Coalescing path $.clusterOperator.affinity
[INFO] Coalescing path $.clusterOperator.args
[INFO] Coalescing path $.clusterOperator.automountServiceAccountToken
[INFO] Coalescing path $.clusterOperator.command
[INFO] Coalescing path $.clusterOperator.containerSecurityContext
[INFO] Coalescing path $.clusterOperator.customLivenessProbe
[INFO] Coalescing path $.clusterOperator.customReadinessProbe
[INFO] Coalescing path $.clusterOperator.customStartupProbe
[INFO] Coalescing path $.clusterOperator.extraEnvVars
[INFO] Coalescing path $.clusterOperator.extraEnvVarsCM
[INFO] Coalescing path $.clusterOperator.extraEnvVarsSecret
[INFO] Coalescing path $.clusterOperator.extraVolumeMounts
[INFO] Coalescing path $.clusterOperator.extraVolumes
[INFO] Coalescing path $.clusterOperator.hostAliases
[INFO] Coalescing path $.clusterOperator.image
[INFO] Coalescing path $.clusterOperator.initContainers
[INFO] Coalescing path $.clusterOperator.lifecycleHooks
[INFO] Coalescing path $.clusterOperator.nodeSelector
[INFO] Coalescing path $.clusterOperator.podAffinityPreset
[INFO] Coalescing path $.clusterOperator.podAnnotations
[INFO] Coalescing path $.clusterOperator.podAntiAffinityPreset
[INFO] Coalescing path $.clusterOperator.podLabels
[INFO] Coalescing path $.clusterOperator.podSecurityContext
[INFO] Coalescing path $.clusterOperator.priorityClassName
[INFO] Coalescing path $.clusterOperator.replicaCount
[INFO] Coalescing path $.clusterOperator.resources
[INFO] Coalescing path $.clusterOperator.revisionHistoryLimit
[INFO] Coalescing path $.clusterOperator.schedulerName
[INFO] Coalescing path $.clusterOperator.sidecars
[INFO] Coalescing path $.clusterOperator.terminationGracePeriodSeconds
[INFO] Coalescing path $.clusterOperator.tolerations
[INFO] Coalescing path $.clusterOperator.topologySpreadConstraints
[INFO] Coalescing path $.clusterOperator.updateStrategy
[INFO] Coalescing path $.clusterOperator.watchAllNamespaces
[INFO] Coalescing path $.clusterOperator.watchNamespaces
[INFO] Coalescing path $.diagnosticMode.enabled
[INFO] Coalescing path $.extraDeploy[*]
[INFO] Coalescing path $.msgTopologyOperator.affinity
[INFO] Coalescing path $.msgTopologyOperator.args
[INFO] Coalescing path $.msgTopologyOperator.automountServiceAccountToken
[INFO] Coalescing path $.msgTopologyOperator.command
[INFO] Coalescing path $.msgTopologyOperator.containerSecurityContext
[INFO] Coalescing path $.msgTopologyOperator.customLivenessProbe
[INFO] Coalescing path $.msgTopologyOperator.customReadinessProbe
[INFO] Coalescing path $.msgTopologyOperator.customStartupProbe
[INFO] Coalescing path $.msgTopologyOperator.dnsPolicy
[INFO] Coalescing path $.msgTopologyOperator.enabled
[INFO] Coalescing path $.msgTopologyOperator.existingWebhookCertCABundle
[INFO] Coalescing path $.msgTopologyOperator.existingWebhookCertSecret
[INFO] Coalescing path $.msgTopologyOperator.extraEnvVars
[INFO] Coalescing path $.msgTopologyOperator.extraEnvVarsCM
[INFO] Coalescing path $.msgTopologyOperator.extraEnvVarsSecret
[INFO] Coalescing path $.msgTopologyOperator.extraVolumeMounts
[INFO] Coalescing path $.msgTopologyOperator.extraVolumes
[INFO] Coalescing path $.msgTopologyOperator.hostAliases
[INFO] Coalescing path $.msgTopologyOperator.hostNetwork
[INFO] Coalescing path $.msgTopologyOperator.image
[INFO] Coalescing path $.msgTopologyOperator.initContainers
[INFO] Coalescing path $.msgTopologyOperator.lifecycleHooks
[INFO] Coalescing path $.msgTopologyOperator.nodeSelector
[INFO] Coalescing path $.msgTopologyOperator.podAffinityPreset
[INFO] Coalescing path $.msgTopologyOperator.podAnnotations
[INFO] Coalescing path $.msgTopologyOperator.podAntiAffinityPreset
[INFO] Coalescing path $.msgTopologyOperator.podLabels
[INFO] Coalescing path $.msgTopologyOperator.podSecurityContext
[INFO] Coalescing path $.msgTopologyOperator.priorityClassName
[INFO] Coalescing path $.msgTopologyOperator.replicaCount
[INFO] Coalescing path $.msgTopologyOperator.resources
[INFO] Coalescing path $.msgTopologyOperator.revisionHistoryLimit
[INFO] Coalescing path $.msgTopologyOperator.schedulerName
[INFO] Coalescing path $.msgTopologyOperator.sidecars
[INFO] Coalescing path $.msgTopologyOperator.skipCreateAdmissionWebhookConfig
[INFO] Coalescing path $.msgTopologyOperator.terminationGracePeriodSeconds
[INFO] Coalescing path $.msgTopologyOperator.tolerations
[INFO] Coalescing path $.msgTopologyOperator.topologySpreadConstraints
[INFO] Coalescing path $.msgTopologyOperator.updateStrategy
[INFO] Coalescing path $.msgTopologyOperator.watchAllNamespaces
[INFO] Coalescing path $.msgTopologyOperator.watchNamespaces
[INFO] Coalescing path $.clusterOperator.containerPorts.metrics
[INFO] Coalescing path $.clusterOperator.containerSecurityContext.enabled
[INFO] Coalescing path $.clusterOperator.image.pullPolicy
[INFO] Coalescing path $.clusterOperator.networkPolicy.allowExternal
[INFO] Coalescing path $.clusterOperator.networkPolicy.allowExternalEgress
[INFO] Coalescing path $.clusterOperator.networkPolicy.enabled
[INFO] Coalescing path $.clusterOperator.networkPolicy.extraEgress
[INFO] Coalescing path $.clusterOperator.networkPolicy.extraIngress
[INFO] Coalescing path $.clusterOperator.networkPolicy.ingressNSMatchLabels
[INFO] Coalescing path $.clusterOperator.networkPolicy.ingressNSPodMatchLabels
[INFO] Coalescing path $.clusterOperator.networkPolicy.kubeAPIServerPorts
[INFO] Coalescing path $.clusterOperator.nodeAffinityPreset.key
[INFO] Coalescing path $.clusterOperator.nodeAffinityPreset.type
[INFO] Coalescing path $.clusterOperator.nodeAffinityPreset.values
[INFO] Coalescing path $.clusterOperator.pdb.create
[INFO] Coalescing path $.clusterOperator.pdb.maxUnavailable
[INFO] Coalescing path $.clusterOperator.pdb.minAvailable
[INFO] Coalescing path $.clusterOperator.podSecurityContext.enabled
[INFO] Coalescing path $.clusterOperator.rbac.create
[INFO] Coalescing path $.clusterOperator.serviceAccount.annotations
[INFO] Coalescing path $.clusterOperator.serviceAccount.automountServiceAccountToken
[INFO] Coalescing path $.clusterOperator.serviceAccount.create
[INFO] Coalescing path $.msgTopologyOperator.containerPorts.health
[INFO] Coalescing path $.msgTopologyOperator.containerPorts.metrics
[INFO] Coalescing path $.msgTopologyOperator.containerSecurityContext.enabled
[INFO] Coalescing path $.msgTopologyOperator.image.pullPolicy
[INFO] Coalescing path $.msgTopologyOperator.networkPolicy.allowExternal
[INFO] Coalescing path $.msgTopologyOperator.networkPolicy.allowExternalEgress
[INFO] Coalescing path $.msgTopologyOperator.networkPolicy.enabled
[INFO] Coalescing path $.msgTopologyOperator.networkPolicy.extraEgress
[INFO] Coalescing path $.msgTopologyOperator.networkPolicy.extraIngress
[INFO] Coalescing path $.msgTopologyOperator.networkPolicy.ingressNSMatchLabels
[INFO] Coalescing path $.msgTopologyOperator.networkPolicy.ingressNSPodMatchLabels
[INFO] Coalescing path $.msgTopologyOperator.networkPolicy.kubeAPIServerPorts
[INFO] Coalescing path $.msgTopologyOperator.nodeAffinityPreset.key
[INFO] Coalescing path $.msgTopologyOperator.nodeAffinityPreset.type
[INFO] Coalescing path $.msgTopologyOperator.nodeAffinityPreset.values
[INFO] Coalescing path $.msgTopologyOperator.pdb.create
[INFO] Coalescing path $.msgTopologyOperator.pdb.maxUnavailable
[INFO] Coalescing path $.msgTopologyOperator.pdb.minAvailable
[INFO] Coalescing path $.msgTopologyOperator.podSecurityContext.enabled
[INFO] Coalescing path $.msgTopologyOperator.rbac.create
[INFO] Coalescing path $.msgTopologyOperator.service.annotations
[INFO] Coalescing path $.msgTopologyOperator.service.clusterIP
[INFO] Coalescing path $.msgTopologyOperator.service.externalTrafficPolicy
[INFO] Coalescing path $.msgTopologyOperator.service.extraPorts
[INFO] Coalescing path $.msgTopologyOperator.service.loadBalancerIP
[INFO] Coalescing path $.msgTopologyOperator.service.loadBalancerSourceRanges
[INFO] Coalescing path $.msgTopologyOperator.service.sessionAffinity
[INFO] Coalescing path $.msgTopologyOperator.service.sessionAffinityConfig
[INFO] Coalescing path $.msgTopologyOperator.service.type
[INFO] Coalescing path $.msgTopologyOperator.serviceAccount.annotations
[INFO] Coalescing path $.msgTopologyOperator.serviceAccount.automountServiceAccountToken
[INFO] Coalescing path $.msgTopologyOperator.serviceAccount.create
[INFO] Coalescing path $.clusterOperator.metrics.podMonitor.additionalLabels
[INFO] Coalescing path $.clusterOperator.metrics.podMonitor.enabled
[INFO] Coalescing path $.clusterOperator.metrics.podMonitor.honorLabels
[INFO] Coalescing path $.clusterOperator.metrics.podMonitor.interval
[INFO] Coalescing path $.clusterOperator.metrics.podMonitor.jobLabel
[INFO] Coalescing path $.clusterOperator.metrics.podMonitor.metricRelabelings
[INFO] Coalescing path $.clusterOperator.metrics.podMonitor.params
[INFO] Coalescing path $.clusterOperator.metrics.podMonitor.path
[INFO] Coalescing path $.clusterOperator.metrics.podMonitor.relabelings
[INFO] Coalescing path $.clusterOperator.metrics.podMonitor.scrapeTimeout
[INFO] Coalescing path $.clusterOperator.metrics.podMonitor.selector
[INFO] Coalescing path $.clusterOperator.metrics.service.annotations
[INFO] Coalescing path $.clusterOperator.metrics.service.clusterIP
[INFO] Coalescing path $.clusterOperator.metrics.service.enabled
[INFO] Coalescing path $.clusterOperator.metrics.service.externalTrafficPolicy
[INFO] Coalescing path $.clusterOperator.metrics.service.extraPorts
[INFO] Coalescing path $.clusterOperator.metrics.service.loadBalancerIP
[INFO] Coalescing path $.clusterOperator.metrics.service.loadBalancerSourceRanges
[INFO] Coalescing path $.clusterOperator.metrics.service.sessionAffinity
[INFO] Coalescing path $.clusterOperator.metrics.service.sessionAffinityConfig
[INFO] Coalescing path $.clusterOperator.metrics.service.type
[INFO] Coalescing path $.clusterOperator.metrics.serviceMonitor.additionalLabels
[INFO] Coalescing path $.clusterOperator.metrics.serviceMonitor.enabled
[INFO] Coalescing path $.clusterOperator.metrics.serviceMonitor.honorLabels
[INFO] Coalescing path $.clusterOperator.metrics.serviceMonitor.interval
[INFO] Coalescing path $.clusterOperator.metrics.serviceMonitor.jobLabel
[INFO] Coalescing path $.clusterOperator.metrics.serviceMonitor.labels
[INFO] Coalescing path $.clusterOperator.metrics.serviceMonitor.metricRelabelings
[INFO] Coalescing path $.clusterOperator.metrics.serviceMonitor.namespace
[INFO] Coalescing path $.clusterOperator.metrics.serviceMonitor.params
[INFO] Coalescing path $.clusterOperator.metrics.serviceMonitor.path
[INFO] Coalescing path $.clusterOperator.metrics.serviceMonitor.relabelings
[INFO] Coalescing path $.clusterOperator.metrics.serviceMonitor.scrapeTimeout
[INFO] Coalescing path $.clusterOperator.metrics.serviceMonitor.selector
[INFO] Coalescing path $.clusterOperator.networkPolicy.ingressNSMatchLabels[*]
[INFO] Coalescing path $.clusterOperator.networkPolicy.ingressNSPodMatchLabels[*]
[INFO] Coalescing path $.clusterOperator.networkPolicy.kubeAPIServerPorts[*]
[INFO] Coalescing path $.clusterOperator.rbac.clusterRole.customRules
[INFO] Coalescing path $.msgTopologyOperator.metrics.podMonitor.additionalLabels
[INFO] Coalescing path $.msgTopologyOperator.metrics.podMonitor.enabled
[INFO] Coalescing path $.msgTopologyOperator.metrics.podMonitor.honorLabels
[INFO] Coalescing path $.msgTopologyOperator.metrics.podMonitor.interval
[INFO] Coalescing path $.msgTopologyOperator.metrics.podMonitor.jobLabel
[INFO] Coalescing path $.msgTopologyOperator.metrics.podMonitor.labels
[INFO] Coalescing path $.msgTopologyOperator.metrics.podMonitor.metricRelabelings
[INFO] Coalescing path $.msgTopologyOperator.metrics.podMonitor.namespace
[INFO] Coalescing path $.msgTopologyOperator.metrics.podMonitor.relabelings
[INFO] Coalescing path $.msgTopologyOperator.metrics.podMonitor.scrapeTimeout
[INFO] Coalescing path $.msgTopologyOperator.metrics.podMonitor.selector
[INFO] Coalescing path $.msgTopologyOperator.metrics.service.annotations
[INFO] Coalescing path $.msgTopologyOperator.metrics.service.clusterIP
[INFO] Coalescing path $.msgTopologyOperator.metrics.service.enabled
[INFO] Coalescing path $.msgTopologyOperator.metrics.service.externalTrafficPolicy
[INFO] Coalescing path $.msgTopologyOperator.metrics.service.extraPorts
[INFO] Coalescing path $.msgTopologyOperator.metrics.service.loadBalancerIP
[INFO] Coalescing path $.msgTopologyOperator.metrics.service.loadBalancerSourceRanges
[INFO] Coalescing path $.msgTopologyOperator.metrics.service.sessionAffinity
[INFO] Coalescing path $.msgTopologyOperator.metrics.service.sessionAffinityConfig
[INFO] Coalescing path $.msgTopologyOperator.metrics.service.type
[INFO] Coalescing path $.msgTopologyOperator.metrics.serviceMonitor.additionalLabels
[INFO] Coalescing path $.msgTopologyOperator.metrics.serviceMonitor.enabled
[INFO] Coalescing path $.msgTopologyOperator.metrics.serviceMonitor.honorLabels
[INFO] Coalescing path $.msgTopologyOperator.metrics.serviceMonitor.interval
[INFO] Coalescing path $.msgTopologyOperator.metrics.serviceMonitor.jobLabel
[INFO] Coalescing path $.msgTopologyOperator.metrics.serviceMonitor.labels
[INFO] Coalescing path $.msgTopologyOperator.metrics.serviceMonitor.metricRelabelings
[INFO] Coalescing path $.msgTopologyOperator.metrics.serviceMonitor.namespace
[INFO] Coalescing path $.msgTopologyOperator.metrics.serviceMonitor.relabelings
[INFO] Coalescing path $.msgTopologyOperator.metrics.serviceMonitor.scrapeTimeout
[INFO] Coalescing path $.msgTopologyOperator.metrics.serviceMonitor.selector
[INFO] Coalescing path $.msgTopologyOperator.networkPolicy.ingressNSMatchLabels[*]
[INFO] Coalescing path $.msgTopologyOperator.networkPolicy.ingressNSPodMatchLabels[*]
[INFO] Coalescing path $.msgTopologyOperator.networkPolicy.kubeAPIServerPorts[*]
[INFO] Coalescing path $.msgTopologyOperator.rbac.clusterRole.customRules
[INFO] Coalescing path $.msgTopologyOperator.service.nodePorts.http
[INFO] Coalescing path $.msgTopologyOperator.service.ports.webhook
[INFO] Coalescing path $.clusterOperator.metrics.service.nodePorts.http
[INFO] Coalescing path $.clusterOperator.metrics.service.ports.http
[INFO] Coalescing path $.msgTopologyOperator.metrics.service.nodePorts.http
[INFO] Coalescing path $.msgTopologyOperator.metrics.service.ports.http
[INFO] Coalescing path $.clusterOperator.rbac.clusterRole.customRules[*].apiGroups
[INFO] Coalescing path $.clusterOperator.rbac.clusterRole.customRules[*].resources
[INFO] Coalescing path $.clusterOperator.rbac.clusterRole.customRules[*].verbs
[INFO] Coalescing path $.msgTopologyOperator.rbac.clusterRole.customRules[*].apiGroups
[INFO] Coalescing path $.msgTopologyOperator.rbac.clusterRole.customRules[*].resources
[INFO] Coalescing path $.msgTopologyOperator.rbac.clusterRole.customRules[*].verbs
[INFO] Testing known inputs first; arbitrary extra-key cases are deferred
[INFO] Compiler input baseline: 206 statically named fields
[INFO] Render hashes (run-local): 84 observed, 84 unique, 0 duplicate bundles; 0 successful validations reused
[INFO] Testing deferred arbitrary-key and original-schema robustness cases
[INFO] Compiler input baseline: 206 statically named fields
[INFO] Render hashes (run-local): 101 observed, 101 unique, 0 duplicate bundles; 0 successful validations reused
[INFO] .: failed; 0 charts remain
