[INFO] Chart 1/1: .
[INFO] Finite filtering unavailable: permutations need closed objects at (); set additionalProperties: false; prioritizing known inputs before robustness sampling
[INFO] Coalescing path $.clusterDomain
[INFO] Coalescing path $.commonAnnotations
[INFO] Coalescing path $.commonLabels
[INFO] Coalescing path $.containerSecurityContext
[INFO] Coalescing path $.existingSecret
[INFO] Coalescing path $.extraDeploy
[INFO] Coalescing path $.global
[INFO] Coalescing path $.image
[INFO] Coalescing path $.persistence
[INFO] Coalescing path $.podDisruptionBudget
[INFO] Coalescing path $.podSecurityContext
[INFO] Coalescing path $.sysctlImage
[INFO] Coalescing path $.usePassword
[INFO] Coalescing path $.usePasswordFiles
[INFO] Coalescing path $.cluster.nodes
[INFO] Coalescing path $.cluster.replicas
[INFO] Coalescing path $.containerSecurityContext.enabled
[INFO] Coalescing path $.containerSecurityContext.runAsUser
[INFO] Coalescing path $.diagnosticMode.args
[INFO] Coalescing path $.diagnosticMode.command
[INFO] Coalescing path $.diagnosticMode.enabled
[INFO] Coalescing path $.extraDeploy[*]
[INFO] Coalescing path $.image.debug
[INFO] Coalescing path $.image.pullPolicy
[INFO] Coalescing path $.metrics.containerSecurityContext
[INFO] Coalescing path $.metrics.enabled
[INFO] Coalescing path $.metrics.extraEnvVars
[INFO] Coalescing path $.metrics.image
[INFO] Coalescing path $.metrics.podAnnotations
[INFO] Coalescing path $.metrics.podLabels
[INFO] Coalescing path $.metrics.resources
[INFO] Coalescing path $.networkPolicy.allowExternal
[INFO] Coalescing path $.networkPolicy.allowExternalEgress
[INFO] Coalescing path $.networkPolicy.enabled
[INFO] Coalescing path $.networkPolicy.extraEgress
[INFO] Coalescing path $.networkPolicy.extraIngress
[INFO] Coalescing path $.networkPolicy.ingressNSMatchLabels
[INFO] Coalescing path $.networkPolicy.ingressNSPodMatchLabels
[INFO] Coalescing path $.pdb.create
[INFO] Coalescing path $.persistence.accessModes
[INFO] Coalescing path $.persistence.annotations
[INFO] Coalescing path $.persistence.enabled
[INFO] Coalescing path $.persistence.labels
[INFO] Coalescing path $.persistence.matchExpressions
[INFO] Coalescing path $.persistence.matchLabels
[INFO] Coalescing path $.persistence.path
[INFO] Coalescing path $.persistence.size
[INFO] Coalescing path $.persistence.subPath
[INFO] Coalescing path $.persistentVolumeClaimRetentionPolicy.enabled
[INFO] Coalescing path $.persistentVolumeClaimRetentionPolicy.whenDeleted
[INFO] Coalescing path $.persistentVolumeClaimRetentionPolicy.whenScaled
[INFO] Coalescing path $.podSecurityContext.enabled
[INFO] Coalescing path $.podSecurityContext.fsGroup
[INFO] Coalescing path $.podSecurityContext.runAsUser
[INFO] Coalescing path $.podSecurityPolicy.create
[INFO] Coalescing path $.rbac.create
[INFO] Coalescing path $.redis.affinity
[INFO] Coalescing path $.redis.automountServiceAccountToken
[INFO] Coalescing path $.redis.configmap
[INFO] Coalescing path $.redis.customLivenessProbe
[INFO] Coalescing path $.redis.customReadinessProbe
[INFO] Coalescing path $.redis.customStartupProbe
[INFO] Coalescing path $.redis.defaultConfigOverride
[INFO] Coalescing path $.redis.extraEnvVars
[INFO] Coalescing path $.redis.extraEnvVarsCM
[INFO] Coalescing path $.redis.extraEnvVarsSecret
[INFO] Coalescing path $.redis.extraVolumeMounts
[INFO] Coalescing path $.redis.extraVolumes
[INFO] Coalescing path $.redis.hostAliases
[INFO] Coalescing path $.redis.hostNetwork
[INFO] Coalescing path $.redis.initContainers
[INFO] Coalescing path $.redis.lifecycleHooks
[INFO] Coalescing path $.redis.nodeSelector
[INFO] Coalescing path $.redis.podAffinityPreset
[INFO] Coalescing path $.redis.podAnnotations
[INFO] Coalescing path $.redis.podAntiAffinityPreset
[INFO] Coalescing path $.redis.podLabels
[INFO] Coalescing path $.redis.podManagementPolicy
[INFO] Coalescing path $.redis.priorityClassName
[INFO] Coalescing path $.redis.resources
[INFO] Coalescing path $.redis.schedulerName
[INFO] Coalescing path $.redis.shareProcessNamespace
[INFO] Coalescing path $.redis.sidecars
[INFO] Coalescing path $.redis.terminationGracePeriodSeconds
[INFO] Coalescing path $.redis.tolerations
[INFO] Coalescing path $.redis.topologySpreadConstraints
[INFO] Coalescing path $.redis.updateStrategy
[INFO] Coalescing path $.service.annotations
[INFO] Coalescing path $.service.clusterIP
[INFO] Coalescing path $.service.externalTrafficPolicy
[INFO] Coalescing path $.service.extraPorts
[INFO] Coalescing path $.service.labels
[INFO] Coalescing path $.service.loadBalancerClass
[INFO] Coalescing path $.service.loadBalancerIP
[INFO] Coalescing path $.service.loadBalancerSourceRanges
[INFO] Coalescing path $.service.sessionAffinity
[INFO] Coalescing path $.service.sessionAffinityConfig
[INFO] Coalescing path $.service.type
[INFO] Coalescing path $.serviceAccount.annotations
[INFO] Coalescing path $.serviceAccount.automountServiceAccountToken
[INFO] Coalescing path $.serviceAccount.create
[INFO] Coalescing path $.serviceBindings.enabled
[INFO] Coalescing path $.sysctlImage.command
[INFO] Coalescing path $.sysctlImage.containerSecurityContext
[INFO] Coalescing path $.sysctlImage.enabled
[INFO] Coalescing path $.sysctlImage.mountHostSys
[INFO] Coalescing path $.sysctlImage.pullPolicy
[INFO] Coalescing path $.sysctlImage.resources
[INFO] Coalescing path $.tls.authClients
[INFO] Coalescing path $.tls.certificatesSecret
[INFO] Coalescing path $.tls.dhParamsFilename
[INFO] Coalescing path $.tls.enabled
[INFO] Coalescing path $.updateJob.activeDeadlineSeconds
[INFO] Coalescing path $.updateJob.affinity
[INFO] Coalescing path $.updateJob.annotations
[INFO] Coalescing path $.updateJob.automountServiceAccountToken
[INFO] Coalescing path $.updateJob.extraEnvVars
[INFO] Coalescing path $.updateJob.extraEnvVarsCM
[INFO] Coalescing path $.updateJob.extraEnvVarsSecret
[INFO] Coalescing path $.updateJob.extraVolumeMounts
[INFO] Coalescing path $.updateJob.extraVolumes
[INFO] Coalescing path $.updateJob.helmHook
[INFO] Coalescing path $.updateJob.hostAliases
[INFO] Coalescing path $.updateJob.initContainers
[INFO] Coalescing path $.updateJob.nodeSelector
[INFO] Coalescing path $.updateJob.podAffinityPreset
[INFO] Coalescing path $.updateJob.podAnnotations
[INFO] Coalescing path $.updateJob.podAntiAffinityPreset
[INFO] Coalescing path $.updateJob.podLabels
[INFO] Coalescing path $.updateJob.priorityClassName
[INFO] Coalescing path $.updateJob.resources
[INFO] Coalescing path $.updateJob.tolerations
[INFO] Coalescing path $.volumePermissions.enabled
[INFO] Coalescing path $.volumePermissions.image
[INFO] Coalescing path $.volumePermissions.resources
[INFO] Coalescing path $.cluster.externalAccess.enabled
[INFO] Coalescing path $.cluster.externalAccess.hostMode
[INFO] Coalescing path $.cluster.update.addNodes
[INFO] Coalescing path $.metrics.containerPorts.http
[INFO] Coalescing path $.metrics.containerSecurityContext.enabled
[INFO] Coalescing path $.metrics.image.pullPolicy
[INFO] Coalescing path $.metrics.prometheusRule.additionalLabels
[INFO] Coalescing path $.metrics.prometheusRule.enabled
[INFO] Coalescing path $.metrics.prometheusRule.namespace
[INFO] Coalescing path $.metrics.prometheusRule.rules
[INFO] Coalescing path $.metrics.service.annotations
[INFO] Coalescing path $.metrics.service.clusterIP
[INFO] Coalescing path $.metrics.service.labels
[INFO] Coalescing path $.metrics.service.loadBalancerClass
[INFO] Coalescing path $.metrics.service.loadBalancerIP
[INFO] Coalescing path $.metrics.service.type
[INFO] Coalescing path $.metrics.serviceMonitor.annotations
[INFO] Coalescing path $.metrics.serviceMonitor.enabled
[INFO] Coalescing path $.metrics.serviceMonitor.interval
[INFO] Coalescing path $.metrics.serviceMonitor.jobLabel
[INFO] Coalescing path $.metrics.serviceMonitor.labels
[INFO] Coalescing path $.metrics.serviceMonitor.metricRelabelings
[INFO] Coalescing path $.metrics.serviceMonitor.namespace
[INFO] Coalescing path $.metrics.serviceMonitor.relabelings
[INFO] Coalescing path $.metrics.serviceMonitor.scrapeTimeout
[INFO] Coalescing path $.metrics.serviceMonitor.selector
[INFO] Coalescing path $.networkPolicy.ingressNSMatchLabels[*]
[INFO] Coalescing path $.networkPolicy.ingressNSPodMatchLabels[*]
[INFO] Coalescing path $.persistence.accessModes[*]
[INFO] Coalescing path $.rbac.role.rules
[INFO] Coalescing path $.redis.containerPorts.bus
[INFO] Coalescing path $.redis.containerPorts.redis
[INFO] Coalescing path $.redis.nodeAffinityPreset.key
[INFO] Coalescing path $.redis.nodeAffinityPreset.type
[INFO] Coalescing path $.redis.nodeAffinityPreset.values
[INFO] Coalescing path $.service.headless.annotations
[INFO] Coalescing path $.service.nodePorts.redis
[INFO] Coalescing path $.service.ports.redis
[INFO] Coalescing path $.sysctlImage.containerSecurityContext.enabled
[INFO] Coalescing path $.updateJob.nodeAffinityPreset.key
[INFO] Coalescing path $.updateJob.nodeAffinityPreset.type
[INFO] Coalescing path $.updateJob.nodeAffinityPreset.values
[INFO] Coalescing path $.volumePermissions.image.pullPolicy
[INFO] Coalescing path $.cluster.externalAccess.service.annotations
[INFO] Coalescing path $.cluster.externalAccess.service.disableLoadBalancerIP
[INFO] Coalescing path $.cluster.externalAccess.service.loadBalancerClass
[INFO] Coalescing path $.cluster.externalAccess.service.loadBalancerIP
[INFO] Coalescing path $.cluster.externalAccess.service.loadBalancerIPAnnotaion
[INFO] Coalescing path $.cluster.externalAccess.service.loadBalancerSourceRanges
[INFO] Coalescing path $.cluster.externalAccess.service.port
[INFO] Coalescing path $.cluster.externalAccess.service.type
[INFO] Coalescing path $.metrics.service.ports.appProtocol
[INFO] Coalescing path $.metrics.service.ports.http
[INFO] Coalescing path $.cluster.externalAccess.service.loadBalancerIP[*]
[INFO] Testing known inputs first; arbitrary extra-key cases are deferred
[INFO] Compiler input baseline: 175 statically named fields
[INFO] Render hashes (run-local): 32 observed, 31 unique, 1 duplicate bundles; 1 successful validations reused
[INFO] Testing deferred arbitrary-key and original-schema robustness cases
[INFO] Compiler input baseline: 175 statically named fields
[INFO] Render hashes (run-local): 101 observed, 101 unique, 0 duplicate bundles; 0 successful validations reused
[INFO] .: failed; 0 charts remain
