[INFO] Chart 1/1: .
[INFO] Finite filtering unavailable: permutations need closed objects at (); set additionalProperties: false; prioritizing known inputs before robustness sampling
[INFO] Coalescing path $.affinity
[INFO] Coalescing path $.allowEmptyPassword
[INFO] Coalescing path $.automountServiceAccountToken
[INFO] Coalescing path $.commonAnnotations
[INFO] Coalescing path $.commonLabels
[INFO] Coalescing path $.containerPort
[INFO] Coalescing path $.containerSecurityContext
[INFO] Coalescing path $.customLivenessProbe
[INFO] Coalescing path $.customPostInitScripts
[INFO] Coalescing path $.customReadinessProbe
[INFO] Coalescing path $.customStartupProbe
[INFO] Coalescing path $.databaseType
[INFO] Coalescing path $.existingSecret
[INFO] Coalescing path $.extraContainerPorts
[INFO] Coalescing path $.extraDeploy
[INFO] Coalescing path $.extraEnvVars
[INFO] Coalescing path $.extraEnvVarsCM
[INFO] Coalescing path $.extraEnvVarsSecret
[INFO] Coalescing path $.extraVolumeMounts
[INFO] Coalescing path $.extraVolumes
[INFO] Coalescing path $.global
[INFO] Coalescing path $.hostAliases
[INFO] Coalescing path $.image
[INFO] Coalescing path $.initContainers
[INFO] Coalescing path $.lifecycleHooks
[INFO] Coalescing path $.nodeSelector
[INFO] Coalescing path $.persistence
[INFO] Coalescing path $.podAffinityPreset
[INFO] Coalescing path $.podAnnotations
[INFO] Coalescing path $.podAntiAffinityPreset
[INFO] Coalescing path $.podLabels
[INFO] Coalescing path $.podSecurityContext
[INFO] Coalescing path $.priorityClassName
[INFO] Coalescing path $.redmineEmail
[INFO] Coalescing path $.redmineLanguage
[INFO] Coalescing path $.redmineUsername
[INFO] Coalescing path $.replicaCount
[INFO] Coalescing path $.resources
[INFO] Coalescing path $.schedulerName
[INFO] Coalescing path $.sidecars
[INFO] Coalescing path $.smtpHost
[INFO] Coalescing path $.smtpPassword
[INFO] Coalescing path $.smtpPort
[INFO] Coalescing path $.smtpTls
[INFO] Coalescing path $.smtpUser
[INFO] Coalescing path $.terminationGracePeriodSeconds
[INFO] Coalescing path $.tolerations
[INFO] Coalescing path $.topologySpreadConstraints
[INFO] Coalescing path $.updateStrategy
[INFO] Coalescing path $.usePasswordFiles
[INFO] Coalescing path $.certificates.image
[INFO] Coalescing path $.containerPorts.http
[INFO] Coalescing path $.containerPorts.https
[INFO] Coalescing path $.containerSecurityContext.enabled
[INFO] Coalescing path $.diagnosticMode.args
[INFO] Coalescing path $.diagnosticMode.command
[INFO] Coalescing path $.diagnosticMode.enabled
[INFO] Coalescing path $.externalDatabase.password
[INFO] Coalescing path $.extraDeploy[*]
[INFO] Coalescing path $.image.debug
[INFO] Coalescing path $.image.pullPolicy
[INFO] Coalescing path $.ingress.annotations
[INFO] Coalescing path $.ingress.certManager
[INFO] Coalescing path $.ingress.enabled
[INFO] Coalescing path $.ingress.extraHosts
[INFO] Coalescing path $.ingress.extraPaths
[INFO] Coalescing path $.ingress.extraRules
[INFO] Coalescing path $.ingress.extraTls
[INFO] Coalescing path $.ingress.hostname
[INFO] Coalescing path $.ingress.ingressClassName
[INFO] Coalescing path $.ingress.path
[INFO] Coalescing path $.ingress.pathType
[INFO] Coalescing path $.ingress.secrets
[INFO] Coalescing path $.ingress.selfSigned
[INFO] Coalescing path $.ingress.tls
[INFO] Coalescing path $.mailReceiver.affinity
[INFO] Coalescing path $.mailReceiver.allowOverride
[INFO] Coalescing path $.mailReceiver.assignedTo
[INFO] Coalescing path $.mailReceiver.category
[INFO] Coalescing path $.mailReceiver.containerSecurityContext
[INFO] Coalescing path $.mailReceiver.defaultGroup
[INFO] Coalescing path $.mailReceiver.enabled
[INFO] Coalescing path $.mailReceiver.extraEnvVars
[INFO] Coalescing path $.mailReceiver.extraEnvVarsCM
[INFO] Coalescing path $.mailReceiver.extraEnvVarsSecret
[INFO] Coalescing path $.mailReceiver.extraVolumeMounts
[INFO] Coalescing path $.mailReceiver.extraVolumes
[INFO] Coalescing path $.mailReceiver.host
[INFO] Coalescing path $.mailReceiver.imapFolder
[INFO] Coalescing path $.mailReceiver.initContainers
[INFO] Coalescing path $.mailReceiver.mailProtocol
[INFO] Coalescing path $.mailReceiver.moveOnFailure
[INFO] Coalescing path $.mailReceiver.moveOnSuccess
[INFO] Coalescing path $.mailReceiver.noAccountNotice
[INFO] Coalescing path $.mailReceiver.noPermissionCheck
[INFO] Coalescing path $.mailReceiver.nodeSelector
[INFO] Coalescing path $.mailReceiver.password
[INFO] Coalescing path $.mailReceiver.podAffinityPreset
[INFO] Coalescing path $.mailReceiver.podAnnotations
[INFO] Coalescing path $.mailReceiver.podAntiAffinityPreset
[INFO] Coalescing path $.mailReceiver.podSecurityContext
[INFO] Coalescing path $.mailReceiver.port
[INFO] Coalescing path $.mailReceiver.priority
[INFO] Coalescing path $.mailReceiver.priorityClassName
[INFO] Coalescing path $.mailReceiver.project
[INFO] Coalescing path $.mailReceiver.projectFromSubaddress
[INFO] Coalescing path $.mailReceiver.resources
[INFO] Coalescing path $.mailReceiver.schedule
[INFO] Coalescing path $.mailReceiver.sidecars
[INFO] Coalescing path $.mailReceiver.ssl
[INFO] Coalescing path $.mailReceiver.startTLS
[INFO] Coalescing path $.mailReceiver.status
[INFO] Coalescing path $.mailReceiver.suspend
[INFO] Coalescing path $.mailReceiver.tolerations
[INFO] Coalescing path $.mailReceiver.tracker
[INFO] Coalescing path $.mailReceiver.unknownUserAction
[INFO] Coalescing path $.mailReceiver.username
[INFO] Coalescing path $.mariadb.enabled
[INFO] Coalescing path $.networkPolicy.allowExternal
[INFO] Coalescing path $.networkPolicy.allowExternalEgress
[INFO] Coalescing path $.networkPolicy.enabled
[INFO] Coalescing path $.networkPolicy.extraEgress
[INFO] Coalescing path $.networkPolicy.extraIngress
[INFO] Coalescing path $.networkPolicy.ingressNSMatchLabels
[INFO] Coalescing path $.networkPolicy.ingressNSPodMatchLabels
[INFO] Coalescing path $.nodeAffinityPreset.key
[INFO] Coalescing path $.nodeAffinityPreset.type
[INFO] Coalescing path $.nodeAffinityPreset.values
[INFO] Coalescing path $.pdb.create
[INFO] Coalescing path $.pdb.maxUnavailable
[INFO] Coalescing path $.pdb.minAvailable
[INFO] Coalescing path $.persistence.accessMode
[INFO] Coalescing path $.persistence.accessModes
[INFO] Coalescing path $.persistence.annotations
[INFO] Coalescing path $.persistence.dataSource
[INFO] Coalescing path $.persistence.enabled
[INFO] Coalescing path $.persistence.existingClaim
[INFO] Coalescing path $.persistence.selector
[INFO] Coalescing path $.persistence.size
[INFO] Coalescing path $.podSecurityContext.enabled
[INFO] Coalescing path $.service.annotations
[INFO] Coalescing path $.service.clusterIP
[INFO] Coalescing path $.service.externalTrafficPolicy
[INFO] Coalescing path $.service.extraPorts
[INFO] Coalescing path $.service.loadBalancerIP
[INFO] Coalescing path $.service.loadBalancerSourceRanges
[INFO] Coalescing path $.service.nodePort
[INFO] Coalescing path $.service.port
[INFO] Coalescing path $.service.sessionAffinity
[INFO] Coalescing path $.service.sessionAffinityConfig
[INFO] Coalescing path $.service.type
[INFO] Coalescing path $.serviceAccount.annotations
[INFO] Coalescing path $.serviceAccount.automountServiceAccountToken
[INFO] Coalescing path $.serviceAccount.create
[INFO] Coalescing path $.volumePermissions.containerSecurityContext
[INFO] Coalescing path $.volumePermissions.enabled
[INFO] Coalescing path $.volumePermissions.resources
[INFO] Coalescing path $.extraContainerPorts[*].containerPort
[INFO] Coalescing path $.mailReceiver.containerSecurityContext.enabled
[INFO] Coalescing path $.mailReceiver.nodeAffinityPreset.key
[INFO] Coalescing path $.mailReceiver.nodeAffinityPreset.type
[INFO] Coalescing path $.mailReceiver.nodeAffinityPreset.values
[INFO] Coalescing path $.mailReceiver.podSecurityContext.enabled
[INFO] Coalescing path $.networkPolicy.ingressNSMatchLabels[*]
[INFO] Coalescing path $.networkPolicy.ingressNSPodMatchLabels[*]
[INFO] Coalescing path $.persistence.accessModes[*]
[INFO] Coalescing path $.service.nodePorts.http
[INFO] Coalescing path $.service.ports.http
[INFO] Coalescing path $.volumePermissions.containerSecurityContext.enabled
[INFO] Coalescing path $.ingress.extraHosts[*].name
[INFO] Coalescing path $.ingress.extraHosts[*].path
[INFO] Coalescing path $.ingress.extraHosts[*].pathType
[INFO] Coalescing path $.ingress.secrets[*].certificate
[INFO] Coalescing path $.ingress.secrets[*].key
[INFO] Coalescing path $.ingress.secrets[*].name
[INFO] Testing known inputs first; arbitrary extra-key cases are deferred
[INFO] Compiler input baseline: 157 statically named fields
[INFO] Render hashes (run-local): 68 observed, 68 unique, 0 duplicate bundles; 0 successful validations reused
[INFO] Testing deferred arbitrary-key and original-schema robustness cases
[INFO] Compiler input baseline: 157 statically named fields
[INFO] Render hashes (run-local): 364 observed, 364 unique, 0 duplicate bundles; 0 successful validations reused
[INFO] .: failed; 0 charts remain
