[INFO] Chart 1/1: .
[INFO] Finite filtering unavailable: permutations need closed objects at (); set additionalProperties: false; prioritizing known inputs before robustness sampling
[INFO] Coalescing path $.additionalNamespaces
[INFO] Coalescing path $.affinity
[INFO] Coalescing path $.args
[INFO] Coalescing path $.automountServiceAccountToken
[INFO] Coalescing path $.command
[INFO] Coalescing path $.commandArgs
[INFO] Coalescing path $.commonAnnotations
[INFO] Coalescing path $.commonLabels
[INFO] Coalescing path $.containerSecurityContext
[INFO] Coalescing path $.createController
[INFO] Coalescing path $.customLivenessProbe
[INFO] Coalescing path $.customReadinessProbe
[INFO] Coalescing path $.customStartupProbe
[INFO] Coalescing path $.extraDeploy
[INFO] Coalescing path $.extraEnvVars
[INFO] Coalescing path $.extraEnvVarsCM
[INFO] Coalescing path $.extraEnvVarsSecret
[INFO] Coalescing path $.extraVolumeMounts
[INFO] Coalescing path $.extraVolumes
[INFO] Coalescing path $.hostAliases
[INFO] Coalescing path $.image
[INFO] Coalescing path $.initContainers
[INFO] Coalescing path $.keyRenewPeriod
[INFO] Coalescing path $.lifecycleHooks
[INFO] Coalescing path $.logInfoStdout
[INFO] Coalescing path $.nodeSelector
[INFO] Coalescing path $.podAffinityPreset
[INFO] Coalescing path $.podAnnotations
[INFO] Coalescing path $.podAntiAffinityPreset
[INFO] Coalescing path $.podLabels
[INFO] Coalescing path $.podSecurityContext
[INFO] Coalescing path $.priorityClassName
[INFO] Coalescing path $.privateKeyAnnotations
[INFO] Coalescing path $.privateKeyLabels
[INFO] Coalescing path $.rateLimit
[INFO] Coalescing path $.rateLimitBurst
[INFO] Coalescing path $.resources
[INFO] Coalescing path $.revisionHistoryLimit
[INFO] Coalescing path $.schedulerName
[INFO] Coalescing path $.sidecars
[INFO] Coalescing path $.skipRecreate
[INFO] Coalescing path $.terminationGracePeriodSeconds
[INFO] Coalescing path $.tolerations
[INFO] Coalescing path $.topologySpreadConstraints
[INFO] Coalescing path $.updateStatus
[INFO] Coalescing path $.updateStrategy
[INFO] Coalescing path $.additionalNamespaces[*]
[INFO] Coalescing path $.commandArgs[*]
[INFO] Coalescing path $.containerPorts.http
[INFO] Coalescing path $.containerPorts.metrics
[INFO] Coalescing path $.containerSecurityContext.enabled
[INFO] Coalescing path $.extraDeploy[*]
[INFO] Coalescing path $.image.pullPolicy
[INFO] Coalescing path $.ingress.annotations
[INFO] Coalescing path $.ingress.enabled
[INFO] Coalescing path $.ingress.extraHosts
[INFO] Coalescing path $.ingress.extraPaths
[INFO] Coalescing path $.ingress.extraRules
[INFO] Coalescing path $.ingress.extraTls
[INFO] Coalescing path $.ingress.hostname
[INFO] Coalescing path $.ingress.ingressClassName
[INFO] Coalescing path $.ingress.path
[INFO] Coalescing path $.ingress.pathType
[INFO] Coalescing path $.ingress.secrets
[INFO] Coalescing path $.ingress.selfSigned
[INFO] Coalescing path $.ingress.tls
[INFO] Coalescing path $.metrics.enabled
[INFO] Coalescing path $.networkPolicy.allowExternal
[INFO] Coalescing path $.networkPolicy.enabled
[INFO] Coalescing path $.nodeAffinityPreset.key
[INFO] Coalescing path $.nodeAffinityPreset.type
[INFO] Coalescing path $.nodeAffinityPreset.values
[INFO] Coalescing path $.pdb.create
[INFO] Coalescing path $.pdb.maxUnavailable
[INFO] Coalescing path $.pdb.minAvailable
[INFO] Coalescing path $.podSecurityContext.enabled
[INFO] Coalescing path $.privateKeyAnnotations[*]
[INFO] Coalescing path $.privateKeyLabels[*]
[INFO] Coalescing path $.rbac.clusterRole
[INFO] Coalescing path $.rbac.create
[INFO] Coalescing path $.rbac.labels
[INFO] Coalescing path $.rbac.namespacedRoles
[INFO] Coalescing path $.rbac.pspEnabled
[INFO] Coalescing path $.service.annotations
[INFO] Coalescing path $.service.clusterIP
[INFO] Coalescing path $.service.externalTrafficPolicy
[INFO] Coalescing path $.service.extraPorts
[INFO] Coalescing path $.service.loadBalancerClass
[INFO] Coalescing path $.service.loadBalancerIP
[INFO] Coalescing path $.service.loadBalancerSourceRanges
[INFO] Coalescing path $.service.sessionAffinity
[INFO] Coalescing path $.service.sessionAffinityConfig
[INFO] Coalescing path $.service.type
[INFO] Coalescing path $.serviceAccount.annotations
[INFO] Coalescing path $.serviceAccount.automountServiceAccountToken
[INFO] Coalescing path $.serviceAccount.create
[INFO] Coalescing path $.metrics.service.annotations
[INFO] Coalescing path $.metrics.service.externalTrafficPolicy
[INFO] Coalescing path $.metrics.service.extraPorts
[INFO] Coalescing path $.metrics.service.loadBalancerIP
[INFO] Coalescing path $.metrics.service.loadBalancerSourceRanges
[INFO] Coalescing path $.metrics.service.type
[INFO] Coalescing path $.metrics.serviceMonitor.annotations
[INFO] Coalescing path $.metrics.serviceMonitor.enabled
[INFO] Coalescing path $.metrics.serviceMonitor.honorLabels
[INFO] Coalescing path $.metrics.serviceMonitor.interval
[INFO] Coalescing path $.metrics.serviceMonitor.jobLabel
[INFO] Coalescing path $.metrics.serviceMonitor.labels
[INFO] Coalescing path $.metrics.serviceMonitor.metricRelabelings
[INFO] Coalescing path $.metrics.serviceMonitor.namespace
[INFO] Coalescing path $.metrics.serviceMonitor.relabelings
[INFO] Coalescing path $.metrics.serviceMonitor.scrapeTimeout
[INFO] Coalescing path $.metrics.serviceMonitor.selector
[INFO] Coalescing path $.rbac.keyAdmin.rules
[INFO] Coalescing path $.rbac.serviceProxier.rules
[INFO] Coalescing path $.rbac.unsealer.rules
[INFO] Coalescing path $.service.nodePorts.http
[INFO] Coalescing path $.service.ports.http
[INFO] Coalescing path $.service.ports.name
[INFO] Coalescing path $.ingress.extraHosts[*].name
[INFO] Coalescing path $.ingress.extraHosts[*].path
[INFO] Coalescing path $.ingress.extraHosts[*].pathType
[INFO] Coalescing path $.ingress.secrets[*].certificate
[INFO] Coalescing path $.ingress.secrets[*].key
[INFO] Coalescing path $.ingress.secrets[*].name
[INFO] Coalescing path $.metrics.service.ports.metrics
[INFO] Coalescing path $.metrics.serviceMonitor.port.name
[INFO] Coalescing path $.metrics.serviceMonitor.port.number
[INFO] Testing known inputs first; arbitrary extra-key cases are deferred
[INFO] Compiler input baseline: 114 statically named fields
[INFO] Render hashes (run-local): 33 observed, 13 unique, 20 duplicate bundles; 20 successful validations reused
[INFO] Testing deferred arbitrary-key and original-schema robustness cases
[INFO] Compiler input baseline: 114 statically named fields
[INFO] Render hashes (run-local): 101 observed, 1 unique, 100 duplicate bundles; 100 successful validations reused
[INFO] .: failed; 0 charts remain
