[INFO] Auditing path $.crds.alertmanagerconfigs
[INFO] Auditing path $.crds.alertmanagerconfigs.enabled
[INFO] Auditing path $.crds.alertmanagers
[INFO] Auditing path $.crds.alertmanagers.enabled
[INFO] Auditing path $.crds.annotations
[INFO] Auditing path $.crds.podmonitors
[INFO] Auditing path $.crds.podmonitors.enabled
[INFO] Auditing path $.crds.probes
[INFO] Auditing path $.crds.probes.enabled
[INFO] Auditing path $.crds.prometheusagents
[INFO] Auditing path $.crds.prometheusagents.enabled
[INFO] Auditing path $.crds.prometheuses
[INFO] Auditing path $.crds.prometheuses.enabled
[INFO] Auditing path $.crds.prometheusrules
[INFO] Auditing path $.crds.prometheusrules.enabled
[INFO] Auditing path $.crds.scrapeconfigs
[INFO] Auditing path $.crds.scrapeconfigs.enabled
[INFO] Auditing path $.crds.servicemonitors
[INFO] Auditing path $.crds.servicemonitors.enabled
[INFO] Auditing path $.crds.thanosrulers
[INFO] Auditing path $.crds.thanosrulers.enabled
[INFO] Auditing path $.crds
