[INFO] Auditing path $.applicationSet.affinity
[INFO] Auditing path $.applicationSet.args
[INFO] Auditing path $.applicationSet.clusterAdminAccess
[INFO] Auditing path $.applicationSet.clusterRoleRules
[INFO] Auditing path $.applicationSet.command
[INFO] Auditing path $.applicationSet.containerPorts
[INFO] Auditing path $.applicationSet.containerPorts.metrics
[INFO] Auditing path $.applicationSet.containerPorts.probe
[INFO] Auditing path $.applicationSet.containerSecurityContext
[INFO] Auditing path $.applicationSet.containerSecurityContext.allowPrivilegeEscalation
[INFO] Auditing path $.applicationSet.containerSecurityContext.capabilities
[INFO] Auditing path $.applicationSet.containerSecurityContext.capabilities.drop
[INFO] Auditing path $.applicationSet.containerSecurityContext.enabled
[INFO] Auditing path $.applicationSet.containerSecurityContext.privileged
[INFO] Auditing path $.applicationSet.containerSecurityContext.readOnlyRootFilesystem
[INFO] Auditing path $.applicationSet.containerSecurityContext.runAsGroup
[INFO] Auditing path $.applicationSet.containerSecurityContext.runAsNonRoot
[INFO] Auditing path $.applicationSet.containerSecurityContext.runAsUser
[INFO] Auditing path $.applicationSet.containerSecurityContext.seLinuxOptions
[INFO] Auditing path $.applicationSet.containerSecurityContext.seccompProfile
[INFO] Auditing path $.applicationSet.containerSecurityContext.seccompProfile.type
[INFO] Auditing path $.applicationSet.customLivenessProbe
[INFO] Auditing path $.applicationSet.customReadinessProbe
[INFO] Auditing path $.applicationSet.defaultArgs
[INFO] Auditing path $.applicationSet.defaultArgs.debug
[INFO] Auditing path $.applicationSet.defaultArgs.dryRun
[INFO] Auditing path $.applicationSet.defaultArgs.enableLeaderElection
[INFO] Auditing path $.applicationSet.defaultArgs.policy
[INFO] Auditing path $.applicationSet.enabled
[INFO] Auditing path $.applicationSet.extraArgs
[INFO] Auditing path $.applicationSet.extraEnvVars
[INFO] Auditing path $.applicationSet.extraEnvVarsCM
[INFO] Auditing path $.applicationSet.extraEnvVarsSecret
[INFO] Auditing path $.applicationSet.extraVolumeMounts
[INFO] Auditing path $.applicationSet.extraVolumes
[INFO] Auditing path $.applicationSet.livenessProbe
[INFO] Auditing path $.applicationSet.livenessProbe.enabled
[INFO] Auditing path $.applicationSet.livenessProbe.failureThreshold
[INFO] Auditing path $.applicationSet.livenessProbe.initialDelaySeconds
[INFO] Auditing path $.applicationSet.livenessProbe.periodSeconds
[INFO] Auditing path $.applicationSet.livenessProbe.successThreshold
[INFO] Auditing path $.applicationSet.livenessProbe.timeoutSeconds
[INFO] Auditing path $.applicationSet.logFormat
[INFO] Auditing path $.applicationSet.logLevel
[INFO] Auditing path $.applicationSet.metrics
[INFO] Auditing path $.applicationSet.metrics.enabled
[INFO] Auditing path $.applicationSet.metrics.service
[INFO] Auditing path $.applicationSet.metrics.service.annotations
[INFO] Auditing path $.applicationSet.metrics.service.clusterIP
[INFO] Auditing path $.applicationSet.metrics.service.externalTrafficPolicy
[INFO] Auditing path $.applicationSet.metrics.service.loadBalancerIP
[INFO] Auditing path $.applicationSet.metrics.service.loadBalancerSourceRanges
[INFO] Auditing path $.applicationSet.metrics.service.nodePort
[INFO] Auditing path $.applicationSet.metrics.service.nodePorts
[INFO] Auditing path $.applicationSet.metrics.service.nodePorts.metrics
[INFO] Auditing path $.applicationSet.metrics.service.port
[INFO] Auditing path $.applicationSet.metrics.service.ports
[INFO] Auditing path $.applicationSet.metrics.service.ports.metrics
[INFO] Auditing path $.applicationSet.metrics.service.sessionAffinity
[INFO] Auditing path $.applicationSet.metrics.service.sessionAffinityConfig
[INFO] Auditing path $.applicationSet.metrics.service.type
[INFO] Auditing path $.applicationSet.metrics.serviceMonitor
[INFO] Auditing path $.applicationSet.metrics.serviceMonitor.enabled
[INFO] Auditing path $.applicationSet.metrics.serviceMonitor.honorLabels
[INFO] Auditing path $.applicationSet.metrics.serviceMonitor.interval
[INFO] Auditing path $.applicationSet.metrics.serviceMonitor.jobLabel
[INFO] Auditing path $.applicationSet.metrics.serviceMonitor.metricRelabelings
[INFO] Auditing path $.applicationSet.metrics.serviceMonitor.namespace
[INFO] Auditing path $.applicationSet.metrics.serviceMonitor.relabelings
[INFO] Auditing path $.applicationSet.metrics.serviceMonitor.scrapeTimeout
[INFO] Auditing path $.applicationSet.metrics.serviceMonitor.selector
[INFO] Auditing path $.applicationSet.networkPolicy
[INFO] Auditing path $.applicationSet.networkPolicy.allowExternal
[INFO] Auditing path $.applicationSet.networkPolicy.allowExternalEgress
[INFO] Auditing path $.applicationSet.networkPolicy.enabled
[INFO] Auditing path $.applicationSet.networkPolicy.extraEgress
[INFO] Auditing path $.applicationSet.networkPolicy.extraIngress
[INFO] Auditing path $.applicationSet.networkPolicy.ingressNSMatchLabels
[INFO] Auditing path $.applicationSet.networkPolicy.ingressNSMatchLabels[*]
[INFO] Auditing path $.applicationSet.networkPolicy.ingressNSPodMatchLabels
[INFO] Auditing path $.applicationSet.networkPolicy.ingressNSPodMatchLabels[*]
[INFO] Auditing path $.applicationSet.networkPolicy.kubeAPIServerPorts
[INFO] Auditing path $.applicationSet.networkPolicy.kubeAPIServerPorts[*]
[INFO] Auditing path $.applicationSet.nodeAffinityPreset
[INFO] Auditing path $.applicationSet.nodeAffinityPreset.key
[INFO] Auditing path $.applicationSet.nodeAffinityPreset.type
[INFO] Auditing path $.applicationSet.nodeAffinityPreset.values
[INFO] Auditing path $.applicationSet.nodeSelector
[INFO] Auditing path $.applicationSet.pdb
[INFO] Auditing path $.applicationSet.pdb.create
[INFO] Auditing path $.applicationSet.pdb.maxUnavailable
[INFO] Auditing path $.applicationSet.pdb.minAvailable
[INFO] Auditing path $.applicationSet.podAffinityPreset
[INFO] Auditing path $.applicationSet.podAnnotations
[INFO] Auditing path $.applicationSet.podAntiAffinityPreset
[INFO] Auditing path $.applicationSet.podLabels
[INFO] Auditing path $.applicationSet.podSecurityContext
[INFO] Auditing path $.applicationSet.podSecurityContext.enabled
[INFO] Auditing path $.applicationSet.podSecurityContext.fsGroup
[INFO] Auditing path $.applicationSet.podSecurityContext.fsGroupChangePolicy
[INFO] Auditing path $.applicationSet.podSecurityContext.supplementalGroups
[INFO] Auditing path $.applicationSet.podSecurityContext.sysctls
[INFO] Auditing path $.applicationSet.priorityClassName
[INFO] Auditing path $.applicationSet.readinessProbe
[INFO] Auditing path $.applicationSet.readinessProbe.enabled
[INFO] Auditing path $.applicationSet.readinessProbe.failureThreshold
[INFO] Auditing path $.applicationSet.readinessProbe.initialDelaySeconds
[INFO] Auditing path $.applicationSet.readinessProbe.periodSeconds
[INFO] Auditing path $.applicationSet.readinessProbe.successThreshold
[INFO] Auditing path $.applicationSet.readinessProbe.timeoutSeconds
[INFO] Auditing path $.applicationSet.replicaCount
[INFO] Auditing path $.applicationSet.resources
[INFO] Auditing path $.applicationSet.resourcesPreset
[INFO] Auditing path $.applicationSet.service
[INFO] Auditing path $.applicationSet.service.annotations
[INFO] Auditing path $.applicationSet.service.clusterIP
[INFO] Auditing path $.applicationSet.service.externalTrafficPolicy
[INFO] Auditing path $.applicationSet.service.extraPorts
[INFO] Auditing path $.applicationSet.service.loadBalancerIP
[INFO] Auditing path $.applicationSet.service.loadBalancerSourceRanges
[INFO] Auditing path $.applicationSet.service.nodePort
[INFO] Auditing path $.applicationSet.service.nodePorts
[INFO] Auditing path $.applicationSet.service.nodePorts.webhook
[INFO] Auditing path $.applicationSet.service.port
[INFO] Auditing path $.applicationSet.service.ports
[INFO] Auditing path $.applicationSet.service.ports.webhook
[INFO] Auditing path $.applicationSet.service.sessionAffinity
[INFO] Auditing path $.applicationSet.service.sessionAffinityConfig
[INFO] Auditing path $.applicationSet.service.type
[INFO] Auditing path $.applicationSet.serviceAccount
[INFO] Auditing path $.applicationSet.serviceAccount.annotations
[INFO] Auditing path $.applicationSet.serviceAccount.automountServiceAccountToken
[INFO] Auditing path $.applicationSet.serviceAccount.create
[INFO] Auditing path $.applicationSet.serviceAccount.name
[INFO] Auditing path $.applicationSet.tolerations
[INFO] Auditing path $.applicationSet.updateStrategy
[INFO] Auditing path $.applicationSet.updateStrategy.type
[INFO] Auditing path $.applicationSet.webhook
[INFO] Auditing path $.applicationSet.webhook.ingress
[INFO] Auditing path $.applicationSet.webhook.ingress.annotations
[INFO] Auditing path $.applicationSet.webhook.ingress.certManager
[INFO] Auditing path $.applicationSet.webhook.ingress.enabled
[INFO] Auditing path $.applicationSet.webhook.ingress.extraHosts
[INFO] Auditing path $.applicationSet.webhook.ingress.extraHosts[*].name
[INFO] Auditing path $.applicationSet.webhook.ingress.extraHosts[*].path
[INFO] Auditing path $.applicationSet.webhook.ingress.extraHosts[*].pathType
[INFO] Auditing path $.applicationSet.webhook.ingress.extraPaths
[INFO] Auditing path $.applicationSet.webhook.ingress.extraTls
[INFO] Auditing path $.applicationSet.webhook.ingress.hostname
[INFO] Auditing path $.applicationSet.webhook.ingress.ingressClassName
[INFO] Auditing path $.applicationSet.webhook.ingress.labels
[INFO] Auditing path $.applicationSet.webhook.ingress.path
[INFO] Auditing path $.applicationSet.webhook.ingress.pathType
[INFO] Auditing path $.applicationSet.webhook.ingress.tls
[INFO] Auditing path $.applicationSet
[INFO] Auditing path $.clusterDomain
[INFO] Auditing path $.commonAnnotations
[INFO] Auditing path $.commonLabels
[INFO] Auditing path $.config.clusterCredentials
[INFO] Auditing path $.config.clusterCredentials[*].config
[INFO] Auditing path $.config.clusterCredentials[*].name
[INFO] Auditing path $.config.clusterCredentials[*].namespaces
[INFO] Auditing path $.config.clusterCredentials[*].server
[INFO] Auditing path $.config.createExtraKnownHosts
[INFO] Auditing path $.config.existingStylesConfigmap
[INFO] Auditing path $.config.extraKnownHosts
[INFO] Auditing path $.config.gpgKeys
[INFO] Auditing path $.config.knownHosts
[INFO] Auditing path $.config.rbac
[INFO] Auditing path $.config.secret
[INFO] Auditing path $.config.secret.annotations
[INFO] Auditing path $.config.secret.argocdServerAdminPassword
[INFO] Auditing path $.config.secret.argocdServerAdminPasswordMtime
[INFO] Auditing path $.config.secret.argocdServerTlsConfig
[INFO] Auditing path $.config.secret.argocdServerTlsConfig.crt
[INFO] Auditing path $.config.secret.argocdServerTlsConfig.key
[INFO] Auditing path $.config.secret.bitbucketServerSecret
[INFO] Auditing path $.config.secret.bitbucketUUID
[INFO] Auditing path $.config.secret.create
[INFO] Auditing path $.config.secret.extra
[INFO] Auditing path $.config.secret.extra[*]
[INFO] Auditing path $.config.secret.githubSecret
[INFO] Auditing path $.config.secret.gitlabSecret
[INFO] Auditing path $.config.secret.gogsSecret
[INFO] Auditing path $.config.secret.repositoryCredentials
[INFO] Auditing path $.config.secret.repositoryCredentials[*]
[INFO] Auditing path $.config.styles
[INFO] Auditing path $.config.tlsCerts
[INFO] Auditing path $.config
[INFO] Auditing path $.controller.affinity
[INFO] Auditing path $.controller.args
[INFO] Auditing path $.controller.automountServiceAccountToken
[INFO] Auditing path $.controller.clusterAdminAccess
[INFO] Auditing path $.controller.clusterRoleRules
[INFO] Auditing path $.controller.command
[INFO] Auditing path $.controller.containerPorts
[INFO] Auditing path $.controller.containerPorts.metrics
[INFO] Auditing path $.controller.containerSecurityContext
[INFO] Auditing path $.controller.containerSecurityContext.allowPrivilegeEscalation
[INFO] Auditing path $.controller.containerSecurityContext.capabilities
[INFO] Auditing path $.controller.containerSecurityContext.capabilities.drop
[INFO] Auditing path $.controller.containerSecurityContext.enabled
[INFO] Auditing path $.controller.containerSecurityContext.privileged
[INFO] Auditing path $.controller.containerSecurityContext.readOnlyRootFilesystem
[INFO] Auditing path $.controller.containerSecurityContext.runAsGroup
[INFO] Auditing path $.controller.containerSecurityContext.runAsNonRoot
[INFO] Auditing path $.controller.containerSecurityContext.runAsUser
[INFO] Auditing path $.controller.containerSecurityContext.seLinuxOptions
[INFO] Auditing path $.controller.containerSecurityContext.seccompProfile
[INFO] Auditing path $.controller.containerSecurityContext.seccompProfile.type
[INFO] Auditing path $.controller.customLivenessProbe
[INFO] Auditing path $.controller.customReadinessProbe
[INFO] Auditing path $.controller.customStartupProbe
[INFO] Auditing path $.controller.defaultArgs
[INFO] Auditing path $.controller.defaultArgs.appResyncPeriod
[INFO] Auditing path $.controller.defaultArgs.operationProcessors
[INFO] Auditing path $.controller.defaultArgs.selfHealTimeout
[INFO] Auditing path $.controller.defaultArgs.statusProcessors
[INFO] Auditing path $.controller.dynamicClusterDistribution
[INFO] Auditing path $.controller.dynamicClusterDistribution.enabled
[INFO] Auditing path $.controller.dynamicClusterDistribution.heartbeatDuration
[INFO] Auditing path $.controller.extraArgs
[INFO] Auditing path $.controller.extraEnvVars
[INFO] Auditing path $.controller.extraEnvVarsCM
[INFO] Auditing path $.controller.extraEnvVarsSecret
[INFO] Auditing path $.controller.extraVolumeMounts
[INFO] Auditing path $.controller.extraVolumes
[INFO] Auditing path $.controller.hostAliases
[INFO] Auditing path $.controller.initContainers
[INFO] Auditing path $.controller.kind
[INFO] Auditing path $.controller.lifecycleHooks
[INFO] Auditing path $.controller.livenessProbe
[INFO] Auditing path $.controller.livenessProbe.enabled
[INFO] Auditing path $.controller.livenessProbe.failureThreshold
[INFO] Auditing path $.controller.livenessProbe.initialDelaySeconds
[INFO] Auditing path $.controller.livenessProbe.periodSeconds
[INFO] Auditing path $.controller.livenessProbe.successThreshold
[INFO] Auditing path $.controller.livenessProbe.timeoutSeconds
[INFO] Auditing path $.controller.logFormat
[INFO] Auditing path $.controller.logLevel
[INFO] Auditing path $.controller.metrics
[INFO] Auditing path $.controller.metrics.enabled
[INFO] Auditing path $.controller.metrics.rules
[INFO] Auditing path $.controller.metrics.rules.additionalLabels
[INFO] Auditing path $.controller.metrics.rules.enabled
[INFO] Auditing path $.controller.metrics.rules.namespace
[INFO] Auditing path $.controller.metrics.rules.selector
[INFO] Auditing path $.controller.metrics.rules.spec
[INFO] Auditing path $.controller.metrics.service
[INFO] Auditing path $.controller.metrics.service.annotations
[INFO] Auditing path $.controller.metrics.service.clusterIP
[INFO] Auditing path $.controller.metrics.service.externalTrafficPolicy
[INFO] Auditing path $.controller.metrics.service.loadBalancerIP
[INFO] Auditing path $.controller.metrics.service.loadBalancerSourceRanges
[INFO] Auditing path $.controller.metrics.service.nodePort
[INFO] Auditing path $.controller.metrics.service.nodePorts
[INFO] Auditing path $.controller.metrics.service.nodePorts.metrics
[INFO] Auditing path $.controller.metrics.service.port
[INFO] Auditing path $.controller.metrics.service.ports
[INFO] Auditing path $.controller.metrics.service.ports.metrics
[INFO] Auditing path $.controller.metrics.service.sessionAffinity
[INFO] Auditing path $.controller.metrics.service.sessionAffinityConfig
[INFO] Auditing path $.controller.metrics.service.type
[INFO] Auditing path $.controller.metrics.serviceMonitor
[INFO] Auditing path $.controller.metrics.serviceMonitor.enabled
[INFO] Auditing path $.controller.metrics.serviceMonitor.honorLabels
[INFO] Auditing path $.controller.metrics.serviceMonitor.interval
[INFO] Auditing path $.controller.metrics.serviceMonitor.jobLabel
[INFO] Auditing path $.controller.metrics.serviceMonitor.metricRelabelings
[INFO] Auditing path $.controller.metrics.serviceMonitor.namespace
[INFO] Auditing path $.controller.metrics.serviceMonitor.relabelings
[INFO] Auditing path $.controller.metrics.serviceMonitor.scrapeTimeout
[INFO] Auditing path $.controller.metrics.serviceMonitor.selector
[INFO] Auditing path $.controller.networkPolicy
[INFO] Auditing path $.controller.networkPolicy.allowExternal
[INFO] Auditing path $.controller.networkPolicy.allowExternalEgress
[INFO] Auditing path $.controller.networkPolicy.enabled
[INFO] Auditing path $.controller.networkPolicy.extraEgress
[INFO] Auditing path $.controller.networkPolicy.extraIngress
[INFO] Auditing path $.controller.networkPolicy.ingressNSMatchLabels
[INFO] Auditing path $.controller.networkPolicy.ingressNSMatchLabels[*]
[INFO] Auditing path $.controller.networkPolicy.ingressNSPodMatchLabels
[INFO] Auditing path $.controller.networkPolicy.ingressNSPodMatchLabels[*]
[INFO] Auditing path $.controller.networkPolicy.kubeAPIServerPorts
[INFO] Auditing path $.controller.networkPolicy.kubeAPIServerPorts[*]
[INFO] Auditing path $.controller.nodeAffinityPreset
[INFO] Auditing path $.controller.nodeAffinityPreset.key
[INFO] Auditing path $.controller.nodeAffinityPreset.type
[INFO] Auditing path $.controller.nodeAffinityPreset.values
[INFO] Auditing path $.controller.nodeSelector
[INFO] Auditing path $.controller.pdb
[INFO] Auditing path $.controller.pdb.create
[INFO] Auditing path $.controller.pdb.maxUnavailable
[INFO] Auditing path $.controller.pdb.minAvailable
[INFO] Auditing path $.controller.podAffinityPreset
[INFO] Auditing path $.controller.podAnnotations
[INFO] Auditing path $.controller.podAntiAffinityPreset
[INFO] Auditing path $.controller.podLabels
[INFO] Auditing path $.controller.podManagementPolicy
[INFO] Auditing path $.controller.podSecurityContext
[INFO] Auditing path $.controller.podSecurityContext.enabled
[INFO] Auditing path $.controller.podSecurityContext.fsGroup
[INFO] Auditing path $.controller.podSecurityContext.fsGroupChangePolicy
[INFO] Auditing path $.controller.podSecurityContext.supplementalGroups
[INFO] Auditing path $.controller.podSecurityContext.sysctls
[INFO] Auditing path $.controller.priorityClassName
[INFO] Auditing path $.controller.readinessProbe
[INFO] Auditing path $.controller.readinessProbe.enabled
[INFO] Auditing path $.controller.readinessProbe.failureThreshold
[INFO] Auditing path $.controller.readinessProbe.initialDelaySeconds
[INFO] Auditing path $.controller.readinessProbe.periodSeconds
[INFO] Auditing path $.controller.readinessProbe.successThreshold
[INFO] Auditing path $.controller.readinessProbe.timeoutSeconds
[INFO] Auditing path $.controller.replicaCount
[INFO] Auditing path $.controller.resources
[INFO] Auditing path $.controller.resourcesPreset
[INFO] Auditing path $.controller.runtimeClassName
[INFO] Auditing path $.controller.schedulerName
[INFO] Auditing path $.controller.service
[INFO] Auditing path $.controller.service.annotations
[INFO] Auditing path $.controller.service.clusterIP
[INFO] Auditing path $.controller.service.externalTrafficPolicy
[INFO] Auditing path $.controller.service.extraPorts
[INFO] Auditing path $.controller.service.loadBalancerIP
[INFO] Auditing path $.controller.service.loadBalancerSourceRanges
[INFO] Auditing path $.controller.service.nodePort
[INFO] Auditing path $.controller.service.nodePorts
[INFO] Auditing path $.controller.service.nodePorts.metrics
[INFO] Auditing path $.controller.service.port
[INFO] Auditing path $.controller.service.ports
[INFO] Auditing path $.controller.service.ports.metrics
[INFO] Auditing path $.controller.service.sessionAffinity
[INFO] Auditing path $.controller.service.sessionAffinityConfig
[INFO] Auditing path $.controller.service.type
[INFO] Auditing path $.controller.serviceAccount
[INFO] Auditing path $.controller.serviceAccount.annotations
[INFO] Auditing path $.controller.serviceAccount.automountServiceAccountToken
[INFO] Auditing path $.controller.serviceAccount.create
[INFO] Auditing path $.controller.serviceAccount.name
[INFO] Auditing path $.controller.shareProcessNamespace
[INFO] Auditing path $.controller.sidecars
[INFO] Auditing path $.controller.startupProbe
[INFO] Auditing path $.controller.startupProbe.enabled
[INFO] Auditing path $.controller.startupProbe.failureThreshold
[INFO] Auditing path $.controller.startupProbe.initialDelaySeconds
[INFO] Auditing path $.controller.startupProbe.periodSeconds
[INFO] Auditing path $.controller.startupProbe.successThreshold
[INFO] Auditing path $.controller.startupProbe.timeoutSeconds
[INFO] Auditing path $.controller.tolerations
[INFO] Auditing path $.controller.topologySpreadConstraints
[INFO] Auditing path $.controller.updateStrategy
[INFO] Auditing path $.controller.updateStrategy.type
[INFO] Auditing path $.controller
[INFO] Auditing path $.dex.affinity
[INFO] Auditing path $.dex.args
[INFO] Auditing path $.dex.automountServiceAccountToken
[INFO] Auditing path $.dex.command
[INFO] Auditing path $.dex.containerPorts
[INFO] Auditing path $.dex.containerPorts.grpc
[INFO] Auditing path $.dex.containerPorts.http
[INFO] Auditing path $.dex.containerPorts.metrics
[INFO] Auditing path $.dex.containerSecurityContext
[INFO] Auditing path $.dex.containerSecurityContext.allowPrivilegeEscalation
[INFO] Auditing path $.dex.containerSecurityContext.capabilities
[INFO] Auditing path $.dex.containerSecurityContext.capabilities.drop
[INFO] Auditing path $.dex.containerSecurityContext.enabled
[INFO] Auditing path $.dex.containerSecurityContext.privileged
[INFO] Auditing path $.dex.containerSecurityContext.readOnlyRootFilesystem
[INFO] Auditing path $.dex.containerSecurityContext.runAsGroup
[INFO] Auditing path $.dex.containerSecurityContext.runAsNonRoot
[INFO] Auditing path $.dex.containerSecurityContext.runAsUser
[INFO] Auditing path $.dex.containerSecurityContext.seLinuxOptions
[INFO] Auditing path $.dex.containerSecurityContext.seccompProfile
[INFO] Auditing path $.dex.containerSecurityContext.seccompProfile.type
[INFO] Auditing path $.dex.customLivenessProbe
[INFO] Auditing path $.dex.customReadinessProbe
[INFO] Auditing path $.dex.customStartupProbe
[INFO] Auditing path $.dex.enabled
[INFO] Auditing path $.dex.extraArgs
[INFO] Auditing path $.dex.extraEnvVars
[INFO] Auditing path $.dex.extraEnvVarsCM
[INFO] Auditing path $.dex.extraEnvVarsSecret
[INFO] Auditing path $.dex.extraVolumeMounts
[INFO] Auditing path $.dex.extraVolumes
[INFO] Auditing path $.dex.hostAliases
[INFO] Auditing path $.dex.image
[INFO] Auditing path $.dex.image.debug
[INFO] Auditing path $.dex.image.digest
[INFO] Auditing path $.dex.image.pullPolicy
[INFO] Auditing path $.dex.image.pullSecrets
[INFO] Auditing path $.dex.image.registry
[INFO] Auditing path $.dex.image.repository
[INFO] Auditing path $.dex.image.tag
[INFO] Auditing path $.dex.initContainers
[INFO] Auditing path $.dex.lifecycleHooks
[INFO] Auditing path $.dex.livenessProbe
[INFO] Auditing path $.dex.livenessProbe.enabled
[INFO] Auditing path $.dex.livenessProbe.failureThreshold
[INFO] Auditing path $.dex.livenessProbe.initialDelaySeconds
[INFO] Auditing path $.dex.livenessProbe.periodSeconds
[INFO] Auditing path $.dex.livenessProbe.successThreshold
[INFO] Auditing path $.dex.livenessProbe.timeoutSeconds
[INFO] Auditing path $.dex.metrics
[INFO] Auditing path $.dex.metrics.enabled
[INFO] Auditing path $.dex.metrics.service
[INFO] Auditing path $.dex.metrics.service.annotations
[INFO] Auditing path $.dex.metrics.service.clusterIP
[INFO] Auditing path $.dex.metrics.service.externalTrafficPolicy
[INFO] Auditing path $.dex.metrics.service.loadBalancerIP
[INFO] Auditing path $.dex.metrics.service.loadBalancerSourceRanges
[INFO] Auditing path $.dex.metrics.service.nodePort
[INFO] Auditing path $.dex.metrics.service.nodePorts
[INFO] Auditing path $.dex.metrics.service.nodePorts.metrics
[INFO] Auditing path $.dex.metrics.service.port
[INFO] Auditing path $.dex.metrics.service.ports
[INFO] Auditing path $.dex.metrics.service.ports.metrics
[INFO] Auditing path $.dex.metrics.service.sessionAffinity
[INFO] Auditing path $.dex.metrics.service.sessionAffinityConfig
[INFO] Auditing path $.dex.metrics.service.type
[INFO] Auditing path $.dex.metrics.serviceMonitor
[INFO] Auditing path $.dex.metrics.serviceMonitor.enabled
[INFO] Auditing path $.dex.metrics.serviceMonitor.honorLabels
[INFO] Auditing path $.dex.metrics.serviceMonitor.interval
[INFO] Auditing path $.dex.metrics.serviceMonitor.jobLabel
[INFO] Auditing path $.dex.metrics.serviceMonitor.metricRelabelings
[INFO] Auditing path $.dex.metrics.serviceMonitor.namespace
[INFO] Auditing path $.dex.metrics.serviceMonitor.relabelings
[INFO] Auditing path $.dex.metrics.serviceMonitor.scrapeTimeout
[INFO] Auditing path $.dex.metrics.serviceMonitor.selector
[INFO] Auditing path $.dex.networkPolicy
[INFO] Auditing path $.dex.networkPolicy.allowExternal
[INFO] Auditing path $.dex.networkPolicy.allowExternalEgress
[INFO] Auditing path $.dex.networkPolicy.enabled
[INFO] Auditing path $.dex.networkPolicy.extraEgress
[INFO] Auditing path $.dex.networkPolicy.extraIngress
[INFO] Auditing path $.dex.networkPolicy.ingressNSMatchLabels
[INFO] Auditing path $.dex.networkPolicy.ingressNSMatchLabels[*]
[INFO] Auditing path $.dex.networkPolicy.ingressNSPodMatchLabels
[INFO] Auditing path $.dex.networkPolicy.ingressNSPodMatchLabels[*]
[INFO] Auditing path $.dex.networkPolicy.kubeAPIServerPorts
[INFO] Auditing path $.dex.networkPolicy.kubeAPIServerPorts[*]
[INFO] Auditing path $.dex.nodeAffinityPreset
[INFO] Auditing path $.dex.nodeAffinityPreset.key
[INFO] Auditing path $.dex.nodeAffinityPreset.type
[INFO] Auditing path $.dex.nodeAffinityPreset.values
[INFO] Auditing path $.dex.nodeSelector
[INFO] Auditing path $.dex.pdb
[INFO] Auditing path $.dex.pdb.create
[INFO] Auditing path $.dex.pdb.maxUnavailable
[INFO] Auditing path $.dex.pdb.minAvailable
[INFO] Auditing path $.dex.podAffinityPreset
[INFO] Auditing path $.dex.podAnnotations
[INFO] Auditing path $.dex.podAntiAffinityPreset
[INFO] Auditing path $.dex.podLabels
[INFO] Auditing path $.dex.podSecurityContext
[INFO] Auditing path $.dex.podSecurityContext.enabled
[INFO] Auditing path $.dex.podSecurityContext.fsGroup
[INFO] Auditing path $.dex.podSecurityContext.fsGroupChangePolicy
[INFO] Auditing path $.dex.podSecurityContext.supplementalGroups
[INFO] Auditing path $.dex.podSecurityContext.sysctls
[INFO] Auditing path $.dex.priorityClassName
[INFO] Auditing path $.dex.readinessProbe
[INFO] Auditing path $.dex.readinessProbe.enabled
[INFO] Auditing path $.dex.readinessProbe.failureThreshold
[INFO] Auditing path $.dex.readinessProbe.initialDelaySeconds
[INFO] Auditing path $.dex.readinessProbe.periodSeconds
[INFO] Auditing path $.dex.readinessProbe.successThreshold
[INFO] Auditing path $.dex.readinessProbe.timeoutSeconds
[INFO] Auditing path $.dex.replicaCount
[INFO] Auditing path $.dex.resources
[INFO] Auditing path $.dex.resourcesPreset
[INFO] Auditing path $.dex.runtimeClassName
[INFO] Auditing path $.dex.schedulerName
[INFO] Auditing path $.dex.service
[INFO] Auditing path $.dex.service.annotations
[INFO] Auditing path $.dex.service.clusterIP
[INFO] Auditing path $.dex.service.externalTrafficPolicy
[INFO] Auditing path $.dex.service.extraPorts
[INFO] Auditing path $.dex.service.loadBalancerIP
[INFO] Auditing path $.dex.service.loadBalancerSourceRanges
[INFO] Auditing path $.dex.service.nodePorts
[INFO] Auditing path $.dex.service.nodePorts.grpc
[INFO] Auditing path $.dex.service.nodePorts.http
[INFO] Auditing path $.dex.service.port
[INFO] Auditing path $.dex.service.ports
[INFO] Auditing path $.dex.service.ports.grpc
[INFO] Auditing path $.dex.service.ports.http
[INFO] Auditing path $.dex.service.sessionAffinity
[INFO] Auditing path $.dex.service.sessionAffinityConfig
[INFO] Auditing path $.dex.service.type
[INFO] Auditing path $.dex.serviceAccount
[INFO] Auditing path $.dex.serviceAccount.annotations
[INFO] Auditing path $.dex.serviceAccount.automountServiceAccountToken
[INFO] Auditing path $.dex.serviceAccount.create
[INFO] Auditing path $.dex.serviceAccount.name
[INFO] Auditing path $.dex.shareProcessNamespace
[INFO] Auditing path $.dex.sidecars
[INFO] Auditing path $.dex.startupProbe
[INFO] Auditing path $.dex.startupProbe.enabled
[INFO] Auditing path $.dex.startupProbe.failureThreshold
[INFO] Auditing path $.dex.startupProbe.initialDelaySeconds
[INFO] Auditing path $.dex.startupProbe.periodSeconds
[INFO] Auditing path $.dex.startupProbe.successThreshold
[INFO] Auditing path $.dex.startupProbe.timeoutSeconds
[INFO] Auditing path $.dex.tolerations
[INFO] Auditing path $.dex.topologySpreadConstraints
[INFO] Auditing path $.dex.updateStrategy
[INFO] Auditing path $.dex.updateStrategy.type
[INFO] Auditing path $.dex
[INFO] Auditing path $.externalRedis.enabled
[INFO] Auditing path $.externalRedis.existingSecret
[INFO] Auditing path $.externalRedis.existingSecretPasswordKey
[INFO] Auditing path $.externalRedis.host
[INFO] Auditing path $.externalRedis.password
[INFO] Auditing path $.externalRedis.port
[INFO] Auditing path $.externalRedis.selector
[INFO] Auditing path $.externalRedis
[INFO] Auditing path $.extraDeploy[*]
[INFO] Auditing path $.extraDeploy
[INFO] Auditing path $.fullnameOverride
[INFO] Auditing path $.global.compatibility
[INFO] Auditing path $.global.compatibility.openshift
[INFO] Auditing path $.global.compatibility.openshift.adaptSecurityContext
[INFO] Auditing path $.global.defaultStorageClass
[INFO] Auditing path $.global.imagePullSecrets
[INFO] Auditing path $.global.imageRegistry
[INFO] Auditing path $.global.security
[INFO] Auditing path $.global.security.allowInsecureImages
[INFO] Auditing path $.global
[INFO] Auditing path $.image.debug
[INFO] Auditing path $.image.digest
[INFO] Auditing path $.image.pullPolicy
[INFO] Auditing path $.image.pullSecrets
[INFO] Auditing path $.image.registry
[INFO] Auditing path $.image.repository
[INFO] Auditing path $.image.tag
[INFO] Auditing path $.image
[INFO] Auditing path $.kubeVersion
[INFO] Auditing path $.nameOverride
[INFO] Auditing path $.notifications.affinity
[INFO] Auditing path $.notifications.args
[INFO] Auditing path $.notifications.automountServiceAccountToken
[INFO] Auditing path $.notifications.bots
[INFO] Auditing path $.notifications.bots.slack
[INFO] Auditing path $.notifications.bots.slack.affinity
[INFO] Auditing path $.notifications.bots.slack.args
[INFO] Auditing path $.notifications.bots.slack.command
[INFO] Auditing path $.notifications.bots.slack.containerPorts
[INFO] Auditing path $.notifications.bots.slack.containerPorts.metrics
[INFO] Auditing path $.notifications.bots.slack.containerSecurityContext
[INFO] Auditing path $.notifications.bots.slack.containerSecurityContext.allowPrivilegeEscalation
[INFO] Auditing path $.notifications.bots.slack.containerSecurityContext.capabilities
[INFO] Auditing path $.notifications.bots.slack.containerSecurityContext.capabilities.drop
[INFO] Auditing path $.notifications.bots.slack.containerSecurityContext.enabled
[INFO] Auditing path $.notifications.bots.slack.containerSecurityContext.privileged
[INFO] Auditing path $.notifications.bots.slack.containerSecurityContext.readOnlyRootFilesystem
[INFO] Auditing path $.notifications.bots.slack.containerSecurityContext.runAsGroup
[INFO] Auditing path $.notifications.bots.slack.containerSecurityContext.runAsNonRoot
[INFO] Auditing path $.notifications.bots.slack.containerSecurityContext.runAsUser
[INFO] Auditing path $.notifications.bots.slack.containerSecurityContext.seLinuxOptions
[INFO] Auditing path $.notifications.bots.slack.containerSecurityContext.seccompProfile
[INFO] Auditing path $.notifications.bots.slack.containerSecurityContext.seccompProfile.type
[INFO] Auditing path $.notifications.bots.slack.customLivenessProbe
[INFO] Auditing path $.notifications.bots.slack.customReadinessProbe
[INFO] Auditing path $.notifications.bots.slack.customStartupProbe
[INFO] Auditing path $.notifications.bots.slack.enabled
[INFO] Auditing path $.notifications.bots.slack.extraArgs
[INFO] Auditing path $.notifications.bots.slack.extraEnvVars
[INFO] Auditing path $.notifications.bots.slack.extraEnvVarsCM
[INFO] Auditing path $.notifications.bots.slack.extraEnvVarsSecret
[INFO] Auditing path $.notifications.bots.slack.extraVolumeMounts
[INFO] Auditing path $.notifications.bots.slack.extraVolumes
[INFO] Auditing path $.notifications.bots.slack.livenessProbe
[INFO] Auditing path $.notifications.bots.slack.livenessProbe.enabled
[INFO] Auditing path $.notifications.bots.slack.livenessProbe.failureThreshold
[INFO] Auditing path $.notifications.bots.slack.livenessProbe.initialDelaySeconds
[INFO] Auditing path $.notifications.bots.slack.livenessProbe.periodSeconds
[INFO] Auditing path $.notifications.bots.slack.livenessProbe.successThreshold
[INFO] Auditing path $.notifications.bots.slack.livenessProbe.timeoutSeconds
[INFO] Auditing path $.notifications.bots.slack.networkPolicy
[INFO] Auditing path $.notifications.bots.slack.networkPolicy.allowExternal
[INFO] Auditing path $.notifications.bots.slack.networkPolicy.allowExternalEgress
[INFO] Auditing path $.notifications.bots.slack.networkPolicy.enabled
[INFO] Auditing path $.notifications.bots.slack.networkPolicy.extraEgress
[INFO] Auditing path $.notifications.bots.slack.networkPolicy.extraIngress
[INFO] Auditing path $.notifications.bots.slack.networkPolicy.ingressNSMatchLabels
[INFO] Auditing path $.notifications.bots.slack.networkPolicy.ingressNSMatchLabels[*]
[INFO] Auditing path $.notifications.bots.slack.networkPolicy.ingressNSPodMatchLabels
[INFO] Auditing path $.notifications.bots.slack.networkPolicy.ingressNSPodMatchLabels[*]
[INFO] Auditing path $.notifications.bots.slack.networkPolicy.kubeAPIServerPorts
[INFO] Auditing path $.notifications.bots.slack.networkPolicy.kubeAPIServerPorts[*]
[INFO] Auditing path $.notifications.bots.slack.nodeAffinityPreset
[INFO] Auditing path $.notifications.bots.slack.nodeAffinityPreset.key
[INFO] Auditing path $.notifications.bots.slack.nodeAffinityPreset.type
[INFO] Auditing path $.notifications.bots.slack.nodeAffinityPreset.values
[INFO] Auditing path $.notifications.bots.slack.nodeSelector
[INFO] Auditing path $.notifications.bots.slack.podAffinityPreset
[INFO] Auditing path $.notifications.bots.slack.podAnnotations
[INFO] Auditing path $.notifications.bots.slack.podAntiAffinityPreset
[INFO] Auditing path $.notifications.bots.slack.podLabels
[INFO] Auditing path $.notifications.bots.slack.podSecurityContext
[INFO] Auditing path $.notifications.bots.slack.podSecurityContext.enabled
[INFO] Auditing path $.notifications.bots.slack.podSecurityContext.fsGroup
[INFO] Auditing path $.notifications.bots.slack.podSecurityContext.fsGroupChangePolicy
[INFO] Auditing path $.notifications.bots.slack.podSecurityContext.supplementalGroups
[INFO] Auditing path $.notifications.bots.slack.podSecurityContext.sysctls
[INFO] Auditing path $.notifications.bots.slack.priorityClassName
[INFO] Auditing path $.notifications.bots.slack.readinessProbe
[INFO] Auditing path $.notifications.bots.slack.readinessProbe.enabled
[INFO] Auditing path $.notifications.bots.slack.readinessProbe.failureThreshold
[INFO] Auditing path $.notifications.bots.slack.readinessProbe.initialDelaySeconds
[INFO] Auditing path $.notifications.bots.slack.readinessProbe.periodSeconds
[INFO] Auditing path $.notifications.bots.slack.readinessProbe.successThreshold
[INFO] Auditing path $.notifications.bots.slack.readinessProbe.timeoutSeconds
[INFO] Auditing path $.notifications.bots.slack.resources
[INFO] Auditing path $.notifications.bots.slack.resourcesPreset
[INFO] Auditing path $.notifications.bots.slack.service
[INFO] Auditing path $.notifications.bots.slack.service.annotations
[INFO] Auditing path $.notifications.bots.slack.service.clusterIP
[INFO] Auditing path $.notifications.bots.slack.service.externalTrafficPolicy
[INFO] Auditing path $.notifications.bots.slack.service.extraPorts
[INFO] Auditing path $.notifications.bots.slack.service.loadBalancerIP
[INFO] Auditing path $.notifications.bots.slack.service.loadBalancerSourceRanges
[INFO] Auditing path $.notifications.bots.slack.service.nodePort
[INFO] Auditing path $.notifications.bots.slack.service.nodePorts
[INFO] Auditing path $.notifications.bots.slack.service.nodePorts.http
[INFO] Auditing path $.notifications.bots.slack.service.port
[INFO] Auditing path $.notifications.bots.slack.service.ports
[INFO] Auditing path $.notifications.bots.slack.service.ports.http
[INFO] Auditing path $.notifications.bots.slack.service.sessionAffinity
[INFO] Auditing path $.notifications.bots.slack.service.sessionAffinityConfig
[INFO] Auditing path $.notifications.bots.slack.service.type
[INFO] Auditing path $.notifications.bots.slack.serviceAccount
[INFO] Auditing path $.notifications.bots.slack.serviceAccount.annotations
[INFO] Auditing path $.notifications.bots.slack.serviceAccount.automountServiceAccountToken
[INFO] Auditing path $.notifications.bots.slack.serviceAccount.create
[INFO] Auditing path $.notifications.bots.slack.serviceAccount.name
[INFO] Auditing path $.notifications.bots.slack.startupProbe
[INFO] Auditing path $.notifications.bots.slack.startupProbe.enabled
[INFO] Auditing path $.notifications.bots.slack.startupProbe.failureThreshold
[INFO] Auditing path $.notifications.bots.slack.startupProbe.initialDelaySeconds
[INFO] Auditing path $.notifications.bots.slack.startupProbe.periodSeconds
[INFO] Auditing path $.notifications.bots.slack.startupProbe.successThreshold
[INFO] Auditing path $.notifications.bots.slack.startupProbe.timeoutSeconds
[INFO] Auditing path $.notifications.bots.slack.tolerations
[INFO] Auditing path $.notifications.clusterAdminAccess
[INFO] Auditing path $.notifications.clusterRoleRules
[INFO] Auditing path $.notifications.command
[INFO] Auditing path $.notifications.containerPorts
[INFO] Auditing path $.notifications.containerPorts.metrics
[INFO] Auditing path $.notifications.containerSecurityContext
[INFO] Auditing path $.notifications.containerSecurityContext.allowPrivilegeEscalation
[INFO] Auditing path $.notifications.containerSecurityContext.capabilities
[INFO] Auditing path $.notifications.containerSecurityContext.capabilities.drop
[INFO] Auditing path $.notifications.containerSecurityContext.enabled
[INFO] Auditing path $.notifications.containerSecurityContext.privileged
[INFO] Auditing path $.notifications.containerSecurityContext.readOnlyRootFilesystem
[INFO] Auditing path $.notifications.containerSecurityContext.runAsGroup
[INFO] Auditing path $.notifications.containerSecurityContext.runAsNonRoot
[INFO] Auditing path $.notifications.containerSecurityContext.runAsUser
[INFO] Auditing path $.notifications.containerSecurityContext.seLinuxOptions
[INFO] Auditing path $.notifications.containerSecurityContext.seccompProfile
[INFO] Auditing path $.notifications.containerSecurityContext.seccompProfile.type
[INFO] Auditing path $.notifications.customLivenessProbe
[INFO] Auditing path $.notifications.customReadinessProbe
[INFO] Auditing path $.notifications.customStartupProbe
[INFO] Auditing path $.notifications.enabled
[INFO] Auditing path $.notifications.extraArgs
[INFO] Auditing path $.notifications.extraEnvVars
[INFO] Auditing path $.notifications.extraEnvVarsCM
[INFO] Auditing path $.notifications.extraEnvVarsSecret
[INFO] Auditing path $.notifications.extraVolumeMounts
[INFO] Auditing path $.notifications.extraVolumes
[INFO] Auditing path $.notifications.livenessProbe
[INFO] Auditing path $.notifications.livenessProbe.enabled
[INFO] Auditing path $.notifications.livenessProbe.failureThreshold
[INFO] Auditing path $.notifications.livenessProbe.initialDelaySeconds
[INFO] Auditing path $.notifications.livenessProbe.periodSeconds
[INFO] Auditing path $.notifications.livenessProbe.successThreshold
[INFO] Auditing path $.notifications.livenessProbe.timeoutSeconds
[INFO] Auditing path $.notifications.logFormat
[INFO] Auditing path $.notifications.logLevel
[INFO] Auditing path $.notifications.metrics
[INFO] Auditing path $.notifications.metrics.enabled
[INFO] Auditing path $.notifications.metrics.service
[INFO] Auditing path $.notifications.metrics.service.annotations
[INFO] Auditing path $.notifications.metrics.service.clusterIP
[INFO] Auditing path $.notifications.metrics.service.externalTrafficPolicy
[INFO] Auditing path $.notifications.metrics.service.loadBalancerIP
[INFO] Auditing path $.notifications.metrics.service.loadBalancerSourceRanges
[INFO] Auditing path $.notifications.metrics.service.nodePort
[INFO] Auditing path $.notifications.metrics.service.nodePorts
[INFO] Auditing path $.notifications.metrics.service.nodePorts.metrics
[INFO] Auditing path $.notifications.metrics.service.port
[INFO] Auditing path $.notifications.metrics.service.ports
[INFO] Auditing path $.notifications.metrics.service.ports.metrics
[INFO] Auditing path $.notifications.metrics.service.sessionAffinity
[INFO] Auditing path $.notifications.metrics.service.sessionAffinityConfig
[INFO] Auditing path $.notifications.metrics.service.type
[INFO] Auditing path $.notifications.metrics.serviceMonitor
[INFO] Auditing path $.notifications.metrics.serviceMonitor.enabled
[INFO] Auditing path $.notifications.metrics.serviceMonitor.honorLabels
[INFO] Auditing path $.notifications.metrics.serviceMonitor.interval
[INFO] Auditing path $.notifications.metrics.serviceMonitor.jobLabel
[INFO] Auditing path $.notifications.metrics.serviceMonitor.metricRelabelings
[INFO] Auditing path $.notifications.metrics.serviceMonitor.namespace
[INFO] Auditing path $.notifications.metrics.serviceMonitor.relabelings
[INFO] Auditing path $.notifications.metrics.serviceMonitor.scrapeTimeout
[INFO] Auditing path $.notifications.metrics.serviceMonitor.selector
[INFO] Auditing path $.notifications.networkPolicy
[INFO] Auditing path $.notifications.networkPolicy.allowExternal
[INFO] Auditing path $.notifications.networkPolicy.allowExternalEgress
[INFO] Auditing path $.notifications.networkPolicy.enabled
[INFO] Auditing path $.notifications.networkPolicy.extraEgress
[INFO] Auditing path $.notifications.networkPolicy.extraIngress
[INFO] Auditing path $.notifications.networkPolicy.ingressNSMatchLabels
[INFO] Auditing path $.notifications.networkPolicy.ingressNSMatchLabels[*]
[INFO] Auditing path $.notifications.networkPolicy.ingressNSPodMatchLabels
[INFO] Auditing path $.notifications.networkPolicy.ingressNSPodMatchLabels[*]
[INFO] Auditing path $.notifications.networkPolicy.kubeAPIServerPorts
[INFO] Auditing path $.notifications.networkPolicy.kubeAPIServerPorts[*]
[INFO] Auditing path $.notifications.nodeAffinityPreset
[INFO] Auditing path $.notifications.nodeAffinityPreset.key
[INFO] Auditing path $.notifications.nodeAffinityPreset.type
[INFO] Auditing path $.notifications.nodeAffinityPreset.values
[INFO] Auditing path $.notifications.nodeSelector
[INFO] Auditing path $.notifications.pdb
[INFO] Auditing path $.notifications.pdb.create
[INFO] Auditing path $.notifications.pdb.maxUnavailable
[INFO] Auditing path $.notifications.pdb.minAvailable
[INFO] Auditing path $.notifications.podAffinityPreset
[INFO] Auditing path $.notifications.podAnnotations
[INFO] Auditing path $.notifications.podAntiAffinityPreset
[INFO] Auditing path $.notifications.podLabels
[INFO] Auditing path $.notifications.podSecurityContext
[INFO] Auditing path $.notifications.podSecurityContext.enabled
[INFO] Auditing path $.notifications.podSecurityContext.fsGroup
[INFO] Auditing path $.notifications.podSecurityContext.fsGroupChangePolicy
[INFO] Auditing path $.notifications.podSecurityContext.supplementalGroups
[INFO] Auditing path $.notifications.podSecurityContext.sysctls
[INFO] Auditing path $.notifications.priorityClassName
[INFO] Auditing path $.notifications.readinessProbe
[INFO] Auditing path $.notifications.readinessProbe.enabled
[INFO] Auditing path $.notifications.readinessProbe.failureThreshold
[INFO] Auditing path $.notifications.readinessProbe.initialDelaySeconds
[INFO] Auditing path $.notifications.readinessProbe.periodSeconds
[INFO] Auditing path $.notifications.readinessProbe.successThreshold
[INFO] Auditing path $.notifications.readinessProbe.timeoutSeconds
[INFO] Auditing path $.notifications.resources
[INFO] Auditing path $.notifications.resourcesPreset
[INFO] Auditing path $.notifications.serviceAccount
[INFO] Auditing path $.notifications.serviceAccount.annotations
[INFO] Auditing path $.notifications.serviceAccount.automountServiceAccountToken
[INFO] Auditing path $.notifications.serviceAccount.create
[INFO] Auditing path $.notifications.serviceAccount.name
[INFO] Auditing path $.notifications.startupProbe
[INFO] Auditing path $.notifications.startupProbe.enabled
[INFO] Auditing path $.notifications.startupProbe.failureThreshold
[INFO] Auditing path $.notifications.startupProbe.initialDelaySeconds
[INFO] Auditing path $.notifications.startupProbe.periodSeconds
[INFO] Auditing path $.notifications.startupProbe.successThreshold
[INFO] Auditing path $.notifications.startupProbe.timeoutSeconds
[INFO] Auditing path $.notifications.tolerations
[INFO] Auditing path $.notifications.webhook
[INFO] Auditing path $.notifications.webhook.ingress
[INFO] Auditing path $.notifications.webhook.ingress.annotations
[INFO] Auditing path $.notifications.webhook.ingress.enabled
[INFO] Auditing path $.notifications.webhook.ingress.extraHosts
[INFO] Auditing path $.notifications.webhook.ingress.extraPaths
[INFO] Auditing path $.notifications.webhook.ingress.extraTls
[INFO] Auditing path $.notifications.webhook.ingress.hostname
[INFO] Auditing path $.notifications.webhook.ingress.ingressClassName
[INFO] Auditing path $.notifications.webhook.ingress.labels
[INFO] Auditing path $.notifications.webhook.ingress.path
[INFO] Auditing path $.notifications.webhook.ingress.pathType
[INFO] Auditing path $.notifications.webhook.ingress.tls
[INFO] Auditing path $.notifications
[INFO] Auditing path $.rbac.create
[INFO] Auditing path $.rbac
[INFO] Auditing path $.redis.architecture
[INFO] Auditing path $.redis.auth
[INFO] Auditing path $.redis.auth.enabled
[INFO] Auditing path $.redis.auth.existingSecret
[INFO] Auditing path $.redis.auth.existingSecretPasswordKey
[INFO] Auditing path $.redis.enabled
[INFO] Auditing path $.redis.image
[INFO] Auditing path $.redis.image.digest
[INFO] Auditing path $.redis.image.pullPolicy
[INFO] Auditing path $.redis.image.pullSecrets
[INFO] Auditing path $.redis.image.registry
[INFO] Auditing path $.redis.image.repository
[INFO] Auditing path $.redis.image.tag
[INFO] Auditing path $.redis.master.containerPorts.redis
[INFO] Auditing path $.redis.nameOverride
[INFO] Auditing path $.redis.service
[INFO] Auditing path $.redis.service.ports
[INFO] Auditing path $.redis.service.ports.redis
[INFO] Auditing path $.redis
[INFO] Auditing path $.redisWait.containerSecurityContext
[INFO] Auditing path $.redisWait.containerSecurityContext.allowPrivilegeEscalation
[INFO] Auditing path $.redisWait.containerSecurityContext.capabilities
[INFO] Auditing path $.redisWait.containerSecurityContext.capabilities.drop
[INFO] Auditing path $.redisWait.containerSecurityContext.enabled
[INFO] Auditing path $.redisWait.containerSecurityContext.privileged
[INFO] Auditing path $.redisWait.containerSecurityContext.readOnlyRootFilesystem
[INFO] Auditing path $.redisWait.containerSecurityContext.runAsGroup
[INFO] Auditing path $.redisWait.containerSecurityContext.runAsNonRoot
[INFO] Auditing path $.redisWait.containerSecurityContext.runAsUser
[INFO] Auditing path $.redisWait.containerSecurityContext.seLinuxOptions
[INFO] Auditing path $.redisWait.containerSecurityContext.seccompProfile
[INFO] Auditing path $.redisWait.containerSecurityContext.seccompProfile.type
[INFO] Auditing path $.redisWait.enabled
[INFO] Auditing path $.redisWait.extraArgs
[INFO] Auditing path $.redisWait.securityContext
[INFO] Auditing path $.redisWait
[INFO] Auditing path $.repoServer.affinity
[INFO] Auditing path $.repoServer.args
[INFO] Auditing path $.repoServer.automountServiceAccountToken
[INFO] Auditing path $.repoServer.autoscaling
[INFO] Auditing path $.repoServer.autoscaling.enabled
[INFO] Auditing path $.repoServer.autoscaling.maxReplicas
[INFO] Auditing path $.repoServer.autoscaling.minReplicas
[INFO] Auditing path $.repoServer.autoscaling.targetCPU
[INFO] Auditing path $.repoServer.autoscaling.targetMemory
[INFO] Auditing path $.repoServer.clusterAdminAccess
[INFO] Auditing path $.repoServer.clusterRoleRules
[INFO] Auditing path $.repoServer.command
[INFO] Auditing path $.repoServer.containerPorts
[INFO] Auditing path $.repoServer.containerPorts.metrics
[INFO] Auditing path $.repoServer.containerPorts.repoServer
[INFO] Auditing path $.repoServer.containerSecurityContext
[INFO] Auditing path $.repoServer.containerSecurityContext.allowPrivilegeEscalation
[INFO] Auditing path $.repoServer.containerSecurityContext.capabilities
[INFO] Auditing path $.repoServer.containerSecurityContext.capabilities.drop
[INFO] Auditing path $.repoServer.containerSecurityContext.enabled
[INFO] Auditing path $.repoServer.containerSecurityContext.privileged
[INFO] Auditing path $.repoServer.containerSecurityContext.readOnlyRootFilesystem
[INFO] Auditing path $.repoServer.containerSecurityContext.runAsGroup
[INFO] Auditing path $.repoServer.containerSecurityContext.runAsNonRoot
[INFO] Auditing path $.repoServer.containerSecurityContext.runAsUser
[INFO] Auditing path $.repoServer.containerSecurityContext.seLinuxOptions
[INFO] Auditing path $.repoServer.containerSecurityContext.seccompProfile
[INFO] Auditing path $.repoServer.containerSecurityContext.seccompProfile.type
[INFO] Auditing path $.repoServer.customLivenessProbe
[INFO] Auditing path $.repoServer.customReadinessProbe
[INFO] Auditing path $.repoServer.customStartupProbe
[INFO] Auditing path $.repoServer.extraArgs
[INFO] Auditing path $.repoServer.extraEnvVars
[INFO] Auditing path $.repoServer.extraEnvVarsCM
[INFO] Auditing path $.repoServer.extraEnvVarsSecret
[INFO] Auditing path $.repoServer.extraVolumeMounts
[INFO] Auditing path $.repoServer.extraVolumes
[INFO] Auditing path $.repoServer.hostAliases
[INFO] Auditing path $.repoServer.initContainers
[INFO] Auditing path $.repoServer.lifecycleHooks
[INFO] Auditing path $.repoServer.livenessProbe
[INFO] Auditing path $.repoServer.livenessProbe.enabled
[INFO] Auditing path $.repoServer.livenessProbe.failureThreshold
[INFO] Auditing path $.repoServer.livenessProbe.initialDelaySeconds
[INFO] Auditing path $.repoServer.livenessProbe.periodSeconds
[INFO] Auditing path $.repoServer.livenessProbe.successThreshold
[INFO] Auditing path $.repoServer.livenessProbe.timeoutSeconds
[INFO] Auditing path $.repoServer.logFormat
[INFO] Auditing path $.repoServer.logLevel
[INFO] Auditing path $.repoServer.metrics
[INFO] Auditing path $.repoServer.metrics.enabled
[INFO] Auditing path $.repoServer.metrics.service
[INFO] Auditing path $.repoServer.metrics.service.annotations
[INFO] Auditing path $.repoServer.metrics.service.clusterIP
[INFO] Auditing path $.repoServer.metrics.service.externalTrafficPolicy
[INFO] Auditing path $.repoServer.metrics.service.loadBalancerIP
[INFO] Auditing path $.repoServer.metrics.service.loadBalancerSourceRanges
[INFO] Auditing path $.repoServer.metrics.service.nodePort
[INFO] Auditing path $.repoServer.metrics.service.nodePorts
[INFO] Auditing path $.repoServer.metrics.service.nodePorts.metrics
[INFO] Auditing path $.repoServer.metrics.service.port
[INFO] Auditing path $.repoServer.metrics.service.ports
[INFO] Auditing path $.repoServer.metrics.service.ports.metrics
[INFO] Auditing path $.repoServer.metrics.service.sessionAffinity
[INFO] Auditing path $.repoServer.metrics.service.sessionAffinityConfig
[INFO] Auditing path $.repoServer.metrics.service.type
[INFO] Auditing path $.repoServer.metrics.serviceMonitor
[INFO] Auditing path $.repoServer.metrics.serviceMonitor.enabled
[INFO] Auditing path $.repoServer.metrics.serviceMonitor.honorLabels
[INFO] Auditing path $.repoServer.metrics.serviceMonitor.interval
[INFO] Auditing path $.repoServer.metrics.serviceMonitor.jobLabel
[INFO] Auditing path $.repoServer.metrics.serviceMonitor.metricRelabelings
[INFO] Auditing path $.repoServer.metrics.serviceMonitor.namespace
[INFO] Auditing path $.repoServer.metrics.serviceMonitor.relabelings
[INFO] Auditing path $.repoServer.metrics.serviceMonitor.scrapeTimeout
[INFO] Auditing path $.repoServer.metrics.serviceMonitor.selector
[INFO] Auditing path $.repoServer.networkPolicy
[INFO] Auditing path $.repoServer.networkPolicy.allowExternal
[INFO] Auditing path $.repoServer.networkPolicy.allowExternalEgress
[INFO] Auditing path $.repoServer.networkPolicy.enabled
[INFO] Auditing path $.repoServer.networkPolicy.extraEgress
[INFO] Auditing path $.repoServer.networkPolicy.extraIngress
[INFO] Auditing path $.repoServer.networkPolicy.ingressNSMatchLabels
[INFO] Auditing path $.repoServer.networkPolicy.ingressNSMatchLabels[*]
[INFO] Auditing path $.repoServer.networkPolicy.ingressNSPodMatchLabels
[INFO] Auditing path $.repoServer.networkPolicy.ingressNSPodMatchLabels[*]
[INFO] Auditing path $.repoServer.networkPolicy.kubeAPIServerPorts
[INFO] Auditing path $.repoServer.networkPolicy.kubeAPIServerPorts[*]
[INFO] Auditing path $.repoServer.nodeAffinityPreset
[INFO] Auditing path $.repoServer.nodeAffinityPreset.key
[INFO] Auditing path $.repoServer.nodeAffinityPreset.type
[INFO] Auditing path $.repoServer.nodeAffinityPreset.values
[INFO] Auditing path $.repoServer.nodeSelector
[INFO] Auditing path $.repoServer.pdb
[INFO] Auditing path $.repoServer.pdb.create
[INFO] Auditing path $.repoServer.pdb.maxUnavailable
[INFO] Auditing path $.repoServer.pdb.minAvailable
[INFO] Auditing path $.repoServer.podAffinityPreset
[INFO] Auditing path $.repoServer.podAnnotations
[INFO] Auditing path $.repoServer.podAntiAffinityPreset
[INFO] Auditing path $.repoServer.podLabels
[INFO] Auditing path $.repoServer.podSecurityContext
[INFO] Auditing path $.repoServer.podSecurityContext.enabled
[INFO] Auditing path $.repoServer.podSecurityContext.fsGroup
[INFO] Auditing path $.repoServer.podSecurityContext.fsGroupChangePolicy
[INFO] Auditing path $.repoServer.podSecurityContext.supplementalGroups
[INFO] Auditing path $.repoServer.podSecurityContext.sysctls
[INFO] Auditing path $.repoServer.priorityClassName
[INFO] Auditing path $.repoServer.readinessProbe
[INFO] Auditing path $.repoServer.readinessProbe.enabled
[INFO] Auditing path $.repoServer.readinessProbe.failureThreshold
[INFO] Auditing path $.repoServer.readinessProbe.initialDelaySeconds
[INFO] Auditing path $.repoServer.readinessProbe.periodSeconds
[INFO] Auditing path $.repoServer.readinessProbe.successThreshold
[INFO] Auditing path $.repoServer.readinessProbe.timeoutSeconds
[INFO] Auditing path $.repoServer.replicaCount
[INFO] Auditing path $.repoServer.resources
[INFO] Auditing path $.repoServer.resourcesPreset
[INFO] Auditing path $.repoServer.runtimeClassName
[INFO] Auditing path $.repoServer.schedulerName
[INFO] Auditing path $.repoServer.service
[INFO] Auditing path $.repoServer.service.annotations
[INFO] Auditing path $.repoServer.service.clusterIP
[INFO] Auditing path $.repoServer.service.externalTrafficPolicy
[INFO] Auditing path $.repoServer.service.extraPorts
[INFO] Auditing path $.repoServer.service.loadBalancerIP
[INFO] Auditing path $.repoServer.service.loadBalancerSourceRanges
[INFO] Auditing path $.repoServer.service.nodePort
[INFO] Auditing path $.repoServer.service.nodePorts
[INFO] Auditing path $.repoServer.service.nodePorts.repoServer
[INFO] Auditing path $.repoServer.service.port
[INFO] Auditing path $.repoServer.service.ports
[INFO] Auditing path $.repoServer.service.ports.repoServer
[INFO] Auditing path $.repoServer.service.sessionAffinity
[INFO] Auditing path $.repoServer.service.sessionAffinityConfig
[INFO] Auditing path $.repoServer.service.type
[INFO] Auditing path $.repoServer.serviceAccount
[INFO] Auditing path $.repoServer.serviceAccount.annotations
[INFO] Auditing path $.repoServer.serviceAccount.automountServiceAccountToken
[INFO] Auditing path $.repoServer.serviceAccount.create
[INFO] Auditing path $.repoServer.serviceAccount.name
[INFO] Auditing path $.repoServer.shareProcessNamespace
[INFO] Auditing path $.repoServer.sidecars
[INFO] Auditing path $.repoServer.startupProbe
[INFO] Auditing path $.repoServer.startupProbe.enabled
[INFO] Auditing path $.repoServer.startupProbe.failureThreshold
[INFO] Auditing path $.repoServer.startupProbe.initialDelaySeconds
[INFO] Auditing path $.repoServer.startupProbe.periodSeconds
[INFO] Auditing path $.repoServer.startupProbe.successThreshold
[INFO] Auditing path $.repoServer.startupProbe.timeoutSeconds
[INFO] Auditing path $.repoServer.tolerations
[INFO] Auditing path $.repoServer.topologySpreadConstraints
[INFO] Auditing path $.repoServer.updateStrategy
[INFO] Auditing path $.repoServer.updateStrategy.type
[INFO] Auditing path $.repoServer
[INFO] Auditing path $.server.affinity
[INFO] Auditing path $.server.args
[INFO] Auditing path $.server.automountServiceAccountToken
[INFO] Auditing path $.server.autoscaling
[INFO] Auditing path $.server.autoscaling.enabled
[INFO] Auditing path $.server.autoscaling.maxReplicas
[INFO] Auditing path $.server.autoscaling.minReplicas
[INFO] Auditing path $.server.autoscaling.targetCPU
[INFO] Auditing path $.server.autoscaling.targetMemory
[INFO] Auditing path $.server.clusterAdminAccess
[INFO] Auditing path $.server.clusterRoleRules
[INFO] Auditing path $.server.command
[INFO] Auditing path $.server.config
[INFO] Auditing path $.server.config["application.instanceLabelKey"]
[INFO] Auditing path $.server.config["dex.config"]
[INFO] Auditing path $.server.config.url
[INFO] Auditing path $.server.configEnabled
[INFO] Auditing path $.server.containerPorts
[INFO] Auditing path $.server.containerPorts.http
[INFO] Auditing path $.server.containerPorts.https
[INFO] Auditing path $.server.containerPorts.metrics
[INFO] Auditing path $.server.containerSecurityContext
[INFO] Auditing path $.server.containerSecurityContext.allowPrivilegeEscalation
[INFO] Auditing path $.server.containerSecurityContext.capabilities
[INFO] Auditing path $.server.containerSecurityContext.capabilities.drop
[INFO] Auditing path $.server.containerSecurityContext.enabled
[INFO] Auditing path $.server.containerSecurityContext.privileged
[INFO] Auditing path $.server.containerSecurityContext.readOnlyRootFilesystem
[INFO] Auditing path $.server.containerSecurityContext.runAsGroup
[INFO] Auditing path $.server.containerSecurityContext.runAsNonRoot
[INFO] Auditing path $.server.containerSecurityContext.runAsUser
[INFO] Auditing path $.server.containerSecurityContext.seLinuxOptions
[INFO] Auditing path $.server.containerSecurityContext.seccompProfile
[INFO] Auditing path $.server.containerSecurityContext.seccompProfile.type
[INFO] Auditing path $.server.customLivenessProbe
[INFO] Auditing path $.server.customReadinessProbe
[INFO] Auditing path $.server.customStartupProbe
[INFO] Auditing path $.server.extraArgs
[INFO] Auditing path $.server.extraEnvVars
[INFO] Auditing path $.server.extraEnvVarsCM
[INFO] Auditing path $.server.extraEnvVarsSecret
[INFO] Auditing path $.server.extraVolumeMounts
[INFO] Auditing path $.server.extraVolumes
[INFO] Auditing path $.server.hostAliases
[INFO] Auditing path $.server.ingress
[INFO] Auditing path $.server.ingress.annotations
[INFO] Auditing path $.server.ingress.apiVersion
[INFO] Auditing path $.server.ingress.certManager
[INFO] Auditing path $.server.ingress.enabled
[INFO] Auditing path $.server.ingress.extraHosts
[INFO] Auditing path $.server.ingress.extraHosts[*].name
[INFO] Auditing path $.server.ingress.extraHosts[*].path
[INFO] Auditing path $.server.ingress.extraHosts[*].pathType
[INFO] Auditing path $.server.ingress.extraPaths
[INFO] Auditing path $.server.ingress.extraRules
[INFO] Auditing path $.server.ingress.extraTls
[INFO] Auditing path $.server.ingress.hostname
[INFO] Auditing path $.server.ingress.ingressClassName
[INFO] Auditing path $.server.ingress.path
[INFO] Auditing path $.server.ingress.pathType
[INFO] Auditing path $.server.ingress.secrets
[INFO] Auditing path $.server.ingress.secrets[*].certificate
[INFO] Auditing path $.server.ingress.secrets[*].key
[INFO] Auditing path $.server.ingress.secrets[*].name
[INFO] Auditing path $.server.ingress.selfSigned
[INFO] Auditing path $.server.ingress.tls
[INFO] Auditing path $.server.ingressGrpc
[INFO] Auditing path $.server.ingressGrpc.annotations
[INFO] Auditing path $.server.ingressGrpc.apiVersion
[INFO] Auditing path $.server.ingressGrpc.certManager
[INFO] Auditing path $.server.ingressGrpc.enabled
[INFO] Auditing path $.server.ingressGrpc.extraHosts
[INFO] Auditing path $.server.ingressGrpc.extraHosts[*].name
[INFO] Auditing path $.server.ingressGrpc.extraHosts[*].path
[INFO] Auditing path $.server.ingressGrpc.extraHosts[*].pathType
[INFO] Auditing path $.server.ingressGrpc.extraPaths
[INFO] Auditing path $.server.ingressGrpc.extraRules
[INFO] Auditing path $.server.ingressGrpc.extraTls
[INFO] Auditing path $.server.ingressGrpc.hostname
[INFO] Auditing path $.server.ingressGrpc.ingressClassName
[INFO] Auditing path $.server.ingressGrpc.path
[INFO] Auditing path $.server.ingressGrpc.pathType
[INFO] Auditing path $.server.ingressGrpc.secrets
[INFO] Auditing path $.server.ingressGrpc.secrets[*].certificate
[INFO] Auditing path $.server.ingressGrpc.secrets[*].key
[INFO] Auditing path $.server.ingressGrpc.secrets[*].name
[INFO] Auditing path $.server.ingressGrpc.selfSigned
[INFO] Auditing path $.server.ingressGrpc.tls
[INFO] Auditing path $.server.initContainers
[INFO] Auditing path $.server.insecure
[INFO] Auditing path $.server.lifecycleHooks
[INFO] Auditing path $.server.livenessProbe
[INFO] Auditing path $.server.livenessProbe.enabled
[INFO] Auditing path $.server.livenessProbe.failureThreshold
[INFO] Auditing path $.server.livenessProbe.initialDelaySeconds
[INFO] Auditing path $.server.livenessProbe.periodSeconds
[INFO] Auditing path $.server.livenessProbe.successThreshold
[INFO] Auditing path $.server.livenessProbe.timeoutSeconds
[INFO] Auditing path $.server.logFormat
[INFO] Auditing path $.server.logLevel
[INFO] Auditing path $.server.metrics
[INFO] Auditing path $.server.metrics.enabled
[INFO] Auditing path $.server.metrics.service
[INFO] Auditing path $.server.metrics.service.annotations
[INFO] Auditing path $.server.metrics.service.clusterIP
[INFO] Auditing path $.server.metrics.service.externalTrafficPolicy
[INFO] Auditing path $.server.metrics.service.loadBalancerIP
[INFO] Auditing path $.server.metrics.service.loadBalancerSourceRanges
[INFO] Auditing path $.server.metrics.service.nodePort
[INFO] Auditing path $.server.metrics.service.nodePorts
[INFO] Auditing path $.server.metrics.service.nodePorts.metrics
[INFO] Auditing path $.server.metrics.service.port
[INFO] Auditing path $.server.metrics.service.ports
[INFO] Auditing path $.server.metrics.service.ports.metrics
[INFO] Auditing path $.server.metrics.service.sessionAffinity
[INFO] Auditing path $.server.metrics.service.sessionAffinityConfig
[INFO] Auditing path $.server.metrics.service.type
[INFO] Auditing path $.server.metrics.serviceMonitor
[INFO] Auditing path $.server.metrics.serviceMonitor.enabled
[INFO] Auditing path $.server.metrics.serviceMonitor.honorLabels
[INFO] Auditing path $.server.metrics.serviceMonitor.interval
[INFO] Auditing path $.server.metrics.serviceMonitor.jobLabel
[INFO] Auditing path $.server.metrics.serviceMonitor.metricRelabelings
[INFO] Auditing path $.server.metrics.serviceMonitor.namespace
[INFO] Auditing path $.server.metrics.serviceMonitor.relabelings
[INFO] Auditing path $.server.metrics.serviceMonitor.scrapeTimeout
[INFO] Auditing path $.server.metrics.serviceMonitor.selector
[INFO] Auditing path $.server.networkPolicy
[INFO] Auditing path $.server.networkPolicy.allowExternal
[INFO] Auditing path $.server.networkPolicy.allowExternalEgress
[INFO] Auditing path $.server.networkPolicy.enabled
[INFO] Auditing path $.server.networkPolicy.extraEgress
[INFO] Auditing path $.server.networkPolicy.extraIngress
[INFO] Auditing path $.server.networkPolicy.ingressNSMatchLabels
[INFO] Auditing path $.server.networkPolicy.ingressNSMatchLabels[*]
[INFO] Auditing path $.server.networkPolicy.ingressNSPodMatchLabels
[INFO] Auditing path $.server.networkPolicy.ingressNSPodMatchLabels[*]
[INFO] Auditing path $.server.networkPolicy.kubeAPIServerPorts
[INFO] Auditing path $.server.networkPolicy.kubeAPIServerPorts[*]
[INFO] Auditing path $.server.nodeAffinityPreset
[INFO] Auditing path $.server.nodeAffinityPreset.key
[INFO] Auditing path $.server.nodeAffinityPreset.type
[INFO] Auditing path $.server.nodeAffinityPreset.values
[INFO] Auditing path $.server.nodeSelector
[INFO] Auditing path $.server.pdb
[INFO] Auditing path $.server.pdb.create
[INFO] Auditing path $.server.pdb.maxUnavailable
[INFO] Auditing path $.server.pdb.minAvailable
[INFO] Auditing path $.server.podAffinityPreset
[INFO] Auditing path $.server.podAnnotations
[INFO] Auditing path $.server.podAntiAffinityPreset
[INFO] Auditing path $.server.podLabels
[INFO] Auditing path $.server.podSecurityContext
[INFO] Auditing path $.server.podSecurityContext.enabled
[INFO] Auditing path $.server.podSecurityContext.fsGroup
[INFO] Auditing path $.server.podSecurityContext.fsGroupChangePolicy
[INFO] Auditing path $.server.podSecurityContext.supplementalGroups
[INFO] Auditing path $.server.podSecurityContext.sysctls
[INFO] Auditing path $.server.priorityClassName
[INFO] Auditing path $.server.readinessProbe
[INFO] Auditing path $.server.readinessProbe.enabled
[INFO] Auditing path $.server.readinessProbe.failureThreshold
[INFO] Auditing path $.server.readinessProbe.initialDelaySeconds
[INFO] Auditing path $.server.readinessProbe.periodSeconds
[INFO] Auditing path $.server.readinessProbe.successThreshold
[INFO] Auditing path $.server.readinessProbe.timeoutSeconds
[INFO] Auditing path $.server.replicaCount
[INFO] Auditing path $.server.resources
[INFO] Auditing path $.server.resourcesPreset
[INFO] Auditing path $.server.runtimeClassName
[INFO] Auditing path $.server.schedulerName
[INFO] Auditing path $.server.service
[INFO] Auditing path $.server.service.annotations
[INFO] Auditing path $.server.service.clusterIP
[INFO] Auditing path $.server.service.externalTrafficPolicy
[INFO] Auditing path $.server.service.extraPorts
[INFO] Auditing path $.server.service.loadBalancerIP
[INFO] Auditing path $.server.service.loadBalancerSourceRanges
[INFO] Auditing path $.server.service.nodePorts
[INFO] Auditing path $.server.service.nodePorts.http
[INFO] Auditing path $.server.service.nodePorts.https
[INFO] Auditing path $.server.service.ports
[INFO] Auditing path $.server.service.ports.http
[INFO] Auditing path $.server.service.ports.https
[INFO] Auditing path $.server.service.sessionAffinity
[INFO] Auditing path $.server.service.sessionAffinityConfig
[INFO] Auditing path $.server.service.type
[INFO] Auditing path $.server.serviceAccount
[INFO] Auditing path $.server.serviceAccount.annotations
[INFO] Auditing path $.server.serviceAccount.automountServiceAccountToken
[INFO] Auditing path $.server.serviceAccount.create
[INFO] Auditing path $.server.serviceAccount.name
[INFO] Auditing path $.server.shareProcessNamespace
[INFO] Auditing path $.server.sidecars
[INFO] Auditing path $.server.startupProbe
[INFO] Auditing path $.server.startupProbe.enabled
[INFO] Auditing path $.server.startupProbe.failureThreshold
[INFO] Auditing path $.server.startupProbe.initialDelaySeconds
[INFO] Auditing path $.server.startupProbe.periodSeconds
[INFO] Auditing path $.server.startupProbe.successThreshold
[INFO] Auditing path $.server.startupProbe.timeoutSeconds
[INFO] Auditing path $.server.tolerations
[INFO] Auditing path $.server.topologySpreadConstraints
[INFO] Auditing path $.server.updateStrategy
[INFO] Auditing path $.server.updateStrategy.type
[INFO] Auditing path $.server.url
[INFO] Auditing path $.server
[INFO] Auditing path $.volumePermissions.containerSecurityContext
[INFO] Auditing path $.volumePermissions.containerSecurityContext.runAsUser
[INFO] Auditing path $.volumePermissions.containerSecurityContext.seLinuxOptions
[INFO] Auditing path $.volumePermissions.enabled
[INFO] Auditing path $.volumePermissions.image
[INFO] Auditing path $.volumePermissions.image.digest
[INFO] Auditing path $.volumePermissions.image.pullPolicy
[INFO] Auditing path $.volumePermissions.image.pullSecrets
[INFO] Auditing path $.volumePermissions.image.registry
[INFO] Auditing path $.volumePermissions.image.repository
[INFO] Auditing path $.volumePermissions.image.tag
[INFO] Auditing path $.volumePermissions.resources
[INFO] Auditing path $.volumePermissions.resourcesPreset
[INFO] Auditing path $.volumePermissions
