[INFO] Auditing path $.alertRelabelConfigs
[INFO] Auditing path $.alertmanager.enabled
[INFO] Auditing path $.alertmanager.nameOverride
[INFO] Auditing path $.alertmanager.persistence
[INFO] Auditing path $.alertmanager.persistence.accessModes
[INFO] Auditing path $.alertmanager.persistence.annotations
[INFO] Auditing path $.alertmanager.persistence.emptyDir
[INFO] Auditing path $.alertmanager.persistence.enabled
[INFO] Auditing path $.alertmanager.persistence.labels
[INFO] Auditing path $.alertmanager.persistence.size
[INFO] Auditing path $.alertmanager.podSecurityContext
[INFO] Auditing path $.alertmanager.podSecurityContext.fsGroup
[INFO] Auditing path $.alertmanager.podSecurityContext.runAsGroup
[INFO] Auditing path $.alertmanager.podSecurityContext.runAsNonRoot
[INFO] Auditing path $.alertmanager.podSecurityContext.runAsUser
[INFO] Auditing path $.alertmanager.prefixURL
[INFO] Auditing path $.alertmanager
[INFO] Auditing path $.commonMetaLabels
[INFO] Auditing path $.configmapReload.env
[INFO] Auditing path $.configmapReload.prometheus
[INFO] Auditing path $.configmapReload.prometheus.containerPort
[INFO] Auditing path $.configmapReload.prometheus.containerPortName
[INFO] Auditing path $.configmapReload.prometheus.containerSecurityContext
[INFO] Auditing path $.configmapReload.prometheus.enabled
[INFO] Auditing path $.configmapReload.prometheus.extraArgs
[INFO] Auditing path $.configmapReload.prometheus.extraArgs[*]
[INFO] Auditing path $.configmapReload.prometheus.extraConfigmapMounts
[INFO] Auditing path $.configmapReload.prometheus.extraConfigmapMounts[*].configMap
[INFO] Auditing path $.configmapReload.prometheus.extraConfigmapMounts[*].mountPath
[INFO] Auditing path $.configmapReload.prometheus.extraConfigmapMounts[*].name
[INFO] Auditing path $.configmapReload.prometheus.extraConfigmapMounts[*].optional
[INFO] Auditing path $.configmapReload.prometheus.extraConfigmapMounts[*].readOnly
[INFO] Auditing path $.configmapReload.prometheus.extraConfigmapMounts[*].subPath
[INFO] Auditing path $.configmapReload.prometheus.extraVolumeDirs
[INFO] Auditing path $.configmapReload.prometheus.extraVolumeDirs[*]
[INFO] Auditing path $.configmapReload.prometheus.extraVolumeMounts
[INFO] Auditing path $.configmapReload.prometheus.image
[INFO] Auditing path $.configmapReload.prometheus.image.digest
[INFO] Auditing path $.configmapReload.prometheus.image.pullPolicy
[INFO] Auditing path $.configmapReload.prometheus.image.repository
[INFO] Auditing path $.configmapReload.prometheus.image.tag
[INFO] Auditing path $.configmapReload.prometheus.livenessProbe
[INFO] Auditing path $.configmapReload.prometheus.livenessProbe.httpGet
[INFO] Auditing path $.configmapReload.prometheus.livenessProbe.httpGet.path
[INFO] Auditing path $.configmapReload.prometheus.livenessProbe.httpGet.port
[INFO] Auditing path $.configmapReload.prometheus.livenessProbe.httpGet.scheme
[INFO] Auditing path $.configmapReload.prometheus.livenessProbe.initialDelaySeconds
[INFO] Auditing path $.configmapReload.prometheus.livenessProbe.periodSeconds
[INFO] Auditing path $.configmapReload.prometheus.name
[INFO] Auditing path $.configmapReload.prometheus.readinessProbe
[INFO] Auditing path $.configmapReload.prometheus.readinessProbe.httpGet
[INFO] Auditing path $.configmapReload.prometheus.readinessProbe.httpGet.path
[INFO] Auditing path $.configmapReload.prometheus.readinessProbe.httpGet.port
[INFO] Auditing path $.configmapReload.prometheus.readinessProbe.httpGet.scheme
[INFO] Auditing path $.configmapReload.prometheus.readinessProbe.periodSeconds
[INFO] Auditing path $.configmapReload.prometheus.resources
[INFO] Auditing path $.configmapReload.prometheus.startupProbe
[INFO] Auditing path $.configmapReload.prometheus.startupProbe.enabled
[INFO] Auditing path $.configmapReload.prometheus.startupProbe.httpGet
[INFO] Auditing path $.configmapReload.prometheus.startupProbe.httpGet.path
[INFO] Auditing path $.configmapReload.prometheus.startupProbe.httpGet.port
[INFO] Auditing path $.configmapReload.prometheus.startupProbe.httpGet.scheme
[INFO] Auditing path $.configmapReload.prometheus.startupProbe.periodSeconds
[INFO] Auditing path $.configmapReload.reloadUrl
[INFO] Auditing path $.configmapReload
[INFO] Auditing path $.extraManifests[*]
[INFO] Auditing path $.extraManifests
[INFO] Auditing path $.extraScrapeConfigs
[INFO] Auditing path $.forceNamespace
[INFO] Auditing path $.imagePullSecrets
[INFO] Auditing path $["kube-state-metrics"].enabled
[INFO] Auditing path $["kube-state-metrics"]
[INFO] Auditing path $.networkPolicy.enabled
[INFO] Auditing path $.networkPolicy
[INFO] Auditing path $["prometheus-node-exporter"].containerSecurityContext
[INFO] Auditing path $["prometheus-node-exporter"].containerSecurityContext.allowPrivilegeEscalation
[INFO] Auditing path $["prometheus-node-exporter"].enabled
[INFO] Auditing path $["prometheus-node-exporter"].rbac
[INFO] Auditing path $["prometheus-node-exporter"].rbac.pspEnabled
[INFO] Auditing path $["prometheus-node-exporter"]
[INFO] Auditing path $["prometheus-pushgateway"].enabled
[INFO] Auditing path $["prometheus-pushgateway"].ingress
[INFO] Auditing path $["prometheus-pushgateway"].service
[INFO] Auditing path $["prometheus-pushgateway"].serviceAnnotations
[INFO] Auditing path $["prometheus-pushgateway"].serviceAnnotations["prometheus.io/probe"]
[INFO] Auditing path $["prometheus-pushgateway"]
[INFO] Auditing path $.rbac.create
[INFO] Auditing path $.rbac
[INFO] Auditing path $.ruleFiles[*]
[INFO] Auditing path $.ruleFiles
[INFO] Auditing path $.scrapeConfigFiles
[INFO] Auditing path $.scrapeConfigs[*]
[INFO] Auditing path $.scrapeConfigs[*].enabled
[INFO] Auditing path $.scrapeConfigs[*].job_name
[INFO] Auditing path $.scrapeConfigs["kubernetes-api-servers"]
[INFO] Auditing path $.scrapeConfigs["kubernetes-api-servers"].bearer_token_file
[INFO] Auditing path $.scrapeConfigs["kubernetes-api-servers"].enabled
[INFO] Auditing path $.scrapeConfigs["kubernetes-api-servers"].job_name
[INFO] Auditing path $.scrapeConfigs["kubernetes-api-servers"].kubernetes_sd_configs
[INFO] Auditing path $.scrapeConfigs["kubernetes-api-servers"].kubernetes_sd_configs[*].role
[INFO] Auditing path $.scrapeConfigs["kubernetes-api-servers"].relabel_configs
[INFO] Auditing path $.scrapeConfigs["kubernetes-api-servers"].relabel_configs[*].action
[INFO] Auditing path $.scrapeConfigs["kubernetes-api-servers"].relabel_configs[*].regex
[INFO] Auditing path $.scrapeConfigs["kubernetes-api-servers"].relabel_configs[*].source_labels
[INFO] Auditing path $.scrapeConfigs["kubernetes-api-servers"].scheme
[INFO] Auditing path $.scrapeConfigs["kubernetes-api-servers"].tls_config
[INFO] Auditing path $.scrapeConfigs["kubernetes-api-servers"].tls_config.ca_file
[INFO] Auditing path $.scrapeConfigs["kubernetes-nodes"]
[INFO] Auditing path $.scrapeConfigs["kubernetes-nodes"].bearer_token_file
[INFO] Auditing path $.scrapeConfigs["kubernetes-nodes"].enabled
[INFO] Auditing path $.scrapeConfigs["kubernetes-nodes"].job_name
[INFO] Auditing path $.scrapeConfigs["kubernetes-nodes"].kubernetes_sd_configs
[INFO] Auditing path $.scrapeConfigs["kubernetes-nodes"].kubernetes_sd_configs[*].role
[INFO] Auditing path $.scrapeConfigs["kubernetes-nodes"].relabel_configs
[INFO] Auditing path $.scrapeConfigs["kubernetes-nodes"].relabel_configs[*].action
[INFO] Auditing path $.scrapeConfigs["kubernetes-nodes"].relabel_configs[*].regex
[INFO] Auditing path $.scrapeConfigs["kubernetes-nodes"].scheme
[INFO] Auditing path $.scrapeConfigs["kubernetes-nodes"].tls_config
[INFO] Auditing path $.scrapeConfigs["kubernetes-nodes"].tls_config.ca_file
[INFO] Auditing path $.scrapeConfigs["kubernetes-nodes"].tls_config.insecure_skip_verify
[INFO] Auditing path $.scrapeConfigs["kubernetes-nodes-cadvisor"]
[INFO] Auditing path $.scrapeConfigs["kubernetes-nodes-cadvisor"].bearer_token_file
[INFO] Auditing path $.scrapeConfigs["kubernetes-nodes-cadvisor"].enabled
[INFO] Auditing path $.scrapeConfigs["kubernetes-nodes-cadvisor"].job_name
[INFO] Auditing path $.scrapeConfigs["kubernetes-nodes-cadvisor"].kubernetes_sd_configs
[INFO] Auditing path $.scrapeConfigs["kubernetes-nodes-cadvisor"].kubernetes_sd_configs[*].role
[INFO] Auditing path $.scrapeConfigs["kubernetes-nodes-cadvisor"].metrics_path
[INFO] Auditing path $.scrapeConfigs["kubernetes-nodes-cadvisor"].relabel_configs
[INFO] Auditing path $.scrapeConfigs["kubernetes-nodes-cadvisor"].relabel_configs[*].action
[INFO] Auditing path $.scrapeConfigs["kubernetes-nodes-cadvisor"].relabel_configs[*].regex
[INFO] Auditing path $.scrapeConfigs["kubernetes-nodes-cadvisor"].relabel_configs[*].source_labels
[INFO] Auditing path $.scrapeConfigs["kubernetes-nodes-cadvisor"].relabel_configs[*].target_label
[INFO] Auditing path $.scrapeConfigs["kubernetes-nodes-cadvisor"].scheme
[INFO] Auditing path $.scrapeConfigs["kubernetes-nodes-cadvisor"].tls_config
[INFO] Auditing path $.scrapeConfigs["kubernetes-nodes-cadvisor"].tls_config.ca_file
[INFO] Auditing path $.scrapeConfigs["kubernetes-nodes-cadvisor"].tls_config.insecure_skip_verify
[INFO] Auditing path $.scrapeConfigs["kubernetes-pods"]
[INFO] Auditing path $.scrapeConfigs["kubernetes-pods"].enabled
[INFO] Auditing path $.scrapeConfigs["kubernetes-pods"].honor_labels
[INFO] Auditing path $.scrapeConfigs["kubernetes-pods"].job_name
[INFO] Auditing path $.scrapeConfigs["kubernetes-pods"].kubernetes_sd_configs
[INFO] Auditing path $.scrapeConfigs["kubernetes-pods"].kubernetes_sd_configs[*].role
[INFO] Auditing path $.scrapeConfigs["kubernetes-pods"].relabel_configs
[INFO] Auditing path $.scrapeConfigs["kubernetes-pods"].relabel_configs[*].action
[INFO] Auditing path $.scrapeConfigs["kubernetes-pods"].relabel_configs[*].regex
[INFO] Auditing path $.scrapeConfigs["kubernetes-pods"].relabel_configs[*].replacement
[INFO] Auditing path $.scrapeConfigs["kubernetes-pods"].relabel_configs[*].source_labels
[INFO] Auditing path $.scrapeConfigs["kubernetes-pods"].relabel_configs[*].target_label
[INFO] Auditing path $.scrapeConfigs["kubernetes-pods-slow"]
[INFO] Auditing path $.scrapeConfigs["kubernetes-pods-slow"].enabled
[INFO] Auditing path $.scrapeConfigs["kubernetes-pods-slow"].honor_labels
[INFO] Auditing path $.scrapeConfigs["kubernetes-pods-slow"].job_name
[INFO] Auditing path $.scrapeConfigs["kubernetes-pods-slow"].kubernetes_sd_configs
[INFO] Auditing path $.scrapeConfigs["kubernetes-pods-slow"].kubernetes_sd_configs[*].role
[INFO] Auditing path $.scrapeConfigs["kubernetes-pods-slow"].relabel_configs
[INFO] Auditing path $.scrapeConfigs["kubernetes-pods-slow"].relabel_configs[*].action
[INFO] Auditing path $.scrapeConfigs["kubernetes-pods-slow"].relabel_configs[*].regex
[INFO] Auditing path $.scrapeConfigs["kubernetes-pods-slow"].relabel_configs[*].replacement
[INFO] Auditing path $.scrapeConfigs["kubernetes-pods-slow"].relabel_configs[*].source_labels
[INFO] Auditing path $.scrapeConfigs["kubernetes-pods-slow"].relabel_configs[*].target_label
[INFO] Auditing path $.scrapeConfigs["kubernetes-pods-slow"].scrape_interval
[INFO] Auditing path $.scrapeConfigs["kubernetes-pods-slow"].scrape_timeout
[INFO] Auditing path $.scrapeConfigs["kubernetes-service-endpoints"]
[INFO] Auditing path $.scrapeConfigs["kubernetes-service-endpoints"].enabled
[INFO] Auditing path $.scrapeConfigs["kubernetes-service-endpoints"].honor_labels
[INFO] Auditing path $.scrapeConfigs["kubernetes-service-endpoints"].job_name
[INFO] Auditing path $.scrapeConfigs["kubernetes-service-endpoints"].kubernetes_sd_configs
[INFO] Auditing path $.scrapeConfigs["kubernetes-service-endpoints"].kubernetes_sd_configs[*].role
[INFO] Auditing path $.scrapeConfigs["kubernetes-service-endpoints"].relabel_configs
[INFO] Auditing path $.scrapeConfigs["kubernetes-service-endpoints"].relabel_configs[*].action
[INFO] Auditing path $.scrapeConfigs["kubernetes-service-endpoints"].relabel_configs[*].regex
[INFO] Auditing path $.scrapeConfigs["kubernetes-service-endpoints"].relabel_configs[*].replacement
[INFO] Auditing path $.scrapeConfigs["kubernetes-service-endpoints"].relabel_configs[*].source_labels
[INFO] Auditing path $.scrapeConfigs["kubernetes-service-endpoints"].relabel_configs[*].target_label
[INFO] Auditing path $.scrapeConfigs["kubernetes-service-endpoints-slow"]
[INFO] Auditing path $.scrapeConfigs["kubernetes-service-endpoints-slow"].enabled
[INFO] Auditing path $.scrapeConfigs["kubernetes-service-endpoints-slow"].honor_labels
[INFO] Auditing path $.scrapeConfigs["kubernetes-service-endpoints-slow"].job_name
[INFO] Auditing path $.scrapeConfigs["kubernetes-service-endpoints-slow"].kubernetes_sd_configs
[INFO] Auditing path $.scrapeConfigs["kubernetes-service-endpoints-slow"].kubernetes_sd_configs[*].role
[INFO] Auditing path $.scrapeConfigs["kubernetes-service-endpoints-slow"].relabel_configs
[INFO] Auditing path $.scrapeConfigs["kubernetes-service-endpoints-slow"].relabel_configs[*].action
[INFO] Auditing path $.scrapeConfigs["kubernetes-service-endpoints-slow"].relabel_configs[*].regex
[INFO] Auditing path $.scrapeConfigs["kubernetes-service-endpoints-slow"].relabel_configs[*].replacement
[INFO] Auditing path $.scrapeConfigs["kubernetes-service-endpoints-slow"].relabel_configs[*].source_labels
[INFO] Auditing path $.scrapeConfigs["kubernetes-service-endpoints-slow"].relabel_configs[*].target_label
[INFO] Auditing path $.scrapeConfigs["kubernetes-service-endpoints-slow"].scrape_interval
[INFO] Auditing path $.scrapeConfigs["kubernetes-service-endpoints-slow"].scrape_timeout
[INFO] Auditing path $.scrapeConfigs["kubernetes-services"]
[INFO] Auditing path $.scrapeConfigs["kubernetes-services"].enabled
[INFO] Auditing path $.scrapeConfigs["kubernetes-services"].honor_labels
[INFO] Auditing path $.scrapeConfigs["kubernetes-services"].job_name
[INFO] Auditing path $.scrapeConfigs["kubernetes-services"].kubernetes_sd_configs
[INFO] Auditing path $.scrapeConfigs["kubernetes-services"].kubernetes_sd_configs[*].role
[INFO] Auditing path $.scrapeConfigs["kubernetes-services"].metrics_path
[INFO] Auditing path $.scrapeConfigs["kubernetes-services"].params
[INFO] Auditing path $.scrapeConfigs["kubernetes-services"].params.module
[INFO] Auditing path $.scrapeConfigs["kubernetes-services"].relabel_configs
[INFO] Auditing path $.scrapeConfigs["kubernetes-services"].relabel_configs[*].action
[INFO] Auditing path $.scrapeConfigs["kubernetes-services"].relabel_configs[*].regex
[INFO] Auditing path $.scrapeConfigs["kubernetes-services"].relabel_configs[*].replacement
[INFO] Auditing path $.scrapeConfigs["kubernetes-services"].relabel_configs[*].source_labels
[INFO] Auditing path $.scrapeConfigs["kubernetes-services"].relabel_configs[*].target_label
[INFO] Auditing path $.scrapeConfigs.prometheus
[INFO] Auditing path $.scrapeConfigs.prometheus.enabled
[INFO] Auditing path $.scrapeConfigs.prometheus.job_name
[INFO] Auditing path $.scrapeConfigs.prometheus.static_configs
[INFO] Auditing path $.scrapeConfigs.prometheus.static_configs[*].targets
[INFO] Auditing path $.scrapeConfigs["prometheus-pushgateway"]
[INFO] Auditing path $.scrapeConfigs["prometheus-pushgateway"].enabled
[INFO] Auditing path $.scrapeConfigs["prometheus-pushgateway"].honor_labels
[INFO] Auditing path $.scrapeConfigs["prometheus-pushgateway"].job_name
[INFO] Auditing path $.scrapeConfigs["prometheus-pushgateway"].kubernetes_sd_configs
[INFO] Auditing path $.scrapeConfigs["prometheus-pushgateway"].kubernetes_sd_configs[*].role
[INFO] Auditing path $.scrapeConfigs["prometheus-pushgateway"].relabel_configs
[INFO] Auditing path $.scrapeConfigs["prometheus-pushgateway"].relabel_configs[*].action
[INFO] Auditing path $.scrapeConfigs["prometheus-pushgateway"].relabel_configs[*].regex
[INFO] Auditing path $.scrapeConfigs["prometheus-pushgateway"].relabel_configs[*].source_labels
[INFO] Auditing path $.scrapeConfigs
[INFO] Auditing path $.server.affinity
[INFO] Auditing path $.server.alertmanagers
[INFO] Auditing path $.server.automountServiceAccountToken
[INFO] Auditing path $.server.baseURL
[INFO] Auditing path $.server.clusterRoleNameOverride
[INFO] Auditing path $.server.command
[INFO] Auditing path $.server.configFromSecret
[INFO] Auditing path $.server.configMapAnnotations
[INFO] Auditing path $.server.configMapOverrideName
[INFO] Auditing path $.server.configPath
[INFO] Auditing path $.server.containerSecurityContext
[INFO] Auditing path $.server.daemonSet
[INFO] Auditing path $.server.daemonSet.annotations
[INFO] Auditing path $.server.daemonSet.enabled
[INFO] Auditing path $.server.daemonSet.labels
[INFO] Auditing path $.server.defaultFlagsOverride
[INFO] Auditing path $.server.deploymentAnnotations
[INFO] Auditing path $.server.dnsConfig
[INFO] Auditing path $.server.dnsPolicy
[INFO] Auditing path $.server.emptyDir
[INFO] Auditing path $.server.emptyDir.medium
[INFO] Auditing path $.server.emptyDir.sizeLimit
[INFO] Auditing path $.server.enableServiceLinks
[INFO] Auditing path $.server.env
[INFO] Auditing path $.server.exemplars
[INFO] Auditing path $.server.extraArgs
[INFO] Auditing path $.server.extraConfigmapLabels
[INFO] Auditing path $.server.extraConfigmapMounts
[INFO] Auditing path $.server.extraConfigmapMounts[*].configMap
[INFO] Auditing path $.server.extraConfigmapMounts[*].mountPath
[INFO] Auditing path $.server.extraConfigmapMounts[*].name
[INFO] Auditing path $.server.extraConfigmapMounts[*].readOnly
[INFO] Auditing path $.server.extraConfigmapMounts[*].subPath
[INFO] Auditing path $.server.extraFlags
[INFO] Auditing path $.server.extraFlags[*]
[INFO] Auditing path $.server.extraHostPathMounts
[INFO] Auditing path $.server.extraHostPathMounts[*].hostPath
[INFO] Auditing path $.server.extraHostPathMounts[*].mountPath
[INFO] Auditing path $.server.extraHostPathMounts[*].name
[INFO] Auditing path $.server.extraHostPathMounts[*].readOnly
[INFO] Auditing path $.server.extraHostPathMounts[*].subPath
[INFO] Auditing path $.server.extraInitContainers
[INFO] Auditing path $.server.extraSecretMounts
[INFO] Auditing path $.server.extraSecretMounts[*].mountPath
[INFO] Auditing path $.server.extraSecretMounts[*].name
[INFO] Auditing path $.server.extraSecretMounts[*].optional
[INFO] Auditing path $.server.extraSecretMounts[*].readOnly
[INFO] Auditing path $.server.extraSecretMounts[*].secretName
[INFO] Auditing path $.server.extraSecretMounts[*].subPath
[INFO] Auditing path $.server.extraVolumeMounts
[INFO] Auditing path $.server.extraVolumes
[INFO] Auditing path $.server.fullnameOverride
[INFO] Auditing path $.server.global
[INFO] Auditing path $.server.global.evaluation_interval
[INFO] Auditing path $.server.global.scrape_interval
[INFO] Auditing path $.server.global.scrape_timeout
[INFO] Auditing path $.server.hostAliases
[INFO] Auditing path $.server.hostNetwork
[INFO] Auditing path $.server.hostPort
[INFO] Auditing path $.server.image
[INFO] Auditing path $.server.image.digest
[INFO] Auditing path $.server.image.distroless
[INFO] Auditing path $.server.image.pullPolicy
[INFO] Auditing path $.server.image.repository
[INFO] Auditing path $.server.image.tag
[INFO] Auditing path $.server.ingress
[INFO] Auditing path $.server.ingress.annotations
[INFO] Auditing path $.server.ingress.enabled
[INFO] Auditing path $.server.ingress.extraLabels
[INFO] Auditing path $.server.ingress.extraLabels[*]
[INFO] Auditing path $.server.ingress.extraPaths
[INFO] Auditing path $.server.ingress.hosts
[INFO] Auditing path $.server.ingress.hosts[*]
[INFO] Auditing path $.server.ingress.ingressClassName
[INFO] Auditing path $.server.ingress.path
[INFO] Auditing path $.server.ingress.pathType
[INFO] Auditing path $.server.ingress.servicePort
[INFO] Auditing path $.server.ingress.tls
[INFO] Auditing path $.server.livenessProbeFailureThreshold
[INFO] Auditing path $.server.livenessProbeInitialDelay
[INFO] Auditing path $.server.livenessProbePeriodSeconds
[INFO] Auditing path $.server.livenessProbeSuccessThreshold
[INFO] Auditing path $.server.livenessProbeTimeout
[INFO] Auditing path $.server.name
[INFO] Auditing path $.server.namespaces
[INFO] Auditing path $.server.nodeSelector
[INFO] Auditing path $.server.otlp
[INFO] Auditing path $.server.persistentVolume
[INFO] Auditing path $.server.persistentVolume.accessModes
[INFO] Auditing path $.server.persistentVolume.accessModes[*]
[INFO] Auditing path $.server.persistentVolume.annotations
[INFO] Auditing path $.server.persistentVolume.enabled
[INFO] Auditing path $.server.persistentVolume.existingClaim
[INFO] Auditing path $.server.persistentVolume.labels
[INFO] Auditing path $.server.persistentVolume.mountPath
[INFO] Auditing path $.server.persistentVolume.selector
[INFO] Auditing path $.server.persistentVolume.size
[INFO] Auditing path $.server.persistentVolume.statefulSetNameOverride
[INFO] Auditing path $.server.persistentVolume.storageClass
[INFO] Auditing path $.server.persistentVolume.subPath
[INFO] Auditing path $.server.persistentVolume.volumeName
[INFO] Auditing path $.server.podAnnotations
[INFO] Auditing path $.server.podAntiAffinity
[INFO] Auditing path $.server.podAntiAffinityTopologyKey
[INFO] Auditing path $.server.podDisruptionBudget
[INFO] Auditing path $.server.podDisruptionBudget.enabled
[INFO] Auditing path $.server.podDisruptionBudget.maxUnavailable
[INFO] Auditing path $.server.podLabels
[INFO] Auditing path $.server.portName
[INFO] Auditing path $.server.prefixURL
[INFO] Auditing path $.server.priorityClassName
[INFO] Auditing path $.server.probeHeaders
[INFO] Auditing path $.server.probeHeaders[*].name
[INFO] Auditing path $.server.probeHeaders[*].value
[INFO] Auditing path $.server.probeScheme
[INFO] Auditing path $.server.readinessProbeFailureThreshold
[INFO] Auditing path $.server.readinessProbeInitialDelay
[INFO] Auditing path $.server.readinessProbePeriodSeconds
[INFO] Auditing path $.server.readinessProbeSuccessThreshold
[INFO] Auditing path $.server.readinessProbeTimeout
[INFO] Auditing path $.server.releaseNamespace
[INFO] Auditing path $.server.remoteRead
[INFO] Auditing path $.server.remoteWrite
[INFO] Auditing path $.server.replicaCount
[INFO] Auditing path $.server.resources
[INFO] Auditing path $.server.retention
[INFO] Auditing path $.server.retentionSize
[INFO] Auditing path $.server.revisionHistoryLimit
[INFO] Auditing path $.server.route
[INFO] Auditing path $.server.route[*].additionalRules
[INFO] Auditing path $.server.route[*].annotations
[INFO] Auditing path $.server.route[*].apiVersion
[INFO] Auditing path $.server.route[*].enabled
[INFO] Auditing path $.server.route[*].filters
[INFO] Auditing path $.server.route[*].hostnames
[INFO] Auditing path $.server.route[*].httpsRedirect
[INFO] Auditing path $.server.route[*].kind
[INFO] Auditing path $.server.route[*].labels
[INFO] Auditing path $.server.route[*].matches
[INFO] Auditing path $.server.route[*].parentRefs
[INFO] Auditing path $.server.route.main
[INFO] Auditing path $.server.route.main.additionalRules
[INFO] Auditing path $.server.route.main.annotations
[INFO] Auditing path $.server.route.main.apiVersion
[INFO] Auditing path $.server.route.main.enabled
[INFO] Auditing path $.server.route.main.filters
[INFO] Auditing path $.server.route.main.hostnames
[INFO] Auditing path $.server.route.main.httpsRedirect
[INFO] Auditing path $.server.route.main.kind
[INFO] Auditing path $.server.route.main.labels
[INFO] Auditing path $.server.route.main.matches
[INFO] Auditing path $.server.route.main.matches[*].path
[INFO] Auditing path $.server.route.main.matches[*].path.type
[INFO] Auditing path $.server.route.main.matches[*].path.value
[INFO] Auditing path $.server.route.main.parentRefs
[INFO] Auditing path $.server.runtimeClassName
[INFO] Auditing path $.server.schedulerName
[INFO] Auditing path $.server.securityContext
[INFO] Auditing path $.server.securityContext.fsGroup
[INFO] Auditing path $.server.securityContext.runAsGroup
[INFO] Auditing path $.server.securityContext.runAsNonRoot
[INFO] Auditing path $.server.securityContext.runAsUser
[INFO] Auditing path $.server.service
[INFO] Auditing path $.server.service.additionalPorts
[INFO] Auditing path $.server.service.annotations
[INFO] Auditing path $.server.service.clusterIP
[INFO] Auditing path $.server.service.enabled
[INFO] Auditing path $.server.service.externalIPs
[INFO] Auditing path $.server.service.externalTrafficPolicy
[INFO] Auditing path $.server.service.gRPC
[INFO] Auditing path $.server.service.gRPC.enabled
[INFO] Auditing path $.server.service.gRPC.nodePort
[INFO] Auditing path $.server.service.gRPC.servicePort
[INFO] Auditing path $.server.service.gRPC.type
[INFO] Auditing path $.server.service.labels
[INFO] Auditing path $.server.service.loadBalancerClass
[INFO] Auditing path $.server.service.loadBalancerIP
[INFO] Auditing path $.server.service.loadBalancerSourceRanges
[INFO] Auditing path $.server.service.loadBalancerSourceRanges[*]
[INFO] Auditing path $.server.service.nodePort
[INFO] Auditing path $.server.service.servicePort
[INFO] Auditing path $.server.service.sessionAffinity
[INFO] Auditing path $.server.service.statefulsetReplica
[INFO] Auditing path $.server.service.statefulsetReplica.enabled
[INFO] Auditing path $.server.service.statefulsetReplica.replica
[INFO] Auditing path $.server.service.type
[INFO] Auditing path $.server.sidecarContainers
[INFO] Auditing path $.server.sidecarContainers[*]
[INFO] Auditing path $.server.sidecarTemplateValues
[INFO] Auditing path $.server.startupProbe
[INFO] Auditing path $.server.startupProbe.enabled
[INFO] Auditing path $.server.startupProbe.failureThreshold
[INFO] Auditing path $.server.startupProbe.periodSeconds
[INFO] Auditing path $.server.startupProbe.timeoutSeconds
[INFO] Auditing path $.server.statefulSet
[INFO] Auditing path $.server.statefulSet.annotations
[INFO] Auditing path $.server.statefulSet.enabled
[INFO] Auditing path $.server.statefulSet.headless
[INFO] Auditing path $.server.statefulSet.headless.annotations
[INFO] Auditing path $.server.statefulSet.headless.gRPC
[INFO] Auditing path $.server.statefulSet.headless.gRPC.enabled
[INFO] Auditing path $.server.statefulSet.headless.gRPC.servicePort
[INFO] Auditing path $.server.statefulSet.headless.labels
[INFO] Auditing path $.server.statefulSet.headless.servicePort
[INFO] Auditing path $.server.statefulSet.labels
[INFO] Auditing path $.server.statefulSet.podManagementPolicy
[INFO] Auditing path $.server.statefulSet.pvcDeleteOnStsDelete
[INFO] Auditing path $.server.statefulSet.pvcDeleteOnStsScale
[INFO] Auditing path $.server.statefulSet.updateStrategy
[INFO] Auditing path $.server.storagePath
[INFO] Auditing path $.server.strategy
[INFO] Auditing path $.server.strategy.type
[INFO] Auditing path $.server.tcpSocketProbeEnabled
[INFO] Auditing path $.server.terminationGracePeriodSeconds
[INFO] Auditing path $.server.tolerations
[INFO] Auditing path $.server.topologySpreadConstraints
[INFO] Auditing path $.server.tsdb
[INFO] Auditing path $.server.useExistingClusterRoleName
[INFO] Auditing path $.server.verticalAutoscaler
[INFO] Auditing path $.server.verticalAutoscaler.containerPolicies
[INFO] Auditing path $.server.verticalAutoscaler.enabled
[INFO] Auditing path $.server.verticalAutoscaler.updateMode
[INFO] Auditing path $.server
[INFO] Auditing path $.serverFiles[*]
[INFO] Auditing path $.serverFiles[*][*]
[INFO] Auditing path $.serverFiles[*].groups
[INFO] Auditing path $.serverFiles[*].scrape_configs
[INFO] Auditing path $.serverFiles["alerting_rules.yml"]
[INFO] Auditing path $.serverFiles.alerts
[INFO] Auditing path $.serverFiles["prometheus.yml"]
[INFO] Auditing path $.serverFiles["prometheus.yml"].rule_files
[INFO] Auditing path $.serverFiles["prometheus.yml"].rule_files[*]
[INFO] Auditing path $.serverFiles["prometheus.yml"].scrape_configs
[INFO] Auditing path $.serverFiles["prometheus.yml"].scrape_configs[*]
[INFO] Auditing path $.serverFiles["prometheus.yml"].scrape_configs[*].job_name
[INFO] Auditing path $.serverFiles["prometheus.yml"].scrape_configs[*].static_configs
[INFO] Auditing path $.serverFiles["prometheus.yml"].scrape_configs[*].static_configs[*]
[INFO] Auditing path $.serverFiles["prometheus.yml"].scrape_configs[*].static_configs[*].targets
[INFO] Auditing path $.serverFiles["prometheus.yml"].scrape_configs[*].static_configs[*].targets[*]
[INFO] Auditing path $.serverFiles["recording_rules.yml"]
[INFO] Auditing path $.serverFiles.rules
[INFO] Auditing path $.serverFiles
[INFO] Auditing path $.serviceAccounts.server
[INFO] Auditing path $.serviceAccounts.server.annotations
[INFO] Auditing path $.serviceAccounts.server.automountServiceAccountToken
[INFO] Auditing path $.serviceAccounts.server.create
[INFO] Auditing path $.serviceAccounts.server.name
[INFO] Auditing path $.serviceAccounts
