[INFO] Auditing path $.cainjector.affinity
[INFO] Auditing path $.cainjector.args
[INFO] Auditing path $.cainjector.automountServiceAccountToken
[INFO] Auditing path $.cainjector.command
[INFO] Auditing path $.cainjector.containerSecurityContext
[INFO] Auditing path $.cainjector.containerSecurityContext.allowPrivilegeEscalation
[INFO] Auditing path $.cainjector.containerSecurityContext.capabilities
[INFO] Auditing path $.cainjector.containerSecurityContext.capabilities.drop
[INFO] Auditing path $.cainjector.containerSecurityContext.enabled
[INFO] Auditing path $.cainjector.containerSecurityContext.privileged
[INFO] Auditing path $.cainjector.containerSecurityContext.readOnlyRootFilesystem
[INFO] Auditing path $.cainjector.containerSecurityContext.runAsGroup
[INFO] Auditing path $.cainjector.containerSecurityContext.runAsNonRoot
[INFO] Auditing path $.cainjector.containerSecurityContext.runAsUser
[INFO] Auditing path $.cainjector.containerSecurityContext.seLinuxOptions
[INFO] Auditing path $.cainjector.containerSecurityContext.seccompProfile
[INFO] Auditing path $.cainjector.containerSecurityContext.seccompProfile.type
[INFO] Auditing path $.cainjector.customLivenessProbe
[INFO] Auditing path $.cainjector.customReadinessProbe
[INFO] Auditing path $.cainjector.customStartupProbe
[INFO] Auditing path $.cainjector.extraArgs
[INFO] Auditing path $.cainjector.extraEnvVars
[INFO] Auditing path $.cainjector.extraEnvVarsCM
[INFO] Auditing path $.cainjector.extraEnvVarsSecret
[INFO] Auditing path $.cainjector.extraVolumeMounts
[INFO] Auditing path $.cainjector.extraVolumes
[INFO] Auditing path $.cainjector.hostAliases
[INFO] Auditing path $.cainjector.image
[INFO] Auditing path $.cainjector.image.debug
[INFO] Auditing path $.cainjector.image.digest
[INFO] Auditing path $.cainjector.image.pullPolicy
[INFO] Auditing path $.cainjector.image.pullSecrets
[INFO] Auditing path $.cainjector.image.registry
[INFO] Auditing path $.cainjector.image.repository
[INFO] Auditing path $.cainjector.image.tag
[INFO] Auditing path $.cainjector.initContainers
[INFO] Auditing path $.cainjector.lifecycleHooks
[INFO] Auditing path $.cainjector.livenessProbe
[INFO] Auditing path $.cainjector.livenessProbe.enabled
[INFO] Auditing path $.cainjector.livenessProbe.failureThreshold
[INFO] Auditing path $.cainjector.livenessProbe.initialDelaySeconds
[INFO] Auditing path $.cainjector.livenessProbe.periodSeconds
[INFO] Auditing path $.cainjector.livenessProbe.successThreshold
[INFO] Auditing path $.cainjector.livenessProbe.timeoutSeconds
[INFO] Auditing path $.cainjector.networkPolicy
[INFO] Auditing path $.cainjector.networkPolicy.allowExternalEgress
[INFO] Auditing path $.cainjector.networkPolicy.enabled
[INFO] Auditing path $.cainjector.networkPolicy.extraEgress
[INFO] Auditing path $.cainjector.networkPolicy.extraIngress
[INFO] Auditing path $.cainjector.networkPolicy.kubeAPIServerPorts
[INFO] Auditing path $.cainjector.networkPolicy.kubeAPIServerPorts[*]
[INFO] Auditing path $.cainjector.nodeAffinityPreset
[INFO] Auditing path $.cainjector.nodeAffinityPreset.key
[INFO] Auditing path $.cainjector.nodeAffinityPreset.type
[INFO] Auditing path $.cainjector.nodeAffinityPreset.values
[INFO] Auditing path $.cainjector.nodeSelector
[INFO] Auditing path $.cainjector.pdb
[INFO] Auditing path $.cainjector.pdb.create
[INFO] Auditing path $.cainjector.pdb.maxUnavailable
[INFO] Auditing path $.cainjector.pdb.minAvailable
[INFO] Auditing path $.cainjector.podAffinityPreset
[INFO] Auditing path $.cainjector.podAnnotations
[INFO] Auditing path $.cainjector.podAntiAffinityPreset
[INFO] Auditing path $.cainjector.podLabels
[INFO] Auditing path $.cainjector.podSecurityContext
[INFO] Auditing path $.cainjector.podSecurityContext.enabled
[INFO] Auditing path $.cainjector.podSecurityContext.fsGroup
[INFO] Auditing path $.cainjector.podSecurityContext.fsGroupChangePolicy
[INFO] Auditing path $.cainjector.podSecurityContext.supplementalGroups
[INFO] Auditing path $.cainjector.podSecurityContext.sysctls
[INFO] Auditing path $.cainjector.priorityClassName
[INFO] Auditing path $.cainjector.readinessProbe
[INFO] Auditing path $.cainjector.readinessProbe.enabled
[INFO] Auditing path $.cainjector.readinessProbe.failureThreshold
[INFO] Auditing path $.cainjector.readinessProbe.initialDelaySeconds
[INFO] Auditing path $.cainjector.readinessProbe.periodSeconds
[INFO] Auditing path $.cainjector.readinessProbe.successThreshold
[INFO] Auditing path $.cainjector.readinessProbe.timeoutSeconds
[INFO] Auditing path $.cainjector.replicaCount
[INFO] Auditing path $.cainjector.resources
[INFO] Auditing path $.cainjector.resourcesPreset
[INFO] Auditing path $.cainjector.runtimeClassName
[INFO] Auditing path $.cainjector.schedulerName
[INFO] Auditing path $.cainjector.serviceAccount
[INFO] Auditing path $.cainjector.serviceAccount.annotations
[INFO] Auditing path $.cainjector.serviceAccount.automountServiceAccountToken
[INFO] Auditing path $.cainjector.serviceAccount.create
[INFO] Auditing path $.cainjector.serviceAccount.name
[INFO] Auditing path $.cainjector.sidecars
[INFO] Auditing path $.cainjector.startupProbe
[INFO] Auditing path $.cainjector.startupProbe.enabled
[INFO] Auditing path $.cainjector.startupProbe.failureThreshold
[INFO] Auditing path $.cainjector.startupProbe.initialDelaySeconds
[INFO] Auditing path $.cainjector.startupProbe.periodSeconds
[INFO] Auditing path $.cainjector.startupProbe.successThreshold
[INFO] Auditing path $.cainjector.startupProbe.timeoutSeconds
[INFO] Auditing path $.cainjector.tolerations
[INFO] Auditing path $.cainjector.topologySpreadConstraints
[INFO] Auditing path $.cainjector.updateStrategy
[INFO] Auditing path $.cainjector.updateStrategy.rollingUpdate
[INFO] Auditing path $.cainjector.updateStrategy.type
[INFO] Auditing path $.cainjector
[INFO] Auditing path $.clusterResourceNamespace
[INFO] Auditing path $.commonAnnotations
[INFO] Auditing path $.commonLabels
[INFO] Auditing path $.controller.acmesolver
[INFO] Auditing path $.controller.acmesolver.image
[INFO] Auditing path $.controller.acmesolver.image.debug
[INFO] Auditing path $.controller.acmesolver.image.digest
[INFO] Auditing path $.controller.acmesolver.image.pullPolicy
[INFO] Auditing path $.controller.acmesolver.image.pullSecrets
[INFO] Auditing path $.controller.acmesolver.image.registry
[INFO] Auditing path $.controller.acmesolver.image.repository
[INFO] Auditing path $.controller.acmesolver.image.tag
[INFO] Auditing path $.controller.affinity
[INFO] Auditing path $.controller.args
[INFO] Auditing path $.controller.automountServiceAccountToken
[INFO] Auditing path $.controller.command
[INFO] Auditing path $.controller.containerPort
[INFO] Auditing path $.controller.containerPorts
[INFO] Auditing path $.controller.containerPorts.health
[INFO] Auditing path $.controller.containerPorts.http
[INFO] Auditing path $.controller.containerSecurityContext
[INFO] Auditing path $.controller.containerSecurityContext.allowPrivilegeEscalation
[INFO] Auditing path $.controller.containerSecurityContext.capabilities
[INFO] Auditing path $.controller.containerSecurityContext.capabilities.drop
[INFO] Auditing path $.controller.containerSecurityContext.enabled
[INFO] Auditing path $.controller.containerSecurityContext.privileged
[INFO] Auditing path $.controller.containerSecurityContext.readOnlyRootFilesystem
[INFO] Auditing path $.controller.containerSecurityContext.runAsGroup
[INFO] Auditing path $.controller.containerSecurityContext.runAsNonRoot
[INFO] Auditing path $.controller.containerSecurityContext.runAsUser
[INFO] Auditing path $.controller.containerSecurityContext.seLinuxOptions
[INFO] Auditing path $.controller.containerSecurityContext.seccompProfile
[INFO] Auditing path $.controller.containerSecurityContext.seccompProfile.type
[INFO] Auditing path $.controller.customLivenessProbe
[INFO] Auditing path $.controller.customReadinessProbe
[INFO] Auditing path $.controller.customStartupProbe
[INFO] Auditing path $.controller.dnsConfig
[INFO] Auditing path $.controller.dnsPolicy
[INFO] Auditing path $.controller.extraArgs
[INFO] Auditing path $.controller.extraEnvVars
[INFO] Auditing path $.controller.extraEnvVarsCM
[INFO] Auditing path $.controller.extraEnvVarsSecret
[INFO] Auditing path $.controller.extraVolumeMounts
[INFO] Auditing path $.controller.extraVolumes
[INFO] Auditing path $.controller.hostAliases
[INFO] Auditing path $.controller.image
[INFO] Auditing path $.controller.image.debug
[INFO] Auditing path $.controller.image.digest
[INFO] Auditing path $.controller.image.pullPolicy
[INFO] Auditing path $.controller.image.pullSecrets
[INFO] Auditing path $.controller.image.registry
[INFO] Auditing path $.controller.image.repository
[INFO] Auditing path $.controller.image.tag
[INFO] Auditing path $.controller.initContainers
[INFO] Auditing path $.controller.lifecycleHooks
[INFO] Auditing path $.controller.livenessProbe
[INFO] Auditing path $.controller.livenessProbe.enabled
[INFO] Auditing path $.controller.livenessProbe.failureThreshold
[INFO] Auditing path $.controller.livenessProbe.initialDelaySeconds
[INFO] Auditing path $.controller.livenessProbe.periodSeconds
[INFO] Auditing path $.controller.livenessProbe.successThreshold
[INFO] Auditing path $.controller.livenessProbe.timeoutSeconds
[INFO] Auditing path $.controller.networkPolicy
[INFO] Auditing path $.controller.networkPolicy.allowExternal
[INFO] Auditing path $.controller.networkPolicy.allowExternalEgress
[INFO] Auditing path $.controller.networkPolicy.enabled
[INFO] Auditing path $.controller.networkPolicy.extraEgress
[INFO] Auditing path $.controller.networkPolicy.extraIngress
[INFO] Auditing path $.controller.networkPolicy.ingressNSMatchLabels
[INFO] Auditing path $.controller.networkPolicy.ingressNSMatchLabels[*]
[INFO] Auditing path $.controller.networkPolicy.ingressNSPodMatchLabels
[INFO] Auditing path $.controller.networkPolicy.ingressNSPodMatchLabels[*]
[INFO] Auditing path $.controller.networkPolicy.kubeAPIServerPorts
[INFO] Auditing path $.controller.networkPolicy.kubeAPIServerPorts[*]
[INFO] Auditing path $.controller.nodeAffinityPreset
[INFO] Auditing path $.controller.nodeAffinityPreset.key
[INFO] Auditing path $.controller.nodeAffinityPreset.type
[INFO] Auditing path $.controller.nodeAffinityPreset.values
[INFO] Auditing path $.controller.nodeSelector
[INFO] Auditing path $.controller.pdb
[INFO] Auditing path $.controller.pdb.create
[INFO] Auditing path $.controller.pdb.maxUnavailable
[INFO] Auditing path $.controller.pdb.minAvailable
[INFO] Auditing path $.controller.podAffinityPreset
[INFO] Auditing path $.controller.podAnnotations
[INFO] Auditing path $.controller.podAntiAffinityPreset
[INFO] Auditing path $.controller.podLabels
[INFO] Auditing path $.controller.podSecurityContext
[INFO] Auditing path $.controller.podSecurityContext.enabled
[INFO] Auditing path $.controller.podSecurityContext.fsGroup
[INFO] Auditing path $.controller.podSecurityContext.fsGroupChangePolicy
[INFO] Auditing path $.controller.podSecurityContext.supplementalGroups
[INFO] Auditing path $.controller.podSecurityContext.sysctls
[INFO] Auditing path $.controller.priorityClassName
[INFO] Auditing path $.controller.readinessProbe
[INFO] Auditing path $.controller.readinessProbe.enabled
[INFO] Auditing path $.controller.readinessProbe.failureThreshold
[INFO] Auditing path $.controller.readinessProbe.initialDelaySeconds
[INFO] Auditing path $.controller.readinessProbe.periodSeconds
[INFO] Auditing path $.controller.readinessProbe.successThreshold
[INFO] Auditing path $.controller.readinessProbe.timeoutSeconds
[INFO] Auditing path $.controller.replicaCount
[INFO] Auditing path $.controller.resources
[INFO] Auditing path $.controller.resourcesPreset
[INFO] Auditing path $.controller.runtimeClassName
[INFO] Auditing path $.controller.schedulerName
[INFO] Auditing path $.controller.serviceAccount
[INFO] Auditing path $.controller.serviceAccount.annotations
[INFO] Auditing path $.controller.serviceAccount.automountServiceAccountToken
[INFO] Auditing path $.controller.serviceAccount.create
[INFO] Auditing path $.controller.serviceAccount.name
[INFO] Auditing path $.controller.sidecars
[INFO] Auditing path $.controller.startupProbe
[INFO] Auditing path $.controller.startupProbe.enabled
[INFO] Auditing path $.controller.startupProbe.failureThreshold
[INFO] Auditing path $.controller.startupProbe.initialDelaySeconds
[INFO] Auditing path $.controller.startupProbe.periodSeconds
[INFO] Auditing path $.controller.startupProbe.successThreshold
[INFO] Auditing path $.controller.startupProbe.timeoutSeconds
[INFO] Auditing path $.controller.tolerations
[INFO] Auditing path $.controller.topologySpreadConstraints
[INFO] Auditing path $.controller.updateStrategy
[INFO] Auditing path $.controller.updateStrategy.rollingUpdate
[INFO] Auditing path $.controller.updateStrategy.type
[INFO] Auditing path $.controller
[INFO] Auditing path $.extraDeploy[*]
[INFO] Auditing path $.extraDeploy
[INFO] Auditing path $.fullnameOverride
[INFO] Auditing path $.global.compatibility
[INFO] Auditing path $.global.compatibility.openshift
[INFO] Auditing path $.global.compatibility.openshift.adaptSecurityContext
[INFO] Auditing path $.global.defaultStorageClass
[INFO] Auditing path $.global.imagePullSecrets
[INFO] Auditing path $.global.imageRegistry
[INFO] Auditing path $.global.security
[INFO] Auditing path $.global.security.allowInsecureImages
[INFO] Auditing path $.global.storageClass
[INFO] Auditing path $.global
[INFO] Auditing path $.installCRDs
[INFO] Auditing path $.kubeVersion
[INFO] Auditing path $.leaderElection.namespace
[INFO] Auditing path $.leaderElection
[INFO] Auditing path $.logLevel
[INFO] Auditing path $.metrics.enabled
[INFO] Auditing path $.metrics.podAnnotations
[INFO] Auditing path $.metrics.podAnnotations["prometheus.io/path"]
[INFO] Auditing path $.metrics.podAnnotations["prometheus.io/port"]
[INFO] Auditing path $.metrics.podAnnotations["prometheus.io/scrape"]
[INFO] Auditing path $.metrics.serviceMonitor
[INFO] Auditing path $.metrics.serviceMonitor.additionalLabels
[INFO] Auditing path $.metrics.serviceMonitor.enabled
[INFO] Auditing path $.metrics.serviceMonitor.honorLabels
[INFO] Auditing path $.metrics.serviceMonitor.interval
[INFO] Auditing path $.metrics.serviceMonitor.jobLabel
[INFO] Auditing path $.metrics.serviceMonitor.labels
[INFO] Auditing path $.metrics.serviceMonitor.metricRelabelings
[INFO] Auditing path $.metrics.serviceMonitor.namespace
[INFO] Auditing path $.metrics.serviceMonitor.path
[INFO] Auditing path $.metrics.serviceMonitor.relabelings
[INFO] Auditing path $.metrics.serviceMonitor.scrapeTimeout
[INFO] Auditing path $.metrics.serviceMonitor.selector
[INFO] Auditing path $.metrics.serviceMonitor.targetPort
[INFO] Auditing path $.metrics
[INFO] Auditing path $.nameOverride
[INFO] Auditing path $.rbac.create
[INFO] Auditing path $.rbac
[INFO] Auditing path $.replicaCount
[INFO] Auditing path $.webhook.affinity
[INFO] Auditing path $.webhook.args
[INFO] Auditing path $.webhook.automountServiceAccountToken
[INFO] Auditing path $.webhook.command
[INFO] Auditing path $.webhook.containerPort
[INFO] Auditing path $.webhook.containerPorts
[INFO] Auditing path $.webhook.containerPorts.health
[INFO] Auditing path $.webhook.containerPorts.https
[INFO] Auditing path $.webhook.containerSecurityContext
[INFO] Auditing path $.webhook.containerSecurityContext.allowPrivilegeEscalation
[INFO] Auditing path $.webhook.containerSecurityContext.capabilities
[INFO] Auditing path $.webhook.containerSecurityContext.capabilities.drop
[INFO] Auditing path $.webhook.containerSecurityContext.enabled
[INFO] Auditing path $.webhook.containerSecurityContext.privileged
[INFO] Auditing path $.webhook.containerSecurityContext.readOnlyRootFilesystem
[INFO] Auditing path $.webhook.containerSecurityContext.runAsGroup
[INFO] Auditing path $.webhook.containerSecurityContext.runAsNonRoot
[INFO] Auditing path $.webhook.containerSecurityContext.runAsUser
[INFO] Auditing path $.webhook.containerSecurityContext.seLinuxOptions
[INFO] Auditing path $.webhook.containerSecurityContext.seccompProfile
[INFO] Auditing path $.webhook.containerSecurityContext.seccompProfile.type
[INFO] Auditing path $.webhook.customLivenessProbe
[INFO] Auditing path $.webhook.customReadinessProbe
[INFO] Auditing path $.webhook.customStartupProbe
[INFO] Auditing path $.webhook.extraArgs
[INFO] Auditing path $.webhook.extraEnvVars
[INFO] Auditing path $.webhook.extraEnvVarsCM
[INFO] Auditing path $.webhook.extraEnvVarsSecret
[INFO] Auditing path $.webhook.extraVolumeMounts
[INFO] Auditing path $.webhook.extraVolumes
[INFO] Auditing path $.webhook.hostAliases
[INFO] Auditing path $.webhook.hostNetwork
[INFO] Auditing path $.webhook.httpsPort
[INFO] Auditing path $.webhook.image
[INFO] Auditing path $.webhook.image.debug
[INFO] Auditing path $.webhook.image.digest
[INFO] Auditing path $.webhook.image.pullPolicy
[INFO] Auditing path $.webhook.image.pullSecrets
[INFO] Auditing path $.webhook.image.registry
[INFO] Auditing path $.webhook.image.repository
[INFO] Auditing path $.webhook.image.tag
[INFO] Auditing path $.webhook.initContainers
[INFO] Auditing path $.webhook.lifecycleHooks
[INFO] Auditing path $.webhook.livenessProbe
[INFO] Auditing path $.webhook.livenessProbe.enabled
[INFO] Auditing path $.webhook.livenessProbe.failureThreshold
[INFO] Auditing path $.webhook.livenessProbe.initialDelaySeconds
[INFO] Auditing path $.webhook.livenessProbe.path
[INFO] Auditing path $.webhook.livenessProbe.periodSeconds
[INFO] Auditing path $.webhook.livenessProbe.successThreshold
[INFO] Auditing path $.webhook.livenessProbe.timeoutSeconds
[INFO] Auditing path $.webhook.networkPolicy
[INFO] Auditing path $.webhook.networkPolicy.allowExternal
[INFO] Auditing path $.webhook.networkPolicy.allowExternalEgress
[INFO] Auditing path $.webhook.networkPolicy.enabled
[INFO] Auditing path $.webhook.networkPolicy.extraEgress
[INFO] Auditing path $.webhook.networkPolicy.extraIngress
[INFO] Auditing path $.webhook.networkPolicy.ingressNSMatchLabels
[INFO] Auditing path $.webhook.networkPolicy.ingressNSMatchLabels[*]
[INFO] Auditing path $.webhook.networkPolicy.ingressNSPodMatchLabels
[INFO] Auditing path $.webhook.networkPolicy.ingressNSPodMatchLabels[*]
[INFO] Auditing path $.webhook.networkPolicy.kubeAPIServerPorts
[INFO] Auditing path $.webhook.networkPolicy.kubeAPIServerPorts[*]
[INFO] Auditing path $.webhook.nodeAffinityPreset
[INFO] Auditing path $.webhook.nodeAffinityPreset.key
[INFO] Auditing path $.webhook.nodeAffinityPreset.type
[INFO] Auditing path $.webhook.nodeAffinityPreset.values
[INFO] Auditing path $.webhook.nodeSelector
[INFO] Auditing path $.webhook.pdb
[INFO] Auditing path $.webhook.pdb.create
[INFO] Auditing path $.webhook.pdb.maxUnavailable
[INFO] Auditing path $.webhook.pdb.minAvailable
[INFO] Auditing path $.webhook.podAffinityPreset
[INFO] Auditing path $.webhook.podAnnotations
[INFO] Auditing path $.webhook.podAntiAffinityPreset
[INFO] Auditing path $.webhook.podLabels
[INFO] Auditing path $.webhook.podSecurityContext
[INFO] Auditing path $.webhook.podSecurityContext.enabled
[INFO] Auditing path $.webhook.podSecurityContext.fsGroup
[INFO] Auditing path $.webhook.podSecurityContext.fsGroupChangePolicy
[INFO] Auditing path $.webhook.podSecurityContext.supplementalGroups
[INFO] Auditing path $.webhook.podSecurityContext.sysctls
[INFO] Auditing path $.webhook.priorityClassName
[INFO] Auditing path $.webhook.readinessProbe
[INFO] Auditing path $.webhook.readinessProbe.enabled
[INFO] Auditing path $.webhook.readinessProbe.failureThreshold
[INFO] Auditing path $.webhook.readinessProbe.initialDelaySeconds
[INFO] Auditing path $.webhook.readinessProbe.path
[INFO] Auditing path $.webhook.readinessProbe.periodSeconds
[INFO] Auditing path $.webhook.readinessProbe.successThreshold
[INFO] Auditing path $.webhook.readinessProbe.timeoutSeconds
[INFO] Auditing path $.webhook.replicaCount
[INFO] Auditing path $.webhook.resources
[INFO] Auditing path $.webhook.resourcesPreset
[INFO] Auditing path $.webhook.runtimeClassName
[INFO] Auditing path $.webhook.schedulerName
[INFO] Auditing path $.webhook.service
[INFO] Auditing path $.webhook.service.ports
[INFO] Auditing path $.webhook.service.ports.https
[INFO] Auditing path $.webhook.serviceAccount
[INFO] Auditing path $.webhook.serviceAccount.annotations
[INFO] Auditing path $.webhook.serviceAccount.automountServiceAccountToken
[INFO] Auditing path $.webhook.serviceAccount.create
[INFO] Auditing path $.webhook.serviceAccount.name
[INFO] Auditing path $.webhook.sidecars
[INFO] Auditing path $.webhook.timeoutSeconds
[INFO] Auditing path $.webhook.tolerations
[INFO] Auditing path $.webhook.topologySpreadConstraints
[INFO] Auditing path $.webhook.updateStrategy
[INFO] Auditing path $.webhook.updateStrategy.rollingUpdate
[INFO] Auditing path $.webhook.updateStrategy.type
[INFO] Auditing path $.webhook
