[INFO] Auditing path $.affinity
[INFO] Auditing path $.apiVersions
[INFO] Auditing path $.args
[INFO] Auditing path $.automountServiceAccountToken
[INFO] Auditing path $.autoscaling.hpa
[INFO] Auditing path $.autoscaling.hpa.enabled
[INFO] Auditing path $.autoscaling.hpa.maxReplicas
[INFO] Auditing path $.autoscaling.hpa.minReplicas
[INFO] Auditing path $.autoscaling.hpa.targetCPU
[INFO] Auditing path $.autoscaling.hpa.targetMemory
[INFO] Auditing path $.autoscaling.vpa
[INFO] Auditing path $.autoscaling.vpa.annotations
[INFO] Auditing path $.autoscaling.vpa.controlledResources
[INFO] Auditing path $.autoscaling.vpa.enabled
[INFO] Auditing path $.autoscaling.vpa.maxAllowed
[INFO] Auditing path $.autoscaling.vpa.minAllowed
[INFO] Auditing path $.autoscaling.vpa.updatePolicy
[INFO] Auditing path $.autoscaling.vpa.updatePolicy.updateMode
[INFO] Auditing path $.autoscaling
[INFO] Auditing path $.clusterDomain
[INFO] Auditing path $.command
[INFO] Auditing path $.commonAnnotations
[INFO] Auditing path $.commonLabels
[INFO] Auditing path $.containerPorts.health
[INFO] Auditing path $.containerPorts.metrics
[INFO] Auditing path $.containerPorts
[INFO] Auditing path $.containerSecurityContext.allowPrivilegeEscalation
[INFO] Auditing path $.containerSecurityContext.capabilities
[INFO] Auditing path $.containerSecurityContext.capabilities.drop
[INFO] Auditing path $.containerSecurityContext.enabled
[INFO] Auditing path $.containerSecurityContext.privileged
[INFO] Auditing path $.containerSecurityContext.readOnlyRootFilesystem
[INFO] Auditing path $.containerSecurityContext.runAsGroup
[INFO] Auditing path $.containerSecurityContext.runAsNonRoot
[INFO] Auditing path $.containerSecurityContext.runAsUser
[INFO] Auditing path $.containerSecurityContext.seLinuxOptions
[INFO] Auditing path $.containerSecurityContext.seccompProfile
[INFO] Auditing path $.containerSecurityContext.seccompProfile.type
[INFO] Auditing path $.containerSecurityContext
[INFO] Auditing path $.customLivenessProbe
[INFO] Auditing path $.customReadinessProbe
[INFO] Auditing path $.customStartupProbe
[INFO] Auditing path $.deploymentAnnotations
[INFO] Auditing path $.deploymentLabels
[INFO] Auditing path $.extraArgs
[INFO] Auditing path $.extraContainerPorts[*]
[INFO] Auditing path $.extraContainerPorts
[INFO] Auditing path $.extraDeploy[*]
[INFO] Auditing path $.extraDeploy
[INFO] Auditing path $.extraEnvVars
[INFO] Auditing path $.extraEnvVarsCM
[INFO] Auditing path $.extraEnvVarsSecret
[INFO] Auditing path $.extraVolumeMounts
[INFO] Auditing path $.extraVolumes
[INFO] Auditing path $.fullnameOverride
[INFO] Auditing path $.global.compatibility
[INFO] Auditing path $.global.compatibility.openshift
[INFO] Auditing path $.global.compatibility.openshift.adaptSecurityContext
[INFO] Auditing path $.global.defaultStorageClass
[INFO] Auditing path $.global.imagePullSecrets
[INFO] Auditing path $.global.imageRegistry
[INFO] Auditing path $.global.security
[INFO] Auditing path $.global.security.allowInsecureImages
[INFO] Auditing path $.global
[INFO] Auditing path $.hostAliases
[INFO] Auditing path $.image.digest
[INFO] Auditing path $.image.pullPolicy
[INFO] Auditing path $.image.pullSecrets
[INFO] Auditing path $.image.registry
[INFO] Auditing path $.image.repository
[INFO] Auditing path $.image.tag
[INFO] Auditing path $.image
[INFO] Auditing path $.initContainers
[INFO] Auditing path $.kubeVersion
[INFO] Auditing path $.lifecycleHooks
[INFO] Auditing path $.livenessProbe.enabled
[INFO] Auditing path $.livenessProbe.failureThreshold
[INFO] Auditing path $.livenessProbe.initialDelaySeconds
[INFO] Auditing path $.livenessProbe.periodSeconds
[INFO] Auditing path $.livenessProbe.successThreshold
[INFO] Auditing path $.livenessProbe.timeoutSeconds
[INFO] Auditing path $.livenessProbe
[INFO] Auditing path $.metrics.enabled
[INFO] Auditing path $.metrics.service
[INFO] Auditing path $.metrics.service.annotations
[INFO] Auditing path $.metrics.service.clusterIP
[INFO] Auditing path $.metrics.service.labels
[INFO] Auditing path $.metrics.service.ports
[INFO] Auditing path $.metrics.service.ports.metrics
[INFO] Auditing path $.metrics.service.sessionAffinity
[INFO] Auditing path $.metrics.serviceMonitor
[INFO] Auditing path $.metrics.serviceMonitor.annotations
[INFO] Auditing path $.metrics.serviceMonitor.enabled
[INFO] Auditing path $.metrics.serviceMonitor.honorLabels
[INFO] Auditing path $.metrics.serviceMonitor.interval
[INFO] Auditing path $.metrics.serviceMonitor.jobLabel
[INFO] Auditing path $.metrics.serviceMonitor.labels
[INFO] Auditing path $.metrics.serviceMonitor.metricRelabelings
[INFO] Auditing path $.metrics.serviceMonitor.namespace
[INFO] Auditing path $.metrics.serviceMonitor.relabelings
[INFO] Auditing path $.metrics.serviceMonitor.scrapeTimeout
[INFO] Auditing path $.metrics.serviceMonitor.selector
[INFO] Auditing path $.metrics
[INFO] Auditing path $.nameOverride
[INFO] Auditing path $.namespaceOverride
[INFO] Auditing path $.networkPolicy.addExternalClientAccess
[INFO] Auditing path $.networkPolicy.allowExternal
[INFO] Auditing path $.networkPolicy.allowExternalEgress
[INFO] Auditing path $.networkPolicy.enabled
[INFO] Auditing path $.networkPolicy.extraEgress
[INFO] Auditing path $.networkPolicy.extraIngress
[INFO] Auditing path $.networkPolicy.ingressNSMatchLabels
[INFO] Auditing path $.networkPolicy.ingressNSMatchLabels[*]
[INFO] Auditing path $.networkPolicy.ingressNSPodMatchLabels
[INFO] Auditing path $.networkPolicy.ingressNSPodMatchLabels[*]
[INFO] Auditing path $.networkPolicy.kubeAPIServerPorts
[INFO] Auditing path $.networkPolicy.kubeAPIServerPorts[*]
[INFO] Auditing path $.networkPolicy
[INFO] Auditing path $.nodeAffinityPreset.key
[INFO] Auditing path $.nodeAffinityPreset.type
[INFO] Auditing path $.nodeAffinityPreset.values
[INFO] Auditing path $.nodeAffinityPreset
[INFO] Auditing path $.nodeSelector
[INFO] Auditing path $.pdb.create
[INFO] Auditing path $.pdb.maxUnavailable
[INFO] Auditing path $.pdb.minAvailable
[INFO] Auditing path $.pdb
[INFO] Auditing path $.podAffinityPreset
[INFO] Auditing path $.podAnnotations
[INFO] Auditing path $.podAntiAffinityPreset
[INFO] Auditing path $.podLabels
[INFO] Auditing path $.podSecurityContext.enabled
[INFO] Auditing path $.podSecurityContext.fsGroup
[INFO] Auditing path $.podSecurityContext.fsGroupChangePolicy
[INFO] Auditing path $.podSecurityContext.supplementalGroups
[INFO] Auditing path $.podSecurityContext.sysctls
[INFO] Auditing path $.podSecurityContext
[INFO] Auditing path $.priorityClassName
[INFO] Auditing path $.rbac.create
[INFO] Auditing path $.rbac.rules
[INFO] Auditing path $.rbac
[INFO] Auditing path $.readinessProbe.enabled
[INFO] Auditing path $.readinessProbe.failureThreshold
[INFO] Auditing path $.readinessProbe.initialDelaySeconds
[INFO] Auditing path $.readinessProbe.periodSeconds
[INFO] Auditing path $.readinessProbe.successThreshold
[INFO] Auditing path $.readinessProbe.timeoutSeconds
[INFO] Auditing path $.readinessProbe
[INFO] Auditing path $.replicaCount
[INFO] Auditing path $.resources
[INFO] Auditing path $.resourcesPreset
[INFO] Auditing path $.runnerImage.digest
[INFO] Auditing path $.runnerImage.registry
[INFO] Auditing path $.runnerImage.repository
[INFO] Auditing path $.runnerImage.tag
[INFO] Auditing path $.runnerImage
[INFO] Auditing path $.schedulerName
[INFO] Auditing path $.serviceAccount.annotations
[INFO] Auditing path $.serviceAccount.automountServiceAccountToken
[INFO] Auditing path $.serviceAccount.create
[INFO] Auditing path $.serviceAccount.name
[INFO] Auditing path $.serviceAccount
[INFO] Auditing path $.sidecars
[INFO] Auditing path $.starterImage.digest
[INFO] Auditing path $.starterImage.registry
[INFO] Auditing path $.starterImage.repository
[INFO] Auditing path $.starterImage.tag
[INFO] Auditing path $.starterImage
[INFO] Auditing path $.startupProbe.enabled
[INFO] Auditing path $.startupProbe.failureThreshold
[INFO] Auditing path $.startupProbe.initialDelaySeconds
[INFO] Auditing path $.startupProbe.periodSeconds
[INFO] Auditing path $.startupProbe.successThreshold
[INFO] Auditing path $.startupProbe.timeoutSeconds
[INFO] Auditing path $.startupProbe
[INFO] Auditing path $.terminationGracePeriodSeconds
[INFO] Auditing path $.tolerations
[INFO] Auditing path $.topologySpreadConstraints
[INFO] Auditing path $.updateStrategy.type
[INFO] Auditing path $.updateStrategy
[INFO] Auditing path $.watchAllNamespaces
