[INFO] Auditing path $.affinity
[INFO] Auditing path $.autoscaling.enabled
[INFO] Auditing path $.autoscaling.maxReplicas
[INFO] Auditing path $.autoscaling.minReplicas
[INFO] Auditing path $.autoscaling.targetCPUUtilizationPercentage
[INFO] Auditing path $.autoscaling.targetMemoryUtilizationPercentage
[INFO] Auditing path $.autoscaling
[INFO] Auditing path $.command
[INFO] Auditing path $.extraArgs[*]
[INFO] Auditing path $.extraArgs
[INFO] Auditing path $.fullnameOverride
[INFO] Auditing path $.image.pullPolicy
[INFO] Auditing path $.image.repository
[INFO] Auditing path $.image.tag
[INFO] Auditing path $.image
[INFO] Auditing path $.imagePullSecrets
[INFO] Auditing path $.nameOverride
[INFO] Auditing path $.nodeSelector
[INFO] Auditing path $.podAnnotations
[INFO] Auditing path $.podSecurityContext
[INFO] Auditing path $.prometheusRule.additionalLabels
[INFO] Auditing path $.prometheusRule.enabled
[INFO] Auditing path $.prometheusRule.namespace
[INFO] Auditing path $.prometheusRule.rules
[INFO] Auditing path $.prometheusRule
[INFO] Auditing path $.replicaCount
[INFO] Auditing path $.resources
[INFO] Auditing path $.securityContext
[INFO] Auditing path $.service.annotations
[INFO] Auditing path $.service.labels
[INFO] Auditing path $.service.port
[INFO] Auditing path $.service.portName
[INFO] Auditing path $.service.type
[INFO] Auditing path $.service
[INFO] Auditing path $.serviceAccount.annotations
[INFO] Auditing path $.serviceAccount.create
[INFO] Auditing path $.serviceAccount.name
[INFO] Auditing path $.serviceAccount
[INFO] Auditing path $.serviceMonitor.additionalLabels
[INFO] Auditing path $.serviceMonitor.additionalMetricsRelabels
[INFO] Auditing path $.serviceMonitor.additionalRelabeling
[INFO] Auditing path $.serviceMonitor.bearerTokenFile
[INFO] Auditing path $.serviceMonitor.enabled
[INFO] Auditing path $.serviceMonitor.interval
[INFO] Auditing path $.serviceMonitor.labels
[INFO] Auditing path $.serviceMonitor.metricRelabelings
[INFO] Auditing path $.serviceMonitor.multipleTarget
[INFO] Auditing path $.serviceMonitor.namespace
[INFO] Auditing path $.serviceMonitor.relabelings
[INFO] Auditing path $.serviceMonitor.scheme
[INFO] Auditing path $.serviceMonitor.scrapeTimeout
[INFO] Auditing path $.serviceMonitor.targetLabels
[INFO] Auditing path $.serviceMonitor.targetLabels[*]
[INFO] Auditing path $.serviceMonitor.targets
[INFO] Auditing path $.serviceMonitor.targets[*].additionalMetricsRelabels
[INFO] Auditing path $.serviceMonitor.targets[*].additionalRelabeling
[INFO] Auditing path $.serviceMonitor.targets[*].interval
[INFO] Auditing path $.serviceMonitor.targets[*].name
[INFO] Auditing path $.serviceMonitor.targets[*].scrapeTimeout
[INFO] Auditing path $.serviceMonitor.targets[*].url
[INFO] Auditing path $.serviceMonitor.telemetryPath
[INFO] Auditing path $.serviceMonitor.timeout
[INFO] Auditing path $.serviceMonitor.tlsConfig
[INFO] Auditing path $.serviceMonitor
[INFO] Auditing path $.tolerations
