[INFO] Auditing path $.apiVersions
[INFO] Auditing path $.bootstrapUserJob.annotations
[INFO] Auditing path $.bootstrapUserJob.annotations["helm.sh/hook"]
[INFO] Auditing path $.bootstrapUserJob.annotations["helm.sh/hook-delete-policy"]
[INFO] Auditing path $.bootstrapUserJob.annotations["helm.sh/hook-weight"]
[INFO] Auditing path $.bootstrapUserJob.automountServiceAccountToken
[INFO] Auditing path $.bootstrapUserJob.backoffLimit
[INFO] Auditing path $.bootstrapUserJob.containerSecurityContext
[INFO] Auditing path $.bootstrapUserJob.containerSecurityContext.allowPrivilegeEscalation
[INFO] Auditing path $.bootstrapUserJob.containerSecurityContext.capabilities
[INFO] Auditing path $.bootstrapUserJob.containerSecurityContext.capabilities.drop
[INFO] Auditing path $.bootstrapUserJob.containerSecurityContext.enabled
[INFO] Auditing path $.bootstrapUserJob.containerSecurityContext.privileged
[INFO] Auditing path $.bootstrapUserJob.containerSecurityContext.readOnlyRootFilesystem
[INFO] Auditing path $.bootstrapUserJob.containerSecurityContext.runAsGroup
[INFO] Auditing path $.bootstrapUserJob.containerSecurityContext.runAsNonRoot
[INFO] Auditing path $.bootstrapUserJob.containerSecurityContext.runAsUser
[INFO] Auditing path $.bootstrapUserJob.containerSecurityContext.seLinuxOptions
[INFO] Auditing path $.bootstrapUserJob.containerSecurityContext.seccompProfile
[INFO] Auditing path $.bootstrapUserJob.containerSecurityContext.seccompProfile.type
[INFO] Auditing path $.bootstrapUserJob.customLivenessProbe
[INFO] Auditing path $.bootstrapUserJob.customReadinessProbe
[INFO] Auditing path $.bootstrapUserJob.customStartupProbe
[INFO] Auditing path $.bootstrapUserJob.enabled
[INFO] Auditing path $.bootstrapUserJob.extraCommands
[INFO] Auditing path $.bootstrapUserJob.extraEnvVars
[INFO] Auditing path $.bootstrapUserJob.extraEnvVarsCM
[INFO] Auditing path $.bootstrapUserJob.extraEnvVarsSecret
[INFO] Auditing path $.bootstrapUserJob.extraVolumeMounts
[INFO] Auditing path $.bootstrapUserJob.extraVolumes
[INFO] Auditing path $.bootstrapUserJob.forceRun
[INFO] Auditing path $.bootstrapUserJob.hostAliases
[INFO] Auditing path $.bootstrapUserJob.labels
[INFO] Auditing path $.bootstrapUserJob.livenessProbe
[INFO] Auditing path $.bootstrapUserJob.livenessProbe.enabled
[INFO] Auditing path $.bootstrapUserJob.livenessProbe.failureThreshold
[INFO] Auditing path $.bootstrapUserJob.livenessProbe.initialDelaySeconds
[INFO] Auditing path $.bootstrapUserJob.livenessProbe.periodSeconds
[INFO] Auditing path $.bootstrapUserJob.livenessProbe.successThreshold
[INFO] Auditing path $.bootstrapUserJob.livenessProbe.timeoutSeconds
[INFO] Auditing path $.bootstrapUserJob.networkPolicy
[INFO] Auditing path $.bootstrapUserJob.networkPolicy.allowExternalEgress
[INFO] Auditing path $.bootstrapUserJob.networkPolicy.enabled
[INFO] Auditing path $.bootstrapUserJob.networkPolicy.extraEgress
[INFO] Auditing path $.bootstrapUserJob.networkPolicy.extraIngress
[INFO] Auditing path $.bootstrapUserJob.networkPolicy.ingressNSMatchLabels
[INFO] Auditing path $.bootstrapUserJob.networkPolicy.ingressNSPodMatchLabels
[INFO] Auditing path $.bootstrapUserJob.podAnnotations
[INFO] Auditing path $.bootstrapUserJob.podLabels
[INFO] Auditing path $.bootstrapUserJob.podSecurityContext
[INFO] Auditing path $.bootstrapUserJob.podSecurityContext.enabled
[INFO] Auditing path $.bootstrapUserJob.podSecurityContext.fsGroup
[INFO] Auditing path $.bootstrapUserJob.podSecurityContext.fsGroupChangePolicy
[INFO] Auditing path $.bootstrapUserJob.podSecurityContext.supplementalGroups
[INFO] Auditing path $.bootstrapUserJob.podSecurityContext.sysctls
[INFO] Auditing path $.bootstrapUserJob.readinessProbe
[INFO] Auditing path $.bootstrapUserJob.readinessProbe.enabled
[INFO] Auditing path $.bootstrapUserJob.readinessProbe.failureThreshold
[INFO] Auditing path $.bootstrapUserJob.readinessProbe.initialDelaySeconds
[INFO] Auditing path $.bootstrapUserJob.readinessProbe.periodSeconds
[INFO] Auditing path $.bootstrapUserJob.readinessProbe.successThreshold
[INFO] Auditing path $.bootstrapUserJob.readinessProbe.timeoutSeconds
[INFO] Auditing path $.bootstrapUserJob.resources
[INFO] Auditing path $.bootstrapUserJob.resourcesPreset
[INFO] Auditing path $.bootstrapUserJob.startupProbe
[INFO] Auditing path $.bootstrapUserJob.startupProbe.enabled
[INFO] Auditing path $.bootstrapUserJob.startupProbe.failureThreshold
[INFO] Auditing path $.bootstrapUserJob.startupProbe.initialDelaySeconds
[INFO] Auditing path $.bootstrapUserJob.startupProbe.periodSeconds
[INFO] Auditing path $.bootstrapUserJob.startupProbe.successThreshold
[INFO] Auditing path $.bootstrapUserJob.startupProbe.timeoutSeconds
[INFO] Auditing path $.bootstrapUserJob
[INFO] Auditing path $.clusterDomain
[INFO] Auditing path $.commonAnnotations
[INFO] Auditing path $.commonLabels
[INFO] Auditing path $.coordinator.affinity
[INFO] Auditing path $.coordinator.args
[INFO] Auditing path $.coordinator.automountServiceAccountToken
[INFO] Auditing path $.coordinator.autoscaling
[INFO] Auditing path $.coordinator.autoscaling.hpa
[INFO] Auditing path $.coordinator.autoscaling.hpa.enabled
[INFO] Auditing path $.coordinator.autoscaling.hpa.maxReplicas
[INFO] Auditing path $.coordinator.autoscaling.hpa.minReplicas
[INFO] Auditing path $.coordinator.autoscaling.hpa.targetCPU
[INFO] Auditing path $.coordinator.autoscaling.hpa.targetMemory
[INFO] Auditing path $.coordinator.autoscaling.vpa
[INFO] Auditing path $.coordinator.autoscaling.vpa.annotations
[INFO] Auditing path $.coordinator.autoscaling.vpa.controlledResources
[INFO] Auditing path $.coordinator.autoscaling.vpa.enabled
[INFO] Auditing path $.coordinator.autoscaling.vpa.maxAllowed
[INFO] Auditing path $.coordinator.autoscaling.vpa.minAllowed
[INFO] Auditing path $.coordinator.autoscaling.vpa.updatePolicy
[INFO] Auditing path $.coordinator.autoscaling.vpa.updatePolicy.updateMode
[INFO] Auditing path $.coordinator.command
[INFO] Auditing path $.coordinator.containerSecurityContext
[INFO] Auditing path $.coordinator.containerSecurityContext.allowPrivilegeEscalation
[INFO] Auditing path $.coordinator.containerSecurityContext.capabilities
[INFO] Auditing path $.coordinator.containerSecurityContext.capabilities.drop
[INFO] Auditing path $.coordinator.containerSecurityContext.enabled
[INFO] Auditing path $.coordinator.containerSecurityContext.privileged
[INFO] Auditing path $.coordinator.containerSecurityContext.readOnlyRootFilesystem
[INFO] Auditing path $.coordinator.containerSecurityContext.runAsGroup
[INFO] Auditing path $.coordinator.containerSecurityContext.runAsNonRoot
[INFO] Auditing path $.coordinator.containerSecurityContext.runAsUser
[INFO] Auditing path $.coordinator.containerSecurityContext.seLinuxOptions
[INFO] Auditing path $.coordinator.containerSecurityContext.seccompProfile
[INFO] Auditing path $.coordinator.containerSecurityContext.seccompProfile.type
[INFO] Auditing path $.coordinator.customLivenessProbe
[INFO] Auditing path $.coordinator.customReadinessProbe
[INFO] Auditing path $.coordinator.customStartupProbe
[INFO] Auditing path $.coordinator.dremioConf
[INFO] Auditing path $.coordinator.dremioConf.configOverrides
[INFO] Auditing path $.coordinator.dremioConf.existingConfigmap
[INFO] Auditing path $.coordinator.dremioConf.existingSecret
[INFO] Auditing path $.coordinator.dremioConf.extraFiles
[INFO] Auditing path $.coordinator.dremioConf.extraSecretFiles
[INFO] Auditing path $.coordinator.dremioConf.secretConfigOverrides
[INFO] Auditing path $.coordinator.extraContainerPorts
[INFO] Auditing path $.coordinator.extraContainerPorts[*]
[INFO] Auditing path $.coordinator.extraEnvVars
[INFO] Auditing path $.coordinator.extraEnvVarsCM
[INFO] Auditing path $.coordinator.extraEnvVarsSecret
[INFO] Auditing path $.coordinator.extraJavaOpts
[INFO] Auditing path $.coordinator.extraVolumeMounts
[INFO] Auditing path $.coordinator.extraVolumes
[INFO] Auditing path $.coordinator.hostAliases
[INFO] Auditing path $.coordinator.initContainers
[INFO] Auditing path $.coordinator.lifecycleHooks
[INFO] Auditing path $.coordinator.livenessProbe
[INFO] Auditing path $.coordinator.livenessProbe.enabled
[INFO] Auditing path $.coordinator.livenessProbe.failureThreshold
[INFO] Auditing path $.coordinator.livenessProbe.initialDelaySeconds
[INFO] Auditing path $.coordinator.livenessProbe.periodSeconds
[INFO] Auditing path $.coordinator.livenessProbe.successThreshold
[INFO] Auditing path $.coordinator.livenessProbe.timeoutSeconds
[INFO] Auditing path $.coordinator.networkPolicy
[INFO] Auditing path $.coordinator.networkPolicy.addExternalClientAccess
[INFO] Auditing path $.coordinator.networkPolicy.allowExternal
[INFO] Auditing path $.coordinator.networkPolicy.allowExternalEgress
[INFO] Auditing path $.coordinator.networkPolicy.enabled
[INFO] Auditing path $.coordinator.networkPolicy.extraEgress
[INFO] Auditing path $.coordinator.networkPolicy.extraIngress
[INFO] Auditing path $.coordinator.networkPolicy.ingressNSMatchLabels
[INFO] Auditing path $.coordinator.networkPolicy.ingressNSMatchLabels[*]
[INFO] Auditing path $.coordinator.networkPolicy.ingressNSPodMatchLabels
[INFO] Auditing path $.coordinator.networkPolicy.ingressNSPodMatchLabels[*]
[INFO] Auditing path $.coordinator.networkPolicy.ingressPodMatchLabels
[INFO] Auditing path $.coordinator.nodeAffinityPreset
[INFO] Auditing path $.coordinator.nodeAffinityPreset.key
[INFO] Auditing path $.coordinator.nodeAffinityPreset.type
[INFO] Auditing path $.coordinator.nodeAffinityPreset.values
[INFO] Auditing path $.coordinator.nodeSelector
[INFO] Auditing path $.coordinator.pdb
[INFO] Auditing path $.coordinator.pdb.create
[INFO] Auditing path $.coordinator.pdb.maxUnavailable
[INFO] Auditing path $.coordinator.pdb.minAvailable
[INFO] Auditing path $.coordinator.persistence
[INFO] Auditing path $.coordinator.persistence.accessModes
[INFO] Auditing path $.coordinator.persistence.accessModes[*]
[INFO] Auditing path $.coordinator.persistence.annotations
[INFO] Auditing path $.coordinator.persistence.dataSource
[INFO] Auditing path $.coordinator.persistence.enabled
[INFO] Auditing path $.coordinator.persistence.existingClaim
[INFO] Auditing path $.coordinator.persistence.mountPath
[INFO] Auditing path $.coordinator.persistence.selector
[INFO] Auditing path $.coordinator.persistence.size
[INFO] Auditing path $.coordinator.persistence.storageClass
[INFO] Auditing path $.coordinator.persistence.subPath
[INFO] Auditing path $.coordinator.podAffinityPreset
[INFO] Auditing path $.coordinator.podAnnotations
[INFO] Auditing path $.coordinator.podAntiAffinityPreset
[INFO] Auditing path $.coordinator.podLabels
[INFO] Auditing path $.coordinator.podManagementPolicy
[INFO] Auditing path $.coordinator.podSecurityContext
[INFO] Auditing path $.coordinator.podSecurityContext.enabled
[INFO] Auditing path $.coordinator.podSecurityContext.fsGroup
[INFO] Auditing path $.coordinator.podSecurityContext.fsGroupChangePolicy
[INFO] Auditing path $.coordinator.podSecurityContext.supplementalGroups
[INFO] Auditing path $.coordinator.podSecurityContext.sysctls
[INFO] Auditing path $.coordinator.priorityClassName
[INFO] Auditing path $.coordinator.readinessProbe
[INFO] Auditing path $.coordinator.readinessProbe.enabled
[INFO] Auditing path $.coordinator.readinessProbe.failureThreshold
[INFO] Auditing path $.coordinator.readinessProbe.initialDelaySeconds
[INFO] Auditing path $.coordinator.readinessProbe.periodSeconds
[INFO] Auditing path $.coordinator.readinessProbe.successThreshold
[INFO] Auditing path $.coordinator.readinessProbe.timeoutSeconds
[INFO] Auditing path $.coordinator.replicaCount
[INFO] Auditing path $.coordinator.resources
[INFO] Auditing path $.coordinator.resourcesPreset
[INFO] Auditing path $.coordinator.schedulerName
[INFO] Auditing path $.coordinator.serviceAccount
[INFO] Auditing path $.coordinator.serviceAccount.annotations
[INFO] Auditing path $.coordinator.serviceAccount.automountServiceAccountToken
[INFO] Auditing path $.coordinator.serviceAccount.create
[INFO] Auditing path $.coordinator.serviceAccount.name
[INFO] Auditing path $.coordinator.sidecars
[INFO] Auditing path $.coordinator.startupProbe
[INFO] Auditing path $.coordinator.startupProbe.enabled
[INFO] Auditing path $.coordinator.startupProbe.failureThreshold
[INFO] Auditing path $.coordinator.startupProbe.initialDelaySeconds
[INFO] Auditing path $.coordinator.startupProbe.periodSeconds
[INFO] Auditing path $.coordinator.startupProbe.successThreshold
[INFO] Auditing path $.coordinator.startupProbe.timeoutSeconds
[INFO] Auditing path $.coordinator.statefulsetAnnotations
[INFO] Auditing path $.coordinator.terminationGracePeriodSeconds
[INFO] Auditing path $.coordinator.tolerations
[INFO] Auditing path $.coordinator.topologySpreadConstraints
[INFO] Auditing path $.coordinator.updateStrategy
[INFO] Auditing path $.coordinator.updateStrategy.type
[INFO] Auditing path $.coordinator
[INFO] Auditing path $.defaultInitContainers.copyDefaultConf
[INFO] Auditing path $.defaultInitContainers.copyDefaultConf.containerSecurityContext
[INFO] Auditing path $.defaultInitContainers.copyDefaultConf.containerSecurityContext.allowPrivilegeEscalation
[INFO] Auditing path $.defaultInitContainers.copyDefaultConf.containerSecurityContext.capabilities
[INFO] Auditing path $.defaultInitContainers.copyDefaultConf.containerSecurityContext.capabilities.drop
[INFO] Auditing path $.defaultInitContainers.copyDefaultConf.containerSecurityContext.enabled
[INFO] Auditing path $.defaultInitContainers.copyDefaultConf.containerSecurityContext.privileged
[INFO] Auditing path $.defaultInitContainers.copyDefaultConf.containerSecurityContext.readOnlyRootFilesystem
[INFO] Auditing path $.defaultInitContainers.copyDefaultConf.containerSecurityContext.runAsGroup
[INFO] Auditing path $.defaultInitContainers.copyDefaultConf.containerSecurityContext.runAsNonRoot
[INFO] Auditing path $.defaultInitContainers.copyDefaultConf.containerSecurityContext.runAsUser
[INFO] Auditing path $.defaultInitContainers.copyDefaultConf.containerSecurityContext.seLinuxOptions
[INFO] Auditing path $.defaultInitContainers.copyDefaultConf.containerSecurityContext.seccompProfile
[INFO] Auditing path $.defaultInitContainers.copyDefaultConf.containerSecurityContext.seccompProfile.type
[INFO] Auditing path $.defaultInitContainers.copyDefaultConf.enabled
[INFO] Auditing path $.defaultInitContainers.copyDefaultConf.resources
[INFO] Auditing path $.defaultInitContainers.copyDefaultConf.resourcesPreset
[INFO] Auditing path $.defaultInitContainers.defaultImage
[INFO] Auditing path $.defaultInitContainers.defaultImage.pullPolicy
[INFO] Auditing path $.defaultInitContainers.defaultImage.pullSecrets
[INFO] Auditing path $.defaultInitContainers.defaultImage.registry
[INFO] Auditing path $.defaultInitContainers.defaultImage.repository
[INFO] Auditing path $.defaultInitContainers.defaultImage.tag
[INFO] Auditing path $.defaultInitContainers.generateConf
[INFO] Auditing path $.defaultInitContainers.generateConf.containerSecurityContext
[INFO] Auditing path $.defaultInitContainers.generateConf.containerSecurityContext.allowPrivilegeEscalation
[INFO] Auditing path $.defaultInitContainers.generateConf.containerSecurityContext.capabilities
[INFO] Auditing path $.defaultInitContainers.generateConf.containerSecurityContext.capabilities.drop
[INFO] Auditing path $.defaultInitContainers.generateConf.containerSecurityContext.enabled
[INFO] Auditing path $.defaultInitContainers.generateConf.containerSecurityContext.privileged
[INFO] Auditing path $.defaultInitContainers.generateConf.containerSecurityContext.readOnlyRootFilesystem
[INFO] Auditing path $.defaultInitContainers.generateConf.containerSecurityContext.runAsGroup
[INFO] Auditing path $.defaultInitContainers.generateConf.containerSecurityContext.runAsNonRoot
[INFO] Auditing path $.defaultInitContainers.generateConf.containerSecurityContext.runAsUser
[INFO] Auditing path $.defaultInitContainers.generateConf.containerSecurityContext.seLinuxOptions
[INFO] Auditing path $.defaultInitContainers.generateConf.containerSecurityContext.seccompProfile
[INFO] Auditing path $.defaultInitContainers.generateConf.containerSecurityContext.seccompProfile.type
[INFO] Auditing path $.defaultInitContainers.generateConf.enabled
[INFO] Auditing path $.defaultInitContainers.generateConf.extraEnvVars
[INFO] Auditing path $.defaultInitContainers.generateConf.extraEnvVarsCM
[INFO] Auditing path $.defaultInitContainers.generateConf.extraEnvVarsSecret
[INFO] Auditing path $.defaultInitContainers.generateConf.extraVolumeMounts
[INFO] Auditing path $.defaultInitContainers.generateConf.resources
[INFO] Auditing path $.defaultInitContainers.generateConf.resourcesPreset
[INFO] Auditing path $.defaultInitContainers.importMinIOCert
[INFO] Auditing path $.defaultInitContainers.importMinIOCert.containerSecurityContext
[INFO] Auditing path $.defaultInitContainers.importMinIOCert.containerSecurityContext.allowPrivilegeEscalation
[INFO] Auditing path $.defaultInitContainers.importMinIOCert.containerSecurityContext.capabilities
[INFO] Auditing path $.defaultInitContainers.importMinIOCert.containerSecurityContext.capabilities.drop
[INFO] Auditing path $.defaultInitContainers.importMinIOCert.containerSecurityContext.enabled
[INFO] Auditing path $.defaultInitContainers.importMinIOCert.containerSecurityContext.privileged
[INFO] Auditing path $.defaultInitContainers.importMinIOCert.containerSecurityContext.readOnlyRootFilesystem
[INFO] Auditing path $.defaultInitContainers.importMinIOCert.containerSecurityContext.runAsGroup
[INFO] Auditing path $.defaultInitContainers.importMinIOCert.containerSecurityContext.runAsNonRoot
[INFO] Auditing path $.defaultInitContainers.importMinIOCert.containerSecurityContext.runAsUser
[INFO] Auditing path $.defaultInitContainers.importMinIOCert.containerSecurityContext.seLinuxOptions
[INFO] Auditing path $.defaultInitContainers.importMinIOCert.containerSecurityContext.seccompProfile
[INFO] Auditing path $.defaultInitContainers.importMinIOCert.containerSecurityContext.seccompProfile.type
[INFO] Auditing path $.defaultInitContainers.importMinIOCert.resources
[INFO] Auditing path $.defaultInitContainers.importMinIOCert.resourcesPreset
[INFO] Auditing path $.defaultInitContainers.initCerts
[INFO] Auditing path $.defaultInitContainers.initCerts.containerSecurityContext
[INFO] Auditing path $.defaultInitContainers.initCerts.containerSecurityContext.allowPrivilegeEscalation
[INFO] Auditing path $.defaultInitContainers.initCerts.containerSecurityContext.capabilities
[INFO] Auditing path $.defaultInitContainers.initCerts.containerSecurityContext.capabilities.drop
[INFO] Auditing path $.defaultInitContainers.initCerts.containerSecurityContext.enabled
[INFO] Auditing path $.defaultInitContainers.initCerts.containerSecurityContext.privileged
[INFO] Auditing path $.defaultInitContainers.initCerts.containerSecurityContext.readOnlyRootFilesystem
[INFO] Auditing path $.defaultInitContainers.initCerts.containerSecurityContext.runAsGroup
[INFO] Auditing path $.defaultInitContainers.initCerts.containerSecurityContext.runAsNonRoot
[INFO] Auditing path $.defaultInitContainers.initCerts.containerSecurityContext.runAsUser
[INFO] Auditing path $.defaultInitContainers.initCerts.containerSecurityContext.seLinuxOptions
[INFO] Auditing path $.defaultInitContainers.initCerts.containerSecurityContext.seccompProfile
[INFO] Auditing path $.defaultInitContainers.initCerts.containerSecurityContext.seccompProfile.type
[INFO] Auditing path $.defaultInitContainers.initCerts.enabled
[INFO] Auditing path $.defaultInitContainers.initCerts.resources
[INFO] Auditing path $.defaultInitContainers.initCerts.resourcesPreset
[INFO] Auditing path $.defaultInitContainers.upgradeKeystore
[INFO] Auditing path $.defaultInitContainers.upgradeKeystore.containerSecurityContext
[INFO] Auditing path $.defaultInitContainers.upgradeKeystore.containerSecurityContext.allowPrivilegeEscalation
[INFO] Auditing path $.defaultInitContainers.upgradeKeystore.containerSecurityContext.capabilities
[INFO] Auditing path $.defaultInitContainers.upgradeKeystore.containerSecurityContext.capabilities.drop
[INFO] Auditing path $.defaultInitContainers.upgradeKeystore.containerSecurityContext.enabled
[INFO] Auditing path $.defaultInitContainers.upgradeKeystore.containerSecurityContext.privileged
[INFO] Auditing path $.defaultInitContainers.upgradeKeystore.containerSecurityContext.readOnlyRootFilesystem
[INFO] Auditing path $.defaultInitContainers.upgradeKeystore.containerSecurityContext.runAsGroup
[INFO] Auditing path $.defaultInitContainers.upgradeKeystore.containerSecurityContext.runAsNonRoot
[INFO] Auditing path $.defaultInitContainers.upgradeKeystore.containerSecurityContext.runAsUser
[INFO] Auditing path $.defaultInitContainers.upgradeKeystore.containerSecurityContext.seLinuxOptions
[INFO] Auditing path $.defaultInitContainers.upgradeKeystore.containerSecurityContext.seccompProfile
[INFO] Auditing path $.defaultInitContainers.upgradeKeystore.containerSecurityContext.seccompProfile.type
[INFO] Auditing path $.defaultInitContainers.upgradeKeystore.enabled
[INFO] Auditing path $.defaultInitContainers.upgradeKeystore.resources
[INFO] Auditing path $.defaultInitContainers.upgradeKeystore.resourcesPreset
[INFO] Auditing path $.defaultInitContainers.volumePermissions
[INFO] Auditing path $.defaultInitContainers.volumePermissions.containerSecurityContext
[INFO] Auditing path $.defaultInitContainers.volumePermissions.containerSecurityContext.enabled
[INFO] Auditing path $.defaultInitContainers.volumePermissions.containerSecurityContext.runAsUser
[INFO] Auditing path $.defaultInitContainers.volumePermissions.containerSecurityContext.seLinuxOptions
[INFO] Auditing path $.defaultInitContainers.volumePermissions.enabled
[INFO] Auditing path $.defaultInitContainers.volumePermissions.resources
[INFO] Auditing path $.defaultInitContainers.volumePermissions.resourcesPreset
[INFO] Auditing path $.defaultInitContainers.wait
[INFO] Auditing path $.defaultInitContainers.wait.containerSecurityContext
[INFO] Auditing path $.defaultInitContainers.wait.containerSecurityContext.allowPrivilegeEscalation
[INFO] Auditing path $.defaultInitContainers.wait.containerSecurityContext.capabilities
[INFO] Auditing path $.defaultInitContainers.wait.containerSecurityContext.capabilities.drop
[INFO] Auditing path $.defaultInitContainers.wait.containerSecurityContext.enabled
[INFO] Auditing path $.defaultInitContainers.wait.containerSecurityContext.privileged
[INFO] Auditing path $.defaultInitContainers.wait.containerSecurityContext.readOnlyRootFilesystem
[INFO] Auditing path $.defaultInitContainers.wait.containerSecurityContext.runAsGroup
[INFO] Auditing path $.defaultInitContainers.wait.containerSecurityContext.runAsNonRoot
[INFO] Auditing path $.defaultInitContainers.wait.containerSecurityContext.runAsUser
[INFO] Auditing path $.defaultInitContainers.wait.containerSecurityContext.seLinuxOptions
[INFO] Auditing path $.defaultInitContainers.wait.containerSecurityContext.seccompProfile
[INFO] Auditing path $.defaultInitContainers.wait.containerSecurityContext.seccompProfile.type
[INFO] Auditing path $.defaultInitContainers.wait.enabled
[INFO] Auditing path $.defaultInitContainers.wait.resources
[INFO] Auditing path $.defaultInitContainers.wait.resourcesPreset
[INFO] Auditing path $.defaultInitContainers
[INFO] Auditing path $.diagnosticMode.args
[INFO] Auditing path $.diagnosticMode.command
[INFO] Auditing path $.diagnosticMode.enabled
[INFO] Auditing path $.diagnosticMode
[INFO] Auditing path $.dremio.auth
[INFO] Auditing path $.dremio.auth.email
[INFO] Auditing path $.dremio.auth.enabled
[INFO] Auditing path $.dremio.auth.existingSecret
[INFO] Auditing path $.dremio.auth.existingSecretKey
[INFO] Auditing path $.dremio.auth.firstName
[INFO] Auditing path $.dremio.auth.lastName
[INFO] Auditing path $.dremio.auth.password
[INFO] Auditing path $.dremio.auth.username
[INFO] Auditing path $.dremio.containerPorts
[INFO] Auditing path $.dremio.containerPorts.client
[INFO] Auditing path $.dremio.containerPorts.conduit
[INFO] Auditing path $.dremio.containerPorts.fabric
[INFO] Auditing path $.dremio.containerPorts.flight
[INFO] Auditing path $.dremio.containerPorts.jmx
[INFO] Auditing path $.dremio.containerPorts.liveness
[INFO] Auditing path $.dremio.containerPorts.web
[INFO] Auditing path $.dremio.coreSite
[INFO] Auditing path $.dremio.coreSite.appendConfiguration
[INFO] Auditing path $.dremio.coreSite.existingSecret
[INFO] Auditing path $.dremio.distStorageType
[INFO] Auditing path $.dremio.dremioConf
[INFO] Auditing path $.dremio.dremioConf.configOverrides
[INFO] Auditing path $.dremio.dremioConf.extraFiles
[INFO] Auditing path $.dremio.dremioConf.extraSecretFiles
[INFO] Auditing path $.dremio.dremioConf.secretConfigOverrides
[INFO] Auditing path $.dremio.image
[INFO] Auditing path $.dremio.image.debug
[INFO] Auditing path $.dremio.image.digest
[INFO] Auditing path $.dremio.image.pullPolicy
[INFO] Auditing path $.dremio.image.pullSecrets
[INFO] Auditing path $.dremio.image.registry
[INFO] Auditing path $.dremio.image.repository
[INFO] Auditing path $.dremio.image.tag
[INFO] Auditing path $.dremio.tls
[INFO] Auditing path $.dremio.tls.autoGenerated
[INFO] Auditing path $.dremio.tls.autoGenerated.certManager
[INFO] Auditing path $.dremio.tls.autoGenerated.certManager.duration
[INFO] Auditing path $.dremio.tls.autoGenerated.certManager.existingIssuer
[INFO] Auditing path $.dremio.tls.autoGenerated.certManager.existingIssuerKind
[INFO] Auditing path $.dremio.tls.autoGenerated.certManager.keyAlgorithm
[INFO] Auditing path $.dremio.tls.autoGenerated.certManager.keySize
[INFO] Auditing path $.dremio.tls.autoGenerated.certManager.renewBefore
[INFO] Auditing path $.dremio.tls.autoGenerated.enabled
[INFO] Auditing path $.dremio.tls.autoGenerated.engine
[INFO] Auditing path $.dremio.tls.certFilename
[INFO] Auditing path $.dremio.tls.certKeyFilename
[INFO] Auditing path $.dremio.tls.enabled
[INFO] Auditing path $.dremio.tls.existingSecret
[INFO] Auditing path $.dremio.tls.keystoreFilename
[INFO] Auditing path $.dremio.tls.password
[INFO] Auditing path $.dremio.tls.passwordSecret
[INFO] Auditing path $.dremio.tls.usePemCerts
[INFO] Auditing path $.dremio
[INFO] Auditing path $.executor.common
[INFO] Auditing path $.executor.common.affinity
[INFO] Auditing path $.executor.common.args
[INFO] Auditing path $.executor.common.automountServiceAccountToken
[INFO] Auditing path $.executor.common.autoscaling
[INFO] Auditing path $.executor.common.autoscaling.hpa
[INFO] Auditing path $.executor.common.autoscaling.hpa.enabled
[INFO] Auditing path $.executor.common.autoscaling.hpa.maxReplicas
[INFO] Auditing path $.executor.common.autoscaling.hpa.minReplicas
[INFO] Auditing path $.executor.common.autoscaling.hpa.targetCPU
[INFO] Auditing path $.executor.common.autoscaling.hpa.targetMemory
[INFO] Auditing path $.executor.common.autoscaling.vpa
[INFO] Auditing path $.executor.common.autoscaling.vpa.annotations
[INFO] Auditing path $.executor.common.autoscaling.vpa.controlledResources
[INFO] Auditing path $.executor.common.autoscaling.vpa.enabled
[INFO] Auditing path $.executor.common.autoscaling.vpa.maxAllowed
[INFO] Auditing path $.executor.common.autoscaling.vpa.minAllowed
[INFO] Auditing path $.executor.common.autoscaling.vpa.updatePolicy
[INFO] Auditing path $.executor.common.autoscaling.vpa.updatePolicy.updateMode
[INFO] Auditing path $.executor.common.command
[INFO] Auditing path $.executor.common.containerSecurityContext
[INFO] Auditing path $.executor.common.containerSecurityContext.allowPrivilegeEscalation
[INFO] Auditing path $.executor.common.containerSecurityContext.capabilities
[INFO] Auditing path $.executor.common.containerSecurityContext.capabilities.drop
[INFO] Auditing path $.executor.common.containerSecurityContext.enabled
[INFO] Auditing path $.executor.common.containerSecurityContext.privileged
[INFO] Auditing path $.executor.common.containerSecurityContext.readOnlyRootFilesystem
[INFO] Auditing path $.executor.common.containerSecurityContext.runAsGroup
[INFO] Auditing path $.executor.common.containerSecurityContext.runAsNonRoot
[INFO] Auditing path $.executor.common.containerSecurityContext.runAsUser
[INFO] Auditing path $.executor.common.containerSecurityContext.seLinuxOptions
[INFO] Auditing path $.executor.common.containerSecurityContext.seccompProfile
[INFO] Auditing path $.executor.common.containerSecurityContext.seccompProfile.type
[INFO] Auditing path $.executor.common.customLivenessProbe
[INFO] Auditing path $.executor.common.customReadinessProbe
[INFO] Auditing path $.executor.common.customStartupProbe
[INFO] Auditing path $.executor.common.dremioConf
[INFO] Auditing path $.executor.common.dremioConf.configOverrides
[INFO] Auditing path $.executor.common.dremioConf.existingConfigmap
[INFO] Auditing path $.executor.common.dremioConf.existingSecret
[INFO] Auditing path $.executor.common.dremioConf.extraFiles
[INFO] Auditing path $.executor.common.dremioConf.extraSecretFiles
[INFO] Auditing path $.executor.common.dremioConf.secretConfigOverrides
[INFO] Auditing path $.executor.common.extraContainerPorts
[INFO] Auditing path $.executor.common.extraEnvVars
[INFO] Auditing path $.executor.common.extraEnvVarsCM
[INFO] Auditing path $.executor.common.extraEnvVarsSecret
[INFO] Auditing path $.executor.common.extraJavaOpts
[INFO] Auditing path $.executor.common.extraVolumeMounts
[INFO] Auditing path $.executor.common.extraVolumes
[INFO] Auditing path $.executor.common.hostAliases
[INFO] Auditing path $.executor.common.initContainers
[INFO] Auditing path $.executor.common.lifecycleHooks
[INFO] Auditing path $.executor.common.livenessProbe
[INFO] Auditing path $.executor.common.livenessProbe.enabled
[INFO] Auditing path $.executor.common.livenessProbe.failureThreshold
[INFO] Auditing path $.executor.common.livenessProbe.initialDelaySeconds
[INFO] Auditing path $.executor.common.livenessProbe.periodSeconds
[INFO] Auditing path $.executor.common.livenessProbe.successThreshold
[INFO] Auditing path $.executor.common.livenessProbe.timeoutSeconds
[INFO] Auditing path $.executor.common.networkPolicy
[INFO] Auditing path $.executor.common.networkPolicy.addExternalClientAccess
[INFO] Auditing path $.executor.common.networkPolicy.allowExternal
[INFO] Auditing path $.executor.common.networkPolicy.allowExternalEgress
[INFO] Auditing path $.executor.common.networkPolicy.enabled
[INFO] Auditing path $.executor.common.networkPolicy.extraEgress
[INFO] Auditing path $.executor.common.networkPolicy.extraIngress
[INFO] Auditing path $.executor.common.networkPolicy.ingressNSMatchLabels
[INFO] Auditing path $.executor.common.networkPolicy.ingressNSPodMatchLabels
[INFO] Auditing path $.executor.common.networkPolicy.ingressPodMatchLabels
[INFO] Auditing path $.executor.common.nodeAffinityPreset
[INFO] Auditing path $.executor.common.nodeAffinityPreset.key
[INFO] Auditing path $.executor.common.nodeAffinityPreset.type
[INFO] Auditing path $.executor.common.nodeAffinityPreset.values
[INFO] Auditing path $.executor.common.nodeSelector
[INFO] Auditing path $.executor.common.pdb
[INFO] Auditing path $.executor.common.pdb.create
[INFO] Auditing path $.executor.common.pdb.maxUnavailable
[INFO] Auditing path $.executor.common.pdb.minAvailable
[INFO] Auditing path $.executor.common.persistence
[INFO] Auditing path $.executor.common.persistence.accessModes
[INFO] Auditing path $.executor.common.persistence.annotations
[INFO] Auditing path $.executor.common.persistence.dataSource
[INFO] Auditing path $.executor.common.persistence.enabled
[INFO] Auditing path $.executor.common.persistence.existingClaim
[INFO] Auditing path $.executor.common.persistence.mountPath
[INFO] Auditing path $.executor.common.persistence.selector
[INFO] Auditing path $.executor.common.persistence.size
[INFO] Auditing path $.executor.common.persistence.storageClass
[INFO] Auditing path $.executor.common.persistence.subPath
[INFO] Auditing path $.executor.common.podAffinityPreset
[INFO] Auditing path $.executor.common.podAnnotations
[INFO] Auditing path $.executor.common.podAntiAffinityPreset
[INFO] Auditing path $.executor.common.podLabels
[INFO] Auditing path $.executor.common.podManagementPolicy
[INFO] Auditing path $.executor.common.podSecurityContext
[INFO] Auditing path $.executor.common.podSecurityContext.enabled
[INFO] Auditing path $.executor.common.podSecurityContext.fsGroup
[INFO] Auditing path $.executor.common.podSecurityContext.fsGroupChangePolicy
[INFO] Auditing path $.executor.common.podSecurityContext.supplementalGroups
[INFO] Auditing path $.executor.common.podSecurityContext.sysctls
[INFO] Auditing path $.executor.common.priorityClassName
[INFO] Auditing path $.executor.common.readinessProbe
[INFO] Auditing path $.executor.common.readinessProbe.enabled
[INFO] Auditing path $.executor.common.readinessProbe.failureThreshold
[INFO] Auditing path $.executor.common.readinessProbe.initialDelaySeconds
[INFO] Auditing path $.executor.common.readinessProbe.periodSeconds
[INFO] Auditing path $.executor.common.readinessProbe.successThreshold
[INFO] Auditing path $.executor.common.readinessProbe.timeoutSeconds
[INFO] Auditing path $.executor.common.replicaCount
[INFO] Auditing path $.executor.common.resources
[INFO] Auditing path $.executor.common.resourcesPreset
[INFO] Auditing path $.executor.common.schedulerName
[INFO] Auditing path $.executor.common.serviceAccount
[INFO] Auditing path $.executor.common.serviceAccount.annotations
[INFO] Auditing path $.executor.common.serviceAccount.automountServiceAccountToken
[INFO] Auditing path $.executor.common.serviceAccount.create
[INFO] Auditing path $.executor.common.serviceAccount.name
[INFO] Auditing path $.executor.common.sidecars
[INFO] Auditing path $.executor.common.startupProbe
[INFO] Auditing path $.executor.common.startupProbe.enabled
[INFO] Auditing path $.executor.common.startupProbe.failureThreshold
[INFO] Auditing path $.executor.common.startupProbe.initialDelaySeconds
[INFO] Auditing path $.executor.common.startupProbe.periodSeconds
[INFO] Auditing path $.executor.common.startupProbe.successThreshold
[INFO] Auditing path $.executor.common.startupProbe.timeoutSeconds
[INFO] Auditing path $.executor.common.statefulsetAnnotations
[INFO] Auditing path $.executor.common.terminationGracePeriodSeconds
[INFO] Auditing path $.executor.common.tolerations
[INFO] Auditing path $.executor.common.topologySpreadConstraints
[INFO] Auditing path $.executor.common.updateStrategy
[INFO] Auditing path $.executor.common.updateStrategy.type
[INFO] Auditing path $.executor.engines
[INFO] Auditing path $.executor.engines[*]
[INFO] Auditing path $.executor.engines[*].Release.Name
[INFO] Auditing path $.executor.engines[*].Values.commonAnnotations
[INFO] Auditing path $.executor.engines[*].Values.commonLabels
[INFO] Auditing path $.executor.engines[*].enabled
[INFO] Auditing path $.executor.engines[*].name
[INFO] Auditing path $.executor.engines[*].overrides
[INFO] Auditing path $.executor
[INFO] Auditing path $.externalS3.accessKeyID
[INFO] Auditing path $.externalS3.accessKeySecret
[INFO] Auditing path $.externalS3.authentication
[INFO] Auditing path $.externalS3.bucket
[INFO] Auditing path $.externalS3.disableCertChecking
[INFO] Auditing path $.externalS3.existingSecret
[INFO] Auditing path $.externalS3.existingSecretAccessKeyIDKey
[INFO] Auditing path $.externalS3.existingSecretKeySecretKey
[INFO] Auditing path $.externalS3.host
[INFO] Auditing path $.externalS3.path
[INFO] Auditing path $.externalS3.port
[INFO] Auditing path $.externalS3.protocol
[INFO] Auditing path $.externalS3.region
[INFO] Auditing path $.externalS3
[INFO] Auditing path $.externalZookeeper.port
[INFO] Auditing path $.externalZookeeper.servers
[INFO] Auditing path $.externalZookeeper
[INFO] Auditing path $.extraDeploy[*]
[INFO] Auditing path $.extraDeploy
[INFO] Auditing path $.fullnameOverride
[INFO] Auditing path $.global.compatibility
[INFO] Auditing path $.global.compatibility.openshift
[INFO] Auditing path $.global.compatibility.openshift.adaptSecurityContext
[INFO] Auditing path $.global.defaultStorageClass
[INFO] Auditing path $.global.imagePullSecrets
[INFO] Auditing path $.global.imageRegistry
[INFO] Auditing path $.global.security
[INFO] Auditing path $.global.security.allowInsecureImages
[INFO] Auditing path $.global
[INFO] Auditing path $.ingress.annotations
[INFO] Auditing path $.ingress.apiVersion
[INFO] Auditing path $.ingress.enabled
[INFO] Auditing path $.ingress.extraHosts
[INFO] Auditing path $.ingress.extraHosts[*].name
[INFO] Auditing path $.ingress.extraHosts[*].path
[INFO] Auditing path $.ingress.extraHosts[*].pathType
[INFO] Auditing path $.ingress.extraPaths
[INFO] Auditing path $.ingress.extraRules
[INFO] Auditing path $.ingress.extraTls
[INFO] Auditing path $.ingress.hostname
[INFO] Auditing path $.ingress.ingressClassName
[INFO] Auditing path $.ingress.path
[INFO] Auditing path $.ingress.pathType
[INFO] Auditing path $.ingress.secrets
[INFO] Auditing path $.ingress.secrets[*].certificate
[INFO] Auditing path $.ingress.secrets[*].key
[INFO] Auditing path $.ingress.secrets[*].name
[INFO] Auditing path $.ingress.selfSigned
[INFO] Auditing path $.ingress.tls
[INFO] Auditing path $.ingress
[INFO] Auditing path $.kubeVersion
[INFO] Auditing path $.masterCoordinator.affinity
[INFO] Auditing path $.masterCoordinator.args
[INFO] Auditing path $.masterCoordinator.automountServiceAccountToken
[INFO] Auditing path $.masterCoordinator.autoscaling
[INFO] Auditing path $.masterCoordinator.autoscaling.hpa
[INFO] Auditing path $.masterCoordinator.autoscaling.hpa.enabled
[INFO] Auditing path $.masterCoordinator.autoscaling.hpa.maxReplicas
[INFO] Auditing path $.masterCoordinator.autoscaling.hpa.minReplicas
[INFO] Auditing path $.masterCoordinator.autoscaling.hpa.targetCPU
[INFO] Auditing path $.masterCoordinator.autoscaling.hpa.targetMemory
[INFO] Auditing path $.masterCoordinator.autoscaling.vpa
[INFO] Auditing path $.masterCoordinator.autoscaling.vpa.annotations
[INFO] Auditing path $.masterCoordinator.autoscaling.vpa.controlledResources
[INFO] Auditing path $.masterCoordinator.autoscaling.vpa.enabled
[INFO] Auditing path $.masterCoordinator.autoscaling.vpa.maxAllowed
[INFO] Auditing path $.masterCoordinator.autoscaling.vpa.minAllowed
[INFO] Auditing path $.masterCoordinator.autoscaling.vpa.updatePolicy
[INFO] Auditing path $.masterCoordinator.autoscaling.vpa.updatePolicy.updateMode
[INFO] Auditing path $.masterCoordinator.command
[INFO] Auditing path $.masterCoordinator.containerSecurityContext
[INFO] Auditing path $.masterCoordinator.containerSecurityContext.allowPrivilegeEscalation
[INFO] Auditing path $.masterCoordinator.containerSecurityContext.capabilities
[INFO] Auditing path $.masterCoordinator.containerSecurityContext.capabilities.drop
[INFO] Auditing path $.masterCoordinator.containerSecurityContext.enabled
[INFO] Auditing path $.masterCoordinator.containerSecurityContext.privileged
[INFO] Auditing path $.masterCoordinator.containerSecurityContext.readOnlyRootFilesystem
[INFO] Auditing path $.masterCoordinator.containerSecurityContext.runAsGroup
[INFO] Auditing path $.masterCoordinator.containerSecurityContext.runAsNonRoot
[INFO] Auditing path $.masterCoordinator.containerSecurityContext.runAsUser
[INFO] Auditing path $.masterCoordinator.containerSecurityContext.seLinuxOptions
[INFO] Auditing path $.masterCoordinator.containerSecurityContext.seccompProfile
[INFO] Auditing path $.masterCoordinator.containerSecurityContext.seccompProfile.type
[INFO] Auditing path $.masterCoordinator.customLivenessProbe
[INFO] Auditing path $.masterCoordinator.customReadinessProbe
[INFO] Auditing path $.masterCoordinator.customStartupProbe
[INFO] Auditing path $.masterCoordinator.dremioConf
[INFO] Auditing path $.masterCoordinator.dremioConf.configOverrides
[INFO] Auditing path $.masterCoordinator.dremioConf.existingConfigmap
[INFO] Auditing path $.masterCoordinator.dremioConf.existingSecret
[INFO] Auditing path $.masterCoordinator.dremioConf.extraFiles
[INFO] Auditing path $.masterCoordinator.dremioConf.extraSecretFiles
[INFO] Auditing path $.masterCoordinator.dremioConf.secretConfigOverrides
[INFO] Auditing path $.masterCoordinator.extraContainerPorts
[INFO] Auditing path $.masterCoordinator.extraContainerPorts[*]
[INFO] Auditing path $.masterCoordinator.extraEnvVars
[INFO] Auditing path $.masterCoordinator.extraEnvVarsCM
[INFO] Auditing path $.masterCoordinator.extraEnvVarsSecret
[INFO] Auditing path $.masterCoordinator.extraJavaOpts
[INFO] Auditing path $.masterCoordinator.extraVolumeMounts
[INFO] Auditing path $.masterCoordinator.extraVolumes
[INFO] Auditing path $.masterCoordinator.hostAliases
[INFO] Auditing path $.masterCoordinator.initContainers
[INFO] Auditing path $.masterCoordinator.lifecycleHooks
[INFO] Auditing path $.masterCoordinator.livenessProbe
[INFO] Auditing path $.masterCoordinator.livenessProbe.enabled
[INFO] Auditing path $.masterCoordinator.livenessProbe.failureThreshold
[INFO] Auditing path $.masterCoordinator.livenessProbe.initialDelaySeconds
[INFO] Auditing path $.masterCoordinator.livenessProbe.periodSeconds
[INFO] Auditing path $.masterCoordinator.livenessProbe.successThreshold
[INFO] Auditing path $.masterCoordinator.livenessProbe.timeoutSeconds
[INFO] Auditing path $.masterCoordinator.networkPolicy
[INFO] Auditing path $.masterCoordinator.networkPolicy.addExternalClientAccess
[INFO] Auditing path $.masterCoordinator.networkPolicy.allowExternal
[INFO] Auditing path $.masterCoordinator.networkPolicy.allowExternalEgress
[INFO] Auditing path $.masterCoordinator.networkPolicy.enabled
[INFO] Auditing path $.masterCoordinator.networkPolicy.extraEgress
[INFO] Auditing path $.masterCoordinator.networkPolicy.extraIngress
[INFO] Auditing path $.masterCoordinator.networkPolicy.ingressNSMatchLabels
[INFO] Auditing path $.masterCoordinator.networkPolicy.ingressNSMatchLabels[*]
[INFO] Auditing path $.masterCoordinator.networkPolicy.ingressNSPodMatchLabels
[INFO] Auditing path $.masterCoordinator.networkPolicy.ingressNSPodMatchLabels[*]
[INFO] Auditing path $.masterCoordinator.networkPolicy.ingressPodMatchLabels
[INFO] Auditing path $.masterCoordinator.nodeAffinityPreset
[INFO] Auditing path $.masterCoordinator.nodeAffinityPreset.key
[INFO] Auditing path $.masterCoordinator.nodeAffinityPreset.type
[INFO] Auditing path $.masterCoordinator.nodeAffinityPreset.values
[INFO] Auditing path $.masterCoordinator.nodeSelector
[INFO] Auditing path $.masterCoordinator.pdb
[INFO] Auditing path $.masterCoordinator.pdb.create
[INFO] Auditing path $.masterCoordinator.pdb.maxUnavailable
[INFO] Auditing path $.masterCoordinator.pdb.minAvailable
[INFO] Auditing path $.masterCoordinator.persistence
[INFO] Auditing path $.masterCoordinator.persistence.accessModes
[INFO] Auditing path $.masterCoordinator.persistence.accessModes[*]
[INFO] Auditing path $.masterCoordinator.persistence.annotations
[INFO] Auditing path $.masterCoordinator.persistence.dataSource
[INFO] Auditing path $.masterCoordinator.persistence.enabled
[INFO] Auditing path $.masterCoordinator.persistence.existingClaim
[INFO] Auditing path $.masterCoordinator.persistence.mountPath
[INFO] Auditing path $.masterCoordinator.persistence.resourcePolicy
[INFO] Auditing path $.masterCoordinator.persistence.selector
[INFO] Auditing path $.masterCoordinator.persistence.size
[INFO] Auditing path $.masterCoordinator.persistence.storageClass
[INFO] Auditing path $.masterCoordinator.persistence.subPath
[INFO] Auditing path $.masterCoordinator.podAffinityPreset
[INFO] Auditing path $.masterCoordinator.podAnnotations
[INFO] Auditing path $.masterCoordinator.podAntiAffinityPreset
[INFO] Auditing path $.masterCoordinator.podLabels
[INFO] Auditing path $.masterCoordinator.podManagementPolicy
[INFO] Auditing path $.masterCoordinator.podSecurityContext
[INFO] Auditing path $.masterCoordinator.podSecurityContext.enabled
[INFO] Auditing path $.masterCoordinator.podSecurityContext.fsGroup
[INFO] Auditing path $.masterCoordinator.podSecurityContext.fsGroupChangePolicy
[INFO] Auditing path $.masterCoordinator.podSecurityContext.supplementalGroups
[INFO] Auditing path $.masterCoordinator.podSecurityContext.sysctls
[INFO] Auditing path $.masterCoordinator.priorityClassName
[INFO] Auditing path $.masterCoordinator.readinessProbe
[INFO] Auditing path $.masterCoordinator.readinessProbe.enabled
[INFO] Auditing path $.masterCoordinator.readinessProbe.failureThreshold
[INFO] Auditing path $.masterCoordinator.readinessProbe.initialDelaySeconds
[INFO] Auditing path $.masterCoordinator.readinessProbe.periodSeconds
[INFO] Auditing path $.masterCoordinator.readinessProbe.successThreshold
[INFO] Auditing path $.masterCoordinator.readinessProbe.timeoutSeconds
[INFO] Auditing path $.masterCoordinator.replicaCount
[INFO] Auditing path $.masterCoordinator.resources
[INFO] Auditing path $.masterCoordinator.resourcesPreset
[INFO] Auditing path $.masterCoordinator.schedulerName
[INFO] Auditing path $.masterCoordinator.serviceAccount
[INFO] Auditing path $.masterCoordinator.serviceAccount.annotations
[INFO] Auditing path $.masterCoordinator.serviceAccount.automountServiceAccountToken
[INFO] Auditing path $.masterCoordinator.serviceAccount.create
[INFO] Auditing path $.masterCoordinator.serviceAccount.name
[INFO] Auditing path $.masterCoordinator.sidecars
[INFO] Auditing path $.masterCoordinator.startupProbe
[INFO] Auditing path $.masterCoordinator.startupProbe.enabled
[INFO] Auditing path $.masterCoordinator.startupProbe.failureThreshold
[INFO] Auditing path $.masterCoordinator.startupProbe.initialDelaySeconds
[INFO] Auditing path $.masterCoordinator.startupProbe.periodSeconds
[INFO] Auditing path $.masterCoordinator.startupProbe.successThreshold
[INFO] Auditing path $.masterCoordinator.startupProbe.timeoutSeconds
[INFO] Auditing path $.masterCoordinator.statefulsetAnnotations
[INFO] Auditing path $.masterCoordinator.terminationGracePeriodSeconds
[INFO] Auditing path $.masterCoordinator.tolerations
[INFO] Auditing path $.masterCoordinator.topologySpreadConstraints
[INFO] Auditing path $.masterCoordinator.updateStrategy
[INFO] Auditing path $.masterCoordinator.updateStrategy.type
[INFO] Auditing path $.masterCoordinator
[INFO] Auditing path $.metrics.configOverrides
[INFO] Auditing path $.metrics.containerPorts
[INFO] Auditing path $.metrics.containerPorts.metrics
[INFO] Auditing path $.metrics.containerSecurityContext
[INFO] Auditing path $.metrics.containerSecurityContext.allowPrivilegeEscalation
[INFO] Auditing path $.metrics.containerSecurityContext.capabilities
[INFO] Auditing path $.metrics.containerSecurityContext.capabilities.drop
[INFO] Auditing path $.metrics.containerSecurityContext.enabled
[INFO] Auditing path $.metrics.containerSecurityContext.privileged
[INFO] Auditing path $.metrics.containerSecurityContext.readOnlyRootFilesystem
[INFO] Auditing path $.metrics.containerSecurityContext.runAsGroup
[INFO] Auditing path $.metrics.containerSecurityContext.runAsNonRoot
[INFO] Auditing path $.metrics.containerSecurityContext.runAsUser
[INFO] Auditing path $.metrics.containerSecurityContext.seLinuxOptions
[INFO] Auditing path $.metrics.containerSecurityContext.seccompProfile
[INFO] Auditing path $.metrics.containerSecurityContext.seccompProfile.type
[INFO] Auditing path $.metrics.enabled
[INFO] Auditing path $.metrics.existingConfigmap
[INFO] Auditing path $.metrics.extraArgs
[INFO] Auditing path $.metrics.image
[INFO] Auditing path $.metrics.image.digest
[INFO] Auditing path $.metrics.image.pullPolicy
[INFO] Auditing path $.metrics.image.pullSecrets
[INFO] Auditing path $.metrics.image.registry
[INFO] Auditing path $.metrics.image.repository
[INFO] Auditing path $.metrics.image.tag
[INFO] Auditing path $.metrics.jmxConfigOverrides
[INFO] Auditing path $.metrics.livenessProbe
[INFO] Auditing path $.metrics.livenessProbe.enabled
[INFO] Auditing path $.metrics.livenessProbe.failureThreshold
[INFO] Auditing path $.metrics.livenessProbe.initialDelaySeconds
[INFO] Auditing path $.metrics.livenessProbe.periodSeconds
[INFO] Auditing path $.metrics.livenessProbe.successThreshold
[INFO] Auditing path $.metrics.livenessProbe.timeoutSeconds
[INFO] Auditing path $.metrics.readinessProbe
[INFO] Auditing path $.metrics.readinessProbe.enabled
[INFO] Auditing path $.metrics.readinessProbe.failureThreshold
[INFO] Auditing path $.metrics.readinessProbe.initialDelaySeconds
[INFO] Auditing path $.metrics.readinessProbe.periodSeconds
[INFO] Auditing path $.metrics.readinessProbe.successThreshold
[INFO] Auditing path $.metrics.readinessProbe.timeoutSeconds
[INFO] Auditing path $.metrics.resources
[INFO] Auditing path $.metrics.resourcesPreset
[INFO] Auditing path $.metrics.service
[INFO] Auditing path $.metrics.service.annotations
[INFO] Auditing path $.metrics.service.clusterIP
[INFO] Auditing path $.metrics.service.labels
[INFO] Auditing path $.metrics.service.ports
[INFO] Auditing path $.metrics.service.ports.metrics
[INFO] Auditing path $.metrics.service.sessionAffinity
[INFO] Auditing path $.metrics.serviceMonitor
[INFO] Auditing path $.metrics.serviceMonitor.annotations
[INFO] Auditing path $.metrics.serviceMonitor.enabled
[INFO] Auditing path $.metrics.serviceMonitor.honorLabels
[INFO] Auditing path $.metrics.serviceMonitor.interval
[INFO] Auditing path $.metrics.serviceMonitor.jobLabel
[INFO] Auditing path $.metrics.serviceMonitor.labels
[INFO] Auditing path $.metrics.serviceMonitor.metricRelabelings
[INFO] Auditing path $.metrics.serviceMonitor.namespace
[INFO] Auditing path $.metrics.serviceMonitor.relabelings
[INFO] Auditing path $.metrics.serviceMonitor.scrapeTimeout
[INFO] Auditing path $.metrics.serviceMonitor.selector
[INFO] Auditing path $.metrics.startupProbe
[INFO] Auditing path $.metrics.startupProbe.enabled
[INFO] Auditing path $.metrics.startupProbe.failureThreshold
[INFO] Auditing path $.metrics.startupProbe.initialDelaySeconds
[INFO] Auditing path $.metrics.startupProbe.periodSeconds
[INFO] Auditing path $.metrics.startupProbe.successThreshold
[INFO] Auditing path $.metrics.startupProbe.timeoutSeconds
[INFO] Auditing path $.metrics.telemetryConfigOverrides
[INFO] Auditing path $.metrics
[INFO] Auditing path $.minio.auth
[INFO] Auditing path $.minio.auth.existingSecret
[INFO] Auditing path $.minio.auth.rootPassword
[INFO] Auditing path $.minio.auth.rootUser
[INFO] Auditing path $.minio.console
[INFO] Auditing path $.minio.console.enabled
[INFO] Auditing path $.minio.containerPorts
[INFO] Auditing path $.minio.containerPorts.api
[INFO] Auditing path $.minio.defaultBuckets
[INFO] Auditing path $.minio.enabled
[INFO] Auditing path $.minio.provisioning
[INFO] Auditing path $.minio.provisioning.enabled
[INFO] Auditing path $.minio.provisioning.extraCommands
[INFO] Auditing path $.minio.service
[INFO] Auditing path $.minio.service.loadBalancerIP
[INFO] Auditing path $.minio.service.ports
[INFO] Auditing path $.minio.service.ports.api
[INFO] Auditing path $.minio.service.type
[INFO] Auditing path $.minio.tls
[INFO] Auditing path $.minio.tls.autoGenerated
[INFO] Auditing path $.minio.tls.autoGenerated.enabled
[INFO] Auditing path $.minio.tls.enabled
[INFO] Auditing path $.minio.tls.server.certFilename
[INFO] Auditing path $.minio
[INFO] Auditing path $.nameOverride
[INFO] Auditing path $.namespaceOverride
[INFO] Auditing path $.service.annotations
[INFO] Auditing path $.service.clusterIP
[INFO] Auditing path $.service.externalTrafficPolicy
[INFO] Auditing path $.service.extraPorts
[INFO] Auditing path $.service.headless
[INFO] Auditing path $.service.headless.annotations
[INFO] Auditing path $.service.loadBalancerIP
[INFO] Auditing path $.service.loadBalancerSourceRanges
[INFO] Auditing path $.service.nodePorts
[INFO] Auditing path $.service.nodePorts.client
[INFO] Auditing path $.service.nodePorts.flight
[INFO] Auditing path $.service.nodePorts.web
[INFO] Auditing path $.service.ports
[INFO] Auditing path $.service.ports.client
[INFO] Auditing path $.service.ports.flight
[INFO] Auditing path $.service.ports.web
[INFO] Auditing path $.service.sessionAffinity
[INFO] Auditing path $.service.sessionAffinityConfig
[INFO] Auditing path $.service.type
[INFO] Auditing path $.service
[INFO] Auditing path $.usePasswordFiles
[INFO] Auditing path $.volumePermissions.enabled
[INFO] Auditing path $.volumePermissions
[INFO] Auditing path $.zookeeper.containerPorts
[INFO] Auditing path $.zookeeper.containerPorts.client
[INFO] Auditing path $.zookeeper.enabled
[INFO] Auditing path $.zookeeper.replicaCount
[INFO] Auditing path $.zookeeper.resources
[INFO] Auditing path $.zookeeper.resourcesPreset
[INFO] Auditing path $.zookeeper
