[INFO] Auditing path $.affinity
[INFO] Auditing path $.annotations
[INFO] Auditing path $.containerSecurityContext
[INFO] Auditing path $.druidURL
[INFO] Auditing path $.exporterPort
[INFO] Auditing path $.extraEnv
[INFO] Auditing path $.image.name
[INFO] Auditing path $.image.pullPolicy
[INFO] Auditing path $.image.tag
[INFO] Auditing path $.image
[INFO] Auditing path $.imagePullSecrets
[INFO] Auditing path $.logFormat
[INFO] Auditing path $.logLevel
[INFO] Auditing path $.name
[INFO] Auditing path $.nodeSelector
[INFO] Auditing path $.podAnnotations
[INFO] Auditing path $.securityContext
[INFO] Auditing path $.serviceAccount.create
[INFO] Auditing path $.serviceAccount
[INFO] Auditing path $.serviceMonitor.additionalLabels
[INFO] Auditing path $.serviceMonitor.additionalLabels[*]
[INFO] Auditing path $.serviceMonitor.enabled
[INFO] Auditing path $.serviceMonitor.interval
[INFO] Auditing path $.serviceMonitor.namespace
[INFO] Auditing path $.serviceMonitor.scrapeTimeout
[INFO] Auditing path $.serviceMonitor.targetLabels
[INFO] Auditing path $.serviceMonitor.targetLabels[*]
[INFO] Auditing path $.serviceMonitor
[INFO] Auditing path $.serviceType
[INFO] Auditing path $.tolerations
