[INFO] Auditing path $.affinity
[INFO] Auditing path $.config.log
[INFO] Auditing path $.config.log.level
[INFO] Auditing path $.config.systemd
[INFO] Auditing path $.config.systemd.collector
[INFO] Auditing path $.config.systemd.collector.unitInclude
[INFO] Auditing path $.config
[INFO] Auditing path $.containerSecurityContext.readOnlyRootFilesystem
[INFO] Auditing path $.containerSecurityContext
[INFO] Auditing path $.daemonsetAnnotations
[INFO] Auditing path $.env
[INFO] Auditing path $.extraArgs
[INFO] Auditing path $.extraInitContainers
[INFO] Auditing path $.extraVolumeMounts
[INFO] Auditing path $.extraVolumes
[INFO] Auditing path $.fullnameOverride
[INFO] Auditing path $.global.imagePullSecrets
[INFO] Auditing path $.global.imageRegistry
[INFO] Auditing path $.global
[INFO] Auditing path $.hostNetwork
[INFO] Auditing path $.hostPID
[INFO] Auditing path $.image.digest
[INFO] Auditing path $.image.pullPolicy
[INFO] Auditing path $.image.registry
[INFO] Auditing path $.image.repository
[INFO] Auditing path $.image.tag
[INFO] Auditing path $.image
[INFO] Auditing path $.imagePullSecrets
[INFO] Auditing path $.livenessProbe.failureThreshold
[INFO] Auditing path $.livenessProbe.httpGet
[INFO] Auditing path $.livenessProbe.httpGet.httpHeaders
[INFO] Auditing path $.livenessProbe.httpGet.path
[INFO] Auditing path $.livenessProbe.httpGet.port
[INFO] Auditing path $.livenessProbe.httpGet.scheme
[INFO] Auditing path $.livenessProbe.initialDelaySeconds
[INFO] Auditing path $.livenessProbe.periodSeconds
[INFO] Auditing path $.livenessProbe.successThreshold
[INFO] Auditing path $.livenessProbe.timeoutSeconds
[INFO] Auditing path $.livenessProbe
[INFO] Auditing path $.nameOverride
[INFO] Auditing path $.namespaceOverride
[INFO] Auditing path $.nodeSelector["kubernetes.io/os"]
[INFO] Auditing path $.nodeSelector
[INFO] Auditing path $.podAnnotations["cluster-autoscaler.kubernetes.io/safe-to-evict"]
[INFO] Auditing path $.podAnnotations
[INFO] Auditing path $.podLabels
[INFO] Auditing path $.priorityClassName
[INFO] Auditing path $.prometheus.monitor
[INFO] Auditing path $.prometheus.monitor.additionalLabels
[INFO] Auditing path $.prometheus.monitor.enabled
[INFO] Auditing path $.prometheus.monitor.interval
[INFO] Auditing path $.prometheus.monitor.metricRelabelings
[INFO] Auditing path $.prometheus.monitor.relabelings
[INFO] Auditing path $.prometheus.monitor.scrapeTimeout
[INFO] Auditing path $.prometheus.rules
[INFO] Auditing path $.prometheus.rules.additionalLabels
[INFO] Auditing path $.prometheus.rules.enabled
[INFO] Auditing path $.prometheus.rules.namespace
[INFO] Auditing path $.prometheus.rules.rules
[INFO] Auditing path $.prometheus.rules.rules[*].alert
[INFO] Auditing path $.prometheus.rules.rules[*].annotations
[INFO] Auditing path $.prometheus.rules.rules[*].annotations.description
[INFO] Auditing path $.prometheus.rules.rules[*].annotations.runbook_url
[INFO] Auditing path $.prometheus.rules.rules[*].annotations.summary
[INFO] Auditing path $.prometheus.rules.rules[*].expr
[INFO] Auditing path $.prometheus.rules.rules[*].for
[INFO] Auditing path $.prometheus.rules.rules[*].labels
[INFO] Auditing path $.prometheus.rules.rules[*].labels.severity
[INFO] Auditing path $.prometheus
[INFO] Auditing path $.readinessProbe.failureThreshold
[INFO] Auditing path $.readinessProbe.httpGet
[INFO] Auditing path $.readinessProbe.httpGet.httpHeaders
[INFO] Auditing path $.readinessProbe.httpGet.path
[INFO] Auditing path $.readinessProbe.httpGet.port
[INFO] Auditing path $.readinessProbe.httpGet.scheme
[INFO] Auditing path $.readinessProbe.initialDelaySeconds
[INFO] Auditing path $.readinessProbe.periodSeconds
[INFO] Auditing path $.readinessProbe.successThreshold
[INFO] Auditing path $.readinessProbe.timeoutSeconds
[INFO] Auditing path $.readinessProbe
[INFO] Auditing path $.releaseLabel
[INFO] Auditing path $.resources
[INFO] Auditing path $.revisionHistoryLimit
[INFO] Auditing path $.securityContext.fsGroup
[INFO] Auditing path $.securityContext.runAsGroup
[INFO] Auditing path $.securityContext.runAsNonRoot
[INFO] Auditing path $.securityContext.runAsUser
[INFO] Auditing path $.securityContext
[INFO] Auditing path $.service.annotations
[INFO] Auditing path $.service.annotations["prometheus.io/scrape"]
[INFO] Auditing path $.service.enabled
[INFO] Auditing path $.service.nodePort
[INFO] Auditing path $.service.port
[INFO] Auditing path $.service.portName
[INFO] Auditing path $.service.targetPort
[INFO] Auditing path $.service.type
[INFO] Auditing path $.service
[INFO] Auditing path $.serviceAccount.annotations
[INFO] Auditing path $.serviceAccount.automountServiceAccountToken
[INFO] Auditing path $.serviceAccount.create
[INFO] Auditing path $.serviceAccount.imagePullSecrets
[INFO] Auditing path $.serviceAccount.name
[INFO] Auditing path $.serviceAccount
[INFO] Auditing path $.tolerations[*].effect
[INFO] Auditing path $.tolerations[*].operator
[INFO] Auditing path $.tolerations
[INFO] Auditing path $.updateStrategy.rollingUpdate
[INFO] Auditing path $.updateStrategy.rollingUpdate.maxUnavailable
[INFO] Auditing path $.updateStrategy.type
[INFO] Auditing path $.updateStrategy
