[INFO] Chart 1/1: .
[INFO] Preparing dependencies for . (excluded from testing budgets)
[INFO] Finite filtering unavailable: permutations need closed objects at (); set additionalProperties: false; filtering generation before value-path traversal
[INFO] Coalescing path $.affinity
[INFO] Coalescing path $.automountServiceAccountToken
[INFO] Coalescing path $.commonAnnotations
[INFO] Coalescing path $.commonLabels
[INFO] Coalescing path $.containerSecurityContext
[INFO] Coalescing path $.customLivenessProbe
[INFO] Coalescing path $.customReadinessProbe
[INFO] Coalescing path $.customStartupProbe
[INFO] Coalescing path $.enableDefaultInitContainers
[INFO] Coalescing path $.extraDeploy
[INFO] Coalescing path $.extraEnvVars
[INFO] Coalescing path $.extraEnvVarsCM
[INFO] Coalescing path $.extraEnvVarsSecret
[INFO] Coalescing path $.extraVolumeMounts
[INFO] Coalescing path $.extraVolumes
[INFO] Coalescing path $.hostAliases
[INFO] Coalescing path $.initContainers
[INFO] Coalescing path $.lifecycleHooks
[INFO] Coalescing path $.nodeSelector
[INFO] Coalescing path $.podAffinityPreset
[INFO] Coalescing path $.podAnnotations
[INFO] Coalescing path $.podAntiAffinityPreset
[INFO] Coalescing path $.podLabels
[INFO] Coalescing path $.podSecurityContext
[INFO] Coalescing path $.priorityClassName
[INFO] Coalescing path $.replicaCount
[INFO] Coalescing path $.resources
[INFO] Coalescing path $.schedulerName
[INFO] Coalescing path $.sidecars
[INFO] Coalescing path $.tolerations
[INFO] Coalescing path $.topologySpreadConstraints
[INFO] Coalescing path $.updateStrategy
[INFO] Coalescing path $.client.image
[INFO] Coalescing path $.containerPorts.restApi
[INFO] Coalescing path $.containerPorts.server
[INFO] Coalescing path $.containerSecurityContext.enabled
[INFO] Coalescing path $.diagnosticMode.args
[INFO] Coalescing path $.diagnosticMode.command
[INFO] Coalescing path $.diagnosticMode.enabled
[INFO] Coalescing path $.extraDeploy[*]
[INFO] Coalescing path $.metrics.enabled
[INFO] Coalescing path $.metrics.podAnnotations
[INFO] Coalescing path $.networkPolicy.allowExternal
[INFO] Coalescing path $.networkPolicy.allowExternalEgress
[INFO] Coalescing path $.networkPolicy.enabled
[INFO] Coalescing path $.networkPolicy.extraIngress
[INFO] Coalescing path $.networkPolicy.ingressNSMatchLabels
[INFO] Coalescing path $.networkPolicy.ingressNSPodMatchLabels
[INFO] Coalescing path $.nodeAffinityPreset.key
[INFO] Coalescing path $.nodeAffinityPreset.type
[INFO] Coalescing path $.nodeAffinityPreset.values
[INFO] Coalescing path $.pdb.create
[INFO] Coalescing path $.pdb.maxUnavailable
[INFO] Coalescing path $.pdb.minAvailable
[INFO] Coalescing path $.podSecurityContext.enabled
[INFO] Coalescing path $.server.image
[INFO] Coalescing path $.server.port
[INFO] Coalescing path $.server.restApiPort
[INFO] Coalescing path $.service.annotations
[INFO] Coalescing path $.service.clusterIP
[INFO] Coalescing path $.service.externalTrafficPolicy
[INFO] Coalescing path $.service.extraPorts
[INFO] Coalescing path $.service.loadBalancerIP
[INFO] Coalescing path $.service.loadBalancerSourceRanges
[INFO] Coalescing path $.service.port
[INFO] Coalescing path $.service.restApiPort
[INFO] Coalescing path $.service.sessionAffinity
[INFO] Coalescing path $.service.sessionAffinityConfig
[INFO] Coalescing path $.service.type
[INFO] Coalescing path $.serviceAccount.annotations
[INFO] Coalescing path $.serviceAccount.automountServiceAccountToken
[INFO] Coalescing path $.serviceAccount.create
[INFO] Coalescing path $.client.image.pullPolicy
[INFO] Coalescing path $.networkPolicy.ingressNSMatchLabels[*]
[INFO] Coalescing path $.networkPolicy.ingressNSPodMatchLabels[*]
[INFO] Coalescing path $.server.image.pullPolicy
[INFO] Coalescing path $.service.nodePorts.restApi
[INFO] Coalescing path $.service.nodePorts.server
[INFO] Coalescing path $.service.ports.restApi
[INFO] Coalescing path $.service.ports.server
[INFO] Discovered 179 unique value paths; random traversal, seed 0
[INFO] Testing path $.networkPolicy.allowExternal (1/179)
[INFO] Compiler input baseline: 73 statically named fields
[INFO] Render hashes (run-local): 2 observed, 2 unique, 0 duplicate bundles; 0 successful validations reused
[INFO] Testing path $.topologySpreadConstraints[*] (2/179)
[INFO] Compiler input baseline: 73 statically named fields
[INFO] Render hashes (run-local): 100 observed, 87 unique, 13 duplicate bundles; 13 successful validations reused
[INFO] Testing path $.initContainers (3/179)
[INFO] Compiler input baseline: 73 statically named fields
[INFO] Render hashes (run-local): 100 observed, 88 unique, 12 duplicate bundles; 12 successful validations reused
[INFO] Testing path $.startupProbe.timeoutSeconds (4/179)
[INFO] Compiler input baseline: 73 statically named fields
[INFO] Render hashes (run-local): 100 observed, 1 unique, 99 duplicate bundles; 99 successful validations reused
[INFO] Testing path $.lifecycleHooks (5/179)
[INFO] Compiler input baseline: 73 statically named fields
[INFO] Render hashes (run-local): 100 observed, 98 unique, 2 duplicate bundles; 2 successful validations reused
[INFO] Testing path $.nodeAffinityPreset.values (6/179)
[INFO] Compiler input baseline: 73 statically named fields
[INFO] Render hashes (run-local): 100 observed, 1 unique, 99 duplicate bundles; 99 successful validations reused
[INFO] Testing path $.livenessProbe.periodSeconds (7/179)
[INFO] Compiler input baseline: 73 statically named fields
[INFO] Render hashes (run-local): 100 observed, 100 unique, 0 duplicate bundles; 0 successful validations reused
[INFO] Testing path $.nodeSelector (8/179)
[INFO] Compiler input baseline: 73 statically named fields
[INFO] Render hashes (run-local): 100 observed, 98 unique, 2 duplicate bundles; 2 successful validations reused
[INFO] Testing path $.service.port (9/179)
[INFO] Compiler input baseline: 73 statically named fields
[INFO] Render hashes (run-local): 100 observed, 1 unique, 99 duplicate bundles; 99 successful validations reused
[INFO] Testing path $.pdb.maxUnavailable (10/179)
[INFO] Compiler input baseline: 73 statically named fields
[INFO] Render hashes (run-local): 24 observed, 21 unique, 3 duplicate bundles; 3 successful validations reused
[INFO] Testing path $.updateStrategy (11/179)
[INFO] Compiler input baseline: 73 statically named fields
[INFO] Render hashes (run-local): 100 observed, 99 unique, 1 duplicate bundles; 1 successful validations reused
[INFO] Testing path $.diagnosticMode.args[*] (12/179)
[INFO] Compiler input baseline: 73 statically named fields
[INFO] Render hashes (run-local): 100 observed, 1 unique, 99 duplicate bundles; 99 successful validations reused
[INFO] Testing path $.global.imagePullSecrets (13/179)
[INFO] Compiler input baseline: 73 statically named fields
[INFO] Render hashes (run-local): 50 observed, 18 unique, 32 duplicate bundles; 32 successful validations reused
[INFO] Testing path $.podSecurityContext (14/179)
[INFO] Compiler input baseline: 73 statically named fields
[INFO] Render hashes (run-local): 100 observed, 87 unique, 13 duplicate bundles; 13 successful validations reused
[INFO] Testing path $.livenessProbe.failureThreshold (15/179)
[INFO] Compiler input baseline: 73 statically named fields
[INFO] Render hashes (run-local): 100 observed, 100 unique, 0 duplicate bundles; 0 successful validations reused
[INFO] Testing path $.client.image.registry (16/179)
[INFO] Compiler input baseline: 73 statically named fields
[INFO] Render hashes (run-local): 3 observed, 3 unique, 0 duplicate bundles; 0 successful validations reused
[INFO] Testing path $.networkPolicy.ingressNSPodMatchLabels (17/179)
[INFO] Compiler input baseline: 73 statically named fields
[INFO] Render hashes (run-local): 100 observed, 1 unique, 99 duplicate bundles; 99 successful validations reused
[INFO] Testing path $.metrics.podAnnotations["prometheus.io/port"] (18/179)
[INFO] Compiler input baseline: 73 statically named fields
[INFO] Render hashes (run-local): 100 observed, 1 unique, 99 duplicate bundles; 99 successful validations reused
[INFO] Testing path $.service.type (19/179)
[INFO] Compiler input baseline: 73 statically named fields
[INFO] Render hashes (run-local): 24 observed, 21 unique, 3 duplicate bundles; 3 successful validations reused
[INFO] Testing path $.containerPorts.server (20/179)
[INFO] Compiler input baseline: 73 statically named fields
[INFO] Render hashes (run-local): 100 observed, 100 unique, 0 duplicate bundles; 0 successful validations reused
[INFO] Testing path $.server.image.tag (21/179)
[INFO] Compiler input baseline: 73 statically named fields
[INFO] Render hashes (run-local): 0 observed, 0 unique, 0 duplicate bundles; 0 successful validations reused
[INFO] Testing path $.livenessProbe.initialDelaySeconds (22/179)
[INFO] Compiler input baseline: 73 statically named fields
[INFO] Render hashes (run-local): 100 observed, 100 unique, 0 duplicate bundles; 0 successful validations reused
[INFO] Testing path $.pdb.minAvailable (23/179)
[INFO] Compiler input baseline: 73 statically named fields
[INFO] Render hashes (run-local): 24 observed, 21 unique, 3 duplicate bundles; 0 successful validations reused
[INFO] Testing path $.schedulerName (24/179)
[INFO] Compiler input baseline: 73 statically named fields
[INFO] Render hashes (run-local): 24 observed, 21 unique, 3 duplicate bundles; 0 successful validations reused
[INFO] Testing path $.extraEnvVars[*] (25/179)
[INFO] Compiler input baseline: 73 statically named fields
[INFO] Execution stopped at the 12.6667s time limit; coverage is incomplete
[INFO] Render hashes (run-local): 84 observed, 73 unique, 11 duplicate bundles; 0 successful validations reused
[INFO] .: failed; testing 300.31s; dependency preparation 0.59s; 0 charts remain
