[INFO] Chart 1/1: .
[INFO] Preparing dependencies for . (excluded from testing budgets)
[INFO] Finite filtering unavailable: permutations need closed objects at (); set additionalProperties: false; filtering generation before value-path traversal
[INFO] Coalescing path $.commonAnnotations
[INFO] Coalescing path $.commonLabels
[INFO] Coalescing path $.existingSecret
[INFO] Coalescing path $.extraDeploy
[INFO] Coalescing path $.extraVolumeClaimTemplates
[INFO] Coalescing path $.global
[INFO] Coalescing path $.image
[INFO] Coalescing path $.persistence
[INFO] Coalescing path $.podAnnotations
[INFO] Coalescing path $.podLabels
[INFO] Coalescing path $.podManagementPolicy
[INFO] Coalescing path $.replicaCount
[INFO] Coalescing path $.tomcatUsername
[INFO] Coalescing path $.updateStrategy
[INFO] Coalescing path $.wordpressConfigureCache
[INFO] Coalescing path $.deployment.type
[INFO] Coalescing path $.extraDeploy[*]
[INFO] Coalescing path $.ingress.annotations
[INFO] Coalescing path $.ingress.certManager
[INFO] Coalescing path $.ingress.enabled
[INFO] Coalescing path $.ingress.extraHosts
[INFO] Coalescing path $.ingress.extraPaths
[INFO] Coalescing path $.ingress.extraRules
[INFO] Coalescing path $.ingress.extraTls
[INFO] Coalescing path $.ingress.hostname
[INFO] Coalescing path $.ingress.ingressClassName
[INFO] Coalescing path $.ingress.path
[INFO] Coalescing path $.ingress.pathType
[INFO] Coalescing path $.ingress.secrets
[INFO] Coalescing path $.ingress.selfSigned
[INFO] Coalescing path $.ingress.tls
[INFO] Coalescing path $.mariadb.enabled
[INFO] Coalescing path $.memcached.enabled
[INFO] Coalescing path $.networkPolicy.allowExternal
[INFO] Coalescing path $.networkPolicy.allowExternalEgress
[INFO] Coalescing path $.networkPolicy.enabled
[INFO] Coalescing path $.networkPolicy.extraEgress
[INFO] Coalescing path $.networkPolicy.extraIngress
[INFO] Coalescing path $.networkPolicy.ingressNSMatchLabels
[INFO] Coalescing path $.networkPolicy.ingressNSPodMatchLabels
[INFO] Coalescing path $.pdb.create
[INFO] Coalescing path $.pdb.maxUnavailable
[INFO] Coalescing path $.pdb.minAvailable
[INFO] Coalescing path $.persistence.accessModes
[INFO] Coalescing path $.persistence.annotations
[INFO] Coalescing path $.persistence.enabled
[INFO] Coalescing path $.persistence.existingClaim
[INFO] Coalescing path $.persistence.labels
[INFO] Coalescing path $.persistence.selectorLabels
[INFO] Coalescing path $.persistence.size
[INFO] Coalescing path $.service.annotations
[INFO] Coalescing path $.service.clusterIP
[INFO] Coalescing path $.service.externalTrafficPolicy
[INFO] Coalescing path $.service.extraPorts
[INFO] Coalescing path $.service.loadBalancerIP
[INFO] Coalescing path $.service.loadBalancerSourceRanges
[INFO] Coalescing path $.service.sessionAffinity
[INFO] Coalescing path $.service.sessionAffinityConfig
[INFO] Coalescing path $.service.type
[INFO] Coalescing path $.serviceAccount.annotations
[INFO] Coalescing path $.serviceAccount.automountServiceAccountToken
[INFO] Coalescing path $.serviceAccount.create
[INFO] Coalescing path $.volumePermissions.image
[INFO] Coalescing path $.metrics.jmx.config
[INFO] Coalescing path $.metrics.jmx.enabled
[INFO] Coalescing path $.metrics.jmx.existingConfigmap
[INFO] Coalescing path $.metrics.jmx.image
[INFO] Coalescing path $.metrics.jmx.ports
[INFO] Coalescing path $.metrics.podMonitor.additionalLabels
[INFO] Coalescing path $.metrics.podMonitor.enabled
[INFO] Coalescing path $.metrics.podMonitor.interval
[INFO] Coalescing path $.metrics.podMonitor.namespace
[INFO] Coalescing path $.metrics.podMonitor.podTargetLabels
[INFO] Coalescing path $.metrics.podMonitor.relabelings
[INFO] Coalescing path $.metrics.podMonitor.scrapeTimeout
[INFO] Coalescing path $.metrics.prometheusRule.additionalLabels
[INFO] Coalescing path $.metrics.prometheusRule.enabled
[INFO] Coalescing path $.metrics.prometheusRule.namespace
[INFO] Coalescing path $.metrics.prometheusRule.rules
[INFO] Coalescing path $.networkPolicy.ingressNSMatchLabels[*]
[INFO] Coalescing path $.networkPolicy.ingressNSPodMatchLabels[*]
[INFO] Coalescing path $.persistence.accessModes[*]
[INFO] Coalescing path $.service.headless.annotations
[INFO] Coalescing path $.service.nodePorts.http
[INFO] Coalescing path $.service.ports.http
[INFO] Coalescing path $.ingress.extraHosts[*].name
[INFO] Coalescing path $.ingress.extraHosts[*].path
[INFO] Coalescing path $.ingress.extraHosts[*].pathType
[INFO] Coalescing path $.ingress.secrets[*].certificate
[INFO] Coalescing path $.ingress.secrets[*].key
[INFO] Coalescing path $.ingress.secrets[*].name
[INFO] Coalescing path $.metrics.jmx.ports.metrics
[INFO] Discovered 269 unique value paths; random traversal, seed 0
[INFO] Testing path $.networkPolicy.allowExternal (1/269)
[INFO] Compiler input baseline: 80 statically named fields
[INFO] Render hashes (run-local): 2 observed, 2 unique, 0 duplicate bundles; 0 successful validations reused
[INFO] Testing path $.topologySpreadConstraints[*] (2/269)
[INFO] Compiler input baseline: 80 statically named fields
[INFO] Render hashes (run-local): 100 observed, 100 unique, 0 duplicate bundles; 0 successful validations reused
[INFO] Testing path $.metrics.podMonitor.podTargetLabels[*] (3/269)
[INFO] Compiler input baseline: 80 statically named fields
[INFO] Render hashes (run-local): 100 observed, 100 unique, 0 duplicate bundles; 0 successful validations reused
[INFO] Testing path $.metrics.jmx.catalinaOpts (4/269)
[INFO] Compiler input baseline: 80 statically named fields
[INFO] Render hashes (run-local): 100 observed, 100 unique, 0 duplicate bundles; 0 successful validations reused
[INFO] Testing path $.memcached (5/269)
[INFO] Compiler input baseline: 80 statically named fields
[INFO] Render hashes (run-local): 100 observed, 100 unique, 0 duplicate bundles; 0 successful validations reused
[INFO] Testing path $.initContainers (6/269)
[INFO] Compiler input baseline: 80 statically named fields
[INFO] Render hashes (run-local): 100 observed, 100 unique, 0 duplicate bundles; 0 successful validations reused
[INFO] Testing path $.startupProbe.timeoutSeconds (7/269)
[INFO] Compiler input baseline: 80 statically named fields
[INFO] Render hashes (run-local): 100 observed, 100 unique, 0 duplicate bundles; 0 successful validations reused
[INFO] Testing path $.persistence.existingClaim (8/269)
[INFO] Compiler input baseline: 80 statically named fields
[INFO] Render hashes (run-local): 24 observed, 24 unique, 0 duplicate bundles; 0 successful validations reused
[INFO] Testing path $.lifecycleHooks (9/269)
[INFO] Compiler input baseline: 80 statically named fields
[INFO] Render hashes (run-local): 100 observed, 100 unique, 0 duplicate bundles; 0 successful validations reused
[INFO] Testing path $.ingress.secrets (10/269)
[INFO] Compiler input baseline: 80 statically named fields
[INFO] Render hashes (run-local): 100 observed, 100 unique, 0 duplicate bundles; 0 successful validations reused
[INFO] Testing path $.metrics.jmx.containerSecurityContext.seLinuxOptions (11/269)
[INFO] Compiler input baseline: 80 statically named fields
[INFO] Render hashes (run-local): 100 observed, 100 unique, 0 duplicate bundles; 0 successful validations reused
[INFO] Testing path $.image (12/269)
[INFO] Compiler input baseline: 80 statically named fields
[INFO] Render hashes (run-local): 23 observed, 23 unique, 0 duplicate bundles; 0 successful validations reused
[INFO] Testing path $.metrics.prometheusRule.namespace (13/269)
[INFO] Compiler input baseline: 80 statically named fields
[INFO] Render hashes (run-local): 100 observed, 100 unique, 0 duplicate bundles; 0 successful validations reused
[INFO] Testing path $.nodeAffinityPreset.values (14/269)
[INFO] Compiler input baseline: 80 statically named fields
[INFO] Render hashes (run-local): 100 observed, 100 unique, 0 duplicate bundles; 0 successful validations reused
[INFO] Testing path $.metrics.jmx.containerSecurityContext.runAsNonRoot (15/269)
[INFO] Compiler input baseline: 80 statically named fields
[INFO] Render hashes (run-local): 2 observed, 2 unique, 0 duplicate bundles; 0 successful validations reused
[INFO] Testing path $.ingress.selfSigned (16/269)
[INFO] Compiler input baseline: 80 statically named fields
[INFO] Render hashes (run-local): 2 observed, 2 unique, 0 duplicate bundles; 0 successful validations reused
[INFO] Testing path $.image.pullSecrets (17/269)
[INFO] Compiler input baseline: 80 statically named fields
[INFO] Render hashes (run-local): 50 observed, 50 unique, 0 duplicate bundles; 0 successful validations reused
[INFO] Testing path $.livenessProbe.periodSeconds (18/269)
[INFO] Compiler input baseline: 80 statically named fields
[INFO] Render hashes (run-local): 100 observed, 100 unique, 0 duplicate bundles; 0 successful validations reused
[INFO] Testing path $.nodeSelector (19/269)
[INFO] Compiler input baseline: 80 statically named fields
[INFO] Render hashes (run-local): 100 observed, 100 unique, 0 duplicate bundles; 0 successful validations reused
[INFO] Testing path $.pdb.maxUnavailable (20/269)
[INFO] Compiler input baseline: 80 statically named fields
[INFO] Execution stopped at the 6.83897s time limit; coverage is incomplete
[INFO] Render hashes (run-local): 21 observed, 21 unique, 0 duplicate bundles; 0 successful validations reused
[INFO] .: failed; testing 300.42s; dependency preparation 0.51s; 0 charts remain
