[INFO] Chart 1/1: .
[INFO] Preparing dependencies for . (excluded from testing budgets)
[INFO] Finite filtering unavailable: permutations need closed objects at (); set additionalProperties: false; filtering generation before value-path traversal
[INFO] Coalescing path $.CNIMountPath
[INFO] Coalescing path $.affinity
[INFO] Coalescing path $.automountServiceAccountToken
[INFO] Coalescing path $.commonAnnotations
[INFO] Coalescing path $.commonLabels
[INFO] Coalescing path $.containerSecurityContext
[INFO] Coalescing path $.customLivenessProbe
[INFO] Coalescing path $.customReadinessProbe
[INFO] Coalescing path $.customStartupProbe
[INFO] Coalescing path $.extraDeploy
[INFO] Coalescing path $.extraEnvVars
[INFO] Coalescing path $.extraEnvVarsCM
[INFO] Coalescing path $.extraEnvVarsSecret
[INFO] Coalescing path $.extraVolumeMounts
[INFO] Coalescing path $.extraVolumes
[INFO] Coalescing path $.hostAliases
[INFO] Coalescing path $.hostCNIBinDir
[INFO] Coalescing path $.hostCNINetDir
[INFO] Coalescing path $.image
[INFO] Coalescing path $.initContainers
[INFO] Coalescing path $.lifecycleHooks
[INFO] Coalescing path $.nodeSelector
[INFO] Coalescing path $.podAffinityPreset
[INFO] Coalescing path $.podAnnotations
[INFO] Coalescing path $.podAntiAffinityPreset
[INFO] Coalescing path $.podLabels
[INFO] Coalescing path $.podSecurityContext
[INFO] Coalescing path $.priorityClassName
[INFO] Coalescing path $.resources
[INFO] Coalescing path $.schedulerName
[INFO] Coalescing path $.sidecars
[INFO] Coalescing path $.tolerations
[INFO] Coalescing path $.topologySpreadConstraints
[INFO] Coalescing path $.updateStrategy
[INFO] Coalescing path $.containerSecurityContext.enabled
[INFO] Coalescing path $.diagnosticMode.args
[INFO] Coalescing path $.diagnosticMode.command
[INFO] Coalescing path $.diagnosticMode.enabled
[INFO] Coalescing path $.extraDeploy[*]
[INFO] Coalescing path $.image.debug
[INFO] Coalescing path $.image.pullPolicy
[INFO] Coalescing path $.networkPolicy.allowExternalEgress
[INFO] Coalescing path $.networkPolicy.enabled
[INFO] Coalescing path $.networkPolicy.extraIngress
[INFO] Coalescing path $.nodeAffinityPreset.key
[INFO] Coalescing path $.nodeAffinityPreset.type
[INFO] Coalescing path $.nodeAffinityPreset.values
[INFO] Coalescing path $.podSecurityContext.enabled
[INFO] Coalescing path $.rbac.create
[INFO] Coalescing path $.serviceAccount.annotations
[INFO] Coalescing path $.serviceAccount.automountServiceAccountToken
[INFO] Coalescing path $.serviceAccount.create
[INFO] Discovered 138 unique value paths; random traversal, seed 0
[INFO] Testing path $.topologySpreadConstraints[*] (1/138)
[INFO] Compiler input baseline: 48 statically named fields
[INFO] Render hashes (run-local): 100 observed, 87 unique, 13 duplicate bundles; 13 successful validations reused
[INFO] Testing path $.initContainers (2/138)
[INFO] Compiler input baseline: 48 statically named fields
[INFO] Render hashes (run-local): 100 observed, 88 unique, 12 duplicate bundles; 12 successful validations reused
[INFO] Testing path $.startupProbe.timeoutSeconds (3/138)
[INFO] Compiler input baseline: 48 statically named fields
[INFO] Render hashes (run-local): 100 observed, 1 unique, 99 duplicate bundles; 99 successful validations reused
[INFO] Testing path $.lifecycleHooks (4/138)
[INFO] Compiler input baseline: 48 statically named fields
[INFO] Render hashes (run-local): 100 observed, 98 unique, 2 duplicate bundles; 2 successful validations reused
[INFO] Testing path $.image (5/138)
[INFO] Compiler input baseline: 48 statically named fields
[INFO] Render hashes (run-local): 23 observed, 8 unique, 15 duplicate bundles; 15 successful validations reused
[INFO] Testing path $.nodeAffinityPreset.values (6/138)
[INFO] Compiler input baseline: 48 statically named fields
[INFO] Render hashes (run-local): 100 observed, 1 unique, 99 duplicate bundles; 99 successful validations reused
[INFO] Testing path $.image.pullSecrets (7/138)
[INFO] Compiler input baseline: 48 statically named fields
[INFO] Render hashes (run-local): 50 observed, 18 unique, 32 duplicate bundles; 32 successful validations reused
[INFO] Testing path $.livenessProbe.periodSeconds (8/138)
[INFO] Compiler input baseline: 48 statically named fields
[INFO] Render hashes (run-local): 100 observed, 100 unique, 0 duplicate bundles; 0 successful validations reused
[INFO] Testing path $.nodeSelector (9/138)
[INFO] Compiler input baseline: 48 statically named fields
[INFO] Render hashes (run-local): 100 observed, 98 unique, 2 duplicate bundles; 2 successful validations reused
[INFO] Testing path $.updateStrategy (10/138)
[INFO] Compiler input baseline: 48 statically named fields
[INFO] Render hashes (run-local): 100 observed, 99 unique, 1 duplicate bundles; 1 successful validations reused
[INFO] Testing path $.diagnosticMode.args[*] (11/138)
[INFO] Compiler input baseline: 48 statically named fields
[INFO] Render hashes (run-local): 100 observed, 1 unique, 99 duplicate bundles; 99 successful validations reused
[INFO] Testing path $.global.imagePullSecrets (12/138)
[INFO] Compiler input baseline: 48 statically named fields
[INFO] Render hashes (run-local): 50 observed, 18 unique, 32 duplicate bundles; 32 successful validations reused
[INFO] Testing path $.podSecurityContext (13/138)
[INFO] Compiler input baseline: 48 statically named fields
[INFO] Render hashes (run-local): 100 observed, 86 unique, 14 duplicate bundles; 14 successful validations reused
[INFO] Testing path $.livenessProbe.failureThreshold (14/138)
[INFO] Compiler input baseline: 48 statically named fields
[INFO] Render hashes (run-local): 100 observed, 100 unique, 0 duplicate bundles; 0 successful validations reused
[INFO] Testing path $.image.pullSecrets[*] (15/138)
[INFO] Compiler input baseline: 48 statically named fields
/Users/emmadoyle/projects/personal/hypothesis-helm/.venv/lib/python3.13/site-packages/hypothesis/strategies/_internal/lazy.py:180: HypothesisWarning: Generating overly large repr. This is an expensive operation, and with a length of 42 kB is unlikely to be useful. Use -Wignore to ignore the warning, or -Werror to get a traceback.
  self.__representation = repr_call(
/Users/emmadoyle/projects/personal/hypothesis-helm/.venv/lib/python3.13/site-packages/hypothesis/strategies/_internal/lazy.py:180: HypothesisWarning: Generating overly large repr. This is an expensive operation, and with a length of 127 kB is unlikely to be useful. Use -Wignore to ignore the warning, or -Werror to get a traceback.
  self.__representation = repr_call(
[INFO] Render hashes (run-local): 20 observed, 7 unique, 13 duplicate bundles; 13 successful validations reused
[INFO] Testing path $.livenessProbe.initialDelaySeconds (16/138)
[INFO] Compiler input baseline: 48 statically named fields
[INFO] Render hashes (run-local): 100 observed, 100 unique, 0 duplicate bundles; 0 successful validations reused
[INFO] Testing path $.schedulerName (17/138)
[INFO] Compiler input baseline: 48 statically named fields
[INFO] Render hashes (run-local): 24 observed, 21 unique, 3 duplicate bundles; 3 successful validations reused
[INFO] Testing path $.extraEnvVars[*] (18/138)
[INFO] Compiler input baseline: 48 statically named fields
[INFO] Render hashes (run-local): 100 observed, 87 unique, 13 duplicate bundles; 13 successful validations reused
[INFO] Testing path $.podSecurityContext.fsGroup (19/138)
[INFO] Compiler input baseline: 48 statically named fields
[INFO] Render hashes (run-local): 100 observed, 100 unique, 0 duplicate bundles; 0 successful validations reused
[INFO] Testing path $.containerSecurityContext.readOnlyRootFilesystem (20/138)
[INFO] Compiler input baseline: 48 statically named fields
[INFO] Render hashes (run-local): 2 observed, 2 unique, 0 duplicate bundles; 0 successful validations reused
[INFO] Testing path $.automountServiceAccountToken (21/138)
[INFO] Compiler input baseline: 48 statically named fields
[INFO] Render hashes (run-local): 2 observed, 2 unique, 0 duplicate bundles; 0 successful validations reused
[INFO] Testing path $.podSecurityContext.enabled (22/138)
[INFO] Compiler input baseline: 48 statically named fields
[INFO] Render hashes (run-local): 2 observed, 2 unique, 0 duplicate bundles; 0 successful validations reused
[INFO] Testing path $.serviceAccount.annotations (23/138)
[INFO] Compiler input baseline: 48 statically named fields
[INFO] Render hashes (run-local): 3 observed, 2 unique, 1 duplicate bundles; 1 successful validations reused
[INFO] Testing path $.image.repository (24/138)
[INFO] Compiler input baseline: 48 statically named fields
[INFO] Render hashes (run-local): 3 observed, 3 unique, 0 duplicate bundles; 0 successful validations reused
[INFO] Testing path $.resources (25/138)
[INFO] Compiler input baseline: 48 statically named fields
[INFO] Render hashes (run-local): 100 observed, 98 unique, 2 duplicate bundles; 2 successful validations reused
[INFO] Testing path $.containerSecurityContext.capabilities.drop[*] (26/138)
[INFO] Compiler input baseline: 48 statically named fields
[INFO] Render hashes (run-local): 100 observed, 1 unique, 99 duplicate bundles; 99 successful validations reused
[INFO] Testing path $.startupProbe.initialDelaySeconds (27/138)
[INFO] Compiler input baseline: 48 statically named fields
[INFO] Render hashes (run-local): 100 observed, 1 unique, 99 duplicate bundles; 43 successful validations reused
[INFO] Testing path $.containerSecurityContext.seccompProfile.type (28/138)
[INFO] Compiler input baseline: 48 statically named fields
[INFO] Render hashes (run-local): 100 observed, 97 unique, 3 duplicate bundles; 0 successful validations reused
[INFO] Testing path $.podAffinityPreset (29/138)
[INFO] Compiler input baseline: 48 statically named fields
[INFO] Execution stopped at the 9.87067s time limit; coverage is incomplete
[INFO] Render hashes (run-local): 74 observed, 1 unique, 73 duplicate bundles; 0 successful validations reused
[INFO] .: failed; testing 300.28s; dependency preparation 0.68s; 0 charts remain
