[INFO] Chart 1/1: .
[INFO] Preparing dependencies for . (excluded from testing budgets)
[INFO] Finite filtering unavailable: permutations need closed objects at (); set additionalProperties: false; filtering generation before value-path traversal
[INFO] Coalescing path $.affinity
[INFO] Coalescing path $.automountServiceAccountToken
[INFO] Coalescing path $.commonAnnotations
[INFO] Coalescing path $.commonLabels
[INFO] Coalescing path $.containerSecurityContext
[INFO] Coalescing path $.customLivenessProbe
[INFO] Coalescing path $.customReadinessProbe
[INFO] Coalescing path $.customStartupProbe
[INFO] Coalescing path $.exposeManagementConsole
[INFO] Coalescing path $.extraContainerPorts
[INFO] Coalescing path $.extraDeploy
[INFO] Coalescing path $.extraEnvVars
[INFO] Coalescing path $.extraEnvVarsCM
[INFO] Coalescing path $.extraEnvVarsSecret
[INFO] Coalescing path $.extraVolumeMounts
[INFO] Coalescing path $.extraVolumes
[INFO] Coalescing path $.global
[INFO] Coalescing path $.hostAliases
[INFO] Coalescing path $.image
[INFO] Coalescing path $.initContainers
[INFO] Coalescing path $.lifecycleHooks
[INFO] Coalescing path $.nodeSelector
[INFO] Coalescing path $.persistence
[INFO] Coalescing path $.podAffinityPreset
[INFO] Coalescing path $.podAnnotations
[INFO] Coalescing path $.podAntiAffinityPreset
[INFO] Coalescing path $.podLabels
[INFO] Coalescing path $.podSecurityContext
[INFO] Coalescing path $.priorityClassName
[INFO] Coalescing path $.replicaCount
[INFO] Coalescing path $.resources
[INFO] Coalescing path $.sidecars
[INFO] Coalescing path $.tolerations
[INFO] Coalescing path $.updateStrategy
[INFO] Coalescing path $.usePasswordFiles
[INFO] Coalescing path $.wildflyPassword
[INFO] Coalescing path $.wildflyUsername
[INFO] Coalescing path $.containerPorts.http
[INFO] Coalescing path $.containerPorts.https
[INFO] Coalescing path $.containerPorts.mgmt
[INFO] Coalescing path $.containerSecurityContext.enabled
[INFO] Coalescing path $.containerSecurityContext.runAsUser
[INFO] Coalescing path $.diagnosticMode.args
[INFO] Coalescing path $.diagnosticMode.command
[INFO] Coalescing path $.diagnosticMode.enabled
[INFO] Coalescing path $.extraDeploy[*]
[INFO] Coalescing path $.image.debug
[INFO] Coalescing path $.image.pullPolicy
[INFO] Coalescing path $.ingress.annotations
[INFO] Coalescing path $.ingress.certManager
[INFO] Coalescing path $.ingress.enabled
[INFO] Coalescing path $.ingress.extraHosts
[INFO] Coalescing path $.ingress.extraPaths
[INFO] Coalescing path $.ingress.extraRules
[INFO] Coalescing path $.ingress.extraTls
[INFO] Coalescing path $.ingress.hostname
[INFO] Coalescing path $.ingress.ingressClassName
[INFO] Coalescing path $.ingress.path
[INFO] Coalescing path $.ingress.pathType
[INFO] Coalescing path $.ingress.secrets
[INFO] Coalescing path $.ingress.tls
[INFO] Coalescing path $.mgmtIngress.annotations
[INFO] Coalescing path $.mgmtIngress.certManager
[INFO] Coalescing path $.mgmtIngress.enabled
[INFO] Coalescing path $.mgmtIngress.extraHosts
[INFO] Coalescing path $.mgmtIngress.extraPaths
[INFO] Coalescing path $.mgmtIngress.extraRules
[INFO] Coalescing path $.mgmtIngress.extraTls
[INFO] Coalescing path $.mgmtIngress.hostname
[INFO] Coalescing path $.mgmtIngress.ingressClassName
[INFO] Coalescing path $.mgmtIngress.path
[INFO] Coalescing path $.mgmtIngress.pathType
[INFO] Coalescing path $.mgmtIngress.secrets
[INFO] Coalescing path $.mgmtIngress.tls
[INFO] Coalescing path $.networkPolicy.allowExternal
[INFO] Coalescing path $.networkPolicy.allowExternalEgress
[INFO] Coalescing path $.networkPolicy.enabled
[INFO] Coalescing path $.networkPolicy.extraIngress
[INFO] Coalescing path $.networkPolicy.ingressNSMatchLabels
[INFO] Coalescing path $.networkPolicy.ingressNSPodMatchLabels
[INFO] Coalescing path $.nodeAffinityPreset.key
[INFO] Coalescing path $.nodeAffinityPreset.type
[INFO] Coalescing path $.nodeAffinityPreset.values
[INFO] Coalescing path $.pdb.create
[INFO] Coalescing path $.pdb.maxUnavailable
[INFO] Coalescing path $.pdb.minAvailable
[INFO] Coalescing path $.persistence.accessModes
[INFO] Coalescing path $.persistence.annotations
[INFO] Coalescing path $.persistence.enabled
[INFO] Coalescing path $.persistence.existingClaim
[INFO] Coalescing path $.persistence.size
[INFO] Coalescing path $.podSecurityContext.enabled
[INFO] Coalescing path $.podSecurityContext.fsGroup
[INFO] Coalescing path $.service.annotations
[INFO] Coalescing path $.service.clusterIP
[INFO] Coalescing path $.service.externalTrafficPolicy
[INFO] Coalescing path $.service.extraPorts
[INFO] Coalescing path $.service.loadBalancerIP
[INFO] Coalescing path $.service.loadBalancerSourceRanges
[INFO] Coalescing path $.service.mgmtPort
[INFO] Coalescing path $.service.port
[INFO] Coalescing path $.service.sessionAffinity
[INFO] Coalescing path $.service.sessionAffinityConfig
[INFO] Coalescing path $.service.type
[INFO] Coalescing path $.serviceAccount.annotations
[INFO] Coalescing path $.serviceAccount.automountServiceAccountToken
[INFO] Coalescing path $.serviceAccount.create
[INFO] Coalescing path $.volumePermissions.enabled
[INFO] Coalescing path $.volumePermissions.image
[INFO] Coalescing path $.volumePermissions.resources
[INFO] Coalescing path $.volumePermissions.securityContext
[INFO] Coalescing path $.networkPolicy.ingressNSMatchLabels[*]
[INFO] Coalescing path $.networkPolicy.ingressNSPodMatchLabels[*]
[INFO] Coalescing path $.persistence.accessModes[*]
[INFO] Coalescing path $.service.nodePorts.http
[INFO] Coalescing path $.service.nodePorts.mgmt
[INFO] Coalescing path $.service.ports.http
[INFO] Coalescing path $.service.ports.mgmt
[INFO] Coalescing path $.volumePermissions.image.pullPolicy
[INFO] Coalescing path $.volumePermissions.securityContext.runAsUser
[INFO] Coalescing path $.ingress.extraHosts[*].name
[INFO] Coalescing path $.ingress.extraHosts[*].path
[INFO] Coalescing path $.ingress.extraHosts[*].pathType
[INFO] Coalescing path $.ingress.secrets[*].certificate
[INFO] Coalescing path $.ingress.secrets[*].key
[INFO] Coalescing path $.ingress.secrets[*].name
[INFO] Coalescing path $.mgmtIngress.extraHosts[*].name
[INFO] Coalescing path $.mgmtIngress.extraHosts[*].path
[INFO] Coalescing path $.mgmtIngress.extraHosts[*].pathType
[INFO] Coalescing path $.mgmtIngress.secrets[*].certificate
[INFO] Coalescing path $.mgmtIngress.secrets[*].key
[INFO] Coalescing path $.mgmtIngress.secrets[*].name
[INFO] Discovered 240 unique value paths; random traversal, seed 0
[INFO] Testing path $.mgmtIngress.extraTls (1/240)
[INFO] Compiler input baseline: 110 statically named fields
[INFO] Render hashes (run-local): 100 observed, 100 unique, 0 duplicate bundles; 0 successful validations reused
[INFO] Testing path $.networkPolicy.allowExternal (2/240)
[INFO] Compiler input baseline: 110 statically named fields
[INFO] Render hashes (run-local): 2 observed, 2 unique, 0 duplicate bundles; 0 successful validations reused
[INFO] Testing path $.topologySpreadConstraints[*] (3/240)
[INFO] Compiler input baseline: 110 statically named fields
[INFO] Render hashes (run-local): 100 observed, 100 unique, 0 duplicate bundles; 0 successful validations reused
[INFO] Testing path $.initContainers (4/240)
[INFO] Compiler input baseline: 110 statically named fields
[INFO] Render hashes (run-local): 100 observed, 100 unique, 0 duplicate bundles; 0 successful validations reused
[INFO] Testing path $.startupProbe.timeoutSeconds (5/240)
[INFO] Compiler input baseline: 110 statically named fields
[INFO] Render hashes (run-local): 100 observed, 100 unique, 0 duplicate bundles; 0 successful validations reused
[INFO] Testing path $.persistence.existingClaim (6/240)
[INFO] Compiler input baseline: 110 statically named fields
[INFO] Render hashes (run-local): 24 observed, 24 unique, 0 duplicate bundles; 0 successful validations reused
[INFO] Testing path $.lifecycleHooks (7/240)
[INFO] Compiler input baseline: 110 statically named fields
[INFO] Render hashes (run-local): 100 observed, 100 unique, 0 duplicate bundles; 0 successful validations reused
[INFO] Testing path $.startupProbe.tcpSocket.port (8/240)
[INFO] Compiler input baseline: 110 statically named fields
[INFO] Render hashes (run-local): 100 observed, 100 unique, 0 duplicate bundles; 0 successful validations reused
[INFO] Testing path $.ingress.secrets (9/240)
[INFO] Compiler input baseline: 110 statically named fields
[INFO] Render hashes (run-local): 100 observed, 100 unique, 0 duplicate bundles; 0 successful validations reused
[INFO] Testing path $.image (10/240)
[INFO] Compiler input baseline: 110 statically named fields
[INFO] Render hashes (run-local): 23 observed, 23 unique, 0 duplicate bundles; 0 successful validations reused
[INFO] Testing path $.readinessProbe.httpGet.path (11/240)
[INFO] Compiler input baseline: 110 statically named fields
[INFO] Render hashes (run-local): 100 observed, 100 unique, 0 duplicate bundles; 0 successful validations reused
[INFO] Testing path $.nodeAffinityPreset.values (12/240)
[INFO] Compiler input baseline: 110 statically named fields
[INFO] Render hashes (run-local): 100 observed, 100 unique, 0 duplicate bundles; 0 successful validations reused
[INFO] Testing path $.mgmtIngress.path (13/240)
[INFO] Compiler input baseline: 110 statically named fields
[INFO] Render hashes (run-local): 100 observed, 100 unique, 0 duplicate bundles; 0 successful validations reused
[INFO] Testing path $.image.pullSecrets (14/240)
[INFO] Compiler input baseline: 110 statically named fields
[INFO] Render hashes (run-local): 50 observed, 50 unique, 0 duplicate bundles; 0 successful validations reused
[INFO] Testing path $.livenessProbe.periodSeconds (15/240)
[INFO] Compiler input baseline: 110 statically named fields
[INFO] Render hashes (run-local): 100 observed, 100 unique, 0 duplicate bundles; 0 successful validations reused
[INFO] Testing path $.nodeSelector (16/240)
[INFO] Compiler input baseline: 110 statically named fields
[INFO] Render hashes (run-local): 100 observed, 100 unique, 0 duplicate bundles; 0 successful validations reused
[INFO] Testing path $.service.port (17/240)
[INFO] Compiler input baseline: 110 statically named fields
[INFO] Render hashes (run-local): 100 observed, 100 unique, 0 duplicate bundles; 0 successful validations reused
[INFO] Testing path $.pdb.maxUnavailable (18/240)
[INFO] Compiler input baseline: 110 statically named fields
[INFO] Render hashes (run-local): 24 observed, 24 unique, 0 duplicate bundles; 0 successful validations reused
[INFO] Testing path $.mgmtIngress.extraPaths[*] (19/240)
[INFO] Compiler input baseline: 110 statically named fields
[INFO] Execution stopped at the 7.82536s time limit; coverage is incomplete
[INFO] Render hashes (run-local): 41 observed, 41 unique, 0 duplicate bundles; 0 successful validations reused
[INFO] .: failed; testing 300.41s; dependency preparation 0.58s; 0 charts remain
