[INFO] Chart 1/1: .
[INFO] Preparing dependencies for . (excluded from testing budgets)
[INFO] Finite filtering unavailable: permutations need closed objects at (); set additionalProperties: false; filtering generation before value-path traversal
[INFO] Coalescing path $.affinity
[INFO] Coalescing path $.allowEmptyPassword
[INFO] Coalescing path $.args
[INFO] Coalescing path $.automountServiceAccountToken
[INFO] Coalescing path $.command
[INFO] Coalescing path $.commonAnnotations
[INFO] Coalescing path $.commonLabels
[INFO] Coalescing path $.containerSecurityContext
[INFO] Coalescing path $.customLivenessProbe
[INFO] Coalescing path $.customReadinessProbe
[INFO] Coalescing path $.customStartupProbe
[INFO] Coalescing path $.drupalEmail
[INFO] Coalescing path $.drupalPassword
[INFO] Coalescing path $.drupalProfile
[INFO] Coalescing path $.drupalSkipInstall
[INFO] Coalescing path $.drupalUsername
[INFO] Coalescing path $.existingSecret
[INFO] Coalescing path $.extraContainerPorts
[INFO] Coalescing path $.extraDeploy
[INFO] Coalescing path $.extraEnvVars
[INFO] Coalescing path $.extraEnvVarsCM
[INFO] Coalescing path $.extraEnvVarsSecret
[INFO] Coalescing path $.extraVolumeMounts
[INFO] Coalescing path $.extraVolumes
[INFO] Coalescing path $.global
[INFO] Coalescing path $.hostAliases
[INFO] Coalescing path $.image
[INFO] Coalescing path $.initContainers
[INFO] Coalescing path $.lifecycleHooks
[INFO] Coalescing path $.nodeSelector
[INFO] Coalescing path $.podAffinityPreset
[INFO] Coalescing path $.podAnnotations
[INFO] Coalescing path $.podAntiAffinityPreset
[INFO] Coalescing path $.podLabels
[INFO] Coalescing path $.podSecurityContext
[INFO] Coalescing path $.priorityClassName
[INFO] Coalescing path $.replicaCount
[INFO] Coalescing path $.resources
[INFO] Coalescing path $.schedulerName
[INFO] Coalescing path $.sidecars
[INFO] Coalescing path $.smtpHost
[INFO] Coalescing path $.smtpPassword
[INFO] Coalescing path $.smtpPort
[INFO] Coalescing path $.smtpProtocol
[INFO] Coalescing path $.smtpUser
[INFO] Coalescing path $.tolerations
[INFO] Coalescing path $.topologySpreadConstraints
[INFO] Coalescing path $.updateStrategy
[INFO] Coalescing path $.usePasswordFiles
[INFO] Coalescing path $.certificates.args
[INFO] Coalescing path $.certificates.command
[INFO] Coalescing path $.certificates.customCAs
[INFO] Coalescing path $.certificates.extraEnvVars
[INFO] Coalescing path $.certificates.extraEnvVarsCM
[INFO] Coalescing path $.certificates.extraEnvVarsSecret
[INFO] Coalescing path $.certificates.image
[INFO] Coalescing path $.containerPorts.http
[INFO] Coalescing path $.containerPorts.https
[INFO] Coalescing path $.containerSecurityContext.enabled
[INFO] Coalescing path $.containerSecurityContext.runAsUser
[INFO] Coalescing path $.externalDatabase.database
[INFO] Coalescing path $.externalDatabase.existingSecret
[INFO] Coalescing path $.externalDatabase.host
[INFO] Coalescing path $.externalDatabase.password
[INFO] Coalescing path $.externalDatabase.user
[INFO] Coalescing path $.extraContainerPorts[*]
[INFO] Coalescing path $.extraDeploy[*]
[INFO] Coalescing path $.global.imagePullSecrets
[INFO] Coalescing path $.image.debug
[INFO] Coalescing path $.image.pullPolicy
[INFO] Coalescing path $.image.pullSecrets
[INFO] Coalescing path $.ingress.annotations
[INFO] Coalescing path $.ingress.certManager
[INFO] Coalescing path $.ingress.enabled
[INFO] Coalescing path $.ingress.extraHosts
[INFO] Coalescing path $.ingress.extraPaths
[INFO] Coalescing path $.ingress.extraRules
[INFO] Coalescing path $.ingress.extraTls
[INFO] Coalescing path $.ingress.hostname
[INFO] Coalescing path $.ingress.hosts
[INFO] Coalescing path $.ingress.ingressClassName
[INFO] Coalescing path $.ingress.path
[INFO] Coalescing path $.ingress.pathType
[INFO] Coalescing path $.ingress.secrets
[INFO] Coalescing path $.ingress.tls
[INFO] Coalescing path $.ingress.tlsWwwPrefix
[INFO] Coalescing path $.mariadb.enabled
[INFO] Coalescing path $.metrics.enabled
[INFO] Coalescing path $.metrics.image
[INFO] Coalescing path $.metrics.podAnnotations
[INFO] Coalescing path $.metrics.resources
[INFO] Coalescing path $.metrics.resourcesPreset
[INFO] Coalescing path $.networkPolicy.allowExternal
[INFO] Coalescing path $.networkPolicy.allowExternalEgress
[INFO] Coalescing path $.networkPolicy.enabled
[INFO] Coalescing path $.networkPolicy.extraEgress
[INFO] Coalescing path $.networkPolicy.extraIngress
[INFO] Coalescing path $.networkPolicy.ingressNSMatchLabels
[INFO] Coalescing path $.networkPolicy.ingressNSPodMatchLabels
[INFO] Coalescing path $.nodeAffinityPreset.key
[INFO] Coalescing path $.nodeAffinityPreset.type
[INFO] Coalescing path $.nodeAffinityPreset.values
[INFO] Coalescing path $.pdb.create
[INFO] Coalescing path $.pdb.maxUnavailable
[INFO] Coalescing path $.pdb.minAvailable
[INFO] Coalescing path $.persistence.accessMode
[INFO] Coalescing path $.persistence.accessModes
[INFO] Coalescing path $.persistence.annotations
[INFO] Coalescing path $.persistence.enabled
[INFO] Coalescing path $.persistence.existingClaim
[INFO] Coalescing path $.persistence.hostPath
[INFO] Coalescing path $.persistence.size
[INFO] Coalescing path $.podSecurityContext.enabled
[INFO] Coalescing path $.podSecurityContext.fsGroup
[INFO] Coalescing path $.service.annotations
[INFO] Coalescing path $.service.clusterIP
[INFO] Coalescing path $.service.externalTrafficPolicy
[INFO] Coalescing path $.service.extraPorts
[INFO] Coalescing path $.service.httpsPort
[INFO] Coalescing path $.service.loadBalancerIP
[INFO] Coalescing path $.service.loadBalancerSourceRanges
[INFO] Coalescing path $.service.port
[INFO] Coalescing path $.service.sessionAffinity
[INFO] Coalescing path $.service.sessionAffinityConfig
[INFO] Coalescing path $.service.type
[INFO] Coalescing path $.serviceAccount.annotations
[INFO] Coalescing path $.serviceAccount.automountServiceAccountToken
[INFO] Coalescing path $.serviceAccount.create
[INFO] Coalescing path $.volumePermissions.enabled
[INFO] Coalescing path $.volumePermissions.image
[INFO] Coalescing path $.volumePermissions.resources
[INFO] Coalescing path $.certificates.image.pullPolicy
[INFO] Coalescing path $.certificates.image.pullSecrets
[INFO] Coalescing path $.ingress.annotations["nginx.ingress.kubernetes.io/from-to-www-redirect"]
[INFO] Coalescing path $.metrics.image.pullPolicy
[INFO] Coalescing path $.metrics.prometheusRule.additionalLabels
[INFO] Coalescing path $.metrics.prometheusRule.enabled
[INFO] Coalescing path $.metrics.prometheusRule.namespace
[INFO] Coalescing path $.metrics.prometheusRule.rules
[INFO] Coalescing path $.metrics.service.annotations
[INFO] Coalescing path $.metrics.service.externalTrafficPolicy
[INFO] Coalescing path $.metrics.service.extraPorts
[INFO] Coalescing path $.metrics.service.loadBalancerIP
[INFO] Coalescing path $.metrics.service.loadBalancerSourceRanges
[INFO] Coalescing path $.metrics.service.type
[INFO] Coalescing path $.metrics.serviceMonitor.additionalLabels
[INFO] Coalescing path $.metrics.serviceMonitor.enabled
[INFO] Coalescing path $.metrics.serviceMonitor.honorLabels
[INFO] Coalescing path $.metrics.serviceMonitor.interval
[INFO] Coalescing path $.metrics.serviceMonitor.metricRelabelings
[INFO] Coalescing path $.metrics.serviceMonitor.namespace
[INFO] Coalescing path $.metrics.serviceMonitor.relabellings
[INFO] Coalescing path $.metrics.serviceMonitor.scrapeTimeout
[INFO] Coalescing path $.networkPolicy.ingressNSMatchLabels[*]
[INFO] Coalescing path $.networkPolicy.ingressNSPodMatchLabels[*]
[INFO] Coalescing path $.persistence.accessModes[*]
[INFO] Coalescing path $.service.nodePorts.http
[INFO] Coalescing path $.service.nodePorts.https
[INFO] Coalescing path $.service.ports.http
[INFO] Coalescing path $.service.ports.https
[INFO] Coalescing path $.volumePermissions.image.pullPolicy
[INFO] Coalescing path $.ingress.secrets[*].certificate
[INFO] Coalescing path $.ingress.secrets[*].key
[INFO] Coalescing path $.ingress.secrets[*].name
[INFO] Coalescing path $.metrics.service.ports.metrics
[INFO] Discovered 327 unique value paths; random traversal, seed 0
[INFO] Testing path $.mariadb.architecture (1/327)
[INFO] Compiler input baseline: 149 statically named fields
[INFO] Render hashes (run-local): 0 observed, 0 unique, 0 duplicate bundles; 0 successful validations reused
[INFO] Testing path $.networkPolicy.allowExternal (2/327)
[INFO] Compiler input baseline: 149 statically named fields
[INFO] Render hashes (run-local): 2 observed, 2 unique, 0 duplicate bundles; 0 successful validations reused
[INFO] Testing path $.certificates.customCAs[*] (3/327)
[INFO] Compiler input baseline: 149 statically named fields
[INFO] Render hashes (run-local): 100 observed, 100 unique, 0 duplicate bundles; 0 successful validations reused
[INFO] Testing path $.topologySpreadConstraints[*] (4/327)
[INFO] Compiler input baseline: 149 statically named fields
[INFO] Render hashes (run-local): 100 observed, 100 unique, 0 duplicate bundles; 0 successful validations reused
[INFO] Testing path $.initContainers (5/327)
[INFO] Compiler input baseline: 149 statically named fields
[INFO] Render hashes (run-local): 100 observed, 100 unique, 0 duplicate bundles; 0 successful validations reused
[INFO] Testing path $.startupProbe.timeoutSeconds (6/327)
[INFO] Compiler input baseline: 149 statically named fields
[INFO] Render hashes (run-local): 100 observed, 100 unique, 0 duplicate bundles; 0 successful validations reused
[INFO] Testing path $.persistence.existingClaim (7/327)
[INFO] Compiler input baseline: 149 statically named fields
[INFO] Render hashes (run-local): 24 observed, 24 unique, 0 duplicate bundles; 0 successful validations reused
[INFO] Testing path $.lifecycleHooks (8/327)
[INFO] Compiler input baseline: 149 statically named fields
[INFO] Render hashes (run-local): 100 observed, 100 unique, 0 duplicate bundles; 0 successful validations reused
[INFO] Testing path $.ingress.secrets (9/327)
[INFO] Compiler input baseline: 149 statically named fields
[INFO] Render hashes (run-local): 100 observed, 100 unique, 0 duplicate bundles; 0 successful validations reused
[INFO] Testing path $.image (10/327)
[INFO] Compiler input baseline: 149 statically named fields
[INFO] Render hashes (run-local): 23 observed, 23 unique, 0 duplicate bundles; 0 successful validations reused
[INFO] Testing path $.metrics.prometheusRule.namespace (11/327)
[INFO] Compiler input baseline: 149 statically named fields
[INFO] Render hashes (run-local): 100 observed, 100 unique, 0 duplicate bundles; 0 successful validations reused
[INFO] Testing path $.nodeAffinityPreset.values (12/327)
[INFO] Compiler input baseline: 149 statically named fields
[INFO] Render hashes (run-local): 100 observed, 100 unique, 0 duplicate bundles; 0 successful validations reused
[INFO] Testing path $.image.pullSecrets (13/327)
[INFO] Compiler input baseline: 149 statically named fields
[INFO] Render hashes (run-local): 50 observed, 50 unique, 0 duplicate bundles; 0 successful validations reused
[INFO] Testing path $.livenessProbe.periodSeconds (14/327)
[INFO] Compiler input baseline: 149 statically named fields
[INFO] Execution stopped at the 16.4819s time limit; coverage is incomplete
[INFO] Render hashes (run-local): 59 observed, 59 unique, 0 duplicate bundles; 0 successful validations reused
[INFO] .: failed; testing 300.81s; dependency preparation 0.89s; 0 charts remain
