[INFO] Chart 1/1: .
[INFO] Preparing dependencies for . (excluded from testing budgets)
[INFO] Finite filtering unavailable: permutations need closed objects at (); set additionalProperties: false; filtering generation before value-path traversal
[INFO] Coalescing path $.affinity
[INFO] Coalescing path $.automountServiceAccountToken
[INFO] Coalescing path $.commonAnnotations
[INFO] Coalescing path $.commonLabels
[INFO] Coalescing path $.configuration
[INFO] Coalescing path $.containerPorts
[INFO] Coalescing path $.containerSecurityContext
[INFO] Coalescing path $.customLivenessProbe
[INFO] Coalescing path $.customReadinessProbe
[INFO] Coalescing path $.customStartupProbe
[INFO] Coalescing path $.deploymentAnnotations
[INFO] Coalescing path $.enableServiceLinks
[INFO] Coalescing path $.existingConfigmap
[INFO] Coalescing path $.extraDeploy
[INFO] Coalescing path $.extraEnvVars
[INFO] Coalescing path $.extraEnvVarsCM
[INFO] Coalescing path $.extraEnvVarsSecret
[INFO] Coalescing path $.extraVolumeMounts
[INFO] Coalescing path $.extraVolumes
[INFO] Coalescing path $.hostAliases
[INFO] Coalescing path $.image
[INFO] Coalescing path $.initContainers
[INFO] Coalescing path $.lifecycleHooks
[INFO] Coalescing path $.nodeSelector
[INFO] Coalescing path $.podAffinityPreset
[INFO] Coalescing path $.podAnnotations
[INFO] Coalescing path $.podAntiAffinityPreset
[INFO] Coalescing path $.podLabels
[INFO] Coalescing path $.podSecurityContext
[INFO] Coalescing path $.priorityClassName
[INFO] Coalescing path $.replicaCount
[INFO] Coalescing path $.resources
[INFO] Coalescing path $.schedulerName
[INFO] Coalescing path $.sidecars
[INFO] Coalescing path $.terminationGracePeriodSeconds
[INFO] Coalescing path $.tolerations
[INFO] Coalescing path $.topologySpreadConstraints
[INFO] Coalescing path $.updateStrategy
[INFO] Coalescing path $.autoscaling.enabled
[INFO] Coalescing path $.autoscaling.maxReplicas
[INFO] Coalescing path $.autoscaling.minReplicas
[INFO] Coalescing path $.autoscaling.targetCPU
[INFO] Coalescing path $.autoscaling.targetMemory
[INFO] Coalescing path $.containerSecurityContext.enabled
[INFO] Coalescing path $.diagnosticMode.args
[INFO] Coalescing path $.diagnosticMode.command
[INFO] Coalescing path $.diagnosticMode.enabled
[INFO] Coalescing path $.extraDeploy[*]
[INFO] Coalescing path $.image.pullPolicy
[INFO] Coalescing path $.ingress.annotations
[INFO] Coalescing path $.ingress.enabled
[INFO] Coalescing path $.ingress.extraHosts
[INFO] Coalescing path $.ingress.extraPaths
[INFO] Coalescing path $.ingress.extraRules
[INFO] Coalescing path $.ingress.extraTls
[INFO] Coalescing path $.ingress.hostname
[INFO] Coalescing path $.ingress.ingressClassName
[INFO] Coalescing path $.ingress.path
[INFO] Coalescing path $.ingress.pathType
[INFO] Coalescing path $.ingress.secrets
[INFO] Coalescing path $.ingress.selfSigned
[INFO] Coalescing path $.ingress.tls
[INFO] Coalescing path $.networkPolicy.allowExternal
[INFO] Coalescing path $.networkPolicy.allowExternalEgress
[INFO] Coalescing path $.networkPolicy.enabled
[INFO] Coalescing path $.networkPolicy.extraIngress
[INFO] Coalescing path $.networkPolicy.ingressNSMatchLabels
[INFO] Coalescing path $.networkPolicy.ingressNSPodMatchLabels
[INFO] Coalescing path $.nodeAffinityPreset.key
[INFO] Coalescing path $.nodeAffinityPreset.type
[INFO] Coalescing path $.nodeAffinityPreset.values
[INFO] Coalescing path $.pdb.create
[INFO] Coalescing path $.pdb.maxUnavailable
[INFO] Coalescing path $.pdb.minAvailable
[INFO] Coalescing path $.podSecurityContext.enabled
[INFO] Coalescing path $.service.annotations
[INFO] Coalescing path $.service.clusterIP
[INFO] Coalescing path $.service.externalIPs
[INFO] Coalescing path $.service.externalTrafficPolicy
[INFO] Coalescing path $.service.ipFamilies
[INFO] Coalescing path $.service.ipFamilyPolicy
[INFO] Coalescing path $.service.labels
[INFO] Coalescing path $.service.loadBalancerIP
[INFO] Coalescing path $.service.loadBalancerSourceRanges
[INFO] Coalescing path $.service.ports
[INFO] Coalescing path $.service.sessionAffinity
[INFO] Coalescing path $.service.sessionAffinityConfig
[INFO] Coalescing path $.service.type
[INFO] Coalescing path $.serviceAccount.annotations
[INFO] Coalescing path $.serviceAccount.automountServiceAccountToken
[INFO] Coalescing path $.serviceAccount.create
[INFO] Coalescing path $.containerPorts[*].containerPort
[INFO] Coalescing path $.networkPolicy.ingressNSMatchLabels[*]
[INFO] Coalescing path $.networkPolicy.ingressNSPodMatchLabels[*]
[INFO] Coalescing path $.ingress.extraHosts[*].name
[INFO] Coalescing path $.ingress.extraHosts[*].path
[INFO] Coalescing path $.ingress.extraHosts[*].pathType
[INFO] Coalescing path $.ingress.secrets[*].certificate
[INFO] Coalescing path $.ingress.secrets[*].key
[INFO] Coalescing path $.ingress.secrets[*].name
[INFO] Discovered 197 unique value paths; random traversal, seed 0
[INFO] Testing path $.networkPolicy.allowExternal (1/197)
[INFO] Compiler input baseline: 87 statically named fields
[INFO] Render hashes (run-local): 2 observed, 2 unique, 0 duplicate bundles; 0 successful validations reused
[INFO] Testing path $.topologySpreadConstraints[*] (2/197)
[INFO] Compiler input baseline: 87 statically named fields
[INFO] Render hashes (run-local): 100 observed, 87 unique, 13 duplicate bundles; 13 successful validations reused
[INFO] Testing path $.initContainers (3/197)
[INFO] Compiler input baseline: 87 statically named fields
[INFO] Render hashes (run-local): 100 observed, 88 unique, 12 duplicate bundles; 12 successful validations reused
[INFO] Testing path $.startupProbe.timeoutSeconds (4/197)
[INFO] Compiler input baseline: 87 statically named fields
[INFO] Render hashes (run-local): 100 observed, 1 unique, 99 duplicate bundles; 99 successful validations reused
[INFO] Testing path $.lifecycleHooks (5/197)
[INFO] Compiler input baseline: 87 statically named fields
[INFO] Render hashes (run-local): 100 observed, 98 unique, 2 duplicate bundles; 2 successful validations reused
[INFO] Testing path $.ingress.secrets (6/197)
[INFO] Compiler input baseline: 87 statically named fields
[INFO] Render hashes (run-local): 100 observed, 1 unique, 99 duplicate bundles; 99 successful validations reused
[INFO] Testing path $.image (7/197)
[INFO] Compiler input baseline: 87 statically named fields
[INFO] Render hashes (run-local): 20 observed, 8 unique, 12 duplicate bundles; 12 successful validations reused
[INFO] Testing path $.nodeAffinityPreset.values (8/197)
[INFO] Compiler input baseline: 87 statically named fields
[INFO] Render hashes (run-local): 100 observed, 1 unique, 99 duplicate bundles; 99 successful validations reused
[INFO] Testing path $.ingress.selfSigned (9/197)
[INFO] Compiler input baseline: 87 statically named fields
[INFO] Render hashes (run-local): 2 observed, 1 unique, 1 duplicate bundles; 1 successful validations reused
[INFO] Testing path $.image.pullSecrets (10/197)
[INFO] Compiler input baseline: 87 statically named fields
[INFO] Render hashes (run-local): 50 observed, 18 unique, 32 duplicate bundles; 32 successful validations reused
[INFO] Testing path $.livenessProbe.periodSeconds (11/197)
[INFO] Compiler input baseline: 87 statically named fields
[INFO] Render hashes (run-local): 100 observed, 100 unique, 0 duplicate bundles; 0 successful validations reused
[INFO] Testing path $.nodeSelector (12/197)
[INFO] Compiler input baseline: 87 statically named fields
[INFO] Render hashes (run-local): 100 observed, 98 unique, 2 duplicate bundles; 2 successful validations reused
[INFO] Testing path $.pdb.maxUnavailable (13/197)
[INFO] Compiler input baseline: 87 statically named fields
[INFO] Render hashes (run-local): 24 observed, 21 unique, 3 duplicate bundles; 3 successful validations reused
[INFO] Testing path $.updateStrategy (14/197)
[INFO] Compiler input baseline: 87 statically named fields
[INFO] Render hashes (run-local): 100 observed, 99 unique, 1 duplicate bundles; 1 successful validations reused
[INFO] Testing path $.diagnosticMode.args[*] (15/197)
[INFO] Compiler input baseline: 87 statically named fields
[INFO] Render hashes (run-local): 100 observed, 1 unique, 99 duplicate bundles; 99 successful validations reused
[INFO] Testing path $.global.imagePullSecrets (16/197)
[INFO] Compiler input baseline: 87 statically named fields
[INFO] Render hashes (run-local): 50 observed, 18 unique, 32 duplicate bundles; 32 successful validations reused
[INFO] Testing path $.podSecurityContext (17/197)
[INFO] Compiler input baseline: 87 statically named fields
[INFO] Render hashes (run-local): 100 observed, 87 unique, 13 duplicate bundles; 13 successful validations reused
[INFO] Testing path $.livenessProbe.failureThreshold (18/197)
[INFO] Compiler input baseline: 87 statically named fields
[INFO] Render hashes (run-local): 100 observed, 100 unique, 0 duplicate bundles; 0 successful validations reused
[INFO] Testing path $.image.pullSecrets[*] (19/197)
[INFO] Compiler input baseline: 87 statically named fields
/Users/emmadoyle/projects/personal/hypothesis-helm/.venv/lib/python3.13/site-packages/hypothesis/strategies/_internal/lazy.py:180: HypothesisWarning: Generating overly large repr. This is an expensive operation, and with a length of 42 kB is unlikely to be useful. Use -Wignore to ignore the warning, or -Werror to get a traceback.
  self.__representation = repr_call(
/Users/emmadoyle/projects/personal/hypothesis-helm/.venv/lib/python3.13/site-packages/hypothesis/strategies/_internal/lazy.py:180: HypothesisWarning: Generating overly large repr. This is an expensive operation, and with a length of 127 kB is unlikely to be useful. Use -Wignore to ignore the warning, or -Werror to get a traceback.
  self.__representation = repr_call(
[INFO] Render hashes (run-local): 20 observed, 7 unique, 13 duplicate bundles; 13 successful validations reused
[INFO] Testing path $.networkPolicy.ingressNSPodMatchLabels (20/197)
[INFO] Compiler input baseline: 87 statically named fields
[INFO] Render hashes (run-local): 100 observed, 1 unique, 99 duplicate bundles; 99 successful validations reused
[INFO] Testing path $.containerPorts[*] (21/197)
[INFO] Compiler input baseline: 87 statically named fields
[INFO] Render hashes (run-local): 100 observed, 100 unique, 0 duplicate bundles; 0 successful validations reused
[INFO] Testing path $.service.type (22/197)
[INFO] Compiler input baseline: 87 statically named fields
[INFO] Render hashes (run-local): 24 observed, 21 unique, 3 duplicate bundles; 0 successful validations reused
[INFO] Testing path $.livenessProbe.initialDelaySeconds (23/197)
[INFO] Compiler input baseline: 87 statically named fields
[INFO] Execution stopped at the 15.1575s time limit; coverage is incomplete
[INFO] Render hashes (run-local): 95 observed, 95 unique, 0 duplicate bundles; 0 successful validations reused
[INFO] .: failed; testing 300.41s; dependency preparation 0.60s; 0 charts remain
