[INFO] Chart 1/1: .
[INFO] Preparing dependencies for . (excluded from testing budgets)
[INFO] Finite filtering unavailable: permutations need closed objects at (); set additionalProperties: false; filtering generation before value-path traversal
[INFO] Coalescing path $.affinity
[INFO] Coalescing path $.args
[INFO] Coalescing path $.bucket
[INFO] Coalescing path $.clusterDomain
[INFO] Coalescing path $.command
[INFO] Coalescing path $.commonAnnotations
[INFO] Coalescing path $.commonLabels
[INFO] Coalescing path $.containerSecurityContext
[INFO] Coalescing path $.customLivenessProbe
[INFO] Coalescing path $.customReadinessProbe
[INFO] Coalescing path $.customStartupProbe
[INFO] Coalescing path $.databases
[INFO] Coalescing path $.extraContainerPorts
[INFO] Coalescing path $.extraDeploy
[INFO] Coalescing path $.extraEnvVars
[INFO] Coalescing path $.extraEnvVarsCM
[INFO] Coalescing path $.extraEnvVarsSecret
[INFO] Coalescing path $.extraVolumeMounts
[INFO] Coalescing path $.extraVolumes
[INFO] Coalescing path $.global
[INFO] Coalescing path $.hostAliases
[INFO] Coalescing path $.image
[INFO] Coalescing path $.initContainers
[INFO] Coalescing path $.initdbScripts
[INFO] Coalescing path $.initdbScriptsCM
[INFO] Coalescing path $.initdbScriptsSecret
[INFO] Coalescing path $.lifecycleHooks
[INFO] Coalescing path $.nodeId
[INFO] Coalescing path $.nodeSelector
[INFO] Coalescing path $.objectStore
[INFO] Coalescing path $.persistence
[INFO] Coalescing path $.podAffinityPreset
[INFO] Coalescing path $.podAnnotations
[INFO] Coalescing path $.podAntiAffinityPreset
[INFO] Coalescing path $.podLabels
[INFO] Coalescing path $.podSecurityContext
[INFO] Coalescing path $.priorityClassName
[INFO] Coalescing path $.replicaCount
[INFO] Coalescing path $.resources
[INFO] Coalescing path $.revisionHistoryLimit
[INFO] Coalescing path $.schedulerName
[INFO] Coalescing path $.sidecars
[INFO] Coalescing path $.tolerations
[INFO] Coalescing path $.topologySpreadConstraints
[INFO] Coalescing path $.updateStrategy
[INFO] Coalescing path $.useHelmHooks
[INFO] Coalescing path $.usePasswordFiles
[INFO] Coalescing path $.auth.enabled
[INFO] Coalescing path $.auth.existingSecret
[INFO] Coalescing path $.containerPorts.http
[INFO] Coalescing path $.containerSecurityContext.enabled
[INFO] Coalescing path $.createAdminTokenJob.affinity
[INFO] Coalescing path $.createAdminTokenJob.annotations
[INFO] Coalescing path $.createAdminTokenJob.automountServiceAccountToken
[INFO] Coalescing path $.createAdminTokenJob.backoffLimit
[INFO] Coalescing path $.createAdminTokenJob.cleanup
[INFO] Coalescing path $.createAdminTokenJob.containerSecurityContext
[INFO] Coalescing path $.createAdminTokenJob.enabled
[INFO] Coalescing path $.createAdminTokenJob.hostAliases
[INFO] Coalescing path $.createAdminTokenJob.image
[INFO] Coalescing path $.createAdminTokenJob.nodeSelector
[INFO] Coalescing path $.createAdminTokenJob.podAffinityPreset
[INFO] Coalescing path $.createAdminTokenJob.podAnnotations
[INFO] Coalescing path $.createAdminTokenJob.podAntiAffinityPreset
[INFO] Coalescing path $.createAdminTokenJob.podLabels
[INFO] Coalescing path $.createAdminTokenJob.priorityClassName
[INFO] Coalescing path $.createAdminTokenJob.resources
[INFO] Coalescing path $.createAdminTokenJob.schedulerName
[INFO] Coalescing path $.createAdminTokenJob.terminationGracePeriodSeconds
[INFO] Coalescing path $.createAdminTokenJob.tolerations
[INFO] Coalescing path $.createAdminTokenJob.topologyKey
[INFO] Coalescing path $.createAdminTokenJob.topologySpreadConstraints
[INFO] Coalescing path $.diagnosticMode.args
[INFO] Coalescing path $.diagnosticMode.command
[INFO] Coalescing path $.diagnosticMode.enabled
[INFO] Coalescing path $.extraDeploy[*]
[INFO] Coalescing path $.image.debug
[INFO] Coalescing path $.image.pullPolicy
[INFO] Coalescing path $.ingress.annotations
[INFO] Coalescing path $.ingress.enabled
[INFO] Coalescing path $.ingress.extraHosts
[INFO] Coalescing path $.ingress.extraPaths
[INFO] Coalescing path $.ingress.extraRules
[INFO] Coalescing path $.ingress.extraTls
[INFO] Coalescing path $.ingress.hostname
[INFO] Coalescing path $.ingress.ingressClassName
[INFO] Coalescing path $.ingress.path
[INFO] Coalescing path $.ingress.pathType
[INFO] Coalescing path $.ingress.secrets
[INFO] Coalescing path $.ingress.selfSigned
[INFO] Coalescing path $.ingress.tls
[INFO] Coalescing path $.metrics.enabled
[INFO] Coalescing path $.networkPolicy.allowExternal
[INFO] Coalescing path $.networkPolicy.allowExternalEgress
[INFO] Coalescing path $.networkPolicy.enabled
[INFO] Coalescing path $.networkPolicy.extraEgress
[INFO] Coalescing path $.networkPolicy.extraIngress
[INFO] Coalescing path $.networkPolicy.ingressNSMatchLabels
[INFO] Coalescing path $.networkPolicy.ingressNSPodMatchLabels
[INFO] Coalescing path $.nodeAffinityPreset.key
[INFO] Coalescing path $.nodeAffinityPreset.type
[INFO] Coalescing path $.nodeAffinityPreset.values
[INFO] Coalescing path $.pdb.create
[INFO] Coalescing path $.pdb.maxUnavailable
[INFO] Coalescing path $.pdb.minAvailable
[INFO] Coalescing path $.persistence.accessModes
[INFO] Coalescing path $.persistence.annotations
[INFO] Coalescing path $.persistence.dataSource
[INFO] Coalescing path $.persistence.enabled
[INFO] Coalescing path $.persistence.existingClaim
[INFO] Coalescing path $.persistence.mountPath
[INFO] Coalescing path $.persistence.selector
[INFO] Coalescing path $.persistence.size
[INFO] Coalescing path $.podSecurityContext.enabled
[INFO] Coalescing path $.rbac.create
[INFO] Coalescing path $.s3.defaultRegion
[INFO] Coalescing path $.s3.endpoint
[INFO] Coalescing path $.service.annotations
[INFO] Coalescing path $.service.clusterIP
[INFO] Coalescing path $.service.externalTrafficPolicy
[INFO] Coalescing path $.service.extraPorts
[INFO] Coalescing path $.service.loadBalancerIP
[INFO] Coalescing path $.service.loadBalancerSourceRanges
[INFO] Coalescing path $.service.sessionAffinity
[INFO] Coalescing path $.service.sessionAffinityConfig
[INFO] Coalescing path $.service.type
[INFO] Coalescing path $.serviceAccount.annotations
[INFO] Coalescing path $.serviceAccount.automountServiceAccountToken
[INFO] Coalescing path $.serviceAccount.create
[INFO] Coalescing path $.tls.enabled
[INFO] Coalescing path $.autoscaling.hpa.enabled
[INFO] Coalescing path $.autoscaling.hpa.maxReplicas
[INFO] Coalescing path $.autoscaling.hpa.minReplicas
[INFO] Coalescing path $.autoscaling.hpa.targetCPU
[INFO] Coalescing path $.autoscaling.hpa.targetMemory
[INFO] Coalescing path $.autoscaling.vpa.annotations
[INFO] Coalescing path $.autoscaling.vpa.controlledResources
[INFO] Coalescing path $.autoscaling.vpa.enabled
[INFO] Coalescing path $.autoscaling.vpa.maxAllowed
[INFO] Coalescing path $.autoscaling.vpa.minAllowed
[INFO] Coalescing path $.autoscaling.vpa.updatePolicy
[INFO] Coalescing path $.createAdminTokenJob.containerSecurityContext.enabled
[INFO] Coalescing path $.createAdminTokenJob.image.pullPolicy
[INFO] Coalescing path $.createAdminTokenJob.nodeAffinityPreset.key
[INFO] Coalescing path $.createAdminTokenJob.nodeAffinityPreset.type
[INFO] Coalescing path $.createAdminTokenJob.nodeAffinityPreset.values
[INFO] Coalescing path $.createAdminTokenJob.serviceAccount.annotations
[INFO] Coalescing path $.createAdminTokenJob.serviceAccount.automountServiceAccountToken
[INFO] Coalescing path $.createAdminTokenJob.serviceAccount.create
[INFO] Coalescing path $.createAdminTokenJob.waitForS3.retryAttempts
[INFO] Coalescing path $.createAdminTokenJob.waitForS3.retryInterval
[INFO] Coalescing path $.defaultInitContainers.volumePermissions.enabled
[INFO] Coalescing path $.defaultInitContainers.volumePermissions.image
[INFO] Coalescing path $.extraContainerPorts[*].containerPort
[INFO] Coalescing path $.ingress.extraHosts[*]
[INFO] Coalescing path $.metrics.serviceMonitor.enabled
[INFO] Coalescing path $.metrics.serviceMonitor.honorLabels
[INFO] Coalescing path $.metrics.serviceMonitor.interval
[INFO] Coalescing path $.metrics.serviceMonitor.labels
[INFO] Coalescing path $.metrics.serviceMonitor.metricRelabelings
[INFO] Coalescing path $.metrics.serviceMonitor.namespace
[INFO] Coalescing path $.metrics.serviceMonitor.relabelings
[INFO] Coalescing path $.metrics.serviceMonitor.scrapeTimeout
[INFO] Coalescing path $.metrics.serviceMonitor.selector
[INFO] Coalescing path $.networkPolicy.ingressNSMatchLabels[*]
[INFO] Coalescing path $.networkPolicy.ingressNSPodMatchLabels[*]
[INFO] Coalescing path $.persistence.accessModes[*]
[INFO] Coalescing path $.s3.auth.accessKeyId
[INFO] Coalescing path $.s3.auth.secretAccessKey
[INFO] Coalescing path $.service.nodePorts.http
[INFO] Coalescing path $.service.ports.http
[INFO] Coalescing path $.tls.autoGenerated.enabled
[INFO] Coalescing path $.tls.autoGenerated.engine
[INFO] Coalescing path $.autoscaling.vpa.updatePolicy.updateMode
[INFO] Coalescing path $.ingress.extraHosts[*].name
[INFO] Coalescing path $.ingress.extraHosts[*].path
[INFO] Coalescing path $.ingress.extraHosts[*].pathType
[INFO] Coalescing path $.ingress.secrets[*].certificate
[INFO] Coalescing path $.ingress.secrets[*].key
[INFO] Coalescing path $.ingress.secrets[*].name
[INFO] Coalescing path $.tls.autoGenerated.certManager.duration
[INFO] Coalescing path $.tls.autoGenerated.certManager.existingIssuer
[INFO] Coalescing path $.tls.autoGenerated.certManager.existingIssuerKind
[INFO] Coalescing path $.tls.autoGenerated.certManager.keyAlgorithm
[INFO] Coalescing path $.tls.autoGenerated.certManager.keySize
[INFO] Coalescing path $.tls.autoGenerated.certManager.renewBefore
[INFO] Discovered 359 unique value paths; random traversal, seed 0
[INFO] Testing path $.networkPolicy.allowExternal (1/359)
[INFO] Compiler input baseline: 167 statically named fields
[INFO] Render hashes (run-local): 2 observed, 2 unique, 0 duplicate bundles; 0 successful validations reused
[INFO] Testing path $.topologySpreadConstraints[*] (2/359)
[INFO] Compiler input baseline: 167 statically named fields
[INFO] Render hashes (run-local): 100 observed, 87 unique, 13 duplicate bundles; 13 successful validations reused
[INFO] Testing path $.initContainers (3/359)
[INFO] Compiler input baseline: 167 statically named fields
[INFO] Render hashes (run-local): 100 observed, 88 unique, 12 duplicate bundles; 12 successful validations reused
[INFO] Testing path $.tls.autoGenerated.certManager.existingIssuer (4/359)
[INFO] Compiler input baseline: 167 statically named fields
[INFO] Render hashes (run-local): 100 observed, 1 unique, 99 duplicate bundles; 99 successful validations reused
[INFO] Testing path $.startupProbe.timeoutSeconds (5/359)
[INFO] Compiler input baseline: 167 statically named fields
[INFO] Render hashes (run-local): 100 observed, 1 unique, 99 duplicate bundles; 99 successful validations reused
[INFO] Testing path $.persistence.existingClaim (6/359)
[INFO] Compiler input baseline: 167 statically named fields
[INFO] Render hashes (run-local): 100 observed, 2 unique, 98 duplicate bundles; 98 successful validations reused
[INFO] Testing path $.createAdminTokenJob.enabled (7/359)
[INFO] Compiler input baseline: 167 statically named fields
[INFO] Render hashes (run-local): 2 observed, 1 unique, 1 duplicate bundles; 1 successful validations reused
[INFO] Testing path $.createAdminTokenJob.nodeSelector (8/359)
[INFO] Compiler input baseline: 167 statically named fields
[INFO] Render hashes (run-local): 100 observed, 1 unique, 99 duplicate bundles; 99 successful validations reused
[INFO] Testing path $.lifecycleHooks (9/359)
[INFO] Compiler input baseline: 167 statically named fields
[INFO] Render hashes (run-local): 100 observed, 98 unique, 2 duplicate bundles; 2 successful validations reused
[INFO] Testing path $.createAdminTokenJob.resourcesPreset (10/359)
[INFO] Compiler input baseline: 167 statically named fields
[INFO] Render hashes (run-local): 100 observed, 1 unique, 99 duplicate bundles; 99 successful validations reused
[INFO] Testing path $.ingress.secrets (11/359)
[INFO] Compiler input baseline: 167 statically named fields
[INFO] Render hashes (run-local): 100 observed, 1 unique, 99 duplicate bundles; 99 successful validations reused
[INFO] Testing path $.image (12/359)
[INFO] Compiler input baseline: 167 statically named fields
[INFO] Render hashes (run-local): 23 observed, 8 unique, 15 duplicate bundles; 15 successful validations reused
[INFO] Testing path $.tls.ca (13/359)
[INFO] Compiler input baseline: 167 statically named fields
[INFO] Render hashes (run-local): 100 observed, 1 unique, 99 duplicate bundles; 99 successful validations reused
[INFO] Testing path $.nodeAffinityPreset.values (14/359)
[INFO] Compiler input baseline: 167 statically named fields
[INFO] Render hashes (run-local): 100 observed, 1 unique, 99 duplicate bundles; 48 successful validations reused
[INFO] Testing path $.autoscaling.hpa.enabled (15/359)
[INFO] Compiler input baseline: 167 statically named fields
[INFO] Render hashes (run-local): 2 observed, 1 unique, 1 duplicate bundles; 0 successful validations reused
[INFO] Testing path $.ingress.selfSigned (16/359)
[INFO] Compiler input baseline: 167 statically named fields
[INFO] Render hashes (run-local): 2 observed, 1 unique, 1 duplicate bundles; 0 successful validations reused
[INFO] Testing path $.createAdminTokenJob (17/359)
[INFO] Compiler input baseline: 167 statically named fields
[INFO] Execution stopped at the 16.33s time limit; coverage is incomplete
[INFO] Render hashes (run-local): 37 observed, 1 unique, 36 duplicate bundles; 0 successful validations reused
[INFO] .: failed; testing 300.54s; dependency preparation 0.53s; 0 charts remain
