[INFO] Chart 1/1: .
[INFO] Preparing dependencies for . (excluded from testing budgets)
[INFO] Finite filtering unavailable: permutations need closed objects at (); set additionalProperties: false; filtering generation before value-path traversal
[INFO] Coalescing path $.affinity
[INFO] Coalescing path $.automountServiceAccountToken
[INFO] Coalescing path $.commonAnnotations
[INFO] Coalescing path $.commonLabels
[INFO] Coalescing path $.containerSecurityContext
[INFO] Coalescing path $.customLivenessProbe
[INFO] Coalescing path $.customReadinessProbe
[INFO] Coalescing path $.customStartupProbe
[INFO] Coalescing path $.extraDeploy
[INFO] Coalescing path $.extraEnvVars
[INFO] Coalescing path $.extraEnvVarsCM
[INFO] Coalescing path $.extraEnvVarsSecret
[INFO] Coalescing path $.extraVolumeMounts
[INFO] Coalescing path $.extraVolumes
[INFO] Coalescing path $.hostAliases
[INFO] Coalescing path $.hostNetwork
[INFO] Coalescing path $.image
[INFO] Coalescing path $.initContainers
[INFO] Coalescing path $.lifecycleHooks
[INFO] Coalescing path $.minReadySeconds
[INFO] Coalescing path $.nodeSelector
[INFO] Coalescing path $.podAffinityPreset
[INFO] Coalescing path $.podAnnotations
[INFO] Coalescing path $.podAntiAffinityPreset
[INFO] Coalescing path $.podLabels
[INFO] Coalescing path $.podSecurityContext
[INFO] Coalescing path $.priorityClassName
[INFO] Coalescing path $.replicaCount
[INFO] Coalescing path $.resources
[INFO] Coalescing path $.schedulerName
[INFO] Coalescing path $.sidecars
[INFO] Coalescing path $.terminationGracePeriodSeconds
[INFO] Coalescing path $.tolerations
[INFO] Coalescing path $.topologySpreadConstraints
[INFO] Coalescing path $.updateStrategy
[INFO] Coalescing path $.containerPorts.http
[INFO] Coalescing path $.containerPorts.telemetry
[INFO] Coalescing path $.containerSecurityContext.enabled
[INFO] Coalescing path $.customResourceState.configuration
[INFO] Coalescing path $.customResourceState.enabled
[INFO] Coalescing path $.diagnosticMode.args
[INFO] Coalescing path $.diagnosticMode.command
[INFO] Coalescing path $.diagnosticMode.enabled
[INFO] Coalescing path $.extraDeploy[*]
[INFO] Coalescing path $.image.pullPolicy
[INFO] Coalescing path $.kubeResources.certificatesigningrequests
[INFO] Coalescing path $.kubeResources.configmaps
[INFO] Coalescing path $.kubeResources.cronjobs
[INFO] Coalescing path $.kubeResources.daemonsets
[INFO] Coalescing path $.kubeResources.deployments
[INFO] Coalescing path $.kubeResources.endpoints
[INFO] Coalescing path $.kubeResources.horizontalpodautoscalers
[INFO] Coalescing path $.kubeResources.ingresses
[INFO] Coalescing path $.kubeResources.jobs
[INFO] Coalescing path $.kubeResources.leases
[INFO] Coalescing path $.kubeResources.limitranges
[INFO] Coalescing path $.kubeResources.mutatingwebhookconfigurations
[INFO] Coalescing path $.kubeResources.namespaces
[INFO] Coalescing path $.kubeResources.networkpolicies
[INFO] Coalescing path $.kubeResources.nodes
[INFO] Coalescing path $.kubeResources.persistentvolumeclaims
[INFO] Coalescing path $.kubeResources.persistentvolumes
[INFO] Coalescing path $.kubeResources.poddisruptionbudgets
[INFO] Coalescing path $.kubeResources.pods
[INFO] Coalescing path $.kubeResources.replicasets
[INFO] Coalescing path $.kubeResources.replicationcontrollers
[INFO] Coalescing path $.kubeResources.resourcequotas
[INFO] Coalescing path $.kubeResources.secrets
[INFO] Coalescing path $.kubeResources.services
[INFO] Coalescing path $.kubeResources.statefulsets
[INFO] Coalescing path $.kubeResources.storageclasses
[INFO] Coalescing path $.kubeResources.validatingwebhookconfigurations
[INFO] Coalescing path $.kubeResources.volumeattachments
[INFO] Coalescing path $.networkPolicy.allowExternal
[INFO] Coalescing path $.networkPolicy.allowExternalEgress
[INFO] Coalescing path $.networkPolicy.enabled
[INFO] Coalescing path $.networkPolicy.extraEgress
[INFO] Coalescing path $.networkPolicy.extraIngress
[INFO] Coalescing path $.networkPolicy.ingressNSMatchLabels
[INFO] Coalescing path $.networkPolicy.ingressNSPodMatchLabels
[INFO] Coalescing path $.networkPolicy.kubeAPIServerPorts
[INFO] Coalescing path $.nodeAffinityPreset.key
[INFO] Coalescing path $.nodeAffinityPreset.type
[INFO] Coalescing path $.nodeAffinityPreset.values
[INFO] Coalescing path $.pdb.create
[INFO] Coalescing path $.pdb.maxUnavailable
[INFO] Coalescing path $.pdb.minAvailable
[INFO] Coalescing path $.podSecurityContext.enabled
[INFO] Coalescing path $.rbac.create
[INFO] Coalescing path $.rbac.pspEnabled
[INFO] Coalescing path $.rbac.rules
[INFO] Coalescing path $.selfMonitor.enabled
[INFO] Coalescing path $.selfMonitor.telemetryNodePort
[INFO] Coalescing path $.selfMonitor.telemetryPort
[INFO] Coalescing path $.service.annotations
[INFO] Coalescing path $.service.clusterIP
[INFO] Coalescing path $.service.externalTrafficPolicy
[INFO] Coalescing path $.service.extraPorts
[INFO] Coalescing path $.service.labels
[INFO] Coalescing path $.service.loadBalancerIP
[INFO] Coalescing path $.service.loadBalancerSourceRanges
[INFO] Coalescing path $.service.sessionAffinity
[INFO] Coalescing path $.service.sessionAffinityConfig
[INFO] Coalescing path $.service.type
[INFO] Coalescing path $.serviceAccount.annotations
[INFO] Coalescing path $.serviceAccount.automountServiceAccountToken
[INFO] Coalescing path $.serviceAccount.create
[INFO] Coalescing path $.serviceMonitor.enabled
[INFO] Coalescing path $.serviceMonitor.extraParameters
[INFO] Coalescing path $.serviceMonitor.honorLabels
[INFO] Coalescing path $.serviceMonitor.interval
[INFO] Coalescing path $.serviceMonitor.jobLabel
[INFO] Coalescing path $.serviceMonitor.labels
[INFO] Coalescing path $.serviceMonitor.metricRelabelings
[INFO] Coalescing path $.serviceMonitor.namespace
[INFO] Coalescing path $.serviceMonitor.relabelings
[INFO] Coalescing path $.serviceMonitor.sampleLimit
[INFO] Coalescing path $.serviceMonitor.scrapeTimeout
[INFO] Coalescing path $.serviceMonitor.selector
[INFO] Coalescing path $.networkPolicy.ingressNSMatchLabels[*]
[INFO] Coalescing path $.networkPolicy.ingressNSPodMatchLabels[*]
[INFO] Coalescing path $.networkPolicy.kubeAPIServerPorts[*]
[INFO] Coalescing path $.service.nodePorts.http
[INFO] Coalescing path $.service.ports.http
[INFO] Discovered 220 unique value paths; random traversal, seed 0
[INFO] Testing path $.networkPolicy.allowExternal (1/220)
[INFO] Compiler input baseline: 117 statically named fields
[INFO] Render hashes (run-local): 2 observed, 2 unique, 0 duplicate bundles; 0 successful validations reused
[INFO] Testing path $.topologySpreadConstraints[*] (2/220)
[INFO] Compiler input baseline: 117 statically named fields
[INFO] Render hashes (run-local): 100 observed, 87 unique, 13 duplicate bundles; 13 successful validations reused
[INFO] Testing path $.kubeResources.validatingwebhookconfigurations (3/220)
[INFO] Compiler input baseline: 117 statically named fields
[INFO] Render hashes (run-local): 2 observed, 2 unique, 0 duplicate bundles; 0 successful validations reused
[INFO] Testing path $.initContainers (4/220)
[INFO] Compiler input baseline: 117 statically named fields
[INFO] Render hashes (run-local): 100 observed, 88 unique, 12 duplicate bundles; 12 successful validations reused
[INFO] Testing path $.startupProbe.timeoutSeconds (5/220)
[INFO] Compiler input baseline: 117 statically named fields
[INFO] Render hashes (run-local): 100 observed, 1 unique, 99 duplicate bundles; 99 successful validations reused
[INFO] Testing path $.lifecycleHooks (6/220)
[INFO] Compiler input baseline: 117 statically named fields
[INFO] Render hashes (run-local): 100 observed, 98 unique, 2 duplicate bundles; 2 successful validations reused
[INFO] Testing path $.kubeResources.nodes (7/220)
[INFO] Compiler input baseline: 117 statically named fields
[INFO] Render hashes (run-local): 2 observed, 2 unique, 0 duplicate bundles; 0 successful validations reused
[INFO] Testing path $.image (8/220)
[INFO] Compiler input baseline: 117 statically named fields
[INFO] Render hashes (run-local): 20 observed, 8 unique, 12 duplicate bundles; 12 successful validations reused
[INFO] Testing path $.nodeAffinityPreset.values (9/220)
[INFO] Compiler input baseline: 117 statically named fields
[INFO] Render hashes (run-local): 100 observed, 1 unique, 99 duplicate bundles; 99 successful validations reused
[INFO] Testing path $.image.pullSecrets (10/220)
[INFO] Compiler input baseline: 117 statically named fields
[INFO] Render hashes (run-local): 33 observed, 7 unique, 26 duplicate bundles; 26 successful validations reused
[INFO] Testing path $.rbac.rules[*] (11/220)
[INFO] Compiler input baseline: 117 statically named fields
[INFO] Render hashes (run-local): 100 observed, 87 unique, 13 duplicate bundles; 13 successful validations reused
[INFO] Testing path $.livenessProbe.periodSeconds (12/220)
[INFO] Compiler input baseline: 117 statically named fields
[INFO] Render hashes (run-local): 100 observed, 100 unique, 0 duplicate bundles; 0 successful validations reused
[INFO] Testing path $.nodeSelector (13/220)
[INFO] Compiler input baseline: 117 statically named fields
[INFO] Render hashes (run-local): 100 observed, 98 unique, 2 duplicate bundles; 2 successful validations reused
[INFO] Testing path $.pdb.maxUnavailable (14/220)
[INFO] Compiler input baseline: 117 statically named fields
[INFO] Render hashes (run-local): 24 observed, 21 unique, 3 duplicate bundles; 3 successful validations reused
[INFO] Testing path $.kubeResources.resourcequotas (15/220)
[INFO] Compiler input baseline: 117 statically named fields
[INFO] Render hashes (run-local): 2 observed, 2 unique, 0 duplicate bundles; 0 successful validations reused
[INFO] Testing path $.updateStrategy (16/220)
[INFO] Compiler input baseline: 117 statically named fields
[INFO] Render hashes (run-local): 100 observed, 98 unique, 2 duplicate bundles; 2 successful validations reused
[INFO] Testing path $.diagnosticMode.args[*] (17/220)
[INFO] Compiler input baseline: 117 statically named fields
[INFO] Render hashes (run-local): 100 observed, 1 unique, 99 duplicate bundles; 99 successful validations reused
[INFO] Testing path $.global.imagePullSecrets (18/220)
[INFO] Compiler input baseline: 117 statically named fields
[INFO] Render hashes (run-local): 33 observed, 7 unique, 26 duplicate bundles; 26 successful validations reused
[INFO] Testing path $.podSecurityContext (19/220)
[INFO] Compiler input baseline: 117 statically named fields
[INFO] Render hashes (run-local): 100 observed, 87 unique, 13 duplicate bundles; 13 successful validations reused
[INFO] Testing path $.selfMonitor (20/220)
[INFO] Compiler input baseline: 117 statically named fields
[INFO] Render hashes (run-local): 36 observed, 20 unique, 16 duplicate bundles; 16 successful validations reused
[INFO] Testing path $.livenessProbe.failureThreshold (21/220)
[INFO] Compiler input baseline: 117 statically named fields
[INFO] Render hashes (run-local): 100 observed, 100 unique, 0 duplicate bundles; 0 successful validations reused
[INFO] Testing path $.image.pullSecrets[*] (22/220)
[INFO] Compiler input baseline: 117 statically named fields
/Users/emmadoyle/projects/personal/hypothesis-helm/.venv/lib/python3.13/site-packages/hypothesis/strategies/_internal/lazy.py:180: HypothesisWarning: Generating overly large repr. This is an expensive operation, and with a length of 42 kB is unlikely to be useful. Use -Wignore to ignore the warning, or -Werror to get a traceback.
  self.__representation = repr_call(
/Users/emmadoyle/projects/personal/hypothesis-helm/.venv/lib/python3.13/site-packages/hypothesis/strategies/_internal/lazy.py:180: HypothesisWarning: Generating overly large repr. This is an expensive operation, and with a length of 127 kB is unlikely to be useful. Use -Wignore to ignore the warning, or -Werror to get a traceback.
  self.__representation = repr_call(
[INFO] Render hashes (run-local): 5 observed, 2 unique, 3 duplicate bundles; 3 successful validations reused
[INFO] Testing path $.networkPolicy.ingressNSPodMatchLabels (23/220)
[INFO] Compiler input baseline: 117 statically named fields
[INFO] Render hashes (run-local): 100 observed, 1 unique, 99 duplicate bundles; 5 successful validations reused
[INFO] Testing path $.service.type (24/220)
[INFO] Compiler input baseline: 117 statically named fields
[INFO] Render hashes (run-local): 24 observed, 21 unique, 3 duplicate bundles; 0 successful validations reused
[INFO] Testing path $.hostNetwork (25/220)
[INFO] Compiler input baseline: 117 statically named fields
[INFO] Render hashes (run-local): 2 observed, 2 unique, 0 duplicate bundles; 0 successful validations reused
[INFO] Testing path $.customResourceState.enabled (26/220)
[INFO] Compiler input baseline: 117 statically named fields
[INFO] Render hashes (run-local): 2 observed, 2 unique, 0 duplicate bundles; 0 successful validations reused
[INFO] Testing path $.serviceMonitor.relabelings (27/220)
[INFO] Compiler input baseline: 117 statically named fields
[INFO] Execution stopped at the 1.58995s time limit; coverage is incomplete
[INFO] Render hashes (run-local): 8 observed, 1 unique, 7 duplicate bundles; 0 successful validations reused
[INFO] .: failed; testing 300.40s; dependency preparation 0.53s; 0 charts remain
