[INFO] Chart 1/1: .
[INFO] Preparing dependencies for . (excluded from testing budgets)
[INFO] Finite filtering unavailable: permutations need closed objects at (); set additionalProperties: false; filtering generation before value-path traversal
[INFO] Coalescing path $.affinity
[INFO] Coalescing path $.annotations
[INFO] Coalescing path $.automountServiceAccountToken
[INFO] Coalescing path $.clusterDomain
[INFO] Coalescing path $.commonAnnotation
[INFO] Coalescing path $.commonAnnotations
[INFO] Coalescing path $.commonLabels
[INFO] Coalescing path $.configFileName
[INFO] Coalescing path $.containerPorts
[INFO] Coalescing path $.containerSecurityContext
[INFO] Coalescing path $.customLivenessProbe
[INFO] Coalescing path $.customReadinessProbe
[INFO] Coalescing path $.customStartupProbe
[INFO] Coalescing path $.enableMonitoringAPI
[INFO] Coalescing path $.enableMultiplePipelines
[INFO] Coalescing path $.existingConfiguration
[INFO] Coalescing path $.extraConfigurationFiles
[INFO] Coalescing path $.extraContainerPorts
[INFO] Coalescing path $.extraDeploy
[INFO] Coalescing path $.extraEnvVars
[INFO] Coalescing path $.extraEnvVarsCM
[INFO] Coalescing path $.extraEnvVarsSecret
[INFO] Coalescing path $.extraInput
[INFO] Coalescing path $.extraVolumeMounts
[INFO] Coalescing path $.extraVolumes
[INFO] Coalescing path $.filter
[INFO] Coalescing path $.global
[INFO] Coalescing path $.hostAliases
[INFO] Coalescing path $.image
[INFO] Coalescing path $.initContainers
[INFO] Coalescing path $.input
[INFO] Coalescing path $.labels
[INFO] Coalescing path $.lifecycleHooks
[INFO] Coalescing path $.monitoringAPIPort
[INFO] Coalescing path $.nodeSelector
[INFO] Coalescing path $.output
[INFO] Coalescing path $.persistence
[INFO] Coalescing path $.podAffinityPreset
[INFO] Coalescing path $.podAnnotations
[INFO] Coalescing path $.podAntiAffinityPreset
[INFO] Coalescing path $.podLabels
[INFO] Coalescing path $.podManagementPolicy
[INFO] Coalescing path $.podSecurityContext
[INFO] Coalescing path $.priorityClassName
[INFO] Coalescing path $.replicaCount
[INFO] Coalescing path $.resources
[INFO] Coalescing path $.schedulerName
[INFO] Coalescing path $.sidecars
[INFO] Coalescing path $.terminationGracePeriodSeconds
[INFO] Coalescing path $.tolerations
[INFO] Coalescing path $.topologySpreadConstraints
[INFO] Coalescing path $.updateStrategy
[INFO] Coalescing path $.containerSecurityContext.enabled
[INFO] Coalescing path $.containerSecurityContext.runAsUser
[INFO] Coalescing path $.diagnosticMode.args
[INFO] Coalescing path $.diagnosticMode.command
[INFO] Coalescing path $.diagnosticMode.enabled
[INFO] Coalescing path $.extraDeploy[*]
[INFO] Coalescing path $.image.debug
[INFO] Coalescing path $.image.pullPolicy
[INFO] Coalescing path $.ingress.annotations
[INFO] Coalescing path $.ingress.enabled
[INFO] Coalescing path $.ingress.extraHosts
[INFO] Coalescing path $.ingress.extraPaths
[INFO] Coalescing path $.ingress.extraRules
[INFO] Coalescing path $.ingress.extraTls
[INFO] Coalescing path $.ingress.hostname
[INFO] Coalescing path $.ingress.ingressClassName
[INFO] Coalescing path $.ingress.path
[INFO] Coalescing path $.ingress.pathType
[INFO] Coalescing path $.ingress.secrets
[INFO] Coalescing path $.ingress.selfSigned
[INFO] Coalescing path $.ingress.tls
[INFO] Coalescing path $.networkPolicy.allowExternal
[INFO] Coalescing path $.networkPolicy.allowExternalEgress
[INFO] Coalescing path $.networkPolicy.customRules
[INFO] Coalescing path $.networkPolicy.enabled
[INFO] Coalescing path $.networkPolicy.extraEgress
[INFO] Coalescing path $.networkPolicy.extraIngress
[INFO] Coalescing path $.networkPolicy.ingressNSMatchLabels
[INFO] Coalescing path $.networkPolicy.ingressNSPodMatchLabels
[INFO] Coalescing path $.nodeAffinityPreset.key
[INFO] Coalescing path $.nodeAffinityPreset.type
[INFO] Coalescing path $.nodeAffinityPreset.values
[INFO] Coalescing path $.pdb.create
[INFO] Coalescing path $.pdb.maxUnavailable
[INFO] Coalescing path $.pdb.minAvailable
[INFO] Coalescing path $.persistence.accessModes
[INFO] Coalescing path $.persistence.annotations
[INFO] Coalescing path $.persistence.enabled
[INFO] Coalescing path $.persistence.existingClaim
[INFO] Coalescing path $.persistence.mountPath
[INFO] Coalescing path $.persistence.selector
[INFO] Coalescing path $.persistence.size
[INFO] Coalescing path $.podSecurityContext.enabled
[INFO] Coalescing path $.podSecurityContext.fsGroup
[INFO] Coalescing path $.service.annotations
[INFO] Coalescing path $.service.clusterIP
[INFO] Coalescing path $.service.externalTrafficPolicy
[INFO] Coalescing path $.service.extraPorts
[INFO] Coalescing path $.service.loadBalancerIP
[INFO] Coalescing path $.service.loadBalancerSourceRanges
[INFO] Coalescing path $.service.ports
[INFO] Coalescing path $.service.sessionAffinity
[INFO] Coalescing path $.service.sessionAffinityConfig
[INFO] Coalescing path $.service.type
[INFO] Coalescing path $.serviceAccount.annotations
[INFO] Coalescing path $.serviceAccount.automountServiceAccountToken
[INFO] Coalescing path $.serviceAccount.create
[INFO] Coalescing path $.volumePermissions.enabled
[INFO] Coalescing path $.volumePermissions.image
[INFO] Coalescing path $.volumePermissions.resources
[INFO] Coalescing path $.volumePermissions.securityContext
[INFO] Coalescing path $.containerPorts[*].containerPort
[INFO] Coalescing path $.containerPorts[*].protocol
[INFO] Coalescing path $.extraContainerPorts[*].containerPort
[INFO] Coalescing path $.extraContainerPorts[*].protocol
[INFO] Coalescing path $.networkPolicy.ingressNSMatchLabels[*]
[INFO] Coalescing path $.networkPolicy.ingressNSPodMatchLabels[*]
[INFO] Coalescing path $.persistence.accessModes[*]
[INFO] Coalescing path $.rts.networkPolicy.extraEgress
[INFO] Coalescing path $.service.extraPorts[*]
[INFO] Coalescing path $.service.headless.annotations
[INFO] Coalescing path $.service.ports[*]
[INFO] Coalescing path $.volumePermissions.image.pullPolicy
[INFO] Coalescing path $.ingress.extraHosts[*].name
[INFO] Coalescing path $.ingress.extraHosts[*].path
[INFO] Coalescing path $.ingress.extraHosts[*].pathType
[INFO] Coalescing path $.ingress.secrets[*].certificate
[INFO] Coalescing path $.ingress.secrets[*].key
[INFO] Coalescing path $.ingress.secrets[*].name
[INFO] Coalescing path $.service.ports[*].port
[INFO] Coalescing path $.service.ports[*].protocol
[INFO] Discovered 232 unique value paths; random traversal, seed 0
[INFO] Testing path $.networkPolicy.allowExternal (1/232)
[INFO] Compiler input baseline: 110 statically named fields
[INFO] Render hashes (run-local): 2 observed, 2 unique, 0 duplicate bundles; 0 successful validations reused
[INFO] Testing path $.topologySpreadConstraints[*] (2/232)
[INFO] Compiler input baseline: 110 statically named fields
[INFO] Render hashes (run-local): 100 observed, 87 unique, 13 duplicate bundles; 13 successful validations reused
[INFO] Testing path $.initContainers (3/232)
[INFO] Compiler input baseline: 110 statically named fields
[INFO] Render hashes (run-local): 100 observed, 88 unique, 12 duplicate bundles; 12 successful validations reused
[INFO] Testing path $.startupProbe.timeoutSeconds (4/232)
[INFO] Compiler input baseline: 110 statically named fields
[INFO] Render hashes (run-local): 100 observed, 1 unique, 99 duplicate bundles; 99 successful validations reused
[INFO] Testing path $.persistence.existingClaim (5/232)
[INFO] Compiler input baseline: 110 statically named fields
[INFO] Render hashes (run-local): 100 observed, 1 unique, 99 duplicate bundles; 99 successful validations reused
[INFO] Testing path $.networkPolicy.customRules (6/232)
[INFO] Compiler input baseline: 110 statically named fields
[INFO] Render hashes (run-local): 13 observed, 4 unique, 9 duplicate bundles; 9 successful validations reused
[INFO] Testing path $.lifecycleHooks (7/232)
[INFO] Compiler input baseline: 110 statically named fields
[INFO] Render hashes (run-local): 100 observed, 98 unique, 2 duplicate bundles; 2 successful validations reused
[INFO] Testing path $.ingress.secrets (8/232)
[INFO] Compiler input baseline: 110 statically named fields
[INFO] Render hashes (run-local): 100 observed, 1 unique, 99 duplicate bundles; 99 successful validations reused
[INFO] Testing path $.filter (9/232)
[INFO] Compiler input baseline: 110 statically named fields
[INFO] Render hashes (run-local): 36 observed, 34 unique, 2 duplicate bundles; 2 successful validations reused
[INFO] Testing path $.image (10/232)
[INFO] Compiler input baseline: 110 statically named fields
[INFO] Render hashes (run-local): 22 observed, 7 unique, 15 duplicate bundles; 15 successful validations reused
[INFO] Testing path $.nodeAffinityPreset.values (11/232)
[INFO] Compiler input baseline: 110 statically named fields
