[INFO] Chart 1/1: .
[INFO] Preparing dependencies for . (excluded from testing budgets)
[INFO] Finite filtering unavailable: permutations need closed objects at (); set additionalProperties: false; filtering generation before value-path traversal
[INFO] Coalescing path $.affinity
[INFO] Coalescing path $.architecture
[INFO] Coalescing path $.automountServiceAccountToken
[INFO] Coalescing path $.clusterDomain
[INFO] Coalescing path $.commonAnnotations
[INFO] Coalescing path $.commonLabels
[INFO] Coalescing path $.containerSecurityContext
[INFO] Coalescing path $.customLivenessProbe
[INFO] Coalescing path $.customReadinessProbe
[INFO] Coalescing path $.customStartupProbe
[INFO] Coalescing path $.enableServiceLinks
[INFO] Coalescing path $.extraDeploy
[INFO] Coalescing path $.extraEnvVars
[INFO] Coalescing path $.extraEnvVarsCM
[INFO] Coalescing path $.extraEnvVarsSecret
[INFO] Coalescing path $.extraVolumeMounts
[INFO] Coalescing path $.extraVolumes
[INFO] Coalescing path $.global
[INFO] Coalescing path $.hostAliases
[INFO] Coalescing path $.hostNetwork
[INFO] Coalescing path $.image
[INFO] Coalescing path $.initContainers
[INFO] Coalescing path $.lifecycleHooks
[INFO] Coalescing path $.nodeSelector
[INFO] Coalescing path $.persistence
[INFO] Coalescing path $.podAffinityPreset
[INFO] Coalescing path $.podAnnotations
[INFO] Coalescing path $.podAntiAffinityPreset
[INFO] Coalescing path $.podLabels
[INFO] Coalescing path $.podManagementPolicy
[INFO] Coalescing path $.podSecurityContext
[INFO] Coalescing path $.priorityClassName
[INFO] Coalescing path $.replicaCount
[INFO] Coalescing path $.resources
[INFO] Coalescing path $.schedulerName
[INFO] Coalescing path $.sidecars
[INFO] Coalescing path $.terminationGracePeriodSeconds
[INFO] Coalescing path $.tolerations
[INFO] Coalescing path $.topologySpreadConstraints
[INFO] Coalescing path $.updateStrategy
[INFO] Coalescing path $.auth.enabled
[INFO] Coalescing path $.auth.existingPasswordSecret
[INFO] Coalescing path $.auth.password
[INFO] Coalescing path $.auth.usePasswordFiles
[INFO] Coalescing path $.auth.username
[INFO] Coalescing path $.autoscaling.enabled
[INFO] Coalescing path $.autoscaling.maxReplicas
[INFO] Coalescing path $.autoscaling.minReplicas
[INFO] Coalescing path $.autoscaling.targetCPU
[INFO] Coalescing path $.autoscaling.targetMemory
[INFO] Coalescing path $.containerPorts.memcached
[INFO] Coalescing path $.containerSecurityContext.enabled
[INFO] Coalescing path $.containerSecurityContext.runAsUser
[INFO] Coalescing path $.diagnosticMode.args
[INFO] Coalescing path $.diagnosticMode.command
[INFO] Coalescing path $.diagnosticMode.enabled
[INFO] Coalescing path $.emptyDir.medium
[INFO] Coalescing path $.extraDeploy[*]
[INFO] Coalescing path $.image.debug
[INFO] Coalescing path $.image.pullPolicy
[INFO] Coalescing path $.metrics.containerSecurityContext
[INFO] Coalescing path $.metrics.customLivenessProbe
[INFO] Coalescing path $.metrics.customReadinessProbe
[INFO] Coalescing path $.metrics.customStartupProbe
[INFO] Coalescing path $.metrics.enabled
[INFO] Coalescing path $.metrics.extraVolumeMounts
[INFO] Coalescing path $.metrics.image
[INFO] Coalescing path $.metrics.podAnnotations
[INFO] Coalescing path $.metrics.resources
[INFO] Coalescing path $.networkPolicy.addExternalClientAccess
[INFO] Coalescing path $.networkPolicy.allowExternal
[INFO] Coalescing path $.networkPolicy.allowExternalEgress
[INFO] Coalescing path $.networkPolicy.enabled
[INFO] Coalescing path $.networkPolicy.extraEgress
[INFO] Coalescing path $.networkPolicy.extraIngress
[INFO] Coalescing path $.networkPolicy.ingressNSMatchLabels
[INFO] Coalescing path $.networkPolicy.ingressNSPodMatchLabels
[INFO] Coalescing path $.networkPolicy.ingressPodMatchLabels
[INFO] Coalescing path $.nodeAffinityPreset.key
[INFO] Coalescing path $.nodeAffinityPreset.type
[INFO] Coalescing path $.nodeAffinityPreset.values
[INFO] Coalescing path $.pdb.create
[INFO] Coalescing path $.pdb.maxUnavailable
[INFO] Coalescing path $.pdb.minAvailable
[INFO] Coalescing path $.persistence.accessModes
[INFO] Coalescing path $.persistence.annotations
[INFO] Coalescing path $.persistence.enabled
[INFO] Coalescing path $.persistence.labels
[INFO] Coalescing path $.persistence.selector
[INFO] Coalescing path $.persistence.size
[INFO] Coalescing path $.podSecurityContext.enabled
[INFO] Coalescing path $.podSecurityContext.fsGroup
[INFO] Coalescing path $.service.annotations
[INFO] Coalescing path $.service.clusterIP
[INFO] Coalescing path $.service.externalTrafficPolicy
[INFO] Coalescing path $.service.extraPorts
[INFO] Coalescing path $.service.loadBalancerIP
[INFO] Coalescing path $.service.loadBalancerSourceRanges
[INFO] Coalescing path $.service.sessionAffinity
[INFO] Coalescing path $.service.sessionAffinityConfig
[INFO] Coalescing path $.service.trafficDistribution
[INFO] Coalescing path $.service.type
[INFO] Coalescing path $.serviceAccount.annotations
[INFO] Coalescing path $.serviceAccount.automountServiceAccountToken
[INFO] Coalescing path $.serviceAccount.create
[INFO] Coalescing path $.volumePermissions.enabled
[INFO] Coalescing path $.volumePermissions.image
[INFO] Coalescing path $.volumePermissions.resources
[INFO] Coalescing path $.metrics.containerPorts.metrics
[INFO] Coalescing path $.metrics.containerSecurityContext.enabled
[INFO] Coalescing path $.metrics.image.pullPolicy
[INFO] Coalescing path $.metrics.service.annotations
[INFO] Coalescing path $.metrics.service.clusterIP
[INFO] Coalescing path $.metrics.service.sessionAffinity
[INFO] Coalescing path $.metrics.serviceMonitor.enabled
[INFO] Coalescing path $.metrics.serviceMonitor.honorLabels
[INFO] Coalescing path $.metrics.serviceMonitor.interval
[INFO] Coalescing path $.metrics.serviceMonitor.jobLabel
[INFO] Coalescing path $.metrics.serviceMonitor.labels
[INFO] Coalescing path $.metrics.serviceMonitor.metricRelabelings
[INFO] Coalescing path $.metrics.serviceMonitor.namespace
[INFO] Coalescing path $.metrics.serviceMonitor.podTargetLabels
[INFO] Coalescing path $.metrics.serviceMonitor.relabelings
[INFO] Coalescing path $.metrics.serviceMonitor.scrapeTimeout
[INFO] Coalescing path $.metrics.serviceMonitor.selector
[INFO] Coalescing path $.persistence.accessModes[*]
[INFO] Coalescing path $.service.nodePorts.memcached
[INFO] Coalescing path $.service.ports.memcached
[INFO] Coalescing path $.volumePermissions.containerSecurityContext.runAsUser
[INFO] Coalescing path $.volumePermissions.image.pullPolicy
[INFO] Coalescing path $.metrics.service.ports.metrics
[INFO] Discovered 285 unique value paths; random traversal, seed 0
[INFO] Testing path $.metrics.service.annotations["prometheus.io/scrape"] (1/285)
[INFO] Compiler input baseline: 122 statically named fields
[INFO] Render hashes (run-local): 100 observed, 1 unique, 99 duplicate bundles; 99 successful validations reused
[INFO] Testing path $.networkPolicy.allowExternal (2/285)
[INFO] Compiler input baseline: 122 statically named fields
[INFO] Render hashes (run-local): 2 observed, 2 unique, 0 duplicate bundles; 0 successful validations reused
[INFO] Testing path $.topologySpreadConstraints[*] (3/285)
[INFO] Compiler input baseline: 122 statically named fields
[INFO] Render hashes (run-local): 100 observed, 87 unique, 13 duplicate bundles; 13 successful validations reused
[INFO] Testing path $.initContainers (4/285)
[INFO] Compiler input baseline: 122 statically named fields
[INFO] Render hashes (run-local): 100 observed, 88 unique, 12 duplicate bundles; 12 successful validations reused
[INFO] Testing path $.containerPorts.memcached (5/285)
[INFO] Compiler input baseline: 122 statically named fields
[INFO] Render hashes (run-local): 100 observed, 100 unique, 0 duplicate bundles; 0 successful validations reused
[INFO] Testing path $.startupProbe.timeoutSeconds (6/285)
[INFO] Compiler input baseline: 122 statically named fields
[INFO] Render hashes (run-local): 100 observed, 1 unique, 99 duplicate bundles; 99 successful validations reused
[INFO] Testing path $.lifecycleHooks (7/285)
[INFO] Compiler input baseline: 122 statically named fields
[INFO] Render hashes (run-local): 100 observed, 98 unique, 2 duplicate bundles; 2 successful validations reused
[INFO] Testing path $.service.trafficDistribution (8/285)
[INFO] Compiler input baseline: 122 statically named fields
[INFO] Render hashes (run-local): 24 observed, 21 unique, 3 duplicate bundles; 3 successful validations reused
[INFO] Testing path $.metrics.startupProbe.failureThreshold (9/285)
[INFO] Compiler input baseline: 122 statically named fields
[INFO] Render hashes (run-local): 100 observed, 1 unique, 99 duplicate bundles; 99 successful validations reused
[INFO] Testing path $.image (10/285)
[INFO] Compiler input baseline: 122 statically named fields
[INFO] Render hashes (run-local): 23 observed, 8 unique, 15 duplicate bundles; 15 successful validations reused
[INFO] Testing path $.emptyDir.medium (11/285)
[INFO] Compiler input baseline: 122 statically named fields
[INFO] Render hashes (run-local): 100 observed, 1 unique, 99 duplicate bundles; 99 successful validations reused
[INFO] Testing path $.metrics.livenessProbe (12/285)
[INFO] Compiler input baseline: 122 statically named fields
[INFO] Render hashes (run-local): 100 observed, 1 unique, 99 duplicate bundles; 99 successful validations reused
[INFO] Testing path $.nodeAffinityPreset.values (13/285)
[INFO] Compiler input baseline: 122 statically named fields
[INFO] Render hashes (run-local): 100 observed, 1 unique, 99 duplicate bundles; 99 successful validations reused
[INFO] Testing path $.image.pullSecrets (14/285)
[INFO] Compiler input baseline: 122 statically named fields
[INFO] Render hashes (run-local): 50 observed, 18 unique, 32 duplicate bundles; 32 successful validations reused
[INFO] Testing path $.livenessProbe.periodSeconds (15/285)
[INFO] Compiler input baseline: 122 statically named fields
[INFO] Render hashes (run-local): 100 observed, 100 unique, 0 duplicate bundles; 0 successful validations reused
[INFO] Testing path $.nodeSelector (16/285)
[INFO] Compiler input baseline: 122 statically named fields
[INFO] Render hashes (run-local): 100 observed, 98 unique, 2 duplicate bundles; 2 successful validations reused
[INFO] Testing path $.networkPolicy.addExternalClientAccess (17/285)
[INFO] Compiler input baseline: 122 statically named fields
[INFO] Render hashes (run-local): 2 observed, 1 unique, 1 duplicate bundles; 1 successful validations reused
[INFO] Testing path $.pdb.maxUnavailable (18/285)
[INFO] Compiler input baseline: 122 statically named fields
[INFO] Render hashes (run-local): 24 observed, 21 unique, 3 duplicate bundles; 3 successful validations reused
[INFO] Testing path $.auth (19/285)
[INFO] Compiler input baseline: 122 statically named fields
[INFO] Render hashes (run-local): 4 observed, 1 unique, 3 duplicate bundles; 3 successful validations reused
[INFO] Testing path $.updateStrategy (20/285)
[INFO] Compiler input baseline: 122 statically named fields
[INFO] Render hashes (run-local): 100 observed, 95 unique, 5 duplicate bundles; 0 successful validations reused
[INFO] Testing path $.updateStrategy.rollingUpdate (21/285)
[INFO] Compiler input baseline: 122 statically named fields
[INFO] Execution stopped at the 8.40217s time limit; coverage is incomplete
[INFO] Render hashes (run-local): 43 observed, 43 unique, 0 duplicate bundles; 0 successful validations reused
[INFO] .: failed; testing 300.45s; dependency preparation 0.54s; 0 charts remain
