[INFO] Chart 1/1: .
[INFO] Preparing dependencies for . (excluded from testing budgets)
[INFO] Finite filtering unavailable: permutations need closed objects at (); set additionalProperties: false; filtering generation before value-path traversal
[INFO] Coalescing path $.affinity
[INFO] Coalescing path $.automountServiceAccountToken
[INFO] Coalescing path $.avroCompatibilityLevel
[INFO] Coalescing path $.clusterDomain
[INFO] Coalescing path $.commonAnnotations
[INFO] Coalescing path $.commonLabels
[INFO] Coalescing path $.configuration
[INFO] Coalescing path $.containerSecurityContext
[INFO] Coalescing path $.customLivenessProbe
[INFO] Coalescing path $.customReadinessProbe
[INFO] Coalescing path $.customStartupProbe
[INFO] Coalescing path $.existingConfigmap
[INFO] Coalescing path $.existingLog4jConfigMap
[INFO] Coalescing path $.extraDeploy
[INFO] Coalescing path $.extraEnvVars
[INFO] Coalescing path $.extraEnvVarsCM
[INFO] Coalescing path $.extraEnvVarsSecret
[INFO] Coalescing path $.extraVolumeMounts
[INFO] Coalescing path $.extraVolumes
[INFO] Coalescing path $.hostAliases
[INFO] Coalescing path $.httpRoutes
[INFO] Coalescing path $.image
[INFO] Coalescing path $.initContainers
[INFO] Coalescing path $.lifecycleHooks
[INFO] Coalescing path $.listeners
[INFO] Coalescing path $.log4j
[INFO] Coalescing path $.nodeSelector
[INFO] Coalescing path $.podAffinityPreset
[INFO] Coalescing path $.podAnnotations
[INFO] Coalescing path $.podAntiAffinityPreset
[INFO] Coalescing path $.podLabels
[INFO] Coalescing path $.podManagementPolicy
[INFO] Coalescing path $.podSecurityContext
[INFO] Coalescing path $.priorityClassName
[INFO] Coalescing path $.replicaCount
[INFO] Coalescing path $.resources
[INFO] Coalescing path $.schedulerName
[INFO] Coalescing path $.sidecars
[INFO] Coalescing path $.terminationGracePeriodSeconds
[INFO] Coalescing path $.tolerations
[INFO] Coalescing path $.topologySpreadConstraints
[INFO] Coalescing path $.updateStrategy
[INFO] Coalescing path $.usePasswordFiles
[INFO] Coalescing path $.userPasswordFiles
[INFO] Coalescing path $.autoscaling.customPodMetrics
[INFO] Coalescing path $.autoscaling.enabled
[INFO] Coalescing path $.autoscaling.maxReplicas
[INFO] Coalescing path $.autoscaling.minReplicas
[INFO] Coalescing path $.autoscaling.targetCPU
[INFO] Coalescing path $.autoscaling.targetMemory
[INFO] Coalescing path $.containerSecurityContext.enabled
[INFO] Coalescing path $.diagnosticMode.args
[INFO] Coalescing path $.diagnosticMode.command
[INFO] Coalescing path $.diagnosticMode.enabled
[INFO] Coalescing path $.externalKafka.brokers
[INFO] Coalescing path $.extraDeploy[*]
[INFO] Coalescing path $.image.debug
[INFO] Coalescing path $.image.pullPolicy
[INFO] Coalescing path $.ingress.annotations
[INFO] Coalescing path $.ingress.enabled
[INFO] Coalescing path $.ingress.extraHosts
[INFO] Coalescing path $.ingress.extraPaths
[INFO] Coalescing path $.ingress.extraRules
[INFO] Coalescing path $.ingress.extraTls
[INFO] Coalescing path $.ingress.hostname
[INFO] Coalescing path $.ingress.ingressClassName
[INFO] Coalescing path $.ingress.path
[INFO] Coalescing path $.ingress.pathType
[INFO] Coalescing path $.ingress.secrets
[INFO] Coalescing path $.ingress.selfSigned
[INFO] Coalescing path $.ingress.tls
[INFO] Coalescing path $.kafka.enabled
[INFO] Coalescing path $.networkPolicy.allowExternal
[INFO] Coalescing path $.networkPolicy.allowExternalEgress
[INFO] Coalescing path $.networkPolicy.enabled
[INFO] Coalescing path $.networkPolicy.extraEgress
[INFO] Coalescing path $.networkPolicy.extraIngress
[INFO] Coalescing path $.networkPolicy.ingressNSMatchLabels
[INFO] Coalescing path $.networkPolicy.ingressNSPodMatchLabels
[INFO] Coalescing path $.nodeAffinityPreset.key
[INFO] Coalescing path $.nodeAffinityPreset.type
[INFO] Coalescing path $.nodeAffinityPreset.values
[INFO] Coalescing path $.pdb.create
[INFO] Coalescing path $.pdb.maxUnavailable
[INFO] Coalescing path $.pdb.minAvailable
[INFO] Coalescing path $.podSecurityContext.enabled
[INFO] Coalescing path $.service.annotations
[INFO] Coalescing path $.service.clusterIP
[INFO] Coalescing path $.service.externalTrafficPolicy
[INFO] Coalescing path $.service.extraPorts
[INFO] Coalescing path $.service.labels
[INFO] Coalescing path $.service.loadBalancerIP
[INFO] Coalescing path $.service.loadBalancerSourceRanges
[INFO] Coalescing path $.service.nodePort
[INFO] Coalescing path $.service.port
[INFO] Coalescing path $.service.sessionAffinity
[INFO] Coalescing path $.service.sessionAffinityConfig
[INFO] Coalescing path $.service.type
[INFO] Coalescing path $.serviceAccount.annotations
[INFO] Coalescing path $.serviceAccount.automountServiceAccountToken
[INFO] Coalescing path $.serviceAccount.create
[INFO] Coalescing path $.auth.kafka.jksSecret
[INFO] Coalescing path $.auth.kafka.keystorePassword
[INFO] Coalescing path $.auth.kafka.saslMechanism
[INFO] Coalescing path $.auth.kafka.tlsEndpointIdentificationAlgorithm
[INFO] Coalescing path $.auth.kafka.truststorePassword
[INFO] Coalescing path $.auth.tls.clientAuthentication
[INFO] Coalescing path $.auth.tls.enabled
[INFO] Coalescing path $.auth.tls.jksSecret
[INFO] Coalescing path $.auth.tls.keystorePassword
[INFO] Coalescing path $.auth.tls.truststorePassword
[INFO] Coalescing path $.externalKafka.listener.protocol
[INFO] Coalescing path $.externalKafka.sasl.existingSecret
[INFO] Coalescing path $.externalKafka.sasl.user
[INFO] Coalescing path $.httpRoutes[*].annotations
[INFO] Coalescing path $.httpRoutes[*].enabled
[INFO] Coalescing path $.httpRoutes[*].filters
[INFO] Coalescing path $.httpRoutes[*].gatewayParentRefs
[INFO] Coalescing path $.httpRoutes[*].hostnames
[INFO] Coalescing path $.httpRoutes[*].labels
[INFO] Coalescing path $.httpRoutes[*].matches
[INFO] Coalescing path $.httpRoutes[*].name
[INFO] Coalescing path $.httpRoutes[*].nameOverride
[INFO] Coalescing path $.httpRoutes[*].shouldRouteToService
[INFO] Coalescing path $.httpRoutes[*].shouldStripPath
[INFO] Coalescing path $.httpRoutes[*].timeouts
[INFO] Coalescing path $.kafka.broker.replicaCount
[INFO] Coalescing path $.kafka.controller.controllerOnly
[INFO] Coalescing path $.kafka.controller.replicaCount
[INFO] Coalescing path $.networkPolicy.ingressNSMatchLabels[*]
[INFO] Coalescing path $.networkPolicy.ingressNSPodMatchLabels[*]
[INFO] Coalescing path $.service.headless.annotations
[INFO] Coalescing path $.service.nodePorts.http
[INFO] Coalescing path $.service.ports.http
[INFO] Coalescing path $.autoscaling.customPodMetrics[*].averageValue
[INFO] Coalescing path $.autoscaling.customPodMetrics[*].name
[INFO] Coalescing path $.ingress.extraHosts[*].name
[INFO] Coalescing path $.ingress.extraHosts[*].path
[INFO] Coalescing path $.ingress.secrets[*].certificate
[INFO] Coalescing path $.ingress.secrets[*].key
[INFO] Coalescing path $.ingress.secrets[*].name
[INFO] Coalescing path $.kafka.listeners.client.protocol
[INFO] Coalescing path $.kafka.sasl.client.users
[INFO] Coalescing path $.kafka.service.ports.client
[INFO] Coalescing path $.httpRoutes[*].gatewayParentRefs[*].name
[INFO] Coalescing path $.httpRoutes[*].gatewayParentRefs[*].namespace
[INFO] Coalescing path $.httpRoutes[*].gatewayParentRefs[*].sectionName
[INFO] Discovered 243 unique value paths; random traversal, seed 0
[INFO] Testing path $.networkPolicy.allowExternal (1/243)
[INFO] Compiler input baseline: 119 statically named fields
[INFO] Render hashes (run-local): 2 observed, 2 unique, 0 duplicate bundles; 0 successful validations reused
[INFO] Testing path $.initContainers (2/243)
[INFO] Compiler input baseline: 119 statically named fields
[INFO] Render hashes (run-local): 100 observed, 100 unique, 0 duplicate bundles; 0 successful validations reused
[INFO] Testing path $.startupProbe.timeoutSeconds (3/243)
[INFO] Compiler input baseline: 119 statically named fields
[INFO] Render hashes (run-local): 100 observed, 100 unique, 0 duplicate bundles; 0 successful validations reused
[INFO] Testing path $.lifecycleHooks (4/243)
[INFO] Compiler input baseline: 119 statically named fields
[INFO] Render hashes (run-local): 100 observed, 100 unique, 0 duplicate bundles; 0 successful validations reused
[INFO] Testing path $.autoscaling.customPodMetrics (5/243)
[INFO] Compiler input baseline: 119 statically named fields
[INFO] Render hashes (run-local): 100 observed, 100 unique, 0 duplicate bundles; 0 successful validations reused
[INFO] Testing path $.ingress.secrets (6/243)
[INFO] Compiler input baseline: 119 statically named fields
[INFO] Render hashes (run-local): 100 observed, 100 unique, 0 duplicate bundles; 0 successful validations reused
[INFO] Testing path $.auth.kafka.jksSecret (7/243)
[INFO] Compiler input baseline: 119 statically named fields
[INFO] Render hashes (run-local): 100 observed, 100 unique, 0 duplicate bundles; 0 successful validations reused
[INFO] Testing path $.image (8/243)
[INFO] Compiler input baseline: 119 statically named fields
[INFO] Render hashes (run-local): 22 observed, 22 unique, 0 duplicate bundles; 0 successful validations reused
[INFO] Testing path $.nodeAffinityPreset.values (9/243)
[INFO] Compiler input baseline: 119 statically named fields
[INFO] Render hashes (run-local): 100 observed, 100 unique, 0 duplicate bundles; 0 successful validations reused
[INFO] Testing path $.ingress.selfSigned (10/243)
[INFO] Compiler input baseline: 119 statically named fields
[INFO] Render hashes (run-local): 2 observed, 2 unique, 0 duplicate bundles; 0 successful validations reused
[INFO] Testing path $.image.pullSecrets (11/243)
[INFO] Compiler input baseline: 119 statically named fields
[INFO] Render hashes (run-local): 33 observed, 33 unique, 0 duplicate bundles; 0 successful validations reused
[INFO] Testing path $.livenessProbe.periodSeconds (12/243)
[INFO] Compiler input baseline: 119 statically named fields
[INFO] Render hashes (run-local): 100 observed, 100 unique, 0 duplicate bundles; 0 successful validations reused
[INFO] Testing path $.nodeSelector (13/243)
[INFO] Compiler input baseline: 119 statically named fields
[INFO] Render hashes (run-local): 100 observed, 100 unique, 0 duplicate bundles; 0 successful validations reused
[INFO] Testing path $.service.port (14/243)
[INFO] Compiler input baseline: 119 statically named fields
[INFO] Render hashes (run-local): 100 observed, 100 unique, 0 duplicate bundles; 0 successful validations reused
[INFO] Testing path $.pdb.maxUnavailable (15/243)
[INFO] Compiler input baseline: 119 statically named fields
[INFO] Execution stopped at the 7.95719s time limit; coverage is incomplete
[INFO] Render hashes (run-local): 20 observed, 20 unique, 0 duplicate bundles; 0 successful validations reused
[INFO] .: failed; testing 300.41s; dependency preparation 0.85s; 0 charts remain
