[INFO] Chart 1/1: .
[INFO] Preparing dependencies for . (excluded from testing budgets)
[INFO] Finite filtering unavailable: permutations need closed objects at (); set additionalProperties: false; filtering generation before value-path traversal
[INFO] Coalescing path $.affinity
[INFO] Coalescing path $.automountServiceAccountToken
[INFO] Coalescing path $.clusterDomain
[INFO] Coalescing path $.commonAnnotations
[INFO] Coalescing path $.commonLabels
[INFO] Coalescing path $.containerSecurityContext
[INFO] Coalescing path $.customLivenessProbe
[INFO] Coalescing path $.customReadinessProbe
[INFO] Coalescing path $.customStartupProbe
[INFO] Coalescing path $.existingConfiguration
[INFO] Coalescing path $.extraContainerPorts
[INFO] Coalescing path $.extraDeploy
[INFO] Coalescing path $.extraEnvVars
[INFO] Coalescing path $.extraEnvVarsCM
[INFO] Coalescing path $.extraEnvVarsSecret
[INFO] Coalescing path $.extraVolumeMounts
[INFO] Coalescing path $.extraVolumes
[INFO] Coalescing path $.hostAliases
[INFO] Coalescing path $.hostNetwork
[INFO] Coalescing path $.image
[INFO] Coalescing path $.initContainers
[INFO] Coalescing path $.initDBConfigMap
[INFO] Coalescing path $.initDBSecret
[INFO] Coalescing path $.lifecycleHooks
[INFO] Coalescing path $.nodeSelector
[INFO] Coalescing path $.podAffinityPreset
[INFO] Coalescing path $.podAnnotations
[INFO] Coalescing path $.podAntiAffinityPreset
[INFO] Coalescing path $.podLabels
[INFO] Coalescing path $.podManagementPolicy
[INFO] Coalescing path $.podSecurityContext
[INFO] Coalescing path $.priorityClassName
[INFO] Coalescing path $.replicaCount
[INFO] Coalescing path $.resources
[INFO] Coalescing path $.schedulerName
[INFO] Coalescing path $.sidecars
[INFO] Coalescing path $.statefulsetAnnotations
[INFO] Coalescing path $.statefulsetLabels
[INFO] Coalescing path $.terminationGracePeriodSeconds
[INFO] Coalescing path $.tolerations
[INFO] Coalescing path $.topologySpreadConstraints
[INFO] Coalescing path $.updateStrategy
[INFO] Coalescing path $.usePasswordFiles
[INFO] Coalescing path $.cluster.datacenter
[INFO] Coalescing path $.cluster.enableUDF
[INFO] Coalescing path $.cluster.endpointSnitch
[INFO] Coalescing path $.cluster.name
[INFO] Coalescing path $.cluster.numTokens
[INFO] Coalescing path $.cluster.rack
[INFO] Coalescing path $.containerPorts.api
[INFO] Coalescing path $.containerPorts.cql
[INFO] Coalescing path $.containerPorts.cqlShard
[INFO] Coalescing path $.containerPorts.intra
[INFO] Coalescing path $.containerPorts.jmx
[INFO] Coalescing path $.containerPorts.metrics
[INFO] Coalescing path $.containerPorts.tls
[INFO] Coalescing path $.containerSecurityContext.enabled
[INFO] Coalescing path $.dbUser.existingSecret
[INFO] Coalescing path $.dbUser.forcePassword
[INFO] Coalescing path $.dbUser.password
[INFO] Coalescing path $.dbUser.user
[INFO] Coalescing path $.diagnosticMode.args
[INFO] Coalescing path $.diagnosticMode.command
[INFO] Coalescing path $.diagnosticMode.enabled
[INFO] Coalescing path $.extraDeploy[*]
[INFO] Coalescing path $.image.debug
[INFO] Coalescing path $.image.pullPolicy
[INFO] Coalescing path $.jmxProxy.containerSecurityContext
[INFO] Coalescing path $.jmxProxy.customLivenessProbe
[INFO] Coalescing path $.jmxProxy.customReadinessProbe
[INFO] Coalescing path $.jmxProxy.customStartupProbe
[INFO] Coalescing path $.jmxProxy.enabled
[INFO] Coalescing path $.jmxProxy.extraContainerPorts
[INFO] Coalescing path $.jmxProxy.extraEnvVars
[INFO] Coalescing path $.jmxProxy.extraEnvVarsCM
[INFO] Coalescing path $.jmxProxy.extraEnvVarsSecret
[INFO] Coalescing path $.jmxProxy.extraVolumeMounts
[INFO] Coalescing path $.jmxProxy.lifecycleHooks
[INFO] Coalescing path $.jmxProxy.resources
[INFO] Coalescing path $.jvm.extraOpts
[INFO] Coalescing path $.jvm.maxHeapSize
[INFO] Coalescing path $.jvm.newHeapSize
[INFO] Coalescing path $.metrics.enabled
[INFO] Coalescing path $.metrics.podAnnotations
[INFO] Coalescing path $.networkPolicy.allowExternal
[INFO] Coalescing path $.networkPolicy.allowExternalEgress
[INFO] Coalescing path $.networkPolicy.enabled
[INFO] Coalescing path $.networkPolicy.extraEgress
[INFO] Coalescing path $.networkPolicy.extraIngress
[INFO] Coalescing path $.networkPolicy.ingressNSMatchLabels
[INFO] Coalescing path $.networkPolicy.ingressNSPodMatchLabels
[INFO] Coalescing path $.nodeAffinityPreset.key
[INFO] Coalescing path $.nodeAffinityPreset.type
[INFO] Coalescing path $.nodeAffinityPreset.values
[INFO] Coalescing path $.pdb.create
[INFO] Coalescing path $.pdb.maxUnavailable
[INFO] Coalescing path $.pdb.minAvailable
[INFO] Coalescing path $.persistence.enabled
[INFO] Coalescing path $.persistence.existingClaim
[INFO] Coalescing path $.persistence.mountPath
[INFO] Coalescing path $.podSecurityContext.enabled
[INFO] Coalescing path $.service.annotations
[INFO] Coalescing path $.service.clusterIP
[INFO] Coalescing path $.service.externalTrafficPolicy
[INFO] Coalescing path $.service.extraPorts
[INFO] Coalescing path $.service.loadBalancerIP
[INFO] Coalescing path $.service.loadBalancerSourceRanges
[INFO] Coalescing path $.service.sessionAffinity
[INFO] Coalescing path $.service.sessionAffinityConfig
[INFO] Coalescing path $.service.type
[INFO] Coalescing path $.serviceAccount.annotations
[INFO] Coalescing path $.serviceAccount.automountServiceAccountToken
[INFO] Coalescing path $.serviceAccount.create
[INFO] Coalescing path $.sysctl.enabled
[INFO] Coalescing path $.sysctl.image
[INFO] Coalescing path $.sysctl.resources
[INFO] Coalescing path $.sysctl.sysctls
[INFO] Coalescing path $.tls.clientEncryption
[INFO] Coalescing path $.volumePermissions.enabled
[INFO] Coalescing path $.volumePermissions.image
[INFO] Coalescing path $.volumePermissions.resources
[INFO] Coalescing path $.volumePermissions.securityContext
[INFO] Coalescing path $.autoscaling.hpa.annotations
[INFO] Coalescing path $.autoscaling.hpa.behavior
[INFO] Coalescing path $.autoscaling.hpa.customRules
[INFO] Coalescing path $.autoscaling.hpa.enabled
[INFO] Coalescing path $.autoscaling.hpa.maxReplicas
[INFO] Coalescing path $.autoscaling.hpa.minReplicas
[INFO] Coalescing path $.autoscaling.hpa.targetCPUUtilizationPercentage
[INFO] Coalescing path $.autoscaling.hpa.targetMemoryUtilizationPercentage
[INFO] Coalescing path $.autoscaling.vpa.annotations
[INFO] Coalescing path $.autoscaling.vpa.controlledResources
[INFO] Coalescing path $.autoscaling.vpa.enabled
[INFO] Coalescing path $.autoscaling.vpa.maxAllowed
[INFO] Coalescing path $.autoscaling.vpa.minAllowed
[INFO] Coalescing path $.autoscaling.vpa.updatePolicy
[INFO] Coalescing path $.extraContainerPorts[*].containerPort
[INFO] Coalescing path $.jmxProxy.containerSecurityContext.enabled
[INFO] Coalescing path $.metrics.serviceMonitor.enabled
[INFO] Coalescing path $.metrics.serviceMonitor.honorLabels
[INFO] Coalescing path $.metrics.serviceMonitor.interval
[INFO] Coalescing path $.metrics.serviceMonitor.jobLabel
[INFO] Coalescing path $.metrics.serviceMonitor.labels
[INFO] Coalescing path $.metrics.serviceMonitor.metricRelabelings
[INFO] Coalescing path $.metrics.serviceMonitor.namespace
[INFO] Coalescing path $.metrics.serviceMonitor.relabelings
[INFO] Coalescing path $.metrics.serviceMonitor.scrapeTimeout
[INFO] Coalescing path $.metrics.serviceMonitor.selector
[INFO] Coalescing path $.networkPolicy.ingressNSMatchLabels[*]
[INFO] Coalescing path $.networkPolicy.ingressNSPodMatchLabels[*]
[INFO] Coalescing path $.persistence.commitLog.mountPath
[INFO] Coalescing path $.service.headless.annotations
[INFO] Coalescing path $.service.internal.annotations
[INFO] Coalescing path $.service.internal.enabled
[INFO] Coalescing path $.service.internal.extraPorts
[INFO] Coalescing path $.service.nodePorts.cql
[INFO] Coalescing path $.service.nodePorts.cqlShard
[INFO] Coalescing path $.service.nodePorts.metrics
[INFO] Coalescing path $.service.ports.cql
[INFO] Coalescing path $.service.ports.cqlShard
[INFO] Coalescing path $.service.ports.metrics
[INFO] Coalescing path $.sysctl.image.pullPolicy
[INFO] Coalescing path $.sysctl.sysctls[*]
[INFO] Coalescing path $.tls.autoGenerated.enabled
[INFO] Coalescing path $.tls.autoGenerated.engine
[INFO] Coalescing path $.volumePermissions.image.pullPolicy
[INFO] Coalescing path $.volumePermissions.securityContext.runAsUser
[INFO] Coalescing path $.autoscaling.vpa.updatePolicy.updateMode
[INFO] Coalescing path $.jmxProxy.extraContainerPorts[*].containerPort
[INFO] Coalescing path $.tls.autoGenerated.certManager.duration
[INFO] Coalescing path $.tls.autoGenerated.certManager.existingIssuer
[INFO] Coalescing path $.tls.autoGenerated.certManager.existingIssuerKind
[INFO] Coalescing path $.tls.autoGenerated.certManager.keyAlgorithm
[INFO] Coalescing path $.tls.autoGenerated.certManager.keySize
[INFO] Coalescing path $.tls.autoGenerated.certManager.renewBefore
[INFO] Discovered 376 unique value paths; random traversal, seed 0
[INFO] Testing path $.networkPolicy.allowExternal (1/376)
[INFO] Compiler input baseline: 161 statically named fields
[INFO] Render hashes (run-local): 2 observed, 2 unique, 0 duplicate bundles; 0 successful validations reused
[INFO] Testing path $.topologySpreadConstraints[*] (2/376)
[INFO] Compiler input baseline: 161 statically named fields
[INFO] Render hashes (run-local): 100 observed, 100 unique, 0 duplicate bundles; 0 successful validations reused
[INFO] Testing path $.jmxProxy.livenessProbe.periodSeconds (3/376)
[INFO] Compiler input baseline: 161 statically named fields
[INFO] Render hashes (run-local): 100 observed, 100 unique, 0 duplicate bundles; 0 successful validations reused
[INFO] Testing path $.service.internal.enabled (4/376)
[INFO] Compiler input baseline: 161 statically named fields
[INFO] Render hashes (run-local): 2 observed, 2 unique, 0 duplicate bundles; 0 successful validations reused
[INFO] Testing path $.initContainers (5/376)
[INFO] Compiler input baseline: 161 statically named fields
[INFO] Render hashes (run-local): 100 observed, 100 unique, 0 duplicate bundles; 0 successful validations reused
[INFO] Testing path $.tls.autoGenerated.certManager.existingIssuer (6/376)
[INFO] Compiler input baseline: 161 statically named fields
[INFO] Render hashes (run-local): 100 observed, 100 unique, 0 duplicate bundles; 0 successful validations reused
[INFO] Testing path $.startupProbe.timeoutSeconds (7/376)
[INFO] Compiler input baseline: 161 statically named fields
[INFO] Render hashes (run-local): 100 observed, 100 unique, 0 duplicate bundles; 0 successful validations reused
[INFO] Testing path $.persistence.existingClaim (8/376)
[INFO] Compiler input baseline: 161 statically named fields
[INFO] Render hashes (run-local): 24 observed, 24 unique, 0 duplicate bundles; 0 successful validations reused
[INFO] Testing path $.lifecycleHooks (9/376)
[INFO] Compiler input baseline: 161 statically named fields
[INFO] Render hashes (run-local): 100 observed, 100 unique, 0 duplicate bundles; 0 successful validations reused
[INFO] Testing path $.jmxProxy.extraVolumeMounts (10/376)
[INFO] Compiler input baseline: 161 statically named fields
[INFO] Render hashes (run-local): 100 observed, 100 unique, 0 duplicate bundles; 0 successful validations reused
[INFO] Testing path $.service.internal (11/376)
[INFO] Compiler input baseline: 161 statically named fields
[INFO] Render hashes (run-local): 9 observed, 9 unique, 0 duplicate bundles; 0 successful validations reused
[INFO] Testing path $.image (12/376)
[INFO] Compiler input baseline: 161 statically named fields
[INFO] Render hashes (run-local): 23 observed, 23 unique, 0 duplicate bundles; 0 successful validations reused
[INFO] Testing path $.service.nodePorts.cql (13/376)
[INFO] Compiler input baseline: 161 statically named fields
[INFO] Render hashes (run-local): 100 observed, 100 unique, 0 duplicate bundles; 0 successful validations reused
[INFO] Testing path $.nodeAffinityPreset.values (14/376)
[INFO] Compiler input baseline: 161 statically named fields
[INFO] Render hashes (run-local): 100 observed, 100 unique, 0 duplicate bundles; 0 successful validations reused
[INFO] Testing path $.autoscaling.hpa.enabled (15/376)
[INFO] Compiler input baseline: 161 statically named fields
[INFO] Render hashes (run-local): 2 observed, 2 unique, 0 duplicate bundles; 0 successful validations reused
[INFO] Testing path $.image.pullSecrets (16/376)
[INFO] Compiler input baseline: 161 statically named fields
[INFO] Render hashes (run-local): 50 observed, 50 unique, 0 duplicate bundles; 0 successful validations reused
[INFO] Testing path $.jmxProxy.readinessProbe.failureThreshold (17/376)
[INFO] Compiler input baseline: 161 statically named fields
[INFO] Render hashes (run-local): 100 observed, 100 unique, 0 duplicate bundles; 0 successful validations reused
[INFO] Testing path $.jmxProxy.args[*] (18/376)
[INFO] Compiler input baseline: 161 statically named fields
[INFO] Execution stopped at the 18.5393s time limit; coverage is incomplete
[INFO] Render hashes (run-local): 78 observed, 78 unique, 0 duplicate bundles; 0 successful validations reused
[INFO] .: failed; testing 300.64s; dependency preparation 0.51s; 0 charts remain
