[INFO] Auditing path $.affinity
[INFO] Auditing path $.annotations
[INFO] Auditing path $.customLabels
[INFO] Auditing path $.dnsConfig
[INFO] Auditing path $.env[*]
[INFO] Auditing path $.env
[INFO] Auditing path $.existingSecret.key
[INFO] Auditing path $.existingSecret.name
[INFO] Auditing path $.existingSecret
[INFO] Auditing path $.extraArgs
[INFO] Auditing path $.fullnameOverride
[INFO] Auditing path $.hostAliases
[INFO] Auditing path $.image.pullPolicy
[INFO] Auditing path $.image.repository
[INFO] Auditing path $.image.tag
[INFO] Auditing path $.image
[INFO] Auditing path $.imagePullSecrets
[INFO] Auditing path $.livenessProbe.httpGet
[INFO] Auditing path $.livenessProbe.httpGet.path
[INFO] Auditing path $.livenessProbe.httpGet.port
[INFO] Auditing path $.livenessProbe.initialDelaySeconds
[INFO] Auditing path $.livenessProbe
[INFO] Auditing path $.mongodb.uri
[INFO] Auditing path $.mongodb
[INFO] Auditing path $.nameOverride
[INFO] Auditing path $.nodeSelector
[INFO] Auditing path $.podAnnotations
[INFO] Auditing path $.podLabels
[INFO] Auditing path $.podSecurityContext
[INFO] Auditing path $.port
[INFO] Auditing path $.priorityClassName
[INFO] Auditing path $.readinessProbe.httpGet
[INFO] Auditing path $.readinessProbe.httpGet.path
[INFO] Auditing path $.readinessProbe.httpGet.port
[INFO] Auditing path $.readinessProbe.initialDelaySeconds
[INFO] Auditing path $.readinessProbe
[INFO] Auditing path $.replicas
[INFO] Auditing path $.resources
[INFO] Auditing path $.securityContext.allowPrivilegeEscalation
[INFO] Auditing path $.securityContext.capabilities
[INFO] Auditing path $.securityContext.capabilities.drop
[INFO] Auditing path $.securityContext.readOnlyRootFilesystem
[INFO] Auditing path $.securityContext.runAsGroup
[INFO] Auditing path $.securityContext.runAsNonRoot
[INFO] Auditing path $.securityContext.runAsUser
[INFO] Auditing path $.securityContext
[INFO] Auditing path $.service.annotations
[INFO] Auditing path $.service.labels
[INFO] Auditing path $.service.port
[INFO] Auditing path $.service.portName
[INFO] Auditing path $.service.type
[INFO] Auditing path $.service
[INFO] Auditing path $.serviceAccount.create
[INFO] Auditing path $.serviceAccount.name
[INFO] Auditing path $.serviceAccount
[INFO] Auditing path $.serviceMonitor.additionalLabels
[INFO] Auditing path $.serviceMonitor.additionalLabels[*]
[INFO] Auditing path $.serviceMonitor.apiVersion
[INFO] Auditing path $.serviceMonitor.enabled
[INFO] Auditing path $.serviceMonitor.interval
[INFO] Auditing path $.serviceMonitor.metricRelabelings
[INFO] Auditing path $.serviceMonitor.multiTarget
[INFO] Auditing path $.serviceMonitor.multiTarget.enabled
[INFO] Auditing path $.serviceMonitor.multiTarget.password
[INFO] Auditing path $.serviceMonitor.multiTarget.password.existingSecret
[INFO] Auditing path $.serviceMonitor.multiTarget.password.existingSecret.key
[INFO] Auditing path $.serviceMonitor.multiTarget.password.existingSecret.name
[INFO] Auditing path $.serviceMonitor.multiTarget.password.value
[INFO] Auditing path $.serviceMonitor.multiTarget.targets
[INFO] Auditing path $.serviceMonitor.multiTarget.targets[*].interval
[INFO] Auditing path $.serviceMonitor.multiTarget.targets[*].metricRelabelings
[INFO] Auditing path $.serviceMonitor.multiTarget.targets[*].name
[INFO] Auditing path $.serviceMonitor.multiTarget.targets[*].scrapeTimeout
[INFO] Auditing path $.serviceMonitor.multiTarget.targets[*].uri
[INFO] Auditing path $.serviceMonitor.multiTarget.username
[INFO] Auditing path $.serviceMonitor.namespace
[INFO] Auditing path $.serviceMonitor.scheme
[INFO] Auditing path $.serviceMonitor.scrapeTimeout
[INFO] Auditing path $.serviceMonitor.targetLabels
[INFO] Auditing path $.serviceMonitor.targetLabels[*]
[INFO] Auditing path $.serviceMonitor.telemetryPath
[INFO] Auditing path $.serviceMonitor.tlsConfig
[INFO] Auditing path $.serviceMonitor
[INFO] Auditing path $.tolerations
[INFO] Auditing path $.volumeMounts
[INFO] Auditing path $.volumes
