[INFO] Auditing path $.clusterDomain
[INFO] Auditing path $.commonAnnotations
[INFO] Auditing path $.commonLabels
[INFO] Auditing path $.diagnosticMode.args
[INFO] Auditing path $.diagnosticMode.command
[INFO] Auditing path $.diagnosticMode.enabled
[INFO] Auditing path $.diagnosticMode
[INFO] Auditing path $.extraDeploy[*]
[INFO] Auditing path $.extraDeploy
[INFO] Auditing path $.fullnameOverride
[INFO] Auditing path $.global.compatibility
[INFO] Auditing path $.global.compatibility.openshift
[INFO] Auditing path $.global.compatibility.openshift.adaptSecurityContext
[INFO] Auditing path $.global.defaultStorageClass
[INFO] Auditing path $.global.imagePullSecrets
[INFO] Auditing path $.global.imageRegistry
[INFO] Auditing path $.global.security
[INFO] Auditing path $.global.security.allowInsecureImages
[INFO] Auditing path $.global.storageClass
[INFO] Auditing path $.global
[INFO] Auditing path $.helmController.affinity
[INFO] Auditing path $.helmController.args
[INFO] Auditing path $.helmController.automountServiceAccountToken
[INFO] Auditing path $.helmController.autoscaling
[INFO] Auditing path $.helmController.autoscaling.enabled
[INFO] Auditing path $.helmController.autoscaling.maxReplicas
[INFO] Auditing path $.helmController.autoscaling.minReplicas
[INFO] Auditing path $.helmController.autoscaling.targetCPU
[INFO] Auditing path $.helmController.autoscaling.targetMemory
[INFO] Auditing path $.helmController.command
[INFO] Auditing path $.helmController.containerPorts
[INFO] Auditing path $.helmController.containerPorts.health
[INFO] Auditing path $.helmController.containerPorts.metrics
[INFO] Auditing path $.helmController.containerSecurityContext
[INFO] Auditing path $.helmController.containerSecurityContext.allowPrivilegeEscalation
[INFO] Auditing path $.helmController.containerSecurityContext.capabilities
[INFO] Auditing path $.helmController.containerSecurityContext.capabilities.drop
[INFO] Auditing path $.helmController.containerSecurityContext.enabled
[INFO] Auditing path $.helmController.containerSecurityContext.privileged
[INFO] Auditing path $.helmController.containerSecurityContext.readOnlyRootFilesystem
[INFO] Auditing path $.helmController.containerSecurityContext.runAsGroup
[INFO] Auditing path $.helmController.containerSecurityContext.runAsNonRoot
[INFO] Auditing path $.helmController.containerSecurityContext.runAsUser
[INFO] Auditing path $.helmController.containerSecurityContext.seLinuxOptions
[INFO] Auditing path $.helmController.containerSecurityContext.seccompProfile
[INFO] Auditing path $.helmController.containerSecurityContext.seccompProfile.type
[INFO] Auditing path $.helmController.customLivenessProbe
[INFO] Auditing path $.helmController.customReadinessProbe
[INFO] Auditing path $.helmController.customStartupProbe
[INFO] Auditing path $.helmController.enabled
[INFO] Auditing path $.helmController.extraEnvVars
[INFO] Auditing path $.helmController.extraEnvVarsCM
[INFO] Auditing path $.helmController.extraEnvVarsSecret
[INFO] Auditing path $.helmController.extraVolumeMounts
[INFO] Auditing path $.helmController.extraVolumes
[INFO] Auditing path $.helmController.hostAliases
[INFO] Auditing path $.helmController.image
[INFO] Auditing path $.helmController.image.debug
[INFO] Auditing path $.helmController.image.digest
[INFO] Auditing path $.helmController.image.pullPolicy
[INFO] Auditing path $.helmController.image.pullSecrets
[INFO] Auditing path $.helmController.image.registry
[INFO] Auditing path $.helmController.image.repository
[INFO] Auditing path $.helmController.image.tag
[INFO] Auditing path $.helmController.initContainers
[INFO] Auditing path $.helmController.installCRDs
[INFO] Auditing path $.helmController.lifecycleHooks
[INFO] Auditing path $.helmController.livenessProbe
[INFO] Auditing path $.helmController.livenessProbe.enabled
[INFO] Auditing path $.helmController.livenessProbe.failureThreshold
[INFO] Auditing path $.helmController.livenessProbe.initialDelaySeconds
[INFO] Auditing path $.helmController.livenessProbe.periodSeconds
[INFO] Auditing path $.helmController.livenessProbe.successThreshold
[INFO] Auditing path $.helmController.livenessProbe.timeoutSeconds
[INFO] Auditing path $.helmController.metrics
[INFO] Auditing path $.helmController.metrics.enabled
[INFO] Auditing path $.helmController.metrics.service
[INFO] Auditing path $.helmController.metrics.service.annotations
[INFO] Auditing path $.helmController.metrics.service.annotations["prometheus.io/port"]
[INFO] Auditing path $.helmController.metrics.service.annotations["prometheus.io/scrape"]
[INFO] Auditing path $.helmController.metrics.service.clusterIP
[INFO] Auditing path $.helmController.metrics.service.externalTrafficPolicy
[INFO] Auditing path $.helmController.metrics.service.extraPorts
[INFO] Auditing path $.helmController.metrics.service.loadBalancerIP
[INFO] Auditing path $.helmController.metrics.service.loadBalancerSourceRanges
[INFO] Auditing path $.helmController.metrics.service.nodePorts
[INFO] Auditing path $.helmController.metrics.service.nodePorts.metrics
[INFO] Auditing path $.helmController.metrics.service.ports
[INFO] Auditing path $.helmController.metrics.service.ports.metrics
[INFO] Auditing path $.helmController.metrics.service.sessionAffinity
[INFO] Auditing path $.helmController.metrics.service.sessionAffinityConfig
[INFO] Auditing path $.helmController.metrics.service.type
[INFO] Auditing path $.helmController.metrics.serviceMonitor
[INFO] Auditing path $.helmController.metrics.serviceMonitor.annotations
[INFO] Auditing path $.helmController.metrics.serviceMonitor.enabled
[INFO] Auditing path $.helmController.metrics.serviceMonitor.honorLabels
[INFO] Auditing path $.helmController.metrics.serviceMonitor.interval
[INFO] Auditing path $.helmController.metrics.serviceMonitor.jobLabel
[INFO] Auditing path $.helmController.metrics.serviceMonitor.labels
[INFO] Auditing path $.helmController.metrics.serviceMonitor.metricRelabelings
[INFO] Auditing path $.helmController.metrics.serviceMonitor.namespace
[INFO] Auditing path $.helmController.metrics.serviceMonitor.relabelings
[INFO] Auditing path $.helmController.metrics.serviceMonitor.scrapeTimeout
[INFO] Auditing path $.helmController.metrics.serviceMonitor.selector
[INFO] Auditing path $.helmController.networkPolicy
[INFO] Auditing path $.helmController.networkPolicy.allowExternal
[INFO] Auditing path $.helmController.networkPolicy.allowExternalEgress
[INFO] Auditing path $.helmController.networkPolicy.enabled
[INFO] Auditing path $.helmController.networkPolicy.extraEgress
[INFO] Auditing path $.helmController.networkPolicy.extraFromClauses
[INFO] Auditing path $.helmController.networkPolicy.extraIngress
[INFO] Auditing path $.helmController.networkPolicy.ingressNSMatchLabels
[INFO] Auditing path $.helmController.networkPolicy.ingressNSMatchLabels[*]
[INFO] Auditing path $.helmController.networkPolicy.ingressNSPodMatchLabels
[INFO] Auditing path $.helmController.networkPolicy.ingressNSPodMatchLabels[*]
[INFO] Auditing path $.helmController.networkPolicy.kubeAPIServerPorts
[INFO] Auditing path $.helmController.networkPolicy.kubeAPIServerPorts[*]
[INFO] Auditing path $.helmController.nodeAffinityPreset
[INFO] Auditing path $.helmController.nodeAffinityPreset.key
[INFO] Auditing path $.helmController.nodeAffinityPreset.type
[INFO] Auditing path $.helmController.nodeAffinityPreset.values
[INFO] Auditing path $.helmController.nodeSelector
[INFO] Auditing path $.helmController.pdb
[INFO] Auditing path $.helmController.pdb.create
[INFO] Auditing path $.helmController.pdb.maxUnavailable
[INFO] Auditing path $.helmController.pdb.minAvailable
[INFO] Auditing path $.helmController.podAffinityPreset
[INFO] Auditing path $.helmController.podAnnotations
[INFO] Auditing path $.helmController.podAntiAffinityPreset
[INFO] Auditing path $.helmController.podLabels
[INFO] Auditing path $.helmController.podSecurityContext
[INFO] Auditing path $.helmController.podSecurityContext.enabled
[INFO] Auditing path $.helmController.podSecurityContext.fsGroup
[INFO] Auditing path $.helmController.podSecurityContext.fsGroupChangePolicy
[INFO] Auditing path $.helmController.podSecurityContext.supplementalGroups
[INFO] Auditing path $.helmController.podSecurityContext.sysctls
[INFO] Auditing path $.helmController.priorityClassName
[INFO] Auditing path $.helmController.rbac
[INFO] Auditing path $.helmController.rbac.create
[INFO] Auditing path $.helmController.rbac.rules
[INFO] Auditing path $.helmController.readinessProbe
[INFO] Auditing path $.helmController.readinessProbe.enabled
[INFO] Auditing path $.helmController.readinessProbe.failureThreshold
[INFO] Auditing path $.helmController.readinessProbe.initialDelaySeconds
[INFO] Auditing path $.helmController.readinessProbe.periodSeconds
[INFO] Auditing path $.helmController.readinessProbe.successThreshold
[INFO] Auditing path $.helmController.readinessProbe.timeoutSeconds
[INFO] Auditing path $.helmController.replicaCount
[INFO] Auditing path $.helmController.resources
[INFO] Auditing path $.helmController.resourcesPreset
[INFO] Auditing path $.helmController.schedulerName
[INFO] Auditing path $.helmController.serviceAccount
[INFO] Auditing path $.helmController.serviceAccount.annotations
[INFO] Auditing path $.helmController.serviceAccount.automountServiceAccountToken
[INFO] Auditing path $.helmController.serviceAccount.create
[INFO] Auditing path $.helmController.serviceAccount.name
[INFO] Auditing path $.helmController.sidecars
[INFO] Auditing path $.helmController.startupProbe
[INFO] Auditing path $.helmController.startupProbe.enabled
[INFO] Auditing path $.helmController.startupProbe.failureThreshold
[INFO] Auditing path $.helmController.startupProbe.initialDelaySeconds
[INFO] Auditing path $.helmController.startupProbe.periodSeconds
[INFO] Auditing path $.helmController.startupProbe.successThreshold
[INFO] Auditing path $.helmController.startupProbe.timeoutSeconds
[INFO] Auditing path $.helmController.terminationGracePeriodSeconds
[INFO] Auditing path $.helmController.tolerations
[INFO] Auditing path $.helmController.topologySpreadConstraints
[INFO] Auditing path $.helmController.updateStrategy
[INFO] Auditing path $.helmController.updateStrategy.type
[INFO] Auditing path $.helmController.watchAllNamespaces
[INFO] Auditing path $.helmController
[INFO] Auditing path $.imageAutomationController.affinity
[INFO] Auditing path $.imageAutomationController.args
[INFO] Auditing path $.imageAutomationController.automountServiceAccountToken
[INFO] Auditing path $.imageAutomationController.autoscaling
[INFO] Auditing path $.imageAutomationController.autoscaling.enabled
[INFO] Auditing path $.imageAutomationController.autoscaling.maxReplicas
[INFO] Auditing path $.imageAutomationController.autoscaling.minReplicas
[INFO] Auditing path $.imageAutomationController.autoscaling.targetCPU
[INFO] Auditing path $.imageAutomationController.autoscaling.targetMemory
[INFO] Auditing path $.imageAutomationController.command
[INFO] Auditing path $.imageAutomationController.containerPorts
[INFO] Auditing path $.imageAutomationController.containerPorts.health
[INFO] Auditing path $.imageAutomationController.containerPorts.metrics
[INFO] Auditing path $.imageAutomationController.containerSecurityContext
[INFO] Auditing path $.imageAutomationController.containerSecurityContext.allowPrivilegeEscalation
[INFO] Auditing path $.imageAutomationController.containerSecurityContext.capabilities
[INFO] Auditing path $.imageAutomationController.containerSecurityContext.capabilities.drop
[INFO] Auditing path $.imageAutomationController.containerSecurityContext.enabled
[INFO] Auditing path $.imageAutomationController.containerSecurityContext.privileged
[INFO] Auditing path $.imageAutomationController.containerSecurityContext.readOnlyRootFilesystem
[INFO] Auditing path $.imageAutomationController.containerSecurityContext.runAsGroup
[INFO] Auditing path $.imageAutomationController.containerSecurityContext.runAsNonRoot
[INFO] Auditing path $.imageAutomationController.containerSecurityContext.runAsUser
[INFO] Auditing path $.imageAutomationController.containerSecurityContext.seLinuxOptions
[INFO] Auditing path $.imageAutomationController.containerSecurityContext.seccompProfile
[INFO] Auditing path $.imageAutomationController.containerSecurityContext.seccompProfile.type
[INFO] Auditing path $.imageAutomationController.customLivenessProbe
[INFO] Auditing path $.imageAutomationController.customReadinessProbe
[INFO] Auditing path $.imageAutomationController.customStartupProbe
[INFO] Auditing path $.imageAutomationController.enabled
[INFO] Auditing path $.imageAutomationController.extraEnvVars
[INFO] Auditing path $.imageAutomationController.extraEnvVarsCM
[INFO] Auditing path $.imageAutomationController.extraEnvVarsSecret
[INFO] Auditing path $.imageAutomationController.extraVolumeMounts
[INFO] Auditing path $.imageAutomationController.extraVolumes
[INFO] Auditing path $.imageAutomationController.hostAliases
[INFO] Auditing path $.imageAutomationController.image
[INFO] Auditing path $.imageAutomationController.image.debug
[INFO] Auditing path $.imageAutomationController.image.digest
[INFO] Auditing path $.imageAutomationController.image.pullPolicy
[INFO] Auditing path $.imageAutomationController.image.pullSecrets
[INFO] Auditing path $.imageAutomationController.image.registry
[INFO] Auditing path $.imageAutomationController.image.repository
[INFO] Auditing path $.imageAutomationController.image.tag
[INFO] Auditing path $.imageAutomationController.initContainers
[INFO] Auditing path $.imageAutomationController.installCRDs
[INFO] Auditing path $.imageAutomationController.lifecycleHooks
[INFO] Auditing path $.imageAutomationController.livenessProbe
[INFO] Auditing path $.imageAutomationController.livenessProbe.enabled
[INFO] Auditing path $.imageAutomationController.livenessProbe.failureThreshold
[INFO] Auditing path $.imageAutomationController.livenessProbe.initialDelaySeconds
[INFO] Auditing path $.imageAutomationController.livenessProbe.periodSeconds
[INFO] Auditing path $.imageAutomationController.livenessProbe.successThreshold
[INFO] Auditing path $.imageAutomationController.livenessProbe.timeoutSeconds
[INFO] Auditing path $.imageAutomationController.metrics
[INFO] Auditing path $.imageAutomationController.metrics.enabled
[INFO] Auditing path $.imageAutomationController.metrics.service
[INFO] Auditing path $.imageAutomationController.metrics.service.annotations
[INFO] Auditing path $.imageAutomationController.metrics.service.annotations["prometheus.io/port"]
[INFO] Auditing path $.imageAutomationController.metrics.service.annotations["prometheus.io/scrape"]
[INFO] Auditing path $.imageAutomationController.metrics.service.clusterIP
[INFO] Auditing path $.imageAutomationController.metrics.service.externalTrafficPolicy
[INFO] Auditing path $.imageAutomationController.metrics.service.extraPorts
[INFO] Auditing path $.imageAutomationController.metrics.service.loadBalancerIP
[INFO] Auditing path $.imageAutomationController.metrics.service.loadBalancerSourceRanges
[INFO] Auditing path $.imageAutomationController.metrics.service.nodePorts
[INFO] Auditing path $.imageAutomationController.metrics.service.nodePorts.metrics
[INFO] Auditing path $.imageAutomationController.metrics.service.ports
[INFO] Auditing path $.imageAutomationController.metrics.service.ports.metrics
[INFO] Auditing path $.imageAutomationController.metrics.service.sessionAffinity
[INFO] Auditing path $.imageAutomationController.metrics.service.sessionAffinityConfig
[INFO] Auditing path $.imageAutomationController.metrics.service.type
[INFO] Auditing path $.imageAutomationController.metrics.serviceMonitor
[INFO] Auditing path $.imageAutomationController.metrics.serviceMonitor.annotations
[INFO] Auditing path $.imageAutomationController.metrics.serviceMonitor.enabled
[INFO] Auditing path $.imageAutomationController.metrics.serviceMonitor.honorLabels
[INFO] Auditing path $.imageAutomationController.metrics.serviceMonitor.interval
[INFO] Auditing path $.imageAutomationController.metrics.serviceMonitor.jobLabel
[INFO] Auditing path $.imageAutomationController.metrics.serviceMonitor.labels
[INFO] Auditing path $.imageAutomationController.metrics.serviceMonitor.metricRelabelings
[INFO] Auditing path $.imageAutomationController.metrics.serviceMonitor.namespace
[INFO] Auditing path $.imageAutomationController.metrics.serviceMonitor.relabelings
[INFO] Auditing path $.imageAutomationController.metrics.serviceMonitor.scrapeTimeout
[INFO] Auditing path $.imageAutomationController.metrics.serviceMonitor.selector
[INFO] Auditing path $.imageAutomationController.networkPolicy
[INFO] Auditing path $.imageAutomationController.networkPolicy.allowExternal
[INFO] Auditing path $.imageAutomationController.networkPolicy.allowExternalEgress
[INFO] Auditing path $.imageAutomationController.networkPolicy.enabled
[INFO] Auditing path $.imageAutomationController.networkPolicy.extraEgress
[INFO] Auditing path $.imageAutomationController.networkPolicy.extraFromClauses
[INFO] Auditing path $.imageAutomationController.networkPolicy.extraIngress
[INFO] Auditing path $.imageAutomationController.networkPolicy.ingressNSMatchLabels
[INFO] Auditing path $.imageAutomationController.networkPolicy.ingressNSMatchLabels[*]
[INFO] Auditing path $.imageAutomationController.networkPolicy.ingressNSPodMatchLabels
[INFO] Auditing path $.imageAutomationController.networkPolicy.ingressNSPodMatchLabels[*]
[INFO] Auditing path $.imageAutomationController.networkPolicy.kubeAPIServerPorts
[INFO] Auditing path $.imageAutomationController.networkPolicy.kubeAPIServerPorts[*]
[INFO] Auditing path $.imageAutomationController.nodeAffinityPreset
[INFO] Auditing path $.imageAutomationController.nodeAffinityPreset.key
[INFO] Auditing path $.imageAutomationController.nodeAffinityPreset.type
[INFO] Auditing path $.imageAutomationController.nodeAffinityPreset.values
[INFO] Auditing path $.imageAutomationController.nodeSelector
[INFO] Auditing path $.imageAutomationController.pdb
[INFO] Auditing path $.imageAutomationController.pdb.create
[INFO] Auditing path $.imageAutomationController.pdb.maxUnavailable
[INFO] Auditing path $.imageAutomationController.pdb.minAvailable
[INFO] Auditing path $.imageAutomationController.podAffinityPreset
[INFO] Auditing path $.imageAutomationController.podAnnotations
[INFO] Auditing path $.imageAutomationController.podAntiAffinityPreset
[INFO] Auditing path $.imageAutomationController.podLabels
[INFO] Auditing path $.imageAutomationController.podSecurityContext
[INFO] Auditing path $.imageAutomationController.podSecurityContext.enabled
[INFO] Auditing path $.imageAutomationController.podSecurityContext.fsGroup
[INFO] Auditing path $.imageAutomationController.podSecurityContext.fsGroupChangePolicy
[INFO] Auditing path $.imageAutomationController.podSecurityContext.supplementalGroups
[INFO] Auditing path $.imageAutomationController.podSecurityContext.sysctls
[INFO] Auditing path $.imageAutomationController.priorityClassName
[INFO] Auditing path $.imageAutomationController.rbac
[INFO] Auditing path $.imageAutomationController.rbac.create
[INFO] Auditing path $.imageAutomationController.rbac.rules
[INFO] Auditing path $.imageAutomationController.readinessProbe
[INFO] Auditing path $.imageAutomationController.readinessProbe.enabled
[INFO] Auditing path $.imageAutomationController.readinessProbe.failureThreshold
[INFO] Auditing path $.imageAutomationController.readinessProbe.initialDelaySeconds
[INFO] Auditing path $.imageAutomationController.readinessProbe.periodSeconds
[INFO] Auditing path $.imageAutomationController.readinessProbe.successThreshold
[INFO] Auditing path $.imageAutomationController.readinessProbe.timeoutSeconds
[INFO] Auditing path $.imageAutomationController.replicaCount
[INFO] Auditing path $.imageAutomationController.resources
[INFO] Auditing path $.imageAutomationController.resourcesPreset
[INFO] Auditing path $.imageAutomationController.schedulerName
[INFO] Auditing path $.imageAutomationController.serviceAccount
[INFO] Auditing path $.imageAutomationController.serviceAccount.annotations
[INFO] Auditing path $.imageAutomationController.serviceAccount.automountServiceAccountToken
[INFO] Auditing path $.imageAutomationController.serviceAccount.create
[INFO] Auditing path $.imageAutomationController.serviceAccount.name
[INFO] Auditing path $.imageAutomationController.sidecars
[INFO] Auditing path $.imageAutomationController.startupProbe
[INFO] Auditing path $.imageAutomationController.startupProbe.enabled
[INFO] Auditing path $.imageAutomationController.startupProbe.failureThreshold
[INFO] Auditing path $.imageAutomationController.startupProbe.initialDelaySeconds
[INFO] Auditing path $.imageAutomationController.startupProbe.periodSeconds
[INFO] Auditing path $.imageAutomationController.startupProbe.successThreshold
[INFO] Auditing path $.imageAutomationController.startupProbe.timeoutSeconds
[INFO] Auditing path $.imageAutomationController.terminationGracePeriodSeconds
[INFO] Auditing path $.imageAutomationController.tolerations
[INFO] Auditing path $.imageAutomationController.topologySpreadConstraints
[INFO] Auditing path $.imageAutomationController.updateStrategy
[INFO] Auditing path $.imageAutomationController.updateStrategy.type
[INFO] Auditing path $.imageAutomationController.watchAllNamespaces
[INFO] Auditing path $.imageAutomationController
[INFO] Auditing path $.imageReflectorController.affinity
[INFO] Auditing path $.imageReflectorController.args
[INFO] Auditing path $.imageReflectorController.automountServiceAccountToken
[INFO] Auditing path $.imageReflectorController.autoscaling
[INFO] Auditing path $.imageReflectorController.autoscaling.enabled
[INFO] Auditing path $.imageReflectorController.autoscaling.maxReplicas
[INFO] Auditing path $.imageReflectorController.autoscaling.minReplicas
[INFO] Auditing path $.imageReflectorController.autoscaling.targetCPU
[INFO] Auditing path $.imageReflectorController.autoscaling.targetMemory
[INFO] Auditing path $.imageReflectorController.command
[INFO] Auditing path $.imageReflectorController.containerPorts
[INFO] Auditing path $.imageReflectorController.containerPorts.health
[INFO] Auditing path $.imageReflectorController.containerPorts.metrics
[INFO] Auditing path $.imageReflectorController.containerSecurityContext
[INFO] Auditing path $.imageReflectorController.containerSecurityContext.allowPrivilegeEscalation
[INFO] Auditing path $.imageReflectorController.containerSecurityContext.capabilities
[INFO] Auditing path $.imageReflectorController.containerSecurityContext.capabilities.drop
[INFO] Auditing path $.imageReflectorController.containerSecurityContext.enabled
[INFO] Auditing path $.imageReflectorController.containerSecurityContext.privileged
[INFO] Auditing path $.imageReflectorController.containerSecurityContext.readOnlyRootFilesystem
[INFO] Auditing path $.imageReflectorController.containerSecurityContext.runAsGroup
[INFO] Auditing path $.imageReflectorController.containerSecurityContext.runAsNonRoot
[INFO] Auditing path $.imageReflectorController.containerSecurityContext.runAsUser
[INFO] Auditing path $.imageReflectorController.containerSecurityContext.seLinuxOptions
[INFO] Auditing path $.imageReflectorController.containerSecurityContext.seccompProfile
[INFO] Auditing path $.imageReflectorController.containerSecurityContext.seccompProfile.type
[INFO] Auditing path $.imageReflectorController.customLivenessProbe
[INFO] Auditing path $.imageReflectorController.customReadinessProbe
[INFO] Auditing path $.imageReflectorController.customStartupProbe
[INFO] Auditing path $.imageReflectorController.enabled
[INFO] Auditing path $.imageReflectorController.extraEnvVars
[INFO] Auditing path $.imageReflectorController.extraEnvVarsCM
[INFO] Auditing path $.imageReflectorController.extraEnvVarsSecret
[INFO] Auditing path $.imageReflectorController.extraVolumeMounts
[INFO] Auditing path $.imageReflectorController.extraVolumes
[INFO] Auditing path $.imageReflectorController.hostAliases
[INFO] Auditing path $.imageReflectorController.image
[INFO] Auditing path $.imageReflectorController.image.debug
[INFO] Auditing path $.imageReflectorController.image.digest
[INFO] Auditing path $.imageReflectorController.image.pullPolicy
[INFO] Auditing path $.imageReflectorController.image.pullSecrets
[INFO] Auditing path $.imageReflectorController.image.registry
[INFO] Auditing path $.imageReflectorController.image.repository
[INFO] Auditing path $.imageReflectorController.image.tag
[INFO] Auditing path $.imageReflectorController.initContainers
[INFO] Auditing path $.imageReflectorController.installCRDs
[INFO] Auditing path $.imageReflectorController.lifecycleHooks
[INFO] Auditing path $.imageReflectorController.livenessProbe
[INFO] Auditing path $.imageReflectorController.livenessProbe.enabled
[INFO] Auditing path $.imageReflectorController.livenessProbe.failureThreshold
[INFO] Auditing path $.imageReflectorController.livenessProbe.initialDelaySeconds
[INFO] Auditing path $.imageReflectorController.livenessProbe.periodSeconds
[INFO] Auditing path $.imageReflectorController.livenessProbe.successThreshold
[INFO] Auditing path $.imageReflectorController.livenessProbe.timeoutSeconds
[INFO] Auditing path $.imageReflectorController.metrics
[INFO] Auditing path $.imageReflectorController.metrics.enabled
[INFO] Auditing path $.imageReflectorController.metrics.service
[INFO] Auditing path $.imageReflectorController.metrics.service.annotations
[INFO] Auditing path $.imageReflectorController.metrics.service.annotations["prometheus.io/port"]
[INFO] Auditing path $.imageReflectorController.metrics.service.annotations["prometheus.io/scrape"]
[INFO] Auditing path $.imageReflectorController.metrics.service.clusterIP
[INFO] Auditing path $.imageReflectorController.metrics.service.externalTrafficPolicy
[INFO] Auditing path $.imageReflectorController.metrics.service.extraPorts
[INFO] Auditing path $.imageReflectorController.metrics.service.loadBalancerIP
[INFO] Auditing path $.imageReflectorController.metrics.service.loadBalancerSourceRanges
[INFO] Auditing path $.imageReflectorController.metrics.service.nodePorts
[INFO] Auditing path $.imageReflectorController.metrics.service.nodePorts.metrics
[INFO] Auditing path $.imageReflectorController.metrics.service.ports
[INFO] Auditing path $.imageReflectorController.metrics.service.ports.metrics
[INFO] Auditing path $.imageReflectorController.metrics.service.sessionAffinity
[INFO] Auditing path $.imageReflectorController.metrics.service.sessionAffinityConfig
[INFO] Auditing path $.imageReflectorController.metrics.service.type
[INFO] Auditing path $.imageReflectorController.metrics.serviceMonitor
[INFO] Auditing path $.imageReflectorController.metrics.serviceMonitor.annotations
[INFO] Auditing path $.imageReflectorController.metrics.serviceMonitor.enabled
[INFO] Auditing path $.imageReflectorController.metrics.serviceMonitor.honorLabels
[INFO] Auditing path $.imageReflectorController.metrics.serviceMonitor.interval
[INFO] Auditing path $.imageReflectorController.metrics.serviceMonitor.jobLabel
[INFO] Auditing path $.imageReflectorController.metrics.serviceMonitor.labels
[INFO] Auditing path $.imageReflectorController.metrics.serviceMonitor.metricRelabelings
[INFO] Auditing path $.imageReflectorController.metrics.serviceMonitor.namespace
[INFO] Auditing path $.imageReflectorController.metrics.serviceMonitor.relabelings
[INFO] Auditing path $.imageReflectorController.metrics.serviceMonitor.scrapeTimeout
[INFO] Auditing path $.imageReflectorController.metrics.serviceMonitor.selector
[INFO] Auditing path $.imageReflectorController.networkPolicy
[INFO] Auditing path $.imageReflectorController.networkPolicy.allowExternal
[INFO] Auditing path $.imageReflectorController.networkPolicy.allowExternalEgress
[INFO] Auditing path $.imageReflectorController.networkPolicy.enabled
[INFO] Auditing path $.imageReflectorController.networkPolicy.extraEgress
[INFO] Auditing path $.imageReflectorController.networkPolicy.extraFromClauses
[INFO] Auditing path $.imageReflectorController.networkPolicy.extraIngress
[INFO] Auditing path $.imageReflectorController.networkPolicy.ingressNSMatchLabels
[INFO] Auditing path $.imageReflectorController.networkPolicy.ingressNSMatchLabels[*]
[INFO] Auditing path $.imageReflectorController.networkPolicy.ingressNSPodMatchLabels
[INFO] Auditing path $.imageReflectorController.networkPolicy.ingressNSPodMatchLabels[*]
[INFO] Auditing path $.imageReflectorController.networkPolicy.kubeAPIServerPorts
[INFO] Auditing path $.imageReflectorController.networkPolicy.kubeAPIServerPorts[*]
[INFO] Auditing path $.imageReflectorController.nodeAffinityPreset
[INFO] Auditing path $.imageReflectorController.nodeAffinityPreset.key
[INFO] Auditing path $.imageReflectorController.nodeAffinityPreset.type
[INFO] Auditing path $.imageReflectorController.nodeAffinityPreset.values
[INFO] Auditing path $.imageReflectorController.nodeSelector
[INFO] Auditing path $.imageReflectorController.pdb
[INFO] Auditing path $.imageReflectorController.pdb.create
[INFO] Auditing path $.imageReflectorController.pdb.maxUnavailable
[INFO] Auditing path $.imageReflectorController.pdb.minAvailable
[INFO] Auditing path $.imageReflectorController.persistence
[INFO] Auditing path $.imageReflectorController.persistence.accessMode
[INFO] Auditing path $.imageReflectorController.persistence.accessModes
[INFO] Auditing path $.imageReflectorController.persistence.accessModes[*]
[INFO] Auditing path $.imageReflectorController.persistence.annotations
[INFO] Auditing path $.imageReflectorController.persistence.dataSource
[INFO] Auditing path $.imageReflectorController.persistence.enabled
[INFO] Auditing path $.imageReflectorController.persistence.existingClaim
[INFO] Auditing path $.imageReflectorController.persistence.mountPath
[INFO] Auditing path $.imageReflectorController.persistence.resourcePolicy
[INFO] Auditing path $.imageReflectorController.persistence.selector
[INFO] Auditing path $.imageReflectorController.persistence.size
[INFO] Auditing path $.imageReflectorController.persistence.storageClass
[INFO] Auditing path $.imageReflectorController.podAffinityPreset
[INFO] Auditing path $.imageReflectorController.podAnnotations
[INFO] Auditing path $.imageReflectorController.podAntiAffinityPreset
[INFO] Auditing path $.imageReflectorController.podLabels
[INFO] Auditing path $.imageReflectorController.podSecurityContext
[INFO] Auditing path $.imageReflectorController.podSecurityContext.enabled
[INFO] Auditing path $.imageReflectorController.podSecurityContext.fsGroup
[INFO] Auditing path $.imageReflectorController.podSecurityContext.fsGroupChangePolicy
[INFO] Auditing path $.imageReflectorController.podSecurityContext.supplementalGroups
[INFO] Auditing path $.imageReflectorController.podSecurityContext.sysctls
[INFO] Auditing path $.imageReflectorController.priorityClassName
[INFO] Auditing path $.imageReflectorController.rbac
[INFO] Auditing path $.imageReflectorController.rbac.create
[INFO] Auditing path $.imageReflectorController.rbac.rules
[INFO] Auditing path $.imageReflectorController.readinessProbe
[INFO] Auditing path $.imageReflectorController.readinessProbe.enabled
[INFO] Auditing path $.imageReflectorController.readinessProbe.failureThreshold
[INFO] Auditing path $.imageReflectorController.readinessProbe.initialDelaySeconds
[INFO] Auditing path $.imageReflectorController.readinessProbe.periodSeconds
[INFO] Auditing path $.imageReflectorController.readinessProbe.successThreshold
[INFO] Auditing path $.imageReflectorController.readinessProbe.timeoutSeconds
[INFO] Auditing path $.imageReflectorController.replicaCount
[INFO] Auditing path $.imageReflectorController.resources
[INFO] Auditing path $.imageReflectorController.resourcesPreset
[INFO] Auditing path $.imageReflectorController.schedulerName
[INFO] Auditing path $.imageReflectorController.serviceAccount
[INFO] Auditing path $.imageReflectorController.serviceAccount.annotations
[INFO] Auditing path $.imageReflectorController.serviceAccount.automountServiceAccountToken
[INFO] Auditing path $.imageReflectorController.serviceAccount.create
[INFO] Auditing path $.imageReflectorController.serviceAccount.name
[INFO] Auditing path $.imageReflectorController.sidecars
[INFO] Auditing path $.imageReflectorController.startupProbe
[INFO] Auditing path $.imageReflectorController.startupProbe.enabled
[INFO] Auditing path $.imageReflectorController.startupProbe.failureThreshold
[INFO] Auditing path $.imageReflectorController.startupProbe.initialDelaySeconds
[INFO] Auditing path $.imageReflectorController.startupProbe.periodSeconds
[INFO] Auditing path $.imageReflectorController.startupProbe.successThreshold
[INFO] Auditing path $.imageReflectorController.startupProbe.timeoutSeconds
[INFO] Auditing path $.imageReflectorController.terminationGracePeriodSeconds
[INFO] Auditing path $.imageReflectorController.tolerations
[INFO] Auditing path $.imageReflectorController.topologySpreadConstraints
[INFO] Auditing path $.imageReflectorController.updateStrategy
[INFO] Auditing path $.imageReflectorController.updateStrategy.type
[INFO] Auditing path $.imageReflectorController.watchAllNamespaces
[INFO] Auditing path $.imageReflectorController
[INFO] Auditing path $.initContainers
[INFO] Auditing path $.kubeVersion
[INFO] Auditing path $.kustomizeController.affinity
[INFO] Auditing path $.kustomizeController.args
[INFO] Auditing path $.kustomizeController.automountServiceAccountToken
[INFO] Auditing path $.kustomizeController.autoscaling
[INFO] Auditing path $.kustomizeController.autoscaling.enabled
[INFO] Auditing path $.kustomizeController.autoscaling.maxReplicas
[INFO] Auditing path $.kustomizeController.autoscaling.minReplicas
[INFO] Auditing path $.kustomizeController.autoscaling.targetCPU
[INFO] Auditing path $.kustomizeController.autoscaling.targetMemory
[INFO] Auditing path $.kustomizeController.command
[INFO] Auditing path $.kustomizeController.containerPorts
[INFO] Auditing path $.kustomizeController.containerPorts.health
[INFO] Auditing path $.kustomizeController.containerPorts.metrics
[INFO] Auditing path $.kustomizeController.containerSecurityContext
[INFO] Auditing path $.kustomizeController.containerSecurityContext.allowPrivilegeEscalation
[INFO] Auditing path $.kustomizeController.containerSecurityContext.capabilities
[INFO] Auditing path $.kustomizeController.containerSecurityContext.capabilities.drop
[INFO] Auditing path $.kustomizeController.containerSecurityContext.enabled
[INFO] Auditing path $.kustomizeController.containerSecurityContext.privileged
[INFO] Auditing path $.kustomizeController.containerSecurityContext.readOnlyRootFilesystem
[INFO] Auditing path $.kustomizeController.containerSecurityContext.runAsGroup
[INFO] Auditing path $.kustomizeController.containerSecurityContext.runAsNonRoot
[INFO] Auditing path $.kustomizeController.containerSecurityContext.runAsUser
[INFO] Auditing path $.kustomizeController.containerSecurityContext.seLinuxOptions
[INFO] Auditing path $.kustomizeController.containerSecurityContext.seccompProfile
[INFO] Auditing path $.kustomizeController.containerSecurityContext.seccompProfile.type
[INFO] Auditing path $.kustomizeController.customLivenessProbe
[INFO] Auditing path $.kustomizeController.customReadinessProbe
[INFO] Auditing path $.kustomizeController.customStartupProbe
[INFO] Auditing path $.kustomizeController.enabled
[INFO] Auditing path $.kustomizeController.extraEnvVars
[INFO] Auditing path $.kustomizeController.extraEnvVarsCM
[INFO] Auditing path $.kustomizeController.extraEnvVarsSecret
[INFO] Auditing path $.kustomizeController.extraVolumeMounts
[INFO] Auditing path $.kustomizeController.extraVolumes
[INFO] Auditing path $.kustomizeController.hostAliases
[INFO] Auditing path $.kustomizeController.image
[INFO] Auditing path $.kustomizeController.image.debug
[INFO] Auditing path $.kustomizeController.image.digest
[INFO] Auditing path $.kustomizeController.image.pullPolicy
[INFO] Auditing path $.kustomizeController.image.pullSecrets
[INFO] Auditing path $.kustomizeController.image.registry
[INFO] Auditing path $.kustomizeController.image.repository
[INFO] Auditing path $.kustomizeController.image.tag
[INFO] Auditing path $.kustomizeController.initContainers
[INFO] Auditing path $.kustomizeController.installCRDs
[INFO] Auditing path $.kustomizeController.lifecycleHooks
[INFO] Auditing path $.kustomizeController.livenessProbe
[INFO] Auditing path $.kustomizeController.livenessProbe.enabled
[INFO] Auditing path $.kustomizeController.livenessProbe.failureThreshold
[INFO] Auditing path $.kustomizeController.livenessProbe.initialDelaySeconds
[INFO] Auditing path $.kustomizeController.livenessProbe.periodSeconds
[INFO] Auditing path $.kustomizeController.livenessProbe.successThreshold
[INFO] Auditing path $.kustomizeController.livenessProbe.timeoutSeconds
[INFO] Auditing path $.kustomizeController.metrics
[INFO] Auditing path $.kustomizeController.metrics.enabled
[INFO] Auditing path $.kustomizeController.metrics.service
[INFO] Auditing path $.kustomizeController.metrics.service.annotations
[INFO] Auditing path $.kustomizeController.metrics.service.annotations["prometheus.io/port"]
[INFO] Auditing path $.kustomizeController.metrics.service.annotations["prometheus.io/scrape"]
[INFO] Auditing path $.kustomizeController.metrics.service.clusterIP
[INFO] Auditing path $.kustomizeController.metrics.service.externalTrafficPolicy
[INFO] Auditing path $.kustomizeController.metrics.service.extraPorts
[INFO] Auditing path $.kustomizeController.metrics.service.loadBalancerIP
[INFO] Auditing path $.kustomizeController.metrics.service.loadBalancerSourceRanges
[INFO] Auditing path $.kustomizeController.metrics.service.nodePorts
[INFO] Auditing path $.kustomizeController.metrics.service.nodePorts.metrics
[INFO] Auditing path $.kustomizeController.metrics.service.ports
[INFO] Auditing path $.kustomizeController.metrics.service.ports.metrics
[INFO] Auditing path $.kustomizeController.metrics.service.sessionAffinity
[INFO] Auditing path $.kustomizeController.metrics.service.sessionAffinityConfig
[INFO] Auditing path $.kustomizeController.metrics.service.type
[INFO] Auditing path $.kustomizeController.metrics.serviceMonitor
[INFO] Auditing path $.kustomizeController.metrics.serviceMonitor.annotations
[INFO] Auditing path $.kustomizeController.metrics.serviceMonitor.enabled
[INFO] Auditing path $.kustomizeController.metrics.serviceMonitor.honorLabels
[INFO] Auditing path $.kustomizeController.metrics.serviceMonitor.interval
[INFO] Auditing path $.kustomizeController.metrics.serviceMonitor.jobLabel
[INFO] Auditing path $.kustomizeController.metrics.serviceMonitor.labels
[INFO] Auditing path $.kustomizeController.metrics.serviceMonitor.metricRelabelings
[INFO] Auditing path $.kustomizeController.metrics.serviceMonitor.namespace
[INFO] Auditing path $.kustomizeController.metrics.serviceMonitor.relabelings
[INFO] Auditing path $.kustomizeController.metrics.serviceMonitor.scrapeTimeout
[INFO] Auditing path $.kustomizeController.metrics.serviceMonitor.selector
[INFO] Auditing path $.kustomizeController.networkPolicy
[INFO] Auditing path $.kustomizeController.networkPolicy.allowExternal
[INFO] Auditing path $.kustomizeController.networkPolicy.allowExternalEgress
[INFO] Auditing path $.kustomizeController.networkPolicy.enabled
[INFO] Auditing path $.kustomizeController.networkPolicy.extraEgress
[INFO] Auditing path $.kustomizeController.networkPolicy.extraFromClauses
[INFO] Auditing path $.kustomizeController.networkPolicy.extraIngress
[INFO] Auditing path $.kustomizeController.networkPolicy.ingressNSMatchLabels
[INFO] Auditing path $.kustomizeController.networkPolicy.ingressNSMatchLabels[*]
[INFO] Auditing path $.kustomizeController.networkPolicy.ingressNSPodMatchLabels
[INFO] Auditing path $.kustomizeController.networkPolicy.ingressNSPodMatchLabels[*]
[INFO] Auditing path $.kustomizeController.networkPolicy.kubeAPIServerPorts
[INFO] Auditing path $.kustomizeController.networkPolicy.kubeAPIServerPorts[*]
[INFO] Auditing path $.kustomizeController.nodeAffinityPreset
[INFO] Auditing path $.kustomizeController.nodeAffinityPreset.key
[INFO] Auditing path $.kustomizeController.nodeAffinityPreset.type
[INFO] Auditing path $.kustomizeController.nodeAffinityPreset.values
[INFO] Auditing path $.kustomizeController.nodeSelector
[INFO] Auditing path $.kustomizeController.pdb
[INFO] Auditing path $.kustomizeController.pdb.create
[INFO] Auditing path $.kustomizeController.pdb.maxUnavailable
[INFO] Auditing path $.kustomizeController.pdb.minAvailable
[INFO] Auditing path $.kustomizeController.podAffinityPreset
[INFO] Auditing path $.kustomizeController.podAnnotations
[INFO] Auditing path $.kustomizeController.podAntiAffinityPreset
[INFO] Auditing path $.kustomizeController.podLabels
[INFO] Auditing path $.kustomizeController.podSecurityContext
[INFO] Auditing path $.kustomizeController.podSecurityContext.enabled
[INFO] Auditing path $.kustomizeController.podSecurityContext.fsGroup
[INFO] Auditing path $.kustomizeController.podSecurityContext.fsGroupChangePolicy
[INFO] Auditing path $.kustomizeController.podSecurityContext.supplementalGroups
[INFO] Auditing path $.kustomizeController.podSecurityContext.sysctls
[INFO] Auditing path $.kustomizeController.priorityClassName
[INFO] Auditing path $.kustomizeController.rbac
[INFO] Auditing path $.kustomizeController.rbac.create
[INFO] Auditing path $.kustomizeController.rbac.rules
[INFO] Auditing path $.kustomizeController.readinessProbe
[INFO] Auditing path $.kustomizeController.readinessProbe.enabled
[INFO] Auditing path $.kustomizeController.readinessProbe.failureThreshold
[INFO] Auditing path $.kustomizeController.readinessProbe.initialDelaySeconds
[INFO] Auditing path $.kustomizeController.readinessProbe.periodSeconds
[INFO] Auditing path $.kustomizeController.readinessProbe.successThreshold
[INFO] Auditing path $.kustomizeController.readinessProbe.timeoutSeconds
[INFO] Auditing path $.kustomizeController.replicaCount
[INFO] Auditing path $.kustomizeController.resources
[INFO] Auditing path $.kustomizeController.resourcesPreset
[INFO] Auditing path $.kustomizeController.schedulerName
[INFO] Auditing path $.kustomizeController.serviceAccount
[INFO] Auditing path $.kustomizeController.serviceAccount.annotations
[INFO] Auditing path $.kustomizeController.serviceAccount.automountServiceAccountToken
[INFO] Auditing path $.kustomizeController.serviceAccount.create
[INFO] Auditing path $.kustomizeController.serviceAccount.name
[INFO] Auditing path $.kustomizeController.sidecars
[INFO] Auditing path $.kustomizeController.startupProbe
[INFO] Auditing path $.kustomizeController.startupProbe.enabled
[INFO] Auditing path $.kustomizeController.startupProbe.failureThreshold
[INFO] Auditing path $.kustomizeController.startupProbe.initialDelaySeconds
[INFO] Auditing path $.kustomizeController.startupProbe.periodSeconds
[INFO] Auditing path $.kustomizeController.startupProbe.successThreshold
[INFO] Auditing path $.kustomizeController.startupProbe.timeoutSeconds
[INFO] Auditing path $.kustomizeController.terminationGracePeriodSeconds
[INFO] Auditing path $.kustomizeController.tolerations
[INFO] Auditing path $.kustomizeController.topologySpreadConstraints
[INFO] Auditing path $.kustomizeController.updateStrategy
[INFO] Auditing path $.kustomizeController.updateStrategy.type
[INFO] Auditing path $.kustomizeController.watchAllNamespaces
[INFO] Auditing path $.kustomizeController
[INFO] Auditing path $.nameOverride
[INFO] Auditing path $.namespaceOverride
[INFO] Auditing path $.notificationController.affinity
[INFO] Auditing path $.notificationController.args
[INFO] Auditing path $.notificationController.automountServiceAccountToken
[INFO] Auditing path $.notificationController.autoscaling
[INFO] Auditing path $.notificationController.autoscaling.enabled
[INFO] Auditing path $.notificationController.autoscaling.maxReplicas
[INFO] Auditing path $.notificationController.autoscaling.minReplicas
[INFO] Auditing path $.notificationController.autoscaling.targetCPU
[INFO] Auditing path $.notificationController.autoscaling.targetMemory
[INFO] Auditing path $.notificationController.command
[INFO] Auditing path $.notificationController.containerPorts
[INFO] Auditing path $.notificationController.containerPorts.health
[INFO] Auditing path $.notificationController.containerPorts.metrics
[INFO] Auditing path $.notificationController.containerPorts.receiver
[INFO] Auditing path $.notificationController.containerPorts.webhook
[INFO] Auditing path $.notificationController.containerSecurityContext
[INFO] Auditing path $.notificationController.containerSecurityContext.allowPrivilegeEscalation
[INFO] Auditing path $.notificationController.containerSecurityContext.capabilities
[INFO] Auditing path $.notificationController.containerSecurityContext.capabilities.drop
[INFO] Auditing path $.notificationController.containerSecurityContext.enabled
[INFO] Auditing path $.notificationController.containerSecurityContext.privileged
[INFO] Auditing path $.notificationController.containerSecurityContext.readOnlyRootFilesystem
[INFO] Auditing path $.notificationController.containerSecurityContext.runAsGroup
[INFO] Auditing path $.notificationController.containerSecurityContext.runAsNonRoot
[INFO] Auditing path $.notificationController.containerSecurityContext.runAsUser
[INFO] Auditing path $.notificationController.containerSecurityContext.seLinuxOptions
[INFO] Auditing path $.notificationController.containerSecurityContext.seccompProfile
[INFO] Auditing path $.notificationController.containerSecurityContext.seccompProfile.type
[INFO] Auditing path $.notificationController.customLivenessProbe
[INFO] Auditing path $.notificationController.customReadinessProbe
[INFO] Auditing path $.notificationController.customStartupProbe
[INFO] Auditing path $.notificationController.enabled
[INFO] Auditing path $.notificationController.extraEnvVars
[INFO] Auditing path $.notificationController.extraEnvVarsCM
[INFO] Auditing path $.notificationController.extraEnvVarsSecret
[INFO] Auditing path $.notificationController.extraVolumeMounts
[INFO] Auditing path $.notificationController.extraVolumes
[INFO] Auditing path $.notificationController.hostAliases
[INFO] Auditing path $.notificationController.image
[INFO] Auditing path $.notificationController.image.debug
[INFO] Auditing path $.notificationController.image.digest
[INFO] Auditing path $.notificationController.image.pullPolicy
[INFO] Auditing path $.notificationController.image.pullSecrets
[INFO] Auditing path $.notificationController.image.registry
[INFO] Auditing path $.notificationController.image.repository
[INFO] Auditing path $.notificationController.image.tag
[INFO] Auditing path $.notificationController.initContainers
[INFO] Auditing path $.notificationController.installCRDs
[INFO] Auditing path $.notificationController.lifecycleHooks
[INFO] Auditing path $.notificationController.livenessProbe
[INFO] Auditing path $.notificationController.livenessProbe.enabled
[INFO] Auditing path $.notificationController.livenessProbe.failureThreshold
[INFO] Auditing path $.notificationController.livenessProbe.initialDelaySeconds
[INFO] Auditing path $.notificationController.livenessProbe.periodSeconds
[INFO] Auditing path $.notificationController.livenessProbe.successThreshold
[INFO] Auditing path $.notificationController.livenessProbe.timeoutSeconds
[INFO] Auditing path $.notificationController.metrics
[INFO] Auditing path $.notificationController.metrics.enabled
[INFO] Auditing path $.notificationController.metrics.service
[INFO] Auditing path $.notificationController.metrics.service.annotations
[INFO] Auditing path $.notificationController.metrics.service.annotations["prometheus.io/port"]
[INFO] Auditing path $.notificationController.metrics.service.annotations["prometheus.io/scrape"]
[INFO] Auditing path $.notificationController.metrics.service.clusterIP
[INFO] Auditing path $.notificationController.metrics.service.externalTrafficPolicy
[INFO] Auditing path $.notificationController.metrics.service.extraPorts
[INFO] Auditing path $.notificationController.metrics.service.loadBalancerIP
[INFO] Auditing path $.notificationController.metrics.service.loadBalancerSourceRanges
[INFO] Auditing path $.notificationController.metrics.service.nodePorts
[INFO] Auditing path $.notificationController.metrics.service.nodePorts.metrics
[INFO] Auditing path $.notificationController.metrics.service.ports
[INFO] Auditing path $.notificationController.metrics.service.ports.metrics
[INFO] Auditing path $.notificationController.metrics.service.sessionAffinity
[INFO] Auditing path $.notificationController.metrics.service.sessionAffinityConfig
[INFO] Auditing path $.notificationController.metrics.service.type
[INFO] Auditing path $.notificationController.metrics.serviceMonitor
[INFO] Auditing path $.notificationController.metrics.serviceMonitor.annotations
[INFO] Auditing path $.notificationController.metrics.serviceMonitor.enabled
[INFO] Auditing path $.notificationController.metrics.serviceMonitor.honorLabels
[INFO] Auditing path $.notificationController.metrics.serviceMonitor.interval
[INFO] Auditing path $.notificationController.metrics.serviceMonitor.jobLabel
[INFO] Auditing path $.notificationController.metrics.serviceMonitor.labels
[INFO] Auditing path $.notificationController.metrics.serviceMonitor.metricRelabelings
[INFO] Auditing path $.notificationController.metrics.serviceMonitor.namespace
[INFO] Auditing path $.notificationController.metrics.serviceMonitor.relabelings
[INFO] Auditing path $.notificationController.metrics.serviceMonitor.scrapeTimeout
[INFO] Auditing path $.notificationController.metrics.serviceMonitor.selector
[INFO] Auditing path $.notificationController.networkPolicy
[INFO] Auditing path $.notificationController.networkPolicy.allowExternal
[INFO] Auditing path $.notificationController.networkPolicy.allowExternalEgress
[INFO] Auditing path $.notificationController.networkPolicy.enabled
[INFO] Auditing path $.notificationController.networkPolicy.extraEgress
[INFO] Auditing path $.notificationController.networkPolicy.extraFromClauses
[INFO] Auditing path $.notificationController.networkPolicy.extraIngress
[INFO] Auditing path $.notificationController.networkPolicy.ingressNSMatchLabels
[INFO] Auditing path $.notificationController.networkPolicy.ingressNSMatchLabels[*]
[INFO] Auditing path $.notificationController.networkPolicy.ingressNSPodMatchLabels
[INFO] Auditing path $.notificationController.networkPolicy.ingressNSPodMatchLabels[*]
[INFO] Auditing path $.notificationController.networkPolicy.kubeAPIServerPorts
[INFO] Auditing path $.notificationController.networkPolicy.kubeAPIServerPorts[*]
[INFO] Auditing path $.notificationController.nodeAffinityPreset
[INFO] Auditing path $.notificationController.nodeAffinityPreset.key
[INFO] Auditing path $.notificationController.nodeAffinityPreset.type
[INFO] Auditing path $.notificationController.nodeAffinityPreset.values
[INFO] Auditing path $.notificationController.nodeSelector
[INFO] Auditing path $.notificationController.pdb
[INFO] Auditing path $.notificationController.pdb.create
[INFO] Auditing path $.notificationController.pdb.maxUnavailable
[INFO] Auditing path $.notificationController.pdb.minAvailable
[INFO] Auditing path $.notificationController.podAffinityPreset
[INFO] Auditing path $.notificationController.podAnnotations
[INFO] Auditing path $.notificationController.podAntiAffinityPreset
[INFO] Auditing path $.notificationController.podLabels
[INFO] Auditing path $.notificationController.podSecurityContext
[INFO] Auditing path $.notificationController.podSecurityContext.enabled
[INFO] Auditing path $.notificationController.podSecurityContext.fsGroup
[INFO] Auditing path $.notificationController.podSecurityContext.fsGroupChangePolicy
[INFO] Auditing path $.notificationController.podSecurityContext.supplementalGroups
[INFO] Auditing path $.notificationController.podSecurityContext.sysctls
[INFO] Auditing path $.notificationController.priorityClassName
[INFO] Auditing path $.notificationController.rbac
[INFO] Auditing path $.notificationController.rbac.create
[INFO] Auditing path $.notificationController.rbac.rules
[INFO] Auditing path $.notificationController.readinessProbe
[INFO] Auditing path $.notificationController.readinessProbe.enabled
[INFO] Auditing path $.notificationController.readinessProbe.failureThreshold
[INFO] Auditing path $.notificationController.readinessProbe.initialDelaySeconds
[INFO] Auditing path $.notificationController.readinessProbe.periodSeconds
[INFO] Auditing path $.notificationController.readinessProbe.successThreshold
[INFO] Auditing path $.notificationController.readinessProbe.timeoutSeconds
[INFO] Auditing path $.notificationController.replicaCount
[INFO] Auditing path $.notificationController.resources
[INFO] Auditing path $.notificationController.resourcesPreset
[INFO] Auditing path $.notificationController.schedulerName
[INFO] Auditing path $.notificationController.service
[INFO] Auditing path $.notificationController.service.receiver
[INFO] Auditing path $.notificationController.service.receiver.annotations
[INFO] Auditing path $.notificationController.service.receiver.clusterIP
[INFO] Auditing path $.notificationController.service.receiver.externalTrafficPolicy
[INFO] Auditing path $.notificationController.service.receiver.extraPorts
[INFO] Auditing path $.notificationController.service.receiver.loadBalancerIP
[INFO] Auditing path $.notificationController.service.receiver.loadBalancerSourceRanges
[INFO] Auditing path $.notificationController.service.receiver.nodePorts
[INFO] Auditing path $.notificationController.service.receiver.nodePorts.http
[INFO] Auditing path $.notificationController.service.receiver.ports
[INFO] Auditing path $.notificationController.service.receiver.ports.http
[INFO] Auditing path $.notificationController.service.receiver.sessionAffinity
[INFO] Auditing path $.notificationController.service.receiver.sessionAffinityConfig
[INFO] Auditing path $.notificationController.service.receiver.type
[INFO] Auditing path $.notificationController.service.webhook
[INFO] Auditing path $.notificationController.service.webhook.annotations
[INFO] Auditing path $.notificationController.service.webhook.clusterIP
[INFO] Auditing path $.notificationController.service.webhook.externalTrafficPolicy
[INFO] Auditing path $.notificationController.service.webhook.extraPorts
[INFO] Auditing path $.notificationController.service.webhook.loadBalancerIP
[INFO] Auditing path $.notificationController.service.webhook.loadBalancerSourceRanges
[INFO] Auditing path $.notificationController.service.webhook.nodePorts
[INFO] Auditing path $.notificationController.service.webhook.nodePorts.http
[INFO] Auditing path $.notificationController.service.webhook.ports
[INFO] Auditing path $.notificationController.service.webhook.ports.http
[INFO] Auditing path $.notificationController.service.webhook.sessionAffinity
[INFO] Auditing path $.notificationController.service.webhook.sessionAffinityConfig
[INFO] Auditing path $.notificationController.service.webhook.type
[INFO] Auditing path $.notificationController.serviceAccount
[INFO] Auditing path $.notificationController.serviceAccount.annotations
[INFO] Auditing path $.notificationController.serviceAccount.automountServiceAccountToken
[INFO] Auditing path $.notificationController.serviceAccount.create
[INFO] Auditing path $.notificationController.serviceAccount.name
[INFO] Auditing path $.notificationController.sidecars
[INFO] Auditing path $.notificationController.startupProbe
[INFO] Auditing path $.notificationController.startupProbe.enabled
[INFO] Auditing path $.notificationController.startupProbe.failureThreshold
[INFO] Auditing path $.notificationController.startupProbe.initialDelaySeconds
[INFO] Auditing path $.notificationController.startupProbe.periodSeconds
[INFO] Auditing path $.notificationController.startupProbe.successThreshold
[INFO] Auditing path $.notificationController.startupProbe.timeoutSeconds
[INFO] Auditing path $.notificationController.terminationGracePeriodSeconds
[INFO] Auditing path $.notificationController.tolerations
[INFO] Auditing path $.notificationController.topologySpreadConstraints
[INFO] Auditing path $.notificationController.updateStrategy
[INFO] Auditing path $.notificationController.updateStrategy.type
[INFO] Auditing path $.notificationController.watchAllNamespaces
[INFO] Auditing path $.notificationController
[INFO] Auditing path $.sourceController.affinity
[INFO] Auditing path $.sourceController.args
[INFO] Auditing path $.sourceController.automountServiceAccountToken
[INFO] Auditing path $.sourceController.autoscaling
[INFO] Auditing path $.sourceController.autoscaling.enabled
[INFO] Auditing path $.sourceController.autoscaling.maxReplicas
[INFO] Auditing path $.sourceController.autoscaling.minReplicas
[INFO] Auditing path $.sourceController.autoscaling.targetCPU
[INFO] Auditing path $.sourceController.autoscaling.targetMemory
[INFO] Auditing path $.sourceController.command
[INFO] Auditing path $.sourceController.containerPorts
[INFO] Auditing path $.sourceController.containerPorts.health
[INFO] Auditing path $.sourceController.containerPorts.http
[INFO] Auditing path $.sourceController.containerPorts.metrics
[INFO] Auditing path $.sourceController.containerSecurityContext
[INFO] Auditing path $.sourceController.containerSecurityContext.allowPrivilegeEscalation
[INFO] Auditing path $.sourceController.containerSecurityContext.capabilities
[INFO] Auditing path $.sourceController.containerSecurityContext.capabilities.drop
[INFO] Auditing path $.sourceController.containerSecurityContext.enabled
[INFO] Auditing path $.sourceController.containerSecurityContext.privileged
[INFO] Auditing path $.sourceController.containerSecurityContext.readOnlyRootFilesystem
[INFO] Auditing path $.sourceController.containerSecurityContext.runAsGroup
[INFO] Auditing path $.sourceController.containerSecurityContext.runAsNonRoot
[INFO] Auditing path $.sourceController.containerSecurityContext.runAsUser
[INFO] Auditing path $.sourceController.containerSecurityContext.seLinuxOptions
[INFO] Auditing path $.sourceController.containerSecurityContext.seccompProfile
[INFO] Auditing path $.sourceController.containerSecurityContext.seccompProfile.type
[INFO] Auditing path $.sourceController.customLivenessProbe
[INFO] Auditing path $.sourceController.customReadinessProbe
[INFO] Auditing path $.sourceController.customStartupProbe
[INFO] Auditing path $.sourceController.enabled
[INFO] Auditing path $.sourceController.extraEnvVars
[INFO] Auditing path $.sourceController.extraEnvVarsCM
[INFO] Auditing path $.sourceController.extraEnvVarsSecret
[INFO] Auditing path $.sourceController.extraVolumeMounts
[INFO] Auditing path $.sourceController.extraVolumes
[INFO] Auditing path $.sourceController.hostAliases
[INFO] Auditing path $.sourceController.image
[INFO] Auditing path $.sourceController.image.debug
[INFO] Auditing path $.sourceController.image.digest
[INFO] Auditing path $.sourceController.image.pullPolicy
[INFO] Auditing path $.sourceController.image.pullSecrets
[INFO] Auditing path $.sourceController.image.registry
[INFO] Auditing path $.sourceController.image.repository
[INFO] Auditing path $.sourceController.image.tag
[INFO] Auditing path $.sourceController.initContainers
[INFO] Auditing path $.sourceController.installCRDs
[INFO] Auditing path $.sourceController.lifecycleHooks
[INFO] Auditing path $.sourceController.livenessProbe
[INFO] Auditing path $.sourceController.livenessProbe.enabled
[INFO] Auditing path $.sourceController.livenessProbe.failureThreshold
[INFO] Auditing path $.sourceController.livenessProbe.initialDelaySeconds
[INFO] Auditing path $.sourceController.livenessProbe.periodSeconds
[INFO] Auditing path $.sourceController.livenessProbe.successThreshold
[INFO] Auditing path $.sourceController.livenessProbe.timeoutSeconds
[INFO] Auditing path $.sourceController.metrics
[INFO] Auditing path $.sourceController.metrics.enabled
[INFO] Auditing path $.sourceController.metrics.service
[INFO] Auditing path $.sourceController.metrics.service.annotations
[INFO] Auditing path $.sourceController.metrics.service.annotations["prometheus.io/port"]
[INFO] Auditing path $.sourceController.metrics.service.annotations["prometheus.io/scrape"]
[INFO] Auditing path $.sourceController.metrics.service.clusterIP
[INFO] Auditing path $.sourceController.metrics.service.externalTrafficPolicy
[INFO] Auditing path $.sourceController.metrics.service.extraPorts
[INFO] Auditing path $.sourceController.metrics.service.loadBalancerIP
[INFO] Auditing path $.sourceController.metrics.service.loadBalancerSourceRanges
[INFO] Auditing path $.sourceController.metrics.service.nodePorts
[INFO] Auditing path $.sourceController.metrics.service.nodePorts.metrics
[INFO] Auditing path $.sourceController.metrics.service.ports
[INFO] Auditing path $.sourceController.metrics.service.ports.metrics
[INFO] Auditing path $.sourceController.metrics.service.sessionAffinity
[INFO] Auditing path $.sourceController.metrics.service.sessionAffinityConfig
[INFO] Auditing path $.sourceController.metrics.service.type
[INFO] Auditing path $.sourceController.metrics.serviceMonitor
[INFO] Auditing path $.sourceController.metrics.serviceMonitor.annotations
[INFO] Auditing path $.sourceController.metrics.serviceMonitor.enabled
[INFO] Auditing path $.sourceController.metrics.serviceMonitor.honorLabels
[INFO] Auditing path $.sourceController.metrics.serviceMonitor.interval
[INFO] Auditing path $.sourceController.metrics.serviceMonitor.jobLabel
[INFO] Auditing path $.sourceController.metrics.serviceMonitor.labels
[INFO] Auditing path $.sourceController.metrics.serviceMonitor.metricRelabelings
[INFO] Auditing path $.sourceController.metrics.serviceMonitor.namespace
[INFO] Auditing path $.sourceController.metrics.serviceMonitor.relabelings
[INFO] Auditing path $.sourceController.metrics.serviceMonitor.scrapeTimeout
[INFO] Auditing path $.sourceController.metrics.serviceMonitor.selector
[INFO] Auditing path $.sourceController.networkPolicy
[INFO] Auditing path $.sourceController.networkPolicy.allowExternal
[INFO] Auditing path $.sourceController.networkPolicy.allowExternalEgress
[INFO] Auditing path $.sourceController.networkPolicy.enabled
[INFO] Auditing path $.sourceController.networkPolicy.extraEgress
[INFO] Auditing path $.sourceController.networkPolicy.extraFromClauses
[INFO] Auditing path $.sourceController.networkPolicy.extraIngress
[INFO] Auditing path $.sourceController.networkPolicy.ingressNSMatchLabels
[INFO] Auditing path $.sourceController.networkPolicy.ingressNSMatchLabels[*]
[INFO] Auditing path $.sourceController.networkPolicy.ingressNSPodMatchLabels
[INFO] Auditing path $.sourceController.networkPolicy.ingressNSPodMatchLabels[*]
[INFO] Auditing path $.sourceController.networkPolicy.kubeAPIServerPorts
[INFO] Auditing path $.sourceController.networkPolicy.kubeAPIServerPorts[*]
[INFO] Auditing path $.sourceController.nodeAffinityPreset
[INFO] Auditing path $.sourceController.nodeAffinityPreset.key
[INFO] Auditing path $.sourceController.nodeAffinityPreset.type
[INFO] Auditing path $.sourceController.nodeAffinityPreset.values
[INFO] Auditing path $.sourceController.nodeSelector
[INFO] Auditing path $.sourceController.pdb
[INFO] Auditing path $.sourceController.pdb.create
[INFO] Auditing path $.sourceController.pdb.maxUnavailable
[INFO] Auditing path $.sourceController.pdb.minAvailable
[INFO] Auditing path $.sourceController.persistence
[INFO] Auditing path $.sourceController.persistence.accessMode
[INFO] Auditing path $.sourceController.persistence.accessModes
[INFO] Auditing path $.sourceController.persistence.accessModes[*]
[INFO] Auditing path $.sourceController.persistence.annotations
[INFO] Auditing path $.sourceController.persistence.dataSource
[INFO] Auditing path $.sourceController.persistence.enabled
[INFO] Auditing path $.sourceController.persistence.existingClaim
[INFO] Auditing path $.sourceController.persistence.mountPath
[INFO] Auditing path $.sourceController.persistence.resourcePolicy
[INFO] Auditing path $.sourceController.persistence.selector
[INFO] Auditing path $.sourceController.persistence.size
[INFO] Auditing path $.sourceController.persistence.storageClass
[INFO] Auditing path $.sourceController.podAffinityPreset
[INFO] Auditing path $.sourceController.podAnnotations
[INFO] Auditing path $.sourceController.podAntiAffinityPreset
[INFO] Auditing path $.sourceController.podLabels
[INFO] Auditing path $.sourceController.podSecurityContext
[INFO] Auditing path $.sourceController.podSecurityContext.enabled
[INFO] Auditing path $.sourceController.podSecurityContext.fsGroup
[INFO] Auditing path $.sourceController.podSecurityContext.fsGroupChangePolicy
[INFO] Auditing path $.sourceController.podSecurityContext.supplementalGroups
[INFO] Auditing path $.sourceController.podSecurityContext.sysctls
[INFO] Auditing path $.sourceController.priorityClassName
[INFO] Auditing path $.sourceController.rbac
[INFO] Auditing path $.sourceController.rbac.create
[INFO] Auditing path $.sourceController.rbac.rules
[INFO] Auditing path $.sourceController.readinessProbe
[INFO] Auditing path $.sourceController.readinessProbe.enabled
[INFO] Auditing path $.sourceController.readinessProbe.failureThreshold
[INFO] Auditing path $.sourceController.readinessProbe.initialDelaySeconds
[INFO] Auditing path $.sourceController.readinessProbe.periodSeconds
[INFO] Auditing path $.sourceController.readinessProbe.successThreshold
[INFO] Auditing path $.sourceController.readinessProbe.timeoutSeconds
[INFO] Auditing path $.sourceController.replicaCount
[INFO] Auditing path $.sourceController.resources
[INFO] Auditing path $.sourceController.resourcesPreset
[INFO] Auditing path $.sourceController.schedulerName
[INFO] Auditing path $.sourceController.service
[INFO] Auditing path $.sourceController.service.annotations
[INFO] Auditing path $.sourceController.service.annotations["prometheus.io/port"]
[INFO] Auditing path $.sourceController.service.annotations["prometheus.io/scrape"]
[INFO] Auditing path $.sourceController.service.clusterIP
[INFO] Auditing path $.sourceController.service.externalTrafficPolicy
[INFO] Auditing path $.sourceController.service.extraPorts
[INFO] Auditing path $.sourceController.service.loadBalancerIP
[INFO] Auditing path $.sourceController.service.loadBalancerSourceRanges
[INFO] Auditing path $.sourceController.service.nodePorts
[INFO] Auditing path $.sourceController.service.nodePorts.http
[INFO] Auditing path $.sourceController.service.ports
[INFO] Auditing path $.sourceController.service.ports.http
[INFO] Auditing path $.sourceController.service.sessionAffinity
[INFO] Auditing path $.sourceController.service.sessionAffinityConfig
[INFO] Auditing path $.sourceController.service.type
[INFO] Auditing path $.sourceController.serviceAccount
[INFO] Auditing path $.sourceController.serviceAccount.annotations
[INFO] Auditing path $.sourceController.serviceAccount.automountServiceAccountToken
[INFO] Auditing path $.sourceController.serviceAccount.create
[INFO] Auditing path $.sourceController.serviceAccount.name
[INFO] Auditing path $.sourceController.sidecars
[INFO] Auditing path $.sourceController.startupProbe
[INFO] Auditing path $.sourceController.startupProbe.enabled
[INFO] Auditing path $.sourceController.startupProbe.failureThreshold
[INFO] Auditing path $.sourceController.startupProbe.initialDelaySeconds
[INFO] Auditing path $.sourceController.startupProbe.periodSeconds
[INFO] Auditing path $.sourceController.startupProbe.successThreshold
[INFO] Auditing path $.sourceController.startupProbe.timeoutSeconds
[INFO] Auditing path $.sourceController.terminationGracePeriodSeconds
[INFO] Auditing path $.sourceController.tolerations
[INFO] Auditing path $.sourceController.topologySpreadConstraints
[INFO] Auditing path $.sourceController.updateStrategy
[INFO] Auditing path $.sourceController.updateStrategy.type
[INFO] Auditing path $.sourceController.watchAllNamespaces
[INFO] Auditing path $.sourceController
[INFO] Auditing path $.volumePermissions.containerSecurityContext
[INFO] Auditing path $.volumePermissions.containerSecurityContext.enabled
[INFO] Auditing path $.volumePermissions.containerSecurityContext.runAsUser
[INFO] Auditing path $.volumePermissions.containerSecurityContext.seLinuxOptions
[INFO] Auditing path $.volumePermissions.enabled
[INFO] Auditing path $.volumePermissions.image
[INFO] Auditing path $.volumePermissions.image.digest
[INFO] Auditing path $.volumePermissions.image.pullPolicy
[INFO] Auditing path $.volumePermissions.image.pullSecrets
[INFO] Auditing path $.volumePermissions.image.registry
[INFO] Auditing path $.volumePermissions.image.repository
[INFO] Auditing path $.volumePermissions.image.tag
[INFO] Auditing path $.volumePermissions.resources
[INFO] Auditing path $.volumePermissions.resourcesPreset
[INFO] Auditing path $.volumePermissions
