[INFO] Auditing path $.activeRecordEncryptionDeterministicKey
[INFO] Auditing path $.activeRecordEncryptionKeyDerivationSalt
[INFO] Auditing path $.activeRecordEncryptionPrimaryKey
[INFO] Auditing path $.adminEmail
[INFO] Auditing path $.adminPassword
[INFO] Auditing path $.adminUser
[INFO] Auditing path $.apache.containerPorts
[INFO] Auditing path $.apache.containerPorts.http
[INFO] Auditing path $.apache.enabled
[INFO] Auditing path $.apache.ingress
[INFO] Auditing path $.apache.ingress.enabled
[INFO] Auditing path $.apache.ingress.hostname
[INFO] Auditing path $.apache.readinessProbe
[INFO] Auditing path $.apache.readinessProbe.path
[INFO] Auditing path $.apache.service
[INFO] Auditing path $.apache.service.loadBalancerIP
[INFO] Auditing path $.apache.service.ports
[INFO] Auditing path $.apache.service.ports.http
[INFO] Auditing path $.apache.service.type
[INFO] Auditing path $.apache.startupProbe
[INFO] Auditing path $.apache.startupProbe.path
[INFO] Auditing path $.apache.vhostsConfigMap
[INFO] Auditing path $.apache
[INFO] Auditing path $.clusterDomain
[INFO] Auditing path $.commonAnnotations
[INFO] Auditing path $.commonLabels
[INFO] Auditing path $.defaultInitContainers.prepareDirs
[INFO] Auditing path $.defaultInitContainers.prepareDirs.containerSecurityContext
[INFO] Auditing path $.defaultInitContainers.prepareDirs.containerSecurityContext.allowPrivilegeEscalation
[INFO] Auditing path $.defaultInitContainers.prepareDirs.containerSecurityContext.capabilities
[INFO] Auditing path $.defaultInitContainers.prepareDirs.containerSecurityContext.capabilities.drop
[INFO] Auditing path $.defaultInitContainers.prepareDirs.containerSecurityContext.enabled
[INFO] Auditing path $.defaultInitContainers.prepareDirs.containerSecurityContext.privileged
[INFO] Auditing path $.defaultInitContainers.prepareDirs.containerSecurityContext.readOnlyRootFilesystem
[INFO] Auditing path $.defaultInitContainers.prepareDirs.containerSecurityContext.runAsGroup
[INFO] Auditing path $.defaultInitContainers.prepareDirs.containerSecurityContext.runAsNonRoot
[INFO] Auditing path $.defaultInitContainers.prepareDirs.containerSecurityContext.runAsUser
[INFO] Auditing path $.defaultInitContainers.prepareDirs.containerSecurityContext.seLinuxOptions
[INFO] Auditing path $.defaultInitContainers.prepareDirs.containerSecurityContext.seccompProfile
[INFO] Auditing path $.defaultInitContainers.prepareDirs.containerSecurityContext.seccompProfile.type
[INFO] Auditing path $.defaultInitContainers.prepareDirs.enabled
[INFO] Auditing path $.defaultInitContainers.prepareDirs.resources
[INFO] Auditing path $.defaultInitContainers.prepareDirs.resourcesPreset
[INFO] Auditing path $.defaultInitContainers.volumePermissions
[INFO] Auditing path $.defaultInitContainers.volumePermissions.containerSecurityContext
[INFO] Auditing path $.defaultInitContainers.volumePermissions.containerSecurityContext.runAsUser
[INFO] Auditing path $.defaultInitContainers.volumePermissions.containerSecurityContext.seLinuxOptions
[INFO] Auditing path $.defaultInitContainers.volumePermissions.enabled
[INFO] Auditing path $.defaultInitContainers.volumePermissions.image
[INFO] Auditing path $.defaultInitContainers.volumePermissions.image.pullPolicy
[INFO] Auditing path $.defaultInitContainers.volumePermissions.image.pullSecrets
[INFO] Auditing path $.defaultInitContainers.volumePermissions.image.registry
[INFO] Auditing path $.defaultInitContainers.volumePermissions.image.repository
[INFO] Auditing path $.defaultInitContainers.volumePermissions.image.tag
[INFO] Auditing path $.defaultInitContainers.volumePermissions.resources
[INFO] Auditing path $.defaultInitContainers.volumePermissions.resourcesPreset
[INFO] Auditing path $.defaultInitContainers.waitForBackends
[INFO] Auditing path $.defaultInitContainers.waitForBackends.containerSecurityContext
[INFO] Auditing path $.defaultInitContainers.waitForBackends.containerSecurityContext.allowPrivilegeEscalation
[INFO] Auditing path $.defaultInitContainers.waitForBackends.containerSecurityContext.capabilities
[INFO] Auditing path $.defaultInitContainers.waitForBackends.containerSecurityContext.capabilities.drop
[INFO] Auditing path $.defaultInitContainers.waitForBackends.containerSecurityContext.enabled
[INFO] Auditing path $.defaultInitContainers.waitForBackends.containerSecurityContext.privileged
[INFO] Auditing path $.defaultInitContainers.waitForBackends.containerSecurityContext.readOnlyRootFilesystem
[INFO] Auditing path $.defaultInitContainers.waitForBackends.containerSecurityContext.runAsGroup
[INFO] Auditing path $.defaultInitContainers.waitForBackends.containerSecurityContext.runAsNonRoot
[INFO] Auditing path $.defaultInitContainers.waitForBackends.containerSecurityContext.runAsUser
[INFO] Auditing path $.defaultInitContainers.waitForBackends.containerSecurityContext.seLinuxOptions
[INFO] Auditing path $.defaultInitContainers.waitForBackends.containerSecurityContext.seccompProfile
[INFO] Auditing path $.defaultInitContainers.waitForBackends.containerSecurityContext.seccompProfile.type
[INFO] Auditing path $.defaultInitContainers.waitForBackends.enabled
[INFO] Auditing path $.defaultInitContainers.waitForBackends.resources
[INFO] Auditing path $.defaultInitContainers.waitForBackends.resourcesPreset
[INFO] Auditing path $.defaultInitContainers
[INFO] Auditing path $.defaultLocale
[INFO] Auditing path $.diagnosticMode.args
[INFO] Auditing path $.diagnosticMode.command
[INFO] Auditing path $.diagnosticMode.enabled
[INFO] Auditing path $.diagnosticMode
[INFO] Auditing path $.elasticsearch.containerPorts.restAPI
[INFO] Auditing path $.elasticsearch.coordinating
[INFO] Auditing path $.elasticsearch.coordinating.replicaCount
[INFO] Auditing path $.elasticsearch.data
[INFO] Auditing path $.elasticsearch.data.replicaCount
[INFO] Auditing path $.elasticsearch.enabled
[INFO] Auditing path $.elasticsearch.ingest
[INFO] Auditing path $.elasticsearch.ingest.replicaCount
[INFO] Auditing path $.elasticsearch.master
[INFO] Auditing path $.elasticsearch.master.replicaCount
[INFO] Auditing path $.elasticsearch.security
[INFO] Auditing path $.elasticsearch.security.enabled
[INFO] Auditing path $.elasticsearch.security.existingSecret
[INFO] Auditing path $.elasticsearch.security.tls
[INFO] Auditing path $.elasticsearch.security.tls.restEncryption
[INFO] Auditing path $.elasticsearch.service
[INFO] Auditing path $.elasticsearch.service.ports
[INFO] Auditing path $.elasticsearch.service.ports.restAPI
[INFO] Auditing path $.elasticsearch.sysctlImage
[INFO] Auditing path $.elasticsearch.sysctlImage.enabled
[INFO] Auditing path $.elasticsearch
[INFO] Auditing path $.enableS3
[INFO] Auditing path $.enableSearches
[INFO] Auditing path $.environment
[INFO] Auditing path $.existingConfigmap
[INFO] Auditing path $.existingSecret
[INFO] Auditing path $.externalDatabase.database
[INFO] Auditing path $.externalDatabase.existingSecret
[INFO] Auditing path $.externalDatabase.existingSecretPasswordKey
[INFO] Auditing path $.externalDatabase.host
[INFO] Auditing path $.externalDatabase.password
[INFO] Auditing path $.externalDatabase.port
[INFO] Auditing path $.externalDatabase.user
[INFO] Auditing path $.externalDatabase
[INFO] Auditing path $.externalElasticsearch.existingSecret
[INFO] Auditing path $.externalElasticsearch.existingSecretPasswordKey
[INFO] Auditing path $.externalElasticsearch.host
[INFO] Auditing path $.externalElasticsearch.password
[INFO] Auditing path $.externalElasticsearch.port
[INFO] Auditing path $.externalElasticsearch
[INFO] Auditing path $.externalRedis.existingSecret
[INFO] Auditing path $.externalRedis.existingSecretPasswordKey
[INFO] Auditing path $.externalRedis.host
[INFO] Auditing path $.externalRedis.password
[INFO] Auditing path $.externalRedis.port
[INFO] Auditing path $.externalRedis
[INFO] Auditing path $.externalS3.accessKeyID
[INFO] Auditing path $.externalS3.accessKeySecret
[INFO] Auditing path $.externalS3.bucket
[INFO] Auditing path $.externalS3.existingSecret
[INFO] Auditing path $.externalS3.existingSecretAccessKeyIDKey
[INFO] Auditing path $.externalS3.existingSecretKeySecretKey
[INFO] Auditing path $.externalS3.host
[INFO] Auditing path $.externalS3.port
[INFO] Auditing path $.externalS3.protocol
[INFO] Auditing path $.externalS3.region
[INFO] Auditing path $.externalS3
[INFO] Auditing path $.extraConfig
[INFO] Auditing path $.extraConfigExistingConfigmap
[INFO] Auditing path $.extraConfigExistingSecret
[INFO] Auditing path $.extraDeploy[*]
[INFO] Auditing path $.extraDeploy
[INFO] Auditing path $.extraSecretConfig
[INFO] Auditing path $.forceHttpsS3Protocol
[INFO] Auditing path $.fullnameOverride
[INFO] Auditing path $.global.compatibility
[INFO] Auditing path $.global.compatibility.openshift
[INFO] Auditing path $.global.compatibility.openshift.adaptSecurityContext
[INFO] Auditing path $.global.defaultStorageClass
[INFO] Auditing path $.global.imagePullSecrets
[INFO] Auditing path $.global.imageRegistry
[INFO] Auditing path $.global.security
[INFO] Auditing path $.global.security.allowInsecureImages
[INFO] Auditing path $.global
[INFO] Auditing path $.image.debug
[INFO] Auditing path $.image.digest
[INFO] Auditing path $.image.pullPolicy
[INFO] Auditing path $.image.pullSecrets
[INFO] Auditing path $.image.registry
[INFO] Auditing path $.image.repository
[INFO] Auditing path $.image.tag
[INFO] Auditing path $.image
[INFO] Auditing path $.initJob.annotations
[INFO] Auditing path $.initJob.annotations["helm.sh/hook"]
[INFO] Auditing path $.initJob.annotations["helm.sh/hook-delete-policy"]
[INFO] Auditing path $.initJob.annotations["helm.sh/hook-weight"]
[INFO] Auditing path $.initJob.automountServiceAccountToken
[INFO] Auditing path $.initJob.backoffLimit
[INFO] Auditing path $.initJob.extraVolumes
[INFO] Auditing path $.initJob.hostAliases
[INFO] Auditing path $.initJob.migrateAndCreateAdmin
[INFO] Auditing path $.initJob.migrateAndCreateAdmin.containerSecurityContext
[INFO] Auditing path $.initJob.migrateAndCreateAdmin.containerSecurityContext.allowPrivilegeEscalation
[INFO] Auditing path $.initJob.migrateAndCreateAdmin.containerSecurityContext.capabilities
[INFO] Auditing path $.initJob.migrateAndCreateAdmin.containerSecurityContext.capabilities.drop
[INFO] Auditing path $.initJob.migrateAndCreateAdmin.containerSecurityContext.enabled
[INFO] Auditing path $.initJob.migrateAndCreateAdmin.containerSecurityContext.privileged
[INFO] Auditing path $.initJob.migrateAndCreateAdmin.containerSecurityContext.readOnlyRootFilesystem
[INFO] Auditing path $.initJob.migrateAndCreateAdmin.containerSecurityContext.runAsGroup
[INFO] Auditing path $.initJob.migrateAndCreateAdmin.containerSecurityContext.runAsNonRoot
[INFO] Auditing path $.initJob.migrateAndCreateAdmin.containerSecurityContext.runAsUser
[INFO] Auditing path $.initJob.migrateAndCreateAdmin.containerSecurityContext.seLinuxOptions
[INFO] Auditing path $.initJob.migrateAndCreateAdmin.containerSecurityContext.seccompProfile
[INFO] Auditing path $.initJob.migrateAndCreateAdmin.containerSecurityContext.seccompProfile.type
[INFO] Auditing path $.initJob.migrateAndCreateAdmin.createAdmin
[INFO] Auditing path $.initJob.migrateAndCreateAdmin.enabled
[INFO] Auditing path $.initJob.migrateAndCreateAdmin.extraEnvVars
[INFO] Auditing path $.initJob.migrateAndCreateAdmin.extraEnvVarsCM
[INFO] Auditing path $.initJob.migrateAndCreateAdmin.extraEnvVarsSecret
[INFO] Auditing path $.initJob.migrateAndCreateAdmin.extraVolumeMounts
[INFO] Auditing path $.initJob.migrateAndCreateAdmin.migrateDB
[INFO] Auditing path $.initJob.migrateAndCreateAdmin.migrateElasticsearch
[INFO] Auditing path $.initJob.migrateAndCreateAdmin.resources
[INFO] Auditing path $.initJob.migrateAndCreateAdmin.resourcesPreset
[INFO] Auditing path $.initJob.networkPolicy
[INFO] Auditing path $.initJob.networkPolicy.allowExternal
[INFO] Auditing path $.initJob.networkPolicy.allowExternalEgress
[INFO] Auditing path $.initJob.networkPolicy.enabled
[INFO] Auditing path $.initJob.networkPolicy.extraEgress
[INFO] Auditing path $.initJob.networkPolicy.extraIngress
[INFO] Auditing path $.initJob.networkPolicy.ingressNSMatchLabels
[INFO] Auditing path $.initJob.networkPolicy.ingressNSPodMatchLabels
[INFO] Auditing path $.initJob.podAnnotations
[INFO] Auditing path $.initJob.podLabels
[INFO] Auditing path $.initJob.podSecurityContext
[INFO] Auditing path $.initJob.podSecurityContext.enabled
[INFO] Auditing path $.initJob.podSecurityContext.fsGroup
[INFO] Auditing path $.initJob.podSecurityContext.fsGroupChangePolicy
[INFO] Auditing path $.initJob.podSecurityContext.supplementalGroups
[INFO] Auditing path $.initJob.podSecurityContext.sysctls
[INFO] Auditing path $.initJob.precompileAssets
[INFO] Auditing path $.initJob.precompileAssets.containerSecurityContext
[INFO] Auditing path $.initJob.precompileAssets.containerSecurityContext.allowPrivilegeEscalation
[INFO] Auditing path $.initJob.precompileAssets.containerSecurityContext.capabilities
[INFO] Auditing path $.initJob.precompileAssets.containerSecurityContext.capabilities.drop
[INFO] Auditing path $.initJob.precompileAssets.containerSecurityContext.enabled
[INFO] Auditing path $.initJob.precompileAssets.containerSecurityContext.privileged
[INFO] Auditing path $.initJob.precompileAssets.containerSecurityContext.readOnlyRootFilesystem
[INFO] Auditing path $.initJob.precompileAssets.containerSecurityContext.runAsGroup
[INFO] Auditing path $.initJob.precompileAssets.containerSecurityContext.runAsNonRoot
[INFO] Auditing path $.initJob.precompileAssets.containerSecurityContext.runAsUser
[INFO] Auditing path $.initJob.precompileAssets.containerSecurityContext.seLinuxOptions
[INFO] Auditing path $.initJob.precompileAssets.containerSecurityContext.seccompProfile
[INFO] Auditing path $.initJob.precompileAssets.containerSecurityContext.seccompProfile.type
[INFO] Auditing path $.initJob.precompileAssets.enabled
[INFO] Auditing path $.initJob.precompileAssets.extraEnvVars
[INFO] Auditing path $.initJob.precompileAssets.extraEnvVarsCM
[INFO] Auditing path $.initJob.precompileAssets.extraEnvVarsSecret
[INFO] Auditing path $.initJob.precompileAssets.extraVolumeMounts
[INFO] Auditing path $.initJob.precompileAssets.resources
[INFO] Auditing path $.initJob.precompileAssets.resourcesPreset
[INFO] Auditing path $.initJob
[INFO] Auditing path $.kubeVersion
[INFO] Auditing path $.localDomain
[INFO] Auditing path $.local_https
[INFO] Auditing path $.minio.auth
[INFO] Auditing path $.minio.auth.existingSecret
[INFO] Auditing path $.minio.auth.rootPassword
[INFO] Auditing path $.minio.auth.rootUser
[INFO] Auditing path $.minio.console
[INFO] Auditing path $.minio.console.enabled
[INFO] Auditing path $.minio.containerPorts.api
[INFO] Auditing path $.minio.defaultBuckets
[INFO] Auditing path $.minio.enabled
[INFO] Auditing path $.minio.provisioning
[INFO] Auditing path $.minio.provisioning.enabled
[INFO] Auditing path $.minio.provisioning.extraCommands
[INFO] Auditing path $.minio.service
[INFO] Auditing path $.minio.service.loadBalancerIP
[INFO] Auditing path $.minio.service.ports
[INFO] Auditing path $.minio.service.ports.api
[INFO] Auditing path $.minio.service.type
[INFO] Auditing path $.minio.tls
[INFO] Auditing path $.minio.tls.enabled
[INFO] Auditing path $.minio
[INFO] Auditing path $.nameOverride
[INFO] Auditing path $.namespaceOverride
[INFO] Auditing path $.otpSecret
[INFO] Auditing path $.persistence.accessModes
[INFO] Auditing path $.persistence.accessModes[*]
[INFO] Auditing path $.persistence.annotations
[INFO] Auditing path $.persistence.dataSource
[INFO] Auditing path $.persistence.enabled
[INFO] Auditing path $.persistence.existingClaim
[INFO] Auditing path $.persistence.mountPath
[INFO] Auditing path $.persistence.selector
[INFO] Auditing path $.persistence.size
[INFO] Auditing path $.persistence.storageClass
[INFO] Auditing path $.persistence.subPath
[INFO] Auditing path $.persistence
[INFO] Auditing path $.postgresql.architecture
[INFO] Auditing path $.postgresql.auth
[INFO] Auditing path $.postgresql.auth.database
[INFO] Auditing path $.postgresql.auth.existingSecret
[INFO] Auditing path $.postgresql.auth.password
[INFO] Auditing path $.postgresql.auth.username
[INFO] Auditing path $.postgresql.containerPorts.postgresql
[INFO] Auditing path $.postgresql.enabled
[INFO] Auditing path $.postgresql.primary
[INFO] Auditing path $.postgresql.primary.service
[INFO] Auditing path $.postgresql.primary.service.ports
[INFO] Auditing path $.postgresql.primary.service.ports.postgresql
[INFO] Auditing path $.postgresql
[INFO] Auditing path $.redis.architecture
[INFO] Auditing path $.redis.auth
[INFO] Auditing path $.redis.auth.enabled
[INFO] Auditing path $.redis.auth.existingSecret
[INFO] Auditing path $.redis.auth.password
[INFO] Auditing path $.redis.enabled
[INFO] Auditing path $.redis.existingSecret
[INFO] Auditing path $.redis.master
[INFO] Auditing path $.redis.master.containerPorts.redis
[INFO] Auditing path $.redis.master.service
[INFO] Auditing path $.redis.master.service.ports
[INFO] Auditing path $.redis.master.service.ports.redis
[INFO] Auditing path $.redis
[INFO] Auditing path $.s3AliasHost
[INFO] Auditing path $.secretKeyBase
[INFO] Auditing path $.serviceAccount.annotations
[INFO] Auditing path $.serviceAccount.automountServiceAccountToken
[INFO] Auditing path $.serviceAccount.create
[INFO] Auditing path $.serviceAccount.name
[INFO] Auditing path $.serviceAccount
[INFO] Auditing path $.sidekiq.affinity
[INFO] Auditing path $.sidekiq.args
[INFO] Auditing path $.sidekiq.automountServiceAccountToken
[INFO] Auditing path $.sidekiq.command
[INFO] Auditing path $.sidekiq.containerSecurityContext
[INFO] Auditing path $.sidekiq.containerSecurityContext.allowPrivilegeEscalation
[INFO] Auditing path $.sidekiq.containerSecurityContext.capabilities
[INFO] Auditing path $.sidekiq.containerSecurityContext.capabilities.drop
[INFO] Auditing path $.sidekiq.containerSecurityContext.enabled
[INFO] Auditing path $.sidekiq.containerSecurityContext.privileged
[INFO] Auditing path $.sidekiq.containerSecurityContext.readOnlyRootFilesystem
[INFO] Auditing path $.sidekiq.containerSecurityContext.runAsGroup
[INFO] Auditing path $.sidekiq.containerSecurityContext.runAsNonRoot
[INFO] Auditing path $.sidekiq.containerSecurityContext.runAsUser
[INFO] Auditing path $.sidekiq.containerSecurityContext.seLinuxOptions
[INFO] Auditing path $.sidekiq.containerSecurityContext.seccompProfile
[INFO] Auditing path $.sidekiq.containerSecurityContext.seccompProfile.type
[INFO] Auditing path $.sidekiq.customLivenessProbe
[INFO] Auditing path $.sidekiq.customReadinessProbe
[INFO] Auditing path $.sidekiq.customStartupProbe
[INFO] Auditing path $.sidekiq.extraEnvVars
[INFO] Auditing path $.sidekiq.extraEnvVarsCM
[INFO] Auditing path $.sidekiq.extraEnvVarsSecret
[INFO] Auditing path $.sidekiq.extraVolumeMounts
[INFO] Auditing path $.sidekiq.extraVolumes
[INFO] Auditing path $.sidekiq.hostAliases
[INFO] Auditing path $.sidekiq.initContainers
[INFO] Auditing path $.sidekiq.lifecycleHooks
[INFO] Auditing path $.sidekiq.livenessProbe
[INFO] Auditing path $.sidekiq.livenessProbe.enabled
[INFO] Auditing path $.sidekiq.livenessProbe.failureThreshold
[INFO] Auditing path $.sidekiq.livenessProbe.initialDelaySeconds
[INFO] Auditing path $.sidekiq.livenessProbe.periodSeconds
[INFO] Auditing path $.sidekiq.livenessProbe.successThreshold
[INFO] Auditing path $.sidekiq.livenessProbe.timeoutSeconds
[INFO] Auditing path $.sidekiq.networkPolicy
[INFO] Auditing path $.sidekiq.networkPolicy.allowExternal
[INFO] Auditing path $.sidekiq.networkPolicy.allowExternalEgress
[INFO] Auditing path $.sidekiq.networkPolicy.enabled
[INFO] Auditing path $.sidekiq.networkPolicy.extraEgress
[INFO] Auditing path $.sidekiq.networkPolicy.extraIngress
[INFO] Auditing path $.sidekiq.networkPolicy.ingressNSMatchLabels
[INFO] Auditing path $.sidekiq.networkPolicy.ingressNSPodMatchLabels
[INFO] Auditing path $.sidekiq.nodeAffinityPreset
[INFO] Auditing path $.sidekiq.nodeAffinityPreset.key
[INFO] Auditing path $.sidekiq.nodeAffinityPreset.type
[INFO] Auditing path $.sidekiq.nodeAffinityPreset.values
[INFO] Auditing path $.sidekiq.nodeSelector
[INFO] Auditing path $.sidekiq.pdb
[INFO] Auditing path $.sidekiq.pdb.create
[INFO] Auditing path $.sidekiq.pdb.maxUnavailable
[INFO] Auditing path $.sidekiq.pdb.minAvailable
[INFO] Auditing path $.sidekiq.podAffinityPreset
[INFO] Auditing path $.sidekiq.podAnnotations
[INFO] Auditing path $.sidekiq.podAntiAffinityPreset
[INFO] Auditing path $.sidekiq.podLabels
[INFO] Auditing path $.sidekiq.podSecurityContext
[INFO] Auditing path $.sidekiq.podSecurityContext.enabled
[INFO] Auditing path $.sidekiq.podSecurityContext.fsGroup
[INFO] Auditing path $.sidekiq.podSecurityContext.fsGroupChangePolicy
[INFO] Auditing path $.sidekiq.podSecurityContext.supplementalGroups
[INFO] Auditing path $.sidekiq.podSecurityContext.sysctls
[INFO] Auditing path $.sidekiq.priorityClassName
[INFO] Auditing path $.sidekiq.readinessProbe
[INFO] Auditing path $.sidekiq.readinessProbe.enabled
[INFO] Auditing path $.sidekiq.readinessProbe.failureThreshold
[INFO] Auditing path $.sidekiq.readinessProbe.initialDelaySeconds
[INFO] Auditing path $.sidekiq.readinessProbe.periodSeconds
[INFO] Auditing path $.sidekiq.readinessProbe.successThreshold
[INFO] Auditing path $.sidekiq.readinessProbe.timeoutSeconds
[INFO] Auditing path $.sidekiq.replicaCount
[INFO] Auditing path $.sidekiq.resources
[INFO] Auditing path $.sidekiq.resourcesPreset
[INFO] Auditing path $.sidekiq.schedulerName
[INFO] Auditing path $.sidekiq.sidecars
[INFO] Auditing path $.sidekiq.startupProbe
[INFO] Auditing path $.sidekiq.startupProbe.enabled
[INFO] Auditing path $.sidekiq.startupProbe.failureThreshold
[INFO] Auditing path $.sidekiq.startupProbe.initialDelaySeconds
[INFO] Auditing path $.sidekiq.startupProbe.periodSeconds
[INFO] Auditing path $.sidekiq.startupProbe.successThreshold
[INFO] Auditing path $.sidekiq.startupProbe.timeoutSeconds
[INFO] Auditing path $.sidekiq.terminationGracePeriodSeconds
[INFO] Auditing path $.sidekiq.tolerations
[INFO] Auditing path $.sidekiq.topologySpreadConstraints
[INFO] Auditing path $.sidekiq.updateStrategy
[INFO] Auditing path $.sidekiq.updateStrategy.type
[INFO] Auditing path $.sidekiq
[INFO] Auditing path $.smtp.auth_method
[INFO] Auditing path $.smtp.ca_file
[INFO] Auditing path $.smtp.delivery_method
[INFO] Auditing path $.smtp.domain
[INFO] Auditing path $.smtp.enable_starttls_auto
[INFO] Auditing path $.smtp.existingSecret
[INFO] Auditing path $.smtp.existingSecretLoginKey
[INFO] Auditing path $.smtp.existingSecretPasswordKey
[INFO] Auditing path $.smtp.existingSecretServerKey
[INFO] Auditing path $.smtp.from_address
[INFO] Auditing path $.smtp.login
[INFO] Auditing path $.smtp.openssl_verify_mode
[INFO] Auditing path $.smtp.password
[INFO] Auditing path $.smtp.port
[INFO] Auditing path $.smtp.reply_to
[INFO] Auditing path $.smtp.server
[INFO] Auditing path $.smtp.tls
[INFO] Auditing path $.smtp
[INFO] Auditing path $.streaming.affinity
[INFO] Auditing path $.streaming.args
[INFO] Auditing path $.streaming.automountServiceAccountToken
[INFO] Auditing path $.streaming.command
[INFO] Auditing path $.streaming.containerPorts
[INFO] Auditing path $.streaming.containerPorts.http
[INFO] Auditing path $.streaming.containerSecurityContext
[INFO] Auditing path $.streaming.containerSecurityContext.allowPrivilegeEscalation
[INFO] Auditing path $.streaming.containerSecurityContext.capabilities
[INFO] Auditing path $.streaming.containerSecurityContext.capabilities.drop
[INFO] Auditing path $.streaming.containerSecurityContext.enabled
[INFO] Auditing path $.streaming.containerSecurityContext.privileged
[INFO] Auditing path $.streaming.containerSecurityContext.readOnlyRootFilesystem
[INFO] Auditing path $.streaming.containerSecurityContext.runAsGroup
[INFO] Auditing path $.streaming.containerSecurityContext.runAsNonRoot
[INFO] Auditing path $.streaming.containerSecurityContext.runAsUser
[INFO] Auditing path $.streaming.containerSecurityContext.seLinuxOptions
[INFO] Auditing path $.streaming.containerSecurityContext.seccompProfile
[INFO] Auditing path $.streaming.containerSecurityContext.seccompProfile.type
[INFO] Auditing path $.streaming.customLivenessProbe
[INFO] Auditing path $.streaming.customReadinessProbe
[INFO] Auditing path $.streaming.customStartupProbe
[INFO] Auditing path $.streaming.extraEnvVars
[INFO] Auditing path $.streaming.extraEnvVarsCM
[INFO] Auditing path $.streaming.extraEnvVarsSecret
[INFO] Auditing path $.streaming.extraVolumeMounts
[INFO] Auditing path $.streaming.extraVolumes
[INFO] Auditing path $.streaming.hostAliases
[INFO] Auditing path $.streaming.initContainers
[INFO] Auditing path $.streaming.lifecycleHooks
[INFO] Auditing path $.streaming.livenessProbe
[INFO] Auditing path $.streaming.livenessProbe.enabled
[INFO] Auditing path $.streaming.livenessProbe.failureThreshold
[INFO] Auditing path $.streaming.livenessProbe.initialDelaySeconds
[INFO] Auditing path $.streaming.livenessProbe.periodSeconds
[INFO] Auditing path $.streaming.livenessProbe.successThreshold
[INFO] Auditing path $.streaming.livenessProbe.timeoutSeconds
[INFO] Auditing path $.streaming.networkPolicy
[INFO] Auditing path $.streaming.networkPolicy.allowExternal
[INFO] Auditing path $.streaming.networkPolicy.allowExternalEgress
[INFO] Auditing path $.streaming.networkPolicy.enabled
[INFO] Auditing path $.streaming.networkPolicy.extraEgress
[INFO] Auditing path $.streaming.networkPolicy.extraIngress
[INFO] Auditing path $.streaming.networkPolicy.ingressNSMatchLabels
[INFO] Auditing path $.streaming.networkPolicy.ingressNSMatchLabels[*]
[INFO] Auditing path $.streaming.networkPolicy.ingressNSPodMatchLabels
[INFO] Auditing path $.streaming.networkPolicy.ingressNSPodMatchLabels[*]
[INFO] Auditing path $.streaming.nodeAffinityPreset
[INFO] Auditing path $.streaming.nodeAffinityPreset.key
[INFO] Auditing path $.streaming.nodeAffinityPreset.type
[INFO] Auditing path $.streaming.nodeAffinityPreset.values
[INFO] Auditing path $.streaming.nodeSelector
[INFO] Auditing path $.streaming.pdb
[INFO] Auditing path $.streaming.pdb.create
[INFO] Auditing path $.streaming.pdb.maxUnavailable
[INFO] Auditing path $.streaming.pdb.minAvailable
[INFO] Auditing path $.streaming.podAffinityPreset
[INFO] Auditing path $.streaming.podAnnotations
[INFO] Auditing path $.streaming.podAntiAffinityPreset
[INFO] Auditing path $.streaming.podLabels
[INFO] Auditing path $.streaming.podSecurityContext
[INFO] Auditing path $.streaming.podSecurityContext.enabled
[INFO] Auditing path $.streaming.podSecurityContext.fsGroup
[INFO] Auditing path $.streaming.podSecurityContext.fsGroupChangePolicy
[INFO] Auditing path $.streaming.podSecurityContext.supplementalGroups
[INFO] Auditing path $.streaming.podSecurityContext.sysctls
[INFO] Auditing path $.streaming.priorityClassName
[INFO] Auditing path $.streaming.readinessProbe
[INFO] Auditing path $.streaming.readinessProbe.enabled
[INFO] Auditing path $.streaming.readinessProbe.failureThreshold
[INFO] Auditing path $.streaming.readinessProbe.initialDelaySeconds
[INFO] Auditing path $.streaming.readinessProbe.periodSeconds
[INFO] Auditing path $.streaming.readinessProbe.successThreshold
[INFO] Auditing path $.streaming.readinessProbe.timeoutSeconds
[INFO] Auditing path $.streaming.replicaCount
[INFO] Auditing path $.streaming.resources
[INFO] Auditing path $.streaming.resourcesPreset
[INFO] Auditing path $.streaming.schedulerName
[INFO] Auditing path $.streaming.service
[INFO] Auditing path $.streaming.service.annotations
[INFO] Auditing path $.streaming.service.clusterIP
[INFO] Auditing path $.streaming.service.externalTrafficPolicy
[INFO] Auditing path $.streaming.service.extraPorts
[INFO] Auditing path $.streaming.service.loadBalancerIP
[INFO] Auditing path $.streaming.service.loadBalancerSourceRanges
[INFO] Auditing path $.streaming.service.nodePorts
[INFO] Auditing path $.streaming.service.nodePorts.http
[INFO] Auditing path $.streaming.service.ports
[INFO] Auditing path $.streaming.service.ports.http
[INFO] Auditing path $.streaming.service.sessionAffinity
[INFO] Auditing path $.streaming.service.sessionAffinityConfig
[INFO] Auditing path $.streaming.service.type
[INFO] Auditing path $.streaming.sidecars
[INFO] Auditing path $.streaming.startupProbe
[INFO] Auditing path $.streaming.startupProbe.enabled
[INFO] Auditing path $.streaming.startupProbe.failureThreshold
[INFO] Auditing path $.streaming.startupProbe.initialDelaySeconds
[INFO] Auditing path $.streaming.startupProbe.periodSeconds
[INFO] Auditing path $.streaming.startupProbe.successThreshold
[INFO] Auditing path $.streaming.startupProbe.timeoutSeconds
[INFO] Auditing path $.streaming.terminationGracePeriodSeconds
[INFO] Auditing path $.streaming.tolerations
[INFO] Auditing path $.streaming.topologySpreadConstraints
[INFO] Auditing path $.streaming.updateStrategy
[INFO] Auditing path $.streaming.updateStrategy.type
[INFO] Auditing path $.streaming
[INFO] Auditing path $.tootctlMediaManagement.concurrencyPolicy
[INFO] Auditing path $.tootctlMediaManagement.cronSchedule
[INFO] Auditing path $.tootctlMediaManagement.enabled
[INFO] Auditing path $.tootctlMediaManagement.failedJobsHistoryLimit
[INFO] Auditing path $.tootctlMediaManagement.includeFollows
[INFO] Auditing path $.tootctlMediaManagement.networkPolicy
[INFO] Auditing path $.tootctlMediaManagement.networkPolicy.allowExternal
[INFO] Auditing path $.tootctlMediaManagement.networkPolicy.allowExternalEgress
[INFO] Auditing path $.tootctlMediaManagement.networkPolicy.enabled
[INFO] Auditing path $.tootctlMediaManagement.networkPolicy.extraEgress
[INFO] Auditing path $.tootctlMediaManagement.networkPolicy.extraIngress
[INFO] Auditing path $.tootctlMediaManagement.networkPolicy.ingressNSMatchLabels
[INFO] Auditing path $.tootctlMediaManagement.networkPolicy.ingressNSPodMatchLabels
[INFO] Auditing path $.tootctlMediaManagement.podLabels
[INFO] Auditing path $.tootctlMediaManagement.removeAttachments
[INFO] Auditing path $.tootctlMediaManagement.removeAttachmentsDays
[INFO] Auditing path $.tootctlMediaManagement.removeAvatars
[INFO] Auditing path $.tootctlMediaManagement.removeAvatarsDays
[INFO] Auditing path $.tootctlMediaManagement.removeCustomEmoji
[INFO] Auditing path $.tootctlMediaManagement.removeHeaders
[INFO] Auditing path $.tootctlMediaManagement.removeHeadersDays
[INFO] Auditing path $.tootctlMediaManagement.removeOrphans
[INFO] Auditing path $.tootctlMediaManagement.removePreviewCards
[INFO] Auditing path $.tootctlMediaManagement.removePreviewCardsDays
[INFO] Auditing path $.tootctlMediaManagement.successfulJobsHistoryLimit
[INFO] Auditing path $.tootctlMediaManagement
[INFO] Auditing path $.usePasswordFiles
[INFO] Auditing path $.useSecureWebSocket
[INFO] Auditing path $.vapidPrivateKey
[INFO] Auditing path $.vapidPublicKey
[INFO] Auditing path $.web.affinity
[INFO] Auditing path $.web.args
[INFO] Auditing path $.web.automountServiceAccountToken
[INFO] Auditing path $.web.command
[INFO] Auditing path $.web.containerPorts
[INFO] Auditing path $.web.containerPorts.http
[INFO] Auditing path $.web.containerSecurityContext
[INFO] Auditing path $.web.containerSecurityContext.allowPrivilegeEscalation
[INFO] Auditing path $.web.containerSecurityContext.capabilities
[INFO] Auditing path $.web.containerSecurityContext.capabilities.drop
[INFO] Auditing path $.web.containerSecurityContext.enabled
[INFO] Auditing path $.web.containerSecurityContext.privileged
[INFO] Auditing path $.web.containerSecurityContext.readOnlyRootFilesystem
[INFO] Auditing path $.web.containerSecurityContext.runAsGroup
[INFO] Auditing path $.web.containerSecurityContext.runAsNonRoot
[INFO] Auditing path $.web.containerSecurityContext.runAsUser
[INFO] Auditing path $.web.containerSecurityContext.seLinuxOptions
[INFO] Auditing path $.web.containerSecurityContext.seccompProfile
[INFO] Auditing path $.web.containerSecurityContext.seccompProfile.type
[INFO] Auditing path $.web.customLivenessProbe
[INFO] Auditing path $.web.customReadinessProbe
[INFO] Auditing path $.web.customStartupProbe
[INFO] Auditing path $.web.extraEnvVars
[INFO] Auditing path $.web.extraEnvVarsCM
[INFO] Auditing path $.web.extraEnvVarsSecret
[INFO] Auditing path $.web.extraVolumeMounts
[INFO] Auditing path $.web.extraVolumes
[INFO] Auditing path $.web.hostAliases
[INFO] Auditing path $.web.initContainers
[INFO] Auditing path $.web.lifecycleHooks
[INFO] Auditing path $.web.livenessProbe
[INFO] Auditing path $.web.livenessProbe.enabled
[INFO] Auditing path $.web.livenessProbe.failureThreshold
[INFO] Auditing path $.web.livenessProbe.initialDelaySeconds
[INFO] Auditing path $.web.livenessProbe.periodSeconds
[INFO] Auditing path $.web.livenessProbe.successThreshold
[INFO] Auditing path $.web.livenessProbe.timeoutSeconds
[INFO] Auditing path $.web.networkPolicy
[INFO] Auditing path $.web.networkPolicy.allowExternal
[INFO] Auditing path $.web.networkPolicy.allowExternalEgress
[INFO] Auditing path $.web.networkPolicy.enabled
[INFO] Auditing path $.web.networkPolicy.extraEgress
[INFO] Auditing path $.web.networkPolicy.extraIngress
[INFO] Auditing path $.web.networkPolicy.ingressNSMatchLabels
[INFO] Auditing path $.web.networkPolicy.ingressNSMatchLabels[*]
[INFO] Auditing path $.web.networkPolicy.ingressNSPodMatchLabels
[INFO] Auditing path $.web.networkPolicy.ingressNSPodMatchLabels[*]
[INFO] Auditing path $.web.nodeAffinityPreset
[INFO] Auditing path $.web.nodeAffinityPreset.key
[INFO] Auditing path $.web.nodeAffinityPreset.type
[INFO] Auditing path $.web.nodeAffinityPreset.values
[INFO] Auditing path $.web.nodeSelector
[INFO] Auditing path $.web.pdb
[INFO] Auditing path $.web.pdb.create
[INFO] Auditing path $.web.pdb.maxUnavailable
[INFO] Auditing path $.web.pdb.minAvailable
[INFO] Auditing path $.web.podAffinityPreset
[INFO] Auditing path $.web.podAnnotations
[INFO] Auditing path $.web.podAntiAffinityPreset
[INFO] Auditing path $.web.podLabels
[INFO] Auditing path $.web.podSecurityContext
[INFO] Auditing path $.web.podSecurityContext.enabled
[INFO] Auditing path $.web.podSecurityContext.fsGroup
[INFO] Auditing path $.web.podSecurityContext.fsGroupChangePolicy
[INFO] Auditing path $.web.podSecurityContext.supplementalGroups
[INFO] Auditing path $.web.podSecurityContext.sysctls
[INFO] Auditing path $.web.priorityClassName
[INFO] Auditing path $.web.readinessProbe
[INFO] Auditing path $.web.readinessProbe.enabled
[INFO] Auditing path $.web.readinessProbe.failureThreshold
[INFO] Auditing path $.web.readinessProbe.initialDelaySeconds
[INFO] Auditing path $.web.readinessProbe.periodSeconds
[INFO] Auditing path $.web.readinessProbe.successThreshold
[INFO] Auditing path $.web.readinessProbe.timeoutSeconds
[INFO] Auditing path $.web.replicaCount
[INFO] Auditing path $.web.resources
[INFO] Auditing path $.web.resourcesPreset
[INFO] Auditing path $.web.schedulerName
[INFO] Auditing path $.web.service
[INFO] Auditing path $.web.service.annotations
[INFO] Auditing path $.web.service.clusterIP
[INFO] Auditing path $.web.service.externalTrafficPolicy
[INFO] Auditing path $.web.service.extraPorts
[INFO] Auditing path $.web.service.loadBalancerIP
[INFO] Auditing path $.web.service.loadBalancerSourceRanges
[INFO] Auditing path $.web.service.nodePorts
[INFO] Auditing path $.web.service.nodePorts.http
[INFO] Auditing path $.web.service.ports
[INFO] Auditing path $.web.service.ports.http
[INFO] Auditing path $.web.service.sessionAffinity
[INFO] Auditing path $.web.service.sessionAffinityConfig
[INFO] Auditing path $.web.service.type
[INFO] Auditing path $.web.sidecars
[INFO] Auditing path $.web.startupProbe
[INFO] Auditing path $.web.startupProbe.enabled
[INFO] Auditing path $.web.startupProbe.failureThreshold
[INFO] Auditing path $.web.startupProbe.initialDelaySeconds
[INFO] Auditing path $.web.startupProbe.periodSeconds
[INFO] Auditing path $.web.startupProbe.successThreshold
[INFO] Auditing path $.web.startupProbe.timeoutSeconds
[INFO] Auditing path $.web.terminationGracePeriodSeconds
[INFO] Auditing path $.web.tolerations
[INFO] Auditing path $.web.topologySpreadConstraints
[INFO] Auditing path $.web.updateStrategy
[INFO] Auditing path $.web.updateStrategy.type
[INFO] Auditing path $.web
[INFO] Auditing path $.webDomain
