[INFO] Auditing path $.alertmanager.affinity
[INFO] Auditing path $.alertmanager.args
[INFO] Auditing path $.alertmanager.automountServiceAccountToken
[INFO] Auditing path $.alertmanager.blockStorage
[INFO] Auditing path $.alertmanager.blockStorage.backend
[INFO] Auditing path $.alertmanager.blockStorage.config
[INFO] Auditing path $.alertmanager.command
[INFO] Auditing path $.alertmanager.containerSecurityContext
[INFO] Auditing path $.alertmanager.containerSecurityContext.allowPrivilegeEscalation
[INFO] Auditing path $.alertmanager.containerSecurityContext.capabilities
[INFO] Auditing path $.alertmanager.containerSecurityContext.capabilities.drop
[INFO] Auditing path $.alertmanager.containerSecurityContext.enabled
[INFO] Auditing path $.alertmanager.containerSecurityContext.privileged
[INFO] Auditing path $.alertmanager.containerSecurityContext.readOnlyRootFilesystem
[INFO] Auditing path $.alertmanager.containerSecurityContext.runAsGroup
[INFO] Auditing path $.alertmanager.containerSecurityContext.runAsNonRoot
[INFO] Auditing path $.alertmanager.containerSecurityContext.runAsUser
[INFO] Auditing path $.alertmanager.containerSecurityContext.seLinuxOptions
[INFO] Auditing path $.alertmanager.containerSecurityContext.seccompProfile
[INFO] Auditing path $.alertmanager.containerSecurityContext.seccompProfile.type
[INFO] Auditing path $.alertmanager.customLivenessProbe
[INFO] Auditing path $.alertmanager.customReadinessProbe
[INFO] Auditing path $.alertmanager.customStartupProbe
[INFO] Auditing path $.alertmanager.enabled
[INFO] Auditing path $.alertmanager.extraArgs
[INFO] Auditing path $.alertmanager.extraEnvVars
[INFO] Auditing path $.alertmanager.extraEnvVarsCM
[INFO] Auditing path $.alertmanager.extraEnvVarsSecret
[INFO] Auditing path $.alertmanager.extraVolumeMounts
[INFO] Auditing path $.alertmanager.extraVolumes
[INFO] Auditing path $.alertmanager.hostAliases
[INFO] Auditing path $.alertmanager.initContainers
[INFO] Auditing path $.alertmanager.lifecycleHooks
[INFO] Auditing path $.alertmanager.livenessProbe
[INFO] Auditing path $.alertmanager.livenessProbe.enabled
[INFO] Auditing path $.alertmanager.livenessProbe.failureThreshold
[INFO] Auditing path $.alertmanager.livenessProbe.initialDelaySeconds
[INFO] Auditing path $.alertmanager.livenessProbe.periodSeconds
[INFO] Auditing path $.alertmanager.livenessProbe.successThreshold
[INFO] Auditing path $.alertmanager.livenessProbe.timeoutSeconds
[INFO] Auditing path $.alertmanager.networkPolicy
[INFO] Auditing path $.alertmanager.networkPolicy.allowExternal
[INFO] Auditing path $.alertmanager.networkPolicy.allowExternalEgress
[INFO] Auditing path $.alertmanager.networkPolicy.enabled
[INFO] Auditing path $.alertmanager.networkPolicy.extraEgress
[INFO] Auditing path $.alertmanager.networkPolicy.extraIngress
[INFO] Auditing path $.alertmanager.networkPolicy.ingressNSMatchLabels
[INFO] Auditing path $.alertmanager.networkPolicy.ingressNSMatchLabels[*]
[INFO] Auditing path $.alertmanager.networkPolicy.ingressNSPodMatchLabels
[INFO] Auditing path $.alertmanager.networkPolicy.ingressNSPodMatchLabels[*]
[INFO] Auditing path $.alertmanager.nodeAffinityPreset
[INFO] Auditing path $.alertmanager.nodeAffinityPreset.key
[INFO] Auditing path $.alertmanager.nodeAffinityPreset.type
[INFO] Auditing path $.alertmanager.nodeAffinityPreset.values
[INFO] Auditing path $.alertmanager.nodeSelector
[INFO] Auditing path $.alertmanager.pdb
[INFO] Auditing path $.alertmanager.pdb.create
[INFO] Auditing path $.alertmanager.pdb.maxUnavailable
[INFO] Auditing path $.alertmanager.pdb.minAvailable
[INFO] Auditing path $.alertmanager.persistence
[INFO] Auditing path $.alertmanager.persistence.accessModes
[INFO] Auditing path $.alertmanager.persistence.annotations
[INFO] Auditing path $.alertmanager.persistence.dataSource
[INFO] Auditing path $.alertmanager.persistence.enabled
[INFO] Auditing path $.alertmanager.persistence.selector
[INFO] Auditing path $.alertmanager.persistence.size
[INFO] Auditing path $.alertmanager.persistence.storageClass
[INFO] Auditing path $.alertmanager.podAffinityPreset
[INFO] Auditing path $.alertmanager.podAnnotations
[INFO] Auditing path $.alertmanager.podAntiAffinityPreset
[INFO] Auditing path $.alertmanager.podLabels
[INFO] Auditing path $.alertmanager.podManagementPolicy
[INFO] Auditing path $.alertmanager.podSecurityContext
[INFO] Auditing path $.alertmanager.podSecurityContext.enabled
[INFO] Auditing path $.alertmanager.podSecurityContext.fsGroup
[INFO] Auditing path $.alertmanager.podSecurityContext.fsGroupChangePolicy
[INFO] Auditing path $.alertmanager.podSecurityContext.supplementalGroups
[INFO] Auditing path $.alertmanager.podSecurityContext.sysctls
[INFO] Auditing path $.alertmanager.priorityClassName
[INFO] Auditing path $.alertmanager.readinessProbe
[INFO] Auditing path $.alertmanager.readinessProbe.enabled
[INFO] Auditing path $.alertmanager.readinessProbe.failureThreshold
[INFO] Auditing path $.alertmanager.readinessProbe.initialDelaySeconds
[INFO] Auditing path $.alertmanager.readinessProbe.periodSeconds
[INFO] Auditing path $.alertmanager.readinessProbe.successThreshold
[INFO] Auditing path $.alertmanager.readinessProbe.timeoutSeconds
[INFO] Auditing path $.alertmanager.replicaCount
[INFO] Auditing path $.alertmanager.resources
[INFO] Auditing path $.alertmanager.resourcesPreset
[INFO] Auditing path $.alertmanager.schedulerName
[INFO] Auditing path $.alertmanager.service
[INFO] Auditing path $.alertmanager.service.annotations
[INFO] Auditing path $.alertmanager.service.clusterIP
[INFO] Auditing path $.alertmanager.service.externalTrafficPolicy
[INFO] Auditing path $.alertmanager.service.extraPorts
[INFO] Auditing path $.alertmanager.service.headless
[INFO] Auditing path $.alertmanager.service.headless.annotations
[INFO] Auditing path $.alertmanager.service.loadBalancerIP
[INFO] Auditing path $.alertmanager.service.loadBalancerSourceRanges
[INFO] Auditing path $.alertmanager.service.nodePorts
[INFO] Auditing path $.alertmanager.service.nodePorts.grpc
[INFO] Auditing path $.alertmanager.service.nodePorts.http
[INFO] Auditing path $.alertmanager.service.ports
[INFO] Auditing path $.alertmanager.service.ports.grpc
[INFO] Auditing path $.alertmanager.service.ports.http
[INFO] Auditing path $.alertmanager.service.sessionAffinity
[INFO] Auditing path $.alertmanager.service.sessionAffinityConfig
[INFO] Auditing path $.alertmanager.service.type
[INFO] Auditing path $.alertmanager.sidecars
[INFO] Auditing path $.alertmanager.startupProbe
[INFO] Auditing path $.alertmanager.startupProbe.enabled
[INFO] Auditing path $.alertmanager.startupProbe.failureThreshold
[INFO] Auditing path $.alertmanager.startupProbe.initialDelaySeconds
[INFO] Auditing path $.alertmanager.startupProbe.periodSeconds
[INFO] Auditing path $.alertmanager.startupProbe.successThreshold
[INFO] Auditing path $.alertmanager.startupProbe.timeoutSeconds
[INFO] Auditing path $.alertmanager.terminationGracePeriodSeconds
[INFO] Auditing path $.alertmanager.tolerations
[INFO] Auditing path $.alertmanager.topologySpreadConstraints
[INFO] Auditing path $.alertmanager.updateStrategy
[INFO] Auditing path $.alertmanager.updateStrategy.rollingUpdate
[INFO] Auditing path $.alertmanager.updateStrategy.type
[INFO] Auditing path $.alertmanager
[INFO] Auditing path $.clusterDomain
[INFO] Auditing path $.commonAnnotations
[INFO] Auditing path $.commonLabels
[INFO] Auditing path $.compactor.affinity
[INFO] Auditing path $.compactor.args
[INFO] Auditing path $.compactor.automountServiceAccountToken
[INFO] Auditing path $.compactor.command
[INFO] Auditing path $.compactor.containerSecurityContext
[INFO] Auditing path $.compactor.containerSecurityContext.allowPrivilegeEscalation
[INFO] Auditing path $.compactor.containerSecurityContext.capabilities
[INFO] Auditing path $.compactor.containerSecurityContext.capabilities.drop
[INFO] Auditing path $.compactor.containerSecurityContext.enabled
[INFO] Auditing path $.compactor.containerSecurityContext.privileged
[INFO] Auditing path $.compactor.containerSecurityContext.readOnlyRootFilesystem
[INFO] Auditing path $.compactor.containerSecurityContext.runAsGroup
[INFO] Auditing path $.compactor.containerSecurityContext.runAsNonRoot
[INFO] Auditing path $.compactor.containerSecurityContext.runAsUser
[INFO] Auditing path $.compactor.containerSecurityContext.seLinuxOptions
[INFO] Auditing path $.compactor.containerSecurityContext.seccompProfile
[INFO] Auditing path $.compactor.containerSecurityContext.seccompProfile.type
[INFO] Auditing path $.compactor.customLivenessProbe
[INFO] Auditing path $.compactor.customReadinessProbe
[INFO] Auditing path $.compactor.customStartupProbe
[INFO] Auditing path $.compactor.extraArgs
[INFO] Auditing path $.compactor.extraEnvVars
[INFO] Auditing path $.compactor.extraEnvVarsCM
[INFO] Auditing path $.compactor.extraEnvVarsSecret
[INFO] Auditing path $.compactor.extraVolumeMounts
[INFO] Auditing path $.compactor.extraVolumes
[INFO] Auditing path $.compactor.hostAliases
[INFO] Auditing path $.compactor.initContainers
[INFO] Auditing path $.compactor.lifecycleHooks
[INFO] Auditing path $.compactor.livenessProbe
[INFO] Auditing path $.compactor.livenessProbe.enabled
[INFO] Auditing path $.compactor.livenessProbe.failureThreshold
[INFO] Auditing path $.compactor.livenessProbe.initialDelaySeconds
[INFO] Auditing path $.compactor.livenessProbe.periodSeconds
[INFO] Auditing path $.compactor.livenessProbe.successThreshold
[INFO] Auditing path $.compactor.livenessProbe.timeoutSeconds
[INFO] Auditing path $.compactor.networkPolicy
[INFO] Auditing path $.compactor.networkPolicy.allowExternal
[INFO] Auditing path $.compactor.networkPolicy.allowExternalEgress
[INFO] Auditing path $.compactor.networkPolicy.enabled
[INFO] Auditing path $.compactor.networkPolicy.extraEgress
[INFO] Auditing path $.compactor.networkPolicy.extraIngress
[INFO] Auditing path $.compactor.networkPolicy.ingressNSMatchLabels
[INFO] Auditing path $.compactor.networkPolicy.ingressNSMatchLabels[*]
[INFO] Auditing path $.compactor.networkPolicy.ingressNSPodMatchLabels
[INFO] Auditing path $.compactor.networkPolicy.ingressNSPodMatchLabels[*]
[INFO] Auditing path $.compactor.nodeAffinityPreset
[INFO] Auditing path $.compactor.nodeAffinityPreset.key
[INFO] Auditing path $.compactor.nodeAffinityPreset.type
[INFO] Auditing path $.compactor.nodeAffinityPreset.values
[INFO] Auditing path $.compactor.nodeSelector
[INFO] Auditing path $.compactor.pdb
[INFO] Auditing path $.compactor.pdb.create
[INFO] Auditing path $.compactor.pdb.maxUnavailable
[INFO] Auditing path $.compactor.pdb.minAvailable
[INFO] Auditing path $.compactor.persistence
[INFO] Auditing path $.compactor.persistence.accessModes
[INFO] Auditing path $.compactor.persistence.annotations
[INFO] Auditing path $.compactor.persistence.dataSource
[INFO] Auditing path $.compactor.persistence.enabled
[INFO] Auditing path $.compactor.persistence.selector
[INFO] Auditing path $.compactor.persistence.size
[INFO] Auditing path $.compactor.persistence.storageClass
[INFO] Auditing path $.compactor.podAffinityPreset
[INFO] Auditing path $.compactor.podAnnotations
[INFO] Auditing path $.compactor.podAntiAffinityPreset
[INFO] Auditing path $.compactor.podLabels
[INFO] Auditing path $.compactor.podManagementPolicy
[INFO] Auditing path $.compactor.podSecurityContext
[INFO] Auditing path $.compactor.podSecurityContext.enabled
[INFO] Auditing path $.compactor.podSecurityContext.fsGroup
[INFO] Auditing path $.compactor.podSecurityContext.fsGroupChangePolicy
[INFO] Auditing path $.compactor.podSecurityContext.supplementalGroups
[INFO] Auditing path $.compactor.podSecurityContext.sysctls
[INFO] Auditing path $.compactor.priorityClassName
[INFO] Auditing path $.compactor.readinessProbe
[INFO] Auditing path $.compactor.readinessProbe.enabled
[INFO] Auditing path $.compactor.readinessProbe.failureThreshold
[INFO] Auditing path $.compactor.readinessProbe.initialDelaySeconds
[INFO] Auditing path $.compactor.readinessProbe.periodSeconds
[INFO] Auditing path $.compactor.readinessProbe.successThreshold
[INFO] Auditing path $.compactor.readinessProbe.timeoutSeconds
[INFO] Auditing path $.compactor.replicaCount
[INFO] Auditing path $.compactor.resources
[INFO] Auditing path $.compactor.resourcesPreset
[INFO] Auditing path $.compactor.schedulerName
[INFO] Auditing path $.compactor.service
[INFO] Auditing path $.compactor.service.annotations
[INFO] Auditing path $.compactor.service.clusterIP
[INFO] Auditing path $.compactor.service.externalTrafficPolicy
[INFO] Auditing path $.compactor.service.extraPorts
[INFO] Auditing path $.compactor.service.loadBalancerIP
[INFO] Auditing path $.compactor.service.loadBalancerSourceRanges
[INFO] Auditing path $.compactor.service.nodePorts
[INFO] Auditing path $.compactor.service.nodePorts.grpc
[INFO] Auditing path $.compactor.service.nodePorts.http
[INFO] Auditing path $.compactor.service.ports
[INFO] Auditing path $.compactor.service.ports.grpc
[INFO] Auditing path $.compactor.service.ports.http
[INFO] Auditing path $.compactor.service.sessionAffinity
[INFO] Auditing path $.compactor.service.sessionAffinityConfig
[INFO] Auditing path $.compactor.service.type
[INFO] Auditing path $.compactor.sidecars
[INFO] Auditing path $.compactor.startupProbe
[INFO] Auditing path $.compactor.startupProbe.enabled
[INFO] Auditing path $.compactor.startupProbe.failureThreshold
[INFO] Auditing path $.compactor.startupProbe.initialDelaySeconds
[INFO] Auditing path $.compactor.startupProbe.periodSeconds
[INFO] Auditing path $.compactor.startupProbe.successThreshold
[INFO] Auditing path $.compactor.startupProbe.timeoutSeconds
[INFO] Auditing path $.compactor.terminationGracePeriodSeconds
[INFO] Auditing path $.compactor.tolerations
[INFO] Auditing path $.compactor.topologySpreadConstraints
[INFO] Auditing path $.compactor.updateStrategy
[INFO] Auditing path $.compactor.updateStrategy.rollingUpdate
[INFO] Auditing path $.compactor.updateStrategy.type
[INFO] Auditing path $.compactor
[INFO] Auditing path $.diagnosticMode.args
[INFO] Auditing path $.diagnosticMode.command
[INFO] Auditing path $.diagnosticMode.enabled
[INFO] Auditing path $.diagnosticMode
[INFO] Auditing path $.distributor.affinity
[INFO] Auditing path $.distributor.args
[INFO] Auditing path $.distributor.automountServiceAccountToken
[INFO] Auditing path $.distributor.command
[INFO] Auditing path $.distributor.containerSecurityContext
[INFO] Auditing path $.distributor.containerSecurityContext.allowPrivilegeEscalation
[INFO] Auditing path $.distributor.containerSecurityContext.capabilities
[INFO] Auditing path $.distributor.containerSecurityContext.capabilities.drop
[INFO] Auditing path $.distributor.containerSecurityContext.enabled
[INFO] Auditing path $.distributor.containerSecurityContext.privileged
[INFO] Auditing path $.distributor.containerSecurityContext.readOnlyRootFilesystem
[INFO] Auditing path $.distributor.containerSecurityContext.runAsGroup
[INFO] Auditing path $.distributor.containerSecurityContext.runAsNonRoot
[INFO] Auditing path $.distributor.containerSecurityContext.runAsUser
[INFO] Auditing path $.distributor.containerSecurityContext.seLinuxOptions
[INFO] Auditing path $.distributor.containerSecurityContext.seccompProfile
[INFO] Auditing path $.distributor.containerSecurityContext.seccompProfile.type
[INFO] Auditing path $.distributor.customLivenessProbe
[INFO] Auditing path $.distributor.customReadinessProbe
[INFO] Auditing path $.distributor.customStartupProbe
[INFO] Auditing path $.distributor.extraArgs
[INFO] Auditing path $.distributor.extraEnvVars
[INFO] Auditing path $.distributor.extraEnvVarsCM
[INFO] Auditing path $.distributor.extraEnvVarsSecret
[INFO] Auditing path $.distributor.extraVolumeMounts
[INFO] Auditing path $.distributor.extraVolumes
[INFO] Auditing path $.distributor.hostAliases
[INFO] Auditing path $.distributor.initContainers
[INFO] Auditing path $.distributor.lifecycleHooks
[INFO] Auditing path $.distributor.livenessProbe
[INFO] Auditing path $.distributor.livenessProbe.enabled
[INFO] Auditing path $.distributor.livenessProbe.failureThreshold
[INFO] Auditing path $.distributor.livenessProbe.initialDelaySeconds
[INFO] Auditing path $.distributor.livenessProbe.periodSeconds
[INFO] Auditing path $.distributor.livenessProbe.successThreshold
[INFO] Auditing path $.distributor.livenessProbe.timeoutSeconds
[INFO] Auditing path $.distributor.networkPolicy
[INFO] Auditing path $.distributor.networkPolicy.allowExternal
[INFO] Auditing path $.distributor.networkPolicy.allowExternalEgress
[INFO] Auditing path $.distributor.networkPolicy.enabled
[INFO] Auditing path $.distributor.networkPolicy.extraEgress
[INFO] Auditing path $.distributor.networkPolicy.extraIngress
[INFO] Auditing path $.distributor.networkPolicy.ingressNSMatchLabels
[INFO] Auditing path $.distributor.networkPolicy.ingressNSMatchLabels[*]
[INFO] Auditing path $.distributor.networkPolicy.ingressNSPodMatchLabels
[INFO] Auditing path $.distributor.networkPolicy.ingressNSPodMatchLabels[*]
[INFO] Auditing path $.distributor.nodeAffinityPreset
[INFO] Auditing path $.distributor.nodeAffinityPreset.key
[INFO] Auditing path $.distributor.nodeAffinityPreset.type
[INFO] Auditing path $.distributor.nodeAffinityPreset.values
[INFO] Auditing path $.distributor.nodeSelector
[INFO] Auditing path $.distributor.pdb
[INFO] Auditing path $.distributor.pdb.create
[INFO] Auditing path $.distributor.pdb.maxUnavailable
[INFO] Auditing path $.distributor.pdb.minAvailable
[INFO] Auditing path $.distributor.podAffinityPreset
[INFO] Auditing path $.distributor.podAnnotations
[INFO] Auditing path $.distributor.podAntiAffinityPreset
[INFO] Auditing path $.distributor.podLabels
[INFO] Auditing path $.distributor.podSecurityContext
[INFO] Auditing path $.distributor.podSecurityContext.enabled
[INFO] Auditing path $.distributor.podSecurityContext.fsGroup
[INFO] Auditing path $.distributor.podSecurityContext.fsGroupChangePolicy
[INFO] Auditing path $.distributor.podSecurityContext.supplementalGroups
[INFO] Auditing path $.distributor.podSecurityContext.sysctls
[INFO] Auditing path $.distributor.priorityClassName
[INFO] Auditing path $.distributor.readinessProbe
[INFO] Auditing path $.distributor.readinessProbe.enabled
[INFO] Auditing path $.distributor.readinessProbe.failureThreshold
[INFO] Auditing path $.distributor.readinessProbe.initialDelaySeconds
[INFO] Auditing path $.distributor.readinessProbe.periodSeconds
[INFO] Auditing path $.distributor.readinessProbe.successThreshold
[INFO] Auditing path $.distributor.readinessProbe.timeoutSeconds
[INFO] Auditing path $.distributor.replicaCount
[INFO] Auditing path $.distributor.resources
[INFO] Auditing path $.distributor.resourcesPreset
[INFO] Auditing path $.distributor.schedulerName
[INFO] Auditing path $.distributor.service
[INFO] Auditing path $.distributor.service.annotations
[INFO] Auditing path $.distributor.service.clusterIP
[INFO] Auditing path $.distributor.service.externalTrafficPolicy
[INFO] Auditing path $.distributor.service.extraPorts
[INFO] Auditing path $.distributor.service.headless
[INFO] Auditing path $.distributor.service.headless.annotations
[INFO] Auditing path $.distributor.service.loadBalancerIP
[INFO] Auditing path $.distributor.service.loadBalancerSourceRanges
[INFO] Auditing path $.distributor.service.nodePorts
[INFO] Auditing path $.distributor.service.nodePorts.grpc
[INFO] Auditing path $.distributor.service.nodePorts.http
[INFO] Auditing path $.distributor.service.ports
[INFO] Auditing path $.distributor.service.ports.grpc
[INFO] Auditing path $.distributor.service.ports.http
[INFO] Auditing path $.distributor.service.sessionAffinity
[INFO] Auditing path $.distributor.service.sessionAffinityConfig
[INFO] Auditing path $.distributor.service.type
[INFO] Auditing path $.distributor.sidecars
[INFO] Auditing path $.distributor.startupProbe
[INFO] Auditing path $.distributor.startupProbe.enabled
[INFO] Auditing path $.distributor.startupProbe.failureThreshold
[INFO] Auditing path $.distributor.startupProbe.initialDelaySeconds
[INFO] Auditing path $.distributor.startupProbe.periodSeconds
[INFO] Auditing path $.distributor.startupProbe.successThreshold
[INFO] Auditing path $.distributor.startupProbe.timeoutSeconds
[INFO] Auditing path $.distributor.terminationGracePeriodSeconds
[INFO] Auditing path $.distributor.tolerations
[INFO] Auditing path $.distributor.topologySpreadConstraints
[INFO] Auditing path $.distributor.updateStrategy
[INFO] Auditing path $.distributor.updateStrategy.rollingUpdate
[INFO] Auditing path $.distributor.updateStrategy.type
[INFO] Auditing path $.distributor
[INFO] Auditing path $.externalMemcachedChunks.host
[INFO] Auditing path $.externalMemcachedChunks.port
[INFO] Auditing path $.externalMemcachedChunks
[INFO] Auditing path $.externalMemcachedFrontend.host
[INFO] Auditing path $.externalMemcachedFrontend.port
[INFO] Auditing path $.externalMemcachedFrontend
[INFO] Auditing path $.externalMemcachedIndex.host
[INFO] Auditing path $.externalMemcachedIndex.port
[INFO] Auditing path $.externalMemcachedIndex
[INFO] Auditing path $.externalMemcachedMetadata.host
[INFO] Auditing path $.externalMemcachedMetadata.port
[INFO] Auditing path $.externalMemcachedMetadata
[INFO] Auditing path $.extraDeploy[*]
[INFO] Auditing path $.extraDeploy
[INFO] Auditing path $.fullnameOverride
[INFO] Auditing path $.gateway.affinity
[INFO] Auditing path $.gateway.args
[INFO] Auditing path $.gateway.auth
[INFO] Auditing path $.gateway.auth.enabled
[INFO] Auditing path $.gateway.auth.existingSecret
[INFO] Auditing path $.gateway.auth.password
[INFO] Auditing path $.gateway.auth.username
[INFO] Auditing path $.gateway.automountServiceAccountToken
[INFO] Auditing path $.gateway.command
[INFO] Auditing path $.gateway.containerPorts
[INFO] Auditing path $.gateway.containerPorts.http
[INFO] Auditing path $.gateway.containerSecurityContext
[INFO] Auditing path $.gateway.containerSecurityContext.allowPrivilegeEscalation
[INFO] Auditing path $.gateway.containerSecurityContext.capabilities
[INFO] Auditing path $.gateway.containerSecurityContext.capabilities.drop
[INFO] Auditing path $.gateway.containerSecurityContext.enabled
[INFO] Auditing path $.gateway.containerSecurityContext.privileged
[INFO] Auditing path $.gateway.containerSecurityContext.readOnlyRootFilesystem
[INFO] Auditing path $.gateway.containerSecurityContext.runAsGroup
[INFO] Auditing path $.gateway.containerSecurityContext.runAsNonRoot
[INFO] Auditing path $.gateway.containerSecurityContext.runAsUser
[INFO] Auditing path $.gateway.containerSecurityContext.seLinuxOptions
[INFO] Auditing path $.gateway.containerSecurityContext.seccompProfile
[INFO] Auditing path $.gateway.containerSecurityContext.seccompProfile.type
[INFO] Auditing path $.gateway.customLivenessProbe
[INFO] Auditing path $.gateway.customReadinessProbe
[INFO] Auditing path $.gateway.customStartupProbe
[INFO] Auditing path $.gateway.enabled
[INFO] Auditing path $.gateway.extraEnvVars
[INFO] Auditing path $.gateway.extraEnvVarsCM
[INFO] Auditing path $.gateway.extraEnvVarsSecret
[INFO] Auditing path $.gateway.extraVolumeMounts
[INFO] Auditing path $.gateway.extraVolumes
[INFO] Auditing path $.gateway.hostAliases
[INFO] Auditing path $.gateway.image
[INFO] Auditing path $.gateway.image.debug
[INFO] Auditing path $.gateway.image.digest
[INFO] Auditing path $.gateway.image.pullPolicy
[INFO] Auditing path $.gateway.image.pullSecrets
[INFO] Auditing path $.gateway.image.registry
[INFO] Auditing path $.gateway.image.repository
[INFO] Auditing path $.gateway.image.tag
[INFO] Auditing path $.gateway.ingress
[INFO] Auditing path $.gateway.ingress.annotations
[INFO] Auditing path $.gateway.ingress.apiVersion
[INFO] Auditing path $.gateway.ingress.enabled
[INFO] Auditing path $.gateway.ingress.extraHosts
[INFO] Auditing path $.gateway.ingress.extraHosts[*].name
[INFO] Auditing path $.gateway.ingress.extraHosts[*].path
[INFO] Auditing path $.gateway.ingress.extraHosts[*].pathType
[INFO] Auditing path $.gateway.ingress.extraPaths
[INFO] Auditing path $.gateway.ingress.extraTls
[INFO] Auditing path $.gateway.ingress.hostname
[INFO] Auditing path $.gateway.ingress.ingressClassName
[INFO] Auditing path $.gateway.ingress.path
[INFO] Auditing path $.gateway.ingress.pathType
[INFO] Auditing path $.gateway.ingress.secrets
[INFO] Auditing path $.gateway.ingress.secrets[*].certificate
[INFO] Auditing path $.gateway.ingress.secrets[*].key
[INFO] Auditing path $.gateway.ingress.secrets[*].name
[INFO] Auditing path $.gateway.ingress.selfSigned
[INFO] Auditing path $.gateway.ingress.tls
[INFO] Auditing path $.gateway.initContainers
[INFO] Auditing path $.gateway.lifecycleHooks
[INFO] Auditing path $.gateway.livenessProbe
[INFO] Auditing path $.gateway.livenessProbe.enabled
[INFO] Auditing path $.gateway.livenessProbe.failureThreshold
[INFO] Auditing path $.gateway.livenessProbe.initialDelaySeconds
[INFO] Auditing path $.gateway.livenessProbe.periodSeconds
[INFO] Auditing path $.gateway.livenessProbe.successThreshold
[INFO] Auditing path $.gateway.livenessProbe.timeoutSeconds
[INFO] Auditing path $.gateway.networkPolicy
[INFO] Auditing path $.gateway.networkPolicy.allowExternal
[INFO] Auditing path $.gateway.networkPolicy.allowExternalEgress
[INFO] Auditing path $.gateway.networkPolicy.enabled
[INFO] Auditing path $.gateway.networkPolicy.extraEgress
[INFO] Auditing path $.gateway.networkPolicy.extraIngress
[INFO] Auditing path $.gateway.networkPolicy.ingressNSMatchLabels
[INFO] Auditing path $.gateway.networkPolicy.ingressNSMatchLabels[*]
[INFO] Auditing path $.gateway.networkPolicy.ingressNSPodMatchLabels
[INFO] Auditing path $.gateway.networkPolicy.ingressNSPodMatchLabels[*]
[INFO] Auditing path $.gateway.nodeAffinityPreset
[INFO] Auditing path $.gateway.nodeAffinityPreset.key
[INFO] Auditing path $.gateway.nodeAffinityPreset.type
[INFO] Auditing path $.gateway.nodeAffinityPreset.values
[INFO] Auditing path $.gateway.nodeSelector
[INFO] Auditing path $.gateway.pdb
[INFO] Auditing path $.gateway.pdb.create
[INFO] Auditing path $.gateway.pdb.maxUnavailable
[INFO] Auditing path $.gateway.pdb.minAvailable
[INFO] Auditing path $.gateway.podAffinityPreset
[INFO] Auditing path $.gateway.podAnnotations
[INFO] Auditing path $.gateway.podAntiAffinityPreset
[INFO] Auditing path $.gateway.podLabels
[INFO] Auditing path $.gateway.podSecurityContext
[INFO] Auditing path $.gateway.podSecurityContext.enabled
[INFO] Auditing path $.gateway.podSecurityContext.fsGroup
[INFO] Auditing path $.gateway.podSecurityContext.fsGroupChangePolicy
[INFO] Auditing path $.gateway.podSecurityContext.supplementalGroups
[INFO] Auditing path $.gateway.podSecurityContext.sysctls
[INFO] Auditing path $.gateway.priorityClassName
[INFO] Auditing path $.gateway.readinessProbe
[INFO] Auditing path $.gateway.readinessProbe.enabled
[INFO] Auditing path $.gateway.readinessProbe.failureThreshold
[INFO] Auditing path $.gateway.readinessProbe.initialDelaySeconds
[INFO] Auditing path $.gateway.readinessProbe.periodSeconds
[INFO] Auditing path $.gateway.readinessProbe.successThreshold
[INFO] Auditing path $.gateway.readinessProbe.timeoutSeconds
[INFO] Auditing path $.gateway.replicaCount
[INFO] Auditing path $.gateway.resources
[INFO] Auditing path $.gateway.resourcesPreset
[INFO] Auditing path $.gateway.schedulerName
[INFO] Auditing path $.gateway.service
[INFO] Auditing path $.gateway.service.annotations
[INFO] Auditing path $.gateway.service.clusterIP
[INFO] Auditing path $.gateway.service.externalTrafficPolicy
[INFO] Auditing path $.gateway.service.extraPorts
[INFO] Auditing path $.gateway.service.loadBalancerIP
[INFO] Auditing path $.gateway.service.loadBalancerSourceRanges
[INFO] Auditing path $.gateway.service.nodePorts
[INFO] Auditing path $.gateway.service.nodePorts.http
[INFO] Auditing path $.gateway.service.ports
[INFO] Auditing path $.gateway.service.ports.http
[INFO] Auditing path $.gateway.service.sessionAffinity
[INFO] Auditing path $.gateway.service.sessionAffinityConfig
[INFO] Auditing path $.gateway.service.type
[INFO] Auditing path $.gateway.sidecars
[INFO] Auditing path $.gateway.startupProbe
[INFO] Auditing path $.gateway.startupProbe.enabled
[INFO] Auditing path $.gateway.startupProbe.failureThreshold
[INFO] Auditing path $.gateway.startupProbe.initialDelaySeconds
[INFO] Auditing path $.gateway.startupProbe.periodSeconds
[INFO] Auditing path $.gateway.startupProbe.successThreshold
[INFO] Auditing path $.gateway.startupProbe.timeoutSeconds
[INFO] Auditing path $.gateway.tolerations
[INFO] Auditing path $.gateway.topologySpreadConstraints
[INFO] Auditing path $.gateway.updateStrategy
[INFO] Auditing path $.gateway.updateStrategy.rollingUpdate
[INFO] Auditing path $.gateway.updateStrategy.type
[INFO] Auditing path $.gateway.verboseLogging
[INFO] Auditing path $.gateway
[INFO] Auditing path $.global.compatibility
[INFO] Auditing path $.global.compatibility.openshift
[INFO] Auditing path $.global.compatibility.openshift.adaptSecurityContext
[INFO] Auditing path $.global.defaultStorageClass
[INFO] Auditing path $.global.imagePullSecrets
[INFO] Auditing path $.global.imageRegistry
[INFO] Auditing path $.global.security
[INFO] Auditing path $.global.security.allowInsecureImages
[INFO] Auditing path $.global
[INFO] Auditing path $.ingester.affinity
[INFO] Auditing path $.ingester.args
[INFO] Auditing path $.ingester.automountServiceAccountToken
[INFO] Auditing path $.ingester.command
[INFO] Auditing path $.ingester.containerSecurityContext
[INFO] Auditing path $.ingester.containerSecurityContext.allowPrivilegeEscalation
[INFO] Auditing path $.ingester.containerSecurityContext.capabilities
[INFO] Auditing path $.ingester.containerSecurityContext.capabilities.drop
[INFO] Auditing path $.ingester.containerSecurityContext.enabled
[INFO] Auditing path $.ingester.containerSecurityContext.privileged
[INFO] Auditing path $.ingester.containerSecurityContext.readOnlyRootFilesystem
[INFO] Auditing path $.ingester.containerSecurityContext.runAsGroup
[INFO] Auditing path $.ingester.containerSecurityContext.runAsNonRoot
[INFO] Auditing path $.ingester.containerSecurityContext.runAsUser
[INFO] Auditing path $.ingester.containerSecurityContext.seLinuxOptions
[INFO] Auditing path $.ingester.containerSecurityContext.seccompProfile
[INFO] Auditing path $.ingester.containerSecurityContext.seccompProfile.type
[INFO] Auditing path $.ingester.customLivenessProbe
[INFO] Auditing path $.ingester.customReadinessProbe
[INFO] Auditing path $.ingester.customStartupProbe
[INFO] Auditing path $.ingester.extraArgs
[INFO] Auditing path $.ingester.extraEnvVars
[INFO] Auditing path $.ingester.extraEnvVarsCM
[INFO] Auditing path $.ingester.extraEnvVarsSecret
[INFO] Auditing path $.ingester.extraVolumeMounts
[INFO] Auditing path $.ingester.extraVolumes
[INFO] Auditing path $.ingester.hostAliases
[INFO] Auditing path $.ingester.initContainers
[INFO] Auditing path $.ingester.lifecycleHooks
[INFO] Auditing path $.ingester.livenessProbe
[INFO] Auditing path $.ingester.livenessProbe.enabled
[INFO] Auditing path $.ingester.livenessProbe.failureThreshold
[INFO] Auditing path $.ingester.livenessProbe.initialDelaySeconds
[INFO] Auditing path $.ingester.livenessProbe.periodSeconds
[INFO] Auditing path $.ingester.livenessProbe.successThreshold
[INFO] Auditing path $.ingester.livenessProbe.timeoutSeconds
[INFO] Auditing path $.ingester.networkPolicy
[INFO] Auditing path $.ingester.networkPolicy.allowExternal
[INFO] Auditing path $.ingester.networkPolicy.allowExternalEgress
[INFO] Auditing path $.ingester.networkPolicy.enabled
[INFO] Auditing path $.ingester.networkPolicy.extraEgress
[INFO] Auditing path $.ingester.networkPolicy.extraIngress
[INFO] Auditing path $.ingester.networkPolicy.ingressNSMatchLabels
[INFO] Auditing path $.ingester.networkPolicy.ingressNSMatchLabels[*]
[INFO] Auditing path $.ingester.networkPolicy.ingressNSPodMatchLabels
[INFO] Auditing path $.ingester.networkPolicy.ingressNSPodMatchLabels[*]
[INFO] Auditing path $.ingester.nodeAffinityPreset
[INFO] Auditing path $.ingester.nodeAffinityPreset.key
[INFO] Auditing path $.ingester.nodeAffinityPreset.type
[INFO] Auditing path $.ingester.nodeAffinityPreset.values
[INFO] Auditing path $.ingester.nodeSelector
[INFO] Auditing path $.ingester.pdb
[INFO] Auditing path $.ingester.pdb.create
[INFO] Auditing path $.ingester.pdb.maxUnavailable
[INFO] Auditing path $.ingester.pdb.minAvailable
[INFO] Auditing path $.ingester.persistence
[INFO] Auditing path $.ingester.persistence.accessModes
[INFO] Auditing path $.ingester.persistence.annotations
[INFO] Auditing path $.ingester.persistence.dataSource
[INFO] Auditing path $.ingester.persistence.enabled
[INFO] Auditing path $.ingester.persistence.selector
[INFO] Auditing path $.ingester.persistence.size
[INFO] Auditing path $.ingester.persistence.storageClass
[INFO] Auditing path $.ingester.podAffinityPreset
[INFO] Auditing path $.ingester.podAnnotations
[INFO] Auditing path $.ingester.podAntiAffinityPreset
[INFO] Auditing path $.ingester.podLabels
[INFO] Auditing path $.ingester.podManagementPolicy
[INFO] Auditing path $.ingester.podSecurityContext
[INFO] Auditing path $.ingester.podSecurityContext.enabled
[INFO] Auditing path $.ingester.podSecurityContext.fsGroup
[INFO] Auditing path $.ingester.podSecurityContext.fsGroupChangePolicy
[INFO] Auditing path $.ingester.podSecurityContext.supplementalGroups
[INFO] Auditing path $.ingester.podSecurityContext.sysctls
[INFO] Auditing path $.ingester.priorityClassName
[INFO] Auditing path $.ingester.readinessProbe
[INFO] Auditing path $.ingester.readinessProbe.enabled
[INFO] Auditing path $.ingester.readinessProbe.failureThreshold
[INFO] Auditing path $.ingester.readinessProbe.initialDelaySeconds
[INFO] Auditing path $.ingester.readinessProbe.periodSeconds
[INFO] Auditing path $.ingester.readinessProbe.successThreshold
[INFO] Auditing path $.ingester.readinessProbe.timeoutSeconds
[INFO] Auditing path $.ingester.replicaCount
[INFO] Auditing path $.ingester.resources
[INFO] Auditing path $.ingester.resourcesPreset
[INFO] Auditing path $.ingester.schedulerName
[INFO] Auditing path $.ingester.service
[INFO] Auditing path $.ingester.service.annotations
[INFO] Auditing path $.ingester.service.clusterIP
[INFO] Auditing path $.ingester.service.externalTrafficPolicy
[INFO] Auditing path $.ingester.service.extraPorts
[INFO] Auditing path $.ingester.service.headless
[INFO] Auditing path $.ingester.service.headless.annotations
[INFO] Auditing path $.ingester.service.loadBalancerIP
[INFO] Auditing path $.ingester.service.loadBalancerSourceRanges
[INFO] Auditing path $.ingester.service.nodePorts
[INFO] Auditing path $.ingester.service.nodePorts.grpc
[INFO] Auditing path $.ingester.service.nodePorts.http
[INFO] Auditing path $.ingester.service.ports
[INFO] Auditing path $.ingester.service.ports.grpc
[INFO] Auditing path $.ingester.service.ports.http
[INFO] Auditing path $.ingester.service.sessionAffinity
[INFO] Auditing path $.ingester.service.sessionAffinityConfig
[INFO] Auditing path $.ingester.service.type
[INFO] Auditing path $.ingester.sidecars
[INFO] Auditing path $.ingester.startupProbe
[INFO] Auditing path $.ingester.startupProbe.enabled
[INFO] Auditing path $.ingester.startupProbe.failureThreshold
[INFO] Auditing path $.ingester.startupProbe.initialDelaySeconds
[INFO] Auditing path $.ingester.startupProbe.periodSeconds
[INFO] Auditing path $.ingester.startupProbe.successThreshold
[INFO] Auditing path $.ingester.startupProbe.timeoutSeconds
[INFO] Auditing path $.ingester.terminationGracePeriodSeconds
[INFO] Auditing path $.ingester.tolerations
[INFO] Auditing path $.ingester.topologySpreadConstraints
[INFO] Auditing path $.ingester.updateStrategy
[INFO] Auditing path $.ingester.updateStrategy.rollingUpdate
[INFO] Auditing path $.ingester.updateStrategy.type
[INFO] Auditing path $.ingester
[INFO] Auditing path $.kubeVersion
[INFO] Auditing path $.memcachedchunks.architecture
[INFO] Auditing path $.memcachedchunks.containerPorts.memcached
[INFO] Auditing path $.memcachedchunks.enabled
[INFO] Auditing path $.memcachedchunks.image
[INFO] Auditing path $.memcachedchunks.image.digest
[INFO] Auditing path $.memcachedchunks.image.registry
[INFO] Auditing path $.memcachedchunks.image.repository
[INFO] Auditing path $.memcachedchunks.image.tag
[INFO] Auditing path $.memcachedchunks.nameOverride
[INFO] Auditing path $.memcachedchunks.resources
[INFO] Auditing path $.memcachedchunks.resourcesPreset
[INFO] Auditing path $.memcachedchunks.service
[INFO] Auditing path $.memcachedchunks.service.ports
[INFO] Auditing path $.memcachedchunks.service.ports.memcached
[INFO] Auditing path $.memcachedchunks
[INFO] Auditing path $.memcachedfrontend.architecture
[INFO] Auditing path $.memcachedfrontend.containerPorts.memcached
[INFO] Auditing path $.memcachedfrontend.enabled
[INFO] Auditing path $.memcachedfrontend.image
[INFO] Auditing path $.memcachedfrontend.image.digest
[INFO] Auditing path $.memcachedfrontend.image.registry
[INFO] Auditing path $.memcachedfrontend.image.repository
[INFO] Auditing path $.memcachedfrontend.image.tag
[INFO] Auditing path $.memcachedfrontend.nameOverride
[INFO] Auditing path $.memcachedfrontend.resources
[INFO] Auditing path $.memcachedfrontend.resourcesPreset
[INFO] Auditing path $.memcachedfrontend.service
[INFO] Auditing path $.memcachedfrontend.service.ports
[INFO] Auditing path $.memcachedfrontend.service.ports.memcached
[INFO] Auditing path $.memcachedfrontend
[INFO] Auditing path $.memcachedindex.architecture
[INFO] Auditing path $.memcachedindex.containerPorts.memcached
[INFO] Auditing path $.memcachedindex.enabled
[INFO] Auditing path $.memcachedindex.image
[INFO] Auditing path $.memcachedindex.image.digest
[INFO] Auditing path $.memcachedindex.image.registry
[INFO] Auditing path $.memcachedindex.image.repository
[INFO] Auditing path $.memcachedindex.image.tag
[INFO] Auditing path $.memcachedindex.nameOverride
[INFO] Auditing path $.memcachedindex.resources
[INFO] Auditing path $.memcachedindex.resourcesPreset
[INFO] Auditing path $.memcachedindex.service
[INFO] Auditing path $.memcachedindex.service.ports
[INFO] Auditing path $.memcachedindex.service.ports.memcached
[INFO] Auditing path $.memcachedindex
[INFO] Auditing path $.memcachedmetadata.architecture
[INFO] Auditing path $.memcachedmetadata.containerPorts.memcached
[INFO] Auditing path $.memcachedmetadata.enabled
[INFO] Auditing path $.memcachedmetadata.image
[INFO] Auditing path $.memcachedmetadata.image.digest
[INFO] Auditing path $.memcachedmetadata.image.registry
[INFO] Auditing path $.memcachedmetadata.image.repository
[INFO] Auditing path $.memcachedmetadata.image.tag
[INFO] Auditing path $.memcachedmetadata.nameOverride
[INFO] Auditing path $.memcachedmetadata.resources
[INFO] Auditing path $.memcachedmetadata.resourcesPreset
[INFO] Auditing path $.memcachedmetadata.service
[INFO] Auditing path $.memcachedmetadata.service.ports
[INFO] Auditing path $.memcachedmetadata.service.ports.memcached
[INFO] Auditing path $.memcachedmetadata
[INFO] Auditing path $.metrics.enabled
[INFO] Auditing path $.metrics.serviceMonitor
[INFO] Auditing path $.metrics.serviceMonitor.annotations
[INFO] Auditing path $.metrics.serviceMonitor.enabled
[INFO] Auditing path $.metrics.serviceMonitor.honorLabels
[INFO] Auditing path $.metrics.serviceMonitor.interval
[INFO] Auditing path $.metrics.serviceMonitor.jobLabel
[INFO] Auditing path $.metrics.serviceMonitor.labels
[INFO] Auditing path $.metrics.serviceMonitor.metricRelabelings
[INFO] Auditing path $.metrics.serviceMonitor.namespace
[INFO] Auditing path $.metrics.serviceMonitor.relabelings
[INFO] Auditing path $.metrics.serviceMonitor.scrapeTimeout
[INFO] Auditing path $.metrics.serviceMonitor.selector
[INFO] Auditing path $.metrics
[INFO] Auditing path $.mimir.blockStorage
[INFO] Auditing path $.mimir.blockStorage.backend
[INFO] Auditing path $.mimir.blockStorage.config
[INFO] Auditing path $.mimir.configuration
[INFO] Auditing path $.mimir.containerPorts
[INFO] Auditing path $.mimir.containerPorts.gossipRing
[INFO] Auditing path $.mimir.containerPorts.grpc
[INFO] Auditing path $.mimir.containerPorts.http
[INFO] Auditing path $.mimir.dataDir
[INFO] Auditing path $.mimir.existingConfigmap
[INFO] Auditing path $.mimir.gossipRing
[INFO] Auditing path $.mimir.gossipRing.service
[INFO] Auditing path $.mimir.gossipRing.service.annotations
[INFO] Auditing path $.mimir.gossipRing.service.ports
[INFO] Auditing path $.mimir.gossipRing.service.ports.http
[INFO] Auditing path $.mimir.httpPrefix
[INFO] Auditing path $.mimir.httpPrefix.alertmanager
[INFO] Auditing path $.mimir.httpPrefix.prometheus
[INFO] Auditing path $.mimir.image
[INFO] Auditing path $.mimir.image.digest
[INFO] Auditing path $.mimir.image.pullPolicy
[INFO] Auditing path $.mimir.image.pullSecrets
[INFO] Auditing path $.mimir.image.registry
[INFO] Auditing path $.mimir.image.repository
[INFO] Auditing path $.mimir.image.tag
[INFO] Auditing path $.mimir.overrideConfiguration
[INFO] Auditing path $.mimir
[INFO] Auditing path $.minio.auth
[INFO] Auditing path $.minio.auth.existingSecret
[INFO] Auditing path $.minio.auth.rootPassword
[INFO] Auditing path $.minio.auth.rootUser
[INFO] Auditing path $.minio.console
[INFO] Auditing path $.minio.console.enabled
[INFO] Auditing path $.minio.containerPorts.api
[INFO] Auditing path $.minio.defaultBuckets
[INFO] Auditing path $.minio.enabled
[INFO] Auditing path $.minio.provisioning
[INFO] Auditing path $.minio.provisioning.enabled
[INFO] Auditing path $.minio.provisioning.extraCommands
[INFO] Auditing path $.minio.resources
[INFO] Auditing path $.minio.resourcesPreset
[INFO] Auditing path $.minio.service
[INFO] Auditing path $.minio.service.loadBalancerIP
[INFO] Auditing path $.minio.service.ports
[INFO] Auditing path $.minio.service.ports.api
[INFO] Auditing path $.minio.service.type
[INFO] Auditing path $.minio.tls
[INFO] Auditing path $.minio.tls.enabled
[INFO] Auditing path $.minio
[INFO] Auditing path $.nameOverride
[INFO] Auditing path $.namespaceOverride
[INFO] Auditing path $.overridesExporter.affinity
[INFO] Auditing path $.overridesExporter.args
[INFO] Auditing path $.overridesExporter.automountServiceAccountToken
[INFO] Auditing path $.overridesExporter.command
[INFO] Auditing path $.overridesExporter.containerSecurityContext
[INFO] Auditing path $.overridesExporter.containerSecurityContext.allowPrivilegeEscalation
[INFO] Auditing path $.overridesExporter.containerSecurityContext.capabilities
[INFO] Auditing path $.overridesExporter.containerSecurityContext.capabilities.drop
[INFO] Auditing path $.overridesExporter.containerSecurityContext.enabled
[INFO] Auditing path $.overridesExporter.containerSecurityContext.privileged
[INFO] Auditing path $.overridesExporter.containerSecurityContext.readOnlyRootFilesystem
[INFO] Auditing path $.overridesExporter.containerSecurityContext.runAsGroup
[INFO] Auditing path $.overridesExporter.containerSecurityContext.runAsNonRoot
[INFO] Auditing path $.overridesExporter.containerSecurityContext.runAsUser
[INFO] Auditing path $.overridesExporter.containerSecurityContext.seLinuxOptions
[INFO] Auditing path $.overridesExporter.containerSecurityContext.seccompProfile
[INFO] Auditing path $.overridesExporter.containerSecurityContext.seccompProfile.type
[INFO] Auditing path $.overridesExporter.customLivenessProbe
[INFO] Auditing path $.overridesExporter.customReadinessProbe
[INFO] Auditing path $.overridesExporter.customStartupProbe
[INFO] Auditing path $.overridesExporter.enabled
[INFO] Auditing path $.overridesExporter.extraArgs
[INFO] Auditing path $.overridesExporter.extraEnvVars
[INFO] Auditing path $.overridesExporter.extraEnvVarsCM
[INFO] Auditing path $.overridesExporter.extraEnvVarsSecret
[INFO] Auditing path $.overridesExporter.extraVolumeMounts
[INFO] Auditing path $.overridesExporter.extraVolumes
[INFO] Auditing path $.overridesExporter.hostAliases
[INFO] Auditing path $.overridesExporter.initContainers
[INFO] Auditing path $.overridesExporter.lifecycleHooks
[INFO] Auditing path $.overridesExporter.livenessProbe
[INFO] Auditing path $.overridesExporter.livenessProbe.enabled
[INFO] Auditing path $.overridesExporter.livenessProbe.failureThreshold
[INFO] Auditing path $.overridesExporter.livenessProbe.initialDelaySeconds
[INFO] Auditing path $.overridesExporter.livenessProbe.periodSeconds
[INFO] Auditing path $.overridesExporter.livenessProbe.successThreshold
[INFO] Auditing path $.overridesExporter.livenessProbe.timeoutSeconds
[INFO] Auditing path $.overridesExporter.networkPolicy
[INFO] Auditing path $.overridesExporter.networkPolicy.allowExternal
[INFO] Auditing path $.overridesExporter.networkPolicy.allowExternalEgress
[INFO] Auditing path $.overridesExporter.networkPolicy.enabled
[INFO] Auditing path $.overridesExporter.networkPolicy.extraEgress
[INFO] Auditing path $.overridesExporter.networkPolicy.extraIngress
[INFO] Auditing path $.overridesExporter.networkPolicy.ingressNSMatchLabels
[INFO] Auditing path $.overridesExporter.networkPolicy.ingressNSMatchLabels[*]
[INFO] Auditing path $.overridesExporter.networkPolicy.ingressNSPodMatchLabels
[INFO] Auditing path $.overridesExporter.networkPolicy.ingressNSPodMatchLabels[*]
[INFO] Auditing path $.overridesExporter.nodeAffinityPreset
[INFO] Auditing path $.overridesExporter.nodeAffinityPreset.key
[INFO] Auditing path $.overridesExporter.nodeAffinityPreset.type
[INFO] Auditing path $.overridesExporter.nodeAffinityPreset.values
[INFO] Auditing path $.overridesExporter.nodeSelector
[INFO] Auditing path $.overridesExporter.pdb
[INFO] Auditing path $.overridesExporter.pdb.create
[INFO] Auditing path $.overridesExporter.pdb.maxUnavailable
[INFO] Auditing path $.overridesExporter.pdb.minAvailable
[INFO] Auditing path $.overridesExporter.podAffinityPreset
[INFO] Auditing path $.overridesExporter.podAnnotations
[INFO] Auditing path $.overridesExporter.podAntiAffinityPreset
[INFO] Auditing path $.overridesExporter.podLabels
[INFO] Auditing path $.overridesExporter.podSecurityContext
[INFO] Auditing path $.overridesExporter.podSecurityContext.enabled
[INFO] Auditing path $.overridesExporter.podSecurityContext.fsGroup
[INFO] Auditing path $.overridesExporter.podSecurityContext.fsGroupChangePolicy
[INFO] Auditing path $.overridesExporter.podSecurityContext.supplementalGroups
[INFO] Auditing path $.overridesExporter.podSecurityContext.sysctls
[INFO] Auditing path $.overridesExporter.priorityClassName
[INFO] Auditing path $.overridesExporter.readinessProbe
[INFO] Auditing path $.overridesExporter.readinessProbe.enabled
[INFO] Auditing path $.overridesExporter.readinessProbe.failureThreshold
[INFO] Auditing path $.overridesExporter.readinessProbe.initialDelaySeconds
[INFO] Auditing path $.overridesExporter.readinessProbe.periodSeconds
[INFO] Auditing path $.overridesExporter.readinessProbe.successThreshold
[INFO] Auditing path $.overridesExporter.readinessProbe.timeoutSeconds
[INFO] Auditing path $.overridesExporter.replicaCount
[INFO] Auditing path $.overridesExporter.resources
[INFO] Auditing path $.overridesExporter.resourcesPreset
[INFO] Auditing path $.overridesExporter.schedulerName
[INFO] Auditing path $.overridesExporter.service
[INFO] Auditing path $.overridesExporter.service.annotations
[INFO] Auditing path $.overridesExporter.service.clusterIP
[INFO] Auditing path $.overridesExporter.service.externalTrafficPolicy
[INFO] Auditing path $.overridesExporter.service.extraPorts
[INFO] Auditing path $.overridesExporter.service.headless
[INFO] Auditing path $.overridesExporter.service.headless.annotations
[INFO] Auditing path $.overridesExporter.service.loadBalancerIP
[INFO] Auditing path $.overridesExporter.service.loadBalancerSourceRanges
[INFO] Auditing path $.overridesExporter.service.nodePorts
[INFO] Auditing path $.overridesExporter.service.nodePorts.grpc
[INFO] Auditing path $.overridesExporter.service.nodePorts.http
[INFO] Auditing path $.overridesExporter.service.ports
[INFO] Auditing path $.overridesExporter.service.ports.grpc
[INFO] Auditing path $.overridesExporter.service.ports.http
[INFO] Auditing path $.overridesExporter.service.sessionAffinity
[INFO] Auditing path $.overridesExporter.service.sessionAffinityConfig
[INFO] Auditing path $.overridesExporter.service.type
[INFO] Auditing path $.overridesExporter.sidecars
[INFO] Auditing path $.overridesExporter.startupProbe
[INFO] Auditing path $.overridesExporter.startupProbe.enabled
[INFO] Auditing path $.overridesExporter.startupProbe.failureThreshold
[INFO] Auditing path $.overridesExporter.startupProbe.initialDelaySeconds
[INFO] Auditing path $.overridesExporter.startupProbe.periodSeconds
[INFO] Auditing path $.overridesExporter.startupProbe.successThreshold
[INFO] Auditing path $.overridesExporter.startupProbe.timeoutSeconds
[INFO] Auditing path $.overridesExporter.terminationGracePeriodSeconds
[INFO] Auditing path $.overridesExporter.tolerations
[INFO] Auditing path $.overridesExporter.topologySpreadConstraints
[INFO] Auditing path $.overridesExporter.updateStrategy
[INFO] Auditing path $.overridesExporter.updateStrategy.rollingUpdate
[INFO] Auditing path $.overridesExporter.updateStrategy.type
[INFO] Auditing path $.overridesExporter
[INFO] Auditing path $.querier.affinity
[INFO] Auditing path $.querier.args
[INFO] Auditing path $.querier.automountServiceAccountToken
[INFO] Auditing path $.querier.command
[INFO] Auditing path $.querier.containerSecurityContext
[INFO] Auditing path $.querier.containerSecurityContext.allowPrivilegeEscalation
[INFO] Auditing path $.querier.containerSecurityContext.capabilities
[INFO] Auditing path $.querier.containerSecurityContext.capabilities.drop
[INFO] Auditing path $.querier.containerSecurityContext.enabled
[INFO] Auditing path $.querier.containerSecurityContext.privileged
[INFO] Auditing path $.querier.containerSecurityContext.readOnlyRootFilesystem
[INFO] Auditing path $.querier.containerSecurityContext.runAsGroup
[INFO] Auditing path $.querier.containerSecurityContext.runAsNonRoot
[INFO] Auditing path $.querier.containerSecurityContext.runAsUser
[INFO] Auditing path $.querier.containerSecurityContext.seLinuxOptions
[INFO] Auditing path $.querier.containerSecurityContext.seccompProfile
[INFO] Auditing path $.querier.containerSecurityContext.seccompProfile.type
[INFO] Auditing path $.querier.customLivenessProbe
[INFO] Auditing path $.querier.customReadinessProbe
[INFO] Auditing path $.querier.customStartupProbe
[INFO] Auditing path $.querier.extraArgs
[INFO] Auditing path $.querier.extraEnvVars
[INFO] Auditing path $.querier.extraEnvVarsCM
[INFO] Auditing path $.querier.extraEnvVarsSecret
[INFO] Auditing path $.querier.extraVolumeMounts
[INFO] Auditing path $.querier.extraVolumes
[INFO] Auditing path $.querier.hostAliases
[INFO] Auditing path $.querier.initContainers
[INFO] Auditing path $.querier.lifecycleHooks
[INFO] Auditing path $.querier.livenessProbe
[INFO] Auditing path $.querier.livenessProbe.enabled
[INFO] Auditing path $.querier.livenessProbe.failureThreshold
[INFO] Auditing path $.querier.livenessProbe.initialDelaySeconds
[INFO] Auditing path $.querier.livenessProbe.periodSeconds
[INFO] Auditing path $.querier.livenessProbe.successThreshold
[INFO] Auditing path $.querier.livenessProbe.timeoutSeconds
[INFO] Auditing path $.querier.networkPolicy
[INFO] Auditing path $.querier.networkPolicy.allowExternal
[INFO] Auditing path $.querier.networkPolicy.allowExternalEgress
[INFO] Auditing path $.querier.networkPolicy.enabled
[INFO] Auditing path $.querier.networkPolicy.extraEgress
[INFO] Auditing path $.querier.networkPolicy.extraIngress
[INFO] Auditing path $.querier.networkPolicy.ingressNSMatchLabels
[INFO] Auditing path $.querier.networkPolicy.ingressNSMatchLabels[*]
[INFO] Auditing path $.querier.networkPolicy.ingressNSPodMatchLabels
[INFO] Auditing path $.querier.networkPolicy.ingressNSPodMatchLabels[*]
[INFO] Auditing path $.querier.nodeAffinityPreset
[INFO] Auditing path $.querier.nodeAffinityPreset.key
[INFO] Auditing path $.querier.nodeAffinityPreset.type
[INFO] Auditing path $.querier.nodeAffinityPreset.values
[INFO] Auditing path $.querier.nodeSelector
[INFO] Auditing path $.querier.pdb
[INFO] Auditing path $.querier.pdb.create
[INFO] Auditing path $.querier.pdb.maxUnavailable
[INFO] Auditing path $.querier.pdb.minAvailable
[INFO] Auditing path $.querier.podAffinityPreset
[INFO] Auditing path $.querier.podAnnotations
[INFO] Auditing path $.querier.podAntiAffinityPreset
[INFO] Auditing path $.querier.podLabels
[INFO] Auditing path $.querier.podSecurityContext
[INFO] Auditing path $.querier.podSecurityContext.enabled
[INFO] Auditing path $.querier.podSecurityContext.fsGroup
[INFO] Auditing path $.querier.podSecurityContext.fsGroupChangePolicy
[INFO] Auditing path $.querier.podSecurityContext.supplementalGroups
[INFO] Auditing path $.querier.podSecurityContext.sysctls
[INFO] Auditing path $.querier.priorityClassName
[INFO] Auditing path $.querier.readinessProbe
[INFO] Auditing path $.querier.readinessProbe.enabled
[INFO] Auditing path $.querier.readinessProbe.failureThreshold
[INFO] Auditing path $.querier.readinessProbe.initialDelaySeconds
[INFO] Auditing path $.querier.readinessProbe.periodSeconds
[INFO] Auditing path $.querier.readinessProbe.successThreshold
[INFO] Auditing path $.querier.readinessProbe.timeoutSeconds
[INFO] Auditing path $.querier.replicaCount
[INFO] Auditing path $.querier.resources
[INFO] Auditing path $.querier.resourcesPreset
[INFO] Auditing path $.querier.schedulerName
[INFO] Auditing path $.querier.service
[INFO] Auditing path $.querier.service.annotations
[INFO] Auditing path $.querier.service.clusterIP
[INFO] Auditing path $.querier.service.externalTrafficPolicy
[INFO] Auditing path $.querier.service.extraPorts
[INFO] Auditing path $.querier.service.headless
[INFO] Auditing path $.querier.service.headless.annotations
[INFO] Auditing path $.querier.service.loadBalancerIP
[INFO] Auditing path $.querier.service.loadBalancerSourceRanges
[INFO] Auditing path $.querier.service.nodePorts
[INFO] Auditing path $.querier.service.nodePorts.grpc
[INFO] Auditing path $.querier.service.nodePorts.http
[INFO] Auditing path $.querier.service.ports
[INFO] Auditing path $.querier.service.ports.grpc
[INFO] Auditing path $.querier.service.ports.http
[INFO] Auditing path $.querier.service.sessionAffinity
[INFO] Auditing path $.querier.service.sessionAffinityConfig
[INFO] Auditing path $.querier.service.type
[INFO] Auditing path $.querier.sidecars
[INFO] Auditing path $.querier.startupProbe
[INFO] Auditing path $.querier.startupProbe.enabled
[INFO] Auditing path $.querier.startupProbe.failureThreshold
[INFO] Auditing path $.querier.startupProbe.initialDelaySeconds
[INFO] Auditing path $.querier.startupProbe.periodSeconds
[INFO] Auditing path $.querier.startupProbe.successThreshold
[INFO] Auditing path $.querier.startupProbe.timeoutSeconds
[INFO] Auditing path $.querier.terminationGracePeriodSeconds
[INFO] Auditing path $.querier.tolerations
[INFO] Auditing path $.querier.topologySpreadConstraints
[INFO] Auditing path $.querier.updateStrategy
[INFO] Auditing path $.querier.updateStrategy.rollingUpdate
[INFO] Auditing path $.querier.updateStrategy.type
[INFO] Auditing path $.querier
[INFO] Auditing path $.queryFrontend.affinity
[INFO] Auditing path $.queryFrontend.args
[INFO] Auditing path $.queryFrontend.automountServiceAccountToken
[INFO] Auditing path $.queryFrontend.command
[INFO] Auditing path $.queryFrontend.containerSecurityContext
[INFO] Auditing path $.queryFrontend.containerSecurityContext.allowPrivilegeEscalation
[INFO] Auditing path $.queryFrontend.containerSecurityContext.capabilities
[INFO] Auditing path $.queryFrontend.containerSecurityContext.capabilities.drop
[INFO] Auditing path $.queryFrontend.containerSecurityContext.enabled
[INFO] Auditing path $.queryFrontend.containerSecurityContext.privileged
[INFO] Auditing path $.queryFrontend.containerSecurityContext.readOnlyRootFilesystem
[INFO] Auditing path $.queryFrontend.containerSecurityContext.runAsGroup
[INFO] Auditing path $.queryFrontend.containerSecurityContext.runAsNonRoot
[INFO] Auditing path $.queryFrontend.containerSecurityContext.runAsUser
[INFO] Auditing path $.queryFrontend.containerSecurityContext.seLinuxOptions
[INFO] Auditing path $.queryFrontend.containerSecurityContext.seccompProfile
[INFO] Auditing path $.queryFrontend.containerSecurityContext.seccompProfile.type
[INFO] Auditing path $.queryFrontend.customLivenessProbe
[INFO] Auditing path $.queryFrontend.customReadinessProbe
[INFO] Auditing path $.queryFrontend.customStartupProbe
[INFO] Auditing path $.queryFrontend.extraArgs
[INFO] Auditing path $.queryFrontend.extraEnvVars
[INFO] Auditing path $.queryFrontend.extraEnvVarsCM
[INFO] Auditing path $.queryFrontend.extraEnvVarsSecret
[INFO] Auditing path $.queryFrontend.extraVolumeMounts
[INFO] Auditing path $.queryFrontend.extraVolumes
[INFO] Auditing path $.queryFrontend.hostAliases
[INFO] Auditing path $.queryFrontend.initContainers
[INFO] Auditing path $.queryFrontend.lifecycleHooks
[INFO] Auditing path $.queryFrontend.livenessProbe
[INFO] Auditing path $.queryFrontend.livenessProbe.enabled
[INFO] Auditing path $.queryFrontend.livenessProbe.failureThreshold
[INFO] Auditing path $.queryFrontend.livenessProbe.initialDelaySeconds
[INFO] Auditing path $.queryFrontend.livenessProbe.periodSeconds
[INFO] Auditing path $.queryFrontend.livenessProbe.successThreshold
[INFO] Auditing path $.queryFrontend.livenessProbe.timeoutSeconds
[INFO] Auditing path $.queryFrontend.networkPolicy
[INFO] Auditing path $.queryFrontend.networkPolicy.allowExternal
[INFO] Auditing path $.queryFrontend.networkPolicy.allowExternalEgress
[INFO] Auditing path $.queryFrontend.networkPolicy.enabled
[INFO] Auditing path $.queryFrontend.networkPolicy.extraEgress
[INFO] Auditing path $.queryFrontend.networkPolicy.extraIngress
[INFO] Auditing path $.queryFrontend.networkPolicy.ingressNSMatchLabels
[INFO] Auditing path $.queryFrontend.networkPolicy.ingressNSMatchLabels[*]
[INFO] Auditing path $.queryFrontend.networkPolicy.ingressNSPodMatchLabels
[INFO] Auditing path $.queryFrontend.networkPolicy.ingressNSPodMatchLabels[*]
[INFO] Auditing path $.queryFrontend.nodeAffinityPreset
[INFO] Auditing path $.queryFrontend.nodeAffinityPreset.key
[INFO] Auditing path $.queryFrontend.nodeAffinityPreset.type
[INFO] Auditing path $.queryFrontend.nodeAffinityPreset.values
[INFO] Auditing path $.queryFrontend.nodeSelector
[INFO] Auditing path $.queryFrontend.pdb
[INFO] Auditing path $.queryFrontend.pdb.create
[INFO] Auditing path $.queryFrontend.pdb.maxUnavailable
[INFO] Auditing path $.queryFrontend.pdb.minAvailable
[INFO] Auditing path $.queryFrontend.podAffinityPreset
[INFO] Auditing path $.queryFrontend.podAnnotations
[INFO] Auditing path $.queryFrontend.podAntiAffinityPreset
[INFO] Auditing path $.queryFrontend.podLabels
[INFO] Auditing path $.queryFrontend.podSecurityContext
[INFO] Auditing path $.queryFrontend.podSecurityContext.enabled
[INFO] Auditing path $.queryFrontend.podSecurityContext.fsGroup
[INFO] Auditing path $.queryFrontend.podSecurityContext.fsGroupChangePolicy
[INFO] Auditing path $.queryFrontend.podSecurityContext.supplementalGroups
[INFO] Auditing path $.queryFrontend.podSecurityContext.sysctls
[INFO] Auditing path $.queryFrontend.priorityClassName
[INFO] Auditing path $.queryFrontend.readinessProbe
[INFO] Auditing path $.queryFrontend.readinessProbe.enabled
[INFO] Auditing path $.queryFrontend.readinessProbe.failureThreshold
[INFO] Auditing path $.queryFrontend.readinessProbe.initialDelaySeconds
[INFO] Auditing path $.queryFrontend.readinessProbe.periodSeconds
[INFO] Auditing path $.queryFrontend.readinessProbe.successThreshold
[INFO] Auditing path $.queryFrontend.readinessProbe.timeoutSeconds
[INFO] Auditing path $.queryFrontend.replicaCount
[INFO] Auditing path $.queryFrontend.resources
[INFO] Auditing path $.queryFrontend.resourcesPreset
[INFO] Auditing path $.queryFrontend.schedulerName
[INFO] Auditing path $.queryFrontend.service
[INFO] Auditing path $.queryFrontend.service.annotations
[INFO] Auditing path $.queryFrontend.service.clusterIP
[INFO] Auditing path $.queryFrontend.service.externalTrafficPolicy
[INFO] Auditing path $.queryFrontend.service.extraPorts
[INFO] Auditing path $.queryFrontend.service.headless
[INFO] Auditing path $.queryFrontend.service.headless.annotations
[INFO] Auditing path $.queryFrontend.service.loadBalancerIP
[INFO] Auditing path $.queryFrontend.service.loadBalancerSourceRanges
[INFO] Auditing path $.queryFrontend.service.nodePorts
[INFO] Auditing path $.queryFrontend.service.nodePorts.grpc
[INFO] Auditing path $.queryFrontend.service.nodePorts.http
[INFO] Auditing path $.queryFrontend.service.ports
[INFO] Auditing path $.queryFrontend.service.ports.grpc
[INFO] Auditing path $.queryFrontend.service.ports.http
[INFO] Auditing path $.queryFrontend.service.sessionAffinity
[INFO] Auditing path $.queryFrontend.service.sessionAffinityConfig
[INFO] Auditing path $.queryFrontend.service.type
[INFO] Auditing path $.queryFrontend.sidecars
[INFO] Auditing path $.queryFrontend.startupProbe
[INFO] Auditing path $.queryFrontend.startupProbe.enabled
[INFO] Auditing path $.queryFrontend.startupProbe.failureThreshold
[INFO] Auditing path $.queryFrontend.startupProbe.initialDelaySeconds
[INFO] Auditing path $.queryFrontend.startupProbe.periodSeconds
[INFO] Auditing path $.queryFrontend.startupProbe.successThreshold
[INFO] Auditing path $.queryFrontend.startupProbe.timeoutSeconds
[INFO] Auditing path $.queryFrontend.terminationGracePeriodSeconds
[INFO] Auditing path $.queryFrontend.tolerations
[INFO] Auditing path $.queryFrontend.topologySpreadConstraints
[INFO] Auditing path $.queryFrontend.updateStrategy
[INFO] Auditing path $.queryFrontend.updateStrategy.rollingUpdate
[INFO] Auditing path $.queryFrontend.updateStrategy.type
[INFO] Auditing path $.queryFrontend
[INFO] Auditing path $.queryScheduler.affinity
[INFO] Auditing path $.queryScheduler.args
[INFO] Auditing path $.queryScheduler.automountServiceAccountToken
[INFO] Auditing path $.queryScheduler.command
[INFO] Auditing path $.queryScheduler.containerSecurityContext
[INFO] Auditing path $.queryScheduler.containerSecurityContext.allowPrivilegeEscalation
[INFO] Auditing path $.queryScheduler.containerSecurityContext.capabilities
[INFO] Auditing path $.queryScheduler.containerSecurityContext.capabilities.drop
[INFO] Auditing path $.queryScheduler.containerSecurityContext.enabled
[INFO] Auditing path $.queryScheduler.containerSecurityContext.privileged
[INFO] Auditing path $.queryScheduler.containerSecurityContext.readOnlyRootFilesystem
[INFO] Auditing path $.queryScheduler.containerSecurityContext.runAsGroup
[INFO] Auditing path $.queryScheduler.containerSecurityContext.runAsNonRoot
[INFO] Auditing path $.queryScheduler.containerSecurityContext.runAsUser
[INFO] Auditing path $.queryScheduler.containerSecurityContext.seLinuxOptions
[INFO] Auditing path $.queryScheduler.containerSecurityContext.seccompProfile
[INFO] Auditing path $.queryScheduler.containerSecurityContext.seccompProfile.type
[INFO] Auditing path $.queryScheduler.customLivenessProbe
[INFO] Auditing path $.queryScheduler.customReadinessProbe
[INFO] Auditing path $.queryScheduler.customStartupProbe
[INFO] Auditing path $.queryScheduler.enabled
[INFO] Auditing path $.queryScheduler.extraArgs
[INFO] Auditing path $.queryScheduler.extraEnvVars
[INFO] Auditing path $.queryScheduler.extraEnvVarsCM
[INFO] Auditing path $.queryScheduler.extraEnvVarsSecret
[INFO] Auditing path $.queryScheduler.extraVolumeMounts
[INFO] Auditing path $.queryScheduler.extraVolumes
[INFO] Auditing path $.queryScheduler.hostAliases
[INFO] Auditing path $.queryScheduler.initContainers
[INFO] Auditing path $.queryScheduler.lifecycleHooks
[INFO] Auditing path $.queryScheduler.livenessProbe
[INFO] Auditing path $.queryScheduler.livenessProbe.enabled
[INFO] Auditing path $.queryScheduler.livenessProbe.failureThreshold
[INFO] Auditing path $.queryScheduler.livenessProbe.initialDelaySeconds
[INFO] Auditing path $.queryScheduler.livenessProbe.periodSeconds
[INFO] Auditing path $.queryScheduler.livenessProbe.successThreshold
[INFO] Auditing path $.queryScheduler.livenessProbe.timeoutSeconds
[INFO] Auditing path $.queryScheduler.networkPolicy
[INFO] Auditing path $.queryScheduler.networkPolicy.allowExternal
[INFO] Auditing path $.queryScheduler.networkPolicy.allowExternalEgress
[INFO] Auditing path $.queryScheduler.networkPolicy.enabled
[INFO] Auditing path $.queryScheduler.networkPolicy.extraEgress
[INFO] Auditing path $.queryScheduler.networkPolicy.extraIngress
[INFO] Auditing path $.queryScheduler.networkPolicy.ingressNSMatchLabels
[INFO] Auditing path $.queryScheduler.networkPolicy.ingressNSMatchLabels[*]
[INFO] Auditing path $.queryScheduler.networkPolicy.ingressNSPodMatchLabels
[INFO] Auditing path $.queryScheduler.networkPolicy.ingressNSPodMatchLabels[*]
[INFO] Auditing path $.queryScheduler.nodeAffinityPreset
[INFO] Auditing path $.queryScheduler.nodeAffinityPreset.key
[INFO] Auditing path $.queryScheduler.nodeAffinityPreset.type
[INFO] Auditing path $.queryScheduler.nodeAffinityPreset.values
[INFO] Auditing path $.queryScheduler.nodeSelector
[INFO] Auditing path $.queryScheduler.pdb
[INFO] Auditing path $.queryScheduler.pdb.create
[INFO] Auditing path $.queryScheduler.pdb.maxUnavailable
[INFO] Auditing path $.queryScheduler.pdb.minAvailable
[INFO] Auditing path $.queryScheduler.podAffinityPreset
[INFO] Auditing path $.queryScheduler.podAnnotations
[INFO] Auditing path $.queryScheduler.podAntiAffinityPreset
[INFO] Auditing path $.queryScheduler.podLabels
[INFO] Auditing path $.queryScheduler.podSecurityContext
[INFO] Auditing path $.queryScheduler.podSecurityContext.enabled
[INFO] Auditing path $.queryScheduler.podSecurityContext.fsGroup
[INFO] Auditing path $.queryScheduler.podSecurityContext.fsGroupChangePolicy
[INFO] Auditing path $.queryScheduler.podSecurityContext.supplementalGroups
[INFO] Auditing path $.queryScheduler.podSecurityContext.sysctls
[INFO] Auditing path $.queryScheduler.priorityClassName
[INFO] Auditing path $.queryScheduler.readinessProbe
[INFO] Auditing path $.queryScheduler.readinessProbe.enabled
[INFO] Auditing path $.queryScheduler.readinessProbe.failureThreshold
[INFO] Auditing path $.queryScheduler.readinessProbe.initialDelaySeconds
[INFO] Auditing path $.queryScheduler.readinessProbe.periodSeconds
[INFO] Auditing path $.queryScheduler.readinessProbe.successThreshold
[INFO] Auditing path $.queryScheduler.readinessProbe.timeoutSeconds
[INFO] Auditing path $.queryScheduler.replicaCount
[INFO] Auditing path $.queryScheduler.resources
[INFO] Auditing path $.queryScheduler.resourcesPreset
[INFO] Auditing path $.queryScheduler.schedulerName
[INFO] Auditing path $.queryScheduler.service
[INFO] Auditing path $.queryScheduler.service.annotations
[INFO] Auditing path $.queryScheduler.service.clusterIP
[INFO] Auditing path $.queryScheduler.service.externalTrafficPolicy
[INFO] Auditing path $.queryScheduler.service.extraPorts
[INFO] Auditing path $.queryScheduler.service.headless
[INFO] Auditing path $.queryScheduler.service.headless.annotations
[INFO] Auditing path $.queryScheduler.service.loadBalancerIP
[INFO] Auditing path $.queryScheduler.service.loadBalancerSourceRanges
[INFO] Auditing path $.queryScheduler.service.nodePorts
[INFO] Auditing path $.queryScheduler.service.nodePorts.grpc
[INFO] Auditing path $.queryScheduler.service.nodePorts.http
[INFO] Auditing path $.queryScheduler.service.ports
[INFO] Auditing path $.queryScheduler.service.ports.grpc
[INFO] Auditing path $.queryScheduler.service.ports.http
[INFO] Auditing path $.queryScheduler.service.sessionAffinity
[INFO] Auditing path $.queryScheduler.service.sessionAffinityConfig
[INFO] Auditing path $.queryScheduler.service.type
[INFO] Auditing path $.queryScheduler.sidecars
[INFO] Auditing path $.queryScheduler.startupProbe
[INFO] Auditing path $.queryScheduler.startupProbe.enabled
[INFO] Auditing path $.queryScheduler.startupProbe.failureThreshold
[INFO] Auditing path $.queryScheduler.startupProbe.initialDelaySeconds
[INFO] Auditing path $.queryScheduler.startupProbe.periodSeconds
[INFO] Auditing path $.queryScheduler.startupProbe.successThreshold
[INFO] Auditing path $.queryScheduler.startupProbe.timeoutSeconds
[INFO] Auditing path $.queryScheduler.terminationGracePeriodSeconds
[INFO] Auditing path $.queryScheduler.tolerations
[INFO] Auditing path $.queryScheduler.topologySpreadConstraints
[INFO] Auditing path $.queryScheduler.updateStrategy
[INFO] Auditing path $.queryScheduler.updateStrategy.rollingUpdate
[INFO] Auditing path $.queryScheduler.updateStrategy.type
[INFO] Auditing path $.queryScheduler
[INFO] Auditing path $.rbac.create
[INFO] Auditing path $.rbac.rules
[INFO] Auditing path $.rbac
[INFO] Auditing path $.ruler.affinity
[INFO] Auditing path $.ruler.args
[INFO] Auditing path $.ruler.automountServiceAccountToken
[INFO] Auditing path $.ruler.blockStorage
[INFO] Auditing path $.ruler.blockStorage.backend
[INFO] Auditing path $.ruler.blockStorage.config
[INFO] Auditing path $.ruler.command
[INFO] Auditing path $.ruler.containerSecurityContext
[INFO] Auditing path $.ruler.containerSecurityContext.allowPrivilegeEscalation
[INFO] Auditing path $.ruler.containerSecurityContext.capabilities
[INFO] Auditing path $.ruler.containerSecurityContext.capabilities.drop
[INFO] Auditing path $.ruler.containerSecurityContext.enabled
[INFO] Auditing path $.ruler.containerSecurityContext.privileged
[INFO] Auditing path $.ruler.containerSecurityContext.readOnlyRootFilesystem
[INFO] Auditing path $.ruler.containerSecurityContext.runAsGroup
[INFO] Auditing path $.ruler.containerSecurityContext.runAsNonRoot
[INFO] Auditing path $.ruler.containerSecurityContext.runAsUser
[INFO] Auditing path $.ruler.containerSecurityContext.seLinuxOptions
[INFO] Auditing path $.ruler.containerSecurityContext.seccompProfile
[INFO] Auditing path $.ruler.containerSecurityContext.seccompProfile.type
[INFO] Auditing path $.ruler.customLivenessProbe
[INFO] Auditing path $.ruler.customReadinessProbe
[INFO] Auditing path $.ruler.customStartupProbe
[INFO] Auditing path $.ruler.enabled
[INFO] Auditing path $.ruler.extraArgs
[INFO] Auditing path $.ruler.extraEnvVars
[INFO] Auditing path $.ruler.extraEnvVarsCM
[INFO] Auditing path $.ruler.extraEnvVarsSecret
[INFO] Auditing path $.ruler.extraVolumeMounts
[INFO] Auditing path $.ruler.extraVolumes
[INFO] Auditing path $.ruler.hostAliases
[INFO] Auditing path $.ruler.initContainers
[INFO] Auditing path $.ruler.lifecycleHooks
[INFO] Auditing path $.ruler.livenessProbe
[INFO] Auditing path $.ruler.livenessProbe.enabled
[INFO] Auditing path $.ruler.livenessProbe.failureThreshold
[INFO] Auditing path $.ruler.livenessProbe.initialDelaySeconds
[INFO] Auditing path $.ruler.livenessProbe.periodSeconds
[INFO] Auditing path $.ruler.livenessProbe.successThreshold
[INFO] Auditing path $.ruler.livenessProbe.timeoutSeconds
[INFO] Auditing path $.ruler.networkPolicy
[INFO] Auditing path $.ruler.networkPolicy.allowExternal
[INFO] Auditing path $.ruler.networkPolicy.allowExternalEgress
[INFO] Auditing path $.ruler.networkPolicy.enabled
[INFO] Auditing path $.ruler.networkPolicy.extraEgress
[INFO] Auditing path $.ruler.networkPolicy.extraIngress
[INFO] Auditing path $.ruler.networkPolicy.ingressNSMatchLabels
[INFO] Auditing path $.ruler.networkPolicy.ingressNSMatchLabels[*]
[INFO] Auditing path $.ruler.networkPolicy.ingressNSPodMatchLabels
[INFO] Auditing path $.ruler.networkPolicy.ingressNSPodMatchLabels[*]
[INFO] Auditing path $.ruler.nodeAffinityPreset
[INFO] Auditing path $.ruler.nodeAffinityPreset.key
[INFO] Auditing path $.ruler.nodeAffinityPreset.type
[INFO] Auditing path $.ruler.nodeAffinityPreset.values
[INFO] Auditing path $.ruler.nodeSelector
[INFO] Auditing path $.ruler.pdb
[INFO] Auditing path $.ruler.pdb.create
[INFO] Auditing path $.ruler.pdb.maxUnavailable
[INFO] Auditing path $.ruler.pdb.minAvailable
[INFO] Auditing path $.ruler.persistence
[INFO] Auditing path $.ruler.persistence.accessModes
[INFO] Auditing path $.ruler.persistence.annotations
[INFO] Auditing path $.ruler.persistence.enabled
[INFO] Auditing path $.ruler.persistence.selector
[INFO] Auditing path $.ruler.persistence.size
[INFO] Auditing path $.ruler.persistence.storageClass
[INFO] Auditing path $.ruler.podAffinityPreset
[INFO] Auditing path $.ruler.podAnnotations
[INFO] Auditing path $.ruler.podAntiAffinityPreset
[INFO] Auditing path $.ruler.podLabels
[INFO] Auditing path $.ruler.podManagementPolicy
[INFO] Auditing path $.ruler.podSecurityContext
[INFO] Auditing path $.ruler.podSecurityContext.enabled
[INFO] Auditing path $.ruler.podSecurityContext.fsGroup
[INFO] Auditing path $.ruler.podSecurityContext.fsGroupChangePolicy
[INFO] Auditing path $.ruler.podSecurityContext.supplementalGroups
[INFO] Auditing path $.ruler.podSecurityContext.sysctls
[INFO] Auditing path $.ruler.priorityClassName
[INFO] Auditing path $.ruler.readinessProbe
[INFO] Auditing path $.ruler.readinessProbe.enabled
[INFO] Auditing path $.ruler.readinessProbe.failureThreshold
[INFO] Auditing path $.ruler.readinessProbe.initialDelaySeconds
[INFO] Auditing path $.ruler.readinessProbe.periodSeconds
[INFO] Auditing path $.ruler.readinessProbe.successThreshold
[INFO] Auditing path $.ruler.readinessProbe.timeoutSeconds
[INFO] Auditing path $.ruler.replicaCount
[INFO] Auditing path $.ruler.resources
[INFO] Auditing path $.ruler.resourcesPreset
[INFO] Auditing path $.ruler.schedulerName
[INFO] Auditing path $.ruler.service
[INFO] Auditing path $.ruler.service.annotations
[INFO] Auditing path $.ruler.service.clusterIP
[INFO] Auditing path $.ruler.service.externalTrafficPolicy
[INFO] Auditing path $.ruler.service.extraPorts
[INFO] Auditing path $.ruler.service.loadBalancerIP
[INFO] Auditing path $.ruler.service.loadBalancerSourceRanges
[INFO] Auditing path $.ruler.service.nodePorts
[INFO] Auditing path $.ruler.service.nodePorts.grpc
[INFO] Auditing path $.ruler.service.nodePorts.http
[INFO] Auditing path $.ruler.service.ports
[INFO] Auditing path $.ruler.service.ports.grpc
[INFO] Auditing path $.ruler.service.ports.http
[INFO] Auditing path $.ruler.service.sessionAffinity
[INFO] Auditing path $.ruler.service.sessionAffinityConfig
[INFO] Auditing path $.ruler.service.type
[INFO] Auditing path $.ruler.sidecars
[INFO] Auditing path $.ruler.startupProbe
[INFO] Auditing path $.ruler.startupProbe.enabled
[INFO] Auditing path $.ruler.startupProbe.failureThreshold
[INFO] Auditing path $.ruler.startupProbe.initialDelaySeconds
[INFO] Auditing path $.ruler.startupProbe.periodSeconds
[INFO] Auditing path $.ruler.startupProbe.successThreshold
[INFO] Auditing path $.ruler.startupProbe.timeoutSeconds
[INFO] Auditing path $.ruler.terminationGracePeriodSeconds
[INFO] Auditing path $.ruler.tolerations
[INFO] Auditing path $.ruler.topologySpreadConstraints
[INFO] Auditing path $.ruler.updateStrategy
[INFO] Auditing path $.ruler.updateStrategy.rollingUpdate
[INFO] Auditing path $.ruler.updateStrategy.type
[INFO] Auditing path $.ruler
[INFO] Auditing path $.service.type
[INFO] Auditing path $.serviceAccount.annotations
[INFO] Auditing path $.serviceAccount.automountServiceAccountToken
[INFO] Auditing path $.serviceAccount.create
[INFO] Auditing path $.serviceAccount.name
[INFO] Auditing path $.serviceAccount
[INFO] Auditing path $.storeGateway.affinity
[INFO] Auditing path $.storeGateway.args
[INFO] Auditing path $.storeGateway.automountServiceAccountToken
[INFO] Auditing path $.storeGateway.command
[INFO] Auditing path $.storeGateway.containerSecurityContext
[INFO] Auditing path $.storeGateway.containerSecurityContext.allowPrivilegeEscalation
[INFO] Auditing path $.storeGateway.containerSecurityContext.capabilities
[INFO] Auditing path $.storeGateway.containerSecurityContext.capabilities.drop
[INFO] Auditing path $.storeGateway.containerSecurityContext.enabled
[INFO] Auditing path $.storeGateway.containerSecurityContext.privileged
[INFO] Auditing path $.storeGateway.containerSecurityContext.readOnlyRootFilesystem
[INFO] Auditing path $.storeGateway.containerSecurityContext.runAsGroup
[INFO] Auditing path $.storeGateway.containerSecurityContext.runAsNonRoot
[INFO] Auditing path $.storeGateway.containerSecurityContext.runAsUser
[INFO] Auditing path $.storeGateway.containerSecurityContext.seLinuxOptions
[INFO] Auditing path $.storeGateway.containerSecurityContext.seccompProfile
[INFO] Auditing path $.storeGateway.containerSecurityContext.seccompProfile.type
[INFO] Auditing path $.storeGateway.customLivenessProbe
[INFO] Auditing path $.storeGateway.customReadinessProbe
[INFO] Auditing path $.storeGateway.customStartupProbe
[INFO] Auditing path $.storeGateway.extraArgs
[INFO] Auditing path $.storeGateway.extraEnvVars
[INFO] Auditing path $.storeGateway.extraEnvVarsCM
[INFO] Auditing path $.storeGateway.extraEnvVarsSecret
[INFO] Auditing path $.storeGateway.extraVolumeMounts
[INFO] Auditing path $.storeGateway.extraVolumes
[INFO] Auditing path $.storeGateway.hostAliases
[INFO] Auditing path $.storeGateway.initContainers
[INFO] Auditing path $.storeGateway.lifecycleHooks
[INFO] Auditing path $.storeGateway.livenessProbe
[INFO] Auditing path $.storeGateway.livenessProbe.enabled
[INFO] Auditing path $.storeGateway.livenessProbe.failureThreshold
[INFO] Auditing path $.storeGateway.livenessProbe.initialDelaySeconds
[INFO] Auditing path $.storeGateway.livenessProbe.periodSeconds
[INFO] Auditing path $.storeGateway.livenessProbe.successThreshold
[INFO] Auditing path $.storeGateway.livenessProbe.timeoutSeconds
[INFO] Auditing path $.storeGateway.networkPolicy
[INFO] Auditing path $.storeGateway.networkPolicy.allowExternal
[INFO] Auditing path $.storeGateway.networkPolicy.allowExternalEgress
[INFO] Auditing path $.storeGateway.networkPolicy.enabled
[INFO] Auditing path $.storeGateway.networkPolicy.extraEgress
[INFO] Auditing path $.storeGateway.networkPolicy.extraIngress
[INFO] Auditing path $.storeGateway.networkPolicy.ingressNSMatchLabels
[INFO] Auditing path $.storeGateway.networkPolicy.ingressNSMatchLabels[*]
[INFO] Auditing path $.storeGateway.networkPolicy.ingressNSPodMatchLabels
[INFO] Auditing path $.storeGateway.networkPolicy.ingressNSPodMatchLabels[*]
[INFO] Auditing path $.storeGateway.nodeAffinityPreset
[INFO] Auditing path $.storeGateway.nodeAffinityPreset.key
[INFO] Auditing path $.storeGateway.nodeAffinityPreset.type
[INFO] Auditing path $.storeGateway.nodeAffinityPreset.values
[INFO] Auditing path $.storeGateway.nodeSelector
[INFO] Auditing path $.storeGateway.pdb
[INFO] Auditing path $.storeGateway.pdb.create
[INFO] Auditing path $.storeGateway.pdb.maxUnavailable
[INFO] Auditing path $.storeGateway.pdb.minAvailable
[INFO] Auditing path $.storeGateway.persistence
[INFO] Auditing path $.storeGateway.persistence.accessModes
[INFO] Auditing path $.storeGateway.persistence.annotations
[INFO] Auditing path $.storeGateway.persistence.dataSource
[INFO] Auditing path $.storeGateway.persistence.enabled
[INFO] Auditing path $.storeGateway.persistence.existingClaim
[INFO] Auditing path $.storeGateway.persistence.selector
[INFO] Auditing path $.storeGateway.persistence.size
[INFO] Auditing path $.storeGateway.persistence.storageClass
[INFO] Auditing path $.storeGateway.podAffinityPreset
[INFO] Auditing path $.storeGateway.podAnnotations
[INFO] Auditing path $.storeGateway.podAntiAffinityPreset
[INFO] Auditing path $.storeGateway.podLabels
[INFO] Auditing path $.storeGateway.podManagementPolicy
[INFO] Auditing path $.storeGateway.podSecurityContext
[INFO] Auditing path $.storeGateway.podSecurityContext.enabled
[INFO] Auditing path $.storeGateway.podSecurityContext.fsGroup
[INFO] Auditing path $.storeGateway.podSecurityContext.fsGroupChangePolicy
[INFO] Auditing path $.storeGateway.podSecurityContext.supplementalGroups
[INFO] Auditing path $.storeGateway.podSecurityContext.sysctls
[INFO] Auditing path $.storeGateway.priorityClassName
[INFO] Auditing path $.storeGateway.readinessProbe
[INFO] Auditing path $.storeGateway.readinessProbe.enabled
[INFO] Auditing path $.storeGateway.readinessProbe.failureThreshold
[INFO] Auditing path $.storeGateway.readinessProbe.initialDelaySeconds
[INFO] Auditing path $.storeGateway.readinessProbe.periodSeconds
[INFO] Auditing path $.storeGateway.readinessProbe.successThreshold
[INFO] Auditing path $.storeGateway.readinessProbe.timeoutSeconds
[INFO] Auditing path $.storeGateway.replicaCount
[INFO] Auditing path $.storeGateway.resources
[INFO] Auditing path $.storeGateway.resourcesPreset
[INFO] Auditing path $.storeGateway.schedulerName
[INFO] Auditing path $.storeGateway.service
[INFO] Auditing path $.storeGateway.service.annotations
[INFO] Auditing path $.storeGateway.service.clusterIP
[INFO] Auditing path $.storeGateway.service.externalTrafficPolicy
[INFO] Auditing path $.storeGateway.service.extraPorts
[INFO] Auditing path $.storeGateway.service.headless
[INFO] Auditing path $.storeGateway.service.headless.annotations
[INFO] Auditing path $.storeGateway.service.loadBalancerIP
[INFO] Auditing path $.storeGateway.service.loadBalancerSourceRanges
[INFO] Auditing path $.storeGateway.service.nodePorts
[INFO] Auditing path $.storeGateway.service.nodePorts.grpc
[INFO] Auditing path $.storeGateway.service.nodePorts.http
[INFO] Auditing path $.storeGateway.service.ports
[INFO] Auditing path $.storeGateway.service.ports.grpc
[INFO] Auditing path $.storeGateway.service.ports.http
[INFO] Auditing path $.storeGateway.service.sessionAffinity
[INFO] Auditing path $.storeGateway.service.sessionAffinityConfig
[INFO] Auditing path $.storeGateway.service.type
[INFO] Auditing path $.storeGateway.sidecars
[INFO] Auditing path $.storeGateway.startupProbe
[INFO] Auditing path $.storeGateway.startupProbe.enabled
[INFO] Auditing path $.storeGateway.startupProbe.failureThreshold
[INFO] Auditing path $.storeGateway.startupProbe.initialDelaySeconds
[INFO] Auditing path $.storeGateway.startupProbe.periodSeconds
[INFO] Auditing path $.storeGateway.startupProbe.successThreshold
[INFO] Auditing path $.storeGateway.startupProbe.timeoutSeconds
[INFO] Auditing path $.storeGateway.terminationGracePeriodSeconds
[INFO] Auditing path $.storeGateway.tolerations
[INFO] Auditing path $.storeGateway.topologySpreadConstraints
[INFO] Auditing path $.storeGateway.updateStrategy
[INFO] Auditing path $.storeGateway.updateStrategy.rollingUpdate
[INFO] Auditing path $.storeGateway.updateStrategy.type
[INFO] Auditing path $.storeGateway
[INFO] Auditing path $.volumePermissions.containerSecurityContext
[INFO] Auditing path $.volumePermissions.containerSecurityContext.runAsUser
[INFO] Auditing path $.volumePermissions.containerSecurityContext.seLinuxOptions
[INFO] Auditing path $.volumePermissions.enabled
[INFO] Auditing path $.volumePermissions.image
[INFO] Auditing path $.volumePermissions.image.pullPolicy
[INFO] Auditing path $.volumePermissions.image.pullSecrets
[INFO] Auditing path $.volumePermissions.image.registry
[INFO] Auditing path $.volumePermissions.image.repository
[INFO] Auditing path $.volumePermissions.image.tag
[INFO] Auditing path $.volumePermissions.resources
[INFO] Auditing path $.volumePermissions.resourcesPreset
[INFO] Auditing path $.volumePermissions
